========================================
Job: cv_bdosc_k8_s0
Method: BDOSC  k: 8  sigma: 0.0  tune_pool_groups: 20
========================================
host=gl3221.arc-ts.umich.edu  python=/home/lpullela/miniconda3/envs/ssc_559/bin/python  start=Sun Sep  6 18:11:48 EDT 2026
Loading P1E_S1_C1
  Y: (576, 1236)  people=25  frames/person=[60, 61, 50, 48, 51, 35, 41, 56, 55, 49, 65, 50, 63, 38, 61, 48, 50, 49, 50, 30, 42, 60, 32, 39, 53]  min=30
Loading P1E_S1_C2
  Y: (576, 1031)  people=25  frames/person=[42, 48, 31, 35, 50, 45, 30, 32, 38, 40, 61, 41, 47, 33, 46, 36, 41, 45, 42, 36, 33, 50, 53, 33, 43]  min=30
Loading P1E_S1_C3
  Y: (576, 453)  people=25  frames/person=[15, 22, 16, 16, 17, 13, 14, 19, 14, 25, 26, 12, 21, 18, 22, 19, 13, 19, 16, 15, 8, 15, 30, 20, 28]  min=8
  warning: 24 people have fewer than 30 available frames (kept all)
Loading P1E_S2_C1
  Y: (576, 1256)  people=25  frames/person=[65, 50, 50, 51, 53, 48, 49, 60, 33, 48, 61, 58, 52, 32, 55, 35, 45, 53, 40, 53, 51, 65, 64, 42, 43]  min=32
Loading P1E_S2_C2
  Y: (576, 1042)  people=25  frames/person=[33, 48, 38, 41, 53, 36, 39, 47, 51, 36, 55, 44, 43, 25, 42, 41, 37, 45, 41, 38, 40, 54, 49, 33, 33]  min=25
  warning: 1 people have fewer than 30 available frames (kept all)
Loading P1E_S2_C3
  Y: (576, 816)  people=25  frames/person=[36, 33, 28, 32, 42, 37, 31, 36, 31, 23, 42, 36, 35, 20, 33, 33, 32, 32, 32, 29, 32, 42, 38, 27, 24]  min=20
  warning: 6 people have fewer than 30 available frames (kept all)
Loading P1E_S3_C1
  Y: (576, 1255)  people=25  frames/person=[43, 39, 47, 52, 58, 96, 42, 31, 79, 33, 67, 55, 44, 34, 40, 48, 54, 77, 45, 41, 46, 53, 56, 38, 37]  min=31
Loading P1E_S3_C2
  Y: (576, 1126)  people=25  frames/person=[57, 56, 35, 40, 49, 75, 34, 40, 70, 26, 65, 54, 43, 28, 32, 43, 48, 31, 36, 33, 42, 71, 57, 30, 31]  min=26
  warning: 2 people have fewer than 30 available frames (kept all)
Loading P1E_S3_C3
  Y: (576, 866)  people=25  frames/person=[43, 36, 24, 33, 37, 47, 29, 37, 55, 18, 40, 40, 31, 22, 30, 39, 35, 45, 30, 28, 30, 50, 42, 20, 25]  min=18
  warning: 7 people have fewer than 30 available frames (kept all)
Loading P1E_S4_C1
  Y: (576, 1247)  people=25  frames/person=[58, 54, 34, 56, 50, 59, 50, 56, 74, 38, 75, 35, 46, 31, 53, 40, 57, 32, 56, 33, 48, 67, 59, 48, 38]  min=31
Loading P1E_S4_C2
  Y: (576, 1051)  people=25  frames/person=[37, 37, 41, 46, 41, 49, 38, 45, 65, 30, 39, 48, 50, 34, 43, 36, 47, 52, 45, 37, 38, 50, 30, 37, 36]  min=30
Loading P1E_S4_C3
  Y: (576, 719)  people=25  frames/person=[28, 29, 22, 29, 24, 36, 31, 29, 33, 25, 37, 19, 28, 21, 25, 27, 25, 41, 27, 29, 26, 31, 45, 29, 23]  min=19
  warning: 18 people have fewer than 30 available frames (kept all)
Loading P1L_S1_C1
  Y: (576, 1391)  people=25  frames/person=[65, 68, 43, 64, 47, 40, 58, 33, 75, 41, 58, 72, 58, 49, 66, 67, 65, 43, 59, 57, 58, 51, 67, 32, 55]  min=32
Loading P1L_S1_C2
  Y: (576, 1309)  people=25  frames/person=[30, 65, 37, 63, 66, 54, 52, 52, 43, 49, 71, 49, 58, 48, 54, 66, 56, 36, 48, 49, 55, 66, 52, 39, 51]  min=30
Loading P1L_S1_C3
  Y: (576, 565)  people=25  frames/person=[27, 29, 20, 26, 19, 25, 22, 12, 28, 25, 20, 25, 23, 18, 21, 23, 25, 26, 23, 21, 18, 18, 30, 18, 23]  min=12
  warning: 24 people have fewer than 30 available frames (kept all)
Loading P1L_S2_C1
  Y: (576, 1470)  people=25  frames/person=[73, 68, 53, 64, 65, 41, 73, 55, 37, 31, 82, 75, 63, 45, 34, 48, 74, 84, 71, 64, 62, 65, 48, 33, 62]  min=31
Loading P1L_S2_C2
  Y: (576, 1393)  people=25  frames/person=[64, 65, 49, 62, 69, 69, 63, 61, 80, 34, 89, 57, 53, 52, 55, 38, 30, 30, 66, 36, 57, 51, 73, 41, 49]  min=30
Loading P1L_S2_C3
  Y: (576, 897)  people=25  frames/person=[40, 36, 29, 28, 35, 37, 36, 36, 50, 28, 55, 46, 34, 31, 35, 32, 30, 48, 37, 29, 36, 39, 45, 19, 26]  min=19
  warning: 6 people have fewer than 30 available frames (kept all)
Loading P1L_S3_C1
  Y: (576, 1329)  people=25  frames/person=[31, 33, 30, 51, 74, 75, 59, 65, 66, 43, 47, 39, 65, 50, 58, 71, 67, 36, 57, 35, 62, 31, 74, 59, 51]  min=30
Loading P1L_S3_C2
  Y: (576, 1472)  people=25  frames/person=[78, 38, 48, 51, 54, 71, 61, 71, 32, 50, 75, 38, 72, 63, 48, 67, 49, 87, 52, 56, 58, 85, 73, 56, 39]  min=32
Loading P1L_S3_C3
  Y: (576, 1105)  people=25  frames/person=[48, 44, 38, 38, 39, 45, 35, 55, 52, 26, 81, 39, 36, 36, 44, 54, 42, 61, 38, 31, 34, 53, 51, 44, 41]  min=26
  warning: 1 people have fewer than 30 available frames (kept all)
Loading P1L_S4_C1
  Y: (576, 1443)  people=25  frames/person=[50, 69, 44, 41, 78, 43, 32, 71, 45, 65, 59, 39, 56, 57, 68, 69, 70, 73, 51, 63, 47, 70, 57, 52, 74]  min=32
Loading P1L_S4_C2
  Y: (576, 1327)  people=25  frames/person=[71, 34, 39, 54, 63, 67, 52, 39, 52, 56, 59, 50, 51, 53, 63, 50, 71, 63, 48, 35, 31, 71, 43, 52, 60]  min=31
Loading P1L_S4_C3
  Y: (576, 880)  people=25  frames/person=[37, 41, 23, 26, 32, 34, 22, 32, 50, 29, 38, 44, 31, 34, 37, 39, 39, 39, 38, 26, 25, 50, 41, 33, 40]  min=22
  warning: 6 people have fewer than 30 available frames (kept all)
sequences=24  people=25  k=8
frames/person ~ Unif[30, 100]
down_hw=24  sigmas=(0.0,)  n_trials=20  known_k=True  csv=split_k8_clean_min30_trials20_knownk_scaled_cv_bdosc_k8_sigma0.csv
SSC-Block-TV block_size searched in [2, 12]
CV mode: 3 folds of size 8, each rotated as test
  1 people unused (remainder dropped)
  group 0: ['0004', '0006', '0009', '0013', '0014', '0022', '0026', '0027']
  group 1: ['0001', '0005', '0011', '0015', '0019', '0023', '0024', '0025']
  group 2: ['0003', '0007', '0010', '0012', '0016', '0017', '0020', '0021']
methods=['BDOSC']  append=False  hetero_noise=False  no_tune=False
  tune_pool_groups=20: sampling from 17 held-in people (overlap allowed) instead of the 2 fixed partition group(s)

============================================================
σ=0.0 fold=0  test=['0004', '0006', '0009', '0013', '0014', '0022', '0026', '0027']  train mats=48  test mats=24  tune mats=480
  BDOSC: skip tuning, fixed lambda_1=0.2, lambda_2=1, gamma_1=0.01, p=1.1, max_iter=50
  wrote /nfs/turbo/umms-minjilab/lpullela/icassp_ssc_tv2/block_ssc_benchmark/cv/params/surveillance/split_k8_clean_min30_trials20_knownk_scaled_params_cv_bdosc_k8_sigma0_sigma0_fold0.json

=== P1E_S1_C1 train[0] k=8  dim=576  frames=410  σ=0.0  fold=0 ===
  BDOSC: k_hat=8  ACC=0.7537  NMI=0.8546  ARI=0.6931  13.5s

=== P1E_S1_C1 train[1] k=8  dim=576  frames=399  σ=0.0  fold=0 ===
  BDOSC: k_hat=8  ACC=0.6742  NMI=0.7619  ARI=0.5573  10.8s

=== P1E_S1_C2 train[0] k=8  dim=576  frames=339  σ=0.0  fold=0 ===
  BDOSC: k_hat=8  ACC=0.8909  NMI=0.8823  ARI=0.7978  7.4s

=== P1E_S1_C2 train[1] k=8  dim=576  frames=331  σ=0.0  fold=0 ===
  BDOSC: k_hat=8  ACC=0.9215  NMI=0.8823  ARI=0.8334  6.9s

=== P1E_S1_C3 train[0] k=8  dim=576  frames=132  σ=0.0  fold=0 ===
  BDOSC: k_hat=8  ACC=0.7576  NMI=0.8247  ARI=0.6549  1.1s

=== P1E_S1_C3 train[1] k=8  dim=576  frames=154  σ=0.0  fold=0 ===
  BDOSC: k_hat=8  ACC=0.8182  NMI=0.8249  ARI=0.7232  1.4s

=== P1E_S2_C1 train[0] k=8  dim=576  frames=426  σ=0.0  fold=0 ===
  BDOSC: k_hat=8  ACC=0.5939  NMI=0.7714  ARI=0.4761  12.6s

=== P1E_S2_C1 train[1] k=8  dim=576  frames=386  σ=0.0  fold=0 ===
  BDOSC: k_hat=8  ACC=0.7176  NMI=0.8102  ARI=0.6479  9.6s

=== P1E_S2_C2 train[0] k=8  dim=576  frames=348  σ=0.0  fold=0 ===
  BDOSC: k_hat=8  ACC=0.9540  NMI=0.9359  ARI=0.8984  7.7s

=== P1E_S2_C2 train[1] k=8  dim=576  frames=320  σ=0.0  fold=0 ===
  BDOSC: k_hat=8  ACC=0.9094  NMI=0.8841  ARI=0.8219  6.6s

=== P1E_S2_C3 train[0] k=8  dim=576  frames=278  σ=0.0  fold=0 ===
  BDOSC: k_hat=8  ACC=0.9281  NMI=0.8920  ARI=0.8536  4.7s

=== P1E_S2_C3 train[1] k=8  dim=576  frames=246  σ=0.0  fold=0 ===
  BDOSC: k_hat=8  ACC=0.9268  NMI=0.8888  ARI=0.8456  3.6s

=== P1E_S3_C1 train[0] k=8  dim=576  frames=427  σ=0.0  fold=0 ===
  BDOSC: k_hat=8  ACC=0.6534  NMI=0.7454  ARI=0.5478  12.7s

=== P1E_S3_C1 train[1] k=8  dim=576  frames=395  σ=0.0  fold=0 ===
  BDOSC: k_hat=8  ACC=0.7316  NMI=0.8015  ARI=0.6189  10.4s

=== P1E_S3_C2 train[0] k=8  dim=576  frames=428  σ=0.0  fold=0 ===
  BDOSC: k_hat=8  ACC=0.7336  NMI=0.8135  ARI=0.6299  12.7s

=== P1E_S3_C2 train[1] k=8  dim=576  frames=324  σ=0.0  fold=0 ===
  BDOSC: k_hat=8  ACC=0.7747  NMI=0.8533  ARI=0.7344  6.7s

=== P1E_S3_C3 train[0] k=8  dim=576  frames=319  σ=0.0  fold=0 ===
  BDOSC: k_hat=8  ACC=0.7774  NMI=0.8590  ARI=0.7431  6.4s

=== P1E_S3_C3 train[1] k=8  dim=576  frames=265  σ=0.0  fold=0 ===
  BDOSC: k_hat=8  ACC=0.8151  NMI=0.8488  ARI=0.7387  4.2s

=== P1E_S4_C1 train[0] k=8  dim=576  frames=465  σ=0.0  fold=0 ===
  BDOSC: k_hat=8  ACC=0.7548  NMI=0.8304  ARI=0.6368  15.5s

=== P1E_S4_C1 train[1] k=8  dim=576  frames=379  σ=0.0  fold=0 ===
  BDOSC: k_hat=8  ACC=0.5567  NMI=0.7107  ARI=0.4434  9.5s

=== P1E_S4_C2 train[0] k=8  dim=576  frames=363  σ=0.0  fold=0 ===
  BDOSC: k_hat=8  ACC=0.9835  NMI=0.9718  ARI=0.9635  8.5s

=== P1E_S4_C2 train[1] k=8  dim=576  frames=335  σ=0.0  fold=0 ===
  BDOSC: k_hat=8  ACC=0.8985  NMI=0.8599  ARI=0.7899  6.9s

=== P1E_S4_C3 train[0] k=8  dim=576  frames=245  σ=0.0  fold=0 ===
  BDOSC: k_hat=8  ACC=0.9388  NMI=0.9041  ARI=0.8738  3.6s

=== P1E_S4_C3 train[1] k=8  dim=576  frames=233  σ=0.0  fold=0 ===
  BDOSC: k_hat=8  ACC=0.7425  NMI=0.8057  ARI=0.6578  3.2s

=== P1L_S1_C1 train[0] k=8  dim=576  frames=503  σ=0.0  fold=0 ===
  BDOSC: k_hat=8  ACC=0.9602  NMI=0.9322  ARI=0.9167  19.7s

=== P1L_S1_C1 train[1] k=8  dim=576  frames=399  σ=0.0  fold=0 ===
  BDOSC: k_hat=8  ACC=0.8020  NMI=0.8361  ARI=0.7115  10.7s

=== P1L_S1_C2 train[0] k=8  dim=576  frames=423  σ=0.0  fold=0 ===
  BDOSC: k_hat=8  ACC=0.9338  NMI=0.9263  ARI=0.8708  12.5s

=== P1L_S1_C2 train[1] k=8  dim=576  frames=406  σ=0.0  fold=0 ===
  BDOSC: k_hat=8  ACC=0.7882  NMI=0.8875  ARI=0.7570  11.1s

=== P1L_S1_C3 train[0] k=8  dim=576  frames=195  σ=0.0  fold=0 ===
  BDOSC: k_hat=8  ACC=0.8564  NMI=0.8651  ARI=0.7683  2.3s

=== P1L_S1_C3 train[1] k=8  dim=576  frames=179  σ=0.0  fold=0 ===
  BDOSC: k_hat=8  ACC=0.9385  NMI=0.9065  ARI=0.8708  1.9s

=== P1L_S2_C1 train[0] k=8  dim=576  frames=486  σ=0.0  fold=0 ===
  BDOSC: k_hat=8  ACC=0.7572  NMI=0.8019  ARI=0.6592  17.6s

=== P1L_S2_C1 train[1] k=8  dim=576  frames=429  σ=0.0  fold=0 ===
  BDOSC: k_hat=8  ACC=0.8205  NMI=0.8755  ARI=0.7565  12.6s

=== P1L_S2_C2 train[0] k=8  dim=576  frames=470  σ=0.0  fold=0 ===
  BDOSC: k_hat=8  ACC=0.6170  NMI=0.7678  ARI=0.5531  16.1s

=== P1L_S2_C2 train[1] k=8  dim=576  frames=432  σ=0.0  fold=0 ===
  BDOSC: k_hat=8  ACC=0.6991  NMI=0.7798  ARI=0.5758  13.3s

=== P1L_S2_C3 train[0] k=8  dim=576  frames=302  σ=0.0  fold=0 ===
  BDOSC: k_hat=8  ACC=0.9172  NMI=0.8892  ARI=0.8253  5.6s

=== P1L_S2_C3 train[1] k=8  dim=576  frames=288  σ=0.0  fold=0 ===
  BDOSC: k_hat=8  ACC=0.9444  NMI=0.9173  ARI=0.8737  5.2s

=== P1L_S3_C1 train[0] k=8  dim=576  frames=447  σ=0.0  fold=0 ===
  BDOSC: k_hat=8  ACC=0.6935  NMI=0.7726  ARI=0.5576  14.2s

=== P1L_S3_C1 train[1] k=8  dim=576  frames=417  σ=0.0  fold=0 ===
  BDOSC: k_hat=8  ACC=0.7938  NMI=0.8290  ARI=0.6812  11.8s

=== P1L_S3_C2 train[0] k=8  dim=576  frames=498  σ=0.0  fold=0 ===
  BDOSC: k_hat=8  ACC=0.6546  NMI=0.7194  ARI=0.5085  18.6s

=== P1L_S3_C2 train[1] k=8  dim=576  frames=480  σ=0.0  fold=0 ===
  BDOSC: k_hat=8  ACC=0.7083  NMI=0.7471  ARI=0.5384  17.6s

=== P1L_S3_C3 train[0] k=8  dim=576  frames=354  σ=0.0  fold=0 ===
  BDOSC: k_hat=8  ACC=0.9322  NMI=0.9125  ARI=0.8541  8.0s

=== P1L_S3_C3 train[1] k=8  dim=576  frames=349  σ=0.0  fold=0 ===
  BDOSC: k_hat=8  ACC=0.9628  NMI=0.9336  ARI=0.9180  7.9s

=== P1L_S4_C1 train[0] k=8  dim=576  frames=436  σ=0.0  fold=0 ===
  BDOSC: k_hat=8  ACC=0.7729  NMI=0.8491  ARI=0.7012  13.2s

=== P1L_S4_C1 train[1] k=8  dim=576  frames=497  σ=0.0  fold=0 ===
  BDOSC: k_hat=8  ACC=0.6640  NMI=0.8057  ARI=0.5890  18.7s

=== P1L_S4_C2 train[0] k=8  dim=576  frames=444  σ=0.0  fold=0 ===
  BDOSC: k_hat=8  ACC=0.9302  NMI=0.9125  ARI=0.8718  14.2s

=== P1L_S4_C2 train[1] k=8  dim=576  frames=423  σ=0.0  fold=0 ===
  BDOSC: k_hat=8  ACC=0.8558  NMI=0.8424  ARI=0.7227  12.5s

=== P1L_S4_C3 train[0] k=8  dim=576  frames=299  σ=0.0  fold=0 ===
  BDOSC: k_hat=8  ACC=0.7625  NMI=0.8438  ARI=0.6952  5.5s

=== P1L_S4_C3 train[1] k=8  dim=576  frames=284  σ=0.0  fold=0 ===
  BDOSC: k_hat=8  ACC=0.9472  NMI=0.9151  ARI=0.8872  4.7s

=== P1E_S1_C1 test[0] k=8  dim=576  frames=379  σ=0.0  fold=0 ===
  BDOSC: k_hat=8  ACC=0.7573  NMI=0.8001  ARI=0.6463  9.4s

=== P1E_S1_C2 test[0] k=8  dim=576  frames=325  σ=0.0  fold=0 ===
  BDOSC: k_hat=8  ACC=0.7723  NMI=0.8674  ARI=0.7400  6.6s

=== P1E_S1_C3 test[0] k=8  dim=576  frames=148  σ=0.0  fold=0 ===
  BDOSC: k_hat=8  ACC=0.9122  NMI=0.8859  ARI=0.8409  1.4s

=== P1E_S2_C1 test[0] k=8  dim=576  frames=409  σ=0.0  fold=0 ===
  BDOSC: k_hat=8  ACC=0.7286  NMI=0.7923  ARI=0.6170  11.4s

=== P1E_S2_C2 test[0] k=8  dim=576  frames=333  σ=0.0  fold=0 ===
  BDOSC: k_hat=8  ACC=0.9309  NMI=0.9009  ARI=0.8514  7.0s

=== P1E_S2_C3 test[0] k=8  dim=576  frames=259  σ=0.0  fold=0 ===
  BDOSC: k_hat=8  ACC=0.9537  NMI=0.9212  ARI=0.9058  4.1s

=== P1E_S3_C1 test[0] k=8  dim=576  frames=385  σ=0.0  fold=0 ===
  BDOSC: k_hat=8  ACC=0.5403  NMI=0.6934  ARI=0.3986  10.0s

=== P1E_S3_C2 test[0] k=8  dim=576  frames=331  σ=0.0  fold=0 ===
  BDOSC: k_hat=8  ACC=0.7825  NMI=0.8597  ARI=0.7254  6.9s

=== P1E_S3_C3 test[0] k=8  dim=576  frames=243  σ=0.0  fold=0 ===
  BDOSC: k_hat=8  ACC=0.9753  NMI=0.9537  ARI=0.9506  3.5s

=== P1E_S4_C1 test[0] k=8  dim=576  frames=363  σ=0.0  fold=0 ===
  BDOSC: k_hat=8  ACC=0.8017  NMI=0.8457  ARI=0.7097  8.5s

=== P1E_S4_C2 test[0] k=8  dim=576  frames=317  σ=0.0  fold=0 ===
  BDOSC: k_hat=8  ACC=0.9716  NMI=0.9453  ARI=0.9361  6.3s

=== P1E_S4_C3 test[0] k=8  dim=576  frames=214  σ=0.0  fold=0 ===
  BDOSC: k_hat=8  ACC=0.8692  NMI=0.8645  ARI=0.7789  2.7s

=== P1L_S1_C1 test[0] k=8  dim=576  frames=422  σ=0.0  fold=0 ===
  BDOSC: k_hat=8  ACC=0.7393  NMI=0.8355  ARI=0.6736  12.3s

=== P1L_S1_C2 test[0] k=8  dim=576  frames=414  σ=0.0  fold=0 ===
  BDOSC: k_hat=8  ACC=0.8623  NMI=0.8691  ARI=0.7561  11.5s

=== P1L_S1_C3 test[0] k=8  dim=576  frames=168  σ=0.0  fold=0 ===
  BDOSC: k_hat=8  ACC=0.7619  NMI=0.8209  ARI=0.6934  1.7s

=== P1L_S2_C1 test[0] k=8  dim=576  frames=507  σ=0.0  fold=0 ===
  BDOSC: k_hat=8  ACC=0.8462  NMI=0.8387  ARI=0.7583  20.5s

=== P1L_S2_C2 test[0] k=8  dim=576  frames=453  σ=0.0  fold=0 ===
  BDOSC: k_hat=8  ACC=0.7682  NMI=0.8340  ARI=0.6888  14.9s

=== P1L_S2_C3 test[0] k=8  dim=576  frames=275  σ=0.0  fold=0 ===
  BDOSC: k_hat=8  ACC=0.7891  NMI=0.8453  ARI=0.7400  4.5s

=== P1L_S3_C1 test[0] k=8  dim=576  frames=394  σ=0.0  fold=0 ===
  BDOSC: k_hat=8  ACC=0.7716  NMI=0.8198  ARI=0.6789  10.2s

=== P1L_S3_C2 test[0] k=8  dim=576  frames=427  σ=0.0  fold=0 ===
  BDOSC: k_hat=8  ACC=0.6276  NMI=0.8033  ARI=0.6286  12.6s

=== P1L_S3_C3 test[0] k=8  dim=576  frames=348  σ=0.0  fold=0 ===
  BDOSC: k_hat=8  ACC=0.9540  NMI=0.9226  ARI=0.8982  7.8s

=== P1L_S4_C1 test[0] k=8  dim=576  frames=441  σ=0.0  fold=0 ===
  BDOSC: k_hat=8  ACC=0.8027  NMI=0.8336  ARI=0.6768  13.7s

=== P1L_S4_C2 test[0] k=8  dim=576  frames=410  σ=0.0  fold=0 ===
  BDOSC: k_hat=8  ACC=0.9244  NMI=0.8951  ARI=0.8593  11.4s

=== P1L_S4_C3 test[0] k=8  dim=576  frames=258  σ=0.0  fold=0 ===
  BDOSC: k_hat=8  ACC=0.9845  NMI=0.9691  ARI=0.9669  4.0s
  tune_pool_groups=20: sampling from 17 held-in people (overlap allowed) instead of the 2 fixed partition group(s)

============================================================
σ=0.0 fold=1  test=['0001', '0005', '0011', '0015', '0019', '0023', '0024', '0025']  train mats=48  test mats=24  tune mats=480
  BDOSC: skip tuning, fixed lambda_1=0.2, lambda_2=1, gamma_1=0.01, p=1.1, max_iter=50
  wrote /nfs/turbo/umms-minjilab/lpullela/icassp_ssc_tv2/block_ssc_benchmark/cv/params/surveillance/split_k8_clean_min30_trials20_knownk_scaled_params_cv_bdosc_k8_sigma0_sigma0_fold1.json

=== P1E_S1_C1 train[0] k=8  dim=576  frames=379  σ=0.0  fold=1 ===
  BDOSC: k_hat=8  ACC=0.7573  NMI=0.8001  ARI=0.6463  9.4s

=== P1E_S1_C1 train[1] k=8  dim=576  frames=399  σ=0.0  fold=1 ===
  BDOSC: k_hat=8  ACC=0.6742  NMI=0.7619  ARI=0.5573  10.7s

=== P1E_S1_C2 train[0] k=8  dim=576  frames=325  σ=0.0  fold=1 ===
  BDOSC: k_hat=8  ACC=0.7723  NMI=0.8674  ARI=0.7400  6.6s

=== P1E_S1_C2 train[1] k=8  dim=576  frames=331  σ=0.0  fold=1 ===
  BDOSC: k_hat=8  ACC=0.9215  NMI=0.8823  ARI=0.8334  6.8s

=== P1E_S1_C3 train[0] k=8  dim=576  frames=148  σ=0.0  fold=1 ===
  BDOSC: k_hat=8  ACC=0.9122  NMI=0.8859  ARI=0.8409  1.4s

=== P1E_S1_C3 train[1] k=8  dim=576  frames=154  σ=0.0  fold=1 ===
  BDOSC: k_hat=8  ACC=0.8182  NMI=0.8249  ARI=0.7232  1.4s

=== P1E_S2_C1 train[0] k=8  dim=576  frames=409  σ=0.0  fold=1 ===
  BDOSC: k_hat=8  ACC=0.7286  NMI=0.7923  ARI=0.6170  11.4s

=== P1E_S2_C1 train[1] k=8  dim=576  frames=386  σ=0.0  fold=1 ===
  BDOSC: k_hat=8  ACC=0.7176  NMI=0.8102  ARI=0.6479  9.7s

=== P1E_S2_C2 train[0] k=8  dim=576  frames=333  σ=0.0  fold=1 ===
  BDOSC: k_hat=8  ACC=0.9309  NMI=0.9009  ARI=0.8514  7.0s

=== P1E_S2_C2 train[1] k=8  dim=576  frames=320  σ=0.0  fold=1 ===
  BDOSC: k_hat=8  ACC=0.9094  NMI=0.8841  ARI=0.8219  6.6s

=== P1E_S2_C3 train[0] k=8  dim=576  frames=259  σ=0.0  fold=1 ===
  BDOSC: k_hat=8  ACC=0.9537  NMI=0.9212  ARI=0.9058  4.1s

=== P1E_S2_C3 train[1] k=8  dim=576  frames=246  σ=0.0  fold=1 ===
  BDOSC: k_hat=8  ACC=0.9268  NMI=0.8888  ARI=0.8456  3.6s

=== P1E_S3_C1 train[0] k=8  dim=576  frames=385  σ=0.0  fold=1 ===
  BDOSC: k_hat=8  ACC=0.5403  NMI=0.6934  ARI=0.3986  10.0s

=== P1E_S3_C1 train[1] k=8  dim=576  frames=395  σ=0.0  fold=1 ===
  BDOSC: k_hat=8  ACC=0.7316  NMI=0.8015  ARI=0.6189  10.4s

=== P1E_S3_C2 train[0] k=8  dim=576  frames=331  σ=0.0  fold=1 ===
  BDOSC: k_hat=8  ACC=0.7825  NMI=0.8597  ARI=0.7254  6.9s

=== P1E_S3_C2 train[1] k=8  dim=576  frames=324  σ=0.0  fold=1 ===
  BDOSC: k_hat=8  ACC=0.7747  NMI=0.8533  ARI=0.7344  6.7s

=== P1E_S3_C3 train[0] k=8  dim=576  frames=243  σ=0.0  fold=1 ===
  BDOSC: k_hat=8  ACC=0.9753  NMI=0.9537  ARI=0.9506  3.5s

=== P1E_S3_C3 train[1] k=8  dim=576  frames=265  σ=0.0  fold=1 ===
  BDOSC: k_hat=8  ACC=0.8151  NMI=0.8488  ARI=0.7387  4.2s

=== P1E_S4_C1 train[0] k=8  dim=576  frames=363  σ=0.0  fold=1 ===
  BDOSC: k_hat=8  ACC=0.8017  NMI=0.8457  ARI=0.7097  8.6s

=== P1E_S4_C1 train[1] k=8  dim=576  frames=379  σ=0.0  fold=1 ===
  BDOSC: k_hat=8  ACC=0.5567  NMI=0.7107  ARI=0.4434  9.5s

=== P1E_S4_C2 train[0] k=8  dim=576  frames=317  σ=0.0  fold=1 ===
  BDOSC: k_hat=8  ACC=0.9716  NMI=0.9453  ARI=0.9361  6.3s

=== P1E_S4_C2 train[1] k=8  dim=576  frames=335  σ=0.0  fold=1 ===
  BDOSC: k_hat=8  ACC=0.8985  NMI=0.8599  ARI=0.7899  6.9s

=== P1E_S4_C3 train[0] k=8  dim=576  frames=214  σ=0.0  fold=1 ===
  BDOSC: k_hat=8  ACC=0.8692  NMI=0.8645  ARI=0.7789  2.7s

=== P1E_S4_C3 train[1] k=8  dim=576  frames=233  σ=0.0  fold=1 ===
  BDOSC: k_hat=8  ACC=0.7425  NMI=0.8057  ARI=0.6578  3.2s

=== P1L_S1_C1 train[0] k=8  dim=576  frames=422  σ=0.0  fold=1 ===
  BDOSC: k_hat=8  ACC=0.7393  NMI=0.8355  ARI=0.6736  12.4s

=== P1L_S1_C1 train[1] k=8  dim=576  frames=399  σ=0.0  fold=1 ===
  BDOSC: k_hat=8  ACC=0.8020  NMI=0.8361  ARI=0.7115  10.7s

=== P1L_S1_C2 train[0] k=8  dim=576  frames=414  σ=0.0  fold=1 ===
  BDOSC: k_hat=8  ACC=0.8623  NMI=0.8691  ARI=0.7561  11.5s

=== P1L_S1_C2 train[1] k=8  dim=576  frames=406  σ=0.0  fold=1 ===
  BDOSC: k_hat=8  ACC=0.7882  NMI=0.8875  ARI=0.7570  11.1s

=== P1L_S1_C3 train[0] k=8  dim=576  frames=168  σ=0.0  fold=1 ===
  BDOSC: k_hat=8  ACC=0.7619  NMI=0.8209  ARI=0.6934  1.7s

=== P1L_S1_C3 train[1] k=8  dim=576  frames=179  σ=0.0  fold=1 ===
  BDOSC: k_hat=8  ACC=0.9385  NMI=0.9065  ARI=0.8708  1.9s

=== P1L_S2_C1 train[0] k=8  dim=576  frames=507  σ=0.0  fold=1 ===
  BDOSC: k_hat=8  ACC=0.8462  NMI=0.8387  ARI=0.7583  20.3s

=== P1L_S2_C1 train[1] k=8  dim=576  frames=429  σ=0.0  fold=1 ===
  BDOSC: k_hat=8  ACC=0.8205  NMI=0.8755  ARI=0.7565  12.6s

=== P1L_S2_C2 train[0] k=8  dim=576  frames=453  σ=0.0  fold=1 ===
  BDOSC: k_hat=8  ACC=0.7682  NMI=0.8340  ARI=0.6888  14.8s

=== P1L_S2_C2 train[1] k=8  dim=576  frames=432  σ=0.0  fold=1 ===
  BDOSC: k_hat=8  ACC=0.6991  NMI=0.7798  ARI=0.5758  13.4s

=== P1L_S2_C3 train[0] k=8  dim=576  frames=275  σ=0.0  fold=1 ===
  BDOSC: k_hat=8  ACC=0.7891  NMI=0.8453  ARI=0.7400  4.5s

=== P1L_S2_C3 train[1] k=8  dim=576  frames=288  σ=0.0  fold=1 ===
  BDOSC: k_hat=8  ACC=0.9444  NMI=0.9173  ARI=0.8737  5.2s

=== P1L_S3_C1 train[0] k=8  dim=576  frames=394  σ=0.0  fold=1 ===
  BDOSC: k_hat=8  ACC=0.7716  NMI=0.8198  ARI=0.6789  10.2s

=== P1L_S3_C1 train[1] k=8  dim=576  frames=417  σ=0.0  fold=1 ===
  BDOSC: k_hat=8  ACC=0.7938  NMI=0.8290  ARI=0.6812  11.8s

=== P1L_S3_C2 train[0] k=8  dim=576  frames=427  σ=0.0  fold=1 ===
  BDOSC: k_hat=8  ACC=0.6276  NMI=0.8033  ARI=0.6286  12.6s

=== P1L_S3_C2 train[1] k=8  dim=576  frames=480  σ=0.0  fold=1 ===
  BDOSC: k_hat=8  ACC=0.7083  NMI=0.7471  ARI=0.5384  17.5s

=== P1L_S3_C3 train[0] k=8  dim=576  frames=348  σ=0.0  fold=1 ===
  BDOSC: k_hat=8  ACC=0.9540  NMI=0.9226  ARI=0.8982  7.8s

=== P1L_S3_C3 train[1] k=8  dim=576  frames=349  σ=0.0  fold=1 ===
  BDOSC: k_hat=8  ACC=0.9628  NMI=0.9336  ARI=0.9180  7.9s

=== P1L_S4_C1 train[0] k=8  dim=576  frames=441  σ=0.0  fold=1 ===
  BDOSC: k_hat=8  ACC=0.8027  NMI=0.8336  ARI=0.6768  13.7s

=== P1L_S4_C1 train[1] k=8  dim=576  frames=497  σ=0.0  fold=1 ===
  BDOSC: k_hat=8  ACC=0.6640  NMI=0.8057  ARI=0.5890  18.6s

=== P1L_S4_C2 train[0] k=8  dim=576  frames=410  σ=0.0  fold=1 ===
  BDOSC: k_hat=8  ACC=0.9244  NMI=0.8951  ARI=0.8593  11.5s

=== P1L_S4_C2 train[1] k=8  dim=576  frames=423  σ=0.0  fold=1 ===
  BDOSC: k_hat=8  ACC=0.8558  NMI=0.8424  ARI=0.7227  12.5s

=== P1L_S4_C3 train[0] k=8  dim=576  frames=258  σ=0.0  fold=1 ===
  BDOSC: k_hat=8  ACC=0.9845  NMI=0.9691  ARI=0.9669  4.1s

=== P1L_S4_C3 train[1] k=8  dim=576  frames=284  σ=0.0  fold=1 ===
  BDOSC: k_hat=8  ACC=0.9472  NMI=0.9151  ARI=0.8872  4.7s

=== P1E_S1_C1 test[0] k=8  dim=576  frames=410  σ=0.0  fold=1 ===
  BDOSC: k_hat=8  ACC=0.7537  NMI=0.8546  ARI=0.6931  11.4s

=== P1E_S1_C2 test[0] k=8  dim=576  frames=339  σ=0.0  fold=1 ===
  BDOSC: k_hat=8  ACC=0.8909  NMI=0.8823  ARI=0.7978  7.4s

=== P1E_S1_C3 test[0] k=8  dim=576  frames=132  σ=0.0  fold=1 ===
  BDOSC: k_hat=8  ACC=0.7576  NMI=0.8247  ARI=0.6549  1.1s

=== P1E_S2_C1 test[0] k=8  dim=576  frames=426  σ=0.0  fold=1 ===
  BDOSC: k_hat=8  ACC=0.5939  NMI=0.7714  ARI=0.4761  12.6s

=== P1E_S2_C2 test[0] k=8  dim=576  frames=348  σ=0.0  fold=1 ===
  BDOSC: k_hat=8  ACC=0.9540  NMI=0.9359  ARI=0.8984  7.7s

=== P1E_S2_C3 test[0] k=8  dim=576  frames=278  σ=0.0  fold=1 ===
  BDOSC: k_hat=8  ACC=0.9281  NMI=0.8920  ARI=0.8536  4.7s

=== P1E_S3_C1 test[0] k=8  dim=576  frames=427  σ=0.0  fold=1 ===
  BDOSC: k_hat=8  ACC=0.6534  NMI=0.7454  ARI=0.5478  12.7s

=== P1E_S3_C2 test[0] k=8  dim=576  frames=428  σ=0.0  fold=1 ===
  BDOSC: k_hat=8  ACC=0.7336  NMI=0.8135  ARI=0.6299  12.7s

=== P1E_S3_C3 test[0] k=8  dim=576  frames=319  σ=0.0  fold=1 ===
  BDOSC: k_hat=8  ACC=0.7774  NMI=0.8590  ARI=0.7431  6.4s

=== P1E_S4_C1 test[0] k=8  dim=576  frames=465  σ=0.0  fold=1 ===
  BDOSC: k_hat=8  ACC=0.7548  NMI=0.8304  ARI=0.6368  15.3s

=== P1E_S4_C2 test[0] k=8  dim=576  frames=363  σ=0.0  fold=1 ===
  BDOSC: k_hat=8  ACC=0.9835  NMI=0.9718  ARI=0.9635  8.5s

=== P1E_S4_C3 test[0] k=8  dim=576  frames=245  σ=0.0  fold=1 ===
  BDOSC: k_hat=8  ACC=0.9388  NMI=0.9041  ARI=0.8738  3.6s

=== P1L_S1_C1 test[0] k=8  dim=576  frames=503  σ=0.0  fold=1 ===
  BDOSC: k_hat=8  ACC=0.9602  NMI=0.9322  ARI=0.9167  19.4s

=== P1L_S1_C2 test[0] k=8  dim=576  frames=423  σ=0.0  fold=1 ===
  BDOSC: k_hat=8  ACC=0.9338  NMI=0.9263  ARI=0.8708  12.5s

=== P1L_S1_C3 test[0] k=8  dim=576  frames=195  σ=0.0  fold=1 ===
  BDOSC: k_hat=8  ACC=0.8564  NMI=0.8651  ARI=0.7683  2.3s

=== P1L_S2_C1 test[0] k=8  dim=576  frames=486  σ=0.0  fold=1 ===
  BDOSC: k_hat=8  ACC=0.7572  NMI=0.8019  ARI=0.6592  17.4s

=== P1L_S2_C2 test[0] k=8  dim=576  frames=470  σ=0.0  fold=1 ===
  BDOSC: k_hat=8  ACC=0.6170  NMI=0.7678  ARI=0.5531  15.9s

=== P1L_S2_C3 test[0] k=8  dim=576  frames=302  σ=0.0  fold=1 ===
  BDOSC: k_hat=8  ACC=0.9172  NMI=0.8892  ARI=0.8253  5.6s

=== P1L_S3_C1 test[0] k=8  dim=576  frames=447  σ=0.0  fold=1 ===
  BDOSC: k_hat=8  ACC=0.6935  NMI=0.7726  ARI=0.5576  14.2s

=== P1L_S3_C2 test[0] k=8  dim=576  frames=498  σ=0.0  fold=1 ===
  BDOSC: k_hat=8  ACC=0.6546  NMI=0.7194  ARI=0.5085  18.4s

=== P1L_S3_C3 test[0] k=8  dim=576  frames=354  σ=0.0  fold=1 ===
  BDOSC: k_hat=8  ACC=0.9322  NMI=0.9125  ARI=0.8541  8.0s

=== P1L_S4_C1 test[0] k=8  dim=576  frames=436  σ=0.0  fold=1 ===
  BDOSC: k_hat=8  ACC=0.7729  NMI=0.8491  ARI=0.7012  13.1s

=== P1L_S4_C2 test[0] k=8  dim=576  frames=444  σ=0.0  fold=1 ===
  BDOSC: k_hat=8  ACC=0.9302  NMI=0.9125  ARI=0.8718  14.2s

=== P1L_S4_C3 test[0] k=8  dim=576  frames=299  σ=0.0  fold=1 ===
  BDOSC: k_hat=8  ACC=0.7625  NMI=0.8438  ARI=0.6952  5.5s
  tune_pool_groups=20: sampling from 17 held-in people (overlap allowed) instead of the 2 fixed partition group(s)

============================================================
σ=0.0 fold=2  test=['0003', '0007', '0010', '0012', '0016', '0017', '0020', '0021']  train mats=48  test mats=24  tune mats=480
  BDOSC: skip tuning, fixed lambda_1=0.2, lambda_2=1, gamma_1=0.01, p=1.1, max_iter=50
  wrote /nfs/turbo/umms-minjilab/lpullela/icassp_ssc_tv2/block_ssc_benchmark/cv/params/surveillance/split_k8_clean_min30_trials20_knownk_scaled_params_cv_bdosc_k8_sigma0_sigma0_fold2.json

=== P1E_S1_C1 train[0] k=8  dim=576  frames=379  σ=0.0  fold=2 ===
  BDOSC: k_hat=8  ACC=0.7573  NMI=0.8001  ARI=0.6463  9.4s

=== P1E_S1_C1 train[1] k=8  dim=576  frames=410  σ=0.0  fold=2 ===
  BDOSC: k_hat=8  ACC=0.7537  NMI=0.8546  ARI=0.6931  11.4s

=== P1E_S1_C2 train[0] k=8  dim=576  frames=325  σ=0.0  fold=2 ===
  BDOSC: k_hat=8  ACC=0.7723  NMI=0.8674  ARI=0.7400  6.6s

=== P1E_S1_C2 train[1] k=8  dim=576  frames=339  σ=0.0  fold=2 ===
  BDOSC: k_hat=8  ACC=0.8909  NMI=0.8823  ARI=0.7978  7.4s

=== P1E_S1_C3 train[0] k=8  dim=576  frames=148  σ=0.0  fold=2 ===
  BDOSC: k_hat=8  ACC=0.9122  NMI=0.8859  ARI=0.8409  1.4s

=== P1E_S1_C3 train[1] k=8  dim=576  frames=132  σ=0.0  fold=2 ===
  BDOSC: k_hat=8  ACC=0.7576  NMI=0.8247  ARI=0.6549  1.1s

=== P1E_S2_C1 train[0] k=8  dim=576  frames=409  σ=0.0  fold=2 ===
  BDOSC: k_hat=8  ACC=0.7286  NMI=0.7923  ARI=0.6170  11.4s

=== P1E_S2_C1 train[1] k=8  dim=576  frames=426  σ=0.0  fold=2 ===
  BDOSC: k_hat=8  ACC=0.5939  NMI=0.7714  ARI=0.4761  12.6s

=== P1E_S2_C2 train[0] k=8  dim=576  frames=333  σ=0.0  fold=2 ===
  BDOSC: k_hat=8  ACC=0.9309  NMI=0.9009  ARI=0.8514  7.0s

=== P1E_S2_C2 train[1] k=8  dim=576  frames=348  σ=0.0  fold=2 ===
  BDOSC: k_hat=8  ACC=0.9540  NMI=0.9359  ARI=0.8984  7.7s

=== P1E_S2_C3 train[0] k=8  dim=576  frames=259  σ=0.0  fold=2 ===
  BDOSC: k_hat=8  ACC=0.9537  NMI=0.9212  ARI=0.9058  4.1s

=== P1E_S2_C3 train[1] k=8  dim=576  frames=278  σ=0.0  fold=2 ===
  BDOSC: k_hat=8  ACC=0.9281  NMI=0.8920  ARI=0.8536  4.7s

=== P1E_S3_C1 train[0] k=8  dim=576  frames=385  σ=0.0  fold=2 ===
  BDOSC: k_hat=8  ACC=0.5403  NMI=0.6934  ARI=0.3986  10.0s

=== P1E_S3_C1 train[1] k=8  dim=576  frames=427  σ=0.0  fold=2 ===
  BDOSC: k_hat=8  ACC=0.6534  NMI=0.7454  ARI=0.5478  12.7s

=== P1E_S3_C2 train[0] k=8  dim=576  frames=331  σ=0.0  fold=2 ===
  BDOSC: k_hat=8  ACC=0.7825  NMI=0.8597  ARI=0.7254  6.9s

=== P1E_S3_C2 train[1] k=8  dim=576  frames=428  σ=0.0  fold=2 ===
  BDOSC: k_hat=8  ACC=0.7336  NMI=0.8135  ARI=0.6299  12.7s

=== P1E_S3_C3 train[0] k=8  dim=576  frames=243  σ=0.0  fold=2 ===
  BDOSC: k_hat=8  ACC=0.9753  NMI=0.9537  ARI=0.9506  3.5s

=== P1E_S3_C3 train[1] k=8  dim=576  frames=319  σ=0.0  fold=2 ===
  BDOSC: k_hat=8  ACC=0.7774  NMI=0.8590  ARI=0.7431  6.4s

=== P1E_S4_C1 train[0] k=8  dim=576  frames=363  σ=0.0  fold=2 ===
  BDOSC: k_hat=8  ACC=0.8017  NMI=0.8457  ARI=0.7097  8.5s

=== P1E_S4_C1 train[1] k=8  dim=576  frames=465  σ=0.0  fold=2 ===
  BDOSC: k_hat=8  ACC=0.7548  NMI=0.8304  ARI=0.6368  15.4s

=== P1E_S4_C2 train[0] k=8  dim=576  frames=317  σ=0.0  fold=2 ===
  BDOSC: k_hat=8  ACC=0.9716  NMI=0.9453  ARI=0.9361  6.3s

=== P1E_S4_C2 train[1] k=8  dim=576  frames=363  σ=0.0  fold=2 ===
  BDOSC: k_hat=8  ACC=0.9835  NMI=0.9718  ARI=0.9635  8.4s

=== P1E_S4_C3 train[0] k=8  dim=576  frames=214  σ=0.0  fold=2 ===
  BDOSC: k_hat=8  ACC=0.8692  NMI=0.8645  ARI=0.7789  2.7s

=== P1E_S4_C3 train[1] k=8  dim=576  frames=245  σ=0.0  fold=2 ===
  BDOSC: k_hat=8  ACC=0.9388  NMI=0.9041  ARI=0.8738  3.6s

=== P1L_S1_C1 train[0] k=8  dim=576  frames=422  σ=0.0  fold=2 ===
  BDOSC: k_hat=8  ACC=0.7393  NMI=0.8355  ARI=0.6736  12.3s

=== P1L_S1_C1 train[1] k=8  dim=576  frames=503  σ=0.0  fold=2 ===
  BDOSC: k_hat=8  ACC=0.9602  NMI=0.9322  ARI=0.9167  19.5s

=== P1L_S1_C2 train[0] k=8  dim=576  frames=414  σ=0.0  fold=2 ===
  BDOSC: k_hat=8  ACC=0.8623  NMI=0.8691  ARI=0.7561  11.6s

=== P1L_S1_C2 train[1] k=8  dim=576  frames=423  σ=0.0  fold=2 ===
  BDOSC: k_hat=8  ACC=0.9338  NMI=0.9263  ARI=0.8708  12.5s

=== P1L_S1_C3 train[0] k=8  dim=576  frames=168  σ=0.0  fold=2 ===
  BDOSC: k_hat=8  ACC=0.7619  NMI=0.8209  ARI=0.6934  1.7s

=== P1L_S1_C3 train[1] k=8  dim=576  frames=195  σ=0.0  fold=2 ===
  BDOSC: k_hat=8  ACC=0.8564  NMI=0.8651  ARI=0.7683  2.3s

=== P1L_S2_C1 train[0] k=8  dim=576  frames=507  σ=0.0  fold=2 ===
  BDOSC: k_hat=8  ACC=0.8462  NMI=0.8387  ARI=0.7583  20.3s

=== P1L_S2_C1 train[1] k=8  dim=576  frames=486  σ=0.0  fold=2 ===
  BDOSC: k_hat=8  ACC=0.7572  NMI=0.8019  ARI=0.6592  17.4s

=== P1L_S2_C2 train[0] k=8  dim=576  frames=453  σ=0.0  fold=2 ===
  BDOSC: k_hat=8  ACC=0.7682  NMI=0.8340  ARI=0.6888  14.9s

=== P1L_S2_C2 train[1] k=8  dim=576  frames=470  σ=0.0  fold=2 ===
  BDOSC: k_hat=8  ACC=0.6170  NMI=0.7678  ARI=0.5531  16.0s

=== P1L_S2_C3 train[0] k=8  dim=576  frames=275  σ=0.0  fold=2 ===
  BDOSC: k_hat=8  ACC=0.7891  NMI=0.8453  ARI=0.7400  4.5s

=== P1L_S2_C3 train[1] k=8  dim=576  frames=302  σ=0.0  fold=2 ===
  BDOSC: k_hat=8  ACC=0.9172  NMI=0.8892  ARI=0.8253  5.6s

=== P1L_S3_C1 train[0] k=8  dim=576  frames=394  σ=0.0  fold=2 ===
  BDOSC: k_hat=8  ACC=0.7716  NMI=0.8198  ARI=0.6789  10.2s

=== P1L_S3_C1 train[1] k=8  dim=576  frames=447  σ=0.0  fold=2 ===
  BDOSC: k_hat=8  ACC=0.6935  NMI=0.7726  ARI=0.5576  14.2s

=== P1L_S3_C2 train[0] k=8  dim=576  frames=427  σ=0.0  fold=2 ===
  BDOSC: k_hat=8  ACC=0.6276  NMI=0.8033  ARI=0.6286  12.6s

=== P1L_S3_C2 train[1] k=8  dim=576  frames=498  σ=0.0  fold=2 ===
  BDOSC: k_hat=8  ACC=0.6546  NMI=0.7194  ARI=0.5085  18.4s

=== P1L_S3_C3 train[0] k=8  dim=576  frames=348  σ=0.0  fold=2 ===
  BDOSC: k_hat=8  ACC=0.9540  NMI=0.9226  ARI=0.8982  7.8s

=== P1L_S3_C3 train[1] k=8  dim=576  frames=354  σ=0.0  fold=2 ===
  BDOSC: k_hat=8  ACC=0.9322  NMI=0.9125  ARI=0.8541  8.0s

=== P1L_S4_C1 train[0] k=8  dim=576  frames=441  σ=0.0  fold=2 ===
  BDOSC: k_hat=8  ACC=0.8027  NMI=0.8336  ARI=0.6768  13.7s

=== P1L_S4_C1 train[1] k=8  dim=576  frames=436  σ=0.0  fold=2 ===
  BDOSC: k_hat=8  ACC=0.7729  NMI=0.8491  ARI=0.7012  13.1s

=== P1L_S4_C2 train[0] k=8  dim=576  frames=410  σ=0.0  fold=2 ===
  BDOSC: k_hat=8  ACC=0.9244  NMI=0.8951  ARI=0.8593  11.4s

=== P1L_S4_C2 train[1] k=8  dim=576  frames=444  σ=0.0  fold=2 ===
  BDOSC: k_hat=8  ACC=0.9302  NMI=0.9125  ARI=0.8718  14.2s

=== P1L_S4_C3 train[0] k=8  dim=576  frames=258  σ=0.0  fold=2 ===
  BDOSC: k_hat=8  ACC=0.9845  NMI=0.9691  ARI=0.9669  4.1s

=== P1L_S4_C3 train[1] k=8  dim=576  frames=299  σ=0.0  fold=2 ===
  BDOSC: k_hat=8  ACC=0.7625  NMI=0.8438  ARI=0.6952  5.5s

=== P1E_S1_C1 test[0] k=8  dim=576  frames=399  σ=0.0  fold=2 ===
  BDOSC: k_hat=8  ACC=0.6742  NMI=0.7619  ARI=0.5573  10.7s

=== P1E_S1_C2 test[0] k=8  dim=576  frames=331  σ=0.0  fold=2 ===
  BDOSC: k_hat=8  ACC=0.9215  NMI=0.8823  ARI=0.8334  6.8s

=== P1E_S1_C3 test[0] k=8  dim=576  frames=154  σ=0.0  fold=2 ===
  BDOSC: k_hat=8  ACC=0.8182  NMI=0.8249  ARI=0.7232  1.4s

=== P1E_S2_C1 test[0] k=8  dim=576  frames=386  σ=0.0  fold=2 ===
  BDOSC: k_hat=8  ACC=0.7176  NMI=0.8102  ARI=0.6479  9.6s

=== P1E_S2_C2 test[0] k=8  dim=576  frames=320  σ=0.0  fold=2 ===
  BDOSC: k_hat=8  ACC=0.9094  NMI=0.8841  ARI=0.8219  6.6s

=== P1E_S2_C3 test[0] k=8  dim=576  frames=246  σ=0.0  fold=2 ===
  BDOSC: k_hat=8  ACC=0.9268  NMI=0.8888  ARI=0.8456  3.6s

=== P1E_S3_C1 test[0] k=8  dim=576  frames=395  σ=0.0  fold=2 ===
  BDOSC: k_hat=8  ACC=0.7316  NMI=0.8015  ARI=0.6189  10.3s

=== P1E_S3_C2 test[0] k=8  dim=576  frames=324  σ=0.0  fold=2 ===
  BDOSC: k_hat=8  ACC=0.7747  NMI=0.8533  ARI=0.7344  6.7s

=== P1E_S3_C3 test[0] k=8  dim=576  frames=265  σ=0.0  fold=2 ===
  BDOSC: k_hat=8  ACC=0.8151  NMI=0.8488  ARI=0.7387  4.2s

=== P1E_S4_C1 test[0] k=8  dim=576  frames=379  σ=0.0  fold=2 ===
  BDOSC: k_hat=8  ACC=0.5567  NMI=0.7107  ARI=0.4434  9.4s

=== P1E_S4_C2 test[0] k=8  dim=576  frames=335  σ=0.0  fold=2 ===
  BDOSC: k_hat=8  ACC=0.8985  NMI=0.8599  ARI=0.7899  6.9s

=== P1E_S4_C3 test[0] k=8  dim=576  frames=233  σ=0.0  fold=2 ===
  BDOSC: k_hat=8  ACC=0.7425  NMI=0.8057  ARI=0.6578  3.3s

=== P1L_S1_C1 test[0] k=8  dim=576  frames=399  σ=0.0  fold=2 ===
  BDOSC: k_hat=8  ACC=0.8020  NMI=0.8361  ARI=0.7115  10.7s

=== P1L_S1_C2 test[0] k=8  dim=576  frames=406  σ=0.0  fold=2 ===
  BDOSC: k_hat=8  ACC=0.7882  NMI=0.8875  ARI=0.7570  11.1s

=== P1L_S1_C3 test[0] k=8  dim=576  frames=179  σ=0.0  fold=2 ===
  BDOSC: k_hat=8  ACC=0.9385  NMI=0.9065  ARI=0.8708  1.9s

=== P1L_S2_C1 test[0] k=8  dim=576  frames=429  σ=0.0  fold=2 ===
  BDOSC: k_hat=8  ACC=0.8205  NMI=0.8755  ARI=0.7565  12.6s

=== P1L_S2_C2 test[0] k=8  dim=576  frames=432  σ=0.0  fold=2 ===
  BDOSC: k_hat=8  ACC=0.6991  NMI=0.7798  ARI=0.5758  13.3s

=== P1L_S2_C3 test[0] k=8  dim=576  frames=288  σ=0.0  fold=2 ===
  BDOSC: k_hat=8  ACC=0.9444  NMI=0.9173  ARI=0.8737  5.1s

=== P1L_S3_C1 test[0] k=8  dim=576  frames=417  σ=0.0  fold=2 ===
  BDOSC: k_hat=8  ACC=0.7938  NMI=0.8290  ARI=0.6812  11.8s

=== P1L_S3_C2 test[0] k=8  dim=576  frames=480  σ=0.0  fold=2 ===
  BDOSC: k_hat=8  ACC=0.7083  NMI=0.7471  ARI=0.5384  17.5s

=== P1L_S3_C3 test[0] k=8  dim=576  frames=349  σ=0.0  fold=2 ===
  BDOSC: k_hat=8  ACC=0.9628  NMI=0.9336  ARI=0.9180  7.9s

=== P1L_S4_C1 test[0] k=8  dim=576  frames=497  σ=0.0  fold=2 ===
  BDOSC: k_hat=8  ACC=0.6640  NMI=0.8057  ARI=0.5890  18.6s

=== P1L_S4_C2 test[0] k=8  dim=576  frames=423  σ=0.0  fold=2 ===
  BDOSC: k_hat=8  ACC=0.8558  NMI=0.8424  ARI=0.7227  12.5s

=== P1L_S4_C3 test[0] k=8  dim=576  frames=284  σ=0.0  fold=2 ===
  BDOSC: k_hat=8  ACC=0.9472  NMI=0.9151  ARI=0.8872  4.7s

=== inference time per method ===
  BDOSC: mean=9.1967s  std=4.8089s  total=1986.5s  n=216
wrote /nfs/turbo/umms-minjilab/lpullela/icassp_ssc_tv2/block_ssc_benchmark/cv/results/surveillance/split_k8_clean_min30_trials20_knownk_scaled_cv_bdosc_k8_sigma0_timing.json

=== mean over matrices ===
  BDOSC train σ=0.0: ACC=0.8159  NMI=0.8514  ARI=0.7356  n=144
  BDOSC test σ=0.0: ACC=0.8159  NMI=0.8514  ARI=0.7356  n=72

wrote /nfs/turbo/umms-minjilab/lpullela/icassp_ssc_tv2/block_ssc_benchmark/cv/results/surveillance/split_k8_clean_min30_trials20_knownk_scaled_cv_bdosc_k8_sigma0.csv
end=Sun Sep  6 18:45:51 EDT 2026
Experiment completed!
