========================================
Job: cv_bdosc_k5_s0p5
Method: BDOSC  k: 5  sigma: 0.5  tune_pool_groups: 20
========================================
host=gl3296.arc-ts.umich.edu  python=/home/lpullela/miniconda3/envs/ssc_559/bin/python  start=Sun Sep  6 18:11:49 EDT 2026
Loading P1E_S1_C1
  Y: (576, 1236)  people=25  frames/person=[60, 61, 50, 48, 51, 35, 41, 56, 55, 49, 65, 50, 63, 38, 61, 48, 50, 49, 50, 30, 42, 60, 32, 39, 53]  min=30
Loading P1E_S1_C2
  Y: (576, 1031)  people=25  frames/person=[42, 48, 31, 35, 50, 45, 30, 32, 38, 40, 61, 41, 47, 33, 46, 36, 41, 45, 42, 36, 33, 50, 53, 33, 43]  min=30
Loading P1E_S1_C3
  Y: (576, 453)  people=25  frames/person=[15, 22, 16, 16, 17, 13, 14, 19, 14, 25, 26, 12, 21, 18, 22, 19, 13, 19, 16, 15, 8, 15, 30, 20, 28]  min=8
  warning: 24 people have fewer than 30 available frames (kept all)
Loading P1E_S2_C1
  Y: (576, 1256)  people=25  frames/person=[65, 50, 50, 51, 53, 48, 49, 60, 33, 48, 61, 58, 52, 32, 55, 35, 45, 53, 40, 53, 51, 65, 64, 42, 43]  min=32
Loading P1E_S2_C2
  Y: (576, 1042)  people=25  frames/person=[33, 48, 38, 41, 53, 36, 39, 47, 51, 36, 55, 44, 43, 25, 42, 41, 37, 45, 41, 38, 40, 54, 49, 33, 33]  min=25
  warning: 1 people have fewer than 30 available frames (kept all)
Loading P1E_S2_C3
  Y: (576, 816)  people=25  frames/person=[36, 33, 28, 32, 42, 37, 31, 36, 31, 23, 42, 36, 35, 20, 33, 33, 32, 32, 32, 29, 32, 42, 38, 27, 24]  min=20
  warning: 6 people have fewer than 30 available frames (kept all)
Loading P1E_S3_C1
  Y: (576, 1255)  people=25  frames/person=[43, 39, 47, 52, 58, 96, 42, 31, 79, 33, 67, 55, 44, 34, 40, 48, 54, 77, 45, 41, 46, 53, 56, 38, 37]  min=31
Loading P1E_S3_C2
  Y: (576, 1126)  people=25  frames/person=[57, 56, 35, 40, 49, 75, 34, 40, 70, 26, 65, 54, 43, 28, 32, 43, 48, 31, 36, 33, 42, 71, 57, 30, 31]  min=26
  warning: 2 people have fewer than 30 available frames (kept all)
Loading P1E_S3_C3
  Y: (576, 866)  people=25  frames/person=[43, 36, 24, 33, 37, 47, 29, 37, 55, 18, 40, 40, 31, 22, 30, 39, 35, 45, 30, 28, 30, 50, 42, 20, 25]  min=18
  warning: 7 people have fewer than 30 available frames (kept all)
Loading P1E_S4_C1
  Y: (576, 1247)  people=25  frames/person=[58, 54, 34, 56, 50, 59, 50, 56, 74, 38, 75, 35, 46, 31, 53, 40, 57, 32, 56, 33, 48, 67, 59, 48, 38]  min=31
Loading P1E_S4_C2
  Y: (576, 1051)  people=25  frames/person=[37, 37, 41, 46, 41, 49, 38, 45, 65, 30, 39, 48, 50, 34, 43, 36, 47, 52, 45, 37, 38, 50, 30, 37, 36]  min=30
Loading P1E_S4_C3
  Y: (576, 719)  people=25  frames/person=[28, 29, 22, 29, 24, 36, 31, 29, 33, 25, 37, 19, 28, 21, 25, 27, 25, 41, 27, 29, 26, 31, 45, 29, 23]  min=19
  warning: 18 people have fewer than 30 available frames (kept all)
Loading P1L_S1_C1
  Y: (576, 1391)  people=25  frames/person=[65, 68, 43, 64, 47, 40, 58, 33, 75, 41, 58, 72, 58, 49, 66, 67, 65, 43, 59, 57, 58, 51, 67, 32, 55]  min=32
Loading P1L_S1_C2
  Y: (576, 1309)  people=25  frames/person=[30, 65, 37, 63, 66, 54, 52, 52, 43, 49, 71, 49, 58, 48, 54, 66, 56, 36, 48, 49, 55, 66, 52, 39, 51]  min=30
Loading P1L_S1_C3
  Y: (576, 565)  people=25  frames/person=[27, 29, 20, 26, 19, 25, 22, 12, 28, 25, 20, 25, 23, 18, 21, 23, 25, 26, 23, 21, 18, 18, 30, 18, 23]  min=12
  warning: 24 people have fewer than 30 available frames (kept all)
Loading P1L_S2_C1
  Y: (576, 1470)  people=25  frames/person=[73, 68, 53, 64, 65, 41, 73, 55, 37, 31, 82, 75, 63, 45, 34, 48, 74, 84, 71, 64, 62, 65, 48, 33, 62]  min=31
Loading P1L_S2_C2
  Y: (576, 1393)  people=25  frames/person=[64, 65, 49, 62, 69, 69, 63, 61, 80, 34, 89, 57, 53, 52, 55, 38, 30, 30, 66, 36, 57, 51, 73, 41, 49]  min=30
Loading P1L_S2_C3
  Y: (576, 897)  people=25  frames/person=[40, 36, 29, 28, 35, 37, 36, 36, 50, 28, 55, 46, 34, 31, 35, 32, 30, 48, 37, 29, 36, 39, 45, 19, 26]  min=19
  warning: 6 people have fewer than 30 available frames (kept all)
Loading P1L_S3_C1
  Y: (576, 1329)  people=25  frames/person=[31, 33, 30, 51, 74, 75, 59, 65, 66, 43, 47, 39, 65, 50, 58, 71, 67, 36, 57, 35, 62, 31, 74, 59, 51]  min=30
Loading P1L_S3_C2
  Y: (576, 1472)  people=25  frames/person=[78, 38, 48, 51, 54, 71, 61, 71, 32, 50, 75, 38, 72, 63, 48, 67, 49, 87, 52, 56, 58, 85, 73, 56, 39]  min=32
Loading P1L_S3_C3
  Y: (576, 1105)  people=25  frames/person=[48, 44, 38, 38, 39, 45, 35, 55, 52, 26, 81, 39, 36, 36, 44, 54, 42, 61, 38, 31, 34, 53, 51, 44, 41]  min=26
  warning: 1 people have fewer than 30 available frames (kept all)
Loading P1L_S4_C1
  Y: (576, 1443)  people=25  frames/person=[50, 69, 44, 41, 78, 43, 32, 71, 45, 65, 59, 39, 56, 57, 68, 69, 70, 73, 51, 63, 47, 70, 57, 52, 74]  min=32
Loading P1L_S4_C2
  Y: (576, 1327)  people=25  frames/person=[71, 34, 39, 54, 63, 67, 52, 39, 52, 56, 59, 50, 51, 53, 63, 50, 71, 63, 48, 35, 31, 71, 43, 52, 60]  min=31
Loading P1L_S4_C3
  Y: (576, 880)  people=25  frames/person=[37, 41, 23, 26, 32, 34, 22, 32, 50, 29, 38, 44, 31, 34, 37, 39, 39, 39, 38, 26, 25, 50, 41, 33, 40]  min=22
  warning: 6 people have fewer than 30 available frames (kept all)
sequences=24  people=25  k=5
frames/person ~ Unif[30, 100]
down_hw=24  sigmas=(0.5,)  n_trials=20  known_k=True  csv=split_k5_sigmas_min30_trials20_knownk_cv_bdosc_k5_sigma0p5.csv
SSC-Block-TV block_size searched in [2, 12]
CV mode: 5 folds of size 5, each rotated as test
  group 0: ['0006', '0013', '0014', '0022', '0027']
  group 1: ['0004', '0009', '0019', '0025', '0026']
  group 2: ['0001', '0005', '0011', '0023', '0024']
  group 3: ['0007', '0010', '0015', '0016', '0021']
  group 4: ['0003', '0012', '0017', '0018', '0020']
methods=['BDOSC']  append=False  hetero_noise=False  no_tune=False
  tune_pool_groups=20: sampling from 20 held-in people (overlap allowed) instead of the 4 fixed partition group(s)

============================================================
σ=0.5 fold=0  test=['0006', '0013', '0014', '0022', '0027']  train mats=96  test mats=24  tune mats=480
  BDOSC: skip tuning, fixed lambda_1=0.2, lambda_2=1, gamma_1=0.01, p=1.1, max_iter=50
  wrote /nfs/turbo/umms-minjilab/lpullela/icassp_ssc_tv2/block_ssc_benchmark/cv/params/surveillance/split_k5_sigmas_min30_trials20_params_knownk_cv_bdosc_k5_sigma0p5_sigma0.5_fold0.json

=== P1E_S1_C1 train[0] k=5  dim=576  frames=212  σ=0.5  fold=0 ===
  BDOSC: k_hat=5  ACC=0.6179  NMI=0.7422  ARI=0.5506  4.9s

=== P1E_S1_C1 train[1] k=5  dim=576  frames=265  σ=0.5  fold=0 ===
  BDOSC: k_hat=5  ACC=0.7434  NMI=0.6914  ARI=0.5277  4.6s

=== P1E_S1_C1 train[2] k=5  dim=576  frames=242  σ=0.5  fold=0 ===
  BDOSC: k_hat=5  ACC=0.5868  NMI=0.6130  ARI=0.4082  3.9s

=== P1E_S1_C1 train[3] k=5  dim=576  frames=268  σ=0.5  fold=0 ===
  BDOSC: k_hat=5  ACC=0.6567  NMI=0.6910  ARI=0.5397  4.6s

=== P1E_S1_C2 train[0] k=5  dim=576  frames=188  σ=0.5  fold=0 ===
  BDOSC: k_hat=5  ACC=0.4947  NMI=0.5828  ARI=0.3137  2.3s

=== P1E_S1_C2 train[1] k=5  dim=576  frames=198  σ=0.5  fold=0 ===
  BDOSC: k_hat=5  ACC=0.6010  NMI=0.6418  ARI=0.4290  2.6s

=== P1E_S1_C2 train[2] k=5  dim=576  frames=199  σ=0.5  fold=0 ===
  BDOSC: k_hat=5  ACC=0.7688  NMI=0.7288  ARI=0.6086  2.7s

=== P1E_S1_C2 train[3] k=5  dim=576  frames=215  σ=0.5  fold=0 ===
  BDOSC: k_hat=5  ACC=0.7907  NMI=0.7297  ARI=0.5877  3.1s

=== P1E_S1_C3 train[0] k=5  dim=576  frames=93  σ=0.5  fold=0 ===
  BDOSC: k_hat=5  ACC=0.7957  NMI=0.7348  ARI=0.6116  0.7s

=== P1E_S1_C3 train[1] k=5  dim=576  frames=68  σ=0.5  fold=0 ===
  BDOSC: k_hat=5  ACC=0.7794  NMI=0.7154  ARI=0.5853  0.4s

=== P1E_S1_C3 train[2] k=5  dim=576  frames=87  σ=0.5  fold=0 ===
  BDOSC: k_hat=5  ACC=0.9195  NMI=0.8482  ARI=0.8039  0.6s

=== P1E_S1_C3 train[3] k=5  dim=576  frames=107  σ=0.5  fold=0 ===
  BDOSC: k_hat=5  ACC=0.8692  NMI=0.8041  ARI=0.7027  0.9s

=== P1E_S2_C1 train[0] k=5  dim=576  frames=250  σ=0.5  fold=0 ===
  BDOSC: k_hat=5  ACC=0.6280  NMI=0.6499  ARI=0.4711  4.1s

=== P1E_S2_C1 train[1] k=5  dim=576  frames=265  σ=0.5  fold=0 ===
  BDOSC: k_hat=5  ACC=0.6868  NMI=0.7323  ARI=0.6167  4.6s

=== P1E_S2_C1 train[2] k=5  dim=576  frames=232  σ=0.5  fold=0 ===
  BDOSC: k_hat=5  ACC=0.4957  NMI=0.5838  ARI=0.3240  3.5s

=== P1E_S2_C1 train[3] k=5  dim=576  frames=241  σ=0.5  fold=0 ===
  BDOSC: k_hat=5  ACC=0.4647  NMI=0.4636  ARI=0.1804  3.9s

=== P1E_S2_C2 train[0] k=5  dim=576  frames=196  σ=0.5  fold=0 ===
  BDOSC: k_hat=5  ACC=0.6020  NMI=0.7013  ARI=0.5273  2.6s

=== P1E_S2_C2 train[1] k=5  dim=576  frames=219  σ=0.5  fold=0 ===
  BDOSC: k_hat=5  ACC=0.8311  NMI=0.7696  ARI=0.6692  3.3s

=== P1E_S2_C2 train[2] k=5  dim=576  frames=192  σ=0.5  fold=0 ===
  BDOSC: k_hat=5  ACC=0.6562  NMI=0.6325  ARI=0.4199  2.5s

=== P1E_S2_C2 train[3] k=5  dim=576  frames=212  σ=0.5  fold=0 ===
  BDOSC: k_hat=5  ACC=0.7311  NMI=0.7002  ARI=0.5566  3.0s

=== P1E_S2_C3 train[0] k=5  dim=576  frames=156  σ=0.5  fold=0 ===
  BDOSC: k_hat=5  ACC=0.6154  NMI=0.6975  ARI=0.5035  1.7s

=== P1E_S2_C3 train[1] k=5  dim=576  frames=173  σ=0.5  fold=0 ===
  BDOSC: k_hat=5  ACC=0.4104  NMI=0.6037  ARI=0.3133  2.0s

=== P1E_S2_C3 train[2] k=5  dim=576  frames=160  σ=0.5  fold=0 ===
  BDOSC: k_hat=5  ACC=0.5687  NMI=0.6412  ARI=0.4559  1.8s

=== P1E_S2_C3 train[3] k=5  dim=576  frames=154  σ=0.5  fold=0 ===
  BDOSC: k_hat=5  ACC=0.5455  NMI=0.6157  ARI=0.3882  1.6s

=== P1E_S3_C1 train[0] k=5  dim=576  frames=237  σ=0.5  fold=0 ===
  BDOSC: k_hat=5  ACC=0.6582  NMI=0.7260  ARI=0.5681  3.8s

=== P1E_S3_C1 train[1] k=5  dim=576  frames=273  σ=0.5  fold=0 ===
  BDOSC: k_hat=5  ACC=0.5385  NMI=0.5952  ARI=0.3337  5.0s

=== P1E_S3_C1 train[2] k=5  dim=576  frames=250  σ=0.5  fold=0 ===
  BDOSC: k_hat=5  ACC=0.7200  NMI=0.7010  ARI=0.5824  4.1s

=== P1E_S3_C1 train[3] k=5  dim=576  frames=237  σ=0.5  fold=0 ===
  BDOSC: k_hat=5  ACC=0.4895  NMI=0.6509  ARI=0.4052  3.7s

=== P1E_S3_C2 train[0] k=5  dim=576  frames=204  σ=0.5  fold=0 ===
  BDOSC: k_hat=5  ACC=0.8137  NMI=0.7339  ARI=0.6061  2.8s

=== P1E_S3_C2 train[1] k=5  dim=576  frames=280  σ=0.5  fold=0 ===
  BDOSC: k_hat=5  ACC=0.7143  NMI=0.6801  ARI=0.5589  5.3s

=== P1E_S3_C2 train[2] k=5  dim=576  frames=222  σ=0.5  fold=0 ===
  BDOSC: k_hat=5  ACC=0.6486  NMI=0.6779  ARI=0.5303  3.3s

=== P1E_S3_C2 train[3] k=5  dim=576  frames=188  σ=0.5  fold=0 ===
  BDOSC: k_hat=5  ACC=0.5266  NMI=0.6160  ARI=0.4009  2.3s

=== P1E_S3_C3 train[0] k=5  dim=576  frames=150  σ=0.5  fold=0 ===
  BDOSC: k_hat=5  ACC=0.6467  NMI=0.7426  ARI=0.5716  1.5s

=== P1E_S3_C3 train[1] k=5  dim=576  frames=211  σ=0.5  fold=0 ===
  BDOSC: k_hat=5  ACC=0.5403  NMI=0.5896  ARI=0.3403  3.0s

=== P1E_S3_C3 train[2] k=5  dim=576  frames=167  σ=0.5  fold=0 ===
  BDOSC: k_hat=5  ACC=0.6347  NMI=0.7072  ARI=0.5425  1.9s

=== P1E_S3_C3 train[3] k=5  dim=576  frames=168  σ=0.5  fold=0 ===
  BDOSC: k_hat=5  ACC=0.5714  NMI=0.5691  ARI=0.2942  1.9s

=== P1E_S4_C1 train[0] k=5  dim=576  frames=248  σ=0.5  fold=0 ===
  BDOSC: k_hat=5  ACC=0.5202  NMI=0.5172  ARI=0.2474  4.0s

=== P1E_S4_C1 train[1] k=5  dim=576  frames=303  σ=0.5  fold=0 ===
  BDOSC: k_hat=5  ACC=0.7426  NMI=0.7661  ARI=0.6391  6.2s

=== P1E_S4_C1 train[2] k=5  dim=576  frames=248  σ=0.5  fold=0 ===
  BDOSC: k_hat=5  ACC=0.5242  NMI=0.5418  ARI=0.2625  4.0s

=== P1E_S4_C1 train[3] k=5  dim=576  frames=217  σ=0.5  fold=0 ===
  BDOSC: k_hat=5  ACC=0.5576  NMI=0.6207  ARI=0.3496  3.1s

=== P1E_S4_C2 train[0] k=5  dim=576  frames=193  σ=0.5  fold=0 ===
  BDOSC: k_hat=5  ACC=0.5907  NMI=0.7325  ARI=0.5441  2.4s

=== P1E_S4_C2 train[1] k=5  dim=576  frames=236  σ=0.5  fold=0 ===
  BDOSC: k_hat=5  ACC=0.6229  NMI=0.6669  ARI=0.4493  3.5s

=== P1E_S4_C2 train[2] k=5  dim=576  frames=223  σ=0.5  fold=0 ===
  BDOSC: k_hat=5  ACC=0.7399  NMI=0.7315  ARI=0.5947  3.3s

=== P1E_S4_C2 train[3] k=5  dim=576  frames=198  σ=0.5  fold=0 ===
  BDOSC: k_hat=5  ACC=0.6970  NMI=0.7346  ARI=0.5829  2.6s

=== P1E_S4_C3 train[0] k=5  dim=576  frames=152  σ=0.5  fold=0 ===
  BDOSC: k_hat=5  ACC=0.6382  NMI=0.6694  ARI=0.4836  1.6s

=== P1E_S4_C3 train[1] k=5  dim=576  frames=147  σ=0.5  fold=0 ===
  BDOSC: k_hat=5  ACC=0.6054  NMI=0.6854  ARI=0.5201  1.5s

=== P1E_S4_C3 train[2] k=5  dim=576  frames=141  σ=0.5  fold=0 ===
  BDOSC: k_hat=5  ACC=0.7021  NMI=0.6446  ARI=0.4410  1.4s

=== P1E_S4_C3 train[3] k=5  dim=576  frames=147  σ=0.5  fold=0 ===
  BDOSC: k_hat=5  ACC=0.5714  NMI=0.6128  ARI=0.4012  1.5s

=== P1L_S1_C1 train[0] k=5  dim=576  frames=265  σ=0.5  fold=0 ===
  BDOSC: k_hat=5  ACC=0.6830  NMI=0.7252  ARI=0.5748  4.7s

=== P1L_S1_C1 train[1] k=5  dim=576  frames=313  σ=0.5  fold=0 ===
  BDOSC: k_hat=5  ACC=0.5751  NMI=0.6550  ARI=0.4556  6.6s

=== P1L_S1_C1 train[2] k=5  dim=576  frames=239  σ=0.5  fold=0 ===
  BDOSC: k_hat=5  ACC=0.8494  NMI=0.7911  ARI=0.7256  3.8s

=== P1L_S1_C1 train[3] k=5  dim=576  frames=285  σ=0.5  fold=0 ===
  BDOSC: k_hat=5  ACC=0.7088  NMI=0.6651  ARI=0.4516  5.6s

=== P1L_S1_C2 train[0] k=5  dim=576  frames=236  σ=0.5  fold=0 ===
  BDOSC: k_hat=5  ACC=0.6356  NMI=0.6650  ARI=0.5033  3.5s

=== P1L_S1_C2 train[1] k=5  dim=576  frames=257  σ=0.5  fold=0 ===
  BDOSC: k_hat=5  ACC=0.6770  NMI=0.7209  ARI=0.5500  4.6s

=== P1L_S1_C2 train[2] k=5  dim=576  frames=260  σ=0.5  fold=0 ===
  BDOSC: k_hat=5  ACC=0.6423  NMI=0.7132  ARI=0.5361  4.5s

=== P1L_S1_C2 train[3] k=5  dim=576  frames=270  σ=0.5  fold=0 ===
  BDOSC: k_hat=5  ACC=0.7593  NMI=0.8316  ARI=0.7336  4.9s

=== P1L_S1_C3 train[0] k=5  dim=576  frames=115  σ=0.5  fold=0 ===
  BDOSC: k_hat=5  ACC=0.6000  NMI=0.6812  ARI=0.4971  0.9s

=== P1L_S1_C3 train[1] k=5  dim=576  frames=117  σ=0.5  fold=0 ===
  BDOSC: k_hat=5  ACC=0.6923  NMI=0.7080  ARI=0.5163  1.0s

=== P1L_S1_C3 train[2] k=5  dim=576  frames=101  σ=0.5  fold=0 ===
  BDOSC: k_hat=5  ACC=0.7525  NMI=0.6792  ARI=0.5199  0.8s

=== P1L_S1_C3 train[3] k=5  dim=576  frames=124  σ=0.5  fold=0 ===
  BDOSC: k_hat=5  ACC=0.4677  NMI=0.6710  ARI=0.3809  1.1s

=== P1L_S2_C1 train[0] k=5  dim=576  frames=281  σ=0.5  fold=0 ===
  BDOSC: k_hat=5  ACC=0.5943  NMI=0.6930  ARI=0.4607  5.3s

=== P1L_S2_C1 train[1] k=5  dim=576  frames=301  σ=0.5  fold=0 ===
  BDOSC: k_hat=5  ACC=0.5050  NMI=0.4848  ARI=0.2190  6.0s

=== P1L_S2_C1 train[2] k=5  dim=576  frames=275  σ=0.5  fold=0 ===
  BDOSC: k_hat=5  ACC=0.4000  NMI=0.5192  ARI=0.2102  5.0s

=== P1L_S2_C1 train[3] k=5  dim=576  frames=265  σ=0.5  fold=0 ===
  BDOSC: k_hat=5  ACC=0.5660  NMI=0.5986  ARI=0.3992  4.7s

=== P1L_S2_C2 train[0] k=5  dim=576  frames=256  σ=0.5  fold=0 ===
  BDOSC: k_hat=5  ACC=0.5938  NMI=0.5402  ARI=0.3065  5.0s

=== P1L_S2_C2 train[1] k=5  dim=576  frames=314  σ=0.5  fold=0 ===
  BDOSC: k_hat=5  ACC=0.5860  NMI=0.5808  ARI=0.3241  6.6s

=== P1L_S2_C2 train[2] k=5  dim=576  frames=301  σ=0.5  fold=0 ===
  BDOSC: k_hat=5  ACC=0.6412  NMI=0.6816  ARI=0.5073  6.0s

=== P1L_S2_C2 train[3] k=5  dim=576  frames=222  σ=0.5  fold=0 ===
  BDOSC: k_hat=5  ACC=0.4685  NMI=0.5425  ARI=0.2779  3.3s

=== P1L_S2_C3 train[0] k=5  dim=576  frames=159  σ=0.5  fold=0 ===
  BDOSC: k_hat=5  ACC=0.6604  NMI=0.6372  ARI=0.4222  1.7s

=== P1L_S2_C3 train[1] k=5  dim=576  frames=193  σ=0.5  fold=0 ===
  BDOSC: k_hat=5  ACC=0.5648  NMI=0.6227  ARI=0.3815  2.4s

=== P1L_S2_C3 train[2] k=5  dim=576  frames=175  σ=0.5  fold=0 ===
  BDOSC: k_hat=5  ACC=0.6457  NMI=0.7217  ARI=0.5736  2.0s

=== P1L_S2_C3 train[3] k=5  dim=576  frames=179  σ=0.5  fold=0 ===
  BDOSC: k_hat=5  ACC=0.4693  NMI=0.6416  ARI=0.3775  2.1s

=== P1L_S3_C1 train[0] k=5  dim=576  frames=289  σ=0.5  fold=0 ===
  BDOSC: k_hat=5  ACC=0.5813  NMI=0.6643  ARI=0.4862  5.6s

=== P1L_S3_C1 train[1] k=5  dim=576  frames=241  σ=0.5  fold=0 ===
  BDOSC: k_hat=5  ACC=0.6639  NMI=0.6933  ARI=0.5357  3.9s

=== P1L_S3_C1 train[2] k=5  dim=576  frames=312  σ=0.5  fold=0 ===
  BDOSC: k_hat=5  ACC=0.6442  NMI=0.6621  ARI=0.5015  6.5s

=== P1L_S3_C1 train[3] k=5  dim=576  frames=241  σ=0.5  fold=0 ===
  BDOSC: k_hat=5  ACC=0.6598  NMI=0.6267  ARI=0.4612  3.9s

=== P1L_S3_C2 train[0] k=5  dim=576  frames=287  σ=0.5  fold=0 ===
  BDOSC: k_hat=5  ACC=0.5226  NMI=0.5905  ARI=0.3621  5.6s

=== P1L_S3_C2 train[1] k=5  dim=576  frames=304  σ=0.5  fold=0 ===
  BDOSC: k_hat=5  ACC=0.6250  NMI=0.6451  ARI=0.4577  6.2s

=== P1L_S3_C2 train[2] k=5  dim=576  frames=329  σ=0.5  fold=0 ===
  BDOSC: k_hat=5  ACC=0.5410  NMI=0.5821  ARI=0.3463  7.3s

=== P1L_S3_C2 train[3] k=5  dim=576  frames=290  σ=0.5  fold=0 ===
  BDOSC: k_hat=5  ACC=0.6138  NMI=0.5891  ARI=0.3976  5.7s

=== P1L_S3_C3 train[0] k=5  dim=576  frames=210  σ=0.5  fold=0 ===
  BDOSC: k_hat=5  ACC=0.5476  NMI=0.5740  ARI=0.2734  2.9s

=== P1L_S3_C3 train[1] k=5  dim=576  frames=225  σ=0.5  fold=0 ===
  BDOSC: k_hat=5  ACC=0.5956  NMI=0.6024  ARI=0.3583  3.3s

=== P1L_S3_C3 train[2] k=5  dim=576  frames=210  σ=0.5  fold=0 ===
  BDOSC: k_hat=5  ACC=0.7143  NMI=0.6822  ARI=0.4822  2.9s

=== P1L_S3_C3 train[3] k=5  dim=576  frames=229  σ=0.5  fold=0 ===
  BDOSC: k_hat=5  ACC=0.6376  NMI=0.6740  ARI=0.5010  3.5s

=== P1L_S4_C1 train[0] k=5  dim=576  frames=255  σ=0.5  fold=0 ===
  BDOSC: k_hat=5  ACC=0.5804  NMI=0.6119  ARI=0.3831  4.5s

=== P1L_S4_C1 train[1] k=5  dim=576  frames=253  σ=0.5  fold=0 ===
  BDOSC: k_hat=5  ACC=0.4980  NMI=0.5412  ARI=0.2582  4.3s

=== P1L_S4_C1 train[2] k=5  dim=576  frames=278  σ=0.5  fold=0 ===
  BDOSC: k_hat=5  ACC=0.7050  NMI=0.6417  ARI=0.4750  5.2s

=== P1L_S4_C1 train[3] k=5  dim=576  frames=344  σ=0.5  fold=0 ===
  BDOSC: k_hat=5  ACC=0.6977  NMI=0.7345  ARI=0.6015  8.1s

=== P1L_S4_C2 train[0] k=5  dim=576  frames=257  σ=0.5  fold=0 ===
  BDOSC: k_hat=5  ACC=0.5525  NMI=0.6429  ARI=0.4528  4.6s

=== P1L_S4_C2 train[1] k=5  dim=576  frames=279  σ=0.5  fold=0 ===
  BDOSC: k_hat=5  ACC=0.6452  NMI=0.6600  ARI=0.5115  5.4s

=== P1L_S4_C2 train[2] k=5  dim=576  frames=258  σ=0.5  fold=0 ===
  BDOSC: k_hat=5  ACC=0.5233  NMI=0.6972  ARI=0.5023  4.5s

=== P1L_S4_C2 train[3] k=5  dim=576  frames=266  σ=0.5  fold=0 ===
  BDOSC: k_hat=5  ACC=0.6842  NMI=0.6645  ARI=0.5042  4.7s

=== P1L_S4_C3 train[0] k=5  dim=576  frames=158  σ=0.5  fold=0 ===
  BDOSC: k_hat=5  ACC=0.6646  NMI=0.7290  ARI=0.5806  1.7s

=== P1L_S4_C3 train[1] k=5  dim=576  frames=188  σ=0.5  fold=0 ===
  BDOSC: k_hat=5  ACC=0.4787  NMI=0.5510  ARI=0.2900  2.3s

=== P1L_S4_C3 train[2] k=5  dim=576  frames=169  σ=0.5  fold=0 ===
  BDOSC: k_hat=5  ACC=0.5858  NMI=0.6636  ARI=0.4708  1.9s

=== P1L_S4_C3 train[3] k=5  dim=576  frames=185  σ=0.5  fold=0 ===
  BDOSC: k_hat=5  ACC=0.7514  NMI=0.7349  ARI=0.5993  2.3s

=== P1E_S1_C1 test[0] k=5  dim=576  frames=249  σ=0.5  fold=0 ===
  BDOSC: k_hat=5  ACC=0.5261  NMI=0.5789  ARI=0.3067  4.1s

=== P1E_S1_C2 test[0] k=5  dim=576  frames=231  σ=0.5  fold=0 ===
  BDOSC: k_hat=5  ACC=0.5844  NMI=0.6650  ARI=0.4546  3.6s

=== P1E_S1_C3 test[0] k=5  dim=576  frames=98  σ=0.5  fold=0 ===
  BDOSC: k_hat=5  ACC=0.6735  NMI=0.7023  ARI=0.5428  0.8s

=== P1E_S2_C1 test[0] k=5  dim=576  frames=268  σ=0.5  fold=0 ===
  BDOSC: k_hat=5  ACC=0.4851  NMI=0.5223  ARI=0.2377  4.5s

=== P1E_S2_C2 test[0] k=5  dim=576  frames=223  σ=0.5  fold=0 ===
  BDOSC: k_hat=5  ACC=0.4798  NMI=0.6058  ARI=0.3925  3.3s

=== P1E_S2_C3 test[0] k=5  dim=576  frames=173  σ=0.5  fold=0 ===
  BDOSC: k_hat=5  ACC=0.5954  NMI=0.7031  ARI=0.5237  2.0s

=== P1E_S3_C1 test[0] k=5  dim=576  frames=258  σ=0.5  fold=0 ===
  BDOSC: k_hat=5  ACC=0.6977  NMI=0.6179  ARI=0.4183  4.5s

=== P1E_S3_C2 test[0] k=5  dim=576  frames=232  σ=0.5  fold=0 ===
  BDOSC: k_hat=5  ACC=0.5991  NMI=0.6768  ARI=0.4827  3.5s

=== P1E_S3_C3 test[0] k=5  dim=576  frames=170  σ=0.5  fold=0 ===
  BDOSC: k_hat=5  ACC=0.7235  NMI=0.6803  ARI=0.4981  2.0s

=== P1E_S4_C1 test[0] k=5  dim=576  frames=231  σ=0.5  fold=0 ===
  BDOSC: k_hat=5  ACC=0.6753  NMI=0.6767  ARI=0.4876  3.6s

=== P1E_S4_C2 test[0] k=5  dim=576  frames=201  σ=0.5  fold=0 ===
  BDOSC: k_hat=5  ACC=0.6418  NMI=0.7102  ARI=0.5542  2.7s

=== P1E_S4_C3 test[0] k=5  dim=576  frames=132  σ=0.5  fold=0 ===
  BDOSC: k_hat=5  ACC=0.7197  NMI=0.7205  ARI=0.5869  1.2s

=== P1L_S1_C1 test[0] k=5  dim=576  frames=289  σ=0.5  fold=0 ===
  BDOSC: k_hat=5  ACC=0.6713  NMI=0.6880  ARI=0.5179  5.6s

=== P1L_S1_C2 test[0] k=5  dim=576  frames=286  σ=0.5  fold=0 ===
  BDOSC: k_hat=5  ACC=0.6119  NMI=0.6979  ARI=0.5393  5.5s

=== P1L_S1_C3 test[0] k=5  dim=576  frames=108  σ=0.5  fold=0 ===
  BDOSC: k_hat=5  ACC=0.7222  NMI=0.6487  ARI=0.4458  0.8s

=== P1L_S2_C1 test[0] k=5  dim=576  frames=348  σ=0.5  fold=0 ===
  BDOSC: k_hat=5  ACC=0.7414  NMI=0.6936  ARI=0.5016  8.5s

=== P1L_S2_C2 test[0] k=5  dim=576  frames=300  σ=0.5  fold=0 ===
  BDOSC: k_hat=5  ACC=0.5100  NMI=0.5739  ARI=0.3541  5.7s

=== P1L_S2_C3 test[0] k=5  dim=576  frames=191  σ=0.5  fold=0 ===
  BDOSC: k_hat=5  ACC=0.6963  NMI=0.7566  ARI=0.6074  2.4s

=== P1L_S3_C1 test[0] k=5  dim=576  frames=246  σ=0.5  fold=0 ===
  BDOSC: k_hat=5  ACC=0.6626  NMI=0.6557  ARI=0.5539  4.0s

=== P1L_S3_C2 test[0] k=5  dim=576  frames=262  σ=0.5  fold=0 ===
  BDOSC: k_hat=5  ACC=0.7405  NMI=0.7006  ARI=0.5576  4.6s

=== P1L_S3_C3 test[0] k=5  dim=576  frames=231  σ=0.5  fold=0 ===
  BDOSC: k_hat=5  ACC=0.8052  NMI=0.7588  ARI=0.6851  3.5s

=== P1L_S4_C1 test[0] k=5  dim=576  frames=313  σ=0.5  fold=0 ===
  BDOSC: k_hat=5  ACC=0.6709  NMI=0.7295  ARI=0.5720  6.6s

=== P1L_S4_C2 test[0] k=5  dim=576  frames=267  σ=0.5  fold=0 ===
  BDOSC: k_hat=5  ACC=0.8352  NMI=0.7474  ARI=0.6709  4.7s

=== P1L_S4_C3 test[0] k=5  dim=576  frames=180  σ=0.5  fold=0 ===
  BDOSC: k_hat=5  ACC=0.9222  NMI=0.8620  ARI=0.8139  2.2s
  tune_pool_groups=20: sampling from 20 held-in people (overlap allowed) instead of the 4 fixed partition group(s)

============================================================
σ=0.5 fold=1  test=['0004', '0009', '0019', '0025', '0026']  train mats=96  test mats=24  tune mats=480
  BDOSC: skip tuning, fixed lambda_1=0.2, lambda_2=1, gamma_1=0.01, p=1.1, max_iter=50
  wrote /nfs/turbo/umms-minjilab/lpullela/icassp_ssc_tv2/block_ssc_benchmark/cv/params/surveillance/split_k5_sigmas_min30_trials20_params_knownk_cv_bdosc_k5_sigma0p5_sigma0.5_fold1.json

=== P1E_S1_C1 train[0] k=5  dim=576  frames=249  σ=0.5  fold=1 ===
  BDOSC: k_hat=5  ACC=0.5261  NMI=0.5789  ARI=0.3067  4.1s

=== P1E_S1_C1 train[1] k=5  dim=576  frames=265  σ=0.5  fold=1 ===
  BDOSC: k_hat=5  ACC=0.7434  NMI=0.6914  ARI=0.5277  4.6s

=== P1E_S1_C1 train[2] k=5  dim=576  frames=242  σ=0.5  fold=1 ===
  BDOSC: k_hat=5  ACC=0.5868  NMI=0.6130  ARI=0.4082  3.9s

=== P1E_S1_C1 train[3] k=5  dim=576  frames=268  σ=0.5  fold=1 ===
  BDOSC: k_hat=5  ACC=0.6567  NMI=0.6910  ARI=0.5397  4.5s

=== P1E_S1_C2 train[0] k=5  dim=576  frames=231  σ=0.5  fold=1 ===
  BDOSC: k_hat=5  ACC=0.5844  NMI=0.6650  ARI=0.4546  3.6s

=== P1E_S1_C2 train[1] k=5  dim=576  frames=198  σ=0.5  fold=1 ===
  BDOSC: k_hat=5  ACC=0.6010  NMI=0.6418  ARI=0.4290  2.6s

=== P1E_S1_C2 train[2] k=5  dim=576  frames=199  σ=0.5  fold=1 ===
  BDOSC: k_hat=5  ACC=0.7688  NMI=0.7288  ARI=0.6086  2.7s

=== P1E_S1_C2 train[3] k=5  dim=576  frames=215  σ=0.5  fold=1 ===
  BDOSC: k_hat=5  ACC=0.7907  NMI=0.7297  ARI=0.5877  3.1s

=== P1E_S1_C3 train[0] k=5  dim=576  frames=98  σ=0.5  fold=1 ===
  BDOSC: k_hat=5  ACC=0.6735  NMI=0.7023  ARI=0.5428  0.8s

=== P1E_S1_C3 train[1] k=5  dim=576  frames=68  σ=0.5  fold=1 ===
  BDOSC: k_hat=5  ACC=0.7794  NMI=0.7154  ARI=0.5853  0.4s

=== P1E_S1_C3 train[2] k=5  dim=576  frames=87  σ=0.5  fold=1 ===
  BDOSC: k_hat=5  ACC=0.9195  NMI=0.8482  ARI=0.8039  0.6s

=== P1E_S1_C3 train[3] k=5  dim=576  frames=107  σ=0.5  fold=1 ===
  BDOSC: k_hat=5  ACC=0.8692  NMI=0.8041  ARI=0.7027  0.9s

=== P1E_S2_C1 train[0] k=5  dim=576  frames=268  σ=0.5  fold=1 ===
  BDOSC: k_hat=5  ACC=0.4851  NMI=0.5223  ARI=0.2377  4.5s

=== P1E_S2_C1 train[1] k=5  dim=576  frames=265  σ=0.5  fold=1 ===
  BDOSC: k_hat=5  ACC=0.6868  NMI=0.7323  ARI=0.6167  4.6s

=== P1E_S2_C1 train[2] k=5  dim=576  frames=232  σ=0.5  fold=1 ===
  BDOSC: k_hat=5  ACC=0.4957  NMI=0.5838  ARI=0.3240  3.5s

=== P1E_S2_C1 train[3] k=5  dim=576  frames=241  σ=0.5  fold=1 ===
  BDOSC: k_hat=5  ACC=0.4647  NMI=0.4636  ARI=0.1804  3.9s

=== P1E_S2_C2 train[0] k=5  dim=576  frames=223  σ=0.5  fold=1 ===
  BDOSC: k_hat=5  ACC=0.4798  NMI=0.6058  ARI=0.3925  3.3s

=== P1E_S2_C2 train[1] k=5  dim=576  frames=219  σ=0.5  fold=1 ===
  BDOSC: k_hat=5  ACC=0.8311  NMI=0.7696  ARI=0.6692  3.3s

=== P1E_S2_C2 train[2] k=5  dim=576  frames=192  σ=0.5  fold=1 ===
  BDOSC: k_hat=5  ACC=0.6562  NMI=0.6325  ARI=0.4199  2.5s

=== P1E_S2_C2 train[3] k=5  dim=576  frames=212  σ=0.5  fold=1 ===
  BDOSC: k_hat=5  ACC=0.7311  NMI=0.7002  ARI=0.5566  3.0s

=== P1E_S2_C3 train[0] k=5  dim=576  frames=173  σ=0.5  fold=1 ===
  BDOSC: k_hat=5  ACC=0.5954  NMI=0.7031  ARI=0.5237  2.0s

=== P1E_S2_C3 train[1] k=5  dim=576  frames=173  σ=0.5  fold=1 ===
  BDOSC: k_hat=5  ACC=0.4104  NMI=0.6037  ARI=0.3133  2.0s

=== P1E_S2_C3 train[2] k=5  dim=576  frames=160  σ=0.5  fold=1 ===
  BDOSC: k_hat=5  ACC=0.5687  NMI=0.6412  ARI=0.4559  1.8s

=== P1E_S2_C3 train[3] k=5  dim=576  frames=154  σ=0.5  fold=1 ===
  BDOSC: k_hat=5  ACC=0.5455  NMI=0.6157  ARI=0.3882  1.6s

=== P1E_S3_C1 train[0] k=5  dim=576  frames=258  σ=0.5  fold=1 ===
  BDOSC: k_hat=5  ACC=0.6977  NMI=0.6179  ARI=0.4183  4.5s

=== P1E_S3_C1 train[1] k=5  dim=576  frames=273  σ=0.5  fold=1 ===
  BDOSC: k_hat=5  ACC=0.5385  NMI=0.5952  ARI=0.3337  5.0s

=== P1E_S3_C1 train[2] k=5  dim=576  frames=250  σ=0.5  fold=1 ===
  BDOSC: k_hat=5  ACC=0.7200  NMI=0.7010  ARI=0.5824  4.1s

=== P1E_S3_C1 train[3] k=5  dim=576  frames=237  σ=0.5  fold=1 ===
  BDOSC: k_hat=5  ACC=0.4895  NMI=0.6509  ARI=0.4052  3.8s

=== P1E_S3_C2 train[0] k=5  dim=576  frames=232  σ=0.5  fold=1 ===
  BDOSC: k_hat=5  ACC=0.5991  NMI=0.6768  ARI=0.4827  3.5s

=== P1E_S3_C2 train[1] k=5  dim=576  frames=280  σ=0.5  fold=1 ===
  BDOSC: k_hat=5  ACC=0.7143  NMI=0.6801  ARI=0.5589  5.3s

=== P1E_S3_C2 train[2] k=5  dim=576  frames=222  σ=0.5  fold=1 ===
  BDOSC: k_hat=5  ACC=0.6486  NMI=0.6779  ARI=0.5303  3.3s

=== P1E_S3_C2 train[3] k=5  dim=576  frames=188  σ=0.5  fold=1 ===
  BDOSC: k_hat=5  ACC=0.5266  NMI=0.6160  ARI=0.4009  2.3s

=== P1E_S3_C3 train[0] k=5  dim=576  frames=170  σ=0.5  fold=1 ===
  BDOSC: k_hat=5  ACC=0.7235  NMI=0.6803  ARI=0.4981  2.0s

=== P1E_S3_C3 train[1] k=5  dim=576  frames=211  σ=0.5  fold=1 ===
  BDOSC: k_hat=5  ACC=0.5403  NMI=0.5896  ARI=0.3403  3.0s

=== P1E_S3_C3 train[2] k=5  dim=576  frames=167  σ=0.5  fold=1 ===
  BDOSC: k_hat=5  ACC=0.6347  NMI=0.7072  ARI=0.5425  1.9s

=== P1E_S3_C3 train[3] k=5  dim=576  frames=168  σ=0.5  fold=1 ===
  BDOSC: k_hat=5  ACC=0.5714  NMI=0.5691  ARI=0.2942  1.9s

=== P1E_S4_C1 train[0] k=5  dim=576  frames=231  σ=0.5  fold=1 ===
  BDOSC: k_hat=5  ACC=0.6753  NMI=0.6767  ARI=0.4876  3.6s

=== P1E_S4_C1 train[1] k=5  dim=576  frames=303  σ=0.5  fold=1 ===
  BDOSC: k_hat=5  ACC=0.7426  NMI=0.7661  ARI=0.6391  6.2s

=== P1E_S4_C1 train[2] k=5  dim=576  frames=248  σ=0.5  fold=1 ===
  BDOSC: k_hat=5  ACC=0.5242  NMI=0.5418  ARI=0.2625  4.0s

=== P1E_S4_C1 train[3] k=5  dim=576  frames=217  σ=0.5  fold=1 ===
  BDOSC: k_hat=5  ACC=0.5576  NMI=0.6207  ARI=0.3496  3.1s

=== P1E_S4_C2 train[0] k=5  dim=576  frames=201  σ=0.5  fold=1 ===
  BDOSC: k_hat=5  ACC=0.6418  NMI=0.7102  ARI=0.5542  2.7s

=== P1E_S4_C2 train[1] k=5  dim=576  frames=236  σ=0.5  fold=1 ===
  BDOSC: k_hat=5  ACC=0.6229  NMI=0.6669  ARI=0.4493  3.5s

=== P1E_S4_C2 train[2] k=5  dim=576  frames=223  σ=0.5  fold=1 ===
  BDOSC: k_hat=5  ACC=0.7399  NMI=0.7315  ARI=0.5947  3.3s

=== P1E_S4_C2 train[3] k=5  dim=576  frames=198  σ=0.5  fold=1 ===
  BDOSC: k_hat=5  ACC=0.6970  NMI=0.7346  ARI=0.5829  2.6s

=== P1E_S4_C3 train[0] k=5  dim=576  frames=132  σ=0.5  fold=1 ===
  BDOSC: k_hat=5  ACC=0.7197  NMI=0.7205  ARI=0.5869  1.2s

=== P1E_S4_C3 train[1] k=5  dim=576  frames=147  σ=0.5  fold=1 ===
  BDOSC: k_hat=5  ACC=0.6054  NMI=0.6854  ARI=0.5201  1.5s

=== P1E_S4_C3 train[2] k=5  dim=576  frames=141  σ=0.5  fold=1 ===
  BDOSC: k_hat=5  ACC=0.7021  NMI=0.6446  ARI=0.4410  1.4s

=== P1E_S4_C3 train[3] k=5  dim=576  frames=147  σ=0.5  fold=1 ===
  BDOSC: k_hat=5  ACC=0.5714  NMI=0.6128  ARI=0.4012  1.5s

=== P1L_S1_C1 train[0] k=5  dim=576  frames=289  σ=0.5  fold=1 ===
  BDOSC: k_hat=5  ACC=0.6713  NMI=0.6880  ARI=0.5179  5.6s

=== P1L_S1_C1 train[1] k=5  dim=576  frames=313  σ=0.5  fold=1 ===
  BDOSC: k_hat=5  ACC=0.5751  NMI=0.6550  ARI=0.4556  6.6s

=== P1L_S1_C1 train[2] k=5  dim=576  frames=239  σ=0.5  fold=1 ===
  BDOSC: k_hat=5  ACC=0.8494  NMI=0.7911  ARI=0.7256  3.8s

=== P1L_S1_C1 train[3] k=5  dim=576  frames=285  σ=0.5  fold=1 ===
  BDOSC: k_hat=5  ACC=0.7088  NMI=0.6651  ARI=0.4516  5.6s

=== P1L_S1_C2 train[0] k=5  dim=576  frames=286  σ=0.5  fold=1 ===
  BDOSC: k_hat=5  ACC=0.6119  NMI=0.6979  ARI=0.5393  5.5s

=== P1L_S1_C2 train[1] k=5  dim=576  frames=257  σ=0.5  fold=1 ===
  BDOSC: k_hat=5  ACC=0.6770  NMI=0.7209  ARI=0.5500  4.6s

=== P1L_S1_C2 train[2] k=5  dim=576  frames=260  σ=0.5  fold=1 ===
  BDOSC: k_hat=5  ACC=0.6423  NMI=0.7132  ARI=0.5361  4.5s

=== P1L_S1_C2 train[3] k=5  dim=576  frames=270  σ=0.5  fold=1 ===
  BDOSC: k_hat=5  ACC=0.7593  NMI=0.8316  ARI=0.7336  4.9s

=== P1L_S1_C3 train[0] k=5  dim=576  frames=108  σ=0.5  fold=1 ===
  BDOSC: k_hat=5  ACC=0.7222  NMI=0.6487  ARI=0.4458  0.8s

=== P1L_S1_C3 train[1] k=5  dim=576  frames=117  σ=0.5  fold=1 ===
  BDOSC: k_hat=5  ACC=0.6923  NMI=0.7080  ARI=0.5163  1.0s

=== P1L_S1_C3 train[2] k=5  dim=576  frames=101  σ=0.5  fold=1 ===
  BDOSC: k_hat=5  ACC=0.7525  NMI=0.6792  ARI=0.5199  0.8s

=== P1L_S1_C3 train[3] k=5  dim=576  frames=124  σ=0.5  fold=1 ===
  BDOSC: k_hat=5  ACC=0.4677  NMI=0.6710  ARI=0.3809  1.1s

=== P1L_S2_C1 train[0] k=5  dim=576  frames=348  σ=0.5  fold=1 ===
  BDOSC: k_hat=5  ACC=0.7414  NMI=0.6936  ARI=0.5016  8.5s

=== P1L_S2_C1 train[1] k=5  dim=576  frames=301  σ=0.5  fold=1 ===
  BDOSC: k_hat=5  ACC=0.5050  NMI=0.4848  ARI=0.2190  6.0s

=== P1L_S2_C1 train[2] k=5  dim=576  frames=275  σ=0.5  fold=1 ===
  BDOSC: k_hat=5  ACC=0.4000  NMI=0.5192  ARI=0.2102  5.0s

=== P1L_S2_C1 train[3] k=5  dim=576  frames=265  σ=0.5  fold=1 ===
  BDOSC: k_hat=5  ACC=0.5660  NMI=0.5986  ARI=0.3992  4.7s

=== P1L_S2_C2 train[0] k=5  dim=576  frames=300  σ=0.5  fold=1 ===
  BDOSC: k_hat=5  ACC=0.5100  NMI=0.5739  ARI=0.3541  5.8s

=== P1L_S2_C2 train[1] k=5  dim=576  frames=314  σ=0.5  fold=1 ===
  BDOSC: k_hat=5  ACC=0.5860  NMI=0.5808  ARI=0.3241  6.6s

=== P1L_S2_C2 train[2] k=5  dim=576  frames=301  σ=0.5  fold=1 ===
  BDOSC: k_hat=5  ACC=0.6412  NMI=0.6816  ARI=0.5073  6.1s

=== P1L_S2_C2 train[3] k=5  dim=576  frames=222  σ=0.5  fold=1 ===
  BDOSC: k_hat=5  ACC=0.4685  NMI=0.5425  ARI=0.2779  3.4s

=== P1L_S2_C3 train[0] k=5  dim=576  frames=191  σ=0.5  fold=1 ===
  BDOSC: k_hat=5  ACC=0.6963  NMI=0.7566  ARI=0.6074  2.4s

=== P1L_S2_C3 train[1] k=5  dim=576  frames=193  σ=0.5  fold=1 ===
  BDOSC: k_hat=5  ACC=0.5648  NMI=0.6227  ARI=0.3815  2.4s

=== P1L_S2_C3 train[2] k=5  dim=576  frames=175  σ=0.5  fold=1 ===
  BDOSC: k_hat=5  ACC=0.6457  NMI=0.7217  ARI=0.5736  2.0s

=== P1L_S2_C3 train[3] k=5  dim=576  frames=179  σ=0.5  fold=1 ===
  BDOSC: k_hat=5  ACC=0.4693  NMI=0.6416  ARI=0.3775  2.1s

=== P1L_S3_C1 train[0] k=5  dim=576  frames=246  σ=0.5  fold=1 ===
  BDOSC: k_hat=5  ACC=0.6626  NMI=0.6557  ARI=0.5539  4.0s

=== P1L_S3_C1 train[1] k=5  dim=576  frames=241  σ=0.5  fold=1 ===
  BDOSC: k_hat=5  ACC=0.6639  NMI=0.6933  ARI=0.5357  3.9s

=== P1L_S3_C1 train[2] k=5  dim=576  frames=312  σ=0.5  fold=1 ===
  BDOSC: k_hat=5  ACC=0.6442  NMI=0.6621  ARI=0.5015  6.5s

=== P1L_S3_C1 train[3] k=5  dim=576  frames=241  σ=0.5  fold=1 ===
  BDOSC: k_hat=5  ACC=0.6598  NMI=0.6267  ARI=0.4612  4.0s

=== P1L_S3_C2 train[0] k=5  dim=576  frames=262  σ=0.5  fold=1 ===
  BDOSC: k_hat=5  ACC=0.7405  NMI=0.7006  ARI=0.5576  4.6s

=== P1L_S3_C2 train[1] k=5  dim=576  frames=304  σ=0.5  fold=1 ===
  BDOSC: k_hat=5  ACC=0.6250  NMI=0.6451  ARI=0.4577  6.3s

=== P1L_S3_C2 train[2] k=5  dim=576  frames=329  σ=0.5  fold=1 ===
  BDOSC: k_hat=5  ACC=0.5410  NMI=0.5821  ARI=0.3463  7.4s

=== P1L_S3_C2 train[3] k=5  dim=576  frames=290  σ=0.5  fold=1 ===
  BDOSC: k_hat=5  ACC=0.6138  NMI=0.5891  ARI=0.3976  5.7s

=== P1L_S3_C3 train[0] k=5  dim=576  frames=231  σ=0.5  fold=1 ===
  BDOSC: k_hat=5  ACC=0.8052  NMI=0.7588  ARI=0.6851  3.5s

=== P1L_S3_C3 train[1] k=5  dim=576  frames=225  σ=0.5  fold=1 ===
  BDOSC: k_hat=5  ACC=0.5956  NMI=0.6024  ARI=0.3583  3.3s

=== P1L_S3_C3 train[2] k=5  dim=576  frames=210  σ=0.5  fold=1 ===
  BDOSC: k_hat=5  ACC=0.7143  NMI=0.6822  ARI=0.4822  2.9s

=== P1L_S3_C3 train[3] k=5  dim=576  frames=229  σ=0.5  fold=1 ===
  BDOSC: k_hat=5  ACC=0.6376  NMI=0.6740  ARI=0.5010  3.5s

=== P1L_S4_C1 train[0] k=5  dim=576  frames=313  σ=0.5  fold=1 ===
  BDOSC: k_hat=5  ACC=0.6709  NMI=0.7295  ARI=0.5720  6.6s

=== P1L_S4_C1 train[1] k=5  dim=576  frames=253  σ=0.5  fold=1 ===
  BDOSC: k_hat=5  ACC=0.4980  NMI=0.5412  ARI=0.2582  4.3s

=== P1L_S4_C1 train[2] k=5  dim=576  frames=278  σ=0.5  fold=1 ===
  BDOSC: k_hat=5  ACC=0.7050  NMI=0.6417  ARI=0.4750  5.2s

=== P1L_S4_C1 train[3] k=5  dim=576  frames=344  σ=0.5  fold=1 ===
  BDOSC: k_hat=5  ACC=0.6977  NMI=0.7345  ARI=0.6015  8.1s

=== P1L_S4_C2 train[0] k=5  dim=576  frames=267  σ=0.5  fold=1 ===
  BDOSC: k_hat=5  ACC=0.8352  NMI=0.7474  ARI=0.6709  4.8s

=== P1L_S4_C2 train[1] k=5  dim=576  frames=279  σ=0.5  fold=1 ===
  BDOSC: k_hat=5  ACC=0.6452  NMI=0.6600  ARI=0.5115  5.4s

=== P1L_S4_C2 train[2] k=5  dim=576  frames=258  σ=0.5  fold=1 ===
  BDOSC: k_hat=5  ACC=0.5233  NMI=0.6972  ARI=0.5023  4.5s

=== P1L_S4_C2 train[3] k=5  dim=576  frames=266  σ=0.5  fold=1 ===
  BDOSC: k_hat=5  ACC=0.6842  NMI=0.6645  ARI=0.5042  4.7s

=== P1L_S4_C3 train[0] k=5  dim=576  frames=180  σ=0.5  fold=1 ===
  BDOSC: k_hat=5  ACC=0.9222  NMI=0.8620  ARI=0.8139  2.2s

=== P1L_S4_C3 train[1] k=5  dim=576  frames=188  σ=0.5  fold=1 ===
  BDOSC: k_hat=5  ACC=0.4787  NMI=0.5510  ARI=0.2900  2.3s

=== P1L_S4_C3 train[2] k=5  dim=576  frames=169  σ=0.5  fold=1 ===
  BDOSC: k_hat=5  ACC=0.5858  NMI=0.6636  ARI=0.4708  1.9s

=== P1L_S4_C3 train[3] k=5  dim=576  frames=185  σ=0.5  fold=1 ===
  BDOSC: k_hat=5  ACC=0.7514  NMI=0.7349  ARI=0.5993  2.3s

=== P1E_S1_C1 test[0] k=5  dim=576  frames=212  σ=0.5  fold=1 ===
  BDOSC: k_hat=5  ACC=0.6179  NMI=0.7422  ARI=0.5506  3.0s

=== P1E_S1_C2 test[0] k=5  dim=576  frames=188  σ=0.5  fold=1 ===
  BDOSC: k_hat=5  ACC=0.4947  NMI=0.5828  ARI=0.3137  2.3s

=== P1E_S1_C3 test[0] k=5  dim=576  frames=93  σ=0.5  fold=1 ===
  BDOSC: k_hat=5  ACC=0.7957  NMI=0.7348  ARI=0.6116  0.7s

=== P1E_S2_C1 test[0] k=5  dim=576  frames=250  σ=0.5  fold=1 ===
  BDOSC: k_hat=5  ACC=0.6280  NMI=0.6499  ARI=0.4711  4.1s

=== P1E_S2_C2 test[0] k=5  dim=576  frames=196  σ=0.5  fold=1 ===
  BDOSC: k_hat=5  ACC=0.6020  NMI=0.7013  ARI=0.5273  2.6s

=== P1E_S2_C3 test[0] k=5  dim=576  frames=156  σ=0.5  fold=1 ===
  BDOSC: k_hat=5  ACC=0.6154  NMI=0.6975  ARI=0.5035  1.7s

=== P1E_S3_C1 test[0] k=5  dim=576  frames=237  σ=0.5  fold=1 ===
  BDOSC: k_hat=5  ACC=0.6582  NMI=0.7260  ARI=0.5681  3.7s

=== P1E_S3_C2 test[0] k=5  dim=576  frames=204  σ=0.5  fold=1 ===
  BDOSC: k_hat=5  ACC=0.8137  NMI=0.7339  ARI=0.6061  2.8s

=== P1E_S3_C3 test[0] k=5  dim=576  frames=150  σ=0.5  fold=1 ===
  BDOSC: k_hat=5  ACC=0.6467  NMI=0.7426  ARI=0.5716  1.5s

=== P1E_S4_C1 test[0] k=5  dim=576  frames=248  σ=0.5  fold=1 ===
  BDOSC: k_hat=5  ACC=0.5202  NMI=0.5172  ARI=0.2474  4.0s

=== P1E_S4_C2 test[0] k=5  dim=576  frames=193  σ=0.5  fold=1 ===
  BDOSC: k_hat=5  ACC=0.5907  NMI=0.7325  ARI=0.5441  2.4s

=== P1E_S4_C3 test[0] k=5  dim=576  frames=152  σ=0.5  fold=1 ===
  BDOSC: k_hat=5  ACC=0.6382  NMI=0.6694  ARI=0.4836  1.6s

=== P1L_S1_C1 test[0] k=5  dim=576  frames=265  σ=0.5  fold=1 ===
  BDOSC: k_hat=5  ACC=0.6830  NMI=0.7252  ARI=0.5748  4.6s

=== P1L_S1_C2 test[0] k=5  dim=576  frames=236  σ=0.5  fold=1 ===
  BDOSC: k_hat=5  ACC=0.6356  NMI=0.6650  ARI=0.5033  3.5s

=== P1L_S1_C3 test[0] k=5  dim=576  frames=115  σ=0.5  fold=1 ===
  BDOSC: k_hat=5  ACC=0.6000  NMI=0.6812  ARI=0.4971  0.9s

=== P1L_S2_C1 test[0] k=5  dim=576  frames=281  σ=0.5  fold=1 ===
  BDOSC: k_hat=5  ACC=0.5943  NMI=0.6930  ARI=0.4607  5.3s

=== P1L_S2_C2 test[0] k=5  dim=576  frames=256  σ=0.5  fold=1 ===
  BDOSC: k_hat=5  ACC=0.5938  NMI=0.5402  ARI=0.3065  5.0s

=== P1L_S2_C3 test[0] k=5  dim=576  frames=159  σ=0.5  fold=1 ===
  BDOSC: k_hat=5  ACC=0.6604  NMI=0.6372  ARI=0.4222  1.7s

=== P1L_S3_C1 test[0] k=5  dim=576  frames=289  σ=0.5  fold=1 ===
  BDOSC: k_hat=5  ACC=0.5813  NMI=0.6643  ARI=0.4862  5.5s

=== P1L_S3_C2 test[0] k=5  dim=576  frames=287  σ=0.5  fold=1 ===
  BDOSC: k_hat=5  ACC=0.5226  NMI=0.5905  ARI=0.3621  5.6s

=== P1L_S3_C3 test[0] k=5  dim=576  frames=210  σ=0.5  fold=1 ===
  BDOSC: k_hat=5  ACC=0.5476  NMI=0.5740  ARI=0.2734  2.9s

=== P1L_S4_C1 test[0] k=5  dim=576  frames=255  σ=0.5  fold=1 ===
  BDOSC: k_hat=5  ACC=0.5804  NMI=0.6119  ARI=0.3831  4.4s

=== P1L_S4_C2 test[0] k=5  dim=576  frames=257  σ=0.5  fold=1 ===
  BDOSC: k_hat=5  ACC=0.5525  NMI=0.6429  ARI=0.4528  4.6s

=== P1L_S4_C3 test[0] k=5  dim=576  frames=158  σ=0.5  fold=1 ===
  BDOSC: k_hat=5  ACC=0.6646  NMI=0.7290  ARI=0.5806  1.7s
  tune_pool_groups=20: sampling from 20 held-in people (overlap allowed) instead of the 4 fixed partition group(s)

============================================================
σ=0.5 fold=2  test=['0001', '0005', '0011', '0023', '0024']  train mats=96  test mats=24  tune mats=480
  BDOSC: skip tuning, fixed lambda_1=0.2, lambda_2=1, gamma_1=0.01, p=1.1, max_iter=50
  wrote /nfs/turbo/umms-minjilab/lpullela/icassp_ssc_tv2/block_ssc_benchmark/cv/params/surveillance/split_k5_sigmas_min30_trials20_params_knownk_cv_bdosc_k5_sigma0p5_sigma0.5_fold2.json

=== P1E_S1_C1 train[0] k=5  dim=576  frames=249  σ=0.5  fold=2 ===
  BDOSC: k_hat=5  ACC=0.5261  NMI=0.5789  ARI=0.3067  4.1s

=== P1E_S1_C1 train[1] k=5  dim=576  frames=212  σ=0.5  fold=2 ===
  BDOSC: k_hat=5  ACC=0.6179  NMI=0.7422  ARI=0.5506  3.0s

=== P1E_S1_C1 train[2] k=5  dim=576  frames=242  σ=0.5  fold=2 ===
  BDOSC: k_hat=5  ACC=0.5868  NMI=0.6130  ARI=0.4082  3.9s

=== P1E_S1_C1 train[3] k=5  dim=576  frames=268  σ=0.5  fold=2 ===
  BDOSC: k_hat=5  ACC=0.6567  NMI=0.6910  ARI=0.5397  4.5s

=== P1E_S1_C2 train[0] k=5  dim=576  frames=231  σ=0.5  fold=2 ===
  BDOSC: k_hat=5  ACC=0.5844  NMI=0.6650  ARI=0.4546  3.6s

=== P1E_S1_C2 train[1] k=5  dim=576  frames=188  σ=0.5  fold=2 ===
  BDOSC: k_hat=5  ACC=0.4947  NMI=0.5828  ARI=0.3137  2.3s

=== P1E_S1_C2 train[2] k=5  dim=576  frames=199  σ=0.5  fold=2 ===
  BDOSC: k_hat=5  ACC=0.7688  NMI=0.7288  ARI=0.6086  2.7s

=== P1E_S1_C2 train[3] k=5  dim=576  frames=215  σ=0.5  fold=2 ===
  BDOSC: k_hat=5  ACC=0.7907  NMI=0.7297  ARI=0.5877  3.1s

=== P1E_S1_C3 train[0] k=5  dim=576  frames=98  σ=0.5  fold=2 ===
  BDOSC: k_hat=5  ACC=0.6735  NMI=0.7023  ARI=0.5428  0.8s

=== P1E_S1_C3 train[1] k=5  dim=576  frames=93  σ=0.5  fold=2 ===
  BDOSC: k_hat=5  ACC=0.7957  NMI=0.7348  ARI=0.6116  0.7s

=== P1E_S1_C3 train[2] k=5  dim=576  frames=87  σ=0.5  fold=2 ===
  BDOSC: k_hat=5  ACC=0.9195  NMI=0.8482  ARI=0.8039  0.6s

=== P1E_S1_C3 train[3] k=5  dim=576  frames=107  σ=0.5  fold=2 ===
  BDOSC: k_hat=5  ACC=0.8692  NMI=0.8041  ARI=0.7027  0.9s

=== P1E_S2_C1 train[0] k=5  dim=576  frames=268  σ=0.5  fold=2 ===
  BDOSC: k_hat=5  ACC=0.4851  NMI=0.5223  ARI=0.2377  4.5s

=== P1E_S2_C1 train[1] k=5  dim=576  frames=250  σ=0.5  fold=2 ===
  BDOSC: k_hat=5  ACC=0.6280  NMI=0.6499  ARI=0.4711  4.1s

=== P1E_S2_C1 train[2] k=5  dim=576  frames=232  σ=0.5  fold=2 ===
  BDOSC: k_hat=5  ACC=0.4957  NMI=0.5838  ARI=0.3240  3.5s

=== P1E_S2_C1 train[3] k=5  dim=576  frames=241  σ=0.5  fold=2 ===
  BDOSC: k_hat=5  ACC=0.4647  NMI=0.4636  ARI=0.1804  3.9s

=== P1E_S2_C2 train[0] k=5  dim=576  frames=223  σ=0.5  fold=2 ===
  BDOSC: k_hat=5  ACC=0.4798  NMI=0.6058  ARI=0.3925  3.3s

=== P1E_S2_C2 train[1] k=5  dim=576  frames=196  σ=0.5  fold=2 ===
  BDOSC: k_hat=5  ACC=0.6020  NMI=0.7013  ARI=0.5273  2.6s

=== P1E_S2_C2 train[2] k=5  dim=576  frames=192  σ=0.5  fold=2 ===
  BDOSC: k_hat=5  ACC=0.6562  NMI=0.6325  ARI=0.4199  2.5s

=== P1E_S2_C2 train[3] k=5  dim=576  frames=212  σ=0.5  fold=2 ===
  BDOSC: k_hat=5  ACC=0.7311  NMI=0.7002  ARI=0.5566  3.0s

=== P1E_S2_C3 train[0] k=5  dim=576  frames=173  σ=0.5  fold=2 ===
  BDOSC: k_hat=5  ACC=0.5954  NMI=0.7031  ARI=0.5237  2.0s

=== P1E_S2_C3 train[1] k=5  dim=576  frames=156  σ=0.5  fold=2 ===
  BDOSC: k_hat=5  ACC=0.6154  NMI=0.6975  ARI=0.5035  1.7s

=== P1E_S2_C3 train[2] k=5  dim=576  frames=160  σ=0.5  fold=2 ===
  BDOSC: k_hat=5  ACC=0.5687  NMI=0.6412  ARI=0.4559  1.8s

=== P1E_S2_C3 train[3] k=5  dim=576  frames=154  σ=0.5  fold=2 ===
  BDOSC: k_hat=5  ACC=0.5455  NMI=0.6157  ARI=0.3882  1.6s

=== P1E_S3_C1 train[0] k=5  dim=576  frames=258  σ=0.5  fold=2 ===
  BDOSC: k_hat=5  ACC=0.6977  NMI=0.6179  ARI=0.4183  4.5s

=== P1E_S3_C1 train[1] k=5  dim=576  frames=237  σ=0.5  fold=2 ===
  BDOSC: k_hat=5  ACC=0.6582  NMI=0.7260  ARI=0.5681  3.7s

=== P1E_S3_C1 train[2] k=5  dim=576  frames=250  σ=0.5  fold=2 ===
  BDOSC: k_hat=5  ACC=0.7200  NMI=0.7010  ARI=0.5824  4.1s

=== P1E_S3_C1 train[3] k=5  dim=576  frames=237  σ=0.5  fold=2 ===
  BDOSC: k_hat=5  ACC=0.4895  NMI=0.6509  ARI=0.4052  3.7s

=== P1E_S3_C2 train[0] k=5  dim=576  frames=232  σ=0.5  fold=2 ===
  BDOSC: k_hat=5  ACC=0.5991  NMI=0.6768  ARI=0.4827  3.5s

=== P1E_S3_C2 train[1] k=5  dim=576  frames=204  σ=0.5  fold=2 ===
  BDOSC: k_hat=5  ACC=0.8137  NMI=0.7339  ARI=0.6061  2.9s

=== P1E_S3_C2 train[2] k=5  dim=576  frames=222  σ=0.5  fold=2 ===
  BDOSC: k_hat=5  ACC=0.6486  NMI=0.6779  ARI=0.5303  3.3s

=== P1E_S3_C2 train[3] k=5  dim=576  frames=188  σ=0.5  fold=2 ===
  BDOSC: k_hat=5  ACC=0.5266  NMI=0.6160  ARI=0.4009  2.3s

=== P1E_S3_C3 train[0] k=5  dim=576  frames=170  σ=0.5  fold=2 ===
  BDOSC: k_hat=5  ACC=0.7235  NMI=0.6803  ARI=0.4981  2.0s

=== P1E_S3_C3 train[1] k=5  dim=576  frames=150  σ=0.5  fold=2 ===
  BDOSC: k_hat=5  ACC=0.6467  NMI=0.7426  ARI=0.5716  1.5s

=== P1E_S3_C3 train[2] k=5  dim=576  frames=167  σ=0.5  fold=2 ===
  BDOSC: k_hat=5  ACC=0.6347  NMI=0.7072  ARI=0.5425  1.9s

=== P1E_S3_C3 train[3] k=5  dim=576  frames=168  σ=0.5  fold=2 ===
  BDOSC: k_hat=5  ACC=0.5714  NMI=0.5691  ARI=0.2942  1.9s

=== P1E_S4_C1 train[0] k=5  dim=576  frames=231  σ=0.5  fold=2 ===
  BDOSC: k_hat=5  ACC=0.6753  NMI=0.6767  ARI=0.4876  3.6s

=== P1E_S4_C1 train[1] k=5  dim=576  frames=248  σ=0.5  fold=2 ===
  BDOSC: k_hat=5  ACC=0.5202  NMI=0.5172  ARI=0.2474  4.0s

=== P1E_S4_C1 train[2] k=5  dim=576  frames=248  σ=0.5  fold=2 ===
  BDOSC: k_hat=5  ACC=0.5242  NMI=0.5418  ARI=0.2625  4.0s

=== P1E_S4_C1 train[3] k=5  dim=576  frames=217  σ=0.5  fold=2 ===
  BDOSC: k_hat=5  ACC=0.5576  NMI=0.6207  ARI=0.3496  3.1s

=== P1E_S4_C2 train[0] k=5  dim=576  frames=201  σ=0.5  fold=2 ===
  BDOSC: k_hat=5  ACC=0.6418  NMI=0.7102  ARI=0.5542  2.7s

=== P1E_S4_C2 train[1] k=5  dim=576  frames=193  σ=0.5  fold=2 ===
  BDOSC: k_hat=5  ACC=0.5907  NMI=0.7325  ARI=0.5441  2.4s

=== P1E_S4_C2 train[2] k=5  dim=576  frames=223  σ=0.5  fold=2 ===
  BDOSC: k_hat=5  ACC=0.7399  NMI=0.7315  ARI=0.5947  3.3s

=== P1E_S4_C2 train[3] k=5  dim=576  frames=198  σ=0.5  fold=2 ===
  BDOSC: k_hat=5  ACC=0.6970  NMI=0.7346  ARI=0.5829  2.6s

=== P1E_S4_C3 train[0] k=5  dim=576  frames=132  σ=0.5  fold=2 ===
  BDOSC: k_hat=5  ACC=0.7197  NMI=0.7205  ARI=0.5869  1.2s

=== P1E_S4_C3 train[1] k=5  dim=576  frames=152  σ=0.5  fold=2 ===
  BDOSC: k_hat=5  ACC=0.6382  NMI=0.6694  ARI=0.4836  1.6s

=== P1E_S4_C3 train[2] k=5  dim=576  frames=141  σ=0.5  fold=2 ===
  BDOSC: k_hat=5  ACC=0.7021  NMI=0.6446  ARI=0.4410  1.4s

=== P1E_S4_C3 train[3] k=5  dim=576  frames=147  σ=0.5  fold=2 ===
  BDOSC: k_hat=5  ACC=0.5714  NMI=0.6128  ARI=0.4012  1.5s

=== P1L_S1_C1 train[0] k=5  dim=576  frames=289  σ=0.5  fold=2 ===
  BDOSC: k_hat=5  ACC=0.6713  NMI=0.6880  ARI=0.5179  5.6s

=== P1L_S1_C1 train[1] k=5  dim=576  frames=265  σ=0.5  fold=2 ===
  BDOSC: k_hat=5  ACC=0.6830  NMI=0.7252  ARI=0.5748  4.6s

=== P1L_S1_C1 train[2] k=5  dim=576  frames=239  σ=0.5  fold=2 ===
  BDOSC: k_hat=5  ACC=0.8494  NMI=0.7911  ARI=0.7256  3.8s

=== P1L_S1_C1 train[3] k=5  dim=576  frames=285  σ=0.5  fold=2 ===
  BDOSC: k_hat=5  ACC=0.7088  NMI=0.6651  ARI=0.4516  5.6s

=== P1L_S1_C2 train[0] k=5  dim=576  frames=286  σ=0.5  fold=2 ===
  BDOSC: k_hat=5  ACC=0.6119  NMI=0.6979  ARI=0.5393  5.5s

=== P1L_S1_C2 train[1] k=5  dim=576  frames=236  σ=0.5  fold=2 ===
  BDOSC: k_hat=5  ACC=0.6356  NMI=0.6650  ARI=0.5033  3.5s

=== P1L_S1_C2 train[2] k=5  dim=576  frames=260  σ=0.5  fold=2 ===
  BDOSC: k_hat=5  ACC=0.6423  NMI=0.7132  ARI=0.5361  4.5s

=== P1L_S1_C2 train[3] k=5  dim=576  frames=270  σ=0.5  fold=2 ===
  BDOSC: k_hat=5  ACC=0.7593  NMI=0.8316  ARI=0.7336  4.9s

=== P1L_S1_C3 train[0] k=5  dim=576  frames=108  σ=0.5  fold=2 ===
  BDOSC: k_hat=5  ACC=0.7222  NMI=0.6487  ARI=0.4458  0.8s

=== P1L_S1_C3 train[1] k=5  dim=576  frames=115  σ=0.5  fold=2 ===
  BDOSC: k_hat=5  ACC=0.6000  NMI=0.6812  ARI=0.4971  0.9s

=== P1L_S1_C3 train[2] k=5  dim=576  frames=101  σ=0.5  fold=2 ===
  BDOSC: k_hat=5  ACC=0.7525  NMI=0.6792  ARI=0.5199  0.8s

=== P1L_S1_C3 train[3] k=5  dim=576  frames=124  σ=0.5  fold=2 ===
  BDOSC: k_hat=5  ACC=0.4677  NMI=0.6710  ARI=0.3809  1.1s

=== P1L_S2_C1 train[0] k=5  dim=576  frames=348  σ=0.5  fold=2 ===
  BDOSC: k_hat=5  ACC=0.7414  NMI=0.6936  ARI=0.5016  8.5s

=== P1L_S2_C1 train[1] k=5  dim=576  frames=281  σ=0.5  fold=2 ===
  BDOSC: k_hat=5  ACC=0.5943  NMI=0.6930  ARI=0.4607  5.3s

=== P1L_S2_C1 train[2] k=5  dim=576  frames=275  σ=0.5  fold=2 ===
  BDOSC: k_hat=5  ACC=0.4000  NMI=0.5192  ARI=0.2102  5.0s

=== P1L_S2_C1 train[3] k=5  dim=576  frames=265  σ=0.5  fold=2 ===
  BDOSC: k_hat=5  ACC=0.5660  NMI=0.5986  ARI=0.3992  4.7s

=== P1L_S2_C2 train[0] k=5  dim=576  frames=300  σ=0.5  fold=2 ===
  BDOSC: k_hat=5  ACC=0.5100  NMI=0.5739  ARI=0.3541  5.7s

=== P1L_S2_C2 train[1] k=5  dim=576  frames=256  σ=0.5  fold=2 ===
  BDOSC: k_hat=5  ACC=0.5938  NMI=0.5402  ARI=0.3065  5.0s

=== P1L_S2_C2 train[2] k=5  dim=576  frames=301  σ=0.5  fold=2 ===
  BDOSC: k_hat=5  ACC=0.6412  NMI=0.6816  ARI=0.5073  6.0s

=== P1L_S2_C2 train[3] k=5  dim=576  frames=222  σ=0.5  fold=2 ===
  BDOSC: k_hat=5  ACC=0.4685  NMI=0.5425  ARI=0.2779  3.3s

=== P1L_S2_C3 train[0] k=5  dim=576  frames=191  σ=0.5  fold=2 ===
  BDOSC: k_hat=5  ACC=0.6963  NMI=0.7566  ARI=0.6074  2.4s

=== P1L_S2_C3 train[1] k=5  dim=576  frames=159  σ=0.5  fold=2 ===
  BDOSC: k_hat=5  ACC=0.6604  NMI=0.6372  ARI=0.4222  1.7s

=== P1L_S2_C3 train[2] k=5  dim=576  frames=175  σ=0.5  fold=2 ===
  BDOSC: k_hat=5  ACC=0.6457  NMI=0.7217  ARI=0.5736  2.0s

=== P1L_S2_C3 train[3] k=5  dim=576  frames=179  σ=0.5  fold=2 ===
  BDOSC: k_hat=5  ACC=0.4693  NMI=0.6416  ARI=0.3775  2.1s

=== P1L_S3_C1 train[0] k=5  dim=576  frames=246  σ=0.5  fold=2 ===
  BDOSC: k_hat=5  ACC=0.6626  NMI=0.6557  ARI=0.5539  4.0s

=== P1L_S3_C1 train[1] k=5  dim=576  frames=289  σ=0.5  fold=2 ===
  BDOSC: k_hat=5  ACC=0.5813  NMI=0.6643  ARI=0.4862  5.6s

=== P1L_S3_C1 train[2] k=5  dim=576  frames=312  σ=0.5  fold=2 ===
  BDOSC: k_hat=5  ACC=0.6442  NMI=0.6621  ARI=0.5015  6.5s

=== P1L_S3_C1 train[3] k=5  dim=576  frames=241  σ=0.5  fold=2 ===
  BDOSC: k_hat=5  ACC=0.6598  NMI=0.6267  ARI=0.4612  4.0s

=== P1L_S3_C2 train[0] k=5  dim=576  frames=262  σ=0.5  fold=2 ===
  BDOSC: k_hat=5  ACC=0.7405  NMI=0.7006  ARI=0.5576  4.6s

=== P1L_S3_C2 train[1] k=5  dim=576  frames=287  σ=0.5  fold=2 ===
  BDOSC: k_hat=5  ACC=0.5226  NMI=0.5905  ARI=0.3621  5.6s

=== P1L_S3_C2 train[2] k=5  dim=576  frames=329  σ=0.5  fold=2 ===
  BDOSC: k_hat=5  ACC=0.5410  NMI=0.5821  ARI=0.3463  7.3s

=== P1L_S3_C2 train[3] k=5  dim=576  frames=290  σ=0.5  fold=2 ===
  BDOSC: k_hat=5  ACC=0.6138  NMI=0.5891  ARI=0.3976  5.7s

=== P1L_S3_C3 train[0] k=5  dim=576  frames=231  σ=0.5  fold=2 ===
  BDOSC: k_hat=5  ACC=0.8052  NMI=0.7588  ARI=0.6851  3.5s

=== P1L_S3_C3 train[1] k=5  dim=576  frames=210  σ=0.5  fold=2 ===
  BDOSC: k_hat=5  ACC=0.5476  NMI=0.5740  ARI=0.2734  2.9s

=== P1L_S3_C3 train[2] k=5  dim=576  frames=210  σ=0.5  fold=2 ===
  BDOSC: k_hat=5  ACC=0.7143  NMI=0.6822  ARI=0.4822  2.9s

=== P1L_S3_C3 train[3] k=5  dim=576  frames=229  σ=0.5  fold=2 ===
  BDOSC: k_hat=5  ACC=0.6376  NMI=0.6740  ARI=0.5010  3.5s

=== P1L_S4_C1 train[0] k=5  dim=576  frames=313  σ=0.5  fold=2 ===
  BDOSC: k_hat=5  ACC=0.6709  NMI=0.7295  ARI=0.5720  6.6s

=== P1L_S4_C1 train[1] k=5  dim=576  frames=255  σ=0.5  fold=2 ===
  BDOSC: k_hat=5  ACC=0.5804  NMI=0.6119  ARI=0.3831  4.4s

=== P1L_S4_C1 train[2] k=5  dim=576  frames=278  σ=0.5  fold=2 ===
  BDOSC: k_hat=5  ACC=0.7050  NMI=0.6417  ARI=0.4750  5.2s

=== P1L_S4_C1 train[3] k=5  dim=576  frames=344  σ=0.5  fold=2 ===
  BDOSC: k_hat=5  ACC=0.6977  NMI=0.7345  ARI=0.6015  8.1s

=== P1L_S4_C2 train[0] k=5  dim=576  frames=267  σ=0.5  fold=2 ===
  BDOSC: k_hat=5  ACC=0.8352  NMI=0.7474  ARI=0.6709  4.7s

=== P1L_S4_C2 train[1] k=5  dim=576  frames=257  σ=0.5  fold=2 ===
  BDOSC: k_hat=5  ACC=0.5525  NMI=0.6429  ARI=0.4528  4.6s

=== P1L_S4_C2 train[2] k=5  dim=576  frames=258  σ=0.5  fold=2 ===
  BDOSC: k_hat=5  ACC=0.5233  NMI=0.6972  ARI=0.5023  4.5s

=== P1L_S4_C2 train[3] k=5  dim=576  frames=266  σ=0.5  fold=2 ===
  BDOSC: k_hat=5  ACC=0.6842  NMI=0.6645  ARI=0.5042  4.7s

=== P1L_S4_C3 train[0] k=5  dim=576  frames=180  σ=0.5  fold=2 ===
  BDOSC: k_hat=5  ACC=0.9222  NMI=0.8620  ARI=0.8139  2.2s

=== P1L_S4_C3 train[1] k=5  dim=576  frames=158  σ=0.5  fold=2 ===
  BDOSC: k_hat=5  ACC=0.6646  NMI=0.7290  ARI=0.5806  1.7s

=== P1L_S4_C3 train[2] k=5  dim=576  frames=169  σ=0.5  fold=2 ===
  BDOSC: k_hat=5  ACC=0.5858  NMI=0.6636  ARI=0.4708  1.9s

=== P1L_S4_C3 train[3] k=5  dim=576  frames=185  σ=0.5  fold=2 ===
  BDOSC: k_hat=5  ACC=0.7514  NMI=0.7349  ARI=0.5993  2.3s

=== P1E_S1_C1 test[0] k=5  dim=576  frames=265  σ=0.5  fold=2 ===
  BDOSC: k_hat=5  ACC=0.7434  NMI=0.6914  ARI=0.5277  4.6s

=== P1E_S1_C2 test[0] k=5  dim=576  frames=198  σ=0.5  fold=2 ===
  BDOSC: k_hat=5  ACC=0.6010  NMI=0.6418  ARI=0.4290  2.6s

=== P1E_S1_C3 test[0] k=5  dim=576  frames=68  σ=0.5  fold=2 ===
  BDOSC: k_hat=5  ACC=0.7794  NMI=0.7154  ARI=0.5853  0.4s

=== P1E_S2_C1 test[0] k=5  dim=576  frames=265  σ=0.5  fold=2 ===
  BDOSC: k_hat=5  ACC=0.6868  NMI=0.7323  ARI=0.6167  4.6s

=== P1E_S2_C2 test[0] k=5  dim=576  frames=219  σ=0.5  fold=2 ===
  BDOSC: k_hat=5  ACC=0.8311  NMI=0.7696  ARI=0.6692  3.2s

=== P1E_S2_C3 test[0] k=5  dim=576  frames=173  σ=0.5  fold=2 ===
  BDOSC: k_hat=5  ACC=0.4104  NMI=0.6037  ARI=0.3133  2.0s

=== P1E_S3_C1 test[0] k=5  dim=576  frames=273  σ=0.5  fold=2 ===
  BDOSC: k_hat=5  ACC=0.5385  NMI=0.5952  ARI=0.3337  5.0s

=== P1E_S3_C2 test[0] k=5  dim=576  frames=280  σ=0.5  fold=2 ===
  BDOSC: k_hat=5  ACC=0.7143  NMI=0.6801  ARI=0.5589  5.3s

=== P1E_S3_C3 test[0] k=5  dim=576  frames=211  σ=0.5  fold=2 ===
  BDOSC: k_hat=5  ACC=0.5403  NMI=0.5896  ARI=0.3403  3.0s

=== P1E_S4_C1 test[0] k=5  dim=576  frames=303  σ=0.5  fold=2 ===
  BDOSC: k_hat=5  ACC=0.7426  NMI=0.7661  ARI=0.6391  6.2s

=== P1E_S4_C2 test[0] k=5  dim=576  frames=236  σ=0.5  fold=2 ===
  BDOSC: k_hat=5  ACC=0.6229  NMI=0.6669  ARI=0.4493  3.5s

=== P1E_S4_C3 test[0] k=5  dim=576  frames=147  σ=0.5  fold=2 ===
  BDOSC: k_hat=5  ACC=0.6054  NMI=0.6854  ARI=0.5201  1.5s

=== P1L_S1_C1 test[0] k=5  dim=576  frames=313  σ=0.5  fold=2 ===
  BDOSC: k_hat=5  ACC=0.5751  NMI=0.6550  ARI=0.4556  6.6s

=== P1L_S1_C2 test[0] k=5  dim=576  frames=257  σ=0.5  fold=2 ===
  BDOSC: k_hat=5  ACC=0.6770  NMI=0.7209  ARI=0.5500  4.6s

=== P1L_S1_C3 test[0] k=5  dim=576  frames=117  σ=0.5  fold=2 ===
  BDOSC: k_hat=5  ACC=0.6923  NMI=0.7080  ARI=0.5163  1.0s

=== P1L_S2_C1 test[0] k=5  dim=576  frames=301  σ=0.5  fold=2 ===
  BDOSC: k_hat=5  ACC=0.5050  NMI=0.4848  ARI=0.2190  6.1s

=== P1L_S2_C2 test[0] k=5  dim=576  frames=314  σ=0.5  fold=2 ===
  BDOSC: k_hat=5  ACC=0.5860  NMI=0.5808  ARI=0.3241  6.6s

=== P1L_S2_C3 test[0] k=5  dim=576  frames=193  σ=0.5  fold=2 ===
  BDOSC: k_hat=5  ACC=0.5648  NMI=0.6227  ARI=0.3815  2.4s

=== P1L_S3_C1 test[0] k=5  dim=576  frames=241  σ=0.5  fold=2 ===
  BDOSC: k_hat=5  ACC=0.6639  NMI=0.6933  ARI=0.5357  3.9s

=== P1L_S3_C2 test[0] k=5  dim=576  frames=304  σ=0.5  fold=2 ===
  BDOSC: k_hat=5  ACC=0.6250  NMI=0.6451  ARI=0.4577  6.2s

=== P1L_S3_C3 test[0] k=5  dim=576  frames=225  σ=0.5  fold=2 ===
  BDOSC: k_hat=5  ACC=0.5956  NMI=0.6024  ARI=0.3583  3.3s

=== P1L_S4_C1 test[0] k=5  dim=576  frames=253  σ=0.5  fold=2 ===
  BDOSC: k_hat=5  ACC=0.4980  NMI=0.5412  ARI=0.2582  4.3s

=== P1L_S4_C2 test[0] k=5  dim=576  frames=279  σ=0.5  fold=2 ===
  BDOSC: k_hat=5  ACC=0.6452  NMI=0.6600  ARI=0.5115  5.4s

=== P1L_S4_C3 test[0] k=5  dim=576  frames=188  σ=0.5  fold=2 ===
  BDOSC: k_hat=5  ACC=0.4787  NMI=0.5510  ARI=0.2900  2.3s
  tune_pool_groups=20: sampling from 20 held-in people (overlap allowed) instead of the 4 fixed partition group(s)

============================================================
σ=0.5 fold=3  test=['0007', '0010', '0015', '0016', '0021']  train mats=96  test mats=24  tune mats=480
  BDOSC: skip tuning, fixed lambda_1=0.2, lambda_2=1, gamma_1=0.01, p=1.1, max_iter=50
  wrote /nfs/turbo/umms-minjilab/lpullela/icassp_ssc_tv2/block_ssc_benchmark/cv/params/surveillance/split_k5_sigmas_min30_trials20_params_knownk_cv_bdosc_k5_sigma0p5_sigma0.5_fold3.json

=== P1E_S1_C1 train[0] k=5  dim=576  frames=249  σ=0.5  fold=3 ===
  BDOSC: k_hat=5  ACC=0.5261  NMI=0.5789  ARI=0.3067  4.1s

=== P1E_S1_C1 train[1] k=5  dim=576  frames=212  σ=0.5  fold=3 ===
  BDOSC: k_hat=5  ACC=0.6179  NMI=0.7422  ARI=0.5506  3.0s

=== P1E_S1_C1 train[2] k=5  dim=576  frames=265  σ=0.5  fold=3 ===
  BDOSC: k_hat=5  ACC=0.7434  NMI=0.6914  ARI=0.5277  4.6s

=== P1E_S1_C1 train[3] k=5  dim=576  frames=268  σ=0.5  fold=3 ===
  BDOSC: k_hat=5  ACC=0.6567  NMI=0.6910  ARI=0.5397  4.5s

=== P1E_S1_C2 train[0] k=5  dim=576  frames=231  σ=0.5  fold=3 ===
  BDOSC: k_hat=5  ACC=0.5844  NMI=0.6650  ARI=0.4546  3.6s

=== P1E_S1_C2 train[1] k=5  dim=576  frames=188  σ=0.5  fold=3 ===
  BDOSC: k_hat=5  ACC=0.4947  NMI=0.5828  ARI=0.3137  2.3s

=== P1E_S1_C2 train[2] k=5  dim=576  frames=198  σ=0.5  fold=3 ===
  BDOSC: k_hat=5  ACC=0.6010  NMI=0.6418  ARI=0.4290  2.6s

=== P1E_S1_C2 train[3] k=5  dim=576  frames=215  σ=0.5  fold=3 ===
  BDOSC: k_hat=5  ACC=0.7907  NMI=0.7297  ARI=0.5877  3.1s

=== P1E_S1_C3 train[0] k=5  dim=576  frames=98  σ=0.5  fold=3 ===
  BDOSC: k_hat=5  ACC=0.6735  NMI=0.7023  ARI=0.5428  0.8s

=== P1E_S1_C3 train[1] k=5  dim=576  frames=93  σ=0.5  fold=3 ===
  BDOSC: k_hat=5  ACC=0.7957  NMI=0.7348  ARI=0.6116  0.7s

=== P1E_S1_C3 train[2] k=5  dim=576  frames=68  σ=0.5  fold=3 ===
  BDOSC: k_hat=5  ACC=0.7794  NMI=0.7154  ARI=0.5853  0.4s

=== P1E_S1_C3 train[3] k=5  dim=576  frames=107  σ=0.5  fold=3 ===
  BDOSC: k_hat=5  ACC=0.8692  NMI=0.8041  ARI=0.7027  0.9s

=== P1E_S2_C1 train[0] k=5  dim=576  frames=268  σ=0.5  fold=3 ===
  BDOSC: k_hat=5  ACC=0.4851  NMI=0.5223  ARI=0.2377  4.5s

=== P1E_S2_C1 train[1] k=5  dim=576  frames=250  σ=0.5  fold=3 ===
  BDOSC: k_hat=5  ACC=0.6280  NMI=0.6499  ARI=0.4711  4.1s

=== P1E_S2_C1 train[2] k=5  dim=576  frames=265  σ=0.5  fold=3 ===
  BDOSC: k_hat=5  ACC=0.6868  NMI=0.7323  ARI=0.6167  4.6s

=== P1E_S2_C1 train[3] k=5  dim=576  frames=241  σ=0.5  fold=3 ===
  BDOSC: k_hat=5  ACC=0.4647  NMI=0.4636  ARI=0.1804  3.9s

=== P1E_S2_C2 train[0] k=5  dim=576  frames=223  σ=0.5  fold=3 ===
  BDOSC: k_hat=5  ACC=0.4798  NMI=0.6058  ARI=0.3925  3.3s

=== P1E_S2_C2 train[1] k=5  dim=576  frames=196  σ=0.5  fold=3 ===
  BDOSC: k_hat=5  ACC=0.6020  NMI=0.7013  ARI=0.5273  2.6s

=== P1E_S2_C2 train[2] k=5  dim=576  frames=219  σ=0.5  fold=3 ===
  BDOSC: k_hat=5  ACC=0.8311  NMI=0.7696  ARI=0.6692  3.2s

=== P1E_S2_C2 train[3] k=5  dim=576  frames=212  σ=0.5  fold=3 ===
  BDOSC: k_hat=5  ACC=0.7311  NMI=0.7002  ARI=0.5566  3.0s

=== P1E_S2_C3 train[0] k=5  dim=576  frames=173  σ=0.5  fold=3 ===
  BDOSC: k_hat=5  ACC=0.5954  NMI=0.7031  ARI=0.5237  2.0s

=== P1E_S2_C3 train[1] k=5  dim=576  frames=156  σ=0.5  fold=3 ===
  BDOSC: k_hat=5  ACC=0.6154  NMI=0.6975  ARI=0.5035  1.7s

=== P1E_S2_C3 train[2] k=5  dim=576  frames=173  σ=0.5  fold=3 ===
  BDOSC: k_hat=5  ACC=0.4104  NMI=0.6037  ARI=0.3133  2.0s

=== P1E_S2_C3 train[3] k=5  dim=576  frames=154  σ=0.5  fold=3 ===
  BDOSC: k_hat=5  ACC=0.5455  NMI=0.6157  ARI=0.3882  1.6s

=== P1E_S3_C1 train[0] k=5  dim=576  frames=258  σ=0.5  fold=3 ===
  BDOSC: k_hat=5  ACC=0.6977  NMI=0.6179  ARI=0.4183  4.5s

=== P1E_S3_C1 train[1] k=5  dim=576  frames=237  σ=0.5  fold=3 ===
  BDOSC: k_hat=5  ACC=0.6582  NMI=0.7260  ARI=0.5681  3.7s

=== P1E_S3_C1 train[2] k=5  dim=576  frames=273  σ=0.5  fold=3 ===
  BDOSC: k_hat=5  ACC=0.5385  NMI=0.5952  ARI=0.3337  5.0s

=== P1E_S3_C1 train[3] k=5  dim=576  frames=237  σ=0.5  fold=3 ===
  BDOSC: k_hat=5  ACC=0.4895  NMI=0.6509  ARI=0.4052  3.7s

=== P1E_S3_C2 train[0] k=5  dim=576  frames=232  σ=0.5  fold=3 ===
  BDOSC: k_hat=5  ACC=0.5991  NMI=0.6768  ARI=0.4827  3.5s

=== P1E_S3_C2 train[1] k=5  dim=576  frames=204  σ=0.5  fold=3 ===
  BDOSC: k_hat=5  ACC=0.8137  NMI=0.7339  ARI=0.6061  2.8s

=== P1E_S3_C2 train[2] k=5  dim=576  frames=280  σ=0.5  fold=3 ===
  BDOSC: k_hat=5  ACC=0.7143  NMI=0.6801  ARI=0.5589  5.3s

=== P1E_S3_C2 train[3] k=5  dim=576  frames=188  σ=0.5  fold=3 ===
  BDOSC: k_hat=5  ACC=0.5266  NMI=0.6160  ARI=0.4009  2.3s

=== P1E_S3_C3 train[0] k=5  dim=576  frames=170  σ=0.5  fold=3 ===
  BDOSC: k_hat=5  ACC=0.7235  NMI=0.6803  ARI=0.4981  2.0s

=== P1E_S3_C3 train[1] k=5  dim=576  frames=150  σ=0.5  fold=3 ===
  BDOSC: k_hat=5  ACC=0.6467  NMI=0.7426  ARI=0.5716  1.5s

=== P1E_S3_C3 train[2] k=5  dim=576  frames=211  σ=0.5  fold=3 ===
  BDOSC: k_hat=5  ACC=0.5403  NMI=0.5896  ARI=0.3403  3.0s

=== P1E_S3_C3 train[3] k=5  dim=576  frames=168  σ=0.5  fold=3 ===
  BDOSC: k_hat=5  ACC=0.5714  NMI=0.5691  ARI=0.2942  1.9s

=== P1E_S4_C1 train[0] k=5  dim=576  frames=231  σ=0.5  fold=3 ===
  BDOSC: k_hat=5  ACC=0.6753  NMI=0.6767  ARI=0.4876  3.6s

=== P1E_S4_C1 train[1] k=5  dim=576  frames=248  σ=0.5  fold=3 ===
  BDOSC: k_hat=5  ACC=0.5202  NMI=0.5172  ARI=0.2474  4.0s

=== P1E_S4_C1 train[2] k=5  dim=576  frames=303  σ=0.5  fold=3 ===
  BDOSC: k_hat=5  ACC=0.7426  NMI=0.7661  ARI=0.6391  6.2s

=== P1E_S4_C1 train[3] k=5  dim=576  frames=217  σ=0.5  fold=3 ===
  BDOSC: k_hat=5  ACC=0.5576  NMI=0.6207  ARI=0.3496  3.1s

=== P1E_S4_C2 train[0] k=5  dim=576  frames=201  σ=0.5  fold=3 ===
  BDOSC: k_hat=5  ACC=0.6418  NMI=0.7102  ARI=0.5542  2.7s

=== P1E_S4_C2 train[1] k=5  dim=576  frames=193  σ=0.5  fold=3 ===
  BDOSC: k_hat=5  ACC=0.5907  NMI=0.7325  ARI=0.5441  2.4s

=== P1E_S4_C2 train[2] k=5  dim=576  frames=236  σ=0.5  fold=3 ===
  BDOSC: k_hat=5  ACC=0.6229  NMI=0.6669  ARI=0.4493  3.5s

=== P1E_S4_C2 train[3] k=5  dim=576  frames=198  σ=0.5  fold=3 ===
  BDOSC: k_hat=5  ACC=0.6970  NMI=0.7346  ARI=0.5829  2.6s

=== P1E_S4_C3 train[0] k=5  dim=576  frames=132  σ=0.5  fold=3 ===
  BDOSC: k_hat=5  ACC=0.7197  NMI=0.7205  ARI=0.5869  1.2s

=== P1E_S4_C3 train[1] k=5  dim=576  frames=152  σ=0.5  fold=3 ===
  BDOSC: k_hat=5  ACC=0.6382  NMI=0.6694  ARI=0.4836  1.6s

=== P1E_S4_C3 train[2] k=5  dim=576  frames=147  σ=0.5  fold=3 ===
  BDOSC: k_hat=5  ACC=0.6054  NMI=0.6854  ARI=0.5201  1.5s

=== P1E_S4_C3 train[3] k=5  dim=576  frames=147  σ=0.5  fold=3 ===
  BDOSC: k_hat=5  ACC=0.5714  NMI=0.6128  ARI=0.4012  1.5s

=== P1L_S1_C1 train[0] k=5  dim=576  frames=289  σ=0.5  fold=3 ===
  BDOSC: k_hat=5  ACC=0.6713  NMI=0.6880  ARI=0.5179  5.6s

=== P1L_S1_C1 train[1] k=5  dim=576  frames=265  σ=0.5  fold=3 ===
  BDOSC: k_hat=5  ACC=0.6830  NMI=0.7252  ARI=0.5748  4.6s

=== P1L_S1_C1 train[2] k=5  dim=576  frames=313  σ=0.5  fold=3 ===
  BDOSC: k_hat=5  ACC=0.5751  NMI=0.6550  ARI=0.4556  6.6s

=== P1L_S1_C1 train[3] k=5  dim=576  frames=285  σ=0.5  fold=3 ===
  BDOSC: k_hat=5  ACC=0.7088  NMI=0.6651  ARI=0.4516  5.6s

=== P1L_S1_C2 train[0] k=5  dim=576  frames=286  σ=0.5  fold=3 ===
  BDOSC: k_hat=5  ACC=0.6119  NMI=0.6979  ARI=0.5393  5.6s

=== P1L_S1_C2 train[1] k=5  dim=576  frames=236  σ=0.5  fold=3 ===
  BDOSC: k_hat=5  ACC=0.6356  NMI=0.6650  ARI=0.5033  3.5s

=== P1L_S1_C2 train[2] k=5  dim=576  frames=257  σ=0.5  fold=3 ===
  BDOSC: k_hat=5  ACC=0.6770  NMI=0.7209  ARI=0.5500  4.6s

=== P1L_S1_C2 train[3] k=5  dim=576  frames=270  σ=0.5  fold=3 ===
  BDOSC: k_hat=5  ACC=0.7593  NMI=0.8316  ARI=0.7336  4.9s

=== P1L_S1_C3 train[0] k=5  dim=576  frames=108  σ=0.5  fold=3 ===
  BDOSC: k_hat=5  ACC=0.7222  NMI=0.6487  ARI=0.4458  0.8s

=== P1L_S1_C3 train[1] k=5  dim=576  frames=115  σ=0.5  fold=3 ===
  BDOSC: k_hat=5  ACC=0.6000  NMI=0.6812  ARI=0.4971  0.9s

=== P1L_S1_C3 train[2] k=5  dim=576  frames=117  σ=0.5  fold=3 ===
  BDOSC: k_hat=5  ACC=0.6923  NMI=0.7080  ARI=0.5163  1.0s

=== P1L_S1_C3 train[3] k=5  dim=576  frames=124  σ=0.5  fold=3 ===
  BDOSC: k_hat=5  ACC=0.4677  NMI=0.6710  ARI=0.3809  1.1s

=== P1L_S2_C1 train[0] k=5  dim=576  frames=348  σ=0.5  fold=3 ===
  BDOSC: k_hat=5  ACC=0.7414  NMI=0.6936  ARI=0.5016  8.5s

=== P1L_S2_C1 train[1] k=5  dim=576  frames=281  σ=0.5  fold=3 ===
  BDOSC: k_hat=5  ACC=0.5943  NMI=0.6930  ARI=0.4607  5.3s

=== P1L_S2_C1 train[2] k=5  dim=576  frames=301  σ=0.5  fold=3 ===
  BDOSC: k_hat=5  ACC=0.5050  NMI=0.4848  ARI=0.2190  6.0s

=== P1L_S2_C1 train[3] k=5  dim=576  frames=265  σ=0.5  fold=3 ===
  BDOSC: k_hat=5  ACC=0.5660  NMI=0.5986  ARI=0.3992  4.7s

=== P1L_S2_C2 train[0] k=5  dim=576  frames=300  σ=0.5  fold=3 ===
  BDOSC: k_hat=5  ACC=0.5100  NMI=0.5739  ARI=0.3541  5.7s

=== P1L_S2_C2 train[1] k=5  dim=576  frames=256  σ=0.5  fold=3 ===
  BDOSC: k_hat=5  ACC=0.5938  NMI=0.5402  ARI=0.3065  5.0s

=== P1L_S2_C2 train[2] k=5  dim=576  frames=314  σ=0.5  fold=3 ===
  BDOSC: k_hat=5  ACC=0.5860  NMI=0.5808  ARI=0.3241  6.6s

=== P1L_S2_C2 train[3] k=5  dim=576  frames=222  σ=0.5  fold=3 ===
  BDOSC: k_hat=5  ACC=0.4685  NMI=0.5425  ARI=0.2779  3.3s

=== P1L_S2_C3 train[0] k=5  dim=576  frames=191  σ=0.5  fold=3 ===
  BDOSC: k_hat=5  ACC=0.6963  NMI=0.7566  ARI=0.6074  2.4s

=== P1L_S2_C3 train[1] k=5  dim=576  frames=159  σ=0.5  fold=3 ===
  BDOSC: k_hat=5  ACC=0.6604  NMI=0.6372  ARI=0.4222  1.7s

=== P1L_S2_C3 train[2] k=5  dim=576  frames=193  σ=0.5  fold=3 ===
  BDOSC: k_hat=5  ACC=0.5648  NMI=0.6227  ARI=0.3815  2.4s

=== P1L_S2_C3 train[3] k=5  dim=576  frames=179  σ=0.5  fold=3 ===
  BDOSC: k_hat=5  ACC=0.4693  NMI=0.6416  ARI=0.3775  2.1s

=== P1L_S3_C1 train[0] k=5  dim=576  frames=246  σ=0.5  fold=3 ===
  BDOSC: k_hat=5  ACC=0.6626  NMI=0.6557  ARI=0.5539  4.0s

=== P1L_S3_C1 train[1] k=5  dim=576  frames=289  σ=0.5  fold=3 ===
  BDOSC: k_hat=5  ACC=0.5813  NMI=0.6643  ARI=0.4862  5.6s

=== P1L_S3_C1 train[2] k=5  dim=576  frames=241  σ=0.5  fold=3 ===
  BDOSC: k_hat=5  ACC=0.6639  NMI=0.6933  ARI=0.5357  3.9s

=== P1L_S3_C1 train[3] k=5  dim=576  frames=241  σ=0.5  fold=3 ===
  BDOSC: k_hat=5  ACC=0.6598  NMI=0.6267  ARI=0.4612  3.9s

=== P1L_S3_C2 train[0] k=5  dim=576  frames=262  σ=0.5  fold=3 ===
  BDOSC: k_hat=5  ACC=0.7405  NMI=0.7006  ARI=0.5576  4.6s

=== P1L_S3_C2 train[1] k=5  dim=576  frames=287  σ=0.5  fold=3 ===
  BDOSC: k_hat=5  ACC=0.5226  NMI=0.5905  ARI=0.3621  5.6s

=== P1L_S3_C2 train[2] k=5  dim=576  frames=304  σ=0.5  fold=3 ===
  BDOSC: k_hat=5  ACC=0.6250  NMI=0.6451  ARI=0.4577  6.2s

=== P1L_S3_C2 train[3] k=5  dim=576  frames=290  σ=0.5  fold=3 ===
  BDOSC: k_hat=5  ACC=0.6138  NMI=0.5891  ARI=0.3976  5.7s

=== P1L_S3_C3 train[0] k=5  dim=576  frames=231  σ=0.5  fold=3 ===
  BDOSC: k_hat=5  ACC=0.8052  NMI=0.7588  ARI=0.6851  3.5s

=== P1L_S3_C3 train[1] k=5  dim=576  frames=210  σ=0.5  fold=3 ===
  BDOSC: k_hat=5  ACC=0.5476  NMI=0.5740  ARI=0.2734  2.9s

=== P1L_S3_C3 train[2] k=5  dim=576  frames=225  σ=0.5  fold=3 ===
  BDOSC: k_hat=5  ACC=0.5956  NMI=0.6024  ARI=0.3583  3.3s

=== P1L_S3_C3 train[3] k=5  dim=576  frames=229  σ=0.5  fold=3 ===
  BDOSC: k_hat=5  ACC=0.6376  NMI=0.6740  ARI=0.5010  3.5s

=== P1L_S4_C1 train[0] k=5  dim=576  frames=313  σ=0.5  fold=3 ===
  BDOSC: k_hat=5  ACC=0.6709  NMI=0.7295  ARI=0.5720  6.6s

=== P1L_S4_C1 train[1] k=5  dim=576  frames=255  σ=0.5  fold=3 ===
  BDOSC: k_hat=5  ACC=0.5804  NMI=0.6119  ARI=0.3831  4.5s

=== P1L_S4_C1 train[2] k=5  dim=576  frames=253  σ=0.5  fold=3 ===
  BDOSC: k_hat=5  ACC=0.4980  NMI=0.5412  ARI=0.2582  4.3s

=== P1L_S4_C1 train[3] k=5  dim=576  frames=344  σ=0.5  fold=3 ===
  BDOSC: k_hat=5  ACC=0.6977  NMI=0.7345  ARI=0.6015  8.2s

=== P1L_S4_C2 train[0] k=5  dim=576  frames=267  σ=0.5  fold=3 ===
  BDOSC: k_hat=5  ACC=0.8352  NMI=0.7474  ARI=0.6709  4.7s

=== P1L_S4_C2 train[1] k=5  dim=576  frames=257  σ=0.5  fold=3 ===
  BDOSC: k_hat=5  ACC=0.5525  NMI=0.6429  ARI=0.4528  4.6s

=== P1L_S4_C2 train[2] k=5  dim=576  frames=279  σ=0.5  fold=3 ===
  BDOSC: k_hat=5  ACC=0.6452  NMI=0.6600  ARI=0.5115  5.4s

=== P1L_S4_C2 train[3] k=5  dim=576  frames=266  σ=0.5  fold=3 ===
  BDOSC: k_hat=5  ACC=0.6842  NMI=0.6645  ARI=0.5042  4.7s

=== P1L_S4_C3 train[0] k=5  dim=576  frames=180  σ=0.5  fold=3 ===
  BDOSC: k_hat=5  ACC=0.9222  NMI=0.8620  ARI=0.8139  2.2s

=== P1L_S4_C3 train[1] k=5  dim=576  frames=158  σ=0.5  fold=3 ===
  BDOSC: k_hat=5  ACC=0.6646  NMI=0.7290  ARI=0.5806  1.7s

=== P1L_S4_C3 train[2] k=5  dim=576  frames=188  σ=0.5  fold=3 ===
  BDOSC: k_hat=5  ACC=0.4787  NMI=0.5510  ARI=0.2900  2.3s

=== P1L_S4_C3 train[3] k=5  dim=576  frames=185  σ=0.5  fold=3 ===
  BDOSC: k_hat=5  ACC=0.7514  NMI=0.7349  ARI=0.5993  2.3s

=== P1E_S1_C1 test[0] k=5  dim=576  frames=242  σ=0.5  fold=3 ===
  BDOSC: k_hat=5  ACC=0.5868  NMI=0.6130  ARI=0.4082  3.9s

=== P1E_S1_C2 test[0] k=5  dim=576  frames=199  σ=0.5  fold=3 ===
  BDOSC: k_hat=5  ACC=0.7688  NMI=0.7288  ARI=0.6086  2.7s

=== P1E_S1_C3 test[0] k=5  dim=576  frames=87  σ=0.5  fold=3 ===
  BDOSC: k_hat=5  ACC=0.9195  NMI=0.8482  ARI=0.8039  0.6s

=== P1E_S2_C1 test[0] k=5  dim=576  frames=232  σ=0.5  fold=3 ===
  BDOSC: k_hat=5  ACC=0.4957  NMI=0.5838  ARI=0.3240  3.5s

=== P1E_S2_C2 test[0] k=5  dim=576  frames=192  σ=0.5  fold=3 ===
  BDOSC: k_hat=5  ACC=0.6562  NMI=0.6325  ARI=0.4199  2.5s

=== P1E_S2_C3 test[0] k=5  dim=576  frames=160  σ=0.5  fold=3 ===
  BDOSC: k_hat=5  ACC=0.5687  NMI=0.6412  ARI=0.4559  1.8s

=== P1E_S3_C1 test[0] k=5  dim=576  frames=250  σ=0.5  fold=3 ===
  BDOSC: k_hat=5  ACC=0.7200  NMI=0.7010  ARI=0.5824  4.1s

=== P1E_S3_C2 test[0] k=5  dim=576  frames=222  σ=0.5  fold=3 ===
  BDOSC: k_hat=5  ACC=0.6486  NMI=0.6779  ARI=0.5303  3.3s

=== P1E_S3_C3 test[0] k=5  dim=576  frames=167  σ=0.5  fold=3 ===
  BDOSC: k_hat=5  ACC=0.6347  NMI=0.7072  ARI=0.5425  1.9s

=== P1E_S4_C1 test[0] k=5  dim=576  frames=248  σ=0.5  fold=3 ===
  BDOSC: k_hat=5  ACC=0.5242  NMI=0.5418  ARI=0.2625  4.0s

=== P1E_S4_C2 test[0] k=5  dim=576  frames=223  σ=0.5  fold=3 ===
  BDOSC: k_hat=5  ACC=0.7399  NMI=0.7315  ARI=0.5947  3.3s

=== P1E_S4_C3 test[0] k=5  dim=576  frames=141  σ=0.5  fold=3 ===
  BDOSC: k_hat=5  ACC=0.7021  NMI=0.6446  ARI=0.4410  1.4s

=== P1L_S1_C1 test[0] k=5  dim=576  frames=239  σ=0.5  fold=3 ===
  BDOSC: k_hat=5  ACC=0.8494  NMI=0.7911  ARI=0.7256  3.8s

=== P1L_S1_C2 test[0] k=5  dim=576  frames=260  σ=0.5  fold=3 ===
  BDOSC: k_hat=5  ACC=0.6423  NMI=0.7132  ARI=0.5361  4.5s

=== P1L_S1_C3 test[0] k=5  dim=576  frames=101  σ=0.5  fold=3 ===
  BDOSC: k_hat=5  ACC=0.7525  NMI=0.6792  ARI=0.5199  0.8s

=== P1L_S2_C1 test[0] k=5  dim=576  frames=275  σ=0.5  fold=3 ===
  BDOSC: k_hat=5  ACC=0.4000  NMI=0.5192  ARI=0.2102  5.0s

=== P1L_S2_C2 test[0] k=5  dim=576  frames=301  σ=0.5  fold=3 ===
  BDOSC: k_hat=5  ACC=0.6412  NMI=0.6816  ARI=0.5073  6.0s

=== P1L_S2_C3 test[0] k=5  dim=576  frames=175  σ=0.5  fold=3 ===
  BDOSC: k_hat=5  ACC=0.6457  NMI=0.7217  ARI=0.5736  2.0s

=== P1L_S3_C1 test[0] k=5  dim=576  frames=312  σ=0.5  fold=3 ===
  BDOSC: k_hat=5  ACC=0.6442  NMI=0.6621  ARI=0.5015  6.5s

=== P1L_S3_C2 test[0] k=5  dim=576  frames=329  σ=0.5  fold=3 ===
  BDOSC: k_hat=5  ACC=0.5410  NMI=0.5821  ARI=0.3463  7.3s

=== P1L_S3_C3 test[0] k=5  dim=576  frames=210  σ=0.5  fold=3 ===
  BDOSC: k_hat=5  ACC=0.7143  NMI=0.6822  ARI=0.4822  2.9s

=== P1L_S4_C1 test[0] k=5  dim=576  frames=278  σ=0.5  fold=3 ===
  BDOSC: k_hat=5  ACC=0.7050  NMI=0.6417  ARI=0.4750  5.2s

=== P1L_S4_C2 test[0] k=5  dim=576  frames=258  σ=0.5  fold=3 ===
  BDOSC: k_hat=5  ACC=0.5233  NMI=0.6972  ARI=0.5023  4.5s

=== P1L_S4_C3 test[0] k=5  dim=576  frames=169  σ=0.5  fold=3 ===
  BDOSC: k_hat=5  ACC=0.5858  NMI=0.6636  ARI=0.4708  1.9s
  tune_pool_groups=20: sampling from 20 held-in people (overlap allowed) instead of the 4 fixed partition group(s)

============================================================
σ=0.5 fold=4  test=['0003', '0012', '0017', '0018', '0020']  train mats=96  test mats=24  tune mats=480
  BDOSC: skip tuning, fixed lambda_1=0.2, lambda_2=1, gamma_1=0.01, p=1.1, max_iter=50
  wrote /nfs/turbo/umms-minjilab/lpullela/icassp_ssc_tv2/block_ssc_benchmark/cv/params/surveillance/split_k5_sigmas_min30_trials20_params_knownk_cv_bdosc_k5_sigma0p5_sigma0.5_fold4.json

=== P1E_S1_C1 train[0] k=5  dim=576  frames=249  σ=0.5  fold=4 ===
  BDOSC: k_hat=5  ACC=0.5261  NMI=0.5789  ARI=0.3067  4.1s

=== P1E_S1_C1 train[1] k=5  dim=576  frames=212  σ=0.5  fold=4 ===
  BDOSC: k_hat=5  ACC=0.6179  NMI=0.7422  ARI=0.5506  3.0s

=== P1E_S1_C1 train[2] k=5  dim=576  frames=265  σ=0.5  fold=4 ===
  BDOSC: k_hat=5  ACC=0.7434  NMI=0.6914  ARI=0.5277  4.6s

=== P1E_S1_C1 train[3] k=5  dim=576  frames=242  σ=0.5  fold=4 ===
  BDOSC: k_hat=5  ACC=0.5868  NMI=0.6130  ARI=0.4082  3.9s

=== P1E_S1_C2 train[0] k=5  dim=576  frames=231  σ=0.5  fold=4 ===
  BDOSC: k_hat=5  ACC=0.5844  NMI=0.6650  ARI=0.4546  3.6s

=== P1E_S1_C2 train[1] k=5  dim=576  frames=188  σ=0.5  fold=4 ===
  BDOSC: k_hat=5  ACC=0.4947  NMI=0.5828  ARI=0.3137  2.3s

=== P1E_S1_C2 train[2] k=5  dim=576  frames=198  σ=0.5  fold=4 ===
  BDOSC: k_hat=5  ACC=0.6010  NMI=0.6418  ARI=0.4290  2.6s

=== P1E_S1_C2 train[3] k=5  dim=576  frames=199  σ=0.5  fold=4 ===
  BDOSC: k_hat=5  ACC=0.7688  NMI=0.7288  ARI=0.6086  2.7s

=== P1E_S1_C3 train[0] k=5  dim=576  frames=98  σ=0.5  fold=4 ===
  BDOSC: k_hat=5  ACC=0.6735  NMI=0.7023  ARI=0.5428  0.8s

=== P1E_S1_C3 train[1] k=5  dim=576  frames=93  σ=0.5  fold=4 ===
  BDOSC: k_hat=5  ACC=0.7957  NMI=0.7348  ARI=0.6116  0.7s

=== P1E_S1_C3 train[2] k=5  dim=576  frames=68  σ=0.5  fold=4 ===
  BDOSC: k_hat=5  ACC=0.7794  NMI=0.7154  ARI=0.5853  0.4s

=== P1E_S1_C3 train[3] k=5  dim=576  frames=87  σ=0.5  fold=4 ===
  BDOSC: k_hat=5  ACC=0.9195  NMI=0.8482  ARI=0.8039  0.6s

=== P1E_S2_C1 train[0] k=5  dim=576  frames=268  σ=0.5  fold=4 ===
  BDOSC: k_hat=5  ACC=0.4851  NMI=0.5223  ARI=0.2377  4.5s

=== P1E_S2_C1 train[1] k=5  dim=576  frames=250  σ=0.5  fold=4 ===
  BDOSC: k_hat=5  ACC=0.6280  NMI=0.6499  ARI=0.4711  4.1s

=== P1E_S2_C1 train[2] k=5  dim=576  frames=265  σ=0.5  fold=4 ===
  BDOSC: k_hat=5  ACC=0.6868  NMI=0.7323  ARI=0.6167  4.6s

=== P1E_S2_C1 train[3] k=5  dim=576  frames=232  σ=0.5  fold=4 ===
  BDOSC: k_hat=5  ACC=0.4957  NMI=0.5838  ARI=0.3240  3.5s

=== P1E_S2_C2 train[0] k=5  dim=576  frames=223  σ=0.5  fold=4 ===
  BDOSC: k_hat=5  ACC=0.4798  NMI=0.6058  ARI=0.3925  3.3s

=== P1E_S2_C2 train[1] k=5  dim=576  frames=196  σ=0.5  fold=4 ===
  BDOSC: k_hat=5  ACC=0.6020  NMI=0.7013  ARI=0.5273  2.6s

=== P1E_S2_C2 train[2] k=5  dim=576  frames=219  σ=0.5  fold=4 ===
  BDOSC: k_hat=5  ACC=0.8311  NMI=0.7696  ARI=0.6692  3.2s

=== P1E_S2_C2 train[3] k=5  dim=576  frames=192  σ=0.5  fold=4 ===
  BDOSC: k_hat=5  ACC=0.6562  NMI=0.6325  ARI=0.4199  2.5s

=== P1E_S2_C3 train[0] k=5  dim=576  frames=173  σ=0.5  fold=4 ===
  BDOSC: k_hat=5  ACC=0.5954  NMI=0.7031  ARI=0.5237  2.0s

=== P1E_S2_C3 train[1] k=5  dim=576  frames=156  σ=0.5  fold=4 ===
  BDOSC: k_hat=5  ACC=0.6154  NMI=0.6975  ARI=0.5035  1.7s

=== P1E_S2_C3 train[2] k=5  dim=576  frames=173  σ=0.5  fold=4 ===
  BDOSC: k_hat=5  ACC=0.4104  NMI=0.6037  ARI=0.3133  2.0s

=== P1E_S2_C3 train[3] k=5  dim=576  frames=160  σ=0.5  fold=4 ===
  BDOSC: k_hat=5  ACC=0.5687  NMI=0.6412  ARI=0.4559  1.7s

=== P1E_S3_C1 train[0] k=5  dim=576  frames=258  σ=0.5  fold=4 ===
  BDOSC: k_hat=5  ACC=0.6977  NMI=0.6179  ARI=0.4183  4.5s

=== P1E_S3_C1 train[1] k=5  dim=576  frames=237  σ=0.5  fold=4 ===
  BDOSC: k_hat=5  ACC=0.6582  NMI=0.7260  ARI=0.5681  3.7s

=== P1E_S3_C1 train[2] k=5  dim=576  frames=273  σ=0.5  fold=4 ===
  BDOSC: k_hat=5  ACC=0.5385  NMI=0.5952  ARI=0.3337  5.0s

=== P1E_S3_C1 train[3] k=5  dim=576  frames=250  σ=0.5  fold=4 ===
  BDOSC: k_hat=5  ACC=0.7200  NMI=0.7010  ARI=0.5824  4.1s

=== P1E_S3_C2 train[0] k=5  dim=576  frames=232  σ=0.5  fold=4 ===
  BDOSC: k_hat=5  ACC=0.5991  NMI=0.6768  ARI=0.4827  3.5s

=== P1E_S3_C2 train[1] k=5  dim=576  frames=204  σ=0.5  fold=4 ===
  BDOSC: k_hat=5  ACC=0.8137  NMI=0.7339  ARI=0.6061  2.8s

=== P1E_S3_C2 train[2] k=5  dim=576  frames=280  σ=0.5  fold=4 ===
  BDOSC: k_hat=5  ACC=0.7143  NMI=0.6801  ARI=0.5589  5.3s

=== P1E_S3_C2 train[3] k=5  dim=576  frames=222  σ=0.5  fold=4 ===
  BDOSC: k_hat=5  ACC=0.6486  NMI=0.6779  ARI=0.5303  3.3s

=== P1E_S3_C3 train[0] k=5  dim=576  frames=170  σ=0.5  fold=4 ===
  BDOSC: k_hat=5  ACC=0.7235  NMI=0.6803  ARI=0.4981  2.0s

=== P1E_S3_C3 train[1] k=5  dim=576  frames=150  σ=0.5  fold=4 ===
  BDOSC: k_hat=5  ACC=0.6467  NMI=0.7426  ARI=0.5716  1.5s

=== P1E_S3_C3 train[2] k=5  dim=576  frames=211  σ=0.5  fold=4 ===
  BDOSC: k_hat=5  ACC=0.5403  NMI=0.5896  ARI=0.3403  3.0s

=== P1E_S3_C3 train[3] k=5  dim=576  frames=167  σ=0.5  fold=4 ===
  BDOSC: k_hat=5  ACC=0.6347  NMI=0.7072  ARI=0.5425  1.9s

=== P1E_S4_C1 train[0] k=5  dim=576  frames=231  σ=0.5  fold=4 ===
  BDOSC: k_hat=5  ACC=0.6753  NMI=0.6767  ARI=0.4876  3.6s

=== P1E_S4_C1 train[1] k=5  dim=576  frames=248  σ=0.5  fold=4 ===
  BDOSC: k_hat=5  ACC=0.5202  NMI=0.5172  ARI=0.2474  4.0s

=== P1E_S4_C1 train[2] k=5  dim=576  frames=303  σ=0.5  fold=4 ===
  BDOSC: k_hat=5  ACC=0.7426  NMI=0.7661  ARI=0.6391  6.2s

=== P1E_S4_C1 train[3] k=5  dim=576  frames=248  σ=0.5  fold=4 ===
  BDOSC: k_hat=5  ACC=0.5242  NMI=0.5418  ARI=0.2625  4.0s

=== P1E_S4_C2 train[0] k=5  dim=576  frames=201  σ=0.5  fold=4 ===
  BDOSC: k_hat=5  ACC=0.6418  NMI=0.7102  ARI=0.5542  2.7s

=== P1E_S4_C2 train[1] k=5  dim=576  frames=193  σ=0.5  fold=4 ===
  BDOSC: k_hat=5  ACC=0.5907  NMI=0.7325  ARI=0.5441  2.4s

=== P1E_S4_C2 train[2] k=5  dim=576  frames=236  σ=0.5  fold=4 ===
  BDOSC: k_hat=5  ACC=0.6229  NMI=0.6669  ARI=0.4493  3.5s

=== P1E_S4_C2 train[3] k=5  dim=576  frames=223  σ=0.5  fold=4 ===
  BDOSC: k_hat=5  ACC=0.7399  NMI=0.7315  ARI=0.5947  3.3s

=== P1E_S4_C3 train[0] k=5  dim=576  frames=132  σ=0.5  fold=4 ===
  BDOSC: k_hat=5  ACC=0.7197  NMI=0.7205  ARI=0.5869  1.2s

=== P1E_S4_C3 train[1] k=5  dim=576  frames=152  σ=0.5  fold=4 ===
  BDOSC: k_hat=5  ACC=0.6382  NMI=0.6694  ARI=0.4836  1.6s

=== P1E_S4_C3 train[2] k=5  dim=576  frames=147  σ=0.5  fold=4 ===
  BDOSC: k_hat=5  ACC=0.6054  NMI=0.6854  ARI=0.5201  1.5s

=== P1E_S4_C3 train[3] k=5  dim=576  frames=141  σ=0.5  fold=4 ===
  BDOSC: k_hat=5  ACC=0.7021  NMI=0.6446  ARI=0.4410  1.4s

=== P1L_S1_C1 train[0] k=5  dim=576  frames=289  σ=0.5  fold=4 ===
  BDOSC: k_hat=5  ACC=0.6713  NMI=0.6880  ARI=0.5179  5.6s

=== P1L_S1_C1 train[1] k=5  dim=576  frames=265  σ=0.5  fold=4 ===
  BDOSC: k_hat=5  ACC=0.6830  NMI=0.7252  ARI=0.5748  4.7s

=== P1L_S1_C1 train[2] k=5  dim=576  frames=313  σ=0.5  fold=4 ===
  BDOSC: k_hat=5  ACC=0.5751  NMI=0.6550  ARI=0.4556  6.6s

=== P1L_S1_C1 train[3] k=5  dim=576  frames=239  σ=0.5  fold=4 ===
  BDOSC: k_hat=5  ACC=0.8494  NMI=0.7911  ARI=0.7256  3.9s

=== P1L_S1_C2 train[0] k=5  dim=576  frames=286  σ=0.5  fold=4 ===
  BDOSC: k_hat=5  ACC=0.6119  NMI=0.6979  ARI=0.5393  5.5s

=== P1L_S1_C2 train[1] k=5  dim=576  frames=236  σ=0.5  fold=4 ===
  BDOSC: k_hat=5  ACC=0.6356  NMI=0.6650  ARI=0.5033  3.5s

=== P1L_S1_C2 train[2] k=5  dim=576  frames=257  σ=0.5  fold=4 ===
  BDOSC: k_hat=5  ACC=0.6770  NMI=0.7209  ARI=0.5500  4.6s

=== P1L_S1_C2 train[3] k=5  dim=576  frames=260  σ=0.5  fold=4 ===
  BDOSC: k_hat=5  ACC=0.6423  NMI=0.7132  ARI=0.5361  4.5s

=== P1L_S1_C3 train[0] k=5  dim=576  frames=108  σ=0.5  fold=4 ===
  BDOSC: k_hat=5  ACC=0.7222  NMI=0.6487  ARI=0.4458  0.8s

=== P1L_S1_C3 train[1] k=5  dim=576  frames=115  σ=0.5  fold=4 ===
  BDOSC: k_hat=5  ACC=0.6000  NMI=0.6812  ARI=0.4971  0.9s

=== P1L_S1_C3 train[2] k=5  dim=576  frames=117  σ=0.5  fold=4 ===
  BDOSC: k_hat=5  ACC=0.6923  NMI=0.7080  ARI=0.5163  1.0s

=== P1L_S1_C3 train[3] k=5  dim=576  frames=101  σ=0.5  fold=4 ===
  BDOSC: k_hat=5  ACC=0.7525  NMI=0.6792  ARI=0.5199  0.8s

=== P1L_S2_C1 train[0] k=5  dim=576  frames=348  σ=0.5  fold=4 ===
  BDOSC: k_hat=5  ACC=0.7414  NMI=0.6936  ARI=0.5016  8.5s

=== P1L_S2_C1 train[1] k=5  dim=576  frames=281  σ=0.5  fold=4 ===
  BDOSC: k_hat=5  ACC=0.5943  NMI=0.6930  ARI=0.4607  5.3s

=== P1L_S2_C1 train[2] k=5  dim=576  frames=301  σ=0.5  fold=4 ===
  BDOSC: k_hat=5  ACC=0.5050  NMI=0.4848  ARI=0.2190  6.0s

=== P1L_S2_C1 train[3] k=5  dim=576  frames=275  σ=0.5  fold=4 ===
  BDOSC: k_hat=5  ACC=0.4000  NMI=0.5192  ARI=0.2102  5.0s

=== P1L_S2_C2 train[0] k=5  dim=576  frames=300  σ=0.5  fold=4 ===
  BDOSC: k_hat=5  ACC=0.5100  NMI=0.5739  ARI=0.3541  5.7s

=== P1L_S2_C2 train[1] k=5  dim=576  frames=256  σ=0.5  fold=4 ===
  BDOSC: k_hat=5  ACC=0.5938  NMI=0.5402  ARI=0.3065  4.9s

=== P1L_S2_C2 train[2] k=5  dim=576  frames=314  σ=0.5  fold=4 ===
  BDOSC: k_hat=5  ACC=0.5860  NMI=0.5808  ARI=0.3241  6.6s

=== P1L_S2_C2 train[3] k=5  dim=576  frames=301  σ=0.5  fold=4 ===
  BDOSC: k_hat=5  ACC=0.6412  NMI=0.6816  ARI=0.5073  6.0s

=== P1L_S2_C3 train[0] k=5  dim=576  frames=191  σ=0.5  fold=4 ===
  BDOSC: k_hat=5  ACC=0.6963  NMI=0.7566  ARI=0.6074  2.4s

=== P1L_S2_C3 train[1] k=5  dim=576  frames=159  σ=0.5  fold=4 ===
  BDOSC: k_hat=5  ACC=0.6604  NMI=0.6372  ARI=0.4222  1.7s

=== P1L_S2_C3 train[2] k=5  dim=576  frames=193  σ=0.5  fold=4 ===
  BDOSC: k_hat=5  ACC=0.5648  NMI=0.6227  ARI=0.3815  2.4s

=== P1L_S2_C3 train[3] k=5  dim=576  frames=175  σ=0.5  fold=4 ===
  BDOSC: k_hat=5  ACC=0.6457  NMI=0.7217  ARI=0.5736  2.0s

=== P1L_S3_C1 train[0] k=5  dim=576  frames=246  σ=0.5  fold=4 ===
  BDOSC: k_hat=5  ACC=0.6626  NMI=0.6557  ARI=0.5539  3.9s

=== P1L_S3_C1 train[1] k=5  dim=576  frames=289  σ=0.5  fold=4 ===
  BDOSC: k_hat=5  ACC=0.5813  NMI=0.6643  ARI=0.4862  5.6s

=== P1L_S3_C1 train[2] k=5  dim=576  frames=241  σ=0.5  fold=4 ===
  BDOSC: k_hat=5  ACC=0.6639  NMI=0.6933  ARI=0.5357  3.9s

=== P1L_S3_C1 train[3] k=5  dim=576  frames=312  σ=0.5  fold=4 ===
  BDOSC: k_hat=5  ACC=0.6442  NMI=0.6621  ARI=0.5015  6.4s

=== P1L_S3_C2 train[0] k=5  dim=576  frames=262  σ=0.5  fold=4 ===
  BDOSC: k_hat=5  ACC=0.7405  NMI=0.7006  ARI=0.5576  4.6s

=== P1L_S3_C2 train[1] k=5  dim=576  frames=287  σ=0.5  fold=4 ===
  BDOSC: k_hat=5  ACC=0.5226  NMI=0.5905  ARI=0.3621  5.6s

=== P1L_S3_C2 train[2] k=5  dim=576  frames=304  σ=0.5  fold=4 ===
  BDOSC: k_hat=5  ACC=0.6250  NMI=0.6451  ARI=0.4577  6.1s

=== P1L_S3_C2 train[3] k=5  dim=576  frames=329  σ=0.5  fold=4 ===
  BDOSC: k_hat=5  ACC=0.5410  NMI=0.5821  ARI=0.3463  7.3s

=== P1L_S3_C3 train[0] k=5  dim=576  frames=231  σ=0.5  fold=4 ===
  BDOSC: k_hat=5  ACC=0.8052  NMI=0.7588  ARI=0.6851  3.5s

=== P1L_S3_C3 train[1] k=5  dim=576  frames=210  σ=0.5  fold=4 ===
  BDOSC: k_hat=5  ACC=0.5476  NMI=0.5740  ARI=0.2734  2.9s

=== P1L_S3_C3 train[2] k=5  dim=576  frames=225  σ=0.5  fold=4 ===
  BDOSC: k_hat=5  ACC=0.5956  NMI=0.6024  ARI=0.3583  3.3s

=== P1L_S3_C3 train[3] k=5  dim=576  frames=210  σ=0.5  fold=4 ===
  BDOSC: k_hat=5  ACC=0.7143  NMI=0.6822  ARI=0.4822  2.9s

=== P1L_S4_C1 train[0] k=5  dim=576  frames=313  σ=0.5  fold=4 ===
  BDOSC: k_hat=5  ACC=0.6709  NMI=0.7295  ARI=0.5720  6.6s

=== P1L_S4_C1 train[1] k=5  dim=576  frames=255  σ=0.5  fold=4 ===
  BDOSC: k_hat=5  ACC=0.5804  NMI=0.6119  ARI=0.3831  4.4s

=== P1L_S4_C1 train[2] k=5  dim=576  frames=253  σ=0.5  fold=4 ===
  BDOSC: k_hat=5  ACC=0.4980  NMI=0.5412  ARI=0.2582  4.3s

=== P1L_S4_C1 train[3] k=5  dim=576  frames=278  σ=0.5  fold=4 ===
  BDOSC: k_hat=5  ACC=0.7050  NMI=0.6417  ARI=0.4750  5.2s

=== P1L_S4_C2 train[0] k=5  dim=576  frames=267  σ=0.5  fold=4 ===
  BDOSC: k_hat=5  ACC=0.8352  NMI=0.7474  ARI=0.6709  4.8s

=== P1L_S4_C2 train[1] k=5  dim=576  frames=257  σ=0.5  fold=4 ===
  BDOSC: k_hat=5  ACC=0.5525  NMI=0.6429  ARI=0.4528  4.6s

=== P1L_S4_C2 train[2] k=5  dim=576  frames=279  σ=0.5  fold=4 ===
  BDOSC: k_hat=5  ACC=0.6452  NMI=0.6600  ARI=0.5115  5.4s

=== P1L_S4_C2 train[3] k=5  dim=576  frames=258  σ=0.5  fold=4 ===
  BDOSC: k_hat=5  ACC=0.5233  NMI=0.6972  ARI=0.5023  4.5s

=== P1L_S4_C3 train[0] k=5  dim=576  frames=180  σ=0.5  fold=4 ===
  BDOSC: k_hat=5  ACC=0.9222  NMI=0.8620  ARI=0.8139  2.2s

=== P1L_S4_C3 train[1] k=5  dim=576  frames=158  σ=0.5  fold=4 ===
  BDOSC: k_hat=5  ACC=0.6646  NMI=0.7290  ARI=0.5806  1.7s

=== P1L_S4_C3 train[2] k=5  dim=576  frames=188  σ=0.5  fold=4 ===
  BDOSC: k_hat=5  ACC=0.4787  NMI=0.5510  ARI=0.2900  2.3s

=== P1L_S4_C3 train[3] k=5  dim=576  frames=169  σ=0.5  fold=4 ===
  BDOSC: k_hat=5  ACC=0.5858  NMI=0.6636  ARI=0.4708  1.9s

=== P1E_S1_C1 test[0] k=5  dim=576  frames=268  σ=0.5  fold=4 ===
  BDOSC: k_hat=5  ACC=0.6567  NMI=0.6910  ARI=0.5397  4.5s

=== P1E_S1_C2 test[0] k=5  dim=576  frames=215  σ=0.5  fold=4 ===
  BDOSC: k_hat=5  ACC=0.7907  NMI=0.7297  ARI=0.5877  3.1s

=== P1E_S1_C3 test[0] k=5  dim=576  frames=107  σ=0.5  fold=4 ===
  BDOSC: k_hat=5  ACC=0.8692  NMI=0.8041  ARI=0.7027  0.9s

=== P1E_S2_C1 test[0] k=5  dim=576  frames=241  σ=0.5  fold=4 ===
  BDOSC: k_hat=5  ACC=0.4647  NMI=0.4636  ARI=0.1804  3.9s

=== P1E_S2_C2 test[0] k=5  dim=576  frames=212  σ=0.5  fold=4 ===
  BDOSC: k_hat=5  ACC=0.7311  NMI=0.7002  ARI=0.5566  3.0s

=== P1E_S2_C3 test[0] k=5  dim=576  frames=154  σ=0.5  fold=4 ===
  BDOSC: k_hat=5  ACC=0.5455  NMI=0.6157  ARI=0.3882  1.6s

=== P1E_S3_C1 test[0] k=5  dim=576  frames=237  σ=0.5  fold=4 ===
  BDOSC: k_hat=5  ACC=0.4895  NMI=0.6509  ARI=0.4052  3.7s

=== P1E_S3_C2 test[0] k=5  dim=576  frames=188  σ=0.5  fold=4 ===
  BDOSC: k_hat=5  ACC=0.5266  NMI=0.6160  ARI=0.4009  2.3s

=== P1E_S3_C3 test[0] k=5  dim=576  frames=168  σ=0.5  fold=4 ===
  BDOSC: k_hat=5  ACC=0.5714  NMI=0.5691  ARI=0.2942  1.9s

=== P1E_S4_C1 test[0] k=5  dim=576  frames=217  σ=0.5  fold=4 ===
  BDOSC: k_hat=5  ACC=0.5576  NMI=0.6207  ARI=0.3496  3.1s

=== P1E_S4_C2 test[0] k=5  dim=576  frames=198  σ=0.5  fold=4 ===
  BDOSC: k_hat=5  ACC=0.6970  NMI=0.7346  ARI=0.5829  2.6s

=== P1E_S4_C3 test[0] k=5  dim=576  frames=147  σ=0.5  fold=4 ===
  BDOSC: k_hat=5  ACC=0.5714  NMI=0.6128  ARI=0.4012  1.5s

=== P1L_S1_C1 test[0] k=5  dim=576  frames=285  σ=0.5  fold=4 ===
  BDOSC: k_hat=5  ACC=0.7088  NMI=0.6651  ARI=0.4516  5.6s

=== P1L_S1_C2 test[0] k=5  dim=576  frames=270  σ=0.5  fold=4 ===
  BDOSC: k_hat=5  ACC=0.7593  NMI=0.8316  ARI=0.7336  4.9s

=== P1L_S1_C3 test[0] k=5  dim=576  frames=124  σ=0.5  fold=4 ===
  BDOSC: k_hat=5  ACC=0.4677  NMI=0.6710  ARI=0.3809  1.1s

=== P1L_S2_C1 test[0] k=5  dim=576  frames=265  σ=0.5  fold=4 ===
  BDOSC: k_hat=5  ACC=0.5660  NMI=0.5986  ARI=0.3992  4.7s

=== P1L_S2_C2 test[0] k=5  dim=576  frames=222  σ=0.5  fold=4 ===
  BDOSC: k_hat=5  ACC=0.4685  NMI=0.5425  ARI=0.2779  3.3s

=== P1L_S2_C3 test[0] k=5  dim=576  frames=179  σ=0.5  fold=4 ===
  BDOSC: k_hat=5  ACC=0.4693  NMI=0.6416  ARI=0.3775  2.1s

=== P1L_S3_C1 test[0] k=5  dim=576  frames=241  σ=0.5  fold=4 ===
  BDOSC: k_hat=5  ACC=0.6598  NMI=0.6267  ARI=0.4612  3.9s

=== P1L_S3_C2 test[0] k=5  dim=576  frames=290  σ=0.5  fold=4 ===
  BDOSC: k_hat=5  ACC=0.6138  NMI=0.5891  ARI=0.3976  5.6s

=== P1L_S3_C3 test[0] k=5  dim=576  frames=229  σ=0.5  fold=4 ===
  BDOSC: k_hat=5  ACC=0.6376  NMI=0.6740  ARI=0.5010  3.5s

=== P1L_S4_C1 test[0] k=5  dim=576  frames=344  σ=0.5  fold=4 ===
  BDOSC: k_hat=5  ACC=0.6977  NMI=0.7345  ARI=0.6015  8.1s

=== P1L_S4_C2 test[0] k=5  dim=576  frames=266  σ=0.5  fold=4 ===
  BDOSC: k_hat=5  ACC=0.6842  NMI=0.6645  ARI=0.5042  4.7s

=== P1L_S4_C3 test[0] k=5  dim=576  frames=185  σ=0.5  fold=4 ===
  BDOSC: k_hat=5  ACC=0.7514  NMI=0.7349  ARI=0.5993  2.3s

=== inference time per method ===
  BDOSC: mean=3.5547s  std=1.7121s  total=2132.8s  n=600
wrote /nfs/turbo/umms-minjilab/lpullela/icassp_ssc_tv2/block_ssc_benchmark/cv/results/surveillance/split_k5_sigmas_min30_trials20_knownk_cv_bdosc_k5_sigma0p5_timing.json

=== mean over matrices ===
  BDOSC train σ=0.5: ACC=0.6360  NMI=0.6652  ARI=0.4779  n=480
  BDOSC test σ=0.5: ACC=0.6360  NMI=0.6652  ARI=0.4779  n=120

wrote /nfs/turbo/umms-minjilab/lpullela/icassp_ssc_tv2/block_ssc_benchmark/cv/results/surveillance/split_k5_sigmas_min30_trials20_knownk_cv_bdosc_k5_sigma0p5.csv
end=Sun Sep  6 18:48:11 EDT 2026
Experiment completed!
