========================================
Job: cv_osc_k8_s0
Method: OSC  k: 8  sigma: 0.0  tune_pool_groups: 20
========================================
host=gl3221.arc-ts.umich.edu  python=/home/lpullela/miniconda3/envs/ssc_559/bin/python  start=Sun Sep  6 18:11:48 EDT 2026
Loading P1E_S1_C1
  Y: (576, 1236)  people=25  frames/person=[60, 61, 50, 48, 51, 35, 41, 56, 55, 49, 65, 50, 63, 38, 61, 48, 50, 49, 50, 30, 42, 60, 32, 39, 53]  min=30
Loading P1E_S1_C2
  Y: (576, 1031)  people=25  frames/person=[42, 48, 31, 35, 50, 45, 30, 32, 38, 40, 61, 41, 47, 33, 46, 36, 41, 45, 42, 36, 33, 50, 53, 33, 43]  min=30
Loading P1E_S1_C3
  Y: (576, 453)  people=25  frames/person=[15, 22, 16, 16, 17, 13, 14, 19, 14, 25, 26, 12, 21, 18, 22, 19, 13, 19, 16, 15, 8, 15, 30, 20, 28]  min=8
  warning: 24 people have fewer than 30 available frames (kept all)
Loading P1E_S2_C1
  Y: (576, 1256)  people=25  frames/person=[65, 50, 50, 51, 53, 48, 49, 60, 33, 48, 61, 58, 52, 32, 55, 35, 45, 53, 40, 53, 51, 65, 64, 42, 43]  min=32
Loading P1E_S2_C2
  Y: (576, 1042)  people=25  frames/person=[33, 48, 38, 41, 53, 36, 39, 47, 51, 36, 55, 44, 43, 25, 42, 41, 37, 45, 41, 38, 40, 54, 49, 33, 33]  min=25
  warning: 1 people have fewer than 30 available frames (kept all)
Loading P1E_S2_C3
  Y: (576, 816)  people=25  frames/person=[36, 33, 28, 32, 42, 37, 31, 36, 31, 23, 42, 36, 35, 20, 33, 33, 32, 32, 32, 29, 32, 42, 38, 27, 24]  min=20
  warning: 6 people have fewer than 30 available frames (kept all)
Loading P1E_S3_C1
  Y: (576, 1255)  people=25  frames/person=[43, 39, 47, 52, 58, 96, 42, 31, 79, 33, 67, 55, 44, 34, 40, 48, 54, 77, 45, 41, 46, 53, 56, 38, 37]  min=31
Loading P1E_S3_C2
  Y: (576, 1126)  people=25  frames/person=[57, 56, 35, 40, 49, 75, 34, 40, 70, 26, 65, 54, 43, 28, 32, 43, 48, 31, 36, 33, 42, 71, 57, 30, 31]  min=26
  warning: 2 people have fewer than 30 available frames (kept all)
Loading P1E_S3_C3
  Y: (576, 866)  people=25  frames/person=[43, 36, 24, 33, 37, 47, 29, 37, 55, 18, 40, 40, 31, 22, 30, 39, 35, 45, 30, 28, 30, 50, 42, 20, 25]  min=18
  warning: 7 people have fewer than 30 available frames (kept all)
Loading P1E_S4_C1
  Y: (576, 1247)  people=25  frames/person=[58, 54, 34, 56, 50, 59, 50, 56, 74, 38, 75, 35, 46, 31, 53, 40, 57, 32, 56, 33, 48, 67, 59, 48, 38]  min=31
Loading P1E_S4_C2
  Y: (576, 1051)  people=25  frames/person=[37, 37, 41, 46, 41, 49, 38, 45, 65, 30, 39, 48, 50, 34, 43, 36, 47, 52, 45, 37, 38, 50, 30, 37, 36]  min=30
Loading P1E_S4_C3
  Y: (576, 719)  people=25  frames/person=[28, 29, 22, 29, 24, 36, 31, 29, 33, 25, 37, 19, 28, 21, 25, 27, 25, 41, 27, 29, 26, 31, 45, 29, 23]  min=19
  warning: 18 people have fewer than 30 available frames (kept all)
Loading P1L_S1_C1
  Y: (576, 1391)  people=25  frames/person=[65, 68, 43, 64, 47, 40, 58, 33, 75, 41, 58, 72, 58, 49, 66, 67, 65, 43, 59, 57, 58, 51, 67, 32, 55]  min=32
Loading P1L_S1_C2
  Y: (576, 1309)  people=25  frames/person=[30, 65, 37, 63, 66, 54, 52, 52, 43, 49, 71, 49, 58, 48, 54, 66, 56, 36, 48, 49, 55, 66, 52, 39, 51]  min=30
Loading P1L_S1_C3
  Y: (576, 565)  people=25  frames/person=[27, 29, 20, 26, 19, 25, 22, 12, 28, 25, 20, 25, 23, 18, 21, 23, 25, 26, 23, 21, 18, 18, 30, 18, 23]  min=12
  warning: 24 people have fewer than 30 available frames (kept all)
Loading P1L_S2_C1
  Y: (576, 1470)  people=25  frames/person=[73, 68, 53, 64, 65, 41, 73, 55, 37, 31, 82, 75, 63, 45, 34, 48, 74, 84, 71, 64, 62, 65, 48, 33, 62]  min=31
Loading P1L_S2_C2
  Y: (576, 1393)  people=25  frames/person=[64, 65, 49, 62, 69, 69, 63, 61, 80, 34, 89, 57, 53, 52, 55, 38, 30, 30, 66, 36, 57, 51, 73, 41, 49]  min=30
Loading P1L_S2_C3
  Y: (576, 897)  people=25  frames/person=[40, 36, 29, 28, 35, 37, 36, 36, 50, 28, 55, 46, 34, 31, 35, 32, 30, 48, 37, 29, 36, 39, 45, 19, 26]  min=19
  warning: 6 people have fewer than 30 available frames (kept all)
Loading P1L_S3_C1
  Y: (576, 1329)  people=25  frames/person=[31, 33, 30, 51, 74, 75, 59, 65, 66, 43, 47, 39, 65, 50, 58, 71, 67, 36, 57, 35, 62, 31, 74, 59, 51]  min=30
Loading P1L_S3_C2
  Y: (576, 1472)  people=25  frames/person=[78, 38, 48, 51, 54, 71, 61, 71, 32, 50, 75, 38, 72, 63, 48, 67, 49, 87, 52, 56, 58, 85, 73, 56, 39]  min=32
Loading P1L_S3_C3
  Y: (576, 1105)  people=25  frames/person=[48, 44, 38, 38, 39, 45, 35, 55, 52, 26, 81, 39, 36, 36, 44, 54, 42, 61, 38, 31, 34, 53, 51, 44, 41]  min=26
  warning: 1 people have fewer than 30 available frames (kept all)
Loading P1L_S4_C1
  Y: (576, 1443)  people=25  frames/person=[50, 69, 44, 41, 78, 43, 32, 71, 45, 65, 59, 39, 56, 57, 68, 69, 70, 73, 51, 63, 47, 70, 57, 52, 74]  min=32
Loading P1L_S4_C2
  Y: (576, 1327)  people=25  frames/person=[71, 34, 39, 54, 63, 67, 52, 39, 52, 56, 59, 50, 51, 53, 63, 50, 71, 63, 48, 35, 31, 71, 43, 52, 60]  min=31
Loading P1L_S4_C3
  Y: (576, 880)  people=25  frames/person=[37, 41, 23, 26, 32, 34, 22, 32, 50, 29, 38, 44, 31, 34, 37, 39, 39, 39, 38, 26, 25, 50, 41, 33, 40]  min=22
  warning: 6 people have fewer than 30 available frames (kept all)
sequences=24  people=25  k=8
frames/person ~ Unif[30, 100]
down_hw=24  sigmas=(0.0,)  n_trials=20  known_k=True  csv=split_k8_clean_min30_trials20_knownk_scaled_cv_osc_k8_sigma0.csv
SSC-Block-TV block_size searched in [2, 12]
CV mode: 3 folds of size 8, each rotated as test
  1 people unused (remainder dropped)
  group 0: ['0004', '0006', '0009', '0013', '0014', '0022', '0026', '0027']
  group 1: ['0001', '0005', '0011', '0015', '0019', '0023', '0024', '0025']
  group 2: ['0003', '0007', '0010', '0012', '0016', '0017', '0020', '0021']
methods=['OSC']  append=False  hetero_noise=False  no_tune=False
  tune_pool_groups=20: sampling from 17 held-in people (overlap allowed) instead of the 2 fixed partition group(s)

============================================================
σ=0.0 fold=0  test=['0004', '0006', '0009', '0013', '0014', '0022', '0026', '0027']  train mats=48  test mats=24  tune mats=480
  --- tune OSC over 480 train mats  n_trials=20 (2 params) ---
  OSC trial 0: mean ARI=0.6947  n=480  618.6s  lambda_1=0.1, lambda_2=0.1
  OSC trial 1: mean ARI=0.6913  n=480  617.9s  lambda_1=0.1568, lambda_2=0.7257
  OSC trial 2: mean ARI=0.6824  n=480  618.0s  lambda_1=0.2577, lambda_2=0.1512
  OSC trial 3: mean ARI=0.7009  n=480  617.0s  lambda_1=0.0495, lambda_2=0.3833
  OSC trial 4: mean ARI=0.7003  n=480  616.8s  lambda_1=0.05628, lambda_2=3.691
  OSC trial 5: mean ARI=0.0013  n=480  596.8s  lambda_1=7.156, lambda_2=0.03418
  OSC trial 6: mean ARI=0.0013  n=480  595.3s  lambda_1=1.469, lambda_2=0.1305
  OSC trial 7: mean ARI=0.6876  n=480  616.4s  lambda_1=0.1871, lambda_2=5.039
  OSC trial 8: mean ARI=0.7062  n=480  642.4s  lambda_1=0.001924, lambda_2=0.002231
  OSC trial 9: mean ARI=0.7068  n=480  616.4s  lambda_1=0.001205, lambda_2=2.14
  OSC trial 10: mean ARI=0.7061  n=480  641.3s  lambda_1=0.001206, lambda_2=0.001659
  OSC trial 11: mean ARI=0.7061  n=480  643.8s  lambda_1=0.001211, lambda_2=0.001203
  OSC trial 12: mean ARI=0.7049  n=480  632.3s  lambda_1=0.007272, lambda_2=0.01293
  OSC trial 13: mean ARI=0.7049  n=480  651.3s  lambda_1=0.00784, lambda_2=0.01192
  OSC trial 14: mean ARI=0.7070  n=480  615.6s  lambda_1=0.004685, lambda_2=1.369
  OSC trial 15: mean ARI=0.7069  n=480  617.1s  lambda_1=0.007684, lambda_2=1.363
  OSC trial 16: mean ARI=0.7066  n=480  616.9s  lambda_1=0.0119, lambda_2=1.498
  OSC trial 17: mean ARI=0.7038  n=480  615.9s  lambda_1=0.01775, lambda_2=9.473
  OSC trial 18: mean ARI=0.7068  n=480  625.2s  lambda_1=0.004884, lambda_2=0.683
  OSC trial 19: mean ARI=0.7032  n=480  616.6s  lambda_1=0.023, lambda_2=0.3555
    best mean ARI=0.7070  tune 12431.6s  lambda_1=0.004685, lambda_2=1.369
  wrote /nfs/turbo/umms-minjilab/lpullela/icassp_ssc_tv2/block_ssc_benchmark/cv/params/surveillance/split_k8_clean_min30_trials20_knownk_scaled_params_cv_osc_k8_sigma0_sigma0_fold0.json

=== P1E_S1_C1 train[0] k=8  dim=576  frames=410  σ=0.0  fold=0 ===
  OSC: k_hat=8  ACC=0.6683  NMI=0.8642  ARI=0.6730  1.5s

=== P1E_S1_C1 train[1] k=8  dim=576  frames=399  σ=0.0  fold=0 ===
  OSC: k_hat=8  ACC=0.7218  NMI=0.8160  ARI=0.6469  1.4s

=== P1E_S1_C2 train[0] k=8  dim=576  frames=339  σ=0.0  fold=0 ===
  OSC: k_hat=8  ACC=0.6519  NMI=0.8085  ARI=0.6141  1.1s

=== P1E_S1_C2 train[1] k=8  dim=576  frames=331  σ=0.0  fold=0 ===
  OSC: k_hat=8  ACC=0.7372  NMI=0.8042  ARI=0.6551  1.1s

=== P1E_S1_C3 train[0] k=8  dim=576  frames=132  σ=0.0  fold=0 ===
  OSC: k_hat=8  ACC=0.8561  NMI=0.9001  ARI=0.7937  0.2s

=== P1E_S1_C3 train[1] k=8  dim=576  frames=154  σ=0.0  fold=0 ===
  OSC: k_hat=8  ACC=0.7987  NMI=0.8451  ARI=0.7358  0.3s

=== P1E_S2_C1 train[0] k=8  dim=576  frames=426  σ=0.0  fold=0 ===
  OSC: k_hat=8  ACC=0.6667  NMI=0.8155  ARI=0.6188  1.6s

=== P1E_S2_C1 train[1] k=8  dim=576  frames=386  σ=0.0  fold=0 ===
  OSC: k_hat=8  ACC=0.6347  NMI=0.7409  ARI=0.4820  1.3s

=== P1E_S2_C2 train[0] k=8  dim=576  frames=348  σ=0.0  fold=0 ===
  OSC: k_hat=8  ACC=0.8333  NMI=0.9045  ARI=0.7812  1.1s

=== P1E_S2_C2 train[1] k=8  dim=576  frames=320  σ=0.0  fold=0 ===
  OSC: k_hat=8  ACC=0.8000  NMI=0.8481  ARI=0.7119  1.0s

=== P1E_S2_C3 train[0] k=8  dim=576  frames=278  σ=0.0  fold=0 ===
  OSC: k_hat=8  ACC=0.5863  NMI=0.7915  ARI=0.5047  0.8s

=== P1E_S2_C3 train[1] k=8  dim=576  frames=246  σ=0.0  fold=0 ===
  OSC: k_hat=8  ACC=0.9268  NMI=0.9024  ARI=0.8500  0.6s

=== P1E_S3_C1 train[0] k=8  dim=576  frames=427  σ=0.0  fold=0 ===
  OSC: k_hat=8  ACC=0.5925  NMI=0.7848  ARI=0.5768  1.7s

=== P1E_S3_C1 train[1] k=8  dim=576  frames=395  σ=0.0  fold=0 ===
  OSC: k_hat=8  ACC=0.6759  NMI=0.8071  ARI=0.5886  1.4s

=== P1E_S3_C2 train[0] k=8  dim=576  frames=428  σ=0.0  fold=0 ===
  OSC: k_hat=8  ACC=0.7196  NMI=0.8115  ARI=0.6463  1.6s

=== P1E_S3_C2 train[1] k=8  dim=576  frames=324  σ=0.0  fold=0 ===
  OSC: k_hat=8  ACC=0.7130  NMI=0.8222  ARI=0.6390  1.0s

=== P1E_S3_C3 train[0] k=8  dim=576  frames=319  σ=0.0  fold=0 ===
  OSC: k_hat=8  ACC=0.8119  NMI=0.8880  ARI=0.7610  1.0s

=== P1E_S3_C3 train[1] k=8  dim=576  frames=265  σ=0.0  fold=0 ===
  OSC: k_hat=8  ACC=0.7472  NMI=0.8658  ARI=0.7025  0.7s

=== P1E_S4_C1 train[0] k=8  dim=576  frames=465  σ=0.0  fold=0 ===
  OSC: k_hat=8  ACC=0.7011  NMI=0.8722  ARI=0.6979  1.9s

=== P1E_S4_C1 train[1] k=8  dim=576  frames=379  σ=0.0  fold=0 ===
  OSC: k_hat=8  ACC=0.8047  NMI=0.8508  ARI=0.7095  1.3s

=== P1E_S4_C2 train[0] k=8  dim=576  frames=363  σ=0.0  fold=0 ===
  OSC: k_hat=8  ACC=0.8017  NMI=0.8947  ARI=0.7711  1.2s

=== P1E_S4_C2 train[1] k=8  dim=576  frames=335  σ=0.0  fold=0 ===
  OSC: k_hat=8  ACC=0.8985  NMI=0.9041  ARI=0.8120  1.1s

=== P1E_S4_C3 train[0] k=8  dim=576  frames=245  σ=0.0  fold=0 ===
  OSC: k_hat=8  ACC=0.9551  NMI=0.9380  ARI=0.9129  0.7s

=== P1E_S4_C3 train[1] k=8  dim=576  frames=233  σ=0.0  fold=0 ===
  OSC: k_hat=8  ACC=0.8798  NMI=0.9313  ARI=0.8666  0.6s

=== P1L_S1_C1 train[0] k=8  dim=576  frames=503  σ=0.0  fold=0 ===
  OSC: k_hat=8  ACC=0.8569  NMI=0.9404  ARI=0.8295  2.2s

=== P1L_S1_C1 train[1] k=8  dim=576  frames=399  σ=0.0  fold=0 ===
  OSC: k_hat=8  ACC=0.8145  NMI=0.8746  ARI=0.7688  1.5s

=== P1L_S1_C2 train[0] k=8  dim=576  frames=423  σ=0.0  fold=0 ===
  OSC: k_hat=8  ACC=0.6359  NMI=0.8100  ARI=0.5812  1.6s

=== P1L_S1_C2 train[1] k=8  dim=576  frames=406  σ=0.0  fold=0 ===
  OSC: k_hat=8  ACC=0.7069  NMI=0.8330  ARI=0.6482  1.5s

=== P1L_S1_C3 train[0] k=8  dim=576  frames=195  σ=0.0  fold=0 ===
  OSC: k_hat=8  ACC=0.6564  NMI=0.8649  ARI=0.6665  0.4s

=== P1L_S1_C3 train[1] k=8  dim=576  frames=179  σ=0.0  fold=0 ===
  OSC: k_hat=8  ACC=0.6983  NMI=0.8130  ARI=0.5897  0.4s

=== P1L_S2_C1 train[0] k=8  dim=576  frames=486  σ=0.0  fold=0 ===
  OSC: k_hat=8  ACC=0.8189  NMI=0.8763  ARI=0.7635  2.0s

=== P1L_S2_C1 train[1] k=8  dim=576  frames=429  σ=0.0  fold=0 ===
  OSC: k_hat=8  ACC=0.8858  NMI=0.8883  ARI=0.7928  1.6s

=== P1L_S2_C2 train[0] k=8  dim=576  frames=470  σ=0.0  fold=0 ===
  OSC: k_hat=8  ACC=0.9128  NMI=0.9092  ARI=0.8452  1.9s

=== P1L_S2_C2 train[1] k=8  dim=576  frames=432  σ=0.0  fold=0 ===
  OSC: k_hat=8  ACC=0.7454  NMI=0.8434  ARI=0.6895  1.7s

=== P1L_S2_C3 train[0] k=8  dim=576  frames=302  σ=0.0  fold=0 ===
  OSC: k_hat=8  ACC=0.7119  NMI=0.8404  ARI=0.6691  0.9s

=== P1L_S2_C3 train[1] k=8  dim=576  frames=288  σ=0.0  fold=0 ===
  OSC: k_hat=8  ACC=0.7847  NMI=0.8897  ARI=0.7377  0.8s

=== P1L_S3_C1 train[0] k=8  dim=576  frames=447  σ=0.0  fold=0 ===
  OSC: k_hat=8  ACC=0.7025  NMI=0.7984  ARI=0.6033  1.8s

=== P1L_S3_C1 train[1] k=8  dim=576  frames=417  σ=0.0  fold=0 ===
  OSC: k_hat=8  ACC=0.8249  NMI=0.8750  ARI=0.7261  1.6s

=== P1L_S3_C2 train[0] k=8  dim=576  frames=498  σ=0.0  fold=0 ===
  OSC: k_hat=8  ACC=0.6707  NMI=0.7777  ARI=0.5998  2.1s

=== P1L_S3_C2 train[1] k=8  dim=576  frames=480  σ=0.0  fold=0 ===
  OSC: k_hat=8  ACC=0.7896  NMI=0.8252  ARI=0.6606  2.1s

=== P1L_S3_C3 train[0] k=8  dim=576  frames=354  σ=0.0  fold=0 ===
  OSC: k_hat=8  ACC=0.6921  NMI=0.8039  ARI=0.6120  1.2s

=== P1L_S3_C3 train[1] k=8  dim=576  frames=349  σ=0.0  fold=0 ===
  OSC: k_hat=8  ACC=0.7307  NMI=0.8015  ARI=0.6249  1.1s

=== P1L_S4_C1 train[0] k=8  dim=576  frames=436  σ=0.0  fold=0 ===
  OSC: k_hat=8  ACC=0.9472  NMI=0.9371  ARI=0.8814  1.7s

=== P1L_S4_C1 train[1] k=8  dim=576  frames=497  σ=0.0  fold=0 ===
  OSC: k_hat=8  ACC=0.6761  NMI=0.8183  ARI=0.6384  2.1s

=== P1L_S4_C2 train[0] k=8  dim=576  frames=444  σ=0.0  fold=0 ===
  OSC: k_hat=8  ACC=0.8829  NMI=0.8842  ARI=0.7918  1.7s

=== P1L_S4_C2 train[1] k=8  dim=576  frames=423  σ=0.0  fold=0 ===
  OSC: k_hat=8  ACC=0.7305  NMI=0.8270  ARI=0.6537  1.6s

=== P1L_S4_C3 train[0] k=8  dim=576  frames=299  σ=0.0  fold=0 ===
  OSC: k_hat=8  ACC=0.6923  NMI=0.8112  ARI=0.5706  0.9s

=== P1L_S4_C3 train[1] k=8  dim=576  frames=284  σ=0.0  fold=0 ===
  OSC: k_hat=8  ACC=0.6444  NMI=0.8616  ARI=0.6811  0.8s

=== P1E_S1_C1 test[0] k=8  dim=576  frames=379  σ=0.0  fold=0 ===
  OSC: k_hat=8  ACC=0.6887  NMI=0.8263  ARI=0.6339  1.3s

=== P1E_S1_C2 test[0] k=8  dim=576  frames=325  σ=0.0  fold=0 ===
  OSC: k_hat=8  ACC=0.9600  NMI=0.9391  ARI=0.9023  1.0s

=== P1E_S1_C3 test[0] k=8  dim=576  frames=148  σ=0.0  fold=0 ===
  OSC: k_hat=8  ACC=0.8108  NMI=0.9050  ARI=0.7916  0.3s

=== P1E_S2_C1 test[0] k=8  dim=576  frames=409  σ=0.0  fold=0 ===
  OSC: k_hat=8  ACC=0.7677  NMI=0.8593  ARI=0.7151  1.5s

=== P1E_S2_C2 test[0] k=8  dim=576  frames=333  σ=0.0  fold=0 ===
  OSC: k_hat=8  ACC=0.9850  NMI=0.9722  ARI=0.9661  1.1s

=== P1E_S2_C3 test[0] k=8  dim=576  frames=259  σ=0.0  fold=0 ===
  OSC: k_hat=8  ACC=0.9923  NMI=0.9854  ARI=0.9808  0.7s

=== P1E_S3_C1 test[0] k=8  dim=576  frames=385  σ=0.0  fold=0 ===
  OSC: k_hat=8  ACC=0.6338  NMI=0.8061  ARI=0.6160  1.4s

=== P1E_S3_C2 test[0] k=8  dim=576  frames=331  σ=0.0  fold=0 ===
  OSC: k_hat=8  ACC=0.7613  NMI=0.8330  ARI=0.6288  1.1s

=== P1E_S3_C3 test[0] k=8  dim=576  frames=243  σ=0.0  fold=0 ===
  OSC: k_hat=8  ACC=0.9918  NMI=0.9848  ARI=0.9806  0.6s

=== P1E_S4_C1 test[0] k=8  dim=576  frames=363  σ=0.0  fold=0 ===
  OSC: k_hat=8  ACC=0.6556  NMI=0.8561  ARI=0.6459  1.2s

=== P1E_S4_C2 test[0] k=8  dim=576  frames=317  σ=0.0  fold=0 ===
  OSC: k_hat=8  ACC=0.9874  NMI=0.9756  ARI=0.9705  0.9s

=== P1E_S4_C3 test[0] k=8  dim=576  frames=214  σ=0.0  fold=0 ===
  OSC: k_hat=8  ACC=0.8318  NMI=0.9078  ARI=0.7959  0.5s

=== P1L_S1_C1 test[0] k=8  dim=576  frames=422  σ=0.0  fold=0 ===
  OSC: k_hat=8  ACC=0.9242  NMI=0.9374  ARI=0.8458  1.6s

=== P1L_S1_C2 test[0] k=8  dim=576  frames=414  σ=0.0  fold=0 ===
  OSC: k_hat=8  ACC=0.9324  NMI=0.9423  ARI=0.8664  1.5s

=== P1L_S1_C3 test[0] k=8  dim=576  frames=168  σ=0.0  fold=0 ===
  OSC: k_hat=8  ACC=0.8452  NMI=0.9375  ARI=0.8272  0.3s

=== P1L_S2_C1 test[0] k=8  dim=576  frames=507  σ=0.0  fold=0 ===
  OSC: k_hat=8  ACC=0.8915  NMI=0.9479  ARI=0.8894  2.2s

=== P1L_S2_C2 test[0] k=8  dim=576  frames=453  σ=0.0  fold=0 ===
  OSC: k_hat=8  ACC=0.9581  NMI=0.9529  ARI=0.9008  1.8s

=== P1L_S2_C3 test[0] k=8  dim=576  frames=275  σ=0.0  fold=0 ===
  OSC: k_hat=8  ACC=0.8836  NMI=0.9095  ARI=0.7691  0.8s

=== P1L_S3_C1 test[0] k=8  dim=576  frames=394  σ=0.0  fold=0 ===
  OSC: k_hat=8  ACC=0.9086  NMI=0.8984  ARI=0.7936  1.4s

=== P1L_S3_C2 test[0] k=8  dim=576  frames=427  σ=0.0  fold=0 ===
  OSC: k_hat=8  ACC=0.8525  NMI=0.9059  ARI=0.8095  1.6s

=== P1L_S3_C3 test[0] k=8  dim=576  frames=348  σ=0.0  fold=0 ===
  OSC: k_hat=8  ACC=0.9598  NMI=0.9522  ARI=0.8937  1.1s

=== P1L_S4_C1 test[0] k=8  dim=576  frames=441  σ=0.0  fold=0 ===
  OSC: k_hat=8  ACC=1.0000  NMI=1.0000  ARI=1.0000  1.7s

=== P1L_S4_C2 test[0] k=8  dim=576  frames=410  σ=0.0  fold=0 ===
  OSC: k_hat=8  ACC=0.8098  NMI=0.9286  ARI=0.8041  1.5s

=== P1L_S4_C3 test[0] k=8  dim=576  frames=258  σ=0.0  fold=0 ===
  OSC: k_hat=8  ACC=0.8876  NMI=0.9288  ARI=0.8060  0.7s
  tune_pool_groups=20: sampling from 17 held-in people (overlap allowed) instead of the 2 fixed partition group(s)

============================================================
σ=0.0 fold=1  test=['0001', '0005', '0011', '0015', '0019', '0023', '0024', '0025']  train mats=48  test mats=24  tune mats=480
  --- tune OSC over 480 train mats  n_trials=20 (2 params) ---
  OSC trial 0: mean ARI=0.7681  n=480  565.4s  lambda_1=0.1, lambda_2=0.1
  OSC trial 1: mean ARI=0.7648  n=480  564.9s  lambda_1=0.1568, lambda_2=0.7257
  OSC trial 2: mean ARI=0.7567  n=480  566.2s  lambda_1=0.2577, lambda_2=0.1512
  OSC trial 3: mean ARI=0.7727  n=480  566.4s  lambda_1=0.0495, lambda_2=0.3833
  OSC trial 4: mean ARI=0.7724  n=480  566.9s  lambda_1=0.05628, lambda_2=3.691
  OSC trial 5: mean ARI=0.0015  n=480  547.6s  lambda_1=7.156, lambda_2=0.03418
  OSC trial 6: mean ARI=0.0015  n=480  547.9s  lambda_1=1.469, lambda_2=0.1305
  OSC trial 7: mean ARI=0.7636  n=480  564.8s  lambda_1=0.1871, lambda_2=5.039
  OSC trial 8: mean ARI=0.7723  n=480  588.9s  lambda_1=0.001924, lambda_2=0.002231
  OSC trial 9: mean ARI=0.7734  n=480  566.1s  lambda_1=0.001205, lambda_2=2.14
  OSC trial 10: mean ARI=0.7724  n=480  590.3s  lambda_1=0.001206, lambda_2=0.001659
  OSC trial 11: mean ARI=0.7729  n=480  564.7s  lambda_1=0.008553, lambda_2=0.9349
  OSC trial 12: mean ARI=0.7728  n=480  564.4s  lambda_1=0.007272, lambda_2=1.462
  OSC trial 13: mean ARI=0.7723  n=480  565.0s  lambda_1=0.00633, lambda_2=7.286
  OSC trial 14: mean ARI=0.7735  n=480  565.8s  lambda_1=0.009944, lambda_2=1.892
  OSC trial 15: mean ARI=0.7743  n=480  566.3s  lambda_1=0.01831, lambda_2=2.395
  OSC trial 16: mean ARI=0.7724  n=480  582.9s  lambda_1=0.0217, lambda_2=0.01302
  OSC trial 17: mean ARI=0.7743  n=480  565.7s  lambda_1=0.01731, lambda_2=9.549
  OSC trial 18: mean ARI=0.7214  n=480  566.0s  lambda_1=0.6165, lambda_2=7.896
  OSC trial 19: mean ARI=0.7756  n=480  566.4s  lambda_1=0.02425, lambda_2=0.3841
    best mean ARI=0.7756  tune 11342.7s  lambda_1=0.02425, lambda_2=0.3841
  wrote /nfs/turbo/umms-minjilab/lpullela/icassp_ssc_tv2/block_ssc_benchmark/cv/params/surveillance/split_k8_clean_min30_trials20_knownk_scaled_params_cv_osc_k8_sigma0_sigma0_fold1.json

=== P1E_S1_C1 train[0] k=8  dim=576  frames=379  σ=0.0  fold=1 ===
  OSC: k_hat=8  ACC=0.7256  NMI=0.8678  ARI=0.6828  1.3s

=== P1E_S1_C1 train[1] k=8  dim=576  frames=399  σ=0.0  fold=1 ===
  OSC: k_hat=8  ACC=0.7218  NMI=0.8160  ARI=0.6469  1.4s

=== P1E_S1_C2 train[0] k=8  dim=576  frames=325  σ=0.0  fold=1 ===
  OSC: k_hat=8  ACC=0.9600  NMI=0.9391  ARI=0.9023  1.0s

=== P1E_S1_C2 train[1] k=8  dim=576  frames=331  σ=0.0  fold=1 ===
  OSC: k_hat=8  ACC=0.8912  NMI=0.8583  ARI=0.7625  1.1s

=== P1E_S1_C3 train[0] k=8  dim=576  frames=148  σ=0.0  fold=1 ===
  OSC: k_hat=8  ACC=0.8108  NMI=0.9050  ARI=0.7916  0.2s

=== P1E_S1_C3 train[1] k=8  dim=576  frames=154  σ=0.0  fold=1 ===
  OSC: k_hat=8  ACC=0.7987  NMI=0.8451  ARI=0.7358  0.3s

=== P1E_S2_C1 train[0] k=8  dim=576  frames=409  σ=0.0  fold=1 ===
  OSC: k_hat=8  ACC=0.7677  NMI=0.8593  ARI=0.7151  1.5s

=== P1E_S2_C1 train[1] k=8  dim=576  frames=386  σ=0.0  fold=1 ===
  OSC: k_hat=8  ACC=0.6347  NMI=0.7409  ARI=0.4820  1.3s

=== P1E_S2_C2 train[0] k=8  dim=576  frames=333  σ=0.0  fold=1 ===
  OSC: k_hat=8  ACC=0.9790  NMI=0.9654  ARI=0.9541  1.0s

=== P1E_S2_C2 train[1] k=8  dim=576  frames=320  σ=0.0  fold=1 ===
  OSC: k_hat=8  ACC=0.8000  NMI=0.8481  ARI=0.7119  1.0s

=== P1E_S2_C3 train[0] k=8  dim=576  frames=259  σ=0.0  fold=1 ===
  OSC: k_hat=8  ACC=0.9923  NMI=0.9854  ARI=0.9808  0.7s

=== P1E_S2_C3 train[1] k=8  dim=576  frames=246  σ=0.0  fold=1 ===
  OSC: k_hat=8  ACC=0.9268  NMI=0.9024  ARI=0.8500  0.6s

=== P1E_S3_C1 train[0] k=8  dim=576  frames=385  σ=0.0  fold=1 ===
  OSC: k_hat=8  ACC=0.6312  NMI=0.8041  ARI=0.6125  1.4s

=== P1E_S3_C1 train[1] k=8  dim=576  frames=395  σ=0.0  fold=1 ===
  OSC: k_hat=8  ACC=0.6759  NMI=0.8071  ARI=0.5886  1.4s

=== P1E_S3_C2 train[0] k=8  dim=576  frames=331  σ=0.0  fold=1 ===
  OSC: k_hat=8  ACC=0.7613  NMI=0.8330  ARI=0.6288  1.1s

=== P1E_S3_C2 train[1] k=8  dim=576  frames=324  σ=0.0  fold=1 ===
  OSC: k_hat=8  ACC=0.7130  NMI=0.8222  ARI=0.6390  1.0s

=== P1E_S3_C3 train[0] k=8  dim=576  frames=243  σ=0.0  fold=1 ===
  OSC: k_hat=8  ACC=0.9918  NMI=0.9848  ARI=0.9806  0.6s

=== P1E_S3_C3 train[1] k=8  dim=576  frames=265  σ=0.0  fold=1 ===
  OSC: k_hat=8  ACC=0.7472  NMI=0.8658  ARI=0.7025  0.7s

=== P1E_S4_C1 train[0] k=8  dim=576  frames=363  σ=0.0  fold=1 ===
  OSC: k_hat=8  ACC=0.6556  NMI=0.8561  ARI=0.6459  1.2s

=== P1E_S4_C1 train[1] k=8  dim=576  frames=379  σ=0.0  fold=1 ===
  OSC: k_hat=8  ACC=0.8047  NMI=0.8508  ARI=0.7095  1.3s

=== P1E_S4_C2 train[0] k=8  dim=576  frames=317  σ=0.0  fold=1 ===
  OSC: k_hat=8  ACC=0.9874  NMI=0.9756  ARI=0.9705  1.0s

=== P1E_S4_C2 train[1] k=8  dim=576  frames=335  σ=0.0  fold=1 ===
  OSC: k_hat=8  ACC=0.8985  NMI=0.9041  ARI=0.8120  1.1s

=== P1E_S4_C3 train[0] k=8  dim=576  frames=214  σ=0.0  fold=1 ===
  OSC: k_hat=8  ACC=0.8318  NMI=0.9078  ARI=0.7959  0.5s

=== P1E_S4_C3 train[1] k=8  dim=576  frames=233  σ=0.0  fold=1 ===
  OSC: k_hat=8  ACC=0.8798  NMI=0.9313  ARI=0.8666  0.6s

=== P1L_S1_C1 train[0] k=8  dim=576  frames=422  σ=0.0  fold=1 ===
  OSC: k_hat=8  ACC=0.9242  NMI=0.9374  ARI=0.8458  1.6s

=== P1L_S1_C1 train[1] k=8  dim=576  frames=399  σ=0.0  fold=1 ===
  OSC: k_hat=8  ACC=0.8145  NMI=0.8746  ARI=0.7688  1.4s

=== P1L_S1_C2 train[0] k=8  dim=576  frames=414  σ=0.0  fold=1 ===
  OSC: k_hat=8  ACC=0.9324  NMI=0.9423  ARI=0.8664  1.5s

=== P1L_S1_C2 train[1] k=8  dim=576  frames=406  σ=0.0  fold=1 ===
  OSC: k_hat=8  ACC=0.5862  NMI=0.8183  ARI=0.6056  1.5s

=== P1L_S1_C3 train[0] k=8  dim=576  frames=168  σ=0.0  fold=1 ===
  OSC: k_hat=8  ACC=0.8452  NMI=0.9375  ARI=0.8272  0.3s

=== P1L_S1_C3 train[1] k=8  dim=576  frames=179  σ=0.0  fold=1 ===
  OSC: k_hat=8  ACC=0.6983  NMI=0.8130  ARI=0.5897  0.4s

=== P1L_S2_C1 train[0] k=8  dim=576  frames=507  σ=0.0  fold=1 ===
  OSC: k_hat=8  ACC=0.8955  NMI=0.9384  ARI=0.8509  2.2s

=== P1L_S2_C1 train[1] k=8  dim=576  frames=429  σ=0.0  fold=1 ===
  OSC: k_hat=8  ACC=0.8858  NMI=0.8883  ARI=0.7928  1.7s

=== P1L_S2_C2 train[0] k=8  dim=576  frames=453  σ=0.0  fold=1 ===
  OSC: k_hat=8  ACC=0.9581  NMI=0.9529  ARI=0.9008  1.8s

=== P1L_S2_C2 train[1] k=8  dim=576  frames=432  σ=0.0  fold=1 ===
  OSC: k_hat=8  ACC=0.7454  NMI=0.8434  ARI=0.6895  1.6s

=== P1L_S2_C3 train[0] k=8  dim=576  frames=275  σ=0.0  fold=1 ===
  OSC: k_hat=8  ACC=0.8836  NMI=0.9095  ARI=0.7691  0.8s

=== P1L_S2_C3 train[1] k=8  dim=576  frames=288  σ=0.0  fold=1 ===
  OSC: k_hat=8  ACC=0.7778  NMI=0.8540  ARI=0.7026  0.8s

=== P1L_S3_C1 train[0] k=8  dim=576  frames=394  σ=0.0  fold=1 ===
  OSC: k_hat=8  ACC=0.9086  NMI=0.8984  ARI=0.7936  1.4s

=== P1L_S3_C1 train[1] k=8  dim=576  frames=417  σ=0.0  fold=1 ===
  OSC: k_hat=8  ACC=0.8249  NMI=0.8750  ARI=0.7261  1.6s

=== P1L_S3_C2 train[0] k=8  dim=576  frames=427  σ=0.0  fold=1 ===
  OSC: k_hat=8  ACC=0.8642  NMI=0.9259  ARI=0.8343  1.6s

=== P1L_S3_C2 train[1] k=8  dim=576  frames=480  σ=0.0  fold=1 ===
  OSC: k_hat=8  ACC=0.7583  NMI=0.8422  ARI=0.6921  2.0s

=== P1L_S3_C3 train[0] k=8  dim=576  frames=348  σ=0.0  fold=1 ===
  OSC: k_hat=8  ACC=0.9598  NMI=0.9522  ARI=0.8937  1.2s

=== P1L_S3_C3 train[1] k=8  dim=576  frames=349  σ=0.0  fold=1 ===
  OSC: k_hat=8  ACC=0.7249  NMI=0.7996  ARI=0.6201  1.2s

=== P1L_S4_C1 train[0] k=8  dim=576  frames=441  σ=0.0  fold=1 ===
  OSC: k_hat=8  ACC=0.8594  NMI=0.9364  ARI=0.8456  1.7s

=== P1L_S4_C1 train[1] k=8  dim=576  frames=497  σ=0.0  fold=1 ===
  OSC: k_hat=8  ACC=0.6761  NMI=0.8183  ARI=0.6384  2.2s

=== P1L_S4_C2 train[0] k=8  dim=576  frames=410  σ=0.0  fold=1 ===
  OSC: k_hat=8  ACC=0.8098  NMI=0.9286  ARI=0.8041  1.5s

=== P1L_S4_C2 train[1] k=8  dim=576  frames=423  σ=0.0  fold=1 ===
  OSC: k_hat=8  ACC=0.7305  NMI=0.8270  ARI=0.6537  1.6s

=== P1L_S4_C3 train[0] k=8  dim=576  frames=258  σ=0.0  fold=1 ===
  OSC: k_hat=8  ACC=0.8876  NMI=0.9288  ARI=0.8060  0.7s

=== P1L_S4_C3 train[1] k=8  dim=576  frames=284  σ=0.0  fold=1 ===
  OSC: k_hat=8  ACC=0.6479  NMI=0.8617  ARI=0.6815  0.8s

=== P1E_S1_C1 test[0] k=8  dim=576  frames=410  σ=0.0  fold=1 ===
  OSC: k_hat=8  ACC=0.6683  NMI=0.8642  ARI=0.6730  1.5s

=== P1E_S1_C2 test[0] k=8  dim=576  frames=339  σ=0.0  fold=1 ===
  OSC: k_hat=8  ACC=0.6519  NMI=0.8085  ARI=0.6141  1.1s

=== P1E_S1_C3 test[0] k=8  dim=576  frames=132  σ=0.0  fold=1 ===
  OSC: k_hat=8  ACC=0.8561  NMI=0.9001  ARI=0.7937  0.2s

=== P1E_S2_C1 test[0] k=8  dim=576  frames=426  σ=0.0  fold=1 ===
  OSC: k_hat=8  ACC=0.4977  NMI=0.7758  ARI=0.4777  1.6s

=== P1E_S2_C2 test[0] k=8  dim=576  frames=348  σ=0.0  fold=1 ===
  OSC: k_hat=8  ACC=0.8333  NMI=0.9045  ARI=0.7812  1.1s

=== P1E_S2_C3 test[0] k=8  dim=576  frames=278  σ=0.0  fold=1 ===
  OSC: k_hat=8  ACC=0.5863  NMI=0.7915  ARI=0.5047  0.8s

=== P1E_S3_C1 test[0] k=8  dim=576  frames=427  σ=0.0  fold=1 ===
  OSC: k_hat=8  ACC=0.6276  NMI=0.7929  ARI=0.6006  1.6s

=== P1E_S3_C2 test[0] k=8  dim=576  frames=428  σ=0.0  fold=1 ===
  OSC: k_hat=8  ACC=0.7243  NMI=0.8112  ARI=0.6457  1.6s

=== P1E_S3_C3 test[0] k=8  dim=576  frames=319  σ=0.0  fold=1 ===
  OSC: k_hat=8  ACC=0.8119  NMI=0.8880  ARI=0.7610  1.0s

=== P1E_S4_C1 test[0] k=8  dim=576  frames=465  σ=0.0  fold=1 ===
  OSC: k_hat=8  ACC=0.7011  NMI=0.8722  ARI=0.6979  1.9s

=== P1E_S4_C2 test[0] k=8  dim=576  frames=363  σ=0.0  fold=1 ===
  OSC: k_hat=8  ACC=0.8072  NMI=0.8947  ARI=0.7714  1.2s

=== P1E_S4_C3 test[0] k=8  dim=576  frames=245  σ=0.0  fold=1 ===
  OSC: k_hat=8  ACC=0.9551  NMI=0.9380  ARI=0.9129  0.6s

=== P1L_S1_C1 test[0] k=8  dim=576  frames=503  σ=0.0  fold=1 ===
  OSC: k_hat=8  ACC=0.8569  NMI=0.9404  ARI=0.8295  2.2s

=== P1L_S1_C2 test[0] k=8  dim=576  frames=423  σ=0.0  fold=1 ===
  OSC: k_hat=8  ACC=0.6359  NMI=0.8100  ARI=0.5812  1.7s

=== P1L_S1_C3 test[0] k=8  dim=576  frames=195  σ=0.0  fold=1 ===
  OSC: k_hat=8  ACC=0.6564  NMI=0.8649  ARI=0.6665  0.4s

=== P1L_S2_C1 test[0] k=8  dim=576  frames=486  σ=0.0  fold=1 ===
  OSC: k_hat=8  ACC=0.8230  NMI=0.8678  ARI=0.7628  2.1s

=== P1L_S2_C2 test[0] k=8  dim=576  frames=470  σ=0.0  fold=1 ===
  OSC: k_hat=8  ACC=0.9128  NMI=0.9092  ARI=0.8452  1.9s

=== P1L_S2_C3 test[0] k=8  dim=576  frames=302  σ=0.0  fold=1 ===
  OSC: k_hat=8  ACC=0.6689  NMI=0.8375  ARI=0.6669  0.9s

=== P1L_S3_C1 test[0] k=8  dim=576  frames=447  σ=0.0  fold=1 ===
  OSC: k_hat=8  ACC=0.7025  NMI=0.7984  ARI=0.6033  1.8s

=== P1L_S3_C2 test[0] k=8  dim=576  frames=498  σ=0.0  fold=1 ===
  OSC: k_hat=8  ACC=0.6707  NMI=0.7777  ARI=0.5998  2.2s

=== P1L_S3_C3 test[0] k=8  dim=576  frames=354  σ=0.0  fold=1 ===
  OSC: k_hat=8  ACC=0.7486  NMI=0.8462  ARI=0.6589  1.2s

=== P1L_S4_C1 test[0] k=8  dim=576  frames=436  σ=0.0  fold=1 ===
  OSC: k_hat=8  ACC=0.9472  NMI=0.9371  ARI=0.8814  1.6s

=== P1L_S4_C2 test[0] k=8  dim=576  frames=444  σ=0.0  fold=1 ===
  OSC: k_hat=8  ACC=0.8829  NMI=0.8842  ARI=0.7918  1.7s

=== P1L_S4_C3 test[0] k=8  dim=576  frames=299  σ=0.0  fold=1 ===
  OSC: k_hat=8  ACC=0.6923  NMI=0.8112  ARI=0.5706  0.9s
  tune_pool_groups=20: sampling from 17 held-in people (overlap allowed) instead of the 2 fixed partition group(s)

============================================================
σ=0.0 fold=2  test=['0003', '0007', '0010', '0012', '0016', '0017', '0020', '0021']  train mats=48  test mats=24  tune mats=480
  --- tune OSC over 480 train mats  n_trials=20 (2 params) ---
  OSC trial 0: mean ARI=0.7601  n=480  603.5s  lambda_1=0.1, lambda_2=0.1
  OSC trial 1: mean ARI=0.7576  n=480  604.0s  lambda_1=0.1568, lambda_2=0.7257
  OSC trial 2: mean ARI=0.7507  n=480  605.3s  lambda_1=0.2577, lambda_2=0.1512
  OSC trial 3: mean ARI=0.7642  n=480  615.3s  lambda_1=0.0495, lambda_2=0.3833
  OSC trial 4: mean ARI=0.7636  n=480  614.5s  lambda_1=0.05628, lambda_2=3.691
  OSC trial 5: mean ARI=0.0020  n=480  595.8s  lambda_1=7.156, lambda_2=0.03418
  OSC trial 6: mean ARI=0.0020  n=480  599.0s  lambda_1=1.469, lambda_2=0.1305
  OSC trial 7: mean ARI=0.7557  n=480  614.8s  lambda_1=0.1871, lambda_2=5.039
  OSC trial 8: mean ARI=0.7650  n=480  646.5s  lambda_1=0.001924, lambda_2=0.002231
  OSC trial 9: mean ARI=0.7653  n=480  615.7s  lambda_1=0.001205, lambda_2=2.14
  OSC trial 10: mean ARI=0.7642  n=480  643.1s  lambda_1=0.001206, lambda_2=0.001659
  OSC trial 11: mean ARI=0.7642  n=480  645.5s  lambda_1=0.001211, lambda_2=0.001203
  OSC trial 12: mean ARI=0.7647  n=480  633.4s  lambda_1=0.007272, lambda_2=0.01293
  OSC trial 13: mean ARI=0.7644  n=480  633.2s  lambda_1=0.00784, lambda_2=0.01192
  OSC trial 14: mean ARI=0.7657  n=480  617.4s  lambda_1=0.004685, lambda_2=1.369
  OSC trial 15: mean ARI=0.7654  n=480  614.9s  lambda_1=0.007684, lambda_2=1.363
  OSC trial 16: mean ARI=0.7651  n=480  614.8s  lambda_1=0.0119, lambda_2=1.498
  OSC trial 17: mean ARI=0.7648  n=480  615.9s  lambda_1=0.01775, lambda_2=9.473
  OSC trial 18: mean ARI=0.7657  n=480  617.7s  lambda_1=0.004884, lambda_2=0.683
  OSC trial 19: mean ARI=0.7639  n=480  616.6s  lambda_1=0.023, lambda_2=0.3555
    best mean ARI=0.7657  tune 12367.0s  lambda_1=0.004685, lambda_2=1.369
  wrote /nfs/turbo/umms-minjilab/lpullela/icassp_ssc_tv2/block_ssc_benchmark/cv/params/surveillance/split_k8_clean_min30_trials20_knownk_scaled_params_cv_osc_k8_sigma0_sigma0_fold2.json

=== P1E_S1_C1 train[0] k=8  dim=576  frames=379  σ=0.0  fold=2 ===
  OSC: k_hat=8  ACC=0.6887  NMI=0.8263  ARI=0.6339  1.3s

=== P1E_S1_C1 train[1] k=8  dim=576  frames=410  σ=0.0  fold=2 ===
  OSC: k_hat=8  ACC=0.6683  NMI=0.8642  ARI=0.6730  1.4s

=== P1E_S1_C2 train[0] k=8  dim=576  frames=325  σ=0.0  fold=2 ===
  OSC: k_hat=8  ACC=0.9600  NMI=0.9391  ARI=0.9023  0.9s

=== P1E_S1_C2 train[1] k=8  dim=576  frames=339  σ=0.0  fold=2 ===
  OSC: k_hat=8  ACC=0.6519  NMI=0.8085  ARI=0.6141  1.0s

=== P1E_S1_C3 train[0] k=8  dim=576  frames=148  σ=0.0  fold=2 ===
  OSC: k_hat=8  ACC=0.8108  NMI=0.9050  ARI=0.7916  0.3s

=== P1E_S1_C3 train[1] k=8  dim=576  frames=132  σ=0.0  fold=2 ===
  OSC: k_hat=8  ACC=0.8561  NMI=0.9001  ARI=0.7937  0.2s

=== P1E_S2_C1 train[0] k=8  dim=576  frames=409  σ=0.0  fold=2 ===
  OSC: k_hat=8  ACC=0.7677  NMI=0.8593  ARI=0.7151  1.5s

=== P1E_S2_C1 train[1] k=8  dim=576  frames=426  σ=0.0  fold=2 ===
  OSC: k_hat=8  ACC=0.6667  NMI=0.8155  ARI=0.6188  1.6s

=== P1E_S2_C2 train[0] k=8  dim=576  frames=333  σ=0.0  fold=2 ===
  OSC: k_hat=8  ACC=0.9850  NMI=0.9722  ARI=0.9661  1.0s

=== P1E_S2_C2 train[1] k=8  dim=576  frames=348  σ=0.0  fold=2 ===
  OSC: k_hat=8  ACC=0.8333  NMI=0.9045  ARI=0.7812  1.1s

=== P1E_S2_C3 train[0] k=8  dim=576  frames=259  σ=0.0  fold=2 ===
  OSC: k_hat=8  ACC=0.9923  NMI=0.9854  ARI=0.9808  0.7s

=== P1E_S2_C3 train[1] k=8  dim=576  frames=278  σ=0.0  fold=2 ===
  OSC: k_hat=8  ACC=0.5863  NMI=0.7915  ARI=0.5047  0.7s

=== P1E_S3_C1 train[0] k=8  dim=576  frames=385  σ=0.0  fold=2 ===
  OSC: k_hat=8  ACC=0.6338  NMI=0.8061  ARI=0.6160  1.3s

=== P1E_S3_C1 train[1] k=8  dim=576  frames=427  σ=0.0  fold=2 ===
  OSC: k_hat=8  ACC=0.5925  NMI=0.7848  ARI=0.5768  1.6s

=== P1E_S3_C2 train[0] k=8  dim=576  frames=331  σ=0.0  fold=2 ===
  OSC: k_hat=8  ACC=0.7613  NMI=0.8330  ARI=0.6288  1.0s

=== P1E_S3_C2 train[1] k=8  dim=576  frames=428  σ=0.0  fold=2 ===
  OSC: k_hat=8  ACC=0.7196  NMI=0.8115  ARI=0.6463  1.6s

=== P1E_S3_C3 train[0] k=8  dim=576  frames=243  σ=0.0  fold=2 ===
  OSC: k_hat=8  ACC=0.9918  NMI=0.9848  ARI=0.9806  0.6s

=== P1E_S3_C3 train[1] k=8  dim=576  frames=319  σ=0.0  fold=2 ===
  OSC: k_hat=8  ACC=0.8119  NMI=0.8880  ARI=0.7610  0.9s

=== P1E_S4_C1 train[0] k=8  dim=576  frames=363  σ=0.0  fold=2 ===
  OSC: k_hat=8  ACC=0.6556  NMI=0.8561  ARI=0.6459  1.2s

=== P1E_S4_C1 train[1] k=8  dim=576  frames=465  σ=0.0  fold=2 ===
  OSC: k_hat=8  ACC=0.7011  NMI=0.8722  ARI=0.6979  1.8s

=== P1E_S4_C2 train[0] k=8  dim=576  frames=317  σ=0.0  fold=2 ===
  OSC: k_hat=8  ACC=0.9874  NMI=0.9756  ARI=0.9705  0.9s

=== P1E_S4_C2 train[1] k=8  dim=576  frames=363  σ=0.0  fold=2 ===
  OSC: k_hat=8  ACC=0.8017  NMI=0.8947  ARI=0.7711  1.1s

=== P1E_S4_C3 train[0] k=8  dim=576  frames=214  σ=0.0  fold=2 ===
  OSC: k_hat=8  ACC=0.8318  NMI=0.9078  ARI=0.7959  0.5s

=== P1E_S4_C3 train[1] k=8  dim=576  frames=245  σ=0.0  fold=2 ===
  OSC: k_hat=8  ACC=0.9551  NMI=0.9380  ARI=0.9129  0.6s

=== P1L_S1_C1 train[0] k=8  dim=576  frames=422  σ=0.0  fold=2 ===
  OSC: k_hat=8  ACC=0.9242  NMI=0.9374  ARI=0.8458  1.5s

=== P1L_S1_C1 train[1] k=8  dim=576  frames=503  σ=0.0  fold=2 ===
  OSC: k_hat=8  ACC=0.8569  NMI=0.9404  ARI=0.8295  2.1s

=== P1L_S1_C2 train[0] k=8  dim=576  frames=414  σ=0.0  fold=2 ===
  OSC: k_hat=8  ACC=0.9324  NMI=0.9423  ARI=0.8664  1.4s

=== P1L_S1_C2 train[1] k=8  dim=576  frames=423  σ=0.0  fold=2 ===
  OSC: k_hat=8  ACC=0.6359  NMI=0.8100  ARI=0.5812  1.5s

=== P1L_S1_C3 train[0] k=8  dim=576  frames=168  σ=0.0  fold=2 ===
  OSC: k_hat=8  ACC=0.8452  NMI=0.9375  ARI=0.8272  0.3s

=== P1L_S1_C3 train[1] k=8  dim=576  frames=195  σ=0.0  fold=2 ===
  OSC: k_hat=8  ACC=0.6564  NMI=0.8649  ARI=0.6665  0.4s

=== P1L_S2_C1 train[0] k=8  dim=576  frames=507  σ=0.0  fold=2 ===
  OSC: k_hat=8  ACC=0.8915  NMI=0.9479  ARI=0.8894  2.1s

=== P1L_S2_C1 train[1] k=8  dim=576  frames=486  σ=0.0  fold=2 ===
  OSC: k_hat=8  ACC=0.8189  NMI=0.8763  ARI=0.7635  2.0s

=== P1L_S2_C2 train[0] k=8  dim=576  frames=453  σ=0.0  fold=2 ===
  OSC: k_hat=8  ACC=0.9581  NMI=0.9529  ARI=0.9008  1.8s

=== P1L_S2_C2 train[1] k=8  dim=576  frames=470  σ=0.0  fold=2 ===
  OSC: k_hat=8  ACC=0.9128  NMI=0.9092  ARI=0.8452  1.9s

=== P1L_S2_C3 train[0] k=8  dim=576  frames=275  σ=0.0  fold=2 ===
  OSC: k_hat=8  ACC=0.8836  NMI=0.9095  ARI=0.7691  0.7s

=== P1L_S2_C3 train[1] k=8  dim=576  frames=302  σ=0.0  fold=2 ===
  OSC: k_hat=8  ACC=0.7119  NMI=0.8404  ARI=0.6691  0.8s

=== P1L_S3_C1 train[0] k=8  dim=576  frames=394  σ=0.0  fold=2 ===
  OSC: k_hat=8  ACC=0.9086  NMI=0.8984  ARI=0.7936  1.4s

=== P1L_S3_C1 train[1] k=8  dim=576  frames=447  σ=0.0  fold=2 ===
  OSC: k_hat=8  ACC=0.7025  NMI=0.7984  ARI=0.6033  1.7s

=== P1L_S3_C2 train[0] k=8  dim=576  frames=427  σ=0.0  fold=2 ===
  OSC: k_hat=8  ACC=0.8525  NMI=0.9059  ARI=0.8095  1.6s

=== P1L_S3_C2 train[1] k=8  dim=576  frames=498  σ=0.0  fold=2 ===
  OSC: k_hat=8  ACC=0.6707  NMI=0.7777  ARI=0.5998  2.1s

=== P1L_S3_C3 train[0] k=8  dim=576  frames=348  σ=0.0  fold=2 ===
  OSC: k_hat=8  ACC=0.9598  NMI=0.9522  ARI=0.8937  1.1s

=== P1L_S3_C3 train[1] k=8  dim=576  frames=354  σ=0.0  fold=2 ===
  OSC: k_hat=8  ACC=0.6921  NMI=0.8039  ARI=0.6120  1.1s

=== P1L_S4_C1 train[0] k=8  dim=576  frames=441  σ=0.0  fold=2 ===
  OSC: k_hat=8  ACC=1.0000  NMI=1.0000  ARI=1.0000  1.7s

=== P1L_S4_C1 train[1] k=8  dim=576  frames=436  σ=0.0  fold=2 ===
  OSC: k_hat=8  ACC=0.9472  NMI=0.9371  ARI=0.8814  1.6s

=== P1L_S4_C2 train[0] k=8  dim=576  frames=410  σ=0.0  fold=2 ===
  OSC: k_hat=8  ACC=0.8098  NMI=0.9286  ARI=0.8041  1.4s

=== P1L_S4_C2 train[1] k=8  dim=576  frames=444  σ=0.0  fold=2 ===
  OSC: k_hat=8  ACC=0.8829  NMI=0.8842  ARI=0.7918  1.7s

=== P1L_S4_C3 train[0] k=8  dim=576  frames=258  σ=0.0  fold=2 ===
  OSC: k_hat=8  ACC=0.8876  NMI=0.9288  ARI=0.8060  0.6s

=== P1L_S4_C3 train[1] k=8  dim=576  frames=299  σ=0.0  fold=2 ===
  OSC: k_hat=8  ACC=0.6923  NMI=0.8112  ARI=0.5706  0.8s

=== P1E_S1_C1 test[0] k=8  dim=576  frames=399  σ=0.0  fold=2 ===
  OSC: k_hat=8  ACC=0.7218  NMI=0.8160  ARI=0.6469  1.4s

=== P1E_S1_C2 test[0] k=8  dim=576  frames=331  σ=0.0  fold=2 ===
  OSC: k_hat=8  ACC=0.7372  NMI=0.8042  ARI=0.6551  1.0s

=== P1E_S1_C3 test[0] k=8  dim=576  frames=154  σ=0.0  fold=2 ===
  OSC: k_hat=8  ACC=0.7987  NMI=0.8451  ARI=0.7358  0.3s

=== P1E_S2_C1 test[0] k=8  dim=576  frames=386  σ=0.0  fold=2 ===
  OSC: k_hat=8  ACC=0.6347  NMI=0.7409  ARI=0.4820  1.3s

=== P1E_S2_C2 test[0] k=8  dim=576  frames=320  σ=0.0  fold=2 ===
  OSC: k_hat=8  ACC=0.8000  NMI=0.8481  ARI=0.7119  0.9s

=== P1E_S2_C3 test[0] k=8  dim=576  frames=246  σ=0.0  fold=2 ===
  OSC: k_hat=8  ACC=0.9268  NMI=0.9024  ARI=0.8500  0.6s

=== P1E_S3_C1 test[0] k=8  dim=576  frames=395  σ=0.0  fold=2 ===
  OSC: k_hat=8  ACC=0.6759  NMI=0.8071  ARI=0.5886  1.5s

=== P1E_S3_C2 test[0] k=8  dim=576  frames=324  σ=0.0  fold=2 ===
  OSC: k_hat=8  ACC=0.7130  NMI=0.8222  ARI=0.6390  1.0s

=== P1E_S3_C3 test[0] k=8  dim=576  frames=265  σ=0.0  fold=2 ===
  OSC: k_hat=8  ACC=0.7472  NMI=0.8658  ARI=0.7025  0.7s

=== P1E_S4_C1 test[0] k=8  dim=576  frames=379  σ=0.0  fold=2 ===
  OSC: k_hat=8  ACC=0.8047  NMI=0.8508  ARI=0.7095  1.3s

=== P1E_S4_C2 test[0] k=8  dim=576  frames=335  σ=0.0  fold=2 ===
  OSC: k_hat=8  ACC=0.8985  NMI=0.9041  ARI=0.8120  1.1s

=== P1E_S4_C3 test[0] k=8  dim=576  frames=233  σ=0.0  fold=2 ===
  OSC: k_hat=8  ACC=0.8798  NMI=0.9313  ARI=0.8666  0.5s

=== P1L_S1_C1 test[0] k=8  dim=576  frames=399  σ=0.0  fold=2 ===
  OSC: k_hat=8  ACC=0.8145  NMI=0.8746  ARI=0.7688  1.5s

=== P1L_S1_C2 test[0] k=8  dim=576  frames=406  σ=0.0  fold=2 ===
  OSC: k_hat=8  ACC=0.7069  NMI=0.8330  ARI=0.6482  1.4s

=== P1L_S1_C3 test[0] k=8  dim=576  frames=179  σ=0.0  fold=2 ===
  OSC: k_hat=8  ACC=0.6983  NMI=0.8130  ARI=0.5897  0.4s

=== P1L_S2_C1 test[0] k=8  dim=576  frames=429  σ=0.0  fold=2 ===
  OSC: k_hat=8  ACC=0.8858  NMI=0.8883  ARI=0.7928  1.6s

=== P1L_S2_C2 test[0] k=8  dim=576  frames=432  σ=0.0  fold=2 ===
  OSC: k_hat=8  ACC=0.7454  NMI=0.8434  ARI=0.6895  1.7s

=== P1L_S2_C3 test[0] k=8  dim=576  frames=288  σ=0.0  fold=2 ===
  OSC: k_hat=8  ACC=0.7847  NMI=0.8897  ARI=0.7377  0.8s

=== P1L_S3_C1 test[0] k=8  dim=576  frames=417  σ=0.0  fold=2 ===
  OSC: k_hat=8  ACC=0.8249  NMI=0.8750  ARI=0.7261  1.6s

=== P1L_S3_C2 test[0] k=8  dim=576  frames=480  σ=0.0  fold=2 ===
  OSC: k_hat=8  ACC=0.7896  NMI=0.8252  ARI=0.6606  1.9s

=== P1L_S3_C3 test[0] k=8  dim=576  frames=349  σ=0.0  fold=2 ===
  OSC: k_hat=8  ACC=0.7307  NMI=0.8015  ARI=0.6249  1.2s

=== P1L_S4_C1 test[0] k=8  dim=576  frames=497  σ=0.0  fold=2 ===
  OSC: k_hat=8  ACC=0.6761  NMI=0.8183  ARI=0.6384  2.1s

=== P1L_S4_C2 test[0] k=8  dim=576  frames=423  σ=0.0  fold=2 ===
  OSC: k_hat=8  ACC=0.7305  NMI=0.8270  ARI=0.6537  1.7s

=== P1L_S4_C3 test[0] k=8  dim=576  frames=284  σ=0.0  fold=2 ===
  OSC: k_hat=8  ACC=0.6444  NMI=0.8616  ARI=0.6811  0.8s

=== inference time per method ===
  OSC: mean=1.2246s  std=0.5029s  total=264.5s  n=216
wrote /nfs/turbo/umms-minjilab/lpullela/icassp_ssc_tv2/block_ssc_benchmark/cv/results/surveillance/split_k8_clean_min30_trials20_knownk_scaled_cv_osc_k8_sigma0_timing.json

=== mean over matrices ===
  OSC train σ=0.0: ACC=0.7953  NMI=0.8737  ARI=0.7385  n=144
  OSC test σ=0.0: ACC=0.7946  NMI=0.8737  ARI=0.7380  n=72

wrote /nfs/turbo/umms-minjilab/lpullela/icassp_ssc_tv2/block_ssc_benchmark/cv/results/surveillance/split_k8_clean_min30_trials20_knownk_scaled_cv_osc_k8_sigma0.csv
end=Mon Sep  7 04:19:30 EDT 2026
Experiment completed!
