========================================
Job: cv_tkss_k5_s0p25
Method: TKSS  k: 5  sigma: 0.25  tune_pool_groups: 20
========================================
host=gl3264.arc-ts.umich.edu  python=/home/lpullela/miniconda3/envs/ssc_559/bin/python  start=Sun Sep  6 18:11:48 EDT 2026
Loading P1E_S1_C1
  Y: (576, 1236)  people=25  frames/person=[60, 61, 50, 48, 51, 35, 41, 56, 55, 49, 65, 50, 63, 38, 61, 48, 50, 49, 50, 30, 42, 60, 32, 39, 53]  min=30
Loading P1E_S1_C2
  Y: (576, 1031)  people=25  frames/person=[42, 48, 31, 35, 50, 45, 30, 32, 38, 40, 61, 41, 47, 33, 46, 36, 41, 45, 42, 36, 33, 50, 53, 33, 43]  min=30
Loading P1E_S1_C3
  Y: (576, 453)  people=25  frames/person=[15, 22, 16, 16, 17, 13, 14, 19, 14, 25, 26, 12, 21, 18, 22, 19, 13, 19, 16, 15, 8, 15, 30, 20, 28]  min=8
  warning: 24 people have fewer than 30 available frames (kept all)
Loading P1E_S2_C1
  Y: (576, 1256)  people=25  frames/person=[65, 50, 50, 51, 53, 48, 49, 60, 33, 48, 61, 58, 52, 32, 55, 35, 45, 53, 40, 53, 51, 65, 64, 42, 43]  min=32
Loading P1E_S2_C2
  Y: (576, 1042)  people=25  frames/person=[33, 48, 38, 41, 53, 36, 39, 47, 51, 36, 55, 44, 43, 25, 42, 41, 37, 45, 41, 38, 40, 54, 49, 33, 33]  min=25
  warning: 1 people have fewer than 30 available frames (kept all)
Loading P1E_S2_C3
  Y: (576, 816)  people=25  frames/person=[36, 33, 28, 32, 42, 37, 31, 36, 31, 23, 42, 36, 35, 20, 33, 33, 32, 32, 32, 29, 32, 42, 38, 27, 24]  min=20
  warning: 6 people have fewer than 30 available frames (kept all)
Loading P1E_S3_C1
  Y: (576, 1255)  people=25  frames/person=[43, 39, 47, 52, 58, 96, 42, 31, 79, 33, 67, 55, 44, 34, 40, 48, 54, 77, 45, 41, 46, 53, 56, 38, 37]  min=31
Loading P1E_S3_C2
  Y: (576, 1126)  people=25  frames/person=[57, 56, 35, 40, 49, 75, 34, 40, 70, 26, 65, 54, 43, 28, 32, 43, 48, 31, 36, 33, 42, 71, 57, 30, 31]  min=26
  warning: 2 people have fewer than 30 available frames (kept all)
Loading P1E_S3_C3
  Y: (576, 866)  people=25  frames/person=[43, 36, 24, 33, 37, 47, 29, 37, 55, 18, 40, 40, 31, 22, 30, 39, 35, 45, 30, 28, 30, 50, 42, 20, 25]  min=18
  warning: 7 people have fewer than 30 available frames (kept all)
Loading P1E_S4_C1
  Y: (576, 1247)  people=25  frames/person=[58, 54, 34, 56, 50, 59, 50, 56, 74, 38, 75, 35, 46, 31, 53, 40, 57, 32, 56, 33, 48, 67, 59, 48, 38]  min=31
Loading P1E_S4_C2
  Y: (576, 1051)  people=25  frames/person=[37, 37, 41, 46, 41, 49, 38, 45, 65, 30, 39, 48, 50, 34, 43, 36, 47, 52, 45, 37, 38, 50, 30, 37, 36]  min=30
Loading P1E_S4_C3
  Y: (576, 719)  people=25  frames/person=[28, 29, 22, 29, 24, 36, 31, 29, 33, 25, 37, 19, 28, 21, 25, 27, 25, 41, 27, 29, 26, 31, 45, 29, 23]  min=19
  warning: 18 people have fewer than 30 available frames (kept all)
Loading P1L_S1_C1
  Y: (576, 1391)  people=25  frames/person=[65, 68, 43, 64, 47, 40, 58, 33, 75, 41, 58, 72, 58, 49, 66, 67, 65, 43, 59, 57, 58, 51, 67, 32, 55]  min=32
Loading P1L_S1_C2
  Y: (576, 1309)  people=25  frames/person=[30, 65, 37, 63, 66, 54, 52, 52, 43, 49, 71, 49, 58, 48, 54, 66, 56, 36, 48, 49, 55, 66, 52, 39, 51]  min=30
Loading P1L_S1_C3
  Y: (576, 565)  people=25  frames/person=[27, 29, 20, 26, 19, 25, 22, 12, 28, 25, 20, 25, 23, 18, 21, 23, 25, 26, 23, 21, 18, 18, 30, 18, 23]  min=12
  warning: 24 people have fewer than 30 available frames (kept all)
Loading P1L_S2_C1
  Y: (576, 1470)  people=25  frames/person=[73, 68, 53, 64, 65, 41, 73, 55, 37, 31, 82, 75, 63, 45, 34, 48, 74, 84, 71, 64, 62, 65, 48, 33, 62]  min=31
Loading P1L_S2_C2
  Y: (576, 1393)  people=25  frames/person=[64, 65, 49, 62, 69, 69, 63, 61, 80, 34, 89, 57, 53, 52, 55, 38, 30, 30, 66, 36, 57, 51, 73, 41, 49]  min=30
Loading P1L_S2_C3
  Y: (576, 897)  people=25  frames/person=[40, 36, 29, 28, 35, 37, 36, 36, 50, 28, 55, 46, 34, 31, 35, 32, 30, 48, 37, 29, 36, 39, 45, 19, 26]  min=19
  warning: 6 people have fewer than 30 available frames (kept all)
Loading P1L_S3_C1
  Y: (576, 1329)  people=25  frames/person=[31, 33, 30, 51, 74, 75, 59, 65, 66, 43, 47, 39, 65, 50, 58, 71, 67, 36, 57, 35, 62, 31, 74, 59, 51]  min=30
Loading P1L_S3_C2
  Y: (576, 1472)  people=25  frames/person=[78, 38, 48, 51, 54, 71, 61, 71, 32, 50, 75, 38, 72, 63, 48, 67, 49, 87, 52, 56, 58, 85, 73, 56, 39]  min=32
Loading P1L_S3_C3
  Y: (576, 1105)  people=25  frames/person=[48, 44, 38, 38, 39, 45, 35, 55, 52, 26, 81, 39, 36, 36, 44, 54, 42, 61, 38, 31, 34, 53, 51, 44, 41]  min=26
  warning: 1 people have fewer than 30 available frames (kept all)
Loading P1L_S4_C1
  Y: (576, 1443)  people=25  frames/person=[50, 69, 44, 41, 78, 43, 32, 71, 45, 65, 59, 39, 56, 57, 68, 69, 70, 73, 51, 63, 47, 70, 57, 52, 74]  min=32
Loading P1L_S4_C2
  Y: (576, 1327)  people=25  frames/person=[71, 34, 39, 54, 63, 67, 52, 39, 52, 56, 59, 50, 51, 53, 63, 50, 71, 63, 48, 35, 31, 71, 43, 52, 60]  min=31
Loading P1L_S4_C3
  Y: (576, 880)  people=25  frames/person=[37, 41, 23, 26, 32, 34, 22, 32, 50, 29, 38, 44, 31, 34, 37, 39, 39, 39, 38, 26, 25, 50, 41, 33, 40]  min=22
  warning: 6 people have fewer than 30 available frames (kept all)
sequences=24  people=25  k=5
frames/person ~ Unif[30, 100]
down_hw=24  sigmas=(0.25,)  n_trials=20  known_k=True  csv=split_k5_sigmas_min30_trials20_knownk_cv_tkss_k5_sigma0p25.csv
SSC-Block-TV block_size searched in [2, 12]
CV mode: 5 folds of size 5, each rotated as test
  group 0: ['0006', '0013', '0014', '0022', '0027']
  group 1: ['0004', '0009', '0019', '0025', '0026']
  group 2: ['0001', '0005', '0011', '0023', '0024']
  group 3: ['0007', '0010', '0015', '0016', '0021']
  group 4: ['0003', '0012', '0017', '0018', '0020']
methods=['TKSS']  append=False  hetero_noise=False  no_tune=False
  tune_pool_groups=20: sampling from 20 held-in people (overlap allowed) instead of the 4 fixed partition group(s)

============================================================
σ=0.25 fold=0  test=['0006', '0013', '0014', '0022', '0027']  train mats=96  test mats=24  tune mats=480
  --- tune TKSS over 480 train mats  n_trials=30 (3 params) ---
  TKSS trial 0: mean ARI=0.7213  n=480  59.6s  d=5, lam=1, s=2
  TKSS trial 1: mean ARI=0.6917  n=480  110.5s  d=9, lam=1.398, s=4
  TKSS trial 2: mean ARI=0.7106  n=480  54.1s  d=9, lam=0.1866, s=4
  TKSS trial 3: mean ARI=0.6571  n=480  153.4s  d=7, lam=4.735, s=6
  TKSS trial 4: mean ARI=0.6937  n=480  107.6s  d=6, lam=2.372, s=4
  TKSS trial 5: mean ARI=0.7210  n=480  33.6s  d=9, lam=5.981, s=1
  TKSS trial 6: mean ARI=0.7221  n=480  73.3s  d=2, lam=0.0115, s=5
  TKSS trial 7: mean ARI=0.6649  n=480  166.1s  d=12, lam=4.074, s=6
  TKSS trial 8: mean ARI=0.6985  n=480  84.9s  d=12, lam=0.2423, s=5
  TKSS trial 9: mean ARI=0.7239  n=480  99.3s  d=2, lam=0.8313, s=1
  TKSS trial 10: mean ARI=0.7192  n=480  21.8s  d=15, lam=0.01463, s=2
  TKSS trial 11: mean ARI=0.6607  n=480  134.0s  d=1, lam=0.01211, s=1
  TKSS trial 12: mean ARI=0.6759  n=480  149.2s  d=1, lam=0.05122, s=3
  TKSS trial 13: mean ARI=0.7253  n=480  75.4s  d=3, lam=0.2955, s=3
  TKSS trial 14: mean ARI=0.7248  n=480  59.2s  d=4, lam=0.5248, s=2
  TKSS trial 15: mean ARI=0.7218  n=480  60.0s  d=4, lam=0.2784, s=3
  TKSS trial 16: mean ARI=0.7249  n=480  36.4s  d=4, lam=0.08352, s=2
  TKSS trial 17: mean ARI=0.7266  n=480  44.1s  d=3, lam=0.04205, s=3
  TKSS trial 18: mean ARI=0.7264  n=480  43.9s  d=3, lam=0.03879, s=3
  TKSS trial 19: mean ARI=0.7204  n=480  25.4s  d=7, lam=0.0337, s=3
  TKSS trial 20: mean ARI=0.7167  n=480  44.3s  d=6, lam=0.09355, s=5
  TKSS trial 21: mean ARI=0.7261  n=480  42.6s  d=3, lam=0.03333, s=3
  TKSS trial 22: mean ARI=0.7258  n=480  41.3s  d=3, lam=0.02822, s=3
  TKSS trial 23: mean ARI=0.7232  n=480  75.7s  d=2, lam=0.0299, s=4
  TKSS trial 24: mean ARI=0.7233  n=480  36.5s  d=5, lam=0.09726, s=3
  TKSS trial 25: mean ARI=0.7261  n=480  42.5s  d=3, lam=0.04885, s=2
  TKSS trial 26: mean ARI=0.6741  n=480  140.8s  d=1, lam=0.0204, s=4
  TKSS trial 27: mean ARI=0.7233  n=480  41.3s  d=5, lam=0.1339, s=3
  TKSS trial 28: mean ARI=0.7261  n=480  43.9s  d=3, lam=0.05728, s=2
  TKSS trial 29: mean ARI=0.7210  n=480  26.3s  d=6, lam=0.02157, s=4
    best mean ARI=0.7266  tune 2127.2s  d=3, lam=0.04205, s=3
  wrote /nfs/turbo/umms-minjilab/lpullela/icassp_ssc_tv2/block_ssc_benchmark/cv/params/surveillance/split_k5_sigmas_min30_trials20_params_knownk_cv_tkss_k5_sigma0p25_sigma0.25_fold0.json

=== P1E_S1_C1 train[0] k=5  dim=576  frames=212  σ=0.25  fold=0 ===
  TKSS: k_hat=5  ACC=0.8443  NMI=0.7616  ARI=0.6826  0.0s

=== P1E_S1_C1 train[1] k=5  dim=576  frames=265  σ=0.25  fold=0 ===
  TKSS: k_hat=5  ACC=0.9321  NMI=0.8725  ARI=0.8446  0.3s

=== P1E_S1_C1 train[2] k=5  dim=576  frames=242  σ=0.25  fold=0 ===
  TKSS: k_hat=5  ACC=0.8884  NMI=0.8191  ARI=0.7548  0.1s

=== P1E_S1_C1 train[3] k=5  dim=576  frames=268  σ=0.25  fold=0 ===
  TKSS: k_hat=5  ACC=0.9328  NMI=0.8768  ARI=0.8508  0.2s

=== P1E_S1_C2 train[0] k=5  dim=576  frames=188  σ=0.25  fold=0 ===
  TKSS: k_hat=5  ACC=0.8138  NMI=0.7331  ARI=0.6283  0.0s

=== P1E_S1_C2 train[1] k=5  dim=576  frames=198  σ=0.25  fold=0 ===
  TKSS: k_hat=5  ACC=0.9091  NMI=0.8343  ARI=0.7955  0.0s

=== P1E_S1_C2 train[2] k=5  dim=576  frames=199  σ=0.25  fold=0 ===
  TKSS: k_hat=5  ACC=0.9246  NMI=0.8481  ARI=0.8224  0.0s

=== P1E_S1_C2 train[3] k=5  dim=576  frames=215  σ=0.25  fold=0 ===
  TKSS: k_hat=5  ACC=0.9349  NMI=0.8660  ARI=0.8460  0.2s

=== P1E_S1_C3 train[0] k=5  dim=576  frames=93  σ=0.25  fold=0 ===
  TKSS: k_hat=5  ACC=0.7634  NMI=0.7521  ARI=0.6334  0.0s

=== P1E_S1_C3 train[1] k=5  dim=576  frames=68  σ=0.25  fold=0 ===
  TKSS: k_hat=5  ACC=0.8235  NMI=0.7526  ARI=0.6530  0.0s

=== P1E_S1_C3 train[2] k=5  dim=576  frames=87  σ=0.25  fold=0 ===
  TKSS: k_hat=5  ACC=0.8966  NMI=0.8132  ARI=0.7617  0.0s

=== P1E_S1_C3 train[3] k=5  dim=576  frames=107  σ=0.25  fold=0 ===
  TKSS: k_hat=5  ACC=0.8785  NMI=0.8015  ARI=0.7404  0.0s

=== P1E_S2_C1 train[0] k=5  dim=576  frames=250  σ=0.25  fold=0 ===
  TKSS: k_hat=5  ACC=0.9440  NMI=0.8957  ARI=0.8636  0.1s

=== P1E_S2_C1 train[1] k=5  dim=576  frames=265  σ=0.25  fold=0 ===
  TKSS: k_hat=5  ACC=0.8302  NMI=0.7302  ARI=0.6505  0.1s

=== P1E_S2_C1 train[2] k=5  dim=576  frames=232  σ=0.25  fold=0 ===
  TKSS: k_hat=5  ACC=0.7974  NMI=0.7498  ARI=0.6480  0.1s

=== P1E_S2_C1 train[3] k=5  dim=576  frames=241  σ=0.25  fold=0 ===
  TKSS: k_hat=5  ACC=0.9461  NMI=0.9033  ARI=0.8805  0.1s

=== P1E_S2_C2 train[0] k=5  dim=576  frames=196  σ=0.25  fold=0 ===
  TKSS: k_hat=5  ACC=0.9796  NMI=0.9504  ARI=0.9473  0.2s

=== P1E_S2_C2 train[1] k=5  dim=576  frames=219  σ=0.25  fold=0 ===
  TKSS: k_hat=5  ACC=0.8219  NMI=0.7354  ARI=0.6394  0.0s

=== P1E_S2_C2 train[2] k=5  dim=576  frames=192  σ=0.25  fold=0 ===
  TKSS: k_hat=5  ACC=0.8646  NMI=0.7990  ARI=0.7313  0.2s

=== P1E_S2_C2 train[3] k=5  dim=576  frames=212  σ=0.25  fold=0 ===
  TKSS: k_hat=5  ACC=0.9623  NMI=0.9243  ARI=0.9102  0.1s

=== P1E_S2_C3 train[0] k=5  dim=576  frames=156  σ=0.25  fold=0 ===
  TKSS: k_hat=5  ACC=0.9167  NMI=0.8340  ARI=0.8011  0.0s

=== P1E_S2_C3 train[1] k=5  dim=576  frames=173  σ=0.25  fold=0 ===
  TKSS: k_hat=5  ACC=0.9191  NMI=0.8469  ARI=0.8152  0.0s

=== P1E_S2_C3 train[2] k=5  dim=576  frames=160  σ=0.25  fold=0 ===
  TKSS: k_hat=5  ACC=0.8375  NMI=0.7822  ARI=0.6888  0.0s

=== P1E_S2_C3 train[3] k=5  dim=576  frames=154  σ=0.25  fold=0 ===
  TKSS: k_hat=5  ACC=0.9221  NMI=0.8465  ARI=0.8215  0.0s

=== P1E_S3_C1 train[0] k=5  dim=576  frames=237  σ=0.25  fold=0 ===
  TKSS: k_hat=5  ACC=0.9325  NMI=0.8775  ARI=0.8440  0.0s

=== P1E_S3_C1 train[1] k=5  dim=576  frames=273  σ=0.25  fold=0 ===
  TKSS: k_hat=5  ACC=0.8645  NMI=0.7909  ARI=0.7028  0.1s

=== P1E_S3_C1 train[2] k=5  dim=576  frames=250  σ=0.25  fold=0 ===
  TKSS: k_hat=5  ACC=0.6280  NMI=0.7562  ARI=0.5910  0.2s

=== P1E_S3_C1 train[3] k=5  dim=576  frames=237  σ=0.25  fold=0 ===
  TKSS: k_hat=5  ACC=0.6118  NMI=0.6779  ARI=0.5250  0.1s

=== P1E_S3_C2 train[0] k=5  dim=576  frames=204  σ=0.25  fold=0 ===
  TKSS: k_hat=5  ACC=0.8382  NMI=0.7481  ARI=0.6527  0.0s

=== P1E_S3_C2 train[1] k=5  dim=576  frames=280  σ=0.25  fold=0 ===
  TKSS: k_hat=5  ACC=0.8786  NMI=0.8018  ARI=0.7404  0.1s

=== P1E_S3_C2 train[2] k=5  dim=576  frames=222  σ=0.25  fold=0 ===
  TKSS: k_hat=5  ACC=0.5946  NMI=0.6685  ARI=0.5055  0.0s

=== P1E_S3_C2 train[3] k=5  dim=576  frames=188  σ=0.25  fold=0 ===
  TKSS: k_hat=5  ACC=0.8085  NMI=0.7714  ARI=0.6516  0.1s

=== P1E_S3_C3 train[0] k=5  dim=576  frames=150  σ=0.25  fold=0 ===
  TKSS: k_hat=5  ACC=0.8333  NMI=0.7476  ARI=0.6455  0.0s

=== P1E_S3_C3 train[1] k=5  dim=576  frames=211  σ=0.25  fold=0 ===
  TKSS: k_hat=5  ACC=0.9052  NMI=0.8330  ARI=0.7831  0.1s

=== P1E_S3_C3 train[2] k=5  dim=576  frames=167  σ=0.25  fold=0 ===
  TKSS: k_hat=5  ACC=0.7126  NMI=0.7094  ARI=0.5600  0.1s

=== P1E_S3_C3 train[3] k=5  dim=576  frames=168  σ=0.25  fold=0 ===
  TKSS: k_hat=5  ACC=0.7440  NMI=0.7045  ARI=0.5781  0.0s

=== P1E_S4_C1 train[0] k=5  dim=576  frames=248  σ=0.25  fold=0 ===
  TKSS: k_hat=5  ACC=0.8508  NMI=0.7913  ARI=0.7094  0.1s

=== P1E_S4_C1 train[1] k=5  dim=576  frames=303  σ=0.25  fold=0 ===
  TKSS: k_hat=5  ACC=0.9307  NMI=0.8577  ARI=0.8345  0.1s

=== P1E_S4_C1 train[2] k=5  dim=576  frames=248  σ=0.25  fold=0 ===
  TKSS: k_hat=5  ACC=0.8185  NMI=0.7377  ARI=0.6491  0.0s

=== P1E_S4_C1 train[3] k=5  dim=576  frames=217  σ=0.25  fold=0 ===
  TKSS: k_hat=5  ACC=0.8249  NMI=0.7650  ARI=0.6544  0.1s

=== P1E_S4_C2 train[0] k=5  dim=576  frames=193  σ=0.25  fold=0 ===
  TKSS: k_hat=5  ACC=0.9171  NMI=0.8505  ARI=0.8140  0.1s

=== P1E_S4_C2 train[1] k=5  dim=576  frames=236  σ=0.25  fold=0 ===
  TKSS: k_hat=5  ACC=0.8729  NMI=0.7873  ARI=0.7195  0.0s

=== P1E_S4_C2 train[2] k=5  dim=576  frames=223  σ=0.25  fold=0 ===
  TKSS: k_hat=5  ACC=0.9013  NMI=0.8366  ARI=0.7871  0.1s

=== P1E_S4_C2 train[3] k=5  dim=576  frames=198  σ=0.25  fold=0 ===
  TKSS: k_hat=5  ACC=0.8283  NMI=0.7531  ARI=0.6587  0.0s

=== P1E_S4_C3 train[0] k=5  dim=576  frames=152  σ=0.25  fold=0 ===
  TKSS: k_hat=5  ACC=0.8158  NMI=0.7639  ARI=0.6491  0.0s

=== P1E_S4_C3 train[1] k=5  dim=576  frames=147  σ=0.25  fold=0 ===
  TKSS: k_hat=5  ACC=0.9524  NMI=0.8820  ARI=0.8814  0.0s

=== P1E_S4_C3 train[2] k=5  dim=576  frames=141  σ=0.25  fold=0 ===
  TKSS: k_hat=5  ACC=0.8014  NMI=0.7335  ARI=0.6260  0.0s

=== P1E_S4_C3 train[3] k=5  dim=576  frames=147  σ=0.25  fold=0 ===
  TKSS: k_hat=5  ACC=0.8367  NMI=0.7848  ARI=0.6890  0.0s

=== P1L_S1_C1 train[0] k=5  dim=576  frames=265  σ=0.25  fold=0 ===
  TKSS: k_hat=5  ACC=0.8264  NMI=0.7408  ARI=0.6421  0.2s

=== P1L_S1_C1 train[1] k=5  dim=576  frames=313  σ=0.25  fold=0 ===
  TKSS: k_hat=5  ACC=0.8658  NMI=0.7747  ARI=0.7132  0.5s

=== P1L_S1_C1 train[2] k=5  dim=576  frames=239  σ=0.25  fold=0 ===
  TKSS: k_hat=5  ACC=0.7824  NMI=0.7160  ARI=0.6021  0.0s

=== P1L_S1_C1 train[3] k=5  dim=576  frames=285  σ=0.25  fold=0 ===
  TKSS: k_hat=5  ACC=0.8737  NMI=0.7848  ARI=0.7216  0.1s

=== P1L_S1_C2 train[0] k=5  dim=576  frames=236  σ=0.25  fold=0 ===
  TKSS: k_hat=5  ACC=0.8814  NMI=0.7919  ARI=0.7341  0.0s

=== P1L_S1_C2 train[1] k=5  dim=576  frames=257  σ=0.25  fold=0 ===
  TKSS: k_hat=5  ACC=0.7588  NMI=0.6909  ARI=0.5577  0.1s

=== P1L_S1_C2 train[2] k=5  dim=576  frames=260  σ=0.25  fold=0 ===
  TKSS: k_hat=5  ACC=0.9462  NMI=0.8917  ARI=0.8756  0.2s

=== P1L_S1_C2 train[3] k=5  dim=576  frames=270  σ=0.25  fold=0 ===
  TKSS: k_hat=5  ACC=0.8481  NMI=0.7629  ARI=0.6830  0.1s

=== P1L_S1_C3 train[0] k=5  dim=576  frames=115  σ=0.25  fold=0 ===
  TKSS: k_hat=5  ACC=0.8783  NMI=0.7866  ARI=0.7196  0.0s

=== P1L_S1_C3 train[1] k=5  dim=576  frames=117  σ=0.25  fold=0 ===
  TKSS: k_hat=5  ACC=0.7607  NMI=0.7029  ARI=0.5717  0.0s

=== P1L_S1_C3 train[2] k=5  dim=576  frames=101  σ=0.25  fold=0 ===
  TKSS: k_hat=5  ACC=0.9010  NMI=0.8340  ARI=0.7820  0.0s

=== P1L_S1_C3 train[3] k=5  dim=576  frames=124  σ=0.25  fold=0 ===
  TKSS: k_hat=5  ACC=0.9032  NMI=0.8306  ARI=0.7859  0.0s

=== P1L_S2_C1 train[0] k=5  dim=576  frames=281  σ=0.25  fold=0 ===
  TKSS: k_hat=5  ACC=0.7402  NMI=0.7431  ARI=0.6146  0.3s

=== P1L_S2_C1 train[1] k=5  dim=576  frames=301  σ=0.25  fold=0 ===
  TKSS: k_hat=5  ACC=0.8704  NMI=0.7916  ARI=0.7353  0.1s

=== P1L_S2_C1 train[2] k=5  dim=576  frames=275  σ=0.25  fold=0 ===
  TKSS: k_hat=5  ACC=0.8182  NMI=0.7332  ARI=0.6334  0.1s

=== P1L_S2_C1 train[3] k=5  dim=576  frames=265  σ=0.25  fold=0 ===
  TKSS: k_hat=5  ACC=0.7019  NMI=0.6834  ARI=0.5406  0.1s

=== P1L_S2_C2 train[0] k=5  dim=576  frames=256  σ=0.25  fold=0 ===
  TKSS: k_hat=5  ACC=0.8711  NMI=0.7949  ARI=0.7147  0.1s

=== P1L_S2_C2 train[1] k=5  dim=576  frames=314  σ=0.25  fold=0 ===
  TKSS: k_hat=5  ACC=0.9013  NMI=0.8455  ARI=0.7941  0.1s

=== P1L_S2_C2 train[2] k=5  dim=576  frames=301  σ=0.25  fold=0 ===
  TKSS: k_hat=5  ACC=0.9103  NMI=0.8248  ARI=0.7980  0.1s

=== P1L_S2_C2 train[3] k=5  dim=576  frames=222  σ=0.25  fold=0 ===
  TKSS: k_hat=5  ACC=0.6937  NMI=0.6610  ARI=0.4976  0.0s

=== P1L_S2_C3 train[0] k=5  dim=576  frames=159  σ=0.25  fold=0 ===
  TKSS: k_hat=5  ACC=0.8931  NMI=0.8441  ARI=0.7748  0.0s

=== P1L_S2_C3 train[1] k=5  dim=576  frames=193  σ=0.25  fold=0 ===
  TKSS: k_hat=5  ACC=0.9275  NMI=0.8685  ARI=0.8320  0.0s

=== P1L_S2_C3 train[2] k=5  dim=576  frames=175  σ=0.25  fold=0 ===
  TKSS: k_hat=5  ACC=0.9600  NMI=0.9091  ARI=0.9047  0.1s

=== P1L_S2_C3 train[3] k=5  dim=576  frames=179  σ=0.25  fold=0 ===
  TKSS: k_hat=5  ACC=0.8492  NMI=0.7871  ARI=0.6992  0.1s

=== P1L_S3_C1 train[0] k=5  dim=576  frames=289  σ=0.25  fold=0 ===
  TKSS: k_hat=5  ACC=0.7578  NMI=0.7392  ARI=0.6125  0.1s

=== P1L_S3_C1 train[1] k=5  dim=576  frames=241  σ=0.25  fold=0 ===
  TKSS: k_hat=5  ACC=0.7842  NMI=0.7098  ARI=0.5823  0.1s

=== P1L_S3_C1 train[2] k=5  dim=576  frames=312  σ=0.25  fold=0 ===
  TKSS: k_hat=5  ACC=0.8269  NMI=0.7306  ARI=0.6535  0.1s

=== P1L_S3_C1 train[3] k=5  dim=576  frames=241  σ=0.25  fold=0 ===
  TKSS: k_hat=5  ACC=0.7593  NMI=0.6852  ARI=0.5431  0.1s

=== P1L_S3_C2 train[0] k=5  dim=576  frames=287  σ=0.25  fold=0 ===
  TKSS: k_hat=5  ACC=0.8990  NMI=0.8462  ARI=0.7748  0.3s

=== P1L_S3_C2 train[1] k=5  dim=576  frames=304  σ=0.25  fold=0 ===
  TKSS: k_hat=5  ACC=0.7664  NMI=0.6988  ARI=0.5758  0.1s

=== P1L_S3_C2 train[2] k=5  dim=576  frames=329  σ=0.25  fold=0 ===
  TKSS: k_hat=5  ACC=0.8389  NMI=0.7315  ARI=0.6633  0.3s

=== P1L_S3_C2 train[3] k=5  dim=576  frames=290  σ=0.25  fold=0 ===
  TKSS: k_hat=5  ACC=0.6000  NMI=0.6490  ARI=0.4779  0.1s

=== P1L_S3_C3 train[0] k=5  dim=576  frames=210  σ=0.25  fold=0 ===
  TKSS: k_hat=5  ACC=0.8667  NMI=0.7911  ARI=0.7268  0.0s

=== P1L_S3_C3 train[1] k=5  dim=576  frames=225  σ=0.25  fold=0 ===
  TKSS: k_hat=5  ACC=0.9333  NMI=0.8717  ARI=0.8463  0.1s

=== P1L_S3_C3 train[2] k=5  dim=576  frames=210  σ=0.25  fold=0 ===
  TKSS: k_hat=5  ACC=0.8429  NMI=0.7726  ARI=0.6939  0.0s

=== P1L_S3_C3 train[3] k=5  dim=576  frames=229  σ=0.25  fold=0 ===
  TKSS: k_hat=5  ACC=0.7424  NMI=0.7331  ARI=0.5949  0.1s

=== P1L_S4_C1 train[0] k=5  dim=576  frames=255  σ=0.25  fold=0 ===
  TKSS: k_hat=5  ACC=0.8431  NMI=0.7919  ARI=0.7140  0.1s

=== P1L_S4_C1 train[1] k=5  dim=576  frames=253  σ=0.25  fold=0 ===
  TKSS: k_hat=5  ACC=0.8221  NMI=0.7714  ARI=0.6703  0.1s

=== P1L_S4_C1 train[2] k=5  dim=576  frames=278  σ=0.25  fold=0 ===
  TKSS: k_hat=5  ACC=0.9209  NMI=0.8577  ARI=0.8179  0.2s

=== P1L_S4_C1 train[3] k=5  dim=576  frames=344  σ=0.25  fold=0 ===
  TKSS: k_hat=5  ACC=0.9738  NMI=0.9270  ARI=0.9355  0.2s

=== P1L_S4_C2 train[0] k=5  dim=576  frames=257  σ=0.25  fold=0 ===
  TKSS: k_hat=5  ACC=0.8794  NMI=0.8067  ARI=0.7348  0.1s

=== P1L_S4_C2 train[1] k=5  dim=576  frames=279  σ=0.25  fold=0 ===
  TKSS: k_hat=5  ACC=0.8029  NMI=0.7170  ARI=0.6151  0.1s

=== P1L_S4_C2 train[2] k=5  dim=576  frames=258  σ=0.25  fold=0 ===
  TKSS: k_hat=5  ACC=0.9031  NMI=0.8353  ARI=0.7897  0.1s

=== P1L_S4_C2 train[3] k=5  dim=576  frames=266  σ=0.25  fold=0 ===
  TKSS: k_hat=5  ACC=0.8120  NMI=0.7346  ARI=0.6361  0.1s

=== P1L_S4_C3 train[0] k=5  dim=576  frames=158  σ=0.25  fold=0 ===
  TKSS: k_hat=5  ACC=0.7658  NMI=0.7375  ARI=0.6216  0.0s

=== P1L_S4_C3 train[1] k=5  dim=576  frames=188  σ=0.25  fold=0 ===
  TKSS: k_hat=5  ACC=0.8670  NMI=0.8135  ARI=0.7205  0.0s

=== P1L_S4_C3 train[2] k=5  dim=576  frames=169  σ=0.25  fold=0 ===
  TKSS: k_hat=5  ACC=0.9408  NMI=0.8755  ARI=0.8604  0.0s

=== P1L_S4_C3 train[3] k=5  dim=576  frames=185  σ=0.25  fold=0 ===
  TKSS: k_hat=5  ACC=0.9243  NMI=0.8454  ARI=0.8247  0.0s

=== P1E_S1_C1 test[0] k=5  dim=576  frames=249  σ=0.25  fold=0 ===
  TKSS: k_hat=5  ACC=0.8434  NMI=0.7997  ARI=0.7125  0.1s

=== P1E_S1_C2 test[0] k=5  dim=576  frames=231  σ=0.25  fold=0 ===
  TKSS: k_hat=5  ACC=0.8225  NMI=0.7602  ARI=0.6720  0.0s

=== P1E_S1_C3 test[0] k=5  dim=576  frames=98  σ=0.25  fold=0 ===
  TKSS: k_hat=5  ACC=0.8265  NMI=0.7447  ARI=0.6416  0.0s

=== P1E_S2_C1 test[0] k=5  dim=576  frames=268  σ=0.25  fold=0 ===
  TKSS: k_hat=5  ACC=0.8657  NMI=0.7495  ARI=0.7127  0.3s

=== P1E_S2_C2 test[0] k=5  dim=576  frames=223  σ=0.25  fold=0 ===
  TKSS: k_hat=5  ACC=0.7399  NMI=0.6898  ARI=0.5555  0.1s

=== P1E_S2_C3 test[0] k=5  dim=576  frames=173  σ=0.25  fold=0 ===
  TKSS: k_hat=5  ACC=0.7052  NMI=0.6743  ARI=0.5229  0.0s

=== P1E_S3_C1 test[0] k=5  dim=576  frames=258  σ=0.25  fold=0 ===
  TKSS: k_hat=5  ACC=0.7364  NMI=0.6986  ARI=0.5709  0.2s

=== P1E_S3_C2 test[0] k=5  dim=576  frames=232  σ=0.25  fold=0 ===
  TKSS: k_hat=5  ACC=0.7026  NMI=0.7211  ARI=0.5851  0.1s

=== P1E_S3_C3 test[0] k=5  dim=576  frames=170  σ=0.25  fold=0 ===
  TKSS: k_hat=5  ACC=0.7882  NMI=0.7270  ARI=0.6164  0.0s

=== P1E_S4_C1 test[0] k=5  dim=576  frames=231  σ=0.25  fold=0 ===
  TKSS: k_hat=5  ACC=0.7056  NMI=0.7217  ARI=0.5959  0.0s

=== P1E_S4_C2 test[0] k=5  dim=576  frames=201  σ=0.25  fold=0 ===
  TKSS: k_hat=5  ACC=0.9353  NMI=0.8893  ARI=0.8561  0.1s

=== P1E_S4_C3 test[0] k=5  dim=576  frames=132  σ=0.25  fold=0 ===
  TKSS: k_hat=5  ACC=0.8788  NMI=0.8028  ARI=0.7288  0.0s

=== P1L_S1_C1 test[0] k=5  dim=576  frames=289  σ=0.25  fold=0 ===
  TKSS: k_hat=5  ACC=0.9031  NMI=0.8219  ARI=0.7801  0.1s

=== P1L_S1_C2 test[0] k=5  dim=576  frames=286  σ=0.25  fold=0 ===
  TKSS: k_hat=5  ACC=0.8112  NMI=0.7395  ARI=0.6455  0.1s

=== P1L_S1_C3 test[0] k=5  dim=576  frames=108  σ=0.25  fold=0 ===
  TKSS: k_hat=5  ACC=0.9444  NMI=0.9005  ARI=0.8725  0.0s

=== P1L_S2_C1 test[0] k=5  dim=576  frames=348  σ=0.25  fold=0 ===
  TKSS: k_hat=5  ACC=0.9282  NMI=0.8701  ARI=0.8443  0.3s

=== P1L_S2_C2 test[0] k=5  dim=576  frames=300  σ=0.25  fold=0 ===
  TKSS: k_hat=5  ACC=0.6833  NMI=0.7081  ARI=0.5838  0.1s

=== P1L_S2_C3 test[0] k=5  dim=576  frames=191  σ=0.25  fold=0 ===
  TKSS: k_hat=5  ACC=0.7277  NMI=0.7037  ARI=0.5664  0.0s

=== P1L_S3_C1 test[0] k=5  dim=576  frames=246  σ=0.25  fold=0 ===
  TKSS: k_hat=5  ACC=0.7520  NMI=0.7438  ARI=0.6158  0.1s

=== P1L_S3_C2 test[0] k=5  dim=576  frames=262  σ=0.25  fold=0 ===
  TKSS: k_hat=5  ACC=0.8053  NMI=0.7474  ARI=0.6405  0.1s

=== P1L_S3_C3 test[0] k=5  dim=576  frames=231  σ=0.25  fold=0 ===
  TKSS: k_hat=5  ACC=0.7403  NMI=0.7098  ARI=0.5706  0.1s

=== P1L_S4_C1 test[0] k=5  dim=576  frames=313  σ=0.25  fold=0 ===
  TKSS: k_hat=5  ACC=0.8403  NMI=0.7485  ARI=0.6717  0.1s

=== P1L_S4_C2 test[0] k=5  dim=576  frames=267  σ=0.25  fold=0 ===
  TKSS: k_hat=5  ACC=0.8390  NMI=0.7534  ARI=0.6765  0.1s

=== P1L_S4_C3 test[0] k=5  dim=576  frames=180  σ=0.25  fold=0 ===
  TKSS: k_hat=5  ACC=0.9111  NMI=0.8275  ARI=0.7933  0.0s
  tune_pool_groups=20: sampling from 20 held-in people (overlap allowed) instead of the 4 fixed partition group(s)

============================================================
σ=0.25 fold=1  test=['0004', '0009', '0019', '0025', '0026']  train mats=96  test mats=24  tune mats=480
  --- tune TKSS over 480 train mats  n_trials=30 (3 params) ---
  TKSS trial 0: mean ARI=0.7168  n=480  63.5s  d=5, lam=1, s=2
  TKSS trial 1: mean ARI=0.6933  n=480  105.9s  d=9, lam=1.398, s=4
  TKSS trial 2: mean ARI=0.7098  n=480  53.0s  d=9, lam=0.1866, s=4
  TKSS trial 3: mean ARI=0.6643  n=480  147.2s  d=7, lam=4.735, s=6
  TKSS trial 4: mean ARI=0.6938  n=480  106.3s  d=6, lam=2.372, s=4
  TKSS trial 5: mean ARI=0.7176  n=480  35.9s  d=9, lam=5.981, s=1
  TKSS trial 6: mean ARI=0.7163  n=480  83.5s  d=2, lam=0.0115, s=5
  TKSS trial 7: mean ARI=0.6666  n=480  159.8s  d=12, lam=4.074, s=6
  TKSS trial 8: mean ARI=0.6979  n=480  82.7s  d=12, lam=0.2423, s=5
  TKSS trial 9: mean ARI=0.7179  n=480  108.9s  d=2, lam=0.8313, s=1
  TKSS trial 10: mean ARI=0.7150  n=480  23.6s  d=15, lam=0.01463, s=2
  TKSS trial 11: mean ARI=0.6508  n=480  182.6s  d=1, lam=8.516, s=1
  TKSS trial 12: mean ARI=0.7239  n=480  62.5s  d=3, lam=0.4624, s=1
  TKSS trial 13: mean ARI=0.7258  n=480  74.4s  d=3, lam=0.3566, s=2
  TKSS trial 14: mean ARI=0.7210  n=480  49.8s  d=4, lam=0.2379, s=2
  TKSS trial 15: mean ARI=0.7244  n=480  51.8s  d=3, lam=0.05946, s=3
  TKSS trial 16: mean ARI=0.7203  n=480  37.9s  d=4, lam=0.04751, s=3
  TKSS trial 17: mean ARI=0.6478  n=480  159.5s  d=1, lam=0.04261, s=3
  TKSS trial 18: mean ARI=0.7168  n=480  31.7s  d=7, lam=0.07067, s=3
  TKSS trial 19: mean ARI=0.7200  n=480  39.0s  d=4, lam=0.09426, s=2
  TKSS trial 20: mean ARI=0.7169  n=480  28.9s  d=6, lam=0.02159, s=3
  TKSS trial 21: mean ARI=0.7247  n=480  64.6s  d=3, lam=0.5484, s=1
  TKSS trial 22: mean ARI=0.7260  n=480  79.4s  d=3, lam=0.4685, s=2
  TKSS trial 23: mean ARI=0.7189  n=480  120.6s  d=2, lam=0.5173, s=2
  TKSS trial 24: mean ARI=0.7196  n=480  39.4s  d=5, lam=0.428, s=1
  TKSS trial 25: mean ARI=0.7247  n=480  59.1s  d=3, lam=0.1498, s=2
  TKSS trial 26: mean ARI=0.6500  n=480  183.7s  d=1, lam=1.48, s=1
  TKSS trial 27: mean ARI=0.7171  n=480  58.8s  d=5, lam=0.7618, s=2
  TKSS trial 28: mean ARI=0.7239  n=480  57.7s  d=3, lam=0.3447, s=1
  TKSS trial 29: mean ARI=0.7145  n=480  63.1s  d=6, lam=2.547, s=2
    best mean ARI=0.7260  tune 2414.9s  d=3, lam=0.4685, s=2
  wrote /nfs/turbo/umms-minjilab/lpullela/icassp_ssc_tv2/block_ssc_benchmark/cv/params/surveillance/split_k5_sigmas_min30_trials20_params_knownk_cv_tkss_k5_sigma0p25_sigma0.25_fold1.json

=== P1E_S1_C1 train[0] k=5  dim=576  frames=249  σ=0.25  fold=1 ===
  TKSS: k_hat=5  ACC=0.8072  NMI=0.7896  ARI=0.6906  0.3s

=== P1E_S1_C1 train[1] k=5  dim=576  frames=265  σ=0.25  fold=1 ===
  TKSS: k_hat=5  ACC=0.9321  NMI=0.8725  ARI=0.8446  0.2s

=== P1E_S1_C1 train[2] k=5  dim=576  frames=242  σ=0.25  fold=1 ===
  TKSS: k_hat=5  ACC=0.8884  NMI=0.8191  ARI=0.7548  0.1s

=== P1E_S1_C1 train[3] k=5  dim=576  frames=268  σ=0.25  fold=1 ===
  TKSS: k_hat=5  ACC=0.9515  NMI=0.9108  ARI=0.8885  0.2s

=== P1E_S1_C2 train[0] k=5  dim=576  frames=231  σ=0.25  fold=1 ===
  TKSS: k_hat=5  ACC=0.8095  NMI=0.7543  ARI=0.6571  0.2s

=== P1E_S1_C2 train[1] k=5  dim=576  frames=198  σ=0.25  fold=1 ===
  TKSS: k_hat=5  ACC=0.9091  NMI=0.8343  ARI=0.7955  0.0s

=== P1E_S1_C2 train[2] k=5  dim=576  frames=199  σ=0.25  fold=1 ===
  TKSS: k_hat=5  ACC=0.9246  NMI=0.8481  ARI=0.8224  0.0s

=== P1E_S1_C2 train[3] k=5  dim=576  frames=215  σ=0.25  fold=1 ===
  TKSS: k_hat=5  ACC=0.9349  NMI=0.8743  ARI=0.8475  0.1s

=== P1E_S1_C3 train[0] k=5  dim=576  frames=98  σ=0.25  fold=1 ===
  TKSS: k_hat=5  ACC=0.8163  NMI=0.7314  ARI=0.6194  0.0s

=== P1E_S1_C3 train[1] k=5  dim=576  frames=68  σ=0.25  fold=1 ===
  TKSS: k_hat=5  ACC=0.8235  NMI=0.7526  ARI=0.6530  0.0s

=== P1E_S1_C3 train[2] k=5  dim=576  frames=87  σ=0.25  fold=1 ===
  TKSS: k_hat=5  ACC=0.9425  NMI=0.8827  ARI=0.8633  0.0s

=== P1E_S1_C3 train[3] k=5  dim=576  frames=107  σ=0.25  fold=1 ===
  TKSS: k_hat=5  ACC=0.9159  NMI=0.8596  ARI=0.8137  0.1s

=== P1E_S2_C1 train[0] k=5  dim=576  frames=268  σ=0.25  fold=1 ===
  TKSS: k_hat=5  ACC=0.8806  NMI=0.8224  ARI=0.7657  0.6s

=== P1E_S2_C1 train[1] k=5  dim=576  frames=265  σ=0.25  fold=1 ===
  TKSS: k_hat=5  ACC=0.8340  NMI=0.7419  ARI=0.6598  0.1s

=== P1E_S2_C1 train[2] k=5  dim=576  frames=232  σ=0.25  fold=1 ===
  TKSS: k_hat=5  ACC=0.7888  NMI=0.7776  ARI=0.6453  0.3s

=== P1E_S2_C1 train[3] k=5  dim=576  frames=241  σ=0.25  fold=1 ===
  TKSS: k_hat=5  ACC=0.9253  NMI=0.8757  ARI=0.8398  0.2s

=== P1E_S2_C2 train[0] k=5  dim=576  frames=223  σ=0.25  fold=1 ===
  TKSS: k_hat=5  ACC=0.7489  NMI=0.6939  ARI=0.5652  0.2s

=== P1E_S2_C2 train[1] k=5  dim=576  frames=219  σ=0.25  fold=1 ===
  TKSS: k_hat=5  ACC=0.8219  NMI=0.7354  ARI=0.6394  0.0s

=== P1E_S2_C2 train[2] k=5  dim=576  frames=192  σ=0.25  fold=1 ===
  TKSS: k_hat=5  ACC=0.8385  NMI=0.7897  ARI=0.7092  0.2s

=== P1E_S2_C2 train[3] k=5  dim=576  frames=212  σ=0.25  fold=1 ===
  TKSS: k_hat=5  ACC=0.9811  NMI=0.9483  ARI=0.9528  0.2s

=== P1E_S2_C3 train[0] k=5  dim=576  frames=173  σ=0.25  fold=1 ===
  TKSS: k_hat=5  ACC=0.7399  NMI=0.7171  ARI=0.5988  0.1s

=== P1E_S2_C3 train[1] k=5  dim=576  frames=173  σ=0.25  fold=1 ===
  TKSS: k_hat=5  ACC=0.9133  NMI=0.8374  ARI=0.8017  0.1s

=== P1E_S2_C3 train[2] k=5  dim=576  frames=160  σ=0.25  fold=1 ===
  TKSS: k_hat=5  ACC=0.8250  NMI=0.7606  ARI=0.6647  0.0s

=== P1E_S2_C3 train[3] k=5  dim=576  frames=154  σ=0.25  fold=1 ===
  TKSS: k_hat=5  ACC=0.9286  NMI=0.8567  ARI=0.8365  0.0s

=== P1E_S3_C1 train[0] k=5  dim=576  frames=258  σ=0.25  fold=1 ===
  TKSS: k_hat=5  ACC=0.7403  NMI=0.7006  ARI=0.5757  0.2s

=== P1E_S3_C1 train[1] k=5  dim=576  frames=273  σ=0.25  fold=1 ===
  TKSS: k_hat=5  ACC=0.8608  NMI=0.7799  ARI=0.6955  0.1s

=== P1E_S3_C1 train[2] k=5  dim=576  frames=250  σ=0.25  fold=1 ===
  TKSS: k_hat=5  ACC=0.6360  NMI=0.7626  ARI=0.5966  0.2s

=== P1E_S3_C1 train[3] k=5  dim=576  frames=237  σ=0.25  fold=1 ===
  TKSS: k_hat=5  ACC=0.6034  NMI=0.6725  ARI=0.5182  0.1s

=== P1E_S3_C2 train[0] k=5  dim=576  frames=232  σ=0.25  fold=1 ===
  TKSS: k_hat=5  ACC=0.6983  NMI=0.7192  ARI=0.5809  0.2s

=== P1E_S3_C2 train[1] k=5  dim=576  frames=280  σ=0.25  fold=1 ===
  TKSS: k_hat=5  ACC=0.8393  NMI=0.7459  ARI=0.6689  0.4s

=== P1E_S3_C2 train[2] k=5  dim=576  frames=222  σ=0.25  fold=1 ===
  TKSS: k_hat=5  ACC=0.6036  NMI=0.6806  ARI=0.5181  0.2s

=== P1E_S3_C2 train[3] k=5  dim=576  frames=188  σ=0.25  fold=1 ===
  TKSS: k_hat=5  ACC=0.7872  NMI=0.7430  ARI=0.6215  0.1s

=== P1E_S3_C3 train[0] k=5  dim=576  frames=170  σ=0.25  fold=1 ===
  TKSS: k_hat=5  ACC=0.7824  NMI=0.7253  ARI=0.6123  0.1s

=== P1E_S3_C3 train[1] k=5  dim=576  frames=211  σ=0.25  fold=1 ===
  TKSS: k_hat=5  ACC=0.9005  NMI=0.8189  ARI=0.7714  0.0s

=== P1E_S3_C3 train[2] k=5  dim=576  frames=167  σ=0.25  fold=1 ===
  TKSS: k_hat=5  ACC=0.7126  NMI=0.7094  ARI=0.5600  0.1s

=== P1E_S3_C3 train[3] k=5  dim=576  frames=168  σ=0.25  fold=1 ===
  TKSS: k_hat=5  ACC=0.7560  NMI=0.7186  ARI=0.6022  0.0s

=== P1E_S4_C1 train[0] k=5  dim=576  frames=231  σ=0.25  fold=1 ===
  TKSS: k_hat=5  ACC=0.7229  NMI=0.7592  ARI=0.6364  0.2s

=== P1E_S4_C1 train[1] k=5  dim=576  frames=303  σ=0.25  fold=1 ===
  TKSS: k_hat=5  ACC=0.9571  NMI=0.9133  ARI=0.8966  0.5s

=== P1E_S4_C1 train[2] k=5  dim=576  frames=248  σ=0.25  fold=1 ===
  TKSS: k_hat=5  ACC=0.8185  NMI=0.7377  ARI=0.6491  0.0s

=== P1E_S4_C1 train[3] k=5  dim=576  frames=217  σ=0.25  fold=1 ===
  TKSS: k_hat=5  ACC=0.8249  NMI=0.7650  ARI=0.6544  0.2s

=== P1E_S4_C2 train[0] k=5  dim=576  frames=201  σ=0.25  fold=1 ===
  TKSS: k_hat=5  ACC=0.9303  NMI=0.8748  ARI=0.8436  0.0s

=== P1E_S4_C2 train[1] k=5  dim=576  frames=236  σ=0.25  fold=1 ===
  TKSS: k_hat=5  ACC=0.8729  NMI=0.7873  ARI=0.7195  0.0s

=== P1E_S4_C2 train[2] k=5  dim=576  frames=223  σ=0.25  fold=1 ===
  TKSS: k_hat=5  ACC=0.8430  NMI=0.7870  ARI=0.6883  0.3s

=== P1E_S4_C2 train[3] k=5  dim=576  frames=198  σ=0.25  fold=1 ===
  TKSS: k_hat=5  ACC=0.8333  NMI=0.7623  ARI=0.6672  0.1s

=== P1E_S4_C3 train[0] k=5  dim=576  frames=132  σ=0.25  fold=1 ===
  TKSS: k_hat=5  ACC=0.8788  NMI=0.7970  ARI=0.7244  0.0s

=== P1E_S4_C3 train[1] k=5  dim=576  frames=147  σ=0.25  fold=1 ===
  TKSS: k_hat=5  ACC=0.9456  NMI=0.8713  ARI=0.8647  0.1s

=== P1E_S4_C3 train[2] k=5  dim=576  frames=141  σ=0.25  fold=1 ===
  TKSS: k_hat=5  ACC=0.7943  NMI=0.7282  ARI=0.6136  0.0s

=== P1E_S4_C3 train[3] k=5  dim=576  frames=147  σ=0.25  fold=1 ===
  TKSS: k_hat=5  ACC=0.8231  NMI=0.7596  ARI=0.6628  0.0s

=== P1L_S1_C1 train[0] k=5  dim=576  frames=289  σ=0.25  fold=1 ===
  TKSS: k_hat=5  ACC=0.8478  NMI=0.7682  ARI=0.6803  0.7s

=== P1L_S1_C1 train[1] k=5  dim=576  frames=313  σ=0.25  fold=1 ===
  TKSS: k_hat=5  ACC=0.8722  NMI=0.7805  ARI=0.7274  0.3s

=== P1L_S1_C1 train[2] k=5  dim=576  frames=239  σ=0.25  fold=1 ===
  TKSS: k_hat=5  ACC=0.8075  NMI=0.7418  ARI=0.6373  0.2s

=== P1L_S1_C1 train[3] k=5  dim=576  frames=285  σ=0.25  fold=1 ===
  TKSS: k_hat=5  ACC=0.8702  NMI=0.7803  ARI=0.7141  0.2s

=== P1L_S1_C2 train[0] k=5  dim=576  frames=286  σ=0.25  fold=1 ===
  TKSS: k_hat=5  ACC=0.8112  NMI=0.7395  ARI=0.6455  0.1s

=== P1L_S1_C2 train[1] k=5  dim=576  frames=257  σ=0.25  fold=1 ===
  TKSS: k_hat=5  ACC=0.7821  NMI=0.7044  ARI=0.5854  0.4s

=== P1L_S1_C2 train[2] k=5  dim=576  frames=260  σ=0.25  fold=1 ===
  TKSS: k_hat=5  ACC=0.9308  NMI=0.8725  ARI=0.8472  0.3s

=== P1L_S1_C2 train[3] k=5  dim=576  frames=270  σ=0.25  fold=1 ===
  TKSS: k_hat=5  ACC=0.8519  NMI=0.7653  ARI=0.6883  0.1s

=== P1L_S1_C3 train[0] k=5  dim=576  frames=108  σ=0.25  fold=1 ===
  TKSS: k_hat=5  ACC=0.9352  NMI=0.8769  ARI=0.8487  0.0s

=== P1L_S1_C3 train[1] k=5  dim=576  frames=117  σ=0.25  fold=1 ===
  TKSS: k_hat=5  ACC=0.7607  NMI=0.7029  ARI=0.5717  0.0s

=== P1L_S1_C3 train[2] k=5  dim=576  frames=101  σ=0.25  fold=1 ===
  TKSS: k_hat=5  ACC=0.8812  NMI=0.8138  ARI=0.7425  0.0s

=== P1L_S1_C3 train[3] k=5  dim=576  frames=124  σ=0.25  fold=1 ===
  TKSS: k_hat=5  ACC=0.8952  NMI=0.8231  ARI=0.7702  0.0s

=== P1L_S2_C1 train[0] k=5  dim=576  frames=348  σ=0.25  fold=1 ===
  TKSS: k_hat=5  ACC=0.9540  NMI=0.9184  ARI=0.8949  0.4s

=== P1L_S2_C1 train[1] k=5  dim=576  frames=301  σ=0.25  fold=1 ===
  TKSS: k_hat=5  ACC=0.8738  NMI=0.8085  ARI=0.7424  0.4s

=== P1L_S2_C1 train[2] k=5  dim=576  frames=275  σ=0.25  fold=1 ===
  TKSS: k_hat=5  ACC=0.8182  NMI=0.7332  ARI=0.6334  0.1s

=== P1L_S2_C1 train[3] k=5  dim=576  frames=265  σ=0.25  fold=1 ===
  TKSS: k_hat=5  ACC=0.6906  NMI=0.6815  ARI=0.5360  0.2s

=== P1L_S2_C2 train[0] k=5  dim=576  frames=300  σ=0.25  fold=1 ===
  TKSS: k_hat=5  ACC=0.7000  NMI=0.7117  ARI=0.5948  0.5s

=== P1L_S2_C2 train[1] k=5  dim=576  frames=314  σ=0.25  fold=1 ===
  TKSS: k_hat=5  ACC=0.9204  NMI=0.8745  ARI=0.8342  0.4s

=== P1L_S2_C2 train[2] k=5  dim=576  frames=301  σ=0.25  fold=1 ===
  TKSS: k_hat=5  ACC=0.9103  NMI=0.8300  ARI=0.7986  0.1s

=== P1L_S2_C2 train[3] k=5  dim=576  frames=222  σ=0.25  fold=1 ===
  TKSS: k_hat=5  ACC=0.7072  NMI=0.6678  ARI=0.5163  0.2s

=== P1L_S2_C3 train[0] k=5  dim=576  frames=191  σ=0.25  fold=1 ===
  TKSS: k_hat=5  ACC=0.7225  NMI=0.7032  ARI=0.5655  0.1s

=== P1L_S2_C3 train[1] k=5  dim=576  frames=193  σ=0.25  fold=1 ===
  TKSS: k_hat=5  ACC=0.9275  NMI=0.8685  ARI=0.8320  0.0s

=== P1L_S2_C3 train[2] k=5  dim=576  frames=175  σ=0.25  fold=1 ===
  TKSS: k_hat=5  ACC=0.9486  NMI=0.8839  ARI=0.8782  0.1s

=== P1L_S2_C3 train[3] k=5  dim=576  frames=179  σ=0.25  fold=1 ===
  TKSS: k_hat=5  ACC=0.8436  NMI=0.7834  ARI=0.6900  0.1s

=== P1L_S3_C1 train[0] k=5  dim=576  frames=246  σ=0.25  fold=1 ===
  TKSS: k_hat=5  ACC=0.7561  NMI=0.7440  ARI=0.6161  0.1s

=== P1L_S3_C1 train[1] k=5  dim=576  frames=241  σ=0.25  fold=1 ===
  TKSS: k_hat=5  ACC=0.7884  NMI=0.7133  ARI=0.5898  0.1s

=== P1L_S3_C1 train[2] k=5  dim=576  frames=312  σ=0.25  fold=1 ===
  TKSS: k_hat=5  ACC=0.8301  NMI=0.7481  ARI=0.6627  0.1s

=== P1L_S3_C1 train[3] k=5  dim=576  frames=241  σ=0.25  fold=1 ===
  TKSS: k_hat=5  ACC=0.7510  NMI=0.6823  ARI=0.5381  0.1s

=== P1L_S3_C2 train[0] k=5  dim=576  frames=262  σ=0.25  fold=1 ===
  TKSS: k_hat=5  ACC=0.7977  NMI=0.7336  ARI=0.6229  0.2s

=== P1L_S3_C2 train[1] k=5  dim=576  frames=304  σ=0.25  fold=1 ===
  TKSS: k_hat=5  ACC=0.7566  NMI=0.6894  ARI=0.5627  0.2s

=== P1L_S3_C2 train[2] k=5  dim=576  frames=329  σ=0.25  fold=1 ===
  TKSS: k_hat=5  ACC=0.7994  NMI=0.6988  ARI=0.5888  0.7s

=== P1L_S3_C2 train[3] k=5  dim=576  frames=290  σ=0.25  fold=1 ===
  TKSS: k_hat=5  ACC=0.5690  NMI=0.6480  ARI=0.4755  0.5s

=== P1L_S3_C3 train[0] k=5  dim=576  frames=231  σ=0.25  fold=1 ===
  TKSS: k_hat=5  ACC=0.7619  NMI=0.7353  ARI=0.6039  0.3s

=== P1L_S3_C3 train[1] k=5  dim=576  frames=225  σ=0.25  fold=1 ===
  TKSS: k_hat=5  ACC=0.9333  NMI=0.8717  ARI=0.8463  0.1s

=== P1L_S3_C3 train[2] k=5  dim=576  frames=210  σ=0.25  fold=1 ===
  TKSS: k_hat=5  ACC=0.8429  NMI=0.7726  ARI=0.6939  0.0s

=== P1L_S3_C3 train[3] k=5  dim=576  frames=229  σ=0.25  fold=1 ===
  TKSS: k_hat=5  ACC=0.7293  NMI=0.7228  ARI=0.5696  0.2s

=== P1L_S4_C1 train[0] k=5  dim=576  frames=313  σ=0.25  fold=1 ===
  TKSS: k_hat=5  ACC=0.8339  NMI=0.7427  ARI=0.6617  0.2s

=== P1L_S4_C1 train[1] k=5  dim=576  frames=253  σ=0.25  fold=1 ===
  TKSS: k_hat=5  ACC=0.8182  NMI=0.7684  ARI=0.6656  0.1s

=== P1L_S4_C1 train[2] k=5  dim=576  frames=278  σ=0.25  fold=1 ===
  TKSS: k_hat=5  ACC=0.9209  NMI=0.8555  ARI=0.8171  0.2s

=== P1L_S4_C1 train[3] k=5  dim=576  frames=344  σ=0.25  fold=1 ===
  TKSS: k_hat=5  ACC=0.9797  NMI=0.9530  ARI=0.9494  0.3s

=== P1L_S4_C2 train[0] k=5  dim=576  frames=267  σ=0.25  fold=1 ===
  TKSS: k_hat=5  ACC=0.8390  NMI=0.7534  ARI=0.6765  0.1s

=== P1L_S4_C2 train[1] k=5  dim=576  frames=279  σ=0.25  fold=1 ===
  TKSS: k_hat=5  ACC=0.8029  NMI=0.7170  ARI=0.6151  0.1s

=== P1L_S4_C2 train[2] k=5  dim=576  frames=258  σ=0.25  fold=1 ===
  TKSS: k_hat=5  ACC=0.9031  NMI=0.8353  ARI=0.7897  0.1s

=== P1L_S4_C2 train[3] k=5  dim=576  frames=266  σ=0.25  fold=1 ===
  TKSS: k_hat=5  ACC=0.8158  NMI=0.7573  ARI=0.6403  0.4s

=== P1L_S4_C3 train[0] k=5  dim=576  frames=180  σ=0.25  fold=1 ===
  TKSS: k_hat=5  ACC=0.9444  NMI=0.8984  ARI=0.8723  0.1s

=== P1L_S4_C3 train[1] k=5  dim=576  frames=188  σ=0.25  fold=1 ===
  TKSS: k_hat=5  ACC=0.8670  NMI=0.8135  ARI=0.7205  0.0s

=== P1L_S4_C3 train[2] k=5  dim=576  frames=169  σ=0.25  fold=1 ===
  TKSS: k_hat=5  ACC=0.9527  NMI=0.8926  ARI=0.8846  0.1s

=== P1L_S4_C3 train[3] k=5  dim=576  frames=185  σ=0.25  fold=1 ===
  TKSS: k_hat=5  ACC=0.9351  NMI=0.8701  ARI=0.8458  0.2s

=== P1E_S1_C1 test[0] k=5  dim=576  frames=212  σ=0.25  fold=1 ===
  TKSS: k_hat=5  ACC=0.8396  NMI=0.7569  ARI=0.6732  0.1s

=== P1E_S1_C2 test[0] k=5  dim=576  frames=188  σ=0.25  fold=1 ===
  TKSS: k_hat=5  ACC=0.8404  NMI=0.7585  ARI=0.6772  0.2s

=== P1E_S1_C3 test[0] k=5  dim=576  frames=93  σ=0.25  fold=1 ===
  TKSS: k_hat=5  ACC=0.7849  NMI=0.7581  ARI=0.6531  0.0s

=== P1E_S2_C1 test[0] k=5  dim=576  frames=250  σ=0.25  fold=1 ===
  TKSS: k_hat=5  ACC=0.9760  NMI=0.9521  ARI=0.9380  0.2s

=== P1E_S2_C2 test[0] k=5  dim=576  frames=196  σ=0.25  fold=1 ===
  TKSS: k_hat=5  ACC=0.9694  NMI=0.9252  ARI=0.9218  0.1s

=== P1E_S2_C3 test[0] k=5  dim=576  frames=156  σ=0.25  fold=1 ===
  TKSS: k_hat=5  ACC=0.9167  NMI=0.8340  ARI=0.8011  0.0s

=== P1E_S3_C1 test[0] k=5  dim=576  frames=237  σ=0.25  fold=1 ===
  TKSS: k_hat=5  ACC=0.9367  NMI=0.8814  ARI=0.8531  0.1s

=== P1E_S3_C2 test[0] k=5  dim=576  frames=204  σ=0.25  fold=1 ===
  TKSS: k_hat=5  ACC=0.8333  NMI=0.7442  ARI=0.6439  0.1s

=== P1E_S3_C3 test[0] k=5  dim=576  frames=150  σ=0.25  fold=1 ===
  TKSS: k_hat=5  ACC=0.8267  NMI=0.7421  ARI=0.6342  0.0s

=== P1E_S4_C1 test[0] k=5  dim=576  frames=248  σ=0.25  fold=1 ===
  TKSS: k_hat=5  ACC=0.8468  NMI=0.7888  ARI=0.7040  0.1s

=== P1E_S4_C2 test[0] k=5  dim=576  frames=193  σ=0.25  fold=1 ===
  TKSS: k_hat=5  ACC=0.9275  NMI=0.8596  ARI=0.8331  0.1s

=== P1E_S4_C3 test[0] k=5  dim=576  frames=152  σ=0.25  fold=1 ===
  TKSS: k_hat=5  ACC=0.8158  NMI=0.7639  ARI=0.6491  0.1s

=== P1L_S1_C1 test[0] k=5  dim=576  frames=265  σ=0.25  fold=1 ===
  TKSS: k_hat=5  ACC=0.8264  NMI=0.7408  ARI=0.6421  0.2s

=== P1L_S1_C2 test[0] k=5  dim=576  frames=236  σ=0.25  fold=1 ===
  TKSS: k_hat=5  ACC=0.8814  NMI=0.7919  ARI=0.7341  0.0s

=== P1L_S1_C3 test[0] k=5  dim=576  frames=115  σ=0.25  fold=1 ===
  TKSS: k_hat=5  ACC=0.8783  NMI=0.7866  ARI=0.7196  0.0s

=== P1L_S2_C1 test[0] k=5  dim=576  frames=281  σ=0.25  fold=1 ===
  TKSS: k_hat=5  ACC=0.7402  NMI=0.7431  ARI=0.6146  0.3s

=== P1L_S2_C2 test[0] k=5  dim=576  frames=256  σ=0.25  fold=1 ===
  TKSS: k_hat=5  ACC=0.8711  NMI=0.7867  ARI=0.7130  0.1s

=== P1L_S2_C3 test[0] k=5  dim=576  frames=159  σ=0.25  fold=1 ===
  TKSS: k_hat=5  ACC=0.8805  NMI=0.8251  ARI=0.7464  0.1s

=== P1L_S3_C1 test[0] k=5  dim=576  frames=289  σ=0.25  fold=1 ===
  TKSS: k_hat=5  ACC=0.7405  NMI=0.7273  ARI=0.5850  0.3s

=== P1L_S3_C2 test[0] k=5  dim=576  frames=287  σ=0.25  fold=1 ===
  TKSS: k_hat=5  ACC=0.8990  NMI=0.8533  ARI=0.7769  0.3s

=== P1L_S3_C3 test[0] k=5  dim=576  frames=210  σ=0.25  fold=1 ===
  TKSS: k_hat=5  ACC=0.8667  NMI=0.7911  ARI=0.7268  0.0s

=== P1L_S4_C1 test[0] k=5  dim=576  frames=255  σ=0.25  fold=1 ===
  TKSS: k_hat=5  ACC=0.8314  NMI=0.7786  ARI=0.6902  0.2s

=== P1L_S4_C2 test[0] k=5  dim=576  frames=257  σ=0.25  fold=1 ===
  TKSS: k_hat=5  ACC=0.8677  NMI=0.7987  ARI=0.7199  0.2s

=== P1L_S4_C3 test[0] k=5  dim=576  frames=158  σ=0.25  fold=1 ===
  TKSS: k_hat=5  ACC=0.7658  NMI=0.7375  ARI=0.6216  0.0s
  tune_pool_groups=20: sampling from 20 held-in people (overlap allowed) instead of the 4 fixed partition group(s)

============================================================
σ=0.25 fold=2  test=['0001', '0005', '0011', '0023', '0024']  train mats=96  test mats=24  tune mats=480
  --- tune TKSS over 480 train mats  n_trials=30 (3 params) ---
  TKSS trial 0: mean ARI=0.7178  n=480  59.3s  d=5, lam=1, s=2
  TKSS trial 1: mean ARI=0.6863  n=480  104.4s  d=9, lam=1.398, s=4
  TKSS trial 2: mean ARI=0.7089  n=480  47.7s  d=9, lam=0.1866, s=4
  TKSS trial 3: mean ARI=0.6524  n=480  155.2s  d=7, lam=4.735, s=6
  TKSS trial 4: mean ARI=0.6872  n=480  103.9s  d=6, lam=2.372, s=4
  TKSS trial 5: mean ARI=0.7169  n=480  30.4s  d=9, lam=5.981, s=1
  TKSS trial 6: mean ARI=0.7201  n=480  74.5s  d=2, lam=0.0115, s=5
  TKSS trial 7: mean ARI=0.6599  n=480  156.3s  d=12, lam=4.074, s=6
  TKSS trial 8: mean ARI=0.6925  n=480  83.4s  d=12, lam=0.2423, s=5
  TKSS trial 9: mean ARI=0.7242  n=480  100.9s  d=2, lam=0.8313, s=1
  TKSS trial 10: mean ARI=0.7154  n=480  22.0s  d=15, lam=0.01463, s=2
  TKSS trial 11: mean ARI=0.6727  n=480  140.5s  d=1, lam=0.01211, s=1
  TKSS trial 12: mean ARI=0.6860  n=480  150.0s  d=1, lam=0.05122, s=3
  TKSS trial 13: mean ARI=0.7236  n=480  81.4s  d=3, lam=0.2955, s=3
  TKSS trial 14: mean ARI=0.7214  n=480  59.0s  d=4, lam=0.5248, s=2
  TKSS trial 15: mean ARI=0.7265  n=480  60.1s  d=3, lam=0.1197, s=3
  TKSS trial 16: mean ARI=0.7230  n=480  45.4s  d=3, lam=0.08226, s=1
  TKSS trial 17: mean ARI=0.7207  n=480  34.7s  d=4, lam=0.0528, s=3
  TKSS trial 18: mean ARI=0.7153  n=480  48.1s  d=7, lam=0.7064, s=2
  TKSS trial 19: mean ARI=0.6788  n=480  144.8s  d=1, lam=0.1045, s=1
  TKSS trial 20: mean ARI=0.7216  n=480  86.2s  d=3, lam=0.3951, s=3
  TKSS trial 21: mean ARI=0.7243  n=480  75.2s  d=3, lam=0.234, s=3
  TKSS trial 22: mean ARI=0.7158  n=480  50.0s  d=5, lam=0.149, s=4
  TKSS trial 23: mean ARI=0.7192  n=480  77.0s  d=2, lam=0.02722, s=2
  TKSS trial 24: mean ARI=0.7073  n=480  86.2s  d=4, lam=1.793, s=3
  TKSS trial 25: mean ARI=0.6993  n=480  149.4s  d=2, lam=0.691, s=5
  TKSS trial 26: mean ARI=0.7186  n=480  30.9s  d=6, lam=0.1251, s=2
  TKSS trial 27: mean ARI=0.7188  n=480  30.0s  d=5, lam=0.04932, s=3
  TKSS trial 28: mean ARI=0.7101  n=480  99.6s  d=3, lam=0.3728, s=4
  TKSS trial 29: mean ARI=0.7146  n=480  57.6s  d=6, lam=9.072, s=2
    best mean ARI=0.7265  tune 2444.2s  d=3, lam=0.1197, s=3
  wrote /nfs/turbo/umms-minjilab/lpullela/icassp_ssc_tv2/block_ssc_benchmark/cv/params/surveillance/split_k5_sigmas_min30_trials20_params_knownk_cv_tkss_k5_sigma0p25_sigma0.25_fold2.json

=== P1E_S1_C1 train[0] k=5  dim=576  frames=249  σ=0.25  fold=2 ===
  TKSS: k_hat=5  ACC=0.8112  NMI=0.7901  ARI=0.6918  0.3s

=== P1E_S1_C1 train[1] k=5  dim=576  frames=212  σ=0.25  fold=2 ===
  TKSS: k_hat=5  ACC=0.8396  NMI=0.7569  ARI=0.6732  0.1s

=== P1E_S1_C1 train[2] k=5  dim=576  frames=242  σ=0.25  fold=2 ===
  TKSS: k_hat=5  ACC=0.8843  NMI=0.8161  ARI=0.7485  0.1s

=== P1E_S1_C1 train[3] k=5  dim=576  frames=268  σ=0.25  fold=2 ===
  TKSS: k_hat=5  ACC=0.9328  NMI=0.8768  ARI=0.8508  0.2s

=== P1E_S1_C2 train[0] k=5  dim=576  frames=231  σ=0.25  fold=2 ===
  TKSS: k_hat=5  ACC=0.8095  NMI=0.7543  ARI=0.6571  0.2s

=== P1E_S1_C2 train[1] k=5  dim=576  frames=188  σ=0.25  fold=2 ===
  TKSS: k_hat=5  ACC=0.8245  NMI=0.7426  ARI=0.6487  0.1s

=== P1E_S1_C2 train[2] k=5  dim=576  frames=199  σ=0.25  fold=2 ===
  TKSS: k_hat=5  ACC=0.9246  NMI=0.8481  ARI=0.8224  0.0s

=== P1E_S1_C2 train[3] k=5  dim=576  frames=215  σ=0.25  fold=2 ===
  TKSS: k_hat=5  ACC=0.9349  NMI=0.8743  ARI=0.8475  0.1s

=== P1E_S1_C3 train[0] k=5  dim=576  frames=98  σ=0.25  fold=2 ===
  TKSS: k_hat=5  ACC=0.8163  NMI=0.7314  ARI=0.6194  0.0s

=== P1E_S1_C3 train[1] k=5  dim=576  frames=93  σ=0.25  fold=2 ===
  TKSS: k_hat=5  ACC=0.7634  NMI=0.7521  ARI=0.6334  0.0s

=== P1E_S1_C3 train[2] k=5  dim=576  frames=87  σ=0.25  fold=2 ===
  TKSS: k_hat=5  ACC=0.8966  NMI=0.8132  ARI=0.7617  0.0s

=== P1E_S1_C3 train[3] k=5  dim=576  frames=107  σ=0.25  fold=2 ===
  TKSS: k_hat=5  ACC=0.8879  NMI=0.8154  ARI=0.7570  0.0s

=== P1E_S2_C1 train[0] k=5  dim=576  frames=268  σ=0.25  fold=2 ===
  TKSS: k_hat=5  ACC=0.8843  NMI=0.8134  ARI=0.7733  0.5s

=== P1E_S2_C1 train[1] k=5  dim=576  frames=250  σ=0.25  fold=2 ===
  TKSS: k_hat=5  ACC=0.9760  NMI=0.9521  ARI=0.9380  0.2s

=== P1E_S2_C1 train[2] k=5  dim=576  frames=232  σ=0.25  fold=2 ===
  TKSS: k_hat=5  ACC=0.7931  NMI=0.7490  ARI=0.6462  0.1s

=== P1E_S2_C1 train[3] k=5  dim=576  frames=241  σ=0.25  fold=2 ===
  TKSS: k_hat=5  ACC=0.9295  NMI=0.8881  ARI=0.8495  0.2s

=== P1E_S2_C2 train[0] k=5  dim=576  frames=223  σ=0.25  fold=2 ===
  TKSS: k_hat=5  ACC=0.7489  NMI=0.6939  ARI=0.5652  0.2s

=== P1E_S2_C2 train[1] k=5  dim=576  frames=196  σ=0.25  fold=2 ===
  TKSS: k_hat=5  ACC=0.9796  NMI=0.9504  ARI=0.9473  0.2s

=== P1E_S2_C2 train[2] k=5  dim=576  frames=192  σ=0.25  fold=2 ===
  TKSS: k_hat=5  ACC=0.8385  NMI=0.7897  ARI=0.7092  0.3s

=== P1E_S2_C2 train[3] k=5  dim=576  frames=212  σ=0.25  fold=2 ===
  TKSS: k_hat=5  ACC=0.9623  NMI=0.9243  ARI=0.9102  0.1s

=== P1E_S2_C3 train[0] k=5  dim=576  frames=173  σ=0.25  fold=2 ===
  TKSS: k_hat=5  ACC=0.7399  NMI=0.7171  ARI=0.5988  0.1s

=== P1E_S2_C3 train[1] k=5  dim=576  frames=156  σ=0.25  fold=2 ===
  TKSS: k_hat=5  ACC=0.9167  NMI=0.8340  ARI=0.8011  0.0s

=== P1E_S2_C3 train[2] k=5  dim=576  frames=160  σ=0.25  fold=2 ===
  TKSS: k_hat=5  ACC=0.8375  NMI=0.7822  ARI=0.6888  0.0s

=== P1E_S2_C3 train[3] k=5  dim=576  frames=154  σ=0.25  fold=2 ===
  TKSS: k_hat=5  ACC=0.9221  NMI=0.8465  ARI=0.8215  0.0s

=== P1E_S3_C1 train[0] k=5  dim=576  frames=258  σ=0.25  fold=2 ===
  TKSS: k_hat=5  ACC=0.7364  NMI=0.6986  ARI=0.5709  0.2s

=== P1E_S3_C1 train[1] k=5  dim=576  frames=237  σ=0.25  fold=2 ===
  TKSS: k_hat=5  ACC=0.9325  NMI=0.8745  ARI=0.8433  0.1s

=== P1E_S3_C1 train[2] k=5  dim=576  frames=250  σ=0.25  fold=2 ===
  TKSS: k_hat=5  ACC=0.6320  NMI=0.7625  ARI=0.5961  0.2s

=== P1E_S3_C1 train[3] k=5  dim=576  frames=237  σ=0.25  fold=2 ===
  TKSS: k_hat=5  ACC=0.6118  NMI=0.6779  ARI=0.5250  0.1s

=== P1E_S3_C2 train[0] k=5  dim=576  frames=232  σ=0.25  fold=2 ===
  TKSS: k_hat=5  ACC=0.7069  NMI=0.7341  ARI=0.5956  0.1s

=== P1E_S3_C2 train[1] k=5  dim=576  frames=204  σ=0.25  fold=2 ===
  TKSS: k_hat=5  ACC=0.8382  NMI=0.7481  ARI=0.6527  0.0s

=== P1E_S3_C2 train[2] k=5  dim=576  frames=222  σ=0.25  fold=2 ===
  TKSS: k_hat=5  ACC=0.5946  NMI=0.6708  ARI=0.5082  0.1s

=== P1E_S3_C2 train[3] k=5  dim=576  frames=188  σ=0.25  fold=2 ===
  TKSS: k_hat=5  ACC=0.7979  NMI=0.7548  ARI=0.6361  0.1s

=== P1E_S3_C3 train[0] k=5  dim=576  frames=170  σ=0.25  fold=2 ===
  TKSS: k_hat=5  ACC=0.7882  NMI=0.7270  ARI=0.6164  0.0s

=== P1E_S3_C3 train[1] k=5  dim=576  frames=150  σ=0.25  fold=2 ===
  TKSS: k_hat=5  ACC=0.8333  NMI=0.7476  ARI=0.6455  0.0s

=== P1E_S3_C3 train[2] k=5  dim=576  frames=167  σ=0.25  fold=2 ===
  TKSS: k_hat=5  ACC=0.7126  NMI=0.7094  ARI=0.5600  0.1s

=== P1E_S3_C3 train[3] k=5  dim=576  frames=168  σ=0.25  fold=2 ===
  TKSS: k_hat=5  ACC=0.7440  NMI=0.7045  ARI=0.5781  0.0s

=== P1E_S4_C1 train[0] k=5  dim=576  frames=231  σ=0.25  fold=2 ===
  TKSS: k_hat=5  ACC=0.7229  NMI=0.7592  ARI=0.6364  0.2s

=== P1E_S4_C1 train[1] k=5  dim=576  frames=248  σ=0.25  fold=2 ===
  TKSS: k_hat=5  ACC=0.8468  NMI=0.7888  ARI=0.7040  0.1s

=== P1E_S4_C1 train[2] k=5  dim=576  frames=248  σ=0.25  fold=2 ===
  TKSS: k_hat=5  ACC=0.8185  NMI=0.7377  ARI=0.6491  0.0s

=== P1E_S4_C1 train[3] k=5  dim=576  frames=217  σ=0.25  fold=2 ===
  TKSS: k_hat=5  ACC=0.8249  NMI=0.7650  ARI=0.6544  0.1s

=== P1E_S4_C2 train[0] k=5  dim=576  frames=201  σ=0.25  fold=2 ===
  TKSS: k_hat=5  ACC=0.9303  NMI=0.8748  ARI=0.8436  0.0s

=== P1E_S4_C2 train[1] k=5  dim=576  frames=193  σ=0.25  fold=2 ===
  TKSS: k_hat=5  ACC=0.9223  NMI=0.8549  ARI=0.8234  0.1s

=== P1E_S4_C2 train[2] k=5  dim=576  frames=223  σ=0.25  fold=2 ===
  TKSS: k_hat=5  ACC=0.8969  NMI=0.8334  ARI=0.7803  0.1s

=== P1E_S4_C2 train[3] k=5  dim=576  frames=198  σ=0.25  fold=2 ===
  TKSS: k_hat=5  ACC=0.8283  NMI=0.7531  ARI=0.6587  0.0s

=== P1E_S4_C3 train[0] k=5  dim=576  frames=132  σ=0.25  fold=2 ===
  TKSS: k_hat=5  ACC=0.8788  NMI=0.8028  ARI=0.7288  0.0s

=== P1E_S4_C3 train[1] k=5  dim=576  frames=152  σ=0.25  fold=2 ===
  TKSS: k_hat=5  ACC=0.8158  NMI=0.7639  ARI=0.6491  0.0s

=== P1E_S4_C3 train[2] k=5  dim=576  frames=141  σ=0.25  fold=2 ===
  TKSS: k_hat=5  ACC=0.7943  NMI=0.7244  ARI=0.6152  0.0s

=== P1E_S4_C3 train[3] k=5  dim=576  frames=147  σ=0.25  fold=2 ===
  TKSS: k_hat=5  ACC=0.8231  NMI=0.7596  ARI=0.6628  0.0s

=== P1L_S1_C1 train[0] k=5  dim=576  frames=289  σ=0.25  fold=2 ===
  TKSS: k_hat=5  ACC=0.8997  NMI=0.8184  ARI=0.7731  0.2s

=== P1L_S1_C1 train[1] k=5  dim=576  frames=265  σ=0.25  fold=2 ===
  TKSS: k_hat=5  ACC=0.8264  NMI=0.7408  ARI=0.6421  0.2s

=== P1L_S1_C1 train[2] k=5  dim=576  frames=239  σ=0.25  fold=2 ===
  TKSS: k_hat=5  ACC=0.7992  NMI=0.7336  ARI=0.6206  0.2s

=== P1L_S1_C1 train[3] k=5  dim=576  frames=285  σ=0.25  fold=2 ===
  TKSS: k_hat=5  ACC=0.8737  NMI=0.7848  ARI=0.7216  0.1s

=== P1L_S1_C2 train[0] k=5  dim=576  frames=286  σ=0.25  fold=2 ===
  TKSS: k_hat=5  ACC=0.8112  NMI=0.7395  ARI=0.6455  0.1s

=== P1L_S1_C2 train[1] k=5  dim=576  frames=236  σ=0.25  fold=2 ===
  TKSS: k_hat=5  ACC=0.8814  NMI=0.7919  ARI=0.7341  0.0s

=== P1L_S1_C2 train[2] k=5  dim=576  frames=260  σ=0.25  fold=2 ===
  TKSS: k_hat=5  ACC=0.9308  NMI=0.8725  ARI=0.8472  0.3s

=== P1L_S1_C2 train[3] k=5  dim=576  frames=270  σ=0.25  fold=2 ===
  TKSS: k_hat=5  ACC=0.8481  NMI=0.7629  ARI=0.6830  0.1s

=== P1L_S1_C3 train[0] k=5  dim=576  frames=108  σ=0.25  fold=2 ===
  TKSS: k_hat=5  ACC=0.9444  NMI=0.9005  ARI=0.8725  0.0s

=== P1L_S1_C3 train[1] k=5  dim=576  frames=115  σ=0.25  fold=2 ===
  TKSS: k_hat=5  ACC=0.8783  NMI=0.7866  ARI=0.7196  0.0s

=== P1L_S1_C3 train[2] k=5  dim=576  frames=101  σ=0.25  fold=2 ===
  TKSS: k_hat=5  ACC=0.9010  NMI=0.8340  ARI=0.7820  0.0s

=== P1L_S1_C3 train[3] k=5  dim=576  frames=124  σ=0.25  fold=2 ===
  TKSS: k_hat=5  ACC=0.9032  NMI=0.8306  ARI=0.7859  0.0s

=== P1L_S2_C1 train[0] k=5  dim=576  frames=348  σ=0.25  fold=2 ===
  TKSS: k_hat=5  ACC=0.9511  NMI=0.9124  ARI=0.8877  0.4s

=== P1L_S2_C1 train[1] k=5  dim=576  frames=281  σ=0.25  fold=2 ===
  TKSS: k_hat=5  ACC=0.7402  NMI=0.7431  ARI=0.6146  0.3s

=== P1L_S2_C1 train[2] k=5  dim=576  frames=275  σ=0.25  fold=2 ===
  TKSS: k_hat=5  ACC=0.8182  NMI=0.7332  ARI=0.6334  0.1s

=== P1L_S2_C1 train[3] k=5  dim=576  frames=265  σ=0.25  fold=2 ===
  TKSS: k_hat=5  ACC=0.7019  NMI=0.6834  ARI=0.5406  0.1s

=== P1L_S2_C2 train[0] k=5  dim=576  frames=300  σ=0.25  fold=2 ===
  TKSS: k_hat=5  ACC=0.6900  NMI=0.7094  ARI=0.5877  0.3s

=== P1L_S2_C2 train[1] k=5  dim=576  frames=256  σ=0.25  fold=2 ===
  TKSS: k_hat=5  ACC=0.8711  NMI=0.7949  ARI=0.7147  0.2s

=== P1L_S2_C2 train[2] k=5  dim=576  frames=301  σ=0.25  fold=2 ===
  TKSS: k_hat=5  ACC=0.9103  NMI=0.8300  ARI=0.7986  0.1s

=== P1L_S2_C2 train[3] k=5  dim=576  frames=222  σ=0.25  fold=2 ===
  TKSS: k_hat=5  ACC=0.6937  NMI=0.6610  ARI=0.4976  0.0s

=== P1L_S2_C3 train[0] k=5  dim=576  frames=191  σ=0.25  fold=2 ===
  TKSS: k_hat=5  ACC=0.7225  NMI=0.7032  ARI=0.5655  0.1s

=== P1L_S2_C3 train[1] k=5  dim=576  frames=159  σ=0.25  fold=2 ===
  TKSS: k_hat=5  ACC=0.8931  NMI=0.8441  ARI=0.7748  0.0s

=== P1L_S2_C3 train[2] k=5  dim=576  frames=175  σ=0.25  fold=2 ===
  TKSS: k_hat=5  ACC=0.9600  NMI=0.9091  ARI=0.9047  0.1s

=== P1L_S2_C3 train[3] k=5  dim=576  frames=179  σ=0.25  fold=2 ===
  TKSS: k_hat=5  ACC=0.8492  NMI=0.7871  ARI=0.6992  0.1s

=== P1L_S3_C1 train[0] k=5  dim=576  frames=246  σ=0.25  fold=2 ===
  TKSS: k_hat=5  ACC=0.7520  NMI=0.7438  ARI=0.6158  0.1s

=== P1L_S3_C1 train[1] k=5  dim=576  frames=289  σ=0.25  fold=2 ===
  TKSS: k_hat=5  ACC=0.7578  NMI=0.7392  ARI=0.6125  0.1s

=== P1L_S3_C1 train[2] k=5  dim=576  frames=312  σ=0.25  fold=2 ===
  TKSS: k_hat=5  ACC=0.8301  NMI=0.7481  ARI=0.6627  0.1s

=== P1L_S3_C1 train[3] k=5  dim=576  frames=241  σ=0.25  fold=2 ===
  TKSS: k_hat=5  ACC=0.7552  NMI=0.6837  ARI=0.5405  0.1s

=== P1L_S3_C2 train[0] k=5  dim=576  frames=262  σ=0.25  fold=2 ===
  TKSS: k_hat=5  ACC=0.8015  NMI=0.7401  ARI=0.6315  0.1s

=== P1L_S3_C2 train[1] k=5  dim=576  frames=287  σ=0.25  fold=2 ===
  TKSS: k_hat=5  ACC=0.8990  NMI=0.8533  ARI=0.7769  0.3s

=== P1L_S3_C2 train[2] k=5  dim=576  frames=329  σ=0.25  fold=2 ===
  TKSS: k_hat=5  ACC=0.8146  NMI=0.7121  ARI=0.6142  0.7s

=== P1L_S3_C2 train[3] k=5  dim=576  frames=290  σ=0.25  fold=2 ===
  TKSS: k_hat=5  ACC=0.5759  NMI=0.6477  ARI=0.4753  0.5s

=== P1L_S3_C3 train[0] k=5  dim=576  frames=231  σ=0.25  fold=2 ===
  TKSS: k_hat=5  ACC=0.7446  NMI=0.7156  ARI=0.5798  0.1s

=== P1L_S3_C3 train[1] k=5  dim=576  frames=210  σ=0.25  fold=2 ===
  TKSS: k_hat=5  ACC=0.8667  NMI=0.7911  ARI=0.7268  0.0s

=== P1L_S3_C3 train[2] k=5  dim=576  frames=210  σ=0.25  fold=2 ===
  TKSS: k_hat=5  ACC=0.8429  NMI=0.7726  ARI=0.6939  0.0s

=== P1L_S3_C3 train[3] k=5  dim=576  frames=229  σ=0.25  fold=2 ===
  TKSS: k_hat=5  ACC=0.7424  NMI=0.7310  ARI=0.5896  0.1s

=== P1L_S4_C1 train[0] k=5  dim=576  frames=313  σ=0.25  fold=2 ===
  TKSS: k_hat=5  ACC=0.8403  NMI=0.7485  ARI=0.6717  0.1s

=== P1L_S4_C1 train[1] k=5  dim=576  frames=255  σ=0.25  fold=2 ===
  TKSS: k_hat=5  ACC=0.8431  NMI=0.7919  ARI=0.7140  0.1s

=== P1L_S4_C1 train[2] k=5  dim=576  frames=278  σ=0.25  fold=2 ===
  TKSS: k_hat=5  ACC=0.9245  NMI=0.8611  ARI=0.8251  0.1s

=== P1L_S4_C1 train[3] k=5  dim=576  frames=344  σ=0.25  fold=2 ===
  TKSS: k_hat=5  ACC=0.9855  NMI=0.9586  ARI=0.9633  0.3s

=== P1L_S4_C2 train[0] k=5  dim=576  frames=267  σ=0.25  fold=2 ===
  TKSS: k_hat=5  ACC=0.8390  NMI=0.7534  ARI=0.6765  0.1s

=== P1L_S4_C2 train[1] k=5  dim=576  frames=257  σ=0.25  fold=2 ===
  TKSS: k_hat=5  ACC=0.8794  NMI=0.8067  ARI=0.7348  0.1s

=== P1L_S4_C2 train[2] k=5  dim=576  frames=258  σ=0.25  fold=2 ===
  TKSS: k_hat=5  ACC=0.9031  NMI=0.8353  ARI=0.7897  0.1s

=== P1L_S4_C2 train[3] k=5  dim=576  frames=266  σ=0.25  fold=2 ===
  TKSS: k_hat=5  ACC=0.8008  NMI=0.7244  ARI=0.6129  0.3s

=== P1L_S4_C3 train[0] k=5  dim=576  frames=180  σ=0.25  fold=2 ===
  TKSS: k_hat=5  ACC=0.9333  NMI=0.8710  ARI=0.8435  0.1s

=== P1L_S4_C3 train[1] k=5  dim=576  frames=158  σ=0.25  fold=2 ===
  TKSS: k_hat=5  ACC=0.7658  NMI=0.7375  ARI=0.6216  0.0s

=== P1L_S4_C3 train[2] k=5  dim=576  frames=169  σ=0.25  fold=2 ===
  TKSS: k_hat=5  ACC=0.9408  NMI=0.8755  ARI=0.8604  0.0s

=== P1L_S4_C3 train[3] k=5  dim=576  frames=185  σ=0.25  fold=2 ===
  TKSS: k_hat=5  ACC=0.9135  NMI=0.8283  ARI=0.7995  0.1s

=== P1E_S1_C1 test[0] k=5  dim=576  frames=265  σ=0.25  fold=2 ===
  TKSS: k_hat=5  ACC=0.9321  NMI=0.8725  ARI=0.8446  0.3s

=== P1E_S1_C2 test[0] k=5  dim=576  frames=198  σ=0.25  fold=2 ===
  TKSS: k_hat=5  ACC=0.9091  NMI=0.8343  ARI=0.7955  0.0s

=== P1E_S1_C3 test[0] k=5  dim=576  frames=68  σ=0.25  fold=2 ===
  TKSS: k_hat=5  ACC=0.8235  NMI=0.7526  ARI=0.6530  0.0s

=== P1E_S2_C1 test[0] k=5  dim=576  frames=265  σ=0.25  fold=2 ===
  TKSS: k_hat=5  ACC=0.8302  NMI=0.7302  ARI=0.6505  0.1s

=== P1E_S2_C2 test[0] k=5  dim=576  frames=219  σ=0.25  fold=2 ===
  TKSS: k_hat=5  ACC=0.8219  NMI=0.7354  ARI=0.6394  0.0s

=== P1E_S2_C3 test[0] k=5  dim=576  frames=173  σ=0.25  fold=2 ===
  TKSS: k_hat=5  ACC=0.9191  NMI=0.8469  ARI=0.8152  0.0s

=== P1E_S3_C1 test[0] k=5  dim=576  frames=273  σ=0.25  fold=2 ===
  TKSS: k_hat=5  ACC=0.8608  NMI=0.7882  ARI=0.6982  0.2s

=== P1E_S3_C2 test[0] k=5  dim=576  frames=280  σ=0.25  fold=2 ===
  TKSS: k_hat=5  ACC=0.8679  NMI=0.7719  ARI=0.7166  0.2s

=== P1E_S3_C3 test[0] k=5  dim=576  frames=211  σ=0.25  fold=2 ===
  TKSS: k_hat=5  ACC=0.9052  NMI=0.8330  ARI=0.7831  0.1s

=== P1E_S4_C1 test[0] k=5  dim=576  frames=303  σ=0.25  fold=2 ===
  TKSS: k_hat=5  ACC=0.9373  NMI=0.8725  ARI=0.8492  0.2s

=== P1E_S4_C2 test[0] k=5  dim=576  frames=236  σ=0.25  fold=2 ===
  TKSS: k_hat=5  ACC=0.8729  NMI=0.7873  ARI=0.7195  0.0s

=== P1E_S4_C3 test[0] k=5  dim=576  frames=147  σ=0.25  fold=2 ===
  TKSS: k_hat=5  ACC=0.9524  NMI=0.8902  ARI=0.8829  0.0s

=== P1L_S1_C1 test[0] k=5  dim=576  frames=313  σ=0.25  fold=2 ===
  TKSS: k_hat=5  ACC=0.8658  NMI=0.7796  ARI=0.7133  0.4s

=== P1L_S1_C2 test[0] k=5  dim=576  frames=257  σ=0.25  fold=2 ===
  TKSS: k_hat=5  ACC=0.7588  NMI=0.6909  ARI=0.5577  0.1s

=== P1L_S1_C3 test[0] k=5  dim=576  frames=117  σ=0.25  fold=2 ===
  TKSS: k_hat=5  ACC=0.7607  NMI=0.7029  ARI=0.5717  0.0s

=== P1L_S2_C1 test[0] k=5  dim=576  frames=301  σ=0.25  fold=2 ===
  TKSS: k_hat=5  ACC=0.8804  NMI=0.8088  ARI=0.7564  0.4s

=== P1L_S2_C2 test[0] k=5  dim=576  frames=314  σ=0.25  fold=2 ===
  TKSS: k_hat=5  ACC=0.9108  NMI=0.8538  ARI=0.8121  0.3s

=== P1L_S2_C3 test[0] k=5  dim=576  frames=193  σ=0.25  fold=2 ===
  TKSS: k_hat=5  ACC=0.9275  NMI=0.8685  ARI=0.8320  0.0s

=== P1L_S3_C1 test[0] k=5  dim=576  frames=241  σ=0.25  fold=2 ===
  TKSS: k_hat=5  ACC=0.7884  NMI=0.7133  ARI=0.5898  0.1s

=== P1L_S3_C2 test[0] k=5  dim=576  frames=304  σ=0.25  fold=2 ===
  TKSS: k_hat=5  ACC=0.7599  NMI=0.6923  ARI=0.5669  0.1s

=== P1L_S3_C3 test[0] k=5  dim=576  frames=225  σ=0.25  fold=2 ===
  TKSS: k_hat=5  ACC=0.9333  NMI=0.8717  ARI=0.8463  0.1s

=== P1L_S4_C1 test[0] k=5  dim=576  frames=253  σ=0.25  fold=2 ===
  TKSS: k_hat=5  ACC=0.8142  NMI=0.7657  ARI=0.6610  0.2s

=== P1L_S4_C2 test[0] k=5  dim=576  frames=279  σ=0.25  fold=2 ===
  TKSS: k_hat=5  ACC=0.8029  NMI=0.7170  ARI=0.6151  0.1s

=== P1L_S4_C3 test[0] k=5  dim=576  frames=188  σ=0.25  fold=2 ===
  TKSS: k_hat=5  ACC=0.8670  NMI=0.8135  ARI=0.7205  0.0s
  tune_pool_groups=20: sampling from 20 held-in people (overlap allowed) instead of the 4 fixed partition group(s)

============================================================
σ=0.25 fold=3  test=['0007', '0010', '0015', '0016', '0021']  train mats=96  test mats=24  tune mats=480
  --- tune TKSS over 480 train mats  n_trials=30 (3 params) ---
  TKSS trial 0: mean ARI=0.7158  n=480  58.7s  d=5, lam=1, s=2
  TKSS trial 1: mean ARI=0.6870  n=480  102.5s  d=9, lam=1.398, s=4
  TKSS trial 2: mean ARI=0.7078  n=480  49.6s  d=9, lam=0.1866, s=4
  TKSS trial 3: mean ARI=0.6552  n=480  147.8s  d=7, lam=4.735, s=6
  TKSS trial 4: mean ARI=0.6876  n=480  106.0s  d=6, lam=2.372, s=4
  TKSS trial 5: mean ARI=0.7155  n=480  32.4s  d=9, lam=5.981, s=1
  TKSS trial 6: mean ARI=0.7250  n=480  69.4s  d=2, lam=0.0115, s=5
  TKSS trial 7: mean ARI=0.6629  n=480  159.2s  d=12, lam=4.074, s=6
  TKSS trial 8: mean ARI=0.6923  n=480  81.9s  d=12, lam=0.2423, s=5
  TKSS trial 9: mean ARI=0.7290  n=480  95.0s  d=2, lam=0.8313, s=1
  TKSS trial 10: mean ARI=0.7140  n=480  22.4s  d=15, lam=0.01463, s=2
  TKSS trial 11: mean ARI=0.7156  n=480  121.7s  d=1, lam=0.01211, s=1
  TKSS trial 12: mean ARI=0.7312  n=480  136.0s  d=1, lam=0.05122, s=3
  TKSS trial 13: mean ARI=0.7221  n=480  42.9s  d=3, lam=0.06623, s=2
  TKSS trial 14: mean ARI=0.7125  n=480  69.5s  d=4, lam=0.4118, s=3
  TKSS trial 15: mean ARI=0.7307  n=480  137.4s  d=1, lam=0.05946, s=3
  TKSS trial 16: mean ARI=0.7293  n=480  132.9s  d=1, lam=0.04751, s=3
  TKSS trial 17: mean ARI=0.7190  n=480  34.7s  d=4, lam=0.05146, s=3
  TKSS trial 18: mean ARI=0.7351  n=480  141.3s  d=1, lam=0.1059, s=3
  TKSS trial 19: mean ARI=0.7243  n=480  49.6s  d=3, lam=0.1304, s=2
  TKSS trial 20: mean ARI=0.7164  n=480  27.7s  d=6, lam=0.02159, s=5
  TKSS trial 21: mean ARI=0.7339  n=480  140.6s  d=1, lam=0.09057, s=3
  TKSS trial 22: mean ARI=0.7212  n=480  41.7s  d=3, lam=0.03011, s=3
  TKSS trial 23: mean ARI=0.7461  n=480  141.9s  d=1, lam=0.1186, s=4
  TKSS trial 24: mean ARI=0.7327  n=480  89.8s  d=2, lam=0.112, s=4
  TKSS trial 25: mean ARI=0.7061  n=480  78.3s  d=4, lam=0.3168, s=4
  TKSS trial 26: mean ARI=0.7302  n=480  92.7s  d=2, lam=0.1087, s=5
  TKSS trial 27: mean ARI=0.7531  n=480  165.7s  d=1, lam=0.5374, s=4
  TKSS trial 28: mean ARI=0.7038  n=480  102.1s  d=3, lam=0.5311, s=4
  TKSS trial 29: mean ARI=0.7050  n=480  73.2s  d=4, lam=0.1826, s=5
    best mean ARI=0.7531  tune 2744.9s  d=1, lam=0.5374, s=4
  wrote /nfs/turbo/umms-minjilab/lpullela/icassp_ssc_tv2/block_ssc_benchmark/cv/params/surveillance/split_k5_sigmas_min30_trials20_params_knownk_cv_tkss_k5_sigma0p25_sigma0.25_fold3.json

=== P1E_S1_C1 train[0] k=5  dim=576  frames=249  σ=0.25  fold=3 ===
  TKSS: k_hat=5  ACC=0.8032  NMI=0.7179  ARI=0.6297  0.4s

=== P1E_S1_C1 train[1] k=5  dim=576  frames=212  σ=0.25  fold=3 ===
  TKSS: k_hat=5  ACC=0.8962  NMI=0.8375  ARI=0.7642  0.3s

=== P1E_S1_C1 train[2] k=5  dim=576  frames=265  σ=0.25  fold=3 ===
  TKSS: k_hat=5  ACC=0.7094  NMI=0.6585  ARI=0.5477  0.6s

=== P1E_S1_C1 train[3] k=5  dim=576  frames=268  σ=0.25  fold=3 ===
  TKSS: k_hat=5  ACC=0.8507  NMI=0.8029  ARI=0.7173  0.7s

=== P1E_S1_C2 train[0] k=5  dim=576  frames=231  σ=0.25  fold=3 ===
  TKSS: k_hat=5  ACC=0.9091  NMI=0.8354  ARI=0.7823  0.3s

=== P1E_S1_C2 train[1] k=5  dim=576  frames=188  σ=0.25  fold=3 ===
  TKSS: k_hat=5  ACC=0.9947  NMI=0.9847  ARI=0.9879  0.2s

=== P1E_S1_C2 train[2] k=5  dim=576  frames=198  σ=0.25  fold=3 ===
  TKSS: k_hat=5  ACC=0.8990  NMI=0.8198  ARI=0.7655  0.2s

=== P1E_S1_C2 train[3] k=5  dim=576  frames=215  σ=0.25  fold=3 ===
  TKSS: k_hat=5  ACC=0.9721  NMI=0.9404  ARI=0.9326  0.2s

=== P1E_S1_C3 train[0] k=5  dim=576  frames=98  σ=0.25  fold=3 ===
  TKSS: k_hat=5  ACC=0.9184  NMI=0.8491  ARI=0.8118  0.1s

=== P1E_S1_C3 train[1] k=5  dim=576  frames=93  σ=0.25  fold=3 ===
  TKSS: k_hat=5  ACC=0.9570  NMI=0.9280  ARI=0.8892  0.1s

=== P1E_S1_C3 train[2] k=5  dim=576  frames=68  σ=0.25  fold=3 ===
  TKSS: k_hat=5  ACC=0.8235  NMI=0.7526  ARI=0.6530  0.0s

=== P1E_S1_C3 train[3] k=5  dim=576  frames=107  σ=0.25  fold=3 ===
  TKSS: k_hat=5  ACC=0.9346  NMI=0.8818  ARI=0.8500  0.1s

=== P1E_S2_C1 train[0] k=5  dim=576  frames=268  σ=0.25  fold=3 ===
  TKSS: k_hat=5  ACC=0.7649  NMI=0.6570  ARI=0.5660  0.3s

=== P1E_S2_C1 train[1] k=5  dim=576  frames=250  σ=0.25  fold=3 ===
  TKSS: k_hat=5  ACC=0.9200  NMI=0.8471  ARI=0.7938  0.3s

=== P1E_S2_C1 train[2] k=5  dim=576  frames=265  σ=0.25  fold=3 ===
  TKSS: k_hat=5  ACC=0.6075  NMI=0.4995  ARI=0.3543  0.5s

=== P1E_S2_C1 train[3] k=5  dim=576  frames=241  σ=0.25  fold=3 ===
  TKSS: k_hat=5  ACC=0.6805  NMI=0.5625  ARI=0.4710  0.8s

=== P1E_S2_C2 train[0] k=5  dim=576  frames=223  σ=0.25  fold=3 ===
  TKSS: k_hat=5  ACC=0.9013  NMI=0.8025  ARI=0.7597  0.4s

=== P1E_S2_C2 train[1] k=5  dim=576  frames=196  σ=0.25  fold=3 ===
  TKSS: k_hat=5  ACC=0.9337  NMI=0.8509  ARI=0.8294  0.2s

=== P1E_S2_C2 train[2] k=5  dim=576  frames=219  σ=0.25  fold=3 ===
  TKSS: k_hat=5  ACC=0.8676  NMI=0.8003  ARI=0.7264  0.2s

=== P1E_S2_C2 train[3] k=5  dim=576  frames=212  σ=0.25  fold=3 ===
  TKSS: k_hat=5  ACC=0.9717  NMI=0.9303  ARI=0.9316  0.2s

=== P1E_S2_C3 train[0] k=5  dim=576  frames=173  σ=0.25  fold=3 ===
  TKSS: k_hat=5  ACC=0.9249  NMI=0.8756  ARI=0.8194  0.2s

=== P1E_S2_C3 train[1] k=5  dim=576  frames=156  σ=0.25  fold=3 ===
  TKSS: k_hat=5  ACC=0.9872  NMI=0.9643  ARI=0.9672  0.1s

=== P1E_S2_C3 train[2] k=5  dim=576  frames=173  σ=0.25  fold=3 ===
  TKSS: k_hat=5  ACC=0.9249  NMI=0.8519  ARI=0.8235  0.1s

=== P1E_S2_C3 train[3] k=5  dim=576  frames=154  σ=0.25  fold=3 ===
  TKSS: k_hat=5  ACC=0.9870  NMI=0.9643  ARI=0.9683  0.1s

=== P1E_S3_C1 train[0] k=5  dim=576  frames=258  σ=0.25  fold=3 ===
  TKSS: k_hat=5  ACC=0.6085  NMI=0.4982  ARI=0.3073  0.6s

=== P1E_S3_C1 train[1] k=5  dim=576  frames=237  σ=0.25  fold=3 ===
  TKSS: k_hat=5  ACC=0.9283  NMI=0.8748  ARI=0.8261  0.2s

=== P1E_S3_C1 train[2] k=5  dim=576  frames=273  σ=0.25  fold=3 ===
  TKSS: k_hat=5  ACC=0.4615  NMI=0.3678  ARI=0.2246  1.9s

=== P1E_S3_C1 train[3] k=5  dim=576  frames=237  σ=0.25  fold=3 ===
  TKSS: k_hat=5  ACC=0.5232  NMI=0.4821  ARI=0.2526  0.8s

=== P1E_S3_C2 train[0] k=5  dim=576  frames=232  σ=0.25  fold=3 ===
  TKSS: k_hat=5  ACC=0.6509  NMI=0.5685  ARI=0.4144  0.6s

=== P1E_S3_C2 train[1] k=5  dim=576  frames=204  σ=0.25  fold=3 ===
  TKSS: k_hat=5  ACC=0.8971  NMI=0.7934  ARI=0.7653  0.3s

=== P1E_S3_C2 train[2] k=5  dim=576  frames=280  σ=0.25  fold=3 ===
  TKSS: k_hat=5  ACC=0.7750  NMI=0.6464  ARI=0.5677  0.7s

=== P1E_S3_C2 train[3] k=5  dim=576  frames=188  σ=0.25  fold=3 ===
  TKSS: k_hat=5  ACC=0.8777  NMI=0.8393  ARI=0.7465  0.2s

=== P1E_S3_C3 train[0] k=5  dim=576  frames=170  σ=0.25  fold=3 ===
  TKSS: k_hat=5  ACC=0.9882  NMI=0.9677  ARI=0.9752  0.2s

=== P1E_S3_C3 train[1] k=5  dim=576  frames=150  σ=0.25  fold=3 ===
  TKSS: k_hat=5  ACC=0.9800  NMI=0.9512  ARI=0.9559  0.1s

=== P1E_S3_C3 train[2] k=5  dim=576  frames=211  σ=0.25  fold=3 ===
  TKSS: k_hat=5  ACC=0.8246  NMI=0.7796  ARI=0.6454  0.6s

=== P1E_S3_C3 train[3] k=5  dim=576  frames=168  σ=0.25  fold=3 ===
  TKSS: k_hat=5  ACC=0.9226  NMI=0.8694  ARI=0.8053  0.2s

=== P1E_S4_C1 train[0] k=5  dim=576  frames=231  σ=0.25  fold=3 ===
  TKSS: k_hat=5  ACC=0.7273  NMI=0.7455  ARI=0.6208  0.5s

=== P1E_S4_C1 train[1] k=5  dim=576  frames=248  σ=0.25  fold=3 ===
  TKSS: k_hat=5  ACC=0.9718  NMI=0.9330  ARI=0.9299  0.4s

=== P1E_S4_C1 train[2] k=5  dim=576  frames=303  σ=0.25  fold=3 ===
  TKSS: k_hat=5  ACC=0.7624  NMI=0.6650  ARI=0.4551  0.4s

=== P1E_S4_C1 train[3] k=5  dim=576  frames=217  σ=0.25  fold=3 ===
  TKSS: k_hat=5  ACC=0.7373  NMI=0.6924  ARI=0.6040  0.3s

=== P1E_S4_C2 train[0] k=5  dim=576  frames=201  σ=0.25  fold=3 ===
  TKSS: k_hat=5  ACC=0.9602  NMI=0.9021  ARI=0.9017  0.2s

=== P1E_S4_C2 train[1] k=5  dim=576  frames=193  σ=0.25  fold=3 ===
  TKSS: k_hat=5  ACC=0.9067  NMI=0.8478  ARI=0.7915  0.1s

=== P1E_S4_C2 train[2] k=5  dim=576  frames=236  σ=0.25  fold=3 ===
  TKSS: k_hat=5  ACC=0.9873  NMI=0.9647  ARI=0.9678  0.4s

=== P1E_S4_C2 train[3] k=5  dim=576  frames=198  σ=0.25  fold=3 ===
  TKSS: k_hat=5  ACC=0.8939  NMI=0.8371  ARI=0.7699  0.1s

=== P1E_S4_C3 train[0] k=5  dim=576  frames=132  σ=0.25  fold=3 ===
  TKSS: k_hat=5  ACC=0.9318  NMI=0.8736  ARI=0.8341  0.1s

=== P1E_S4_C3 train[1] k=5  dim=576  frames=152  σ=0.25  fold=3 ===
  TKSS: k_hat=5  ACC=0.9474  NMI=0.8804  ARI=0.8698  0.2s

=== P1E_S4_C3 train[2] k=5  dim=576  frames=147  σ=0.25  fold=3 ===
  TKSS: k_hat=5  ACC=0.9592  NMI=0.9006  ARI=0.8986  0.0s

=== P1E_S4_C3 train[3] k=5  dim=576  frames=147  σ=0.25  fold=3 ===
  TKSS: k_hat=5  ACC=0.8776  NMI=0.8270  ARI=0.7567  0.1s

=== P1L_S1_C1 train[0] k=5  dim=576  frames=289  σ=0.25  fold=3 ===
  TKSS: k_hat=5  ACC=0.8754  NMI=0.8571  ARI=0.7508  0.5s

=== P1L_S1_C1 train[1] k=5  dim=576  frames=265  σ=0.25  fold=3 ===
  TKSS: k_hat=5  ACC=1.0000  NMI=1.0000  ARI=1.0000  0.2s

=== P1L_S1_C1 train[2] k=5  dim=576  frames=313  σ=0.25  fold=3 ===
  TKSS: k_hat=5  ACC=0.9265  NMI=0.8901  ARI=0.8371  0.4s

=== P1L_S1_C1 train[3] k=5  dim=576  frames=285  σ=0.25  fold=3 ===
  TKSS: k_hat=5  ACC=0.9333  NMI=0.8837  ARI=0.8492  0.3s

=== P1L_S1_C2 train[0] k=5  dim=576  frames=286  σ=0.25  fold=3 ===
  TKSS: k_hat=5  ACC=0.6573  NMI=0.5725  ARI=0.4210  0.4s

=== P1L_S1_C2 train[1] k=5  dim=576  frames=236  σ=0.25  fold=3 ===
  TKSS: k_hat=5  ACC=0.9915  NMI=0.9782  ARI=0.9801  0.2s

=== P1L_S1_C2 train[2] k=5  dim=576  frames=257  σ=0.25  fold=3 ===
  TKSS: k_hat=5  ACC=0.5409  NMI=0.4630  ARI=0.2629  0.6s

=== P1L_S1_C2 train[3] k=5  dim=576  frames=270  σ=0.25  fold=3 ===
  TKSS: k_hat=5  ACC=0.6000  NMI=0.5831  ARI=0.4080  0.5s

=== P1L_S1_C3 train[0] k=5  dim=576  frames=108  σ=0.25  fold=3 ===
  TKSS: k_hat=5  ACC=0.9259  NMI=0.8888  ARI=0.8303  0.0s

=== P1L_S1_C3 train[1] k=5  dim=576  frames=115  σ=0.25  fold=3 ===
  TKSS: k_hat=5  ACC=0.8696  NMI=0.8479  ARI=0.7094  0.2s

=== P1L_S1_C3 train[2] k=5  dim=576  frames=117  σ=0.25  fold=3 ===
  TKSS: k_hat=5  ACC=0.8376  NMI=0.8157  ARI=0.7000  0.1s

=== P1L_S1_C3 train[3] k=5  dim=576  frames=124  σ=0.25  fold=3 ===
  TKSS: k_hat=5  ACC=0.9919  NMI=0.9784  ARI=0.9780  0.0s

=== P1L_S2_C1 train[0] k=5  dim=576  frames=348  σ=0.25  fold=3 ===
  TKSS: k_hat=5  ACC=0.7672  NMI=0.6964  ARI=0.6083  0.8s

=== P1L_S2_C1 train[1] k=5  dim=576  frames=281  σ=0.25  fold=3 ===
  TKSS: k_hat=5  ACC=0.8648  NMI=0.8533  ARI=0.7519  0.3s

=== P1L_S2_C1 train[2] k=5  dim=576  frames=301  σ=0.25  fold=3 ===
  TKSS: k_hat=5  ACC=0.7973  NMI=0.7394  ARI=0.6294  1.0s

=== P1L_S2_C1 train[3] k=5  dim=576  frames=265  σ=0.25  fold=3 ===
  TKSS: k_hat=5  ACC=0.7660  NMI=0.7489  ARI=0.6210  0.3s

=== P1L_S2_C2 train[0] k=5  dim=576  frames=300  σ=0.25  fold=3 ===
  TKSS: k_hat=5  ACC=0.7333  NMI=0.6478  ARI=0.5229  0.8s

=== P1L_S2_C2 train[1] k=5  dim=576  frames=256  σ=0.25  fold=3 ===
  TKSS: k_hat=5  ACC=0.9453  NMI=0.9124  ARI=0.8803  0.4s

=== P1L_S2_C2 train[2] k=5  dim=576  frames=314  σ=0.25  fold=3 ===
  TKSS: k_hat=5  ACC=0.7420  NMI=0.6251  ARI=0.5122  1.0s

=== P1L_S2_C2 train[3] k=5  dim=576  frames=222  σ=0.25  fold=3 ===
  TKSS: k_hat=5  ACC=0.7207  NMI=0.7064  ARI=0.4767  0.3s

=== P1L_S2_C3 train[0] k=5  dim=576  frames=191  σ=0.25  fold=3 ===
  TKSS: k_hat=5  ACC=0.8010  NMI=0.7450  ARI=0.5421  0.2s

=== P1L_S2_C3 train[1] k=5  dim=576  frames=159  σ=0.25  fold=3 ===
  TKSS: k_hat=5  ACC=0.9560  NMI=0.9234  ARI=0.9151  0.2s

=== P1L_S2_C3 train[2] k=5  dim=576  frames=193  σ=0.25  fold=3 ===
  TKSS: k_hat=5  ACC=0.9741  NMI=0.9396  ARI=0.9360  0.2s

=== P1L_S2_C3 train[3] k=5  dim=576  frames=179  σ=0.25  fold=3 ===
  TKSS: k_hat=5  ACC=0.9665  NMI=0.9152  ARI=0.9249  0.1s

=== P1L_S3_C1 train[0] k=5  dim=576  frames=246  σ=0.25  fold=3 ===
  TKSS: k_hat=5  ACC=0.7724  NMI=0.6709  ARI=0.5090  0.3s

=== P1L_S3_C1 train[1] k=5  dim=576  frames=289  σ=0.25  fold=3 ===
  TKSS: k_hat=5  ACC=0.6609  NMI=0.7092  ARI=0.5097  1.3s

=== P1L_S3_C1 train[2] k=5  dim=576  frames=241  σ=0.25  fold=3 ===
  TKSS: k_hat=5  ACC=0.7427  NMI=0.6517  ARI=0.5038  0.4s

=== P1L_S3_C1 train[3] k=5  dim=576  frames=241  σ=0.25  fold=3 ===
  TKSS: k_hat=5  ACC=0.9502  NMI=0.9046  ARI=0.8780  0.3s

=== P1L_S3_C2 train[0] k=5  dim=576  frames=262  σ=0.25  fold=3 ===
  TKSS: k_hat=5  ACC=0.8702  NMI=0.8511  ARI=0.7539  0.6s

=== P1L_S3_C2 train[1] k=5  dim=576  frames=287  σ=0.25  fold=3 ===
  TKSS: k_hat=5  ACC=0.9617  NMI=0.9110  ARI=0.8968  0.7s

=== P1L_S3_C2 train[2] k=5  dim=576  frames=304  σ=0.25  fold=3 ===
  TKSS: k_hat=5  ACC=0.6414  NMI=0.4775  ARI=0.3145  0.5s

=== P1L_S3_C2 train[3] k=5  dim=576  frames=290  σ=0.25  fold=3 ===
  TKSS: k_hat=5  ACC=0.4862  NMI=0.3734  ARI=0.2180  1.0s

=== P1L_S3_C3 train[0] k=5  dim=576  frames=231  σ=0.25  fold=3 ===
  TKSS: k_hat=5  ACC=0.8139  NMI=0.6810  ARI=0.5746  0.6s

=== P1L_S3_C3 train[1] k=5  dim=576  frames=210  σ=0.25  fold=3 ===
  TKSS: k_hat=5  ACC=0.8667  NMI=0.8322  ARI=0.7343  0.3s

=== P1L_S3_C3 train[2] k=5  dim=576  frames=225  σ=0.25  fold=3 ===
  TKSS: k_hat=5  ACC=0.8533  NMI=0.7529  ARI=0.6696  0.5s

=== P1L_S3_C3 train[3] k=5  dim=576  frames=229  σ=0.25  fold=3 ===
  TKSS: k_hat=5  ACC=0.7773  NMI=0.6661  ARI=0.4636  0.4s

=== P1L_S4_C1 train[0] k=5  dim=576  frames=313  σ=0.25  fold=3 ===
  TKSS: k_hat=5  ACC=0.8818  NMI=0.8021  ARI=0.7558  0.8s

=== P1L_S4_C1 train[1] k=5  dim=576  frames=255  σ=0.25  fold=3 ===
  TKSS: k_hat=5  ACC=0.9922  NMI=0.9779  ARI=0.9767  0.2s

=== P1L_S4_C1 train[2] k=5  dim=576  frames=253  σ=0.25  fold=3 ===
  TKSS: k_hat=5  ACC=0.8538  NMI=0.8129  ARI=0.7118  1.1s

=== P1L_S4_C1 train[3] k=5  dim=576  frames=344  σ=0.25  fold=3 ===
  TKSS: k_hat=5  ACC=0.9535  NMI=0.9149  ARI=0.8916  0.6s

=== P1L_S4_C2 train[0] k=5  dim=576  frames=267  σ=0.25  fold=3 ===
  TKSS: k_hat=5  ACC=0.8015  NMI=0.7308  ARI=0.5660  0.8s

=== P1L_S4_C2 train[1] k=5  dim=576  frames=257  σ=0.25  fold=3 ===
  TKSS: k_hat=5  ACC=0.9922  NMI=0.9784  ARI=0.9775  0.2s

=== P1L_S4_C2 train[2] k=5  dim=576  frames=279  σ=0.25  fold=3 ===
  TKSS: k_hat=5  ACC=0.8244  NMI=0.7282  ARI=0.6899  0.4s

=== P1L_S4_C2 train[3] k=5  dim=576  frames=266  σ=0.25  fold=3 ===
  TKSS: k_hat=5  ACC=0.9098  NMI=0.8774  ARI=0.8309  0.3s

=== P1L_S4_C3 train[0] k=5  dim=576  frames=180  σ=0.25  fold=3 ===
  TKSS: k_hat=5  ACC=0.9944  NMI=0.9836  ARI=0.9844  0.1s

=== P1L_S4_C3 train[1] k=5  dim=576  frames=158  σ=0.25  fold=3 ===
  TKSS: k_hat=5  ACC=0.9873  NMI=0.9679  ARI=0.9618  0.1s

=== P1L_S4_C3 train[2] k=5  dim=576  frames=188  σ=0.25  fold=3 ===
  TKSS: k_hat=5  ACC=0.8032  NMI=0.8138  ARI=0.7404  0.2s

=== P1L_S4_C3 train[3] k=5  dim=576  frames=185  σ=0.25  fold=3 ===
  TKSS: k_hat=5  ACC=0.9027  NMI=0.8538  ARI=0.7967  0.3s

=== P1E_S1_C1 test[0] k=5  dim=576  frames=242  σ=0.25  fold=3 ===
  TKSS: k_hat=5  ACC=0.8926  NMI=0.8287  ARI=0.7777  0.3s

=== P1E_S1_C2 test[0] k=5  dim=576  frames=199  σ=0.25  fold=3 ===
  TKSS: k_hat=5  ACC=0.9246  NMI=0.8503  ARI=0.8339  0.2s

=== P1E_S1_C3 test[0] k=5  dim=576  frames=87  σ=0.25  fold=3 ===
  TKSS: k_hat=5  ACC=0.8966  NMI=0.8132  ARI=0.7617  0.0s

=== P1E_S2_C1 test[0] k=5  dim=576  frames=232  σ=0.25  fold=3 ===
  TKSS: k_hat=5  ACC=0.5560  NMI=0.5852  ARI=0.4098  0.4s

=== P1E_S2_C2 test[0] k=5  dim=576  frames=192  σ=0.25  fold=3 ===
  TKSS: k_hat=5  ACC=0.9062  NMI=0.8324  ARI=0.7878  0.2s

=== P1E_S2_C3 test[0] k=5  dim=576  frames=160  σ=0.25  fold=3 ===
  TKSS: k_hat=5  ACC=0.9375  NMI=0.8686  ARI=0.8601  0.1s

=== P1E_S3_C1 test[0] k=5  dim=576  frames=250  σ=0.25  fold=3 ===
  TKSS: k_hat=5  ACC=0.5040  NMI=0.4693  ARI=0.2869  0.7s

=== P1E_S3_C2 test[0] k=5  dim=576  frames=222  σ=0.25  fold=3 ===
  TKSS: k_hat=5  ACC=0.6441  NMI=0.7272  ARI=0.5159  0.4s

=== P1E_S3_C3 test[0] k=5  dim=576  frames=167  σ=0.25  fold=3 ===
  TKSS: k_hat=5  ACC=0.6467  NMI=0.6735  ARI=0.4491  0.2s

=== P1E_S4_C1 test[0] k=5  dim=576  frames=248  σ=0.25  fold=3 ===
  TKSS: k_hat=5  ACC=0.9032  NMI=0.8498  ARI=0.8199  0.2s

=== P1E_S4_C2 test[0] k=5  dim=576  frames=223  σ=0.25  fold=3 ===
  TKSS: k_hat=5  ACC=0.9686  NMI=0.9327  ARI=0.9258  0.3s

=== P1E_S4_C3 test[0] k=5  dim=576  frames=141  σ=0.25  fold=3 ===
  TKSS: k_hat=5  ACC=0.9149  NMI=0.8552  ARI=0.7997  0.1s

=== P1L_S1_C1 test[0] k=5  dim=576  frames=239  σ=0.25  fold=3 ===
  TKSS: k_hat=5  ACC=0.9456  NMI=0.8999  ARI=0.8951  0.4s

=== P1L_S1_C2 test[0] k=5  dim=576  frames=260  σ=0.25  fold=3 ===
  TKSS: k_hat=5  ACC=0.6346  NMI=0.5490  ARI=0.4120  0.4s

=== P1L_S1_C3 test[0] k=5  dim=576  frames=101  σ=0.25  fold=3 ===
  TKSS: k_hat=5  ACC=0.8911  NMI=0.8632  ARI=0.7949  0.1s

=== P1L_S2_C1 test[0] k=5  dim=576  frames=275  σ=0.25  fold=3 ===
  TKSS: k_hat=5  ACC=0.7745  NMI=0.6620  ARI=0.5730  0.4s

=== P1L_S2_C2 test[0] k=5  dim=576  frames=301  σ=0.25  fold=3 ===
  TKSS: k_hat=5  ACC=0.9734  NMI=0.9275  ARI=0.9359  0.4s

=== P1L_S2_C3 test[0] k=5  dim=576  frames=175  σ=0.25  fold=3 ===
  TKSS: k_hat=5  ACC=0.9143  NMI=0.8690  ARI=0.8083  0.1s

=== P1L_S3_C1 test[0] k=5  dim=576  frames=312  σ=0.25  fold=3 ===
  TKSS: k_hat=5  ACC=0.6955  NMI=0.5402  ARI=0.4387  0.5s

=== P1L_S3_C2 test[0] k=5  dim=576  frames=329  σ=0.25  fold=3 ===
  TKSS: k_hat=5  ACC=0.6778  NMI=0.5363  ARI=0.4133  0.9s

=== P1L_S3_C3 test[0] k=5  dim=576  frames=210  σ=0.25  fold=3 ===
  TKSS: k_hat=5  ACC=0.8143  NMI=0.7392  ARI=0.6375  0.3s

=== P1L_S4_C1 test[0] k=5  dim=576  frames=278  σ=0.25  fold=3 ===
  TKSS: k_hat=5  ACC=0.8669  NMI=0.7803  ARI=0.7038  0.4s

=== P1L_S4_C2 test[0] k=5  dim=576  frames=258  σ=0.25  fold=3 ===
  TKSS: k_hat=5  ACC=0.6124  NMI=0.5405  ARI=0.3445  0.7s

=== P1L_S4_C3 test[0] k=5  dim=576  frames=169  σ=0.25  fold=3 ===
  TKSS: k_hat=5  ACC=0.8876  NMI=0.8319  ARI=0.7673  0.2s
  tune_pool_groups=20: sampling from 20 held-in people (overlap allowed) instead of the 4 fixed partition group(s)

============================================================
σ=0.25 fold=4  test=['0003', '0012', '0017', '0018', '0020']  train mats=96  test mats=24  tune mats=480
  --- tune TKSS over 480 train mats  n_trials=30 (3 params) ---
  TKSS trial 0: mean ARI=0.7136  n=480  60.4s  d=5, lam=1, s=2
  TKSS trial 1: mean ARI=0.6900  n=480  98.1s  d=9, lam=1.398, s=4
  TKSS trial 2: mean ARI=0.7063  n=480  49.4s  d=9, lam=0.1866, s=4
  TKSS trial 3: mean ARI=0.6615  n=480  141.3s  d=7, lam=4.735, s=6
  TKSS trial 4: mean ARI=0.6888  n=480  104.0s  d=6, lam=2.372, s=4
  TKSS trial 5: mean ARI=0.7130  n=480  31.1s  d=9, lam=5.981, s=1
  TKSS trial 6: mean ARI=0.7079  n=480  83.6s  d=2, lam=0.0115, s=5
  TKSS trial 7: mean ARI=0.6691  n=480  174.0s  d=12, lam=4.074, s=6
  TKSS trial 8: mean ARI=0.6975  n=480  80.2s  d=12, lam=0.2423, s=5
  TKSS trial 9: mean ARI=0.7094  n=480  133.6s  d=2, lam=0.8313, s=1
  TKSS trial 10: mean ARI=0.7121  n=480  28.8s  d=15, lam=0.01465, s=2
  TKSS trial 11: mean ARI=0.7152  n=480  58.3s  d=5, lam=0.3751, s=2
  TKSS trial 12: mean ARI=0.7176  n=480  64.1s  d=4, lam=0.3082, s=2
  TKSS trial 13: mean ARI=0.7162  n=480  52.9s  d=4, lam=0.1582, s=2
  TKSS trial 14: mean ARI=0.7179  n=480  62.2s  d=3, lam=0.06549, s=3
  TKSS trial 15: mean ARI=0.6359  n=480  182.4s  d=1, lam=0.05946, s=3
  TKSS trial 16: mean ARI=0.7170  n=480  52.9s  d=3, lam=0.04751, s=3
  TKSS trial 17: mean ARI=0.7131  n=480  25.1s  d=7, lam=0.04025, s=3
  TKSS trial 18: mean ARI=0.6260  n=480  154.8s  d=1, lam=0.1137, s=1
  TKSS trial 19: mean ARI=0.7113  n=480  74.6s  d=4, lam=0.4317, s=3
  TKSS trial 20: mean ARI=0.7150  n=480  43.9s  d=3, lam=0.02159, s=2
  TKSS trial 21: mean ARI=0.7184  n=480  52.0s  d=3, lam=0.07215, s=3
  TKSS trial 22: mean ARI=0.7181  n=480  53.9s  d=3, lam=0.08849, s=3
  TKSS trial 23: mean ARI=0.7142  n=480  101.2s  d=2, lam=0.1075, s=4
  TKSS trial 24: mean ARI=0.7162  n=480  42.8s  d=3, lam=0.02797, s=3
  TKSS trial 25: mean ARI=0.7133  n=480  27.8s  d=6, lam=0.06771, s=3
  TKSS trial 26: mean ARI=0.6664  n=480  160.1s  d=1, lam=0.0897, s=5
  TKSS trial 27: mean ARI=0.7136  n=480  27.4s  d=5, lam=0.02728, s=4
  TKSS trial 28: mean ARI=0.7152  n=480  90.1s  d=3, lam=0.5381, s=3
  TKSS trial 29: mean ARI=0.7137  n=480  30.4s  d=6, lam=0.151, s=2
    best mean ARI=0.7184  tune 2341.6s  d=3, lam=0.07215, s=3
  wrote /nfs/turbo/umms-minjilab/lpullela/icassp_ssc_tv2/block_ssc_benchmark/cv/params/surveillance/split_k5_sigmas_min30_trials20_params_knownk_cv_tkss_k5_sigma0p25_sigma0.25_fold4.json

=== P1E_S1_C1 train[0] k=5  dim=576  frames=249  σ=0.25  fold=4 ===
  TKSS: k_hat=5  ACC=0.8394  NMI=0.7974  ARI=0.7067  0.1s

=== P1E_S1_C1 train[1] k=5  dim=576  frames=212  σ=0.25  fold=4 ===
  TKSS: k_hat=5  ACC=0.8443  NMI=0.7616  ARI=0.6826  0.0s

=== P1E_S1_C1 train[2] k=5  dim=576  frames=265  σ=0.25  fold=4 ===
  TKSS: k_hat=5  ACC=0.9321  NMI=0.8725  ARI=0.8446  0.3s

=== P1E_S1_C1 train[3] k=5  dim=576  frames=242  σ=0.25  fold=4 ===
  TKSS: k_hat=5  ACC=0.8843  NMI=0.8161  ARI=0.7485  0.1s

=== P1E_S1_C2 train[0] k=5  dim=576  frames=231  σ=0.25  fold=4 ===
  TKSS: k_hat=5  ACC=0.8182  NMI=0.7581  ARI=0.6667  0.1s

=== P1E_S1_C2 train[1] k=5  dim=576  frames=188  σ=0.25  fold=4 ===
  TKSS: k_hat=5  ACC=0.8245  NMI=0.7426  ARI=0.6487  0.1s

=== P1E_S1_C2 train[2] k=5  dim=576  frames=198  σ=0.25  fold=4 ===
  TKSS: k_hat=5  ACC=0.9091  NMI=0.8343  ARI=0.7955  0.0s

=== P1E_S1_C2 train[3] k=5  dim=576  frames=199  σ=0.25  fold=4 ===
  TKSS: k_hat=5  ACC=0.9246  NMI=0.8481  ARI=0.8224  0.0s

=== P1E_S1_C3 train[0] k=5  dim=576  frames=98  σ=0.25  fold=4 ===
  TKSS: k_hat=5  ACC=0.8163  NMI=0.7314  ARI=0.6194  0.0s

=== P1E_S1_C3 train[1] k=5  dim=576  frames=93  σ=0.25  fold=4 ===
  TKSS: k_hat=5  ACC=0.7634  NMI=0.7521  ARI=0.6334  0.0s

=== P1E_S1_C3 train[2] k=5  dim=576  frames=68  σ=0.25  fold=4 ===
  TKSS: k_hat=5  ACC=0.8235  NMI=0.7526  ARI=0.6530  0.0s

=== P1E_S1_C3 train[3] k=5  dim=576  frames=87  σ=0.25  fold=4 ===
  TKSS: k_hat=5  ACC=0.8966  NMI=0.8132  ARI=0.7617  0.0s

=== P1E_S2_C1 train[0] k=5  dim=576  frames=268  σ=0.25  fold=4 ===
  TKSS: k_hat=5  ACC=0.8769  NMI=0.7736  ARI=0.7453  0.4s

=== P1E_S2_C1 train[1] k=5  dim=576  frames=250  σ=0.25  fold=4 ===
  TKSS: k_hat=5  ACC=0.9760  NMI=0.9521  ARI=0.9380  0.2s

=== P1E_S2_C1 train[2] k=5  dim=576  frames=265  σ=0.25  fold=4 ===
  TKSS: k_hat=5  ACC=0.8302  NMI=0.7302  ARI=0.6505  0.1s

=== P1E_S2_C1 train[3] k=5  dim=576  frames=232  σ=0.25  fold=4 ===
  TKSS: k_hat=5  ACC=0.7931  NMI=0.7490  ARI=0.6462  0.1s

=== P1E_S2_C2 train[0] k=5  dim=576  frames=223  σ=0.25  fold=4 ===
  TKSS: k_hat=5  ACC=0.7489  NMI=0.6939  ARI=0.5652  0.2s

=== P1E_S2_C2 train[1] k=5  dim=576  frames=196  σ=0.25  fold=4 ===
  TKSS: k_hat=5  ACC=0.9796  NMI=0.9504  ARI=0.9473  0.2s

=== P1E_S2_C2 train[2] k=5  dim=576  frames=219  σ=0.25  fold=4 ===
  TKSS: k_hat=5  ACC=0.8219  NMI=0.7354  ARI=0.6394  0.0s

=== P1E_S2_C2 train[3] k=5  dim=576  frames=192  σ=0.25  fold=4 ===
  TKSS: k_hat=5  ACC=0.8542  NMI=0.7946  ARI=0.7213  0.2s

=== P1E_S2_C3 train[0] k=5  dim=576  frames=173  σ=0.25  fold=4 ===
  TKSS: k_hat=5  ACC=0.7052  NMI=0.6743  ARI=0.5229  0.0s

=== P1E_S2_C3 train[1] k=5  dim=576  frames=156  σ=0.25  fold=4 ===
  TKSS: k_hat=5  ACC=0.9167  NMI=0.8340  ARI=0.8011  0.0s

=== P1E_S2_C3 train[2] k=5  dim=576  frames=173  σ=0.25  fold=4 ===
  TKSS: k_hat=5  ACC=0.9191  NMI=0.8469  ARI=0.8152  0.0s

=== P1E_S2_C3 train[3] k=5  dim=576  frames=160  σ=0.25  fold=4 ===
  TKSS: k_hat=5  ACC=0.8375  NMI=0.7822  ARI=0.6888  0.0s

=== P1E_S3_C1 train[0] k=5  dim=576  frames=258  σ=0.25  fold=4 ===
  TKSS: k_hat=5  ACC=0.7364  NMI=0.6986  ARI=0.5709  0.1s

=== P1E_S3_C1 train[1] k=5  dim=576  frames=237  σ=0.25  fold=4 ===
  TKSS: k_hat=5  ACC=0.9325  NMI=0.8775  ARI=0.8440  0.0s

=== P1E_S3_C1 train[2] k=5  dim=576  frames=273  σ=0.25  fold=4 ===
  TKSS: k_hat=5  ACC=0.8608  NMI=0.7882  ARI=0.6982  0.2s

=== P1E_S3_C1 train[3] k=5  dim=576  frames=250  σ=0.25  fold=4 ===
  TKSS: k_hat=5  ACC=0.6320  NMI=0.7625  ARI=0.5961  0.2s

=== P1E_S3_C2 train[0] k=5  dim=576  frames=232  σ=0.25  fold=4 ===
  TKSS: k_hat=5  ACC=0.7069  NMI=0.7341  ARI=0.5956  0.1s

=== P1E_S3_C2 train[1] k=5  dim=576  frames=204  σ=0.25  fold=4 ===
  TKSS: k_hat=5  ACC=0.8382  NMI=0.7481  ARI=0.6527  0.0s

=== P1E_S3_C2 train[2] k=5  dim=576  frames=280  σ=0.25  fold=4 ===
  TKSS: k_hat=5  ACC=0.8750  NMI=0.7937  ARI=0.7318  0.1s

=== P1E_S3_C2 train[3] k=5  dim=576  frames=222  σ=0.25  fold=4 ===
  TKSS: k_hat=5  ACC=0.5946  NMI=0.6685  ARI=0.5055  0.0s

=== P1E_S3_C3 train[0] k=5  dim=576  frames=170  σ=0.25  fold=4 ===
  TKSS: k_hat=5  ACC=0.7882  NMI=0.7270  ARI=0.6164  0.0s

=== P1E_S3_C3 train[1] k=5  dim=576  frames=150  σ=0.25  fold=4 ===
  TKSS: k_hat=5  ACC=0.8333  NMI=0.7476  ARI=0.6455  0.0s

=== P1E_S3_C3 train[2] k=5  dim=576  frames=211  σ=0.25  fold=4 ===
  TKSS: k_hat=5  ACC=0.9052  NMI=0.8330  ARI=0.7831  0.1s

=== P1E_S3_C3 train[3] k=5  dim=576  frames=167  σ=0.25  fold=4 ===
  TKSS: k_hat=5  ACC=0.7126  NMI=0.7094  ARI=0.5600  0.1s

=== P1E_S4_C1 train[0] k=5  dim=576  frames=231  σ=0.25  fold=4 ===
  TKSS: k_hat=5  ACC=0.7229  NMI=0.7592  ARI=0.6364  0.2s

=== P1E_S4_C1 train[1] k=5  dim=576  frames=248  σ=0.25  fold=4 ===
  TKSS: k_hat=5  ACC=0.8468  NMI=0.7888  ARI=0.7040  0.1s

=== P1E_S4_C1 train[2] k=5  dim=576  frames=303  σ=0.25  fold=4 ===
  TKSS: k_hat=5  ACC=0.9340  NMI=0.8679  ARI=0.8418  0.2s

=== P1E_S4_C1 train[3] k=5  dim=576  frames=248  σ=0.25  fold=4 ===
  TKSS: k_hat=5  ACC=0.8185  NMI=0.7377  ARI=0.6491  0.0s

=== P1E_S4_C2 train[0] k=5  dim=576  frames=201  σ=0.25  fold=4 ===
  TKSS: k_hat=5  ACC=0.9303  NMI=0.8748  ARI=0.8436  0.0s

=== P1E_S4_C2 train[1] k=5  dim=576  frames=193  σ=0.25  fold=4 ===
  TKSS: k_hat=5  ACC=0.9223  NMI=0.8549  ARI=0.8234  0.1s

=== P1E_S4_C2 train[2] k=5  dim=576  frames=236  σ=0.25  fold=4 ===
  TKSS: k_hat=5  ACC=0.8729  NMI=0.7873  ARI=0.7195  0.0s

=== P1E_S4_C2 train[3] k=5  dim=576  frames=223  σ=0.25  fold=4 ===
  TKSS: k_hat=5  ACC=0.9013  NMI=0.8366  ARI=0.7871  0.1s

=== P1E_S4_C3 train[0] k=5  dim=576  frames=132  σ=0.25  fold=4 ===
  TKSS: k_hat=5  ACC=0.8788  NMI=0.8028  ARI=0.7288  0.0s

=== P1E_S4_C3 train[1] k=5  dim=576  frames=152  σ=0.25  fold=4 ===
  TKSS: k_hat=5  ACC=0.8158  NMI=0.7639  ARI=0.6491  0.0s

=== P1E_S4_C3 train[2] k=5  dim=576  frames=147  σ=0.25  fold=4 ===
  TKSS: k_hat=5  ACC=0.9524  NMI=0.8820  ARI=0.8814  0.0s

=== P1E_S4_C3 train[3] k=5  dim=576  frames=141  σ=0.25  fold=4 ===
  TKSS: k_hat=5  ACC=0.7943  NMI=0.7244  ARI=0.6152  0.0s

=== P1L_S1_C1 train[0] k=5  dim=576  frames=289  σ=0.25  fold=4 ===
  TKSS: k_hat=5  ACC=0.9031  NMI=0.8219  ARI=0.7801  0.1s

=== P1L_S1_C1 train[1] k=5  dim=576  frames=265  σ=0.25  fold=4 ===
  TKSS: k_hat=5  ACC=0.8264  NMI=0.7408  ARI=0.6421  0.2s

=== P1L_S1_C1 train[2] k=5  dim=576  frames=313  σ=0.25  fold=4 ===
  TKSS: k_hat=5  ACC=0.8658  NMI=0.7747  ARI=0.7132  0.4s

=== P1L_S1_C1 train[3] k=5  dim=576  frames=239  σ=0.25  fold=4 ===
  TKSS: k_hat=5  ACC=0.7824  NMI=0.7160  ARI=0.6021  0.0s

=== P1L_S1_C2 train[0] k=5  dim=576  frames=286  σ=0.25  fold=4 ===
  TKSS: k_hat=5  ACC=0.8112  NMI=0.7395  ARI=0.6455  0.1s

=== P1L_S1_C2 train[1] k=5  dim=576  frames=236  σ=0.25  fold=4 ===
  TKSS: k_hat=5  ACC=0.8814  NMI=0.7919  ARI=0.7341  0.0s

=== P1L_S1_C2 train[2] k=5  dim=576  frames=257  σ=0.25  fold=4 ===
  TKSS: k_hat=5  ACC=0.7588  NMI=0.6909  ARI=0.5577  0.1s

=== P1L_S1_C2 train[3] k=5  dim=576  frames=260  σ=0.25  fold=4 ===
  TKSS: k_hat=5  ACC=0.9462  NMI=0.8917  ARI=0.8756  0.1s

=== P1L_S1_C3 train[0] k=5  dim=576  frames=108  σ=0.25  fold=4 ===
  TKSS: k_hat=5  ACC=0.9444  NMI=0.9005  ARI=0.8725  0.0s

=== P1L_S1_C3 train[1] k=5  dim=576  frames=115  σ=0.25  fold=4 ===
  TKSS: k_hat=5  ACC=0.8783  NMI=0.7866  ARI=0.7196  0.0s

=== P1L_S1_C3 train[2] k=5  dim=576  frames=117  σ=0.25  fold=4 ===
  TKSS: k_hat=5  ACC=0.7607  NMI=0.7029  ARI=0.5717  0.0s

=== P1L_S1_C3 train[3] k=5  dim=576  frames=101  σ=0.25  fold=4 ===
  TKSS: k_hat=5  ACC=0.9010  NMI=0.8340  ARI=0.7820  0.0s

=== P1L_S2_C1 train[0] k=5  dim=576  frames=348  σ=0.25  fold=4 ===
  TKSS: k_hat=5  ACC=0.9282  NMI=0.8701  ARI=0.8443  0.3s

=== P1L_S2_C1 train[1] k=5  dim=576  frames=281  σ=0.25  fold=4 ===
  TKSS: k_hat=5  ACC=0.7402  NMI=0.7431  ARI=0.6146  0.2s

=== P1L_S2_C1 train[2] k=5  dim=576  frames=301  σ=0.25  fold=4 ===
  TKSS: k_hat=5  ACC=0.8738  NMI=0.7968  ARI=0.7424  0.1s

=== P1L_S2_C1 train[3] k=5  dim=576  frames=275  σ=0.25  fold=4 ===
  TKSS: k_hat=5  ACC=0.8182  NMI=0.7332  ARI=0.6334  0.1s

=== P1L_S2_C2 train[0] k=5  dim=576  frames=300  σ=0.25  fold=4 ===
  TKSS: k_hat=5  ACC=0.6833  NMI=0.7081  ARI=0.5838  0.2s

=== P1L_S2_C2 train[1] k=5  dim=576  frames=256  σ=0.25  fold=4 ===
  TKSS: k_hat=5  ACC=0.8711  NMI=0.7949  ARI=0.7147  0.1s

=== P1L_S2_C2 train[2] k=5  dim=576  frames=314  σ=0.25  fold=4 ===
  TKSS: k_hat=5  ACC=0.9013  NMI=0.8455  ARI=0.7941  0.1s

=== P1L_S2_C2 train[3] k=5  dim=576  frames=301  σ=0.25  fold=4 ===
  TKSS: k_hat=5  ACC=0.9103  NMI=0.8248  ARI=0.7980  0.1s

=== P1L_S2_C3 train[0] k=5  dim=576  frames=191  σ=0.25  fold=4 ===
  TKSS: k_hat=5  ACC=0.7277  NMI=0.7037  ARI=0.5664  0.0s

=== P1L_S2_C3 train[1] k=5  dim=576  frames=159  σ=0.25  fold=4 ===
  TKSS: k_hat=5  ACC=0.8931  NMI=0.8441  ARI=0.7748  0.0s

=== P1L_S2_C3 train[2] k=5  dim=576  frames=193  σ=0.25  fold=4 ===
  TKSS: k_hat=5  ACC=0.9275  NMI=0.8685  ARI=0.8320  0.0s

=== P1L_S2_C3 train[3] k=5  dim=576  frames=175  σ=0.25  fold=4 ===
  TKSS: k_hat=5  ACC=0.9600  NMI=0.9091  ARI=0.9047  0.1s

=== P1L_S3_C1 train[0] k=5  dim=576  frames=246  σ=0.25  fold=4 ===
  TKSS: k_hat=5  ACC=0.7520  NMI=0.7438  ARI=0.6158  0.1s

=== P1L_S3_C1 train[1] k=5  dim=576  frames=289  σ=0.25  fold=4 ===
  TKSS: k_hat=5  ACC=0.7578  NMI=0.7392  ARI=0.6125  0.1s

=== P1L_S3_C1 train[2] k=5  dim=576  frames=241  σ=0.25  fold=4 ===
  TKSS: k_hat=5  ACC=0.7884  NMI=0.7133  ARI=0.5898  0.1s

=== P1L_S3_C1 train[3] k=5  dim=576  frames=312  σ=0.25  fold=4 ===
  TKSS: k_hat=5  ACC=0.8269  NMI=0.7380  ARI=0.6554  0.1s

=== P1L_S3_C2 train[0] k=5  dim=576  frames=262  σ=0.25  fold=4 ===
  TKSS: k_hat=5  ACC=0.8053  NMI=0.7474  ARI=0.6405  0.1s

=== P1L_S3_C2 train[1] k=5  dim=576  frames=287  σ=0.25  fold=4 ===
  TKSS: k_hat=5  ACC=0.8990  NMI=0.8533  ARI=0.7769  0.2s

=== P1L_S3_C2 train[2] k=5  dim=576  frames=304  σ=0.25  fold=4 ===
  TKSS: k_hat=5  ACC=0.7599  NMI=0.6923  ARI=0.5669  0.1s

=== P1L_S3_C2 train[3] k=5  dim=576  frames=329  σ=0.25  fold=4 ===
  TKSS: k_hat=5  ACC=0.8328  NMI=0.7236  ARI=0.6506  0.4s

=== P1L_S3_C3 train[0] k=5  dim=576  frames=231  σ=0.25  fold=4 ===
  TKSS: k_hat=5  ACC=0.7446  NMI=0.7156  ARI=0.5798  0.1s

=== P1L_S3_C3 train[1] k=5  dim=576  frames=210  σ=0.25  fold=4 ===
  TKSS: k_hat=5  ACC=0.8667  NMI=0.7911  ARI=0.7268  0.0s

=== P1L_S3_C3 train[2] k=5  dim=576  frames=225  σ=0.25  fold=4 ===
  TKSS: k_hat=5  ACC=0.9333  NMI=0.8717  ARI=0.8463  0.1s

=== P1L_S3_C3 train[3] k=5  dim=576  frames=210  σ=0.25  fold=4 ===
  TKSS: k_hat=5  ACC=0.8429  NMI=0.7726  ARI=0.6939  0.0s

=== P1L_S4_C1 train[0] k=5  dim=576  frames=313  σ=0.25  fold=4 ===
  TKSS: k_hat=5  ACC=0.8403  NMI=0.7485  ARI=0.6717  0.1s

=== P1L_S4_C1 train[1] k=5  dim=576  frames=255  σ=0.25  fold=4 ===
  TKSS: k_hat=5  ACC=0.8431  NMI=0.7919  ARI=0.7140  0.1s

=== P1L_S4_C1 train[2] k=5  dim=576  frames=253  σ=0.25  fold=4 ===
  TKSS: k_hat=5  ACC=0.8182  NMI=0.7684  ARI=0.6656  0.1s

=== P1L_S4_C1 train[3] k=5  dim=576  frames=278  σ=0.25  fold=4 ===
  TKSS: k_hat=5  ACC=0.9245  NMI=0.8611  ARI=0.8251  0.1s

=== P1L_S4_C2 train[0] k=5  dim=576  frames=267  σ=0.25  fold=4 ===
  TKSS: k_hat=5  ACC=0.8390  NMI=0.7534  ARI=0.6765  0.1s

=== P1L_S4_C2 train[1] k=5  dim=576  frames=257  σ=0.25  fold=4 ===
  TKSS: k_hat=5  ACC=0.8794  NMI=0.8067  ARI=0.7348  0.1s

=== P1L_S4_C2 train[2] k=5  dim=576  frames=279  σ=0.25  fold=4 ===
  TKSS: k_hat=5  ACC=0.8029  NMI=0.7170  ARI=0.6151  0.1s

=== P1L_S4_C2 train[3] k=5  dim=576  frames=258  σ=0.25  fold=4 ===
  TKSS: k_hat=5  ACC=0.9031  NMI=0.8353  ARI=0.7897  0.1s

=== P1L_S4_C3 train[0] k=5  dim=576  frames=180  σ=0.25  fold=4 ===
  TKSS: k_hat=5  ACC=0.9111  NMI=0.8275  ARI=0.7933  0.0s

=== P1L_S4_C3 train[1] k=5  dim=576  frames=158  σ=0.25  fold=4 ===
  TKSS: k_hat=5  ACC=0.7658  NMI=0.7375  ARI=0.6216  0.0s

=== P1L_S4_C3 train[2] k=5  dim=576  frames=188  σ=0.25  fold=4 ===
  TKSS: k_hat=5  ACC=0.8670  NMI=0.8135  ARI=0.7205  0.0s

=== P1L_S4_C3 train[3] k=5  dim=576  frames=169  σ=0.25  fold=4 ===
  TKSS: k_hat=5  ACC=0.9408  NMI=0.8755  ARI=0.8604  0.0s

=== P1E_S1_C1 test[0] k=5  dim=576  frames=268  σ=0.25  fold=4 ===
  TKSS: k_hat=5  ACC=0.9328  NMI=0.8768  ARI=0.8508  0.2s

=== P1E_S1_C2 test[0] k=5  dim=576  frames=215  σ=0.25  fold=4 ===
  TKSS: k_hat=5  ACC=0.9349  NMI=0.8660  ARI=0.8460  0.1s

=== P1E_S1_C3 test[0] k=5  dim=576  frames=107  σ=0.25  fold=4 ===
  TKSS: k_hat=5  ACC=0.8879  NMI=0.8154  ARI=0.7570  0.0s

=== P1E_S2_C1 test[0] k=5  dim=576  frames=241  σ=0.25  fold=4 ===
  TKSS: k_hat=5  ACC=0.9336  NMI=0.8916  ARI=0.8569  0.1s

=== P1E_S2_C2 test[0] k=5  dim=576  frames=212  σ=0.25  fold=4 ===
  TKSS: k_hat=5  ACC=0.9623  NMI=0.9243  ARI=0.9102  0.1s

=== P1E_S2_C3 test[0] k=5  dim=576  frames=154  σ=0.25  fold=4 ===
  TKSS: k_hat=5  ACC=0.9221  NMI=0.8465  ARI=0.8215  0.0s

=== P1E_S3_C1 test[0] k=5  dim=576  frames=237  σ=0.25  fold=4 ===
  TKSS: k_hat=5  ACC=0.6118  NMI=0.6779  ARI=0.5250  0.1s

=== P1E_S3_C2 test[0] k=5  dim=576  frames=188  σ=0.25  fold=4 ===
  TKSS: k_hat=5  ACC=0.8032  NMI=0.7696  ARI=0.6467  0.1s

=== P1E_S3_C3 test[0] k=5  dim=576  frames=168  σ=0.25  fold=4 ===
  TKSS: k_hat=5  ACC=0.7440  NMI=0.7045  ARI=0.5781  0.0s

=== P1E_S4_C1 test[0] k=5  dim=576  frames=217  σ=0.25  fold=4 ===
  TKSS: k_hat=5  ACC=0.8249  NMI=0.7650  ARI=0.6544  0.1s

=== P1E_S4_C2 test[0] k=5  dim=576  frames=198  σ=0.25  fold=4 ===
  TKSS: k_hat=5  ACC=0.8283  NMI=0.7531  ARI=0.6587  0.0s

=== P1E_S4_C3 test[0] k=5  dim=576  frames=147  σ=0.25  fold=4 ===
  TKSS: k_hat=5  ACC=0.8299  NMI=0.7783  ARI=0.6796  0.0s

=== P1L_S1_C1 test[0] k=5  dim=576  frames=285  σ=0.25  fold=4 ===
  TKSS: k_hat=5  ACC=0.8737  NMI=0.7848  ARI=0.7216  0.1s

=== P1L_S1_C2 test[0] k=5  dim=576  frames=270  σ=0.25  fold=4 ===
  TKSS: k_hat=5  ACC=0.8481  NMI=0.7629  ARI=0.6830  0.1s

=== P1L_S1_C3 test[0] k=5  dim=576  frames=124  σ=0.25  fold=4 ===
  TKSS: k_hat=5  ACC=0.9032  NMI=0.8306  ARI=0.7859  0.0s

=== P1L_S2_C1 test[0] k=5  dim=576  frames=265  σ=0.25  fold=4 ===
  TKSS: k_hat=5  ACC=0.7019  NMI=0.6834  ARI=0.5406  0.1s

=== P1L_S2_C2 test[0] k=5  dim=576  frames=222  σ=0.25  fold=4 ===
  TKSS: k_hat=5  ACC=0.6937  NMI=0.6610  ARI=0.4976  0.0s

=== P1L_S2_C3 test[0] k=5  dim=576  frames=179  σ=0.25  fold=4 ===
  TKSS: k_hat=5  ACC=0.8492  NMI=0.7871  ARI=0.6992  0.1s

=== P1L_S3_C1 test[0] k=5  dim=576  frames=241  σ=0.25  fold=4 ===
  TKSS: k_hat=5  ACC=0.7593  NMI=0.6852  ARI=0.5431  0.0s

=== P1L_S3_C2 test[0] k=5  dim=576  frames=290  σ=0.25  fold=4 ===
  TKSS: k_hat=5  ACC=0.5862  NMI=0.6482  ARI=0.4764  0.3s

=== P1L_S3_C3 test[0] k=5  dim=576  frames=229  σ=0.25  fold=4 ===
  TKSS: k_hat=5  ACC=0.7424  NMI=0.7331  ARI=0.5949  0.1s

=== P1L_S4_C1 test[0] k=5  dim=576  frames=344  σ=0.25  fold=4 ===
  TKSS: k_hat=5  ACC=0.9855  NMI=0.9586  ARI=0.9633  0.2s

=== P1L_S4_C2 test[0] k=5  dim=576  frames=266  σ=0.25  fold=4 ===
  TKSS: k_hat=5  ACC=0.8120  NMI=0.7346  ARI=0.6361  0.1s

=== P1L_S4_C3 test[0] k=5  dim=576  frames=185  σ=0.25  fold=4 ===
  TKSS: k_hat=5  ACC=0.9243  NMI=0.8454  ARI=0.8247  0.0s

=== inference time per method ===
  TKSS: mean=0.1677s  std=0.1921s  total=100.6s  n=600
wrote /nfs/turbo/umms-minjilab/lpullela/icassp_ssc_tv2/block_ssc_benchmark/cv/results/surveillance/split_k5_sigmas_min30_trials20_knownk_cv_tkss_k5_sigma0p25_timing.json

=== mean over matrices ===
  TKSS train σ=0.25: ACC=0.8427  NMI=0.7881  ARI=0.7089  n=480
  TKSS test σ=0.25: ACC=0.8332  NMI=0.7765  ARI=0.6942  n=120

wrote /nfs/turbo/umms-minjilab/lpullela/icassp_ssc_tv2/block_ssc_benchmark/cv/results/surveillance/split_k5_sigmas_min30_trials20_knownk_cv_tkss_k5_sigma0p25.csv
end=Sun Sep  6 21:35:33 EDT 2026
Experiment completed!
