========================================
Job: cv_tkss_k8_s0
Method: TKSS  k: 8  sigma: 0.0  tune_pool_groups: 20
========================================
host=gl3224.arc-ts.umich.edu  python=/home/lpullela/miniconda3/envs/ssc_559/bin/python  start=Sun Sep  6 18:11:48 EDT 2026
Loading P1E_S1_C1
  Y: (576, 1236)  people=25  frames/person=[60, 61, 50, 48, 51, 35, 41, 56, 55, 49, 65, 50, 63, 38, 61, 48, 50, 49, 50, 30, 42, 60, 32, 39, 53]  min=30
Loading P1E_S1_C2
  Y: (576, 1031)  people=25  frames/person=[42, 48, 31, 35, 50, 45, 30, 32, 38, 40, 61, 41, 47, 33, 46, 36, 41, 45, 42, 36, 33, 50, 53, 33, 43]  min=30
Loading P1E_S1_C3
  Y: (576, 453)  people=25  frames/person=[15, 22, 16, 16, 17, 13, 14, 19, 14, 25, 26, 12, 21, 18, 22, 19, 13, 19, 16, 15, 8, 15, 30, 20, 28]  min=8
  warning: 24 people have fewer than 30 available frames (kept all)
Loading P1E_S2_C1
  Y: (576, 1256)  people=25  frames/person=[65, 50, 50, 51, 53, 48, 49, 60, 33, 48, 61, 58, 52, 32, 55, 35, 45, 53, 40, 53, 51, 65, 64, 42, 43]  min=32
Loading P1E_S2_C2
  Y: (576, 1042)  people=25  frames/person=[33, 48, 38, 41, 53, 36, 39, 47, 51, 36, 55, 44, 43, 25, 42, 41, 37, 45, 41, 38, 40, 54, 49, 33, 33]  min=25
  warning: 1 people have fewer than 30 available frames (kept all)
Loading P1E_S2_C3
  Y: (576, 816)  people=25  frames/person=[36, 33, 28, 32, 42, 37, 31, 36, 31, 23, 42, 36, 35, 20, 33, 33, 32, 32, 32, 29, 32, 42, 38, 27, 24]  min=20
  warning: 6 people have fewer than 30 available frames (kept all)
Loading P1E_S3_C1
  Y: (576, 1255)  people=25  frames/person=[43, 39, 47, 52, 58, 96, 42, 31, 79, 33, 67, 55, 44, 34, 40, 48, 54, 77, 45, 41, 46, 53, 56, 38, 37]  min=31
Loading P1E_S3_C2
  Y: (576, 1126)  people=25  frames/person=[57, 56, 35, 40, 49, 75, 34, 40, 70, 26, 65, 54, 43, 28, 32, 43, 48, 31, 36, 33, 42, 71, 57, 30, 31]  min=26
  warning: 2 people have fewer than 30 available frames (kept all)
Loading P1E_S3_C3
  Y: (576, 866)  people=25  frames/person=[43, 36, 24, 33, 37, 47, 29, 37, 55, 18, 40, 40, 31, 22, 30, 39, 35, 45, 30, 28, 30, 50, 42, 20, 25]  min=18
  warning: 7 people have fewer than 30 available frames (kept all)
Loading P1E_S4_C1
  Y: (576, 1247)  people=25  frames/person=[58, 54, 34, 56, 50, 59, 50, 56, 74, 38, 75, 35, 46, 31, 53, 40, 57, 32, 56, 33, 48, 67, 59, 48, 38]  min=31
Loading P1E_S4_C2
  Y: (576, 1051)  people=25  frames/person=[37, 37, 41, 46, 41, 49, 38, 45, 65, 30, 39, 48, 50, 34, 43, 36, 47, 52, 45, 37, 38, 50, 30, 37, 36]  min=30
Loading P1E_S4_C3
  Y: (576, 719)  people=25  frames/person=[28, 29, 22, 29, 24, 36, 31, 29, 33, 25, 37, 19, 28, 21, 25, 27, 25, 41, 27, 29, 26, 31, 45, 29, 23]  min=19
  warning: 18 people have fewer than 30 available frames (kept all)
Loading P1L_S1_C1
  Y: (576, 1391)  people=25  frames/person=[65, 68, 43, 64, 47, 40, 58, 33, 75, 41, 58, 72, 58, 49, 66, 67, 65, 43, 59, 57, 58, 51, 67, 32, 55]  min=32
Loading P1L_S1_C2
  Y: (576, 1309)  people=25  frames/person=[30, 65, 37, 63, 66, 54, 52, 52, 43, 49, 71, 49, 58, 48, 54, 66, 56, 36, 48, 49, 55, 66, 52, 39, 51]  min=30
Loading P1L_S1_C3
  Y: (576, 565)  people=25  frames/person=[27, 29, 20, 26, 19, 25, 22, 12, 28, 25, 20, 25, 23, 18, 21, 23, 25, 26, 23, 21, 18, 18, 30, 18, 23]  min=12
  warning: 24 people have fewer than 30 available frames (kept all)
Loading P1L_S2_C1
  Y: (576, 1470)  people=25  frames/person=[73, 68, 53, 64, 65, 41, 73, 55, 37, 31, 82, 75, 63, 45, 34, 48, 74, 84, 71, 64, 62, 65, 48, 33, 62]  min=31
Loading P1L_S2_C2
  Y: (576, 1393)  people=25  frames/person=[64, 65, 49, 62, 69, 69, 63, 61, 80, 34, 89, 57, 53, 52, 55, 38, 30, 30, 66, 36, 57, 51, 73, 41, 49]  min=30
Loading P1L_S2_C3
  Y: (576, 897)  people=25  frames/person=[40, 36, 29, 28, 35, 37, 36, 36, 50, 28, 55, 46, 34, 31, 35, 32, 30, 48, 37, 29, 36, 39, 45, 19, 26]  min=19
  warning: 6 people have fewer than 30 available frames (kept all)
Loading P1L_S3_C1
  Y: (576, 1329)  people=25  frames/person=[31, 33, 30, 51, 74, 75, 59, 65, 66, 43, 47, 39, 65, 50, 58, 71, 67, 36, 57, 35, 62, 31, 74, 59, 51]  min=30
Loading P1L_S3_C2
  Y: (576, 1472)  people=25  frames/person=[78, 38, 48, 51, 54, 71, 61, 71, 32, 50, 75, 38, 72, 63, 48, 67, 49, 87, 52, 56, 58, 85, 73, 56, 39]  min=32
Loading P1L_S3_C3
  Y: (576, 1105)  people=25  frames/person=[48, 44, 38, 38, 39, 45, 35, 55, 52, 26, 81, 39, 36, 36, 44, 54, 42, 61, 38, 31, 34, 53, 51, 44, 41]  min=26
  warning: 1 people have fewer than 30 available frames (kept all)
Loading P1L_S4_C1
  Y: (576, 1443)  people=25  frames/person=[50, 69, 44, 41, 78, 43, 32, 71, 45, 65, 59, 39, 56, 57, 68, 69, 70, 73, 51, 63, 47, 70, 57, 52, 74]  min=32
Loading P1L_S4_C2
  Y: (576, 1327)  people=25  frames/person=[71, 34, 39, 54, 63, 67, 52, 39, 52, 56, 59, 50, 51, 53, 63, 50, 71, 63, 48, 35, 31, 71, 43, 52, 60]  min=31
Loading P1L_S4_C3
  Y: (576, 880)  people=25  frames/person=[37, 41, 23, 26, 32, 34, 22, 32, 50, 29, 38, 44, 31, 34, 37, 39, 39, 39, 38, 26, 25, 50, 41, 33, 40]  min=22
  warning: 6 people have fewer than 30 available frames (kept all)
sequences=24  people=25  k=8
frames/person ~ Unif[30, 100]
down_hw=24  sigmas=(0.0,)  n_trials=20  known_k=True  csv=split_k8_clean_min30_trials20_knownk_scaled_cv_tkss_k8_sigma0.csv
SSC-Block-TV block_size searched in [2, 12]
CV mode: 3 folds of size 8, each rotated as test
  1 people unused (remainder dropped)
  group 0: ['0004', '0006', '0009', '0013', '0014', '0022', '0026', '0027']
  group 1: ['0001', '0005', '0011', '0015', '0019', '0023', '0024', '0025']
  group 2: ['0003', '0007', '0010', '0012', '0016', '0017', '0020', '0021']
methods=['TKSS']  append=False  hetero_noise=False  no_tune=False
  tune_pool_groups=20: sampling from 17 held-in people (overlap allowed) instead of the 2 fixed partition group(s)

============================================================
σ=0.0 fold=0  test=['0004', '0006', '0009', '0013', '0014', '0022', '0026', '0027']  train mats=48  test mats=24  tune mats=480
  --- tune TKSS over 480 train mats  n_trials=30 (3 params) ---
  TKSS trial 0: mean ARI=0.6854  n=480  370.0s  d=5, lam=1, s=2
  TKSS trial 1: mean ARI=0.6730  n=480  381.4s  d=9, lam=1.398, s=4
  TKSS trial 2: mean ARI=0.6762  n=480  303.0s  d=9, lam=0.1866, s=4
  TKSS trial 3: mean ARI=0.6502  n=480  472.9s  d=7, lam=4.735, s=6
  TKSS trial 4: mean ARI=0.6644  n=480  439.1s  d=6, lam=2.372, s=4
  TKSS trial 5: mean ARI=0.6912  n=480  216.1s  d=9, lam=5.981, s=1
  TKSS trial 6: mean ARI=0.5946  n=480  575.8s  d=2, lam=0.0115, s=5
  TKSS trial 7: mean ARI=0.6675  n=480  412.6s  d=12, lam=4.074, s=6
  TKSS trial 8: mean ARI=0.6724  n=480  320.8s  d=12, lam=0.2423, s=5
  TKSS trial 9: mean ARI=0.5883  n=480  599.4s  d=2, lam=0.8313, s=1
  TKSS trial 10: mean ARI=0.6917  n=480  106.8s  d=15, lam=0.01456, s=2
  TKSS trial 11: mean ARI=0.6917  n=480  107.0s  d=15, lam=0.01211, s=2
  TKSS trial 12: mean ARI=0.6917  n=480  106.5s  d=15, lam=0.01507, s=2
  TKSS trial 13: mean ARI=0.6910  n=480  109.0s  d=15, lam=0.03917, s=2
  TKSS trial 14: mean ARI=0.6897  n=480  130.9s  d=13, lam=0.0318, s=3
  TKSS trial 15: mean ARI=0.6880  n=480  137.1s  d=14, lam=0.05946, s=3
  TKSS trial 16: mean ARI=0.6873  n=480  177.7s  d=12, lam=0.1021, s=3
  TKSS trial 17: mean ARI=0.6919  n=480  105.9s  d=15, lam=0.02131, s=1
  TKSS trial 18: mean ARI=0.6928  n=480  140.1s  d=11, lam=0.02644, s=1
  TKSS trial 19: mean ARI=0.6921  n=480  158.2s  d=10, lam=0.03045, s=1
  TKSS trial 20: mean ARI=0.6922  n=480  158.9s  d=10, lam=0.08471, s=1
  TKSS trial 21: mean ARI=0.6922  n=480  159.2s  d=10, lam=0.08056, s=1
  TKSS trial 22: mean ARI=0.6927  n=480  143.8s  d=11, lam=0.1098, s=1
  TKSS trial 23: mean ARI=0.6925  n=480  152.5s  d=11, lam=0.3337, s=1
  TKSS trial 24: mean ARI=0.6925  n=480  155.0s  d=11, lam=0.428, s=1
  TKSS trial 25: mean ARI=0.6879  n=480  250.6s  d=7, lam=0.1781, s=2
  TKSS trial 26: mean ARI=0.6914  n=480  135.3s  d=13, lam=0.3533, s=1
  TKSS trial 27: mean ARI=0.6889  n=480  217.1s  d=11, lam=0.5413, s=2
  TKSS trial 28: mean ARI=0.6914  n=480  208.5s  d=8, lam=0.1574, s=1
  TKSS trial 29: mean ARI=0.6879  n=480  364.9s  d=4, lam=0.05329, s=2
    best mean ARI=0.6928  tune 7316.2s  d=11, lam=0.02644, s=1
  wrote /nfs/turbo/umms-minjilab/lpullela/icassp_ssc_tv2/block_ssc_benchmark/cv/params/surveillance/split_k8_clean_min30_trials20_knownk_scaled_params_cv_tkss_k8_sigma0_sigma0_fold0.json

=== P1E_S1_C1 train[0] k=8  dim=576  frames=410  σ=0.0  fold=0 ===
  TKSS: k_hat=8  ACC=0.7610  NMI=0.7628  ARI=0.6092  0.5s

=== P1E_S1_C1 train[1] k=8  dim=576  frames=399  σ=0.0  fold=0 ===
  TKSS: k_hat=8  ACC=0.9223  NMI=0.8903  ARI=0.8399  0.2s

=== P1E_S1_C2 train[0] k=8  dim=576  frames=339  σ=0.0  fold=0 ===
  TKSS: k_hat=8  ACC=0.8201  NMI=0.8056  ARI=0.6851  0.3s

=== P1E_S1_C2 train[1] k=8  dim=576  frames=331  σ=0.0  fold=0 ===
  TKSS: k_hat=8  ACC=0.9033  NMI=0.8772  ARI=0.8087  0.3s

=== P1E_S1_C3 train[0] k=8  dim=576  frames=132  σ=0.0  fold=0 ===
  TKSS: k_hat=8  ACC=0.7652  NMI=0.8193  ARI=0.6820  0.0s

=== P1E_S1_C3 train[1] k=8  dim=576  frames=154  σ=0.0  fold=0 ===
  TKSS: k_hat=8  ACC=0.8701  NMI=0.8254  ARI=0.7331  0.0s

=== P1E_S2_C1 train[0] k=8  dim=576  frames=426  σ=0.0  fold=0 ===
  TKSS: k_hat=8  ACC=0.7770  NMI=0.7671  ARI=0.6269  0.4s

=== P1E_S2_C1 train[1] k=8  dim=576  frames=386  σ=0.0  fold=0 ===
  TKSS: k_hat=8  ACC=0.8705  NMI=0.8404  ARI=0.7537  0.5s

=== P1E_S2_C2 train[0] k=8  dim=576  frames=348  σ=0.0  fold=0 ===
  TKSS: k_hat=8  ACC=0.8103  NMI=0.7870  ARI=0.6598  0.3s

=== P1E_S2_C2 train[1] k=8  dim=576  frames=320  σ=0.0  fold=0 ===
  TKSS: k_hat=8  ACC=0.8688  NMI=0.8298  ARI=0.7453  0.4s

=== P1E_S2_C3 train[0] k=8  dim=576  frames=278  σ=0.0  fold=0 ===
  TKSS: k_hat=8  ACC=0.8849  NMI=0.8487  ARI=0.7764  0.2s

=== P1E_S2_C3 train[1] k=8  dim=576  frames=246  σ=0.0  fold=0 ===
  TKSS: k_hat=8  ACC=0.8374  NMI=0.8230  ARI=0.7233  0.2s

=== P1E_S3_C1 train[0] k=8  dim=576  frames=427  σ=0.0  fold=0 ===
  TKSS: k_hat=8  ACC=0.8829  NMI=0.8417  ARI=0.7608  0.4s

=== P1E_S3_C1 train[1] k=8  dim=576  frames=395  σ=0.0  fold=0 ===
  TKSS: k_hat=8  ACC=0.7266  NMI=0.7630  ARI=0.5830  0.2s

=== P1E_S3_C2 train[0] k=8  dim=576  frames=428  σ=0.0  fold=0 ===
  TKSS: k_hat=8  ACC=0.8692  NMI=0.8340  ARI=0.7481  0.3s

=== P1E_S3_C2 train[1] k=8  dim=576  frames=324  σ=0.0  fold=0 ===
  TKSS: k_hat=8  ACC=0.6790  NMI=0.7475  ARI=0.5626  0.4s

=== P1E_S3_C3 train[0] k=8  dim=576  frames=319  σ=0.0  fold=0 ===
  TKSS: k_hat=8  ACC=0.8777  NMI=0.8419  ARI=0.7580  0.3s

=== P1E_S3_C3 train[1] k=8  dim=576  frames=265  σ=0.0  fold=0 ===
  TKSS: k_hat=8  ACC=0.7585  NMI=0.7810  ARI=0.6420  0.1s

=== P1E_S4_C1 train[0] k=8  dim=576  frames=465  σ=0.0  fold=0 ===
  TKSS: k_hat=8  ACC=0.9398  NMI=0.9115  ARI=0.8740  0.6s

=== P1E_S4_C1 train[1] k=8  dim=576  frames=379  σ=0.0  fold=0 ===
  TKSS: k_hat=8  ACC=0.7704  NMI=0.7828  ARI=0.6467  0.5s

=== P1E_S4_C2 train[0] k=8  dim=576  frames=363  σ=0.0  fold=0 ===
  TKSS: k_hat=8  ACC=0.7521  NMI=0.7513  ARI=0.5845  0.1s

=== P1E_S4_C2 train[1] k=8  dim=576  frames=335  σ=0.0  fold=0 ===
  TKSS: k_hat=8  ACC=0.8597  NMI=0.8287  ARI=0.7411  0.3s

=== P1E_S4_C3 train[0] k=8  dim=576  frames=245  σ=0.0  fold=0 ===
  TKSS: k_hat=8  ACC=0.8000  NMI=0.8044  ARI=0.6783  0.1s

=== P1E_S4_C3 train[1] k=8  dim=576  frames=233  σ=0.0  fold=0 ===
  TKSS: k_hat=8  ACC=0.8627  NMI=0.8299  ARI=0.7334  0.2s

=== P1L_S1_C1 train[0] k=8  dim=576  frames=503  σ=0.0  fold=0 ===
  TKSS: k_hat=8  ACC=0.8827  NMI=0.8433  ARI=0.7721  0.2s

=== P1L_S1_C1 train[1] k=8  dim=576  frames=399  σ=0.0  fold=0 ===
  TKSS: k_hat=8  ACC=0.7970  NMI=0.7906  ARI=0.6503  0.3s

=== P1L_S1_C2 train[0] k=8  dim=576  frames=423  σ=0.0  fold=0 ===
  TKSS: k_hat=8  ACC=0.7565  NMI=0.7611  ARI=0.6031  0.5s

=== P1L_S1_C2 train[1] k=8  dim=576  frames=406  σ=0.0  fold=0 ===
  TKSS: k_hat=8  ACC=0.7365  NMI=0.7514  ARI=0.5810  0.3s

=== P1L_S1_C3 train[0] k=8  dim=576  frames=195  σ=0.0  fold=0 ===
  TKSS: k_hat=8  ACC=0.8103  NMI=0.7905  ARI=0.6588  0.1s

=== P1L_S1_C3 train[1] k=8  dim=576  frames=179  σ=0.0  fold=0 ===
  TKSS: k_hat=8  ACC=0.8492  NMI=0.8353  ARI=0.7292  0.1s

=== P1L_S2_C1 train[0] k=8  dim=576  frames=486  σ=0.0  fold=0 ===
  TKSS: k_hat=8  ACC=0.8477  NMI=0.8022  ARI=0.7040  0.7s

=== P1L_S2_C1 train[1] k=8  dim=576  frames=429  σ=0.0  fold=0 ===
  TKSS: k_hat=8  ACC=0.6970  NMI=0.7788  ARI=0.6270  0.5s

=== P1L_S2_C2 train[0] k=8  dim=576  frames=470  σ=0.0  fold=0 ===
  TKSS: k_hat=8  ACC=0.8021  NMI=0.7977  ARI=0.6784  0.2s

=== P1L_S2_C2 train[1] k=8  dim=576  frames=432  σ=0.0  fold=0 ===
  TKSS: k_hat=8  ACC=0.7361  NMI=0.7580  ARI=0.6077  0.5s

=== P1L_S2_C3 train[0] k=8  dim=576  frames=302  σ=0.0  fold=0 ===
  TKSS: k_hat=8  ACC=0.8808  NMI=0.8368  ARI=0.7568  0.2s

=== P1L_S2_C3 train[1] k=8  dim=576  frames=288  σ=0.0  fold=0 ===
  TKSS: k_hat=8  ACC=0.8785  NMI=0.8673  ARI=0.7881  0.1s

=== P1L_S3_C1 train[0] k=8  dim=576  frames=447  σ=0.0  fold=0 ===
  TKSS: k_hat=8  ACC=0.7584  NMI=0.7714  ARI=0.6207  0.6s

=== P1L_S3_C1 train[1] k=8  dim=576  frames=417  σ=0.0  fold=0 ===
  TKSS: k_hat=8  ACC=0.8297  NMI=0.7993  ARI=0.6801  0.4s

=== P1L_S3_C2 train[0] k=8  dim=576  frames=498  σ=0.0  fold=0 ===
  TKSS: k_hat=8  ACC=0.7369  NMI=0.7580  ARI=0.6016  0.7s

=== P1L_S3_C2 train[1] k=8  dim=576  frames=480  σ=0.0  fold=0 ===
  TKSS: k_hat=8  ACC=0.8396  NMI=0.8133  ARI=0.6954  0.2s

=== P1L_S3_C3 train[0] k=8  dim=576  frames=354  σ=0.0  fold=0 ===
  TKSS: k_hat=8  ACC=0.8814  NMI=0.8430  ARI=0.7679  0.3s

=== P1L_S3_C3 train[1] k=8  dim=576  frames=349  σ=0.0  fold=0 ===
  TKSS: k_hat=8  ACC=0.8711  NMI=0.8366  ARI=0.7485  0.4s

=== P1L_S4_C1 train[0] k=8  dim=576  frames=436  σ=0.0  fold=0 ===
  TKSS: k_hat=8  ACC=0.7615  NMI=0.7812  ARI=0.6383  0.5s

=== P1L_S4_C1 train[1] k=8  dim=576  frames=497  σ=0.0  fold=0 ===
  TKSS: k_hat=8  ACC=0.9235  NMI=0.8908  ARI=0.8421  0.5s

=== P1L_S4_C2 train[0] k=8  dim=576  frames=444  σ=0.0  fold=0 ===
  TKSS: k_hat=8  ACC=0.8131  NMI=0.7878  ARI=0.6593  0.4s

=== P1L_S4_C2 train[1] k=8  dim=576  frames=423  σ=0.0  fold=0 ===
  TKSS: k_hat=8  ACC=0.8085  NMI=0.7886  ARI=0.6600  0.4s

=== P1L_S4_C3 train[0] k=8  dim=576  frames=299  σ=0.0  fold=0 ===
  TKSS: k_hat=8  ACC=0.8796  NMI=0.8597  ARI=0.7693  0.3s

=== P1L_S4_C3 train[1] k=8  dim=576  frames=284  σ=0.0  fold=0 ===
  TKSS: k_hat=8  ACC=0.8873  NMI=0.8450  ARI=0.7728  0.1s

=== P1E_S1_C1 test[0] k=8  dim=576  frames=379  σ=0.0  fold=0 ===
  TKSS: k_hat=8  ACC=0.8496  NMI=0.8401  ARI=0.7444  0.3s

=== P1E_S1_C2 test[0] k=8  dim=576  frames=325  σ=0.0  fold=0 ===
  TKSS: k_hat=8  ACC=0.8554  NMI=0.8235  ARI=0.7134  0.1s

=== P1E_S1_C3 test[0] k=8  dim=576  frames=148  σ=0.0  fold=0 ===
  TKSS: k_hat=8  ACC=0.7162  NMI=0.7612  ARI=0.5837  0.0s

=== P1E_S2_C1 test[0] k=8  dim=576  frames=409  σ=0.0  fold=0 ===
  TKSS: k_hat=8  ACC=0.8704  NMI=0.8526  ARI=0.7726  0.5s

=== P1E_S2_C2 test[0] k=8  dim=576  frames=333  σ=0.0  fold=0 ===
  TKSS: k_hat=8  ACC=0.7477  NMI=0.7696  ARI=0.6180  0.1s

=== P1E_S2_C3 test[0] k=8  dim=576  frames=259  σ=0.0  fold=0 ===
  TKSS: k_hat=8  ACC=0.7336  NMI=0.7609  ARI=0.5985  0.1s

=== P1E_S3_C1 test[0] k=8  dim=576  frames=385  σ=0.0  fold=0 ===
  TKSS: k_hat=8  ACC=0.7455  NMI=0.7877  ARI=0.6455  0.2s

=== P1E_S3_C2 test[0] k=8  dim=576  frames=331  σ=0.0  fold=0 ===
  TKSS: k_hat=8  ACC=0.7221  NMI=0.7803  ARI=0.6386  0.7s

=== P1E_S3_C3 test[0] k=8  dim=576  frames=243  σ=0.0  fold=0 ===
  TKSS: k_hat=8  ACC=0.7613  NMI=0.7964  ARI=0.6587  0.1s

=== P1E_S4_C1 test[0] k=8  dim=576  frames=363  σ=0.0  fold=0 ===
  TKSS: k_hat=8  ACC=0.7879  NMI=0.7949  ARI=0.6609  0.3s

=== P1E_S4_C2 test[0] k=8  dim=576  frames=317  σ=0.0  fold=0 ===
  TKSS: k_hat=8  ACC=0.9148  NMI=0.8768  ARI=0.8267  0.2s

=== P1E_S4_C3 test[0] k=8  dim=576  frames=214  σ=0.0  fold=0 ===
  TKSS: k_hat=8  ACC=0.8738  NMI=0.8378  ARI=0.7431  0.1s

=== P1L_S1_C1 test[0] k=8  dim=576  frames=422  σ=0.0  fold=0 ===
  TKSS: k_hat=8  ACC=0.8389  NMI=0.8084  ARI=0.6998  1.2s

=== P1L_S1_C2 test[0] k=8  dim=576  frames=414  σ=0.0  fold=0 ===
  TKSS: k_hat=8  ACC=0.8478  NMI=0.8434  ARI=0.7354  0.3s

=== P1L_S1_C3 test[0] k=8  dim=576  frames=168  σ=0.0  fold=0 ===
  TKSS: k_hat=8  ACC=0.9226  NMI=0.8773  ARI=0.8311  0.0s

=== P1L_S2_C1 test[0] k=8  dim=576  frames=507  σ=0.0  fold=0 ===
  TKSS: k_hat=8  ACC=0.7811  NMI=0.7980  ARI=0.6760  1.7s

=== P1L_S2_C2 test[0] k=8  dim=576  frames=453  σ=0.0  fold=0 ===
  TKSS: k_hat=8  ACC=0.7263  NMI=0.7858  ARI=0.6529  0.6s

=== P1L_S2_C3 test[0] k=8  dim=576  frames=275  σ=0.0  fold=0 ===
  TKSS: k_hat=8  ACC=0.7418  NMI=0.7816  ARI=0.6365  0.2s

=== P1L_S3_C1 test[0] k=8  dim=576  frames=394  σ=0.0  fold=0 ===
  TKSS: k_hat=8  ACC=0.8274  NMI=0.8052  ARI=0.6815  0.3s

=== P1L_S3_C2 test[0] k=8  dim=576  frames=427  σ=0.0  fold=0 ===
  TKSS: k_hat=8  ACC=0.8384  NMI=0.8155  ARI=0.7105  0.5s

=== P1L_S3_C3 test[0] k=8  dim=576  frames=348  σ=0.0  fold=0 ===
  TKSS: k_hat=8  ACC=0.7989  NMI=0.7909  ARI=0.6406  0.3s

=== P1L_S4_C1 test[0] k=8  dim=576  frames=441  σ=0.0  fold=0 ===
  TKSS: k_hat=8  ACC=0.7800  NMI=0.7634  ARI=0.6155  0.2s

=== P1L_S4_C2 test[0] k=8  dim=576  frames=410  σ=0.0  fold=0 ===
  TKSS: k_hat=8  ACC=0.8854  NMI=0.8514  ARI=0.7744  0.5s

=== P1L_S4_C3 test[0] k=8  dim=576  frames=258  σ=0.0  fold=0 ===
  TKSS: k_hat=8  ACC=0.7403  NMI=0.7618  ARI=0.6041  0.3s
  tune_pool_groups=20: sampling from 17 held-in people (overlap allowed) instead of the 2 fixed partition group(s)

============================================================
σ=0.0 fold=1  test=['0001', '0005', '0011', '0015', '0019', '0023', '0024', '0025']  train mats=48  test mats=24  tune mats=480
  --- tune TKSS over 480 train mats  n_trials=30 (3 params) ---
  TKSS trial 0: mean ARI=0.6834  n=480  342.7s  d=5, lam=1, s=2
  TKSS trial 1: mean ARI=0.6769  n=480  349.6s  d=9, lam=1.398, s=4
  TKSS trial 2: mean ARI=0.6800  n=480  279.4s  d=9, lam=0.1866, s=4
  TKSS trial 3: mean ARI=0.6504  n=480  431.5s  d=7, lam=4.735, s=6
  TKSS trial 4: mean ARI=0.6651  n=480  388.8s  d=6, lam=2.372, s=4
  TKSS trial 5: mean ARI=0.6936  n=480  200.2s  d=9, lam=5.981, s=1
  TKSS trial 6: mean ARI=0.6227  n=480  491.6s  d=2, lam=0.0115, s=5
  TKSS trial 7: mean ARI=0.6699  n=480  371.0s  d=12, lam=4.074, s=6
  TKSS trial 8: mean ARI=0.6758  n=480  301.4s  d=12, lam=0.2423, s=5
  TKSS trial 9: mean ARI=0.6212  n=480  502.5s  d=2, lam=0.8313, s=1
  TKSS trial 10: mean ARI=0.6924  n=480  103.9s  d=15, lam=0.01456, s=2
  TKSS trial 11: mean ARI=0.6924  n=480  103.6s  d=15, lam=0.01211, s=2
  TKSS trial 12: mean ARI=0.6927  n=480  107.1s  d=14, lam=0.05267, s=1
  TKSS trial 13: mean ARI=0.6933  n=480  123.3s  d=12, lam=0.05594, s=1
  TKSS trial 14: mean ARI=0.6938  n=480  165.4s  d=11, lam=8.609, s=1
  TKSS trial 15: mean ARI=0.6910  n=480  256.5s  d=9, lam=8.352, s=2
  TKSS trial 16: mean ARI=0.6864  n=480  285.5s  d=10, lam=9.299, s=3
  TKSS trial 17: mean ARI=0.6921  n=480  241.5s  d=7, lam=2.946, s=1
  TKSS trial 18: mean ARI=0.6704  n=480  405.0s  d=4, lam=0.4683, s=3
  TKSS trial 19: mean ARI=0.6938  n=480  162.7s  d=11, lam=5.922, s=1
  TKSS trial 20: mean ARI=0.6868  n=480  273.3s  d=11, lam=1.907, s=3
  TKSS trial 21: mean ARI=0.6939  n=480  148.4s  d=13, lam=5.927, s=1
  TKSS trial 22: mean ARI=0.6939  n=480  149.3s  d=13, lam=9.417, s=1
  TKSS trial 23: mean ARI=0.6946  n=480  220.3s  d=13, lam=9.866, s=2
  TKSS trial 24: mean ARI=0.6946  n=480  225.9s  d=13, lam=3.252, s=2
  TKSS trial 25: mean ARI=0.6943  n=480  487.1s  d=14, lam=2.826, s=2
  TKSS trial 26: mean ARI=0.6943  n=480  473.7s  d=14, lam=2.573, s=2
  TKSS trial 27: mean ARI=0.6899  n=480  401.7s  d=14, lam=0.7011, s=3
  TKSS trial 28: mean ARI=0.6943  n=480  326.0s  d=13, lam=1.551, s=2
  TKSS trial 29: mean ARI=0.6905  n=480  297.1s  d=14, lam=3.325, s=3
    best mean ARI=0.6946  tune 8616.5s  d=13, lam=9.866, s=2
  wrote /nfs/turbo/umms-minjilab/lpullela/icassp_ssc_tv2/block_ssc_benchmark/cv/params/surveillance/split_k8_clean_min30_trials20_knownk_scaled_params_cv_tkss_k8_sigma0_sigma0_fold1.json

=== P1E_S1_C1 train[0] k=8  dim=576  frames=379  σ=0.0  fold=1 ===
  TKSS: k_hat=8  ACC=0.8470  NMI=0.8357  ARI=0.7361  0.4s

=== P1E_S1_C1 train[1] k=8  dim=576  frames=399  σ=0.0  fold=1 ===
  TKSS: k_hat=8  ACC=0.9148  NMI=0.8760  ARI=0.8236  0.8s

=== P1E_S1_C2 train[0] k=8  dim=576  frames=325  σ=0.0  fold=1 ===
  TKSS: k_hat=8  ACC=0.8677  NMI=0.8328  ARI=0.7357  0.6s

=== P1E_S1_C2 train[1] k=8  dim=576  frames=331  σ=0.0  fold=1 ===
  TKSS: k_hat=8  ACC=0.9003  NMI=0.8684  ARI=0.8026  0.3s

=== P1E_S1_C3 train[0] k=8  dim=576  frames=148  σ=0.0  fold=1 ===
  TKSS: k_hat=8  ACC=0.7297  NMI=0.7672  ARI=0.6021  0.1s

=== P1E_S1_C3 train[1] k=8  dim=576  frames=154  σ=0.0  fold=1 ===
  TKSS: k_hat=8  ACC=0.8636  NMI=0.8232  ARI=0.7281  0.1s

=== P1E_S2_C1 train[0] k=8  dim=576  frames=409  σ=0.0  fold=1 ===
  TKSS: k_hat=8  ACC=0.8509  NMI=0.8389  ARI=0.7409  1.1s

=== P1E_S2_C1 train[1] k=8  dim=576  frames=386  σ=0.0  fold=1 ===
  TKSS: k_hat=8  ACC=0.8627  NMI=0.8343  ARI=0.7416  0.8s

=== P1E_S2_C2 train[0] k=8  dim=576  frames=333  σ=0.0  fold=1 ===
  TKSS: k_hat=8  ACC=0.7387  NMI=0.7732  ARI=0.6255  0.6s

=== P1E_S2_C2 train[1] k=8  dim=576  frames=320  σ=0.0  fold=1 ===
  TKSS: k_hat=8  ACC=0.8750  NMI=0.8359  ARI=0.7545  0.7s

=== P1E_S2_C3 train[0] k=8  dim=576  frames=259  σ=0.0  fold=1 ===
  TKSS: k_hat=8  ACC=0.7259  NMI=0.7542  ARI=0.5841  0.2s

=== P1E_S2_C3 train[1] k=8  dim=576  frames=246  σ=0.0  fold=1 ===
  TKSS: k_hat=8  ACC=0.8537  NMI=0.8332  ARI=0.7386  0.4s

=== P1E_S3_C1 train[0] k=8  dim=576  frames=385  σ=0.0  fold=1 ===
  TKSS: k_hat=8  ACC=0.7506  NMI=0.7892  ARI=0.6468  0.8s

=== P1E_S3_C1 train[1] k=8  dim=576  frames=395  σ=0.0  fold=1 ===
  TKSS: k_hat=8  ACC=0.7241  NMI=0.7635  ARI=0.5845  0.6s

=== P1E_S3_C2 train[0] k=8  dim=576  frames=331  σ=0.0  fold=1 ===
  TKSS: k_hat=8  ACC=0.7372  NMI=0.7876  ARI=0.6595  1.4s

=== P1E_S3_C2 train[1] k=8  dim=576  frames=324  σ=0.0  fold=1 ===
  TKSS: k_hat=8  ACC=0.6883  NMI=0.7555  ARI=0.5743  0.4s

=== P1E_S3_C3 train[0] k=8  dim=576  frames=243  σ=0.0  fold=1 ===
  TKSS: k_hat=8  ACC=0.7654  NMI=0.8052  ARI=0.6681  0.2s

=== P1E_S3_C3 train[1] k=8  dim=576  frames=265  σ=0.0  fold=1 ===
  TKSS: k_hat=8  ACC=0.7509  NMI=0.7792  ARI=0.6359  0.3s

=== P1E_S4_C1 train[0] k=8  dim=576  frames=363  σ=0.0  fold=1 ===
  TKSS: k_hat=8  ACC=0.7851  NMI=0.7956  ARI=0.6606  0.5s

=== P1E_S4_C1 train[1] k=8  dim=576  frames=379  σ=0.0  fold=1 ===
  TKSS: k_hat=8  ACC=0.7546  NMI=0.7791  ARI=0.6423  0.7s

=== P1E_S4_C2 train[0] k=8  dim=576  frames=317  σ=0.0  fold=1 ===
  TKSS: k_hat=8  ACC=0.8896  NMI=0.8500  ARI=0.7817  0.4s

=== P1E_S4_C2 train[1] k=8  dim=576  frames=335  σ=0.0  fold=1 ===
  TKSS: k_hat=8  ACC=0.8716  NMI=0.8382  ARI=0.7585  0.6s

=== P1E_S4_C3 train[0] k=8  dim=576  frames=214  σ=0.0  fold=1 ===
  TKSS: k_hat=8  ACC=0.8785  NMI=0.8408  ARI=0.7502  0.1s

=== P1E_S4_C3 train[1] k=8  dim=576  frames=233  σ=0.0  fold=1 ===
  TKSS: k_hat=8  ACC=0.8541  NMI=0.8246  ARI=0.7189  0.1s

=== P1L_S1_C1 train[0] k=8  dim=576  frames=422  σ=0.0  fold=1 ===
  TKSS: k_hat=8  ACC=0.8460  NMI=0.8173  ARI=0.7118  1.3s

=== P1L_S1_C1 train[1] k=8  dim=576  frames=399  σ=0.0  fold=1 ===
  TKSS: k_hat=8  ACC=0.8170  NMI=0.8078  ARI=0.6787  1.5s

=== P1L_S1_C2 train[0] k=8  dim=576  frames=414  σ=0.0  fold=1 ===
  TKSS: k_hat=8  ACC=0.8357  NMI=0.8270  ARI=0.7144  0.6s

=== P1L_S1_C2 train[1] k=8  dim=576  frames=406  σ=0.0  fold=1 ===
  TKSS: k_hat=8  ACC=0.7438  NMI=0.7573  ARI=0.5921  0.6s

=== P1L_S1_C3 train[0] k=8  dim=576  frames=168  σ=0.0  fold=1 ===
  TKSS: k_hat=8  ACC=0.9107  NMI=0.8683  ARI=0.8110  0.1s

=== P1L_S1_C3 train[1] k=8  dim=576  frames=179  σ=0.0  fold=1 ===
  TKSS: k_hat=8  ACC=0.8659  NMI=0.8521  ARI=0.7555  0.1s

=== P1L_S2_C1 train[0] k=8  dim=576  frames=507  σ=0.0  fold=1 ===
  TKSS: k_hat=8  ACC=0.7830  NMI=0.8005  ARI=0.6800  1.7s

=== P1L_S2_C1 train[1] k=8  dim=576  frames=429  σ=0.0  fold=1 ===
  TKSS: k_hat=8  ACC=0.7063  NMI=0.7818  ARI=0.6390  0.7s

=== P1L_S2_C2 train[0] k=8  dim=576  frames=453  σ=0.0  fold=1 ===
  TKSS: k_hat=8  ACC=0.7483  NMI=0.7959  ARI=0.6732  2.2s

=== P1L_S2_C2 train[1] k=8  dim=576  frames=432  σ=0.0  fold=1 ===
  TKSS: k_hat=8  ACC=0.7338  NMI=0.7580  ARI=0.6079  0.6s

=== P1L_S2_C3 train[0] k=8  dim=576  frames=275  σ=0.0  fold=1 ===
  TKSS: k_hat=8  ACC=0.7418  NMI=0.7812  ARI=0.6359  0.2s

=== P1L_S2_C3 train[1] k=8  dim=576  frames=288  σ=0.0  fold=1 ===
  TKSS: k_hat=8  ACC=0.8924  NMI=0.8666  ARI=0.8020  0.6s

=== P1L_S3_C1 train[0] k=8  dim=576  frames=394  σ=0.0  fold=1 ===
  TKSS: k_hat=8  ACC=0.8198  NMI=0.7924  ARI=0.6592  1.2s

=== P1L_S3_C1 train[1] k=8  dim=576  frames=417  σ=0.0  fold=1 ===
  TKSS: k_hat=8  ACC=0.8249  NMI=0.7942  ARI=0.6705  0.9s

=== P1L_S3_C2 train[0] k=8  dim=576  frames=427  σ=0.0  fold=1 ===
  TKSS: k_hat=8  ACC=0.8407  NMI=0.8100  ARI=0.7080  1.8s

=== P1L_S3_C2 train[1] k=8  dim=576  frames=480  σ=0.0  fold=1 ===
  TKSS: k_hat=8  ACC=0.8438  NMI=0.8172  ARI=0.7009  0.7s

=== P1L_S3_C3 train[0] k=8  dim=576  frames=348  σ=0.0  fold=1 ===
  TKSS: k_hat=8  ACC=0.8075  NMI=0.7962  ARI=0.6525  0.5s

=== P1L_S3_C3 train[1] k=8  dim=576  frames=349  σ=0.0  fold=1 ===
  TKSS: k_hat=8  ACC=0.8567  NMI=0.8261  ARI=0.7245  0.5s

=== P1L_S4_C1 train[0] k=8  dim=576  frames=441  σ=0.0  fold=1 ===
  TKSS: k_hat=8  ACC=0.7664  NMI=0.7555  ARI=0.6005  1.2s

=== P1L_S4_C1 train[1] k=8  dim=576  frames=497  σ=0.0  fold=1 ===
  TKSS: k_hat=8  ACC=0.9235  NMI=0.8847  ARI=0.8399  1.4s

=== P1L_S4_C2 train[0] k=8  dim=576  frames=410  σ=0.0  fold=1 ===
  TKSS: k_hat=8  ACC=0.8951  NMI=0.8585  ARI=0.7896  0.4s

=== P1L_S4_C2 train[1] k=8  dim=576  frames=423  σ=0.0  fold=1 ===
  TKSS: k_hat=8  ACC=0.8014  NMI=0.7869  ARI=0.6517  1.1s

=== P1L_S4_C3 train[0] k=8  dim=576  frames=258  σ=0.0  fold=1 ===
  TKSS: k_hat=8  ACC=0.7326  NMI=0.7555  ARI=0.5893  0.2s

=== P1L_S4_C3 train[1] k=8  dim=576  frames=284  σ=0.0  fold=1 ===
  TKSS: k_hat=8  ACC=0.8838  NMI=0.8426  ARI=0.7678  0.2s

=== P1E_S1_C1 test[0] k=8  dim=576  frames=410  σ=0.0  fold=1 ===
  TKSS: k_hat=8  ACC=0.7659  NMI=0.7629  ARI=0.6101  0.4s

=== P1E_S1_C2 test[0] k=8  dim=576  frames=339  σ=0.0  fold=1 ===
  TKSS: k_hat=8  ACC=0.8142  NMI=0.8020  ARI=0.6761  0.3s

=== P1E_S1_C3 test[0] k=8  dim=576  frames=132  σ=0.0  fold=1 ===
  TKSS: k_hat=8  ACC=0.7576  NMI=0.8145  ARI=0.6695  0.1s

=== P1E_S2_C1 test[0] k=8  dim=576  frames=426  σ=0.0  fold=1 ===
  TKSS: k_hat=8  ACC=0.7700  NMI=0.7610  ARI=0.6122  0.7s

=== P1E_S2_C2 test[0] k=8  dim=576  frames=348  σ=0.0  fold=1 ===
  TKSS: k_hat=8  ACC=0.8161  NMI=0.7904  ARI=0.6678  0.5s

=== P1E_S2_C3 test[0] k=8  dim=576  frames=278  σ=0.0  fold=1 ===
  TKSS: k_hat=8  ACC=0.8813  NMI=0.8421  ARI=0.7678  0.2s

=== P1E_S3_C1 test[0] k=8  dim=576  frames=427  σ=0.0  fold=1 ===
  TKSS: k_hat=8  ACC=0.9016  NMI=0.8586  ARI=0.7971  2.3s

=== P1E_S3_C2 test[0] k=8  dim=576  frames=428  σ=0.0  fold=1 ===
  TKSS: k_hat=8  ACC=0.8668  NMI=0.8325  ARI=0.7457  0.4s

=== P1E_S3_C3 test[0] k=8  dim=576  frames=319  σ=0.0  fold=1 ===
  TKSS: k_hat=8  ACC=0.8809  NMI=0.8451  ARI=0.7624  0.1s

=== P1E_S4_C1 test[0] k=8  dim=576  frames=465  σ=0.0  fold=1 ===
  TKSS: k_hat=8  ACC=0.9333  NMI=0.8953  ARI=0.8577  0.9s

=== P1E_S4_C2 test[0] k=8  dim=576  frames=363  σ=0.0  fold=1 ===
  TKSS: k_hat=8  ACC=0.7631  NMI=0.7595  ARI=0.6029  0.5s

=== P1E_S4_C3 test[0] k=8  dim=576  frames=245  σ=0.0  fold=1 ===
  TKSS: k_hat=8  ACC=0.7837  NMI=0.7865  ARI=0.6495  0.3s

=== P1L_S1_C1 test[0] k=8  dim=576  frames=503  σ=0.0  fold=1 ===
  TKSS: k_hat=8  ACC=0.8827  NMI=0.8433  ARI=0.7721  0.3s

=== P1L_S1_C2 test[0] k=8  dim=576  frames=423  σ=0.0  fold=1 ===
  TKSS: k_hat=8  ACC=0.7896  NMI=0.7881  ARI=0.6586  1.7s

=== P1L_S1_C3 test[0] k=8  dim=576  frames=195  σ=0.0  fold=1 ===
  TKSS: k_hat=8  ACC=0.8051  NMI=0.7868  ARI=0.6494  0.1s

=== P1L_S2_C1 test[0] k=8  dim=576  frames=486  σ=0.0  fold=1 ===
  TKSS: k_hat=8  ACC=0.8519  NMI=0.8108  ARI=0.7127  0.9s

=== P1L_S2_C2 test[0] k=8  dim=576  frames=470  σ=0.0  fold=1 ===
  TKSS: k_hat=8  ACC=0.8064  NMI=0.8010  ARI=0.6841  0.4s

=== P1L_S2_C3 test[0] k=8  dim=576  frames=302  σ=0.0  fold=1 ===
  TKSS: k_hat=8  ACC=0.8907  NMI=0.8511  ARI=0.7757  0.4s

=== P1L_S3_C1 test[0] k=8  dim=576  frames=447  σ=0.0  fold=1 ===
  TKSS: k_hat=8  ACC=0.7584  NMI=0.7746  ARI=0.6262  1.0s

=== P1L_S3_C2 test[0] k=8  dim=576  frames=498  σ=0.0  fold=1 ===
  TKSS: k_hat=8  ACC=0.7289  NMI=0.7563  ARI=0.5969  0.5s

=== P1L_S3_C3 test[0] k=8  dim=576  frames=354  σ=0.0  fold=1 ===
  TKSS: k_hat=8  ACC=0.8814  NMI=0.8430  ARI=0.7679  0.3s

=== P1L_S4_C1 test[0] k=8  dim=576  frames=436  σ=0.0  fold=1 ===
  TKSS: k_hat=8  ACC=0.7752  NMI=0.7883  ARI=0.6562  1.0s

=== P1L_S4_C2 test[0] k=8  dim=576  frames=444  σ=0.0  fold=1 ===
  TKSS: k_hat=8  ACC=0.8221  NMI=0.7955  ARI=0.6729  0.6s

=== P1L_S4_C3 test[0] k=8  dim=576  frames=299  σ=0.0  fold=1 ===
  TKSS: k_hat=8  ACC=0.8662  NMI=0.8468  ARI=0.7499  0.2s
  tune_pool_groups=20: sampling from 17 held-in people (overlap allowed) instead of the 2 fixed partition group(s)

============================================================
σ=0.0 fold=2  test=['0003', '0007', '0010', '0012', '0016', '0017', '0020', '0021']  train mats=48  test mats=24  tune mats=480
  --- tune TKSS over 480 train mats  n_trials=30 (3 params) ---
  TKSS trial 0: mean ARI=0.6759  n=480  443.1s  d=5, lam=1, s=2
  TKSS trial 1: mean ARI=0.6701  n=480  440.1s  d=9, lam=1.398, s=4
  TKSS trial 2: mean ARI=0.6715  n=480  362.1s  d=9, lam=0.1866, s=4
  TKSS trial 3: mean ARI=0.6483  n=480  551.0s  d=7, lam=4.735, s=6
  TKSS trial 4: mean ARI=0.6616  n=480  500.5s  d=6, lam=2.372, s=4
  TKSS trial 5: mean ARI=0.6842  n=480  265.7s  d=9, lam=5.981, s=1
  TKSS trial 6: mean ARI=0.5949  n=480  671.1s  d=2, lam=0.0115, s=5
  TKSS trial 7: mean ARI=0.6653  n=480  474.6s  d=12, lam=4.074, s=6
  TKSS trial 8: mean ARI=0.6693  n=480  407.7s  d=12, lam=0.2423, s=5
  TKSS trial 9: mean ARI=0.5929  n=480  661.4s  d=2, lam=0.8313, s=1
  TKSS trial 10: mean ARI=0.6822  n=480  135.8s  d=15, lam=0.01456, s=2
  TKSS trial 11: mean ARI=0.6822  n=480  136.0s  d=15, lam=0.01211, s=2
  TKSS trial 12: mean ARI=0.6825  n=480  138.7s  d=14, lam=0.05267, s=1
  TKSS trial 13: mean ARI=0.6836  n=480  156.1s  d=12, lam=0.05594, s=1
  TKSS trial 14: mean ARI=0.6841  n=480  213.8s  d=11, lam=8.609, s=1
  TKSS trial 15: mean ARI=0.6810  n=480  325.1s  d=9, lam=8.352, s=2
  TKSS trial 16: mean ARI=0.6775  n=480  372.2s  d=10, lam=9.299, s=3
  TKSS trial 17: mean ARI=0.6836  n=480  310.6s  d=7, lam=2.946, s=1
  TKSS trial 18: mean ARI=0.6666  n=480  521.1s  d=4, lam=0.4683, s=3
  TKSS trial 19: mean ARI=0.6842  n=480  212.9s  d=11, lam=5.922, s=1
  TKSS trial 20: mean ARI=0.6814  n=480  359.0s  d=13, lam=1.855, s=3
  TKSS trial 21: mean ARI=0.6839  n=480  240.0s  d=10, lam=5.927, s=1
  TKSS trial 22: mean ARI=0.6841  n=480  213.3s  d=11, lam=9.274, s=1
  TKSS trial 23: mean ARI=0.6792  n=480  350.7s  d=8, lam=3.582, s=2
  TKSS trial 24: mean ARI=0.6841  n=480  213.8s  d=11, lam=4.836, s=1
  TKSS trial 25: mean ARI=0.6838  n=480  269.7s  d=13, lam=2.182, s=2
  TKSS trial 26: mean ARI=0.6839  n=480  240.1s  d=10, lam=5.37, s=1
  TKSS trial 27: mean ARI=0.6829  n=480  288.4s  d=11, lam=1.207, s=2
  TKSS trial 28: mean ARI=0.6844  n=480  266.4s  d=8, lam=0.5381, s=1
  TKSS trial 29: mean ARI=0.6726  n=480  483.7s  d=4, lam=0.7518, s=2
    best mean ARI=0.6844  tune 10225.1s  d=8, lam=0.5381, s=1
  wrote /nfs/turbo/umms-minjilab/lpullela/icassp_ssc_tv2/block_ssc_benchmark/cv/params/surveillance/split_k8_clean_min30_trials20_knownk_scaled_params_cv_tkss_k8_sigma0_sigma0_fold2.json

=== P1E_S1_C1 train[0] k=8  dim=576  frames=379  σ=0.0  fold=2 ===
  TKSS: k_hat=8  ACC=0.8417  NMI=0.8279  ARI=0.7300  0.4s

=== P1E_S1_C1 train[1] k=8  dim=576  frames=410  σ=0.0  fold=2 ===
  TKSS: k_hat=8  ACC=0.7512  NMI=0.7574  ARI=0.5961  0.6s

=== P1E_S1_C2 train[0] k=8  dim=576  frames=325  σ=0.0  fold=2 ===
  TKSS: k_hat=8  ACC=0.8523  NMI=0.8219  ARI=0.7099  0.3s

=== P1E_S1_C2 train[1] k=8  dim=576  frames=339  σ=0.0  fold=2 ===
  TKSS: k_hat=8  ACC=0.8112  NMI=0.8041  ARI=0.6795  0.5s

=== P1E_S1_C3 train[0] k=8  dim=576  frames=148  σ=0.0  fold=2 ===
  TKSS: k_hat=8  ACC=0.7027  NMI=0.7568  ARI=0.5696  0.1s

=== P1E_S1_C3 train[1] k=8  dim=576  frames=132  σ=0.0  fold=2 ===
  TKSS: k_hat=8  ACC=0.7652  NMI=0.8193  ARI=0.6820  0.0s

=== P1E_S2_C1 train[0] k=8  dim=576  frames=409  σ=0.0  fold=2 ===
  TKSS: k_hat=8  ACC=0.8680  NMI=0.8481  ARI=0.7664  0.9s

=== P1E_S2_C1 train[1] k=8  dim=576  frames=426  σ=0.0  fold=2 ===
  TKSS: k_hat=8  ACC=0.7746  NMI=0.7666  ARI=0.6259  0.4s

=== P1E_S2_C2 train[0] k=8  dim=576  frames=333  σ=0.0  fold=2 ===
  TKSS: k_hat=8  ACC=0.7748  NMI=0.7910  ARI=0.6561  0.6s

=== P1E_S2_C2 train[1] k=8  dim=576  frames=348  σ=0.0  fold=2 ===
  TKSS: k_hat=8  ACC=0.8132  NMI=0.7901  ARI=0.6658  0.3s

=== P1E_S2_C3 train[0] k=8  dim=576  frames=259  σ=0.0  fold=2 ===
  TKSS: k_hat=8  ACC=0.7297  NMI=0.7600  ARI=0.5943  0.3s

=== P1E_S2_C3 train[1] k=8  dim=576  frames=278  σ=0.0  fold=2 ===
  TKSS: k_hat=8  ACC=0.8849  NMI=0.8462  ARI=0.7740  0.2s

=== P1E_S3_C1 train[0] k=8  dim=576  frames=385  σ=0.0  fold=2 ===
  TKSS: k_hat=8  ACC=0.7403  NMI=0.7883  ARI=0.6465  0.6s

=== P1E_S3_C1 train[1] k=8  dim=576  frames=427  σ=0.0  fold=2 ===
  TKSS: k_hat=8  ACC=0.8876  NMI=0.8431  ARI=0.7694  1.1s

=== P1E_S3_C2 train[0] k=8  dim=576  frames=331  σ=0.0  fold=2 ===
  TKSS: k_hat=8  ACC=0.7160  NMI=0.7789  ARI=0.6297  0.3s

=== P1E_S3_C2 train[1] k=8  dim=576  frames=428  σ=0.0  fold=2 ===
  TKSS: k_hat=8  ACC=0.8738  NMI=0.8405  ARI=0.7583  0.6s

=== P1E_S3_C3 train[0] k=8  dim=576  frames=243  σ=0.0  fold=2 ===
  TKSS: k_hat=8  ACC=0.7572  NMI=0.7903  ARI=0.6498  0.2s

=== P1E_S3_C3 train[1] k=8  dim=576  frames=319  σ=0.0  fold=2 ===
  TKSS: k_hat=8  ACC=0.8809  NMI=0.8438  ARI=0.7630  0.3s

=== P1E_S4_C1 train[0] k=8  dim=576  frames=363  σ=0.0  fold=2 ===
  TKSS: k_hat=8  ACC=0.7906  NMI=0.7960  ARI=0.6683  0.7s

=== P1E_S4_C1 train[1] k=8  dim=576  frames=465  σ=0.0  fold=2 ===
  TKSS: k_hat=8  ACC=0.9376  NMI=0.9090  ARI=0.8690  0.8s

=== P1E_S4_C2 train[0] k=8  dim=576  frames=317  σ=0.0  fold=2 ===
  TKSS: k_hat=8  ACC=0.9117  NMI=0.8719  ARI=0.8203  0.1s

=== P1E_S4_C2 train[1] k=8  dim=576  frames=363  σ=0.0  fold=2 ===
  TKSS: k_hat=8  ACC=0.7438  NMI=0.7500  ARI=0.5814  0.7s

=== P1E_S4_C3 train[0] k=8  dim=576  frames=214  σ=0.0  fold=2 ===
  TKSS: k_hat=8  ACC=0.8598  NMI=0.8292  ARI=0.7263  0.2s

=== P1E_S4_C3 train[1] k=8  dim=576  frames=245  σ=0.0  fold=2 ===
  TKSS: k_hat=8  ACC=0.8082  NMI=0.8078  ARI=0.6895  0.3s

=== P1L_S1_C1 train[0] k=8  dim=576  frames=422  σ=0.0  fold=2 ===
  TKSS: k_hat=8  ACC=0.8199  NMI=0.7970  ARI=0.6747  0.4s

=== P1L_S1_C1 train[1] k=8  dim=576  frames=503  σ=0.0  fold=2 ===
  TKSS: k_hat=8  ACC=0.8807  NMI=0.8405  ARI=0.7678  0.6s

=== P1L_S1_C2 train[0] k=8  dim=576  frames=414  σ=0.0  fold=2 ===
  TKSS: k_hat=8  ACC=0.8430  NMI=0.8408  ARI=0.7291  0.2s

=== P1L_S1_C2 train[1] k=8  dim=576  frames=423  σ=0.0  fold=2 ===
  TKSS: k_hat=8  ACC=0.7565  NMI=0.7623  ARI=0.6059  0.7s

=== P1L_S1_C3 train[0] k=8  dim=576  frames=168  σ=0.0  fold=2 ===
  TKSS: k_hat=8  ACC=0.9107  NMI=0.8646  ARI=0.8066  0.1s

=== P1L_S1_C3 train[1] k=8  dim=576  frames=195  σ=0.0  fold=2 ===
  TKSS: k_hat=8  ACC=0.8103  NMI=0.7905  ARI=0.6588  0.1s

=== P1L_S2_C1 train[0] k=8  dim=576  frames=507  σ=0.0  fold=2 ===
  TKSS: k_hat=8  ACC=0.7811  NMI=0.7953  ARI=0.6698  1.4s

=== P1L_S2_C1 train[1] k=8  dim=576  frames=486  σ=0.0  fold=2 ===
  TKSS: k_hat=8  ACC=0.8457  NMI=0.7941  ARI=0.7009  0.8s

=== P1L_S2_C2 train[0] k=8  dim=576  frames=453  σ=0.0  fold=2 ===
  TKSS: k_hat=8  ACC=0.7329  NMI=0.7896  ARI=0.6557  1.0s

=== P1L_S2_C2 train[1] k=8  dim=576  frames=470  σ=0.0  fold=2 ===
  TKSS: k_hat=8  ACC=0.8128  NMI=0.8036  ARI=0.6887  1.0s

=== P1L_S2_C3 train[0] k=8  dim=576  frames=275  σ=0.0  fold=2 ===
  TKSS: k_hat=8  ACC=0.7527  NMI=0.7871  ARI=0.6505  0.3s

=== P1L_S2_C3 train[1] k=8  dim=576  frames=302  σ=0.0  fold=2 ===
  TKSS: k_hat=8  ACC=0.8874  NMI=0.8433  ARI=0.7703  0.5s

=== P1L_S3_C1 train[0] k=8  dim=576  frames=394  σ=0.0  fold=2 ===
  TKSS: k_hat=8  ACC=0.8350  NMI=0.8089  ARI=0.6878  0.9s

=== P1L_S3_C1 train[1] k=8  dim=576  frames=447  σ=0.0  fold=2 ===
  TKSS: k_hat=8  ACC=0.7517  NMI=0.7611  ARI=0.6112  1.3s

=== P1L_S3_C2 train[0] k=8  dim=576  frames=427  σ=0.0  fold=2 ===
  TKSS: k_hat=8  ACC=0.8220  NMI=0.8061  ARI=0.6902  0.6s

=== P1L_S3_C2 train[1] k=8  dim=576  frames=498  σ=0.0  fold=2 ===
  TKSS: k_hat=8  ACC=0.7309  NMI=0.7592  ARI=0.6009  1.0s

=== P1L_S3_C3 train[0] k=8  dim=576  frames=348  σ=0.0  fold=2 ===
  TKSS: k_hat=8  ACC=0.7902  NMI=0.7830  ARI=0.6284  0.3s

=== P1L_S3_C3 train[1] k=8  dim=576  frames=354  σ=0.0  fold=2 ===
  TKSS: k_hat=8  ACC=0.8898  NMI=0.8504  ARI=0.7830  0.3s

=== P1L_S4_C1 train[0] k=8  dim=576  frames=441  σ=0.0  fold=2 ===
  TKSS: k_hat=8  ACC=0.7732  NMI=0.7606  ARI=0.6099  1.0s

=== P1L_S4_C1 train[1] k=8  dim=576  frames=436  σ=0.0  fold=2 ===
  TKSS: k_hat=8  ACC=0.7592  NMI=0.7811  ARI=0.6381  0.4s

=== P1L_S4_C2 train[0] k=8  dim=576  frames=410  σ=0.0  fold=2 ===
  TKSS: k_hat=8  ACC=0.8854  NMI=0.8408  ARI=0.7692  1.3s

=== P1L_S4_C2 train[1] k=8  dim=576  frames=444  σ=0.0  fold=2 ===
  TKSS: k_hat=8  ACC=0.8176  NMI=0.8009  ARI=0.6737  0.8s

=== P1L_S4_C3 train[0] k=8  dim=576  frames=258  σ=0.0  fold=2 ===
  TKSS: k_hat=8  ACC=0.7403  NMI=0.7678  ARI=0.6154  0.3s

=== P1L_S4_C3 train[1] k=8  dim=576  frames=299  σ=0.0  fold=2 ===
  TKSS: k_hat=8  ACC=0.8696  NMI=0.8465  ARI=0.7537  0.2s

=== P1E_S1_C1 test[0] k=8  dim=576  frames=399  σ=0.0  fold=2 ===
  TKSS: k_hat=8  ACC=0.9248  NMI=0.8924  ARI=0.8446  0.4s

=== P1E_S1_C2 test[0] k=8  dim=576  frames=331  σ=0.0  fold=2 ===
  TKSS: k_hat=8  ACC=0.8943  NMI=0.8708  ARI=0.7929  0.7s

=== P1E_S1_C3 test[0] k=8  dim=576  frames=154  σ=0.0  fold=2 ===
  TKSS: k_hat=8  ACC=0.8701  NMI=0.8257  ARI=0.7308  0.1s

=== P1E_S2_C1 test[0] k=8  dim=576  frames=386  σ=0.0  fold=2 ===
  TKSS: k_hat=8  ACC=0.8964  NMI=0.8590  ARI=0.7944  0.8s

=== P1E_S2_C2 test[0] k=8  dim=576  frames=320  σ=0.0  fold=2 ===
  TKSS: k_hat=8  ACC=0.8688  NMI=0.8323  ARI=0.7515  0.6s

=== P1E_S2_C3 test[0] k=8  dim=576  frames=246  σ=0.0  fold=2 ===
  TKSS: k_hat=8  ACC=0.8415  NMI=0.8239  ARI=0.7234  0.2s

=== P1E_S3_C1 test[0] k=8  dim=576  frames=395  σ=0.0  fold=2 ===
  TKSS: k_hat=8  ACC=0.7418  NMI=0.7727  ARI=0.6057  0.8s

=== P1E_S3_C2 test[0] k=8  dim=576  frames=324  σ=0.0  fold=2 ===
  TKSS: k_hat=8  ACC=0.6821  NMI=0.7497  ARI=0.5683  0.3s

=== P1E_S3_C3 test[0] k=8  dim=576  frames=265  σ=0.0  fold=2 ===
  TKSS: k_hat=8  ACC=0.7623  NMI=0.7806  ARI=0.6408  0.2s

=== P1E_S4_C1 test[0] k=8  dim=576  frames=379  σ=0.0  fold=2 ===
  TKSS: k_hat=8  ACC=0.7810  NMI=0.7936  ARI=0.6648  0.4s

=== P1E_S4_C2 test[0] k=8  dim=576  frames=335  σ=0.0  fold=2 ===
  TKSS: k_hat=8  ACC=0.8716  NMI=0.8433  ARI=0.7653  0.8s

=== P1E_S4_C3 test[0] k=8  dim=576  frames=233  σ=0.0  fold=2 ===
  TKSS: k_hat=8  ACC=0.8498  NMI=0.8221  ARI=0.7163  0.2s

=== P1L_S1_C1 test[0] k=8  dim=576  frames=399  σ=0.0  fold=2 ===
  TKSS: k_hat=8  ACC=0.7895  NMI=0.7878  ARI=0.6449  0.6s

=== P1L_S1_C2 test[0] k=8  dim=576  frames=406  σ=0.0  fold=2 ===
  TKSS: k_hat=8  ACC=0.7463  NMI=0.7550  ARI=0.5903  0.6s

=== P1L_S1_C3 test[0] k=8  dim=576  frames=179  σ=0.0  fold=2 ===
  TKSS: k_hat=8  ACC=0.8492  NMI=0.8342  ARI=0.7302  0.1s

=== P1L_S2_C1 test[0] k=8  dim=576  frames=429  σ=0.0  fold=2 ===
  TKSS: k_hat=8  ACC=0.6970  NMI=0.7775  ARI=0.6262  0.9s

=== P1L_S2_C2 test[0] k=8  dim=576  frames=432  σ=0.0  fold=2 ===
  TKSS: k_hat=8  ACC=0.7315  NMI=0.7541  ARI=0.5978  0.6s

=== P1L_S2_C3 test[0] k=8  dim=576  frames=288  σ=0.0  fold=2 ===
  TKSS: k_hat=8  ACC=0.8750  NMI=0.8663  ARI=0.7858  0.2s

=== P1L_S3_C1 test[0] k=8  dim=576  frames=417  σ=0.0  fold=2 ===
  TKSS: k_hat=8  ACC=0.8369  NMI=0.8055  ARI=0.6951  1.1s

=== P1L_S3_C2 test[0] k=8  dim=576  frames=480  σ=0.0  fold=2 ===
  TKSS: k_hat=8  ACC=0.8354  NMI=0.8095  ARI=0.6902  0.7s

=== P1L_S3_C3 test[0] k=8  dim=576  frames=349  σ=0.0  fold=2 ===
  TKSS: k_hat=8  ACC=0.8625  NMI=0.8275  ARI=0.7355  0.5s

=== P1L_S4_C1 test[0] k=8  dim=576  frames=497  σ=0.0  fold=2 ===
  TKSS: k_hat=8  ACC=0.9235  NMI=0.8908  ARI=0.8421  0.6s

=== P1L_S4_C2 test[0] k=8  dim=576  frames=423  σ=0.0  fold=2 ===
  TKSS: k_hat=8  ACC=0.8085  NMI=0.7857  ARI=0.6564  0.7s

=== P1L_S4_C3 test[0] k=8  dim=576  frames=284  σ=0.0  fold=2 ===
  TKSS: k_hat=8  ACC=0.8803  NMI=0.8402  ARI=0.7630  0.3s

=== inference time per method ===
  TKSS: mean=0.5075s  std=0.3976s  total=109.6s  n=216
wrote /nfs/turbo/umms-minjilab/lpullela/icassp_ssc_tv2/block_ssc_benchmark/cv/results/surveillance/split_k8_clean_min30_trials20_knownk_scaled_cv_tkss_k8_sigma0_timing.json

=== mean over matrices ===
  TKSS train σ=0.0: ACC=0.8167  NMI=0.8098  ARI=0.6943  n=144
  TKSS test σ=0.0: ACC=0.8183  NMI=0.8111  ARI=0.6967  n=72

wrote /nfs/turbo/umms-minjilab/lpullela/icassp_ssc_tv2/block_ssc_benchmark/cv/results/surveillance/split_k8_clean_min30_trials20_knownk_scaled_cv_tkss_k8_sigma0.csv
end=Mon Sep  7 01:30:29 EDT 2026
Experiment completed!
