========================================
Job: cvb_osc_k3_s0p25
Method: OSC  k: 3  sigma: 0.25  tune_pool_groups: 20
========================================
host=gl3210.arc-ts.umich.edu  python=/home/lpullela/miniconda3/envs/ssc_559/bin/python  start=Sun Sep  6 19:00:47 EDT 2026
=== Ballet Clustering Experiment ===
k=3  n_test=15  n_train_combos=24  n_test_combos=18  n_trials=20  down_hw=30  full_data=False  n_frames ~ Unif[10, 100]  seed=0
hetero_noise=False  sigmas=(0.25,)  append=False  no_tune=False  known_k=True  csv=ballet_cluster_sigmas_0.25_results_knownk_cv_osc_k3_sigma0p25.csv
SSC-Block-TV block_size searched in [2, 12]

Loading 44 sequences once (reused across combinations)
  seq_000001: frames=53  dim=900
  seq_000002: frames=78  dim=900
  seq_000003: frames=13  dim=900
  seq_000004: frames=84  dim=900
  seq_000005: frames=32  dim=900
  seq_000006: frames=89  dim=900
  seq_000007: frames=34  dim=900
  seq_000008: frames=33  dim=900
  seq_000009: frames=68  dim=900
  seq_000010: frames=17  dim=900
  seq_000011: frames=88  dim=900
  seq_000012: frames=86  dim=900
  seq_000013: frames=84  dim=900
  seq_000014: frames=51  dim=900
  seq_000015: frames=21  dim=900
  seq_000016: frames=21  dim=900
  seq_000017: frames=98  dim=900
  seq_000018: frames=44  dim=900
  seq_000019: frames=92  dim=900
  seq_000020: frames=55  dim=900
  seq_000021: frames=11  dim=900
  seq_000022: frames=15  dim=900
  seq_000023: frames=55  dim=900
  seq_000024: frames=20  dim=900
  seq_000025: frames=78  dim=900
  seq_000026: frames=18  dim=900
  seq_000027: frames=36  dim=900
  seq_000028: frames=94  dim=900
  seq_000029: frames=76  dim=900
  seq_000030: frames=39  dim=900
  seq_000031: frames=48  dim=900
  seq_000032: frames=36  dim=900
  seq_000033: frames=48  dim=900
  seq_000034: frames=51  dim=900
  seq_000035: frames=43  dim=900
  seq_000036: frames=80  dim=900
  seq_000037: frames=48  dim=900
  seq_000038: frames=75  dim=900
  seq_000039: frames=89  dim=900
  seq_000040: frames=43  dim=900
  seq_000041: frames=51  dim=900
  seq_000042: frames=80  dim=900
  seq_000043: frames=29  dim=900
  seq_000044: frames=83  dim=900

Methods: ['OSC']
CV mode: 14 folds of size 3, each rotated as test
  2 sequences unused (remainder dropped)
  fold 0: ['seq_000003', 'seq_000005', 'seq_000035']
  fold 1: ['seq_000019', 'seq_000024', 'seq_000033']
  fold 2: ['seq_000002', 'seq_000012', 'seq_000023']
  fold 3: ['seq_000020', 'seq_000022', 'seq_000028']
  fold 4: ['seq_000004', 'seq_000011', 'seq_000042']
  fold 5: ['seq_000017', 'seq_000031', 'seq_000039']
  fold 6: ['seq_000009', 'seq_000021', 'seq_000029']
  fold 7: ['seq_000018', 'seq_000036', 'seq_000043']
  fold 8: ['seq_000001', 'seq_000025', 'seq_000026']
  fold 9: ['seq_000027', 'seq_000040', 'seq_000041']
  fold 10: ['seq_000007', 'seq_000010', 'seq_000037']
  fold 11: ['seq_000013', 'seq_000014', 'seq_000038']
  fold 12: ['seq_000006', 'seq_000008', 'seq_000044']
  fold 13: ['seq_000015', 'seq_000030', 'seq_000034']
  tune_pool_groups=20: sampling from 41 held-in sequences (overlap allowed) instead of the 13 fixed fold group(s)

============================================================
σ=0.25 fold=0  test=['seq_000003', 'seq_000005', 'seq_000035']  train mats=13  test mats=1  tune mats=20
  --- tune OSC over 20 train mats  n_trials=20 (2 params) ---
  OSC trial 0: mean ARI=0.8598  n=20  14.9s  lambda_1=0.1, lambda_2=0.1
  OSC trial 1: mean ARI=0.8423  n=20  31.7s  lambda_1=0.1568, lambda_2=0.7257
  OSC trial 2: mean ARI=0.8046  n=20  33.3s  lambda_1=0.2577, lambda_2=0.1512
  OSC trial 3: mean ARI=0.8610  n=20  13.2s  lambda_1=0.0495, lambda_2=0.3833
  OSC trial 4: mean ARI=0.8610  n=20  13.6s  lambda_1=0.05628, lambda_2=3.691
  OSC trial 5: mean ARI=0.0031  n=20  12.5s  lambda_1=7.156, lambda_2=0.03418
  OSC trial 6: mean ARI=0.0031  n=20  13.2s  lambda_1=1.469, lambda_2=0.1305
  OSC trial 7: mean ARI=0.8412  n=20  13.4s  lambda_1=0.1871, lambda_2=5.039
  OSC trial 8: mean ARI=0.8716  n=20  13.2s  lambda_1=0.001924, lambda_2=0.002231
  OSC trial 9: mean ARI=0.8559  n=20  13.3s  lambda_1=0.001205, lambda_2=2.14
  OSC trial 10: mean ARI=0.8421  n=20  13.7s  lambda_1=0.001206, lambda_2=0.001369
  OSC trial 11: mean ARI=0.8716  n=20  12.6s  lambda_1=0.007921, lambda_2=0.001203
  OSC trial 12: mean ARI=0.8716  n=20  13.8s  lambda_1=0.007443, lambda_2=0.001053
  OSC trial 13: mean ARI=0.8716  n=20  13.1s  lambda_1=0.00784, lambda_2=0.005996
  OSC trial 14: mean ARI=0.8716  n=20  13.8s  lambda_1=0.004957, lambda_2=0.005457
  OSC trial 15: mean ARI=0.8723  n=20  13.8s  lambda_1=0.01673, lambda_2=0.005939
  OSC trial 16: mean ARI=0.8573  n=20  13.1s  lambda_1=0.0217, lambda_2=0.009826
  OSC trial 17: mean ARI=0.8716  n=20  13.6s  lambda_1=0.002574, lambda_2=0.01989
  OSC trial 18: mean ARI=0.8573  n=20  13.6s  lambda_1=0.02295, lambda_2=0.002872
  OSC trial 19: mean ARI=0.8716  n=20  12.6s  lambda_1=0.002763, lambda_2=0.02331
    best mean ARI=0.8723  tune 306.1s  lambda_1=0.01673, lambda_2=0.005939
  wrote /nfs/turbo/umms-minjilab/lpullela/icassp_ssc_tv2/block_ssc_benchmark/cv/params/ballet/ballet_cluster_sigmas_0.25_params_knownk_cv_osc_k3_sigma0p25_sigma0.25_fold0.json

=== train[1] k=3  dim=900  frames=160  σ=0.25  fold=0  seqs=['seq_000019', 'seq_000024', 'seq_000033'] ===
  OSC: k_hat=3  ACC=1.0000  NMI=1.0000  ARI=1.0000  0.5s

=== train[2] k=3  dim=900  frames=219  σ=0.25  fold=0  seqs=['seq_000002', 'seq_000012', 'seq_000023'] ===
  OSC: k_hat=3  ACC=0.6986  NMI=0.6534  ARI=0.4586  0.9s

=== train[3] k=3  dim=900  frames=164  σ=0.25  fold=0  seqs=['seq_000020', 'seq_000022', 'seq_000028'] ===
  OSC: k_hat=3  ACC=0.6829  NMI=0.5707  ARI=0.4547  0.6s

=== train[4] k=3  dim=900  frames=252  σ=0.25  fold=0  seqs=['seq_000004', 'seq_000011', 'seq_000042'] ===
  OSC: k_hat=3  ACC=1.0000  NMI=1.0000  ARI=1.0000  1.1s

=== train[5] k=3  dim=900  frames=235  σ=0.25  fold=0  seqs=['seq_000017', 'seq_000031', 'seq_000039'] ===
  OSC: k_hat=3  ACC=1.0000  NMI=1.0000  ARI=1.0000  1.0s

=== train[6] k=3  dim=900  frames=155  σ=0.25  fold=0  seqs=['seq_000009', 'seq_000021', 'seq_000029'] ===
  OSC: k_hat=3  ACC=1.0000  NMI=1.0000  ARI=1.0000  0.6s

=== train[7] k=3  dim=900  frames=153  σ=0.25  fold=0  seqs=['seq_000018', 'seq_000036', 'seq_000043'] ===
  OSC: k_hat=3  ACC=0.7124  NMI=0.6704  ARI=0.4756  0.5s

=== train[8] k=3  dim=900  frames=149  σ=0.25  fold=0  seqs=['seq_000001', 'seq_000025', 'seq_000026'] ===
  OSC: k_hat=3  ACC=1.0000  NMI=1.0000  ARI=1.0000  0.5s

=== train[9] k=3  dim=900  frames=130  σ=0.25  fold=0  seqs=['seq_000027', 'seq_000040', 'seq_000041'] ===
  OSC: k_hat=3  ACC=0.6077  NMI=0.3775  ARI=0.1762  0.4s

=== train[10] k=3  dim=900  frames=99  σ=0.25  fold=0  seqs=['seq_000007', 'seq_000010', 'seq_000037'] ===
  OSC: k_hat=3  ACC=1.0000  NMI=1.0000  ARI=1.0000  0.4s

=== train[11] k=3  dim=900  frames=210  σ=0.25  fold=0  seqs=['seq_000013', 'seq_000014', 'seq_000038'] ===
  OSC: k_hat=3  ACC=1.0000  NMI=1.0000  ARI=1.0000  0.9s

=== train[12] k=3  dim=900  frames=205  σ=0.25  fold=0  seqs=['seq_000006', 'seq_000008', 'seq_000044'] ===
  OSC: k_hat=3  ACC=1.0000  NMI=1.0000  ARI=1.0000  0.8s

=== train[13] k=3  dim=900  frames=111  σ=0.25  fold=0  seqs=['seq_000015', 'seq_000030', 'seq_000034'] ===
  OSC: k_hat=3  ACC=0.6937  NMI=0.6931  ARI=0.5498  0.4s

=== test[0] k=3  dim=900  frames=88  σ=0.25  fold=0  seqs=['seq_000003', 'seq_000005', 'seq_000035'] ===
  OSC: k_hat=3  ACC=0.6364  NMI=0.6831  ARI=0.5169  0.3s
  tune_pool_groups=20: sampling from 41 held-in sequences (overlap allowed) instead of the 13 fixed fold group(s)

============================================================
σ=0.25 fold=1  test=['seq_000019', 'seq_000024', 'seq_000033']  train mats=13  test mats=1  tune mats=20
  --- tune OSC over 20 train mats  n_trials=20 (2 params) ---
  OSC trial 0: mean ARI=0.8063  n=20  11.5s  lambda_1=0.1, lambda_2=0.1
  OSC trial 1: mean ARI=0.7740  n=20  11.5s  lambda_1=0.1568, lambda_2=0.7257
  OSC trial 2: mean ARI=0.7172  n=20  11.9s  lambda_1=0.2577, lambda_2=0.1512
  OSC trial 3: mean ARI=0.8156  n=20  11.9s  lambda_1=0.0495, lambda_2=0.3833
  OSC trial 4: mean ARI=0.8156  n=20  11.1s  lambda_1=0.05628, lambda_2=3.691
  OSC trial 5: mean ARI=0.0073  n=20  12.4s  lambda_1=7.156, lambda_2=0.03418
  OSC trial 6: mean ARI=0.0073  n=20  13.6s  lambda_1=1.469, lambda_2=0.1305
  OSC trial 7: mean ARI=0.7381  n=20  12.6s  lambda_1=0.1871, lambda_2=5.039
  OSC trial 8: mean ARI=0.7607  n=20  13.8s  lambda_1=0.001924, lambda_2=0.002231
  OSC trial 9: mean ARI=0.7714  n=20  13.3s  lambda_1=0.001205, lambda_2=2.14
  OSC trial 10: mean ARI=0.8001  n=20  14.4s  lambda_1=0.01165, lambda_2=0.001662
  OSC trial 11: mean ARI=0.8044  n=20  13.5s  lambda_1=0.01856, lambda_2=0.9349
  OSC trial 12: mean ARI=0.8044  n=20  13.1s  lambda_1=0.02004, lambda_2=9.099
  OSC trial 13: mean ARI=0.8156  n=20  13.8s  lambda_1=0.0495, lambda_2=0.8617
  OSC trial 14: mean ARI=0.7832  n=20  13.5s  lambda_1=0.005443, lambda_2=0.03282
  OSC trial 15: mean ARI=0.2710  n=20  13.1s  lambda_1=0.7028, lambda_2=0.3466
  OSC trial 16: mean ARI=0.8156  n=20  13.7s  lambda_1=0.04314, lambda_2=3.221
  OSC trial 17: mean ARI=0.5437  n=20  13.4s  lambda_1=0.6215, lambda_2=0.01694
  OSC trial 18: mean ARI=0.7842  n=20  14.0s  lambda_1=0.005002, lambda_2=1.28
  OSC trial 19: mean ARI=0.8156  n=20  13.2s  lambda_1=0.05415, lambda_2=0.3457
    best mean ARI=0.8156  tune 259.4s  lambda_1=0.0495, lambda_2=0.3833
  wrote /nfs/turbo/umms-minjilab/lpullela/icassp_ssc_tv2/block_ssc_benchmark/cv/params/ballet/ballet_cluster_sigmas_0.25_params_knownk_cv_osc_k3_sigma0p25_sigma0.25_fold1.json

=== train[35] k=3  dim=900  frames=88  σ=0.25  fold=1  seqs=['seq_000003', 'seq_000005', 'seq_000035'] ===
  OSC: k_hat=3  ACC=0.6250  NMI=0.6824  ARI=0.5145  0.3s

=== train[36] k=3  dim=900  frames=219  σ=0.25  fold=1  seqs=['seq_000002', 'seq_000012', 'seq_000023'] ===
  OSC: k_hat=3  ACC=0.6986  NMI=0.6534  ARI=0.4586  1.0s

=== train[37] k=3  dim=900  frames=164  σ=0.25  fold=1  seqs=['seq_000020', 'seq_000022', 'seq_000028'] ===
  OSC: k_hat=3  ACC=0.6829  NMI=0.5856  ARI=0.4691  0.6s

=== train[38] k=3  dim=900  frames=252  σ=0.25  fold=1  seqs=['seq_000004', 'seq_000011', 'seq_000042'] ===
  OSC: k_hat=3  ACC=1.0000  NMI=1.0000  ARI=1.0000  1.2s

=== train[39] k=3  dim=900  frames=235  σ=0.25  fold=1  seqs=['seq_000017', 'seq_000031', 'seq_000039'] ===
  OSC: k_hat=3  ACC=0.9957  NMI=0.9789  ARI=0.9885  1.2s

=== train[40] k=3  dim=900  frames=155  σ=0.25  fold=1  seqs=['seq_000009', 'seq_000021', 'seq_000029'] ===
  OSC: k_hat=3  ACC=1.0000  NMI=1.0000  ARI=1.0000  0.6s

=== train[41] k=3  dim=900  frames=153  σ=0.25  fold=1  seqs=['seq_000018', 'seq_000036', 'seq_000043'] ===
  OSC: k_hat=3  ACC=0.7124  NMI=0.6704  ARI=0.4756  0.6s

=== train[42] k=3  dim=900  frames=149  σ=0.25  fold=1  seqs=['seq_000001', 'seq_000025', 'seq_000026'] ===
  OSC: k_hat=3  ACC=1.0000  NMI=1.0000  ARI=1.0000  0.6s

=== train[43] k=3  dim=900  frames=130  σ=0.25  fold=1  seqs=['seq_000027', 'seq_000040', 'seq_000041'] ===
  OSC: k_hat=3  ACC=0.6077  NMI=0.3775  ARI=0.1762  0.5s

=== train[44] k=3  dim=900  frames=99  σ=0.25  fold=1  seqs=['seq_000007', 'seq_000010', 'seq_000037'] ===
  OSC: k_hat=3  ACC=1.0000  NMI=1.0000  ARI=1.0000  0.3s

=== train[45] k=3  dim=900  frames=210  σ=0.25  fold=1  seqs=['seq_000013', 'seq_000014', 'seq_000038'] ===
  OSC: k_hat=3  ACC=0.6143  NMI=0.4012  ARI=0.1795  1.0s

=== train[46] k=3  dim=900  frames=205  σ=0.25  fold=1  seqs=['seq_000006', 'seq_000008', 'seq_000044'] ===
  OSC: k_hat=3  ACC=1.0000  NMI=1.0000  ARI=1.0000  1.0s

=== train[47] k=3  dim=900  frames=111  σ=0.25  fold=1  seqs=['seq_000015', 'seq_000030', 'seq_000034'] ===
  OSC: k_hat=3  ACC=0.6937  NMI=0.6931  ARI=0.5498  0.4s

=== test[34] k=3  dim=900  frames=160  σ=0.25  fold=1  seqs=['seq_000019', 'seq_000024', 'seq_000033'] ===
  OSC: k_hat=3  ACC=1.0000  NMI=1.0000  ARI=1.0000  0.6s
  tune_pool_groups=20: sampling from 41 held-in sequences (overlap allowed) instead of the 13 fixed fold group(s)

============================================================
σ=0.25 fold=2  test=['seq_000002', 'seq_000012', 'seq_000023']  train mats=13  test mats=1  tune mats=20
  --- tune OSC over 20 train mats  n_trials=20 (2 params) ---
  OSC trial 0: mean ARI=0.6835  n=20  14.8s  lambda_1=0.1, lambda_2=0.1
  OSC trial 1: mean ARI=0.6560  n=20  13.8s  lambda_1=0.1568, lambda_2=0.7257
  OSC trial 2: mean ARI=0.5968  n=20  13.5s  lambda_1=0.2577, lambda_2=0.1512
  OSC trial 3: mean ARI=0.6848  n=20  13.7s  lambda_1=0.0495, lambda_2=0.3833
  OSC trial 4: mean ARI=0.6848  n=20  14.3s  lambda_1=0.05628, lambda_2=3.691
  OSC trial 5: mean ARI=0.0118  n=20  15.0s  lambda_1=7.156, lambda_2=0.03418
  OSC trial 6: mean ARI=0.0118  n=20  13.6s  lambda_1=1.469, lambda_2=0.1305
  OSC trial 7: mean ARI=0.6451  n=20  14.5s  lambda_1=0.1871, lambda_2=5.039
  OSC trial 8: mean ARI=0.6430  n=20  14.8s  lambda_1=0.001924, lambda_2=0.002231
  OSC trial 9: mean ARI=0.6339  n=20  14.0s  lambda_1=0.001205, lambda_2=2.14
  OSC trial 10: mean ARI=0.6774  n=20  14.7s  lambda_1=0.01165, lambda_2=0.001662
  OSC trial 11: mean ARI=0.6753  n=20  14.7s  lambda_1=0.01856, lambda_2=0.9349
  OSC trial 12: mean ARI=0.6753  n=20  14.5s  lambda_1=0.02004, lambda_2=9.099
  OSC trial 13: mean ARI=0.6848  n=20  14.1s  lambda_1=0.0495, lambda_2=0.8617
  OSC trial 14: mean ARI=0.6783  n=20  14.7s  lambda_1=0.005443, lambda_2=0.03282
  OSC trial 15: mean ARI=0.1907  n=20  14.2s  lambda_1=0.7028, lambda_2=0.3466
  OSC trial 16: mean ARI=0.6848  n=20  13.8s  lambda_1=0.04314, lambda_2=3.221
  OSC trial 17: mean ARI=0.4200  n=20  14.0s  lambda_1=0.6215, lambda_2=0.01694
  OSC trial 18: mean ARI=0.6742  n=20  13.8s  lambda_1=0.005002, lambda_2=1.28
  OSC trial 19: mean ARI=0.6848  n=20  14.8s  lambda_1=0.05415, lambda_2=0.3457
    best mean ARI=0.6848  tune 285.3s  lambda_1=0.0495, lambda_2=0.3833
  wrote /nfs/turbo/umms-minjilab/lpullela/icassp_ssc_tv2/block_ssc_benchmark/cv/params/ballet/ballet_cluster_sigmas_0.25_params_knownk_cv_osc_k3_sigma0p25_sigma0.25_fold2.json

=== train[69] k=3  dim=900  frames=88  σ=0.25  fold=2  seqs=['seq_000003', 'seq_000005', 'seq_000035'] ===
  OSC: k_hat=3  ACC=0.6250  NMI=0.6824  ARI=0.5145  0.3s

=== train[70] k=3  dim=900  frames=160  σ=0.25  fold=2  seqs=['seq_000019', 'seq_000024', 'seq_000033'] ===
  OSC: k_hat=3  ACC=1.0000  NMI=1.0000  ARI=1.0000  0.6s

=== train[71] k=3  dim=900  frames=164  σ=0.25  fold=2  seqs=['seq_000020', 'seq_000022', 'seq_000028'] ===
  OSC: k_hat=3  ACC=0.6951  NMI=0.5879  ARI=0.4779  0.7s

=== train[72] k=3  dim=900  frames=252  σ=0.25  fold=2  seqs=['seq_000004', 'seq_000011', 'seq_000042'] ===
  OSC: k_hat=3  ACC=1.0000  NMI=1.0000  ARI=1.0000  1.3s

=== train[73] k=3  dim=900  frames=235  σ=0.25  fold=2  seqs=['seq_000017', 'seq_000031', 'seq_000039'] ===
  OSC: k_hat=3  ACC=1.0000  NMI=1.0000  ARI=1.0000  1.1s

=== train[74] k=3  dim=900  frames=155  σ=0.25  fold=2  seqs=['seq_000009', 'seq_000021', 'seq_000029'] ===
  OSC: k_hat=3  ACC=1.0000  NMI=1.0000  ARI=1.0000  0.6s

=== train[75] k=3  dim=900  frames=153  σ=0.25  fold=2  seqs=['seq_000018', 'seq_000036', 'seq_000043'] ===
  OSC: k_hat=3  ACC=0.7124  NMI=0.6704  ARI=0.4756  0.6s

=== train[76] k=3  dim=900  frames=149  σ=0.25  fold=2  seqs=['seq_000001', 'seq_000025', 'seq_000026'] ===
  OSC: k_hat=3  ACC=1.0000  NMI=1.0000  ARI=1.0000  0.5s

=== train[77] k=3  dim=900  frames=130  σ=0.25  fold=2  seqs=['seq_000027', 'seq_000040', 'seq_000041'] ===
  OSC: k_hat=3  ACC=0.6000  NMI=0.3726  ARI=0.1730  0.4s

=== train[78] k=3  dim=900  frames=99  σ=0.25  fold=2  seqs=['seq_000007', 'seq_000010', 'seq_000037'] ===
  OSC: k_hat=3  ACC=1.0000  NMI=1.0000  ARI=1.0000  0.3s

=== train[79] k=3  dim=900  frames=210  σ=0.25  fold=2  seqs=['seq_000013', 'seq_000014', 'seq_000038'] ===
  OSC: k_hat=3  ACC=0.6048  NMI=0.3944  ARI=0.1718  0.9s

=== train[80] k=3  dim=900  frames=205  σ=0.25  fold=2  seqs=['seq_000006', 'seq_000008', 'seq_000044'] ===
  OSC: k_hat=3  ACC=0.9951  NMI=0.9761  ARI=0.9877  0.9s

=== train[81] k=3  dim=900  frames=111  σ=0.25  fold=2  seqs=['seq_000015', 'seq_000030', 'seq_000034'] ===
  OSC: k_hat=3  ACC=0.6937  NMI=0.6931  ARI=0.5498  0.4s

=== test[68] k=3  dim=900  frames=219  σ=0.25  fold=2  seqs=['seq_000002', 'seq_000012', 'seq_000023'] ===
  OSC: k_hat=3  ACC=0.6986  NMI=0.6534  ARI=0.4586  1.0s
  tune_pool_groups=20: sampling from 41 held-in sequences (overlap allowed) instead of the 13 fixed fold group(s)

============================================================
σ=0.25 fold=3  test=['seq_000020', 'seq_000022', 'seq_000028']  train mats=13  test mats=1  tune mats=20
  --- tune OSC over 20 train mats  n_trials=20 (2 params) ---
  OSC trial 0: mean ARI=0.7912  n=20  14.0s  lambda_1=0.1, lambda_2=0.1
  OSC trial 1: mean ARI=0.7915  n=20  14.2s  lambda_1=0.1568, lambda_2=0.7257
  OSC trial 2: mean ARI=0.6751  n=20  13.7s  lambda_1=0.2577, lambda_2=0.1512
  OSC trial 3: mean ARI=0.7997  n=20  13.4s  lambda_1=0.0495, lambda_2=0.3833
  OSC trial 4: mean ARI=0.7913  n=20  13.8s  lambda_1=0.05628, lambda_2=3.691
  OSC trial 5: mean ARI=0.0062  n=20  14.0s  lambda_1=7.156, lambda_2=0.03418
  OSC trial 6: mean ARI=0.0062  n=20  14.0s  lambda_1=1.469, lambda_2=0.1305
  OSC trial 7: mean ARI=0.7200  n=20  13.5s  lambda_1=0.1871, lambda_2=5.039
  OSC trial 8: mean ARI=0.8212  n=20  14.6s  lambda_1=0.001924, lambda_2=0.002231
  OSC trial 9: mean ARI=0.8063  n=20  14.1s  lambda_1=0.001205, lambda_2=2.14
  OSC trial 10: mean ARI=0.8212  n=20  13.8s  lambda_1=0.001206, lambda_2=0.001369
  OSC trial 11: mean ARI=0.8212  n=20  14.4s  lambda_1=0.001211, lambda_2=0.001203
  OSC trial 12: mean ARI=0.8126  n=20  13.8s  lambda_1=0.007272, lambda_2=0.001053
  OSC trial 13: mean ARI=0.8126  n=20  14.6s  lambda_1=0.00784, lambda_2=0.006337
  OSC trial 14: mean ARI=0.8129  n=20  14.1s  lambda_1=0.004685, lambda_2=0.005457
  OSC trial 15: mean ARI=0.8203  n=20  14.6s  lambda_1=0.003237, lambda_2=0.005769
  OSC trial 16: mean ARI=0.7970  n=20  14.6s  lambda_1=0.0217, lambda_2=0.01369
  OSC trial 17: mean ARI=0.8212  n=20  13.8s  lambda_1=0.001073, lambda_2=0.002365
  OSC trial 18: mean ARI=0.8187  n=20  13.8s  lambda_1=0.0125, lambda_2=0.02409
  OSC trial 19: mean ARI=0.8203  n=20  14.4s  lambda_1=0.002983, lambda_2=0.002733
    best mean ARI=0.8212  tune 281.4s  lambda_1=0.001924, lambda_2=0.002231
  wrote /nfs/turbo/umms-minjilab/lpullela/icassp_ssc_tv2/block_ssc_benchmark/cv/params/ballet/ballet_cluster_sigmas_0.25_params_knownk_cv_osc_k3_sigma0p25_sigma0.25_fold3.json

=== train[103] k=3  dim=900  frames=88  σ=0.25  fold=3  seqs=['seq_000003', 'seq_000005', 'seq_000035'] ===
  OSC: k_hat=3  ACC=0.6250  NMI=0.6824  ARI=0.5145  0.3s

=== train[104] k=3  dim=900  frames=160  σ=0.25  fold=3  seqs=['seq_000019', 'seq_000024', 'seq_000033'] ===
  OSC: k_hat=3  ACC=1.0000  NMI=1.0000  ARI=1.0000  0.6s

=== train[105] k=3  dim=900  frames=219  σ=0.25  fold=3  seqs=['seq_000002', 'seq_000012', 'seq_000023'] ===
  OSC: k_hat=3  ACC=0.6986  NMI=0.6534  ARI=0.4586  1.0s

=== train[106] k=3  dim=900  frames=252  σ=0.25  fold=3  seqs=['seq_000004', 'seq_000011', 'seq_000042'] ===
  OSC: k_hat=3  ACC=1.0000  NMI=1.0000  ARI=1.0000  1.3s

=== train[107] k=3  dim=900  frames=235  σ=0.25  fold=3  seqs=['seq_000017', 'seq_000031', 'seq_000039'] ===
  OSC: k_hat=3  ACC=1.0000  NMI=1.0000  ARI=1.0000  1.2s

=== train[108] k=3  dim=900  frames=155  σ=0.25  fold=3  seqs=['seq_000009', 'seq_000021', 'seq_000029'] ===
  OSC: k_hat=3  ACC=1.0000  NMI=1.0000  ARI=1.0000  0.6s

=== train[109] k=3  dim=900  frames=153  σ=0.25  fold=3  seqs=['seq_000018', 'seq_000036', 'seq_000043'] ===
  OSC: k_hat=3  ACC=0.7059  NMI=0.6688  ARI=0.4727  0.6s

=== train[110] k=3  dim=900  frames=149  σ=0.25  fold=3  seqs=['seq_000001', 'seq_000025', 'seq_000026'] ===
  OSC: k_hat=3  ACC=1.0000  NMI=1.0000  ARI=1.0000  0.6s

=== train[111] k=3  dim=900  frames=130  σ=0.25  fold=3  seqs=['seq_000027', 'seq_000040', 'seq_000041'] ===
  OSC: k_hat=3  ACC=0.5846  NMI=0.3473  ARI=0.1444  0.5s

=== train[112] k=3  dim=900  frames=99  σ=0.25  fold=3  seqs=['seq_000007', 'seq_000010', 'seq_000037'] ===
  OSC: k_hat=3  ACC=1.0000  NMI=1.0000  ARI=1.0000  0.3s

=== train[113] k=3  dim=900  frames=210  σ=0.25  fold=3  seqs=['seq_000013', 'seq_000014', 'seq_000038'] ===
  OSC: k_hat=3  ACC=1.0000  NMI=1.0000  ARI=1.0000  1.0s

=== train[114] k=3  dim=900  frames=205  σ=0.25  fold=3  seqs=['seq_000006', 'seq_000008', 'seq_000044'] ===
  OSC: k_hat=3  ACC=1.0000  NMI=1.0000  ARI=1.0000  1.0s

=== train[115] k=3  dim=900  frames=111  σ=0.25  fold=3  seqs=['seq_000015', 'seq_000030', 'seq_000034'] ===
  OSC: k_hat=3  ACC=1.0000  NMI=1.0000  ARI=1.0000  0.4s

=== test[102] k=3  dim=900  frames=164  σ=0.25  fold=3  seqs=['seq_000020', 'seq_000022', 'seq_000028'] ===
  OSC: k_hat=3  ACC=0.6768  NMI=0.5697  ARI=0.4506  0.7s
  tune_pool_groups=20: sampling from 41 held-in sequences (overlap allowed) instead of the 13 fixed fold group(s)

============================================================
σ=0.25 fold=4  test=['seq_000004', 'seq_000011', 'seq_000042']  train mats=13  test mats=1  tune mats=20
  --- tune OSC over 20 train mats  n_trials=20 (2 params) ---
  OSC trial 0: mean ARI=0.7222  n=20  13.2s  lambda_1=0.1, lambda_2=0.1
  OSC trial 1: mean ARI=0.7124  n=20  12.8s  lambda_1=0.1568, lambda_2=0.7257
  OSC trial 2: mean ARI=0.6373  n=20  13.4s  lambda_1=0.2577, lambda_2=0.1512
  OSC trial 3: mean ARI=0.7169  n=20  13.3s  lambda_1=0.0495, lambda_2=0.3833
  OSC trial 4: mean ARI=0.7086  n=20  12.6s  lambda_1=0.05628, lambda_2=3.691
  OSC trial 5: mean ARI=0.0132  n=20  12.9s  lambda_1=7.156, lambda_2=0.03418
  OSC trial 6: mean ARI=0.0132  n=20  12.6s  lambda_1=1.469, lambda_2=0.1305
  OSC trial 7: mean ARI=0.7112  n=20  13.0s  lambda_1=0.1871, lambda_2=5.039
  OSC trial 8: mean ARI=0.7296  n=20  13.4s  lambda_1=0.001924, lambda_2=0.002231
  OSC trial 9: mean ARI=0.7291  n=20  12.9s  lambda_1=0.001205, lambda_2=2.14
  OSC trial 10: mean ARI=0.7296  n=20  13.7s  lambda_1=0.001206, lambda_2=0.001369
  OSC trial 11: mean ARI=0.7296  n=20  13.5s  lambda_1=0.001211, lambda_2=0.001203
  OSC trial 12: mean ARI=0.7296  n=20  13.0s  lambda_1=0.007272, lambda_2=0.001053
  OSC trial 13: mean ARI=0.7291  n=20  13.0s  lambda_1=0.00784, lambda_2=0.006337
  OSC trial 14: mean ARI=0.7296  n=20  13.0s  lambda_1=0.004685, lambda_2=0.005457
  OSC trial 15: mean ARI=0.7296  n=20  13.4s  lambda_1=0.003237, lambda_2=0.005769
  OSC trial 16: mean ARI=0.7301  n=20  12.9s  lambda_1=0.0217, lambda_2=0.01369
  OSC trial 17: mean ARI=0.7301  n=20  12.9s  lambda_1=0.02023, lambda_2=0.01989
  OSC trial 18: mean ARI=0.7302  n=20  13.6s  lambda_1=0.01583, lambda_2=0.02409
  OSC trial 19: mean ARI=0.7301  n=20  13.2s  lambda_1=0.02052, lambda_2=0.02331
    best mean ARI=0.7302  tune 262.2s  lambda_1=0.01583, lambda_2=0.02409
  wrote /nfs/turbo/umms-minjilab/lpullela/icassp_ssc_tv2/block_ssc_benchmark/cv/params/ballet/ballet_cluster_sigmas_0.25_params_knownk_cv_osc_k3_sigma0p25_sigma0.25_fold4.json

=== train[137] k=3  dim=900  frames=88  σ=0.25  fold=4  seqs=['seq_000003', 'seq_000005', 'seq_000035'] ===
  OSC: k_hat=3  ACC=0.6932  NMI=0.5033  ARI=0.3118  0.3s

=== train[138] k=3  dim=900  frames=160  σ=0.25  fold=4  seqs=['seq_000019', 'seq_000024', 'seq_000033'] ===
  OSC: k_hat=3  ACC=1.0000  NMI=1.0000  ARI=1.0000  0.6s

=== train[139] k=3  dim=900  frames=219  σ=0.25  fold=4  seqs=['seq_000002', 'seq_000012', 'seq_000023'] ===
  OSC: k_hat=3  ACC=0.6986  NMI=0.6534  ARI=0.4586  1.0s

=== train[140] k=3  dim=900  frames=164  σ=0.25  fold=4  seqs=['seq_000020', 'seq_000022', 'seq_000028'] ===
  OSC: k_hat=3  ACC=0.6829  NMI=0.5569  ARI=0.4406  0.6s

=== train[141] k=3  dim=900  frames=235  σ=0.25  fold=4  seqs=['seq_000017', 'seq_000031', 'seq_000039'] ===
  OSC: k_hat=3  ACC=1.0000  NMI=1.0000  ARI=1.0000  1.1s

=== train[142] k=3  dim=900  frames=155  σ=0.25  fold=4  seqs=['seq_000009', 'seq_000021', 'seq_000029'] ===
  OSC: k_hat=3  ACC=1.0000  NMI=1.0000  ARI=1.0000  0.6s

=== train[143] k=3  dim=900  frames=153  σ=0.25  fold=4  seqs=['seq_000018', 'seq_000036', 'seq_000043'] ===
  OSC: k_hat=3  ACC=0.7124  NMI=0.6704  ARI=0.4756  0.6s

=== train[144] k=3  dim=900  frames=149  σ=0.25  fold=4  seqs=['seq_000001', 'seq_000025', 'seq_000026'] ===
  OSC: k_hat=3  ACC=1.0000  NMI=1.0000  ARI=1.0000  0.5s

=== train[145] k=3  dim=900  frames=130  σ=0.25  fold=4  seqs=['seq_000027', 'seq_000040', 'seq_000041'] ===
  OSC: k_hat=3  ACC=0.5923  NMI=0.3598  ARI=0.1583  0.4s

=== train[146] k=3  dim=900  frames=99  σ=0.25  fold=4  seqs=['seq_000007', 'seq_000010', 'seq_000037'] ===
  OSC: k_hat=3  ACC=1.0000  NMI=1.0000  ARI=1.0000  0.3s

=== train[147] k=3  dim=900  frames=210  σ=0.25  fold=4  seqs=['seq_000013', 'seq_000014', 'seq_000038'] ===
  OSC: k_hat=3  ACC=1.0000  NMI=1.0000  ARI=1.0000  1.0s

=== train[148] k=3  dim=900  frames=205  σ=0.25  fold=4  seqs=['seq_000006', 'seq_000008', 'seq_000044'] ===
  OSC: k_hat=3  ACC=1.0000  NMI=1.0000  ARI=1.0000  0.9s

=== train[149] k=3  dim=900  frames=111  σ=0.25  fold=4  seqs=['seq_000015', 'seq_000030', 'seq_000034'] ===
  OSC: k_hat=3  ACC=0.6847  NMI=0.6900  ARI=0.5406  0.4s

=== test[136] k=3  dim=900  frames=252  σ=0.25  fold=4  seqs=['seq_000004', 'seq_000011', 'seq_000042'] ===
  OSC: k_hat=3  ACC=1.0000  NMI=1.0000  ARI=1.0000  1.3s
  tune_pool_groups=20: sampling from 41 held-in sequences (overlap allowed) instead of the 13 fixed fold group(s)

============================================================
σ=0.25 fold=5  test=['seq_000017', 'seq_000031', 'seq_000039']  train mats=13  test mats=1  tune mats=20
  --- tune OSC over 20 train mats  n_trials=20 (2 params) ---
  OSC trial 0: mean ARI=0.7419  n=20  12.0s  lambda_1=0.1, lambda_2=0.1
  OSC trial 1: mean ARI=0.7095  n=20  11.9s  lambda_1=0.1568, lambda_2=0.7257
  OSC trial 2: mean ARI=0.6393  n=20  12.2s  lambda_1=0.2577, lambda_2=0.1512
  OSC trial 3: mean ARI=0.7161  n=20  12.1s  lambda_1=0.0495, lambda_2=0.3833
  OSC trial 4: mean ARI=0.7155  n=20  12.1s  lambda_1=0.05628, lambda_2=3.691
  OSC trial 5: mean ARI=0.0107  n=20  12.4s  lambda_1=7.156, lambda_2=0.03418
  OSC trial 6: mean ARI=0.0107  n=20  12.4s  lambda_1=1.469, lambda_2=0.1305
  OSC trial 7: mean ARI=0.6991  n=20  11.9s  lambda_1=0.1871, lambda_2=5.039
  OSC trial 8: mean ARI=0.7009  n=20  12.6s  lambda_1=0.001924, lambda_2=0.002231
  OSC trial 9: mean ARI=0.6788  n=20  11.3s  lambda_1=0.001205, lambda_2=2.14
  OSC trial 10: mean ARI=0.6789  n=20  11.6s  lambda_1=0.009211, lambda_2=0.003908
  OSC trial 11: mean ARI=0.7005  n=20  12.0s  lambda_1=0.02636, lambda_2=0.04179
  OSC trial 12: mean ARI=0.6883  n=20  11.4s  lambda_1=0.01113, lambda_2=0.4522
  OSC trial 13: mean ARI=0.4664  n=20  12.1s  lambda_1=0.5819, lambda_2=0.01456
  OSC trial 14: mean ARI=0.7155  n=20  12.0s  lambda_1=0.06035, lambda_2=0.328
  OSC trial 15: mean ARI=0.0107  n=20  11.2s  lambda_1=1.228, lambda_2=1.328
  OSC trial 16: mean ARI=0.7017  n=20  11.9s  lambda_1=0.01319, lambda_2=0.09805
  OSC trial 17: mean ARI=0.6998  n=20  11.6s  lambda_1=0.004267, lambda_2=0.01694
  OSC trial 18: mean ARI=0.7161  n=20  11.3s  lambda_1=0.05472, lambda_2=0.2687
  OSC trial 19: mean ARI=0.0107  n=20  11.5s  lambda_1=3.759, lambda_2=0.007987
    best mean ARI=0.7419  tune 237.6s  lambda_1=0.1, lambda_2=0.1
  wrote /nfs/turbo/umms-minjilab/lpullela/icassp_ssc_tv2/block_ssc_benchmark/cv/params/ballet/ballet_cluster_sigmas_0.25_params_knownk_cv_osc_k3_sigma0p25_sigma0.25_fold5.json

=== train[171] k=3  dim=900  frames=88  σ=0.25  fold=5  seqs=['seq_000003', 'seq_000005', 'seq_000035'] ===
  OSC: k_hat=3  ACC=0.6364  NMI=0.5402  ARI=0.3932  0.3s

=== train[172] k=3  dim=900  frames=160  σ=0.25  fold=5  seqs=['seq_000019', 'seq_000024', 'seq_000033'] ===
  OSC: k_hat=3  ACC=1.0000  NMI=1.0000  ARI=1.0000  0.6s

=== train[173] k=3  dim=900  frames=219  σ=0.25  fold=5  seqs=['seq_000002', 'seq_000012', 'seq_000023'] ===
  OSC: k_hat=3  ACC=0.6986  NMI=0.6534  ARI=0.4586  1.0s

=== train[174] k=3  dim=900  frames=164  σ=0.25  fold=5  seqs=['seq_000020', 'seq_000022', 'seq_000028'] ===
  OSC: k_hat=3  ACC=0.6890  NMI=0.5867  ARI=0.4733  0.6s

=== train[175] k=3  dim=900  frames=252  σ=0.25  fold=5  seqs=['seq_000004', 'seq_000011', 'seq_000042'] ===
  OSC: k_hat=3  ACC=1.0000  NMI=1.0000  ARI=1.0000  1.2s

=== train[176] k=3  dim=900  frames=155  σ=0.25  fold=5  seqs=['seq_000009', 'seq_000021', 'seq_000029'] ===
  OSC: k_hat=3  ACC=1.0000  NMI=1.0000  ARI=1.0000  0.6s

=== train[177] k=3  dim=900  frames=153  σ=0.25  fold=5  seqs=['seq_000018', 'seq_000036', 'seq_000043'] ===
  OSC: k_hat=3  ACC=0.7124  NMI=0.6704  ARI=0.4756  0.5s

=== train[178] k=3  dim=900  frames=149  σ=0.25  fold=5  seqs=['seq_000001', 'seq_000025', 'seq_000026'] ===
  OSC: k_hat=3  ACC=1.0000  NMI=1.0000  ARI=1.0000  0.5s

=== train[179] k=3  dim=900  frames=130  σ=0.25  fold=5  seqs=['seq_000027', 'seq_000040', 'seq_000041'] ===
  OSC: k_hat=3  ACC=0.6000  NMI=0.3726  ARI=0.1730  0.4s

=== train[180] k=3  dim=900  frames=99  σ=0.25  fold=5  seqs=['seq_000007', 'seq_000010', 'seq_000037'] ===
  OSC: k_hat=3  ACC=1.0000  NMI=1.0000  ARI=1.0000  0.3s

=== train[181] k=3  dim=900  frames=210  σ=0.25  fold=5  seqs=['seq_000013', 'seq_000014', 'seq_000038'] ===
  OSC: k_hat=3  ACC=0.6238  NMI=0.4156  ARI=0.2016  0.9s

=== train[182] k=3  dim=900  frames=205  σ=0.25  fold=5  seqs=['seq_000006', 'seq_000008', 'seq_000044'] ===
  OSC: k_hat=3  ACC=0.9951  NMI=0.9761  ARI=0.9877  0.9s

=== train[183] k=3  dim=900  frames=111  σ=0.25  fold=5  seqs=['seq_000015', 'seq_000030', 'seq_000034'] ===
  OSC: k_hat=3  ACC=0.7117  NMI=0.6592  ARI=0.5487  0.4s

=== test[170] k=3  dim=900  frames=235  σ=0.25  fold=5  seqs=['seq_000017', 'seq_000031', 'seq_000039'] ===
  OSC: k_hat=3  ACC=1.0000  NMI=1.0000  ARI=1.0000  1.1s
  tune_pool_groups=20: sampling from 41 held-in sequences (overlap allowed) instead of the 13 fixed fold group(s)

============================================================
σ=0.25 fold=6  test=['seq_000009', 'seq_000021', 'seq_000029']  train mats=13  test mats=1  tune mats=20
  --- tune OSC over 20 train mats  n_trials=20 (2 params) ---
  OSC trial 0: mean ARI=0.7356  n=20  11.7s  lambda_1=0.1, lambda_2=0.1
  OSC trial 1: mean ARI=0.7380  n=20  11.6s  lambda_1=0.1568, lambda_2=0.7257
  OSC trial 2: mean ARI=0.6975  n=20  11.2s  lambda_1=0.2577, lambda_2=0.1512
  OSC trial 3: mean ARI=0.7391  n=20  11.1s  lambda_1=0.0495, lambda_2=0.3833
  OSC trial 4: mean ARI=0.7391  n=20  11.0s  lambda_1=0.05628, lambda_2=3.691
  OSC trial 5: mean ARI=0.0092  n=20  10.6s  lambda_1=7.156, lambda_2=0.03418
  OSC trial 6: mean ARI=0.0092  n=20  11.0s  lambda_1=1.469, lambda_2=0.1305
  OSC trial 7: mean ARI=0.7350  n=20  10.8s  lambda_1=0.1871, lambda_2=5.039
  OSC trial 8: mean ARI=0.7450  n=20  11.9s  lambda_1=0.001924, lambda_2=0.002231
  OSC trial 9: mean ARI=0.7176  n=20  11.6s  lambda_1=0.001205, lambda_2=2.14
  OSC trial 10: mean ARI=0.7450  n=20  11.7s  lambda_1=0.001206, lambda_2=0.001369
  OSC trial 11: mean ARI=0.7450  n=20  11.4s  lambda_1=0.001211, lambda_2=0.001203
  OSC trial 12: mean ARI=0.7298  n=20  11.6s  lambda_1=0.007272, lambda_2=0.001053
  OSC trial 13: mean ARI=0.7298  n=20  11.1s  lambda_1=0.00784, lambda_2=0.006337
  OSC trial 14: mean ARI=0.7298  n=20  11.4s  lambda_1=0.004685, lambda_2=0.005457
  OSC trial 15: mean ARI=0.7298  n=20  11.2s  lambda_1=0.003237, lambda_2=0.005769
  OSC trial 16: mean ARI=0.7232  n=20  11.9s  lambda_1=0.0217, lambda_2=0.01369
  OSC trial 17: mean ARI=0.7450  n=20  11.9s  lambda_1=0.001073, lambda_2=0.002365
  OSC trial 18: mean ARI=0.7298  n=20  11.7s  lambda_1=0.0125, lambda_2=0.02409
  OSC trial 19: mean ARI=0.7453  n=20  11.4s  lambda_1=0.002983, lambda_2=0.002733
    best mean ARI=0.7453  tune 227.9s  lambda_1=0.002983, lambda_2=0.002733
  wrote /nfs/turbo/umms-minjilab/lpullela/icassp_ssc_tv2/block_ssc_benchmark/cv/params/ballet/ballet_cluster_sigmas_0.25_params_knownk_cv_osc_k3_sigma0p25_sigma0.25_fold6.json

=== train[205] k=3  dim=900  frames=88  σ=0.25  fold=6  seqs=['seq_000003', 'seq_000005', 'seq_000035'] ===
  OSC: k_hat=3  ACC=0.6250  NMI=0.6824  ARI=0.5145  0.5s

=== train[206] k=3  dim=900  frames=160  σ=0.25  fold=6  seqs=['seq_000019', 'seq_000024', 'seq_000033'] ===
  OSC: k_hat=3  ACC=1.0000  NMI=1.0000  ARI=1.0000  0.7s

=== train[207] k=3  dim=900  frames=219  σ=0.25  fold=6  seqs=['seq_000002', 'seq_000012', 'seq_000023'] ===
  OSC: k_hat=3  ACC=0.6986  NMI=0.6534  ARI=0.4586  1.3s

=== train[208] k=3  dim=900  frames=164  σ=0.25  fold=6  seqs=['seq_000020', 'seq_000022', 'seq_000028'] ===
  OSC: k_hat=3  ACC=0.6829  NMI=0.5569  ARI=0.4406  1.1s

=== train[209] k=3  dim=900  frames=252  σ=0.25  fold=6  seqs=['seq_000004', 'seq_000011', 'seq_000042'] ===
  OSC: k_hat=3  ACC=1.0000  NMI=1.0000  ARI=1.0000  1.8s

=== train[210] k=3  dim=900  frames=235  σ=0.25  fold=6  seqs=['seq_000017', 'seq_000031', 'seq_000039'] ===
  OSC: k_hat=3  ACC=0.6468  NMI=0.6766  ARI=0.5096  1.2s

=== train[211] k=3  dim=900  frames=153  σ=0.25  fold=6  seqs=['seq_000018', 'seq_000036', 'seq_000043'] ===
  OSC: k_hat=3  ACC=0.7255  NMI=0.6741  ARI=0.4825  0.6s

=== train[212] k=3  dim=900  frames=149  σ=0.25  fold=6  seqs=['seq_000001', 'seq_000025', 'seq_000026'] ===
  OSC: k_hat=3  ACC=1.0000  NMI=1.0000  ARI=1.0000  0.6s

=== train[213] k=3  dim=900  frames=130  σ=0.25  fold=6  seqs=['seq_000027', 'seq_000040', 'seq_000041'] ===
  OSC: k_hat=3  ACC=0.5846  NMI=0.3473  ARI=0.1444  0.5s

=== train[214] k=3  dim=900  frames=99  σ=0.25  fold=6  seqs=['seq_000007', 'seq_000010', 'seq_000037'] ===
  OSC: k_hat=3  ACC=1.0000  NMI=1.0000  ARI=1.0000  0.3s

=== train[215] k=3  dim=900  frames=210  σ=0.25  fold=6  seqs=['seq_000013', 'seq_000014', 'seq_000038'] ===
  OSC: k_hat=3  ACC=0.9095  NMI=0.8103  ARI=0.7840  0.9s

=== train[216] k=3  dim=900  frames=205  σ=0.25  fold=6  seqs=['seq_000006', 'seq_000008', 'seq_000044'] ===
  OSC: k_hat=3  ACC=1.0000  NMI=1.0000  ARI=1.0000  0.9s

=== train[217] k=3  dim=900  frames=111  σ=0.25  fold=6  seqs=['seq_000015', 'seq_000030', 'seq_000034'] ===
  OSC: k_hat=3  ACC=1.0000  NMI=1.0000  ARI=1.0000  0.3s

=== test[204] k=3  dim=900  frames=155  σ=0.25  fold=6  seqs=['seq_000009', 'seq_000021', 'seq_000029'] ===
  OSC: k_hat=3  ACC=0.8968  NMI=0.8084  ARI=0.8028  0.6s
  tune_pool_groups=20: sampling from 41 held-in sequences (overlap allowed) instead of the 13 fixed fold group(s)

============================================================
σ=0.25 fold=7  test=['seq_000018', 'seq_000036', 'seq_000043']  train mats=13  test mats=1  tune mats=20
  --- tune OSC over 20 train mats  n_trials=20 (2 params) ---
  OSC trial 0: mean ARI=0.7782  n=20  10.9s  lambda_1=0.1, lambda_2=0.1
  OSC trial 1: mean ARI=0.7762  n=20  11.0s  lambda_1=0.1568, lambda_2=0.7257
  OSC trial 2: mean ARI=0.7250  n=20  10.8s  lambda_1=0.2577, lambda_2=0.1512
  OSC trial 3: mean ARI=0.7775  n=20  11.5s  lambda_1=0.0495, lambda_2=0.3833
  OSC trial 4: mean ARI=0.7769  n=20  11.6s  lambda_1=0.05628, lambda_2=3.691
  OSC trial 5: mean ARI=0.0067  n=20  11.4s  lambda_1=7.156, lambda_2=0.03418
  OSC trial 6: mean ARI=0.0067  n=20  10.7s  lambda_1=1.469, lambda_2=0.1305
  OSC trial 7: mean ARI=0.7797  n=20  11.5s  lambda_1=0.1871, lambda_2=5.039
  OSC trial 8: mean ARI=0.7743  n=20  11.2s  lambda_1=0.001924, lambda_2=0.002231
  OSC trial 9: mean ARI=0.7731  n=20  10.7s  lambda_1=0.001205, lambda_2=2.14
  OSC trial 10: mean ARI=0.7757  n=20  11.2s  lambda_1=0.01013, lambda_2=0.00165
  OSC trial 11: mean ARI=0.5153  n=20  11.4s  lambda_1=0.6176, lambda_2=0.01879
  OSC trial 12: mean ARI=0.7745  n=20  11.6s  lambda_1=0.01803, lambda_2=8.832
  OSC trial 13: mean ARI=0.0067  n=20  11.4s  lambda_1=1.624, lambda_2=0.008251
  OSC trial 14: mean ARI=0.7705  n=20  11.1s  lambda_1=0.09179, lambda_2=0.9382
  OSC trial 15: mean ARI=0.7745  n=20  11.7s  lambda_1=0.01119, lambda_2=0.07445
  OSC trial 16: mean ARI=0.7505  n=20  11.7s  lambda_1=0.4153, lambda_2=8.19
  OSC trial 17: mean ARI=0.7780  n=20  11.3s  lambda_1=0.02538, lambda_2=0.2718
  OSC trial 18: mean ARI=0.7743  n=20  11.6s  lambda_1=0.004182, lambda_2=0.005487
  OSC trial 19: mean ARI=0.0067  n=20  11.4s  lambda_1=1.099, lambda_2=1.695
    best mean ARI=0.7797  tune 226.0s  lambda_1=0.1871, lambda_2=5.039
  wrote /nfs/turbo/umms-minjilab/lpullela/icassp_ssc_tv2/block_ssc_benchmark/cv/params/ballet/ballet_cluster_sigmas_0.25_params_knownk_cv_osc_k3_sigma0p25_sigma0.25_fold7.json

=== train[239] k=3  dim=900  frames=88  σ=0.25  fold=7  seqs=['seq_000003', 'seq_000005', 'seq_000035'] ===
  OSC: k_hat=3  ACC=0.6364  NMI=0.5967  ARI=0.4521  0.3s

=== train[240] k=3  dim=900  frames=160  σ=0.25  fold=7  seqs=['seq_000019', 'seq_000024', 'seq_000033'] ===
  OSC: k_hat=3  ACC=1.0000  NMI=1.0000  ARI=1.0000  0.6s

=== train[241] k=3  dim=900  frames=219  σ=0.25  fold=7  seqs=['seq_000002', 'seq_000012', 'seq_000023'] ===
  OSC: k_hat=3  ACC=0.6986  NMI=0.6534  ARI=0.4586  1.0s

=== train[242] k=3  dim=900  frames=164  σ=0.25  fold=7  seqs=['seq_000020', 'seq_000022', 'seq_000028'] ===
  OSC: k_hat=3  ACC=0.6768  NMI=0.5697  ARI=0.4506  0.7s

=== train[243] k=3  dim=900  frames=252  σ=0.25  fold=7  seqs=['seq_000004', 'seq_000011', 'seq_000042'] ===
  OSC: k_hat=3  ACC=1.0000  NMI=1.0000  ARI=1.0000  1.4s

=== train[244] k=3  dim=900  frames=235  σ=0.25  fold=7  seqs=['seq_000017', 'seq_000031', 'seq_000039'] ===
  OSC: k_hat=3  ACC=0.6255  NMI=0.6732  ARI=0.4996  1.2s

=== train[245] k=3  dim=900  frames=155  σ=0.25  fold=7  seqs=['seq_000009', 'seq_000021', 'seq_000029'] ===
  OSC: k_hat=3  ACC=1.0000  NMI=1.0000  ARI=1.0000  0.6s

=== train[246] k=3  dim=900  frames=149  σ=0.25  fold=7  seqs=['seq_000001', 'seq_000025', 'seq_000026'] ===
  OSC: k_hat=3  ACC=1.0000  NMI=1.0000  ARI=1.0000  0.6s

=== train[247] k=3  dim=900  frames=130  σ=0.25  fold=7  seqs=['seq_000027', 'seq_000040', 'seq_000041'] ===
  OSC: k_hat=3  ACC=0.5769  NMI=0.3352  ARI=0.1313  0.5s

=== train[248] k=3  dim=900  frames=99  σ=0.25  fold=7  seqs=['seq_000007', 'seq_000010', 'seq_000037'] ===
  OSC: k_hat=3  ACC=1.0000  NMI=1.0000  ARI=1.0000  0.3s

=== train[249] k=3  dim=900  frames=210  σ=0.25  fold=7  seqs=['seq_000013', 'seq_000014', 'seq_000038'] ===
  OSC: k_hat=3  ACC=0.5952  NMI=0.3793  ARI=0.1488  1.0s

=== train[250] k=3  dim=900  frames=205  σ=0.25  fold=7  seqs=['seq_000006', 'seq_000008', 'seq_000044'] ===
  OSC: k_hat=3  ACC=1.0000  NMI=1.0000  ARI=1.0000  0.9s

=== train[251] k=3  dim=900  frames=111  σ=0.25  fold=7  seqs=['seq_000015', 'seq_000030', 'seq_000034'] ===
  OSC: k_hat=3  ACC=0.7027  NMI=0.6261  ARI=0.5164  0.4s

=== test[238] k=3  dim=900  frames=153  σ=0.25  fold=7  seqs=['seq_000018', 'seq_000036', 'seq_000043'] ===
  OSC: k_hat=3  ACC=0.7190  NMI=0.6722  ARI=0.4788  0.6s
  tune_pool_groups=20: sampling from 41 held-in sequences (overlap allowed) instead of the 13 fixed fold group(s)

============================================================
σ=0.25 fold=8  test=['seq_000001', 'seq_000025', 'seq_000026']  train mats=13  test mats=1  tune mats=20
  --- tune OSC over 20 train mats  n_trials=20 (2 params) ---
  OSC trial 0: mean ARI=0.7444  n=20  15.6s  lambda_1=0.1, lambda_2=0.1
  OSC trial 1: mean ARI=0.7345  n=20  15.3s  lambda_1=0.1568, lambda_2=0.7257
  OSC trial 2: mean ARI=0.7404  n=20  14.9s  lambda_1=0.2577, lambda_2=0.1512
  OSC trial 3: mean ARI=0.7448  n=20  15.1s  lambda_1=0.0495, lambda_2=0.3833
  OSC trial 4: mean ARI=0.7445  n=20  14.4s  lambda_1=0.05628, lambda_2=3.691
  OSC trial 5: mean ARI=0.0083  n=20  14.4s  lambda_1=7.156, lambda_2=0.03418
  OSC trial 6: mean ARI=0.0083  n=20  15.0s  lambda_1=1.469, lambda_2=0.1305
  OSC trial 7: mean ARI=0.7321  n=20  14.9s  lambda_1=0.1871, lambda_2=5.039
  OSC trial 8: mean ARI=0.7838  n=20  15.5s  lambda_1=0.001924, lambda_2=0.002231
  OSC trial 9: mean ARI=0.7795  n=20  15.1s  lambda_1=0.001205, lambda_2=2.14
  OSC trial 10: mean ARI=0.7604  n=20  15.0s  lambda_1=0.001206, lambda_2=0.001369
  OSC trial 11: mean ARI=0.7604  n=20  14.0s  lambda_1=0.001211, lambda_2=0.001203
  OSC trial 12: mean ARI=0.7791  n=20  15.1s  lambda_1=0.007272, lambda_2=0.01293
  OSC trial 13: mean ARI=0.7791  n=20  15.4s  lambda_1=0.00784, lambda_2=0.01192
  OSC trial 14: mean ARI=0.7698  n=20  15.0s  lambda_1=0.004685, lambda_2=1.369
  OSC trial 15: mean ARI=0.7838  n=20  14.6s  lambda_1=0.003236, lambda_2=0.00365
  OSC trial 16: mean ARI=0.7521  n=20  15.1s  lambda_1=0.01881, lambda_2=0.004408
  OSC trial 17: mean ARI=0.7838  n=20  14.0s  lambda_1=0.004267, lambda_2=0.00408
  OSC trial 18: mean ARI=0.7469  n=20  14.4s  lambda_1=0.02204, lambda_2=0.003894
  OSC trial 19: mean ARI=0.7795  n=20  15.2s  lambda_1=0.004225, lambda_2=0.01723
    best mean ARI=0.7838  tune 297.8s  lambda_1=0.001924, lambda_2=0.002231
  wrote /nfs/turbo/umms-minjilab/lpullela/icassp_ssc_tv2/block_ssc_benchmark/cv/params/ballet/ballet_cluster_sigmas_0.25_params_knownk_cv_osc_k3_sigma0p25_sigma0.25_fold8.json

=== train[273] k=3  dim=900  frames=88  σ=0.25  fold=8  seqs=['seq_000003', 'seq_000005', 'seq_000035'] ===
  OSC: k_hat=3  ACC=0.6250  NMI=0.6824  ARI=0.5145  0.3s

=== train[274] k=3  dim=900  frames=160  σ=0.25  fold=8  seqs=['seq_000019', 'seq_000024', 'seq_000033'] ===
  OSC: k_hat=3  ACC=1.0000  NMI=1.0000  ARI=1.0000  0.6s

=== train[275] k=3  dim=900  frames=219  σ=0.25  fold=8  seqs=['seq_000002', 'seq_000012', 'seq_000023'] ===
  OSC: k_hat=3  ACC=0.6986  NMI=0.6534  ARI=0.4586  1.0s

=== train[276] k=3  dim=900  frames=164  σ=0.25  fold=8  seqs=['seq_000020', 'seq_000022', 'seq_000028'] ===
  OSC: k_hat=3  ACC=0.6768  NMI=0.5558  ARI=0.4364  0.7s

=== train[277] k=3  dim=900  frames=252  σ=0.25  fold=8  seqs=['seq_000004', 'seq_000011', 'seq_000042'] ===
  OSC: k_hat=3  ACC=1.0000  NMI=1.0000  ARI=1.0000  1.3s

=== train[278] k=3  dim=900  frames=235  σ=0.25  fold=8  seqs=['seq_000017', 'seq_000031', 'seq_000039'] ===
  OSC: k_hat=3  ACC=0.6298  NMI=0.6737  ARI=0.5012  1.1s

=== train[279] k=3  dim=900  frames=155  σ=0.25  fold=8  seqs=['seq_000009', 'seq_000021', 'seq_000029'] ===
  OSC: k_hat=3  ACC=1.0000  NMI=1.0000  ARI=1.0000  0.6s

=== train[280] k=3  dim=900  frames=153  σ=0.25  fold=8  seqs=['seq_000018', 'seq_000036', 'seq_000043'] ===
  OSC: k_hat=3  ACC=0.7124  NMI=0.6704  ARI=0.4756  0.6s

=== train[281] k=3  dim=900  frames=130  σ=0.25  fold=8  seqs=['seq_000027', 'seq_000040', 'seq_000041'] ===
  OSC: k_hat=3  ACC=0.5769  NMI=0.3352  ARI=0.1313  0.5s

=== train[282] k=3  dim=900  frames=99  σ=0.25  fold=8  seqs=['seq_000007', 'seq_000010', 'seq_000037'] ===
  OSC: k_hat=3  ACC=1.0000  NMI=1.0000  ARI=1.0000  0.3s

=== train[283] k=3  dim=900  frames=210  σ=0.25  fold=8  seqs=['seq_000013', 'seq_000014', 'seq_000038'] ===
  OSC: k_hat=3  ACC=1.0000  NMI=1.0000  ARI=1.0000  0.9s

=== train[284] k=3  dim=900  frames=205  σ=0.25  fold=8  seqs=['seq_000006', 'seq_000008', 'seq_000044'] ===
  OSC: k_hat=3  ACC=1.0000  NMI=1.0000  ARI=1.0000  0.9s

=== train[285] k=3  dim=900  frames=111  σ=0.25  fold=8  seqs=['seq_000015', 'seq_000030', 'seq_000034'] ===
  OSC: k_hat=3  ACC=1.0000  NMI=1.0000  ARI=1.0000  0.4s

=== test[272] k=3  dim=900  frames=149  σ=0.25  fold=8  seqs=['seq_000001', 'seq_000025', 'seq_000026'] ===
  OSC: k_hat=3  ACC=1.0000  NMI=1.0000  ARI=1.0000  0.6s
  tune_pool_groups=20: sampling from 41 held-in sequences (overlap allowed) instead of the 13 fixed fold group(s)

============================================================
σ=0.25 fold=9  test=['seq_000027', 'seq_000040', 'seq_000041']  train mats=13  test mats=1  tune mats=20
  --- tune OSC over 20 train mats  n_trials=20 (2 params) ---
  OSC trial 0: mean ARI=0.7236  n=20  15.3s  lambda_1=0.1, lambda_2=0.1
  OSC trial 1: mean ARI=0.7242  n=20  15.6s  lambda_1=0.1568, lambda_2=0.7257
  OSC trial 2: mean ARI=0.6604  n=20  15.8s  lambda_1=0.2577, lambda_2=0.1512
  OSC trial 3: mean ARI=0.7231  n=20  14.6s  lambda_1=0.0495, lambda_2=0.3833
  OSC trial 4: mean ARI=0.7231  n=20  15.4s  lambda_1=0.05628, lambda_2=3.691
  OSC trial 5: mean ARI=0.0047  n=20  15.8s  lambda_1=7.156, lambda_2=0.03418
  OSC trial 6: mean ARI=0.0047  n=20  15.9s  lambda_1=1.469, lambda_2=0.1305
  OSC trial 7: mean ARI=0.7006  n=20  15.3s  lambda_1=0.1871, lambda_2=5.039
  OSC trial 8: mean ARI=0.7883  n=20  16.4s  lambda_1=0.001924, lambda_2=0.002231
  OSC trial 9: mean ARI=0.7899  n=20  15.5s  lambda_1=0.001205, lambda_2=2.14
  OSC trial 10: mean ARI=0.7831  n=20  14.8s  lambda_1=0.001206, lambda_2=0.001659
  OSC trial 11: mean ARI=0.7831  n=20  16.3s  lambda_1=0.001211, lambda_2=0.001203
  OSC trial 12: mean ARI=0.7905  n=20  16.4s  lambda_1=0.007272, lambda_2=0.01293
  OSC trial 13: mean ARI=0.7905  n=20  16.2s  lambda_1=0.00633, lambda_2=0.01203
  OSC trial 14: mean ARI=0.7726  n=20  15.9s  lambda_1=0.009138, lambda_2=0.01032
  OSC trial 15: mean ARI=0.7726  n=20  16.4s  lambda_1=0.009116, lambda_2=0.01035
  OSC trial 16: mean ARI=0.7905  n=20  15.1s  lambda_1=0.00789, lambda_2=0.008296
  OSC trial 17: mean ARI=0.7905  n=20  15.3s  lambda_1=0.004777, lambda_2=0.01995
  OSC trial 18: mean ARI=0.7474  n=20  16.4s  lambda_1=0.02349, lambda_2=0.003894
  OSC trial 19: mean ARI=0.7474  n=20  16.2s  lambda_1=0.023, lambda_2=0.05831
    best mean ARI=0.7905  tune 314.8s  lambda_1=0.007272, lambda_2=0.01293
  wrote /nfs/turbo/umms-minjilab/lpullela/icassp_ssc_tv2/block_ssc_benchmark/cv/params/ballet/ballet_cluster_sigmas_0.25_params_knownk_cv_osc_k3_sigma0p25_sigma0.25_fold9.json

=== train[307] k=3  dim=900  frames=88  σ=0.25  fold=9  seqs=['seq_000003', 'seq_000005', 'seq_000035'] ===
  OSC: k_hat=3  ACC=0.6250  NMI=0.6824  ARI=0.5145  0.3s

=== train[308] k=3  dim=900  frames=160  σ=0.25  fold=9  seqs=['seq_000019', 'seq_000024', 'seq_000033'] ===
  OSC: k_hat=3  ACC=1.0000  NMI=1.0000  ARI=1.0000  0.7s

=== train[309] k=3  dim=900  frames=219  σ=0.25  fold=9  seqs=['seq_000002', 'seq_000012', 'seq_000023'] ===
  OSC: k_hat=3  ACC=0.6986  NMI=0.6534  ARI=0.4586  1.1s

=== train[310] k=3  dim=900  frames=164  σ=0.25  fold=9  seqs=['seq_000020', 'seq_000022', 'seq_000028'] ===
  OSC: k_hat=3  ACC=0.6951  NMI=0.5879  ARI=0.4779  0.7s

=== train[311] k=3  dim=900  frames=252  σ=0.25  fold=9  seqs=['seq_000004', 'seq_000011', 'seq_000042'] ===
  OSC: k_hat=3  ACC=1.0000  NMI=1.0000  ARI=1.0000  1.3s

=== train[312] k=3  dim=900  frames=235  σ=0.25  fold=9  seqs=['seq_000017', 'seq_000031', 'seq_000039'] ===
  OSC: k_hat=3  ACC=1.0000  NMI=1.0000  ARI=1.0000  1.1s

=== train[313] k=3  dim=900  frames=155  σ=0.25  fold=9  seqs=['seq_000009', 'seq_000021', 'seq_000029'] ===
  OSC: k_hat=3  ACC=1.0000  NMI=1.0000  ARI=1.0000  0.6s

=== train[314] k=3  dim=900  frames=153  σ=0.25  fold=9  seqs=['seq_000018', 'seq_000036', 'seq_000043'] ===
  OSC: k_hat=3  ACC=0.7124  NMI=0.6704  ARI=0.4756  0.6s

=== train[315] k=3  dim=900  frames=149  σ=0.25  fold=9  seqs=['seq_000001', 'seq_000025', 'seq_000026'] ===
  OSC: k_hat=3  ACC=1.0000  NMI=1.0000  ARI=1.0000  0.5s

=== train[316] k=3  dim=900  frames=99  σ=0.25  fold=9  seqs=['seq_000007', 'seq_000010', 'seq_000037'] ===
  OSC: k_hat=3  ACC=1.0000  NMI=1.0000  ARI=1.0000  0.3s

=== train[317] k=3  dim=900  frames=210  σ=0.25  fold=9  seqs=['seq_000013', 'seq_000014', 'seq_000038'] ===
  OSC: k_hat=3  ACC=1.0000  NMI=1.0000  ARI=1.0000  0.9s

=== train[318] k=3  dim=900  frames=205  σ=0.25  fold=9  seqs=['seq_000006', 'seq_000008', 'seq_000044'] ===
  OSC: k_hat=3  ACC=1.0000  NMI=1.0000  ARI=1.0000  0.9s

=== train[319] k=3  dim=900  frames=111  σ=0.25  fold=9  seqs=['seq_000015', 'seq_000030', 'seq_000034'] ===
  OSC: k_hat=3  ACC=0.6847  NMI=0.6900  ARI=0.5406  0.4s

=== test[306] k=3  dim=900  frames=130  σ=0.25  fold=9  seqs=['seq_000027', 'seq_000040', 'seq_000041'] ===
  OSC: k_hat=3  ACC=0.5923  NMI=0.3598  ARI=0.1583  0.5s
  tune_pool_groups=20: sampling from 41 held-in sequences (overlap allowed) instead of the 13 fixed fold group(s)

============================================================
σ=0.25 fold=10  test=['seq_000007', 'seq_000010', 'seq_000037']  train mats=13  test mats=1  tune mats=20
  --- tune OSC over 20 train mats  n_trials=20 (2 params) ---
  OSC trial 0: mean ARI=0.6576  n=20  13.0s  lambda_1=0.1, lambda_2=0.1
  OSC trial 1: mean ARI=0.6061  n=20  13.3s  lambda_1=0.1568, lambda_2=0.7257
  OSC trial 2: mean ARI=0.6202  n=20  12.9s  lambda_1=0.2577, lambda_2=0.1512
  OSC trial 3: mean ARI=0.7024  n=20  11.8s  lambda_1=0.0495, lambda_2=0.3833
  OSC trial 4: mean ARI=0.6863  n=20  12.9s  lambda_1=0.05628, lambda_2=3.691
  OSC trial 5: mean ARI=0.0057  n=20  13.2s  lambda_1=7.156, lambda_2=0.03418
  OSC trial 6: mean ARI=0.0057  n=20  13.2s  lambda_1=1.469, lambda_2=0.1305
  OSC trial 7: mean ARI=0.5994  n=20  13.0s  lambda_1=0.1871, lambda_2=5.039
  OSC trial 8: mean ARI=0.7365  n=20  13.3s  lambda_1=0.001924, lambda_2=0.002231
  OSC trial 9: mean ARI=0.7493  n=20  13.3s  lambda_1=0.001205, lambda_2=2.14
  OSC trial 10: mean ARI=0.7310  n=20  13.4s  lambda_1=0.001206, lambda_2=0.001659
  OSC trial 11: mean ARI=0.7310  n=20  12.3s  lambda_1=0.001211, lambda_2=0.001203
  OSC trial 12: mean ARI=0.7502  n=20  13.3s  lambda_1=0.007272, lambda_2=0.01293
  OSC trial 13: mean ARI=0.7502  n=20  13.7s  lambda_1=0.00633, lambda_2=0.01203
  OSC trial 14: mean ARI=0.7211  n=20  13.4s  lambda_1=0.009138, lambda_2=0.01032
  OSC trial 15: mean ARI=0.7211  n=20  20.2s  lambda_1=0.009116, lambda_2=0.01035
  OSC trial 16: mean ARI=0.7211  n=20  23.0s  lambda_1=0.00789, lambda_2=0.008296
  OSC trial 17: mean ARI=0.7502  n=20  21.4s  lambda_1=0.004777, lambda_2=0.01995
  OSC trial 18: mean ARI=0.7205  n=20  23.6s  lambda_1=0.02349, lambda_2=0.003894
  OSC trial 19: mean ARI=0.7207  n=20  16.0s  lambda_1=0.023, lambda_2=0.05831
    best mean ARI=0.7502  tune 300.0s  lambda_1=0.007272, lambda_2=0.01293
  wrote /nfs/turbo/umms-minjilab/lpullela/icassp_ssc_tv2/block_ssc_benchmark/cv/params/ballet/ballet_cluster_sigmas_0.25_params_knownk_cv_osc_k3_sigma0p25_sigma0.25_fold10.json

=== train[341] k=3  dim=900  frames=88  σ=0.25  fold=10  seqs=['seq_000003', 'seq_000005', 'seq_000035'] ===
  OSC: k_hat=3  ACC=0.6250  NMI=0.6824  ARI=0.5145  0.3s

=== train[342] k=3  dim=900  frames=160  σ=0.25  fold=10  seqs=['seq_000019', 'seq_000024', 'seq_000033'] ===
  OSC: k_hat=3  ACC=1.0000  NMI=1.0000  ARI=1.0000  0.7s

=== train[343] k=3  dim=900  frames=219  σ=0.25  fold=10  seqs=['seq_000002', 'seq_000012', 'seq_000023'] ===
  OSC: k_hat=3  ACC=0.6941  NMI=0.6529  ARI=0.4578  1.2s

=== train[344] k=3  dim=900  frames=164  σ=0.25  fold=10  seqs=['seq_000020', 'seq_000022', 'seq_000028'] ===
  OSC: k_hat=3  ACC=0.6829  NMI=0.5707  ARI=0.4547  0.8s

=== train[345] k=3  dim=900  frames=252  σ=0.25  fold=10  seqs=['seq_000004', 'seq_000011', 'seq_000042'] ===
  OSC: k_hat=3  ACC=1.0000  NMI=1.0000  ARI=1.0000  1.4s

=== train[346] k=3  dim=900  frames=235  σ=0.25  fold=10  seqs=['seq_000017', 'seq_000031', 'seq_000039'] ===
  OSC: k_hat=3  ACC=1.0000  NMI=1.0000  ARI=1.0000  1.3s

=== train[347] k=3  dim=900  frames=155  σ=0.25  fold=10  seqs=['seq_000009', 'seq_000021', 'seq_000029'] ===
  OSC: k_hat=3  ACC=1.0000  NMI=1.0000  ARI=1.0000  0.7s

=== train[348] k=3  dim=900  frames=153  σ=0.25  fold=10  seqs=['seq_000018', 'seq_000036', 'seq_000043'] ===
  OSC: k_hat=3  ACC=0.7255  NMI=0.6741  ARI=0.4825  0.7s

=== train[349] k=3  dim=900  frames=149  σ=0.25  fold=10  seqs=['seq_000001', 'seq_000025', 'seq_000026'] ===
  OSC: k_hat=3  ACC=1.0000  NMI=1.0000  ARI=1.0000  0.7s

=== train[350] k=3  dim=900  frames=130  σ=0.25  fold=10  seqs=['seq_000027', 'seq_000040', 'seq_000041'] ===
  OSC: k_hat=3  ACC=0.6077  NMI=0.3703  ARI=0.1656  0.6s

=== train[351] k=3  dim=900  frames=210  σ=0.25  fold=10  seqs=['seq_000013', 'seq_000014', 'seq_000038'] ===
  OSC: k_hat=3  ACC=1.0000  NMI=1.0000  ARI=1.0000  1.1s

=== train[352] k=3  dim=900  frames=205  σ=0.25  fold=10  seqs=['seq_000006', 'seq_000008', 'seq_000044'] ===
  OSC: k_hat=3  ACC=1.0000  NMI=1.0000  ARI=1.0000  1.1s

=== train[353] k=3  dim=900  frames=111  σ=0.25  fold=10  seqs=['seq_000015', 'seq_000030', 'seq_000034'] ===
  OSC: k_hat=3  ACC=0.6937  NMI=0.6931  ARI=0.5498  0.4s

=== test[340] k=3  dim=900  frames=99  σ=0.25  fold=10  seqs=['seq_000007', 'seq_000010', 'seq_000037'] ===
  OSC: k_hat=3  ACC=1.0000  NMI=1.0000  ARI=1.0000  0.4s
  tune_pool_groups=20: sampling from 41 held-in sequences (overlap allowed) instead of the 13 fixed fold group(s)

============================================================
σ=0.25 fold=11  test=['seq_000013', 'seq_000014', 'seq_000038']  train mats=13  test mats=1  tune mats=20
  --- tune OSC over 20 train mats  n_trials=20 (2 params) ---
  OSC trial 0: mean ARI=0.7326  n=20  14.6s  lambda_1=0.1, lambda_2=0.1
  OSC trial 1: mean ARI=0.7321  n=20  19.5s  lambda_1=0.1568, lambda_2=0.7257
  OSC trial 2: mean ARI=0.7090  n=20  17.4s  lambda_1=0.2577, lambda_2=0.1512
  OSC trial 3: mean ARI=0.7325  n=20  11.6s  lambda_1=0.0495, lambda_2=0.3833
  OSC trial 4: mean ARI=0.7328  n=20  11.0s  lambda_1=0.05628, lambda_2=3.691
  OSC trial 5: mean ARI=0.0054  n=20  11.1s  lambda_1=7.156, lambda_2=0.03418
  OSC trial 6: mean ARI=0.0054  n=20  11.2s  lambda_1=1.469, lambda_2=0.1305
  OSC trial 7: mean ARI=0.7165  n=20  11.4s  lambda_1=0.1871, lambda_2=5.039
  OSC trial 8: mean ARI=0.7670  n=20  11.3s  lambda_1=0.001924, lambda_2=0.002231
  OSC trial 9: mean ARI=0.7780  n=20  10.9s  lambda_1=0.001205, lambda_2=2.14
  OSC trial 10: mean ARI=0.7670  n=20  10.6s  lambda_1=0.001206, lambda_2=0.001659
  OSC trial 11: mean ARI=0.7670  n=20  11.6s  lambda_1=0.001211, lambda_2=0.001203
  OSC trial 12: mean ARI=0.7568  n=20  11.7s  lambda_1=0.007272, lambda_2=0.01293
  OSC trial 13: mean ARI=0.7568  n=20  11.4s  lambda_1=0.00784, lambda_2=0.01192
  OSC trial 14: mean ARI=0.7507  n=20  11.0s  lambda_1=0.004685, lambda_2=1.369
  OSC trial 15: mean ARI=0.7670  n=20  11.8s  lambda_1=0.003236, lambda_2=0.00365
  OSC trial 16: mean ARI=0.7568  n=20  11.8s  lambda_1=0.01881, lambda_2=0.006273
  OSC trial 17: mean ARI=0.7507  n=20  11.1s  lambda_1=0.004267, lambda_2=9.379
  OSC trial 18: mean ARI=0.7561  n=20  11.2s  lambda_1=0.01752, lambda_2=0.04139
  OSC trial 19: mean ARI=0.7507  n=20  10.7s  lambda_1=0.003569, lambda_2=1.695
    best mean ARI=0.7780  tune 243.0s  lambda_1=0.001205, lambda_2=2.14
  wrote /nfs/turbo/umms-minjilab/lpullela/icassp_ssc_tv2/block_ssc_benchmark/cv/params/ballet/ballet_cluster_sigmas_0.25_params_knownk_cv_osc_k3_sigma0p25_sigma0.25_fold11.json

=== train[375] k=3  dim=900  frames=88  σ=0.25  fold=11  seqs=['seq_000003', 'seq_000005', 'seq_000035'] ===
  OSC: k_hat=3  ACC=0.6250  NMI=0.6824  ARI=0.5145  0.2s

=== train[376] k=3  dim=900  frames=160  σ=0.25  fold=11  seqs=['seq_000019', 'seq_000024', 'seq_000033'] ===
  OSC: k_hat=3  ACC=1.0000  NMI=1.0000  ARI=1.0000  0.5s

=== train[377] k=3  dim=900  frames=219  σ=0.25  fold=11  seqs=['seq_000002', 'seq_000012', 'seq_000023'] ===
  OSC: k_hat=3  ACC=0.6941  NMI=0.6529  ARI=0.4578  0.8s

=== train[378] k=3  dim=900  frames=164  σ=0.25  fold=11  seqs=['seq_000020', 'seq_000022', 'seq_000028'] ===
  OSC: k_hat=3  ACC=0.6829  NMI=0.5569  ARI=0.4406  0.5s

=== train[379] k=3  dim=900  frames=252  σ=0.25  fold=11  seqs=['seq_000004', 'seq_000011', 'seq_000042'] ===
  OSC: k_hat=3  ACC=1.0000  NMI=1.0000  ARI=1.0000  1.0s

=== train[380] k=3  dim=900  frames=235  σ=0.25  fold=11  seqs=['seq_000017', 'seq_000031', 'seq_000039'] ===
  OSC: k_hat=3  ACC=1.0000  NMI=1.0000  ARI=1.0000  0.9s

=== train[381] k=3  dim=900  frames=155  σ=0.25  fold=11  seqs=['seq_000009', 'seq_000021', 'seq_000029'] ===
  OSC: k_hat=3  ACC=1.0000  NMI=1.0000  ARI=1.0000  0.5s

=== train[382] k=3  dim=900  frames=153  σ=0.25  fold=11  seqs=['seq_000018', 'seq_000036', 'seq_000043'] ===
  OSC: k_hat=3  ACC=0.7190  NMI=0.6722  ARI=0.4788  0.5s

=== train[383] k=3  dim=900  frames=149  σ=0.25  fold=11  seqs=['seq_000001', 'seq_000025', 'seq_000026'] ===
  OSC: k_hat=3  ACC=1.0000  NMI=1.0000  ARI=1.0000  0.5s

=== train[384] k=3  dim=900  frames=130  σ=0.25  fold=11  seqs=['seq_000027', 'seq_000040', 'seq_000041'] ===
  OSC: k_hat=3  ACC=0.6000  NMI=0.3726  ARI=0.1730  0.4s

=== train[385] k=3  dim=900  frames=99  σ=0.25  fold=11  seqs=['seq_000007', 'seq_000010', 'seq_000037'] ===
  OSC: k_hat=3  ACC=1.0000  NMI=1.0000  ARI=1.0000  0.3s

=== train[386] k=3  dim=900  frames=205  σ=0.25  fold=11  seqs=['seq_000006', 'seq_000008', 'seq_000044'] ===
  OSC: k_hat=3  ACC=0.9951  NMI=0.9761  ARI=0.9877  0.8s

=== train[387] k=3  dim=900  frames=111  σ=0.25  fold=11  seqs=['seq_000015', 'seq_000030', 'seq_000034'] ===
  OSC: k_hat=3  ACC=0.6847  NMI=0.6900  ARI=0.5406  0.3s

=== test[374] k=3  dim=900  frames=210  σ=0.25  fold=11  seqs=['seq_000013', 'seq_000014', 'seq_000038'] ===
  OSC: k_hat=3  ACC=1.0000  NMI=1.0000  ARI=1.0000  0.8s
  tune_pool_groups=20: sampling from 41 held-in sequences (overlap allowed) instead of the 13 fixed fold group(s)

============================================================
σ=0.25 fold=12  test=['seq_000006', 'seq_000008', 'seq_000044']  train mats=13  test mats=1  tune mats=20
  --- tune OSC over 20 train mats  n_trials=20 (2 params) ---
  OSC trial 0: mean ARI=0.8296  n=20  13.5s  lambda_1=0.1, lambda_2=0.1
  OSC trial 1: mean ARI=0.8285  n=20  13.2s  lambda_1=0.1568, lambda_2=0.7257
  OSC trial 2: mean ARI=0.8181  n=20  12.8s  lambda_1=0.2577, lambda_2=0.1512
  OSC trial 3: mean ARI=0.7886  n=20  13.4s  lambda_1=0.0495, lambda_2=0.3833
  OSC trial 4: mean ARI=0.7886  n=20  13.5s  lambda_1=0.05628, lambda_2=3.691
  OSC trial 5: mean ARI=0.0059  n=20  12.6s  lambda_1=7.156, lambda_2=0.03418
  OSC trial 6: mean ARI=0.0059  n=20  12.7s  lambda_1=1.469, lambda_2=0.1305
  OSC trial 7: mean ARI=0.8285  n=20  12.5s  lambda_1=0.1871, lambda_2=5.039
  OSC trial 8: mean ARI=0.8473  n=20  13.7s  lambda_1=0.001924, lambda_2=0.002231
  OSC trial 9: mean ARI=0.8354  n=20  13.4s  lambda_1=0.001205, lambda_2=2.14
  OSC trial 10: mean ARI=0.8492  n=20  13.4s  lambda_1=0.001206, lambda_2=0.001369
  OSC trial 11: mean ARI=0.8492  n=20  14.0s  lambda_1=0.001211, lambda_2=0.001203
  OSC trial 12: mean ARI=0.8473  n=20  14.0s  lambda_1=0.007272, lambda_2=0.001044
  OSC trial 13: mean ARI=0.8473  n=20  13.4s  lambda_1=0.006333, lambda_2=0.005996
  OSC trial 14: mean ARI=0.8470  n=20  13.4s  lambda_1=0.008941, lambda_2=0.0121
  OSC trial 15: mean ARI=0.8492  n=20  13.3s  lambda_1=0.001025, lambda_2=0.003846
  OSC trial 16: mean ARI=0.8473  n=20  13.6s  lambda_1=0.003519, lambda_2=0.001207
  OSC trial 17: mean ARI=0.8121  n=20  13.5s  lambda_1=0.01886, lambda_2=0.01694
  OSC trial 18: mean ARI=0.8473  n=20  13.6s  lambda_1=0.003076, lambda_2=0.004771
  OSC trial 19: mean ARI=0.8121  n=20  13.9s  lambda_1=0.02289, lambda_2=0.002019
    best mean ARI=0.8492  tune 267.4s  lambda_1=0.001206, lambda_2=0.001369
  wrote /nfs/turbo/umms-minjilab/lpullela/icassp_ssc_tv2/block_ssc_benchmark/cv/params/ballet/ballet_cluster_sigmas_0.25_params_knownk_cv_osc_k3_sigma0p25_sigma0.25_fold12.json

=== train[409] k=3  dim=900  frames=88  σ=0.25  fold=12  seqs=['seq_000003', 'seq_000005', 'seq_000035'] ===
  OSC: k_hat=3  ACC=0.6364  NMI=0.6831  ARI=0.5169  0.3s

=== train[410] k=3  dim=900  frames=160  σ=0.25  fold=12  seqs=['seq_000019', 'seq_000024', 'seq_000033'] ===
  OSC: k_hat=3  ACC=1.0000  NMI=1.0000  ARI=1.0000  0.6s

=== train[411] k=3  dim=900  frames=219  σ=0.25  fold=12  seqs=['seq_000002', 'seq_000012', 'seq_000023'] ===
  OSC: k_hat=3  ACC=0.6986  NMI=0.6534  ARI=0.4586  0.9s

=== train[412] k=3  dim=900  frames=164  σ=0.25  fold=12  seqs=['seq_000020', 'seq_000022', 'seq_000028'] ===
  OSC: k_hat=3  ACC=0.6951  NMI=0.5879  ARI=0.4779  0.6s

=== train[413] k=3  dim=900  frames=252  σ=0.25  fold=12  seqs=['seq_000004', 'seq_000011', 'seq_000042'] ===
  OSC: k_hat=3  ACC=1.0000  NMI=1.0000  ARI=1.0000  1.1s

=== train[414] k=3  dim=900  frames=235  σ=0.25  fold=12  seqs=['seq_000017', 'seq_000031', 'seq_000039'] ===
  OSC: k_hat=3  ACC=1.0000  NMI=1.0000  ARI=1.0000  1.0s

=== train[415] k=3  dim=900  frames=155  σ=0.25  fold=12  seqs=['seq_000009', 'seq_000021', 'seq_000029'] ===
  OSC: k_hat=3  ACC=1.0000  NMI=1.0000  ARI=1.0000  0.6s

=== train[416] k=3  dim=900  frames=153  σ=0.25  fold=12  seqs=['seq_000018', 'seq_000036', 'seq_000043'] ===
  OSC: k_hat=3  ACC=0.7059  NMI=0.6688  ARI=0.4727  0.5s

=== train[417] k=3  dim=900  frames=149  σ=0.25  fold=12  seqs=['seq_000001', 'seq_000025', 'seq_000026'] ===
  OSC: k_hat=3  ACC=1.0000  NMI=1.0000  ARI=1.0000  0.5s

=== train[418] k=3  dim=900  frames=130  σ=0.25  fold=12  seqs=['seq_000027', 'seq_000040', 'seq_000041'] ===
  OSC: k_hat=3  ACC=0.5923  NMI=0.3598  ARI=0.1583  0.4s

=== train[419] k=3  dim=900  frames=99  σ=0.25  fold=12  seqs=['seq_000007', 'seq_000010', 'seq_000037'] ===
  OSC: k_hat=3  ACC=1.0000  NMI=1.0000  ARI=1.0000  0.3s

=== train[420] k=3  dim=900  frames=210  σ=0.25  fold=12  seqs=['seq_000013', 'seq_000014', 'seq_000038'] ===
  OSC: k_hat=3  ACC=0.9048  NMI=0.8049  ARI=0.7751  0.8s

=== train[421] k=3  dim=900  frames=111  σ=0.25  fold=12  seqs=['seq_000015', 'seq_000030', 'seq_000034'] ===
  OSC: k_hat=3  ACC=1.0000  NMI=1.0000  ARI=1.0000  0.3s

=== test[408] k=3  dim=900  frames=205  σ=0.25  fold=12  seqs=['seq_000006', 'seq_000008', 'seq_000044'] ===
  OSC: k_hat=3  ACC=1.0000  NMI=1.0000  ARI=1.0000  0.8s
  tune_pool_groups=20: sampling from 41 held-in sequences (overlap allowed) instead of the 13 fixed fold group(s)

============================================================
σ=0.25 fold=13  test=['seq_000015', 'seq_000030', 'seq_000034']  train mats=13  test mats=1  tune mats=20
  --- tune OSC over 20 train mats  n_trials=20 (2 params) ---
  OSC trial 0: mean ARI=0.7403  n=20  11.6s  lambda_1=0.1, lambda_2=0.1
  OSC trial 1: mean ARI=0.7406  n=20  11.5s  lambda_1=0.1568, lambda_2=0.7257
  OSC trial 2: mean ARI=0.7090  n=20  11.2s  lambda_1=0.2577, lambda_2=0.1512
  OSC trial 3: mean ARI=0.7205  n=20  11.3s  lambda_1=0.0495, lambda_2=0.3833
  OSC trial 4: mean ARI=0.7205  n=20  11.5s  lambda_1=0.05628, lambda_2=3.691
  OSC trial 5: mean ARI=0.0117  n=20  11.2s  lambda_1=7.156, lambda_2=0.03418
  OSC trial 6: mean ARI=0.0117  n=20  11.3s  lambda_1=1.469, lambda_2=0.1305
  OSC trial 7: mean ARI=0.7404  n=20  11.9s  lambda_1=0.1871, lambda_2=5.039
  OSC trial 8: mean ARI=0.7192  n=20  12.3s  lambda_1=0.001924, lambda_2=0.002231
  OSC trial 9: mean ARI=0.7097  n=20  11.6s  lambda_1=0.001205, lambda_2=2.14
  OSC trial 10: mean ARI=0.7098  n=20  11.9s  lambda_1=0.009907, lambda_2=0.001665
  OSC trial 11: mean ARI=0.3921  n=20  11.2s  lambda_1=0.6176, lambda_2=7.682
  OSC trial 12: mean ARI=0.7230  n=20  11.4s  lambda_1=0.01113, lambda_2=0.7806
  OSC trial 13: mean ARI=0.0117  n=20  11.4s  lambda_1=1.624, lambda_2=1.323
  OSC trial 14: mean ARI=0.6999  n=20  11.6s  lambda_1=0.2757, lambda_2=9.455
  OSC trial 15: mean ARI=0.7230  n=20  11.5s  lambda_1=0.01119, lambda_2=0.5119
  OSC trial 16: mean ARI=0.7406  n=20  12.2s  lambda_1=0.1516, lambda_2=0.01758
  OSC trial 17: mean ARI=0.7222  n=20  12.3s  lambda_1=0.02695, lambda_2=0.008061
  OSC trial 18: mean ARI=0.0117  n=20  11.4s  lambda_1=0.9518, lambda_2=0.01521
  OSC trial 19: mean ARI=0.0117  n=20  11.2s  lambda_1=3.759, lambda_2=0.005631
    best mean ARI=0.7406  tune 231.5s  lambda_1=0.1516, lambda_2=0.01758
  wrote /nfs/turbo/umms-minjilab/lpullela/icassp_ssc_tv2/block_ssc_benchmark/cv/params/ballet/ballet_cluster_sigmas_0.25_params_knownk_cv_osc_k3_sigma0p25_sigma0.25_fold13.json

=== train[443] k=3  dim=900  frames=88  σ=0.25  fold=13  seqs=['seq_000003', 'seq_000005', 'seq_000035'] ===
  OSC: k_hat=3  ACC=0.6364  NMI=0.6831  ARI=0.5169  0.2s

=== train[444] k=3  dim=900  frames=160  σ=0.25  fold=13  seqs=['seq_000019', 'seq_000024', 'seq_000033'] ===
  OSC: k_hat=3  ACC=1.0000  NMI=1.0000  ARI=1.0000  0.6s

=== train[445] k=3  dim=900  frames=219  σ=0.25  fold=13  seqs=['seq_000002', 'seq_000012', 'seq_000023'] ===
  OSC: k_hat=3  ACC=0.6986  NMI=0.6534  ARI=0.4586  0.9s

=== train[446] k=3  dim=900  frames=164  σ=0.25  fold=13  seqs=['seq_000020', 'seq_000022', 'seq_000028'] ===
  OSC: k_hat=3  ACC=0.6646  NMI=0.5407  ARI=0.4147  0.6s

=== train[447] k=3  dim=900  frames=252  σ=0.25  fold=13  seqs=['seq_000004', 'seq_000011', 'seq_000042'] ===
  OSC: k_hat=3  ACC=1.0000  NMI=1.0000  ARI=1.0000  1.1s

=== train[448] k=3  dim=900  frames=235  σ=0.25  fold=13  seqs=['seq_000017', 'seq_000031', 'seq_000039'] ===
  OSC: k_hat=3  ACC=1.0000  NMI=1.0000  ARI=1.0000  0.9s

=== train[449] k=3  dim=900  frames=155  σ=0.25  fold=13  seqs=['seq_000009', 'seq_000021', 'seq_000029'] ===
  OSC: k_hat=3  ACC=1.0000  NMI=1.0000  ARI=1.0000  0.5s

=== train[450] k=3  dim=900  frames=153  σ=0.25  fold=13  seqs=['seq_000018', 'seq_000036', 'seq_000043'] ===
  OSC: k_hat=3  ACC=0.7190  NMI=0.6722  ARI=0.4788  0.5s

=== train[451] k=3  dim=900  frames=149  σ=0.25  fold=13  seqs=['seq_000001', 'seq_000025', 'seq_000026'] ===
  OSC: k_hat=3  ACC=1.0000  NMI=1.0000  ARI=1.0000  0.5s

=== train[452] k=3  dim=900  frames=130  σ=0.25  fold=13  seqs=['seq_000027', 'seq_000040', 'seq_000041'] ===
  OSC: k_hat=3  ACC=0.5923  NMI=0.3598  ARI=0.1583  0.4s

=== train[453] k=3  dim=900  frames=99  σ=0.25  fold=13  seqs=['seq_000007', 'seq_000010', 'seq_000037'] ===
  OSC: k_hat=3  ACC=1.0000  NMI=1.0000  ARI=1.0000  0.3s

=== train[454] k=3  dim=900  frames=210  σ=0.25  fold=13  seqs=['seq_000013', 'seq_000014', 'seq_000038'] ===
  OSC: k_hat=3  ACC=0.6048  NMI=0.3944  ARI=0.1718  0.8s

=== train[455] k=3  dim=900  frames=205  σ=0.25  fold=13  seqs=['seq_000006', 'seq_000008', 'seq_000044'] ===
  OSC: k_hat=3  ACC=1.0000  NMI=1.0000  ARI=1.0000  0.8s

=== test[442] k=3  dim=900  frames=111  σ=0.25  fold=13  seqs=['seq_000015', 'seq_000030', 'seq_000034'] ===
  OSC: k_hat=3  ACC=0.7117  NMI=0.6302  ARI=0.5279  0.3s

=== inference time per method ===
  OSC: mean=0.6867s  std=0.3092s  total=134.6s  n=196
wrote /nfs/turbo/umms-minjilab/lpullela/icassp_ssc_tv2/block_ssc_benchmark/cv/results/ballet/ballet_cluster_sigmas_0.25_results_knownk_cv_osc_k3_sigma0p25_timing.json

=== mean over matrices ===
  OSC train σ=0.25: ACC=0.8472  NMI=0.8101  ARI=0.7320  n=182
  OSC test σ=0.25: ACC=0.8523  NMI=0.8126  ARI=0.7424  n=14

wrote /nfs/turbo/umms-minjilab/lpullela/icassp_ssc_tv2/block_ssc_benchmark/cv/results/ballet/ballet_cluster_sigmas_0.25_results_knownk_cv_osc_k3_sigma0p25.csv
end=Sun Sep  6 20:05:32 EDT 2026
Experiment completed!
