========================================
Job: cvb_gram_ncut_k8_s0p25
Method: Gram-NCut  k: 8  sigma: 0.25  tune_pool_groups: 20
========================================
host=gl3268.arc-ts.umich.edu  python=/home/lpullela/miniconda3/envs/ssc_559/bin/python  start=Sun Sep  6 19:01:39 EDT 2026
=== Ballet Clustering Experiment ===
k=8  n_test=15  n_train_combos=24  n_test_combos=18  n_trials=20  down_hw=30  full_data=False  n_frames ~ Unif[10, 100]  seed=0
hetero_noise=False  sigmas=(0.25,)  append=False  no_tune=False  known_k=True  csv=ballet_cluster_sigmas_0.25_results_knownk_cv_gram_ncut_k8_sigma0p25.csv
SSC-Block-TV block_size searched in [2, 12]

Loading 44 sequences once (reused across combinations)
  seq_000001: frames=53  dim=900
  seq_000002: frames=78  dim=900
  seq_000003: frames=13  dim=900
  seq_000004: frames=84  dim=900
  seq_000005: frames=32  dim=900
  seq_000006: frames=89  dim=900
  seq_000007: frames=34  dim=900
  seq_000008: frames=33  dim=900
  seq_000009: frames=68  dim=900
  seq_000010: frames=17  dim=900
  seq_000011: frames=88  dim=900
  seq_000012: frames=86  dim=900
  seq_000013: frames=84  dim=900
  seq_000014: frames=51  dim=900
  seq_000015: frames=21  dim=900
  seq_000016: frames=21  dim=900
  seq_000017: frames=98  dim=900
  seq_000018: frames=44  dim=900
  seq_000019: frames=92  dim=900
  seq_000020: frames=55  dim=900
  seq_000021: frames=11  dim=900
  seq_000022: frames=15  dim=900
  seq_000023: frames=55  dim=900
  seq_000024: frames=20  dim=900
  seq_000025: frames=78  dim=900
  seq_000026: frames=18  dim=900
  seq_000027: frames=36  dim=900
  seq_000028: frames=94  dim=900
  seq_000029: frames=76  dim=900
  seq_000030: frames=39  dim=900
  seq_000031: frames=48  dim=900
  seq_000032: frames=36  dim=900
  seq_000033: frames=48  dim=900
  seq_000034: frames=51  dim=900
  seq_000035: frames=43  dim=900
  seq_000036: frames=80  dim=900
  seq_000037: frames=48  dim=900
  seq_000038: frames=75  dim=900
  seq_000039: frames=89  dim=900
  seq_000040: frames=43  dim=900
  seq_000041: frames=51  dim=900
  seq_000042: frames=80  dim=900
  seq_000043: frames=29  dim=900
  seq_000044: frames=83  dim=900

Methods: ['Gram-NCut']
CV mode: 5 folds of size 8, each rotated as test
  4 sequences unused (remainder dropped)
  fold 0: ['seq_000002', 'seq_000003', 'seq_000005', 'seq_000012', 'seq_000019', 'seq_000024', 'seq_000033', 'seq_000035']
  fold 1: ['seq_000004', 'seq_000011', 'seq_000020', 'seq_000022', 'seq_000023', 'seq_000028', 'seq_000039', 'seq_000042']
  fold 2: ['seq_000009', 'seq_000017', 'seq_000018', 'seq_000021', 'seq_000029', 'seq_000031', 'seq_000036', 'seq_000043']
  fold 3: ['seq_000001', 'seq_000007', 'seq_000010', 'seq_000025', 'seq_000026', 'seq_000027', 'seq_000040', 'seq_000041']
  fold 4: ['seq_000006', 'seq_000008', 'seq_000013', 'seq_000014', 'seq_000015', 'seq_000037', 'seq_000038', 'seq_000044']
  tune_pool_groups=20: sampling from 36 held-in sequences (overlap allowed) instead of the 4 fixed fold group(s)

============================================================
σ=0.25 fold=0  test=['seq_000002', 'seq_000003', 'seq_000005', 'seq_000012', 'seq_000019', 'seq_000024', 'seq_000033', 'seq_000035']  train mats=4  test mats=1  tune mats=20
  Gram-NCut: skip tuning, fixed 
  wrote /nfs/turbo/umms-minjilab/lpullela/icassp_ssc_tv2/block_ssc_benchmark/cv/params/ballet/ballet_cluster_sigmas_0.25_params_knownk_cv_gram_ncut_k8_sigma0p25_sigma0.25_fold0.json

=== train[1] k=8  dim=900  frames=560  σ=0.25  fold=0  seqs=['seq_000004', 'seq_000011', 'seq_000020', 'seq_000022', 'seq_000023', 'seq_000028', 'seq_000039', 'seq_000042'] ===
  Gram-NCut: k_hat=8  ACC=0.9125  NMI=0.9097  ARI=0.8760  0.5s

=== train[2] k=8  dim=900  frames=454  σ=0.25  fold=0  seqs=['seq_000009', 'seq_000017', 'seq_000018', 'seq_000021', 'seq_000029', 'seq_000031', 'seq_000036', 'seq_000043'] ===
  Gram-NCut: k_hat=8  ACC=0.7070  NMI=0.8640  ARI=0.6757  0.3s

=== train[3] k=8  dim=900  frames=330  σ=0.25  fold=0  seqs=['seq_000001', 'seq_000007', 'seq_000010', 'seq_000025', 'seq_000026', 'seq_000027', 'seq_000040', 'seq_000041'] ===
  Gram-NCut: k_hat=8  ACC=0.8485  NMI=0.8972  ARI=0.8234  0.2s

=== train[4] k=8  dim=900  frames=484  σ=0.25  fold=0  seqs=['seq_000006', 'seq_000008', 'seq_000013', 'seq_000014', 'seq_000015', 'seq_000037', 'seq_000038', 'seq_000044'] ===
  Gram-NCut: k_hat=8  ACC=0.9277  NMI=0.9497  ARI=0.9288  0.4s

=== test[0] k=8  dim=900  frames=412  σ=0.25  fold=0  seqs=['seq_000002', 'seq_000003', 'seq_000005', 'seq_000012', 'seq_000019', 'seq_000024', 'seq_000033', 'seq_000035'] ===
  Gram-NCut: k_hat=8  ACC=0.9053  NMI=0.9276  ARI=0.8728  0.3s
  tune_pool_groups=20: sampling from 36 held-in sequences (overlap allowed) instead of the 4 fixed fold group(s)

============================================================
σ=0.25 fold=1  test=['seq_000004', 'seq_000011', 'seq_000020', 'seq_000022', 'seq_000023', 'seq_000028', 'seq_000039', 'seq_000042']  train mats=4  test mats=1  tune mats=20
  Gram-NCut: skip tuning, fixed 
  wrote /nfs/turbo/umms-minjilab/lpullela/icassp_ssc_tv2/block_ssc_benchmark/cv/params/ballet/ballet_cluster_sigmas_0.25_params_knownk_cv_gram_ncut_k8_sigma0p25_sigma0.25_fold1.json

=== train[26] k=8  dim=900  frames=412  σ=0.25  fold=1  seqs=['seq_000002', 'seq_000003', 'seq_000005', 'seq_000012', 'seq_000019', 'seq_000024', 'seq_000033', 'seq_000035'] ===
  Gram-NCut: k_hat=8  ACC=0.9078  NMI=0.9258  ARI=0.8723  0.3s

=== train[27] k=8  dim=900  frames=454  σ=0.25  fold=1  seqs=['seq_000009', 'seq_000017', 'seq_000018', 'seq_000021', 'seq_000029', 'seq_000031', 'seq_000036', 'seq_000043'] ===
  Gram-NCut: k_hat=8  ACC=0.7115  NMI=0.8641  ARI=0.6762  0.3s

=== train[28] k=8  dim=900  frames=330  σ=0.25  fold=1  seqs=['seq_000001', 'seq_000007', 'seq_000010', 'seq_000025', 'seq_000026', 'seq_000027', 'seq_000040', 'seq_000041'] ===
  Gram-NCut: k_hat=8  ACC=0.8515  NMI=0.8972  ARI=0.8236  0.2s

=== train[29] k=8  dim=900  frames=484  σ=0.25  fold=1  seqs=['seq_000006', 'seq_000008', 'seq_000013', 'seq_000014', 'seq_000015', 'seq_000037', 'seq_000038', 'seq_000044'] ===
  Gram-NCut: k_hat=8  ACC=0.9277  NMI=0.9358  ARI=0.9255  0.4s

=== test[25] k=8  dim=900  frames=560  σ=0.25  fold=1  seqs=['seq_000004', 'seq_000011', 'seq_000020', 'seq_000022', 'seq_000023', 'seq_000028', 'seq_000039', 'seq_000042'] ===
  Gram-NCut: k_hat=8  ACC=0.9107  NMI=0.9060  ARI=0.8714  0.5s
  tune_pool_groups=20: sampling from 36 held-in sequences (overlap allowed) instead of the 4 fixed fold group(s)

============================================================
σ=0.25 fold=2  test=['seq_000009', 'seq_000017', 'seq_000018', 'seq_000021', 'seq_000029', 'seq_000031', 'seq_000036', 'seq_000043']  train mats=4  test mats=1  tune mats=20
  Gram-NCut: skip tuning, fixed 
  wrote /nfs/turbo/umms-minjilab/lpullela/icassp_ssc_tv2/block_ssc_benchmark/cv/params/ballet/ballet_cluster_sigmas_0.25_params_knownk_cv_gram_ncut_k8_sigma0p25_sigma0.25_fold2.json

=== train[51] k=8  dim=900  frames=412  σ=0.25  fold=2  seqs=['seq_000002', 'seq_000003', 'seq_000005', 'seq_000012', 'seq_000019', 'seq_000024', 'seq_000033', 'seq_000035'] ===
  Gram-NCut: k_hat=8  ACC=0.7913  NMI=0.8771  ARI=0.7873  0.3s

=== train[52] k=8  dim=900  frames=560  σ=0.25  fold=2  seqs=['seq_000004', 'seq_000011', 'seq_000020', 'seq_000022', 'seq_000023', 'seq_000028', 'seq_000039', 'seq_000042'] ===
  Gram-NCut: k_hat=8  ACC=0.9143  NMI=0.9146  ARI=0.8806  0.5s

=== train[53] k=8  dim=900  frames=330  σ=0.25  fold=2  seqs=['seq_000001', 'seq_000007', 'seq_000010', 'seq_000025', 'seq_000026', 'seq_000027', 'seq_000040', 'seq_000041'] ===
  Gram-NCut: k_hat=8  ACC=0.8121  NMI=0.8407  ARI=0.6885  0.2s

=== train[54] k=8  dim=900  frames=484  σ=0.25  fold=2  seqs=['seq_000006', 'seq_000008', 'seq_000013', 'seq_000014', 'seq_000015', 'seq_000037', 'seq_000038', 'seq_000044'] ===
  Gram-NCut: k_hat=8  ACC=0.9277  NMI=0.9397  ARI=0.9266  0.4s

=== test[50] k=8  dim=900  frames=454  σ=0.25  fold=2  seqs=['seq_000009', 'seq_000017', 'seq_000018', 'seq_000021', 'seq_000029', 'seq_000031', 'seq_000036', 'seq_000043'] ===
  Gram-NCut: k_hat=8  ACC=0.7026  NMI=0.8634  ARI=0.6728  0.3s
  tune_pool_groups=20: sampling from 36 held-in sequences (overlap allowed) instead of the 4 fixed fold group(s)

============================================================
σ=0.25 fold=3  test=['seq_000001', 'seq_000007', 'seq_000010', 'seq_000025', 'seq_000026', 'seq_000027', 'seq_000040', 'seq_000041']  train mats=4  test mats=1  tune mats=20
  Gram-NCut: skip tuning, fixed 
  wrote /nfs/turbo/umms-minjilab/lpullela/icassp_ssc_tv2/block_ssc_benchmark/cv/params/ballet/ballet_cluster_sigmas_0.25_params_knownk_cv_gram_ncut_k8_sigma0p25_sigma0.25_fold3.json

=== train[76] k=8  dim=900  frames=412  σ=0.25  fold=3  seqs=['seq_000002', 'seq_000003', 'seq_000005', 'seq_000012', 'seq_000019', 'seq_000024', 'seq_000033', 'seq_000035'] ===
  Gram-NCut: k_hat=8  ACC=0.8034  NMI=0.8745  ARI=0.7855  0.3s

=== train[77] k=8  dim=900  frames=560  σ=0.25  fold=3  seqs=['seq_000004', 'seq_000011', 'seq_000020', 'seq_000022', 'seq_000023', 'seq_000028', 'seq_000039', 'seq_000042'] ===
  Gram-NCut: k_hat=8  ACC=0.9125  NMI=0.9097  ARI=0.8760  0.5s

=== train[78] k=8  dim=900  frames=454  σ=0.25  fold=3  seqs=['seq_000009', 'seq_000017', 'seq_000018', 'seq_000021', 'seq_000029', 'seq_000031', 'seq_000036', 'seq_000043'] ===
  Gram-NCut: k_hat=8  ACC=0.6982  NMI=0.8629  ARI=0.6708  0.3s

=== train[79] k=8  dim=900  frames=484  σ=0.25  fold=3  seqs=['seq_000006', 'seq_000008', 'seq_000013', 'seq_000014', 'seq_000015', 'seq_000037', 'seq_000038', 'seq_000044'] ===
  Gram-NCut: k_hat=8  ACC=0.9277  NMI=0.9497  ARI=0.9288  0.4s

=== test[75] k=8  dim=900  frames=330  σ=0.25  fold=3  seqs=['seq_000001', 'seq_000007', 'seq_000010', 'seq_000025', 'seq_000026', 'seq_000027', 'seq_000040', 'seq_000041'] ===
  Gram-NCut: k_hat=8  ACC=0.8152  NMI=0.8616  ARI=0.7571  0.2s
  tune_pool_groups=20: sampling from 36 held-in sequences (overlap allowed) instead of the 4 fixed fold group(s)

============================================================
σ=0.25 fold=4  test=['seq_000006', 'seq_000008', 'seq_000013', 'seq_000014', 'seq_000015', 'seq_000037', 'seq_000038', 'seq_000044']  train mats=4  test mats=1  tune mats=20
  Gram-NCut: skip tuning, fixed 
  wrote /nfs/turbo/umms-minjilab/lpullela/icassp_ssc_tv2/block_ssc_benchmark/cv/params/ballet/ballet_cluster_sigmas_0.25_params_knownk_cv_gram_ncut_k8_sigma0p25_sigma0.25_fold4.json

=== train[101] k=8  dim=900  frames=412  σ=0.25  fold=4  seqs=['seq_000002', 'seq_000003', 'seq_000005', 'seq_000012', 'seq_000019', 'seq_000024', 'seq_000033', 'seq_000035'] ===
  Gram-NCut: k_hat=8  ACC=0.9029  NMI=0.9245  ARI=0.8681  0.3s

=== train[102] k=8  dim=900  frames=560  σ=0.25  fold=4  seqs=['seq_000004', 'seq_000011', 'seq_000020', 'seq_000022', 'seq_000023', 'seq_000028', 'seq_000039', 'seq_000042'] ===
  Gram-NCut: k_hat=8  ACC=0.9125  NMI=0.9076  ARI=0.8747  0.5s

=== train[103] k=8  dim=900  frames=454  σ=0.25  fold=4  seqs=['seq_000009', 'seq_000017', 'seq_000018', 'seq_000021', 'seq_000029', 'seq_000031', 'seq_000036', 'seq_000043'] ===
  Gram-NCut: k_hat=8  ACC=0.7048  NMI=0.8634  ARI=0.6731  0.3s

=== train[104] k=8  dim=900  frames=330  σ=0.25  fold=4  seqs=['seq_000001', 'seq_000007', 'seq_000010', 'seq_000025', 'seq_000026', 'seq_000027', 'seq_000040', 'seq_000041'] ===
  Gram-NCut: k_hat=8  ACC=0.8485  NMI=0.8963  ARI=0.8224  0.2s

=== test[100] k=8  dim=900  frames=484  σ=0.25  fold=4  seqs=['seq_000006', 'seq_000008', 'seq_000013', 'seq_000014', 'seq_000015', 'seq_000037', 'seq_000038', 'seq_000044'] ===
  Gram-NCut: k_hat=8  ACC=0.9277  NMI=0.9357  ARI=0.9255  0.4s

=== inference time per method ===
  Gram-NCut: mean=0.3449s  std=0.1155s  total=8.6s  n=25
wrote /nfs/turbo/umms-minjilab/lpullela/icassp_ssc_tv2/block_ssc_benchmark/cv/results/ballet/ballet_cluster_sigmas_0.25_results_knownk_cv_gram_ncut_k8_sigma0p25_timing.json

=== mean over matrices ===
  Gram-NCut train σ=0.25: ACC=0.8475  NMI=0.9002  ARI=0.8192  n=20
  Gram-NCut test σ=0.25: ACC=0.8523  NMI=0.8989  ARI=0.8199  n=5

wrote /nfs/turbo/umms-minjilab/lpullela/icassp_ssc_tv2/block_ssc_benchmark/cv/results/ballet/ballet_cluster_sigmas_0.25_results_knownk_cv_gram_ncut_k8_sigma0p25.csv
end=Sun Sep  6 19:01:54 EDT 2026
Experiment completed!
