========================================
Job: cvb_gram_ncut_k8_s0p5
Method: Gram-NCut  k: 8  sigma: 0.5  tune_pool_groups: 20
========================================
host=gl3268.arc-ts.umich.edu  python=/home/lpullela/miniconda3/envs/ssc_559/bin/python  start=Sun Sep  6 19:01:39 EDT 2026
=== Ballet Clustering Experiment ===
k=8  n_test=15  n_train_combos=24  n_test_combos=18  n_trials=20  down_hw=30  full_data=False  n_frames ~ Unif[10, 100]  seed=0
hetero_noise=False  sigmas=(0.5,)  append=False  no_tune=False  known_k=True  csv=ballet_cluster_sigmas_0.5_results_knownk_cv_gram_ncut_k8_sigma0p5.csv
SSC-Block-TV block_size searched in [2, 12]

Loading 44 sequences once (reused across combinations)
  seq_000001: frames=53  dim=900
  seq_000002: frames=78  dim=900
  seq_000003: frames=13  dim=900
  seq_000004: frames=84  dim=900
  seq_000005: frames=32  dim=900
  seq_000006: frames=89  dim=900
  seq_000007: frames=34  dim=900
  seq_000008: frames=33  dim=900
  seq_000009: frames=68  dim=900
  seq_000010: frames=17  dim=900
  seq_000011: frames=88  dim=900
  seq_000012: frames=86  dim=900
  seq_000013: frames=84  dim=900
  seq_000014: frames=51  dim=900
  seq_000015: frames=21  dim=900
  seq_000016: frames=21  dim=900
  seq_000017: frames=98  dim=900
  seq_000018: frames=44  dim=900
  seq_000019: frames=92  dim=900
  seq_000020: frames=55  dim=900
  seq_000021: frames=11  dim=900
  seq_000022: frames=15  dim=900
  seq_000023: frames=55  dim=900
  seq_000024: frames=20  dim=900
  seq_000025: frames=78  dim=900
  seq_000026: frames=18  dim=900
  seq_000027: frames=36  dim=900
  seq_000028: frames=94  dim=900
  seq_000029: frames=76  dim=900
  seq_000030: frames=39  dim=900
  seq_000031: frames=48  dim=900
  seq_000032: frames=36  dim=900
  seq_000033: frames=48  dim=900
  seq_000034: frames=51  dim=900
  seq_000035: frames=43  dim=900
  seq_000036: frames=80  dim=900
  seq_000037: frames=48  dim=900
  seq_000038: frames=75  dim=900
  seq_000039: frames=89  dim=900
  seq_000040: frames=43  dim=900
  seq_000041: frames=51  dim=900
  seq_000042: frames=80  dim=900
  seq_000043: frames=29  dim=900
  seq_000044: frames=83  dim=900

Methods: ['Gram-NCut']
CV mode: 5 folds of size 8, each rotated as test
  4 sequences unused (remainder dropped)
  fold 0: ['seq_000002', 'seq_000003', 'seq_000005', 'seq_000012', 'seq_000019', 'seq_000024', 'seq_000033', 'seq_000035']
  fold 1: ['seq_000004', 'seq_000011', 'seq_000020', 'seq_000022', 'seq_000023', 'seq_000028', 'seq_000039', 'seq_000042']
  fold 2: ['seq_000009', 'seq_000017', 'seq_000018', 'seq_000021', 'seq_000029', 'seq_000031', 'seq_000036', 'seq_000043']
  fold 3: ['seq_000001', 'seq_000007', 'seq_000010', 'seq_000025', 'seq_000026', 'seq_000027', 'seq_000040', 'seq_000041']
  fold 4: ['seq_000006', 'seq_000008', 'seq_000013', 'seq_000014', 'seq_000015', 'seq_000037', 'seq_000038', 'seq_000044']
  tune_pool_groups=20: sampling from 36 held-in sequences (overlap allowed) instead of the 4 fixed fold group(s)

============================================================
σ=0.5 fold=0  test=['seq_000002', 'seq_000003', 'seq_000005', 'seq_000012', 'seq_000019', 'seq_000024', 'seq_000033', 'seq_000035']  train mats=4  test mats=1  tune mats=20
  Gram-NCut: skip tuning, fixed 
  wrote /nfs/turbo/umms-minjilab/lpullela/icassp_ssc_tv2/block_ssc_benchmark/cv/params/ballet/ballet_cluster_sigmas_0.5_params_knownk_cv_gram_ncut_k8_sigma0p5_sigma0.5_fold0.json

=== train[1] k=8  dim=900  frames=560  σ=0.5  fold=0  seqs=['seq_000004', 'seq_000011', 'seq_000020', 'seq_000022', 'seq_000023', 'seq_000028', 'seq_000039', 'seq_000042'] ===
  Gram-NCut: k_hat=8  ACC=0.8893  NMI=0.9377  ARI=0.8986  0.5s

=== train[2] k=8  dim=900  frames=454  σ=0.5  fold=0  seqs=['seq_000009', 'seq_000017', 'seq_000018', 'seq_000021', 'seq_000029', 'seq_000031', 'seq_000036', 'seq_000043'] ===
  Gram-NCut: k_hat=8  ACC=0.7070  NMI=0.8640  ARI=0.6757  0.3s

=== train[3] k=8  dim=900  frames=330  σ=0.5  fold=0  seqs=['seq_000001', 'seq_000007', 'seq_000010', 'seq_000025', 'seq_000026', 'seq_000027', 'seq_000040', 'seq_000041'] ===
  Gram-NCut: k_hat=8  ACC=0.8485  NMI=0.8972  ARI=0.8234  0.2s

=== train[4] k=8  dim=900  frames=484  σ=0.5  fold=0  seqs=['seq_000006', 'seq_000008', 'seq_000013', 'seq_000014', 'seq_000015', 'seq_000037', 'seq_000038', 'seq_000044'] ===
  Gram-NCut: k_hat=8  ACC=0.8492  NMI=0.9026  ARI=0.8286  0.4s

=== test[0] k=8  dim=900  frames=412  σ=0.5  fold=0  seqs=['seq_000002', 'seq_000003', 'seq_000005', 'seq_000012', 'seq_000019', 'seq_000024', 'seq_000033', 'seq_000035'] ===
  Gram-NCut: k_hat=8  ACC=0.7937  NMI=0.8714  ARI=0.7831  0.3s
  tune_pool_groups=20: sampling from 36 held-in sequences (overlap allowed) instead of the 4 fixed fold group(s)

============================================================
σ=0.5 fold=1  test=['seq_000004', 'seq_000011', 'seq_000020', 'seq_000022', 'seq_000023', 'seq_000028', 'seq_000039', 'seq_000042']  train mats=4  test mats=1  tune mats=20
  Gram-NCut: skip tuning, fixed 
  wrote /nfs/turbo/umms-minjilab/lpullela/icassp_ssc_tv2/block_ssc_benchmark/cv/params/ballet/ballet_cluster_sigmas_0.5_params_knownk_cv_gram_ncut_k8_sigma0p5_sigma0.5_fold1.json

=== train[26] k=8  dim=900  frames=412  σ=0.5  fold=1  seqs=['seq_000002', 'seq_000003', 'seq_000005', 'seq_000012', 'seq_000019', 'seq_000024', 'seq_000033', 'seq_000035'] ===
  Gram-NCut: k_hat=8  ACC=0.7985  NMI=0.8692  ARI=0.7797  0.3s

=== train[27] k=8  dim=900  frames=454  σ=0.5  fold=1  seqs=['seq_000009', 'seq_000017', 'seq_000018', 'seq_000021', 'seq_000029', 'seq_000031', 'seq_000036', 'seq_000043'] ===
  Gram-NCut: k_hat=8  ACC=0.7093  NMI=0.8639  ARI=0.6751  0.3s

=== train[28] k=8  dim=900  frames=330  σ=0.5  fold=1  seqs=['seq_000001', 'seq_000007', 'seq_000010', 'seq_000025', 'seq_000026', 'seq_000027', 'seq_000040', 'seq_000041'] ===
  Gram-NCut: k_hat=8  ACC=0.8485  NMI=0.8898  ARI=0.8177  0.2s

=== train[29] k=8  dim=900  frames=484  σ=0.5  fold=1  seqs=['seq_000006', 'seq_000008', 'seq_000013', 'seq_000014', 'seq_000015', 'seq_000037', 'seq_000038', 'seq_000044'] ===
  Gram-NCut: k_hat=8  ACC=0.8512  NMI=0.8863  ARI=0.8207  0.4s

=== test[25] k=8  dim=900  frames=560  σ=0.5  fold=1  seqs=['seq_000004', 'seq_000011', 'seq_000020', 'seq_000022', 'seq_000023', 'seq_000028', 'seq_000039', 'seq_000042'] ===
  Gram-NCut: k_hat=8  ACC=0.9089  NMI=0.9050  ARI=0.8701  0.5s
  tune_pool_groups=20: sampling from 36 held-in sequences (overlap allowed) instead of the 4 fixed fold group(s)

============================================================
σ=0.5 fold=2  test=['seq_000009', 'seq_000017', 'seq_000018', 'seq_000021', 'seq_000029', 'seq_000031', 'seq_000036', 'seq_000043']  train mats=4  test mats=1  tune mats=20
  Gram-NCut: skip tuning, fixed 
  wrote /nfs/turbo/umms-minjilab/lpullela/icassp_ssc_tv2/block_ssc_benchmark/cv/params/ballet/ballet_cluster_sigmas_0.5_params_knownk_cv_gram_ncut_k8_sigma0p5_sigma0.5_fold2.json

=== train[51] k=8  dim=900  frames=412  σ=0.5  fold=2  seqs=['seq_000002', 'seq_000003', 'seq_000005', 'seq_000012', 'seq_000019', 'seq_000024', 'seq_000033', 'seq_000035'] ===
  Gram-NCut: k_hat=8  ACC=0.7937  NMI=0.8677  ARI=0.7826  0.3s

=== train[52] k=8  dim=900  frames=560  σ=0.5  fold=2  seqs=['seq_000004', 'seq_000011', 'seq_000020', 'seq_000022', 'seq_000023', 'seq_000028', 'seq_000039', 'seq_000042'] ===
  Gram-NCut: k_hat=8  ACC=0.9125  NMI=0.9097  ARI=0.8761  0.5s

=== train[53] k=8  dim=900  frames=330  σ=0.5  fold=2  seqs=['seq_000001', 'seq_000007', 'seq_000010', 'seq_000025', 'seq_000026', 'seq_000027', 'seq_000040', 'seq_000041'] ===
  Gram-NCut: k_hat=8  ACC=0.8121  NMI=0.8407  ARI=0.6885  0.2s

=== train[54] k=8  dim=900  frames=484  σ=0.5  fold=2  seqs=['seq_000006', 'seq_000008', 'seq_000013', 'seq_000014', 'seq_000015', 'seq_000037', 'seq_000038', 'seq_000044'] ===
  Gram-NCut: k_hat=8  ACC=0.9236  NMI=0.9296  ARI=0.9182  0.4s

=== test[50] k=8  dim=900  frames=454  σ=0.5  fold=2  seqs=['seq_000009', 'seq_000017', 'seq_000018', 'seq_000021', 'seq_000029', 'seq_000031', 'seq_000036', 'seq_000043'] ===
  Gram-NCut: k_hat=8  ACC=0.6652  NMI=0.8299  ARI=0.6424  0.3s
  tune_pool_groups=20: sampling from 36 held-in sequences (overlap allowed) instead of the 4 fixed fold group(s)

============================================================
σ=0.5 fold=3  test=['seq_000001', 'seq_000007', 'seq_000010', 'seq_000025', 'seq_000026', 'seq_000027', 'seq_000040', 'seq_000041']  train mats=4  test mats=1  tune mats=20
  Gram-NCut: skip tuning, fixed 
  wrote /nfs/turbo/umms-minjilab/lpullela/icassp_ssc_tv2/block_ssc_benchmark/cv/params/ballet/ballet_cluster_sigmas_0.5_params_knownk_cv_gram_ncut_k8_sigma0p5_sigma0.5_fold3.json

=== train[76] k=8  dim=900  frames=412  σ=0.5  fold=3  seqs=['seq_000002', 'seq_000003', 'seq_000005', 'seq_000012', 'seq_000019', 'seq_000024', 'seq_000033', 'seq_000035'] ===
  Gram-NCut: k_hat=8  ACC=0.8107  NMI=0.8875  ARI=0.7949  0.3s

=== train[77] k=8  dim=900  frames=560  σ=0.5  fold=3  seqs=['seq_000004', 'seq_000011', 'seq_000020', 'seq_000022', 'seq_000023', 'seq_000028', 'seq_000039', 'seq_000042'] ===
  Gram-NCut: k_hat=8  ACC=0.9107  NMI=0.9110  ARI=0.8740  0.5s

=== train[78] k=8  dim=900  frames=454  σ=0.5  fold=3  seqs=['seq_000009', 'seq_000017', 'seq_000018', 'seq_000021', 'seq_000029', 'seq_000031', 'seq_000036', 'seq_000043'] ===
  Gram-NCut: k_hat=8  ACC=0.6586  NMI=0.8300  ARI=0.6410  0.3s

=== train[79] k=8  dim=900  frames=484  σ=0.5  fold=3  seqs=['seq_000006', 'seq_000008', 'seq_000013', 'seq_000014', 'seq_000015', 'seq_000037', 'seq_000038', 'seq_000044'] ===
  Gram-NCut: k_hat=8  ACC=0.8182  NMI=0.8910  ARI=0.7862  0.4s

=== test[75] k=8  dim=900  frames=330  σ=0.5  fold=3  seqs=['seq_000001', 'seq_000007', 'seq_000010', 'seq_000025', 'seq_000026', 'seq_000027', 'seq_000040', 'seq_000041'] ===
  Gram-NCut: k_hat=8  ACC=0.8212  NMI=0.8503  ARI=0.7112  0.2s
  tune_pool_groups=20: sampling from 36 held-in sequences (overlap allowed) instead of the 4 fixed fold group(s)

============================================================
σ=0.5 fold=4  test=['seq_000006', 'seq_000008', 'seq_000013', 'seq_000014', 'seq_000015', 'seq_000037', 'seq_000038', 'seq_000044']  train mats=4  test mats=1  tune mats=20
  Gram-NCut: skip tuning, fixed 
  wrote /nfs/turbo/umms-minjilab/lpullela/icassp_ssc_tv2/block_ssc_benchmark/cv/params/ballet/ballet_cluster_sigmas_0.5_params_knownk_cv_gram_ncut_k8_sigma0p5_sigma0.5_fold4.json

=== train[101] k=8  dim=900  frames=412  σ=0.5  fold=4  seqs=['seq_000002', 'seq_000003', 'seq_000005', 'seq_000012', 'seq_000019', 'seq_000024', 'seq_000033', 'seq_000035'] ===
  Gram-NCut: k_hat=8  ACC=0.9005  NMI=0.9239  ARI=0.8661  0.3s

=== train[102] k=8  dim=900  frames=560  σ=0.5  fold=4  seqs=['seq_000004', 'seq_000011', 'seq_000020', 'seq_000022', 'seq_000023', 'seq_000028', 'seq_000039', 'seq_000042'] ===
  Gram-NCut: k_hat=8  ACC=0.9125  NMI=0.9076  ARI=0.8747  0.5s

=== train[103] k=8  dim=900  frames=454  σ=0.5  fold=4  seqs=['seq_000009', 'seq_000017', 'seq_000018', 'seq_000021', 'seq_000029', 'seq_000031', 'seq_000036', 'seq_000043'] ===
  Gram-NCut: k_hat=8  ACC=0.8414  NMI=0.8803  ARI=0.7688  0.3s

=== train[104] k=8  dim=900  frames=330  σ=0.5  fold=4  seqs=['seq_000001', 'seq_000007', 'seq_000010', 'seq_000025', 'seq_000026', 'seq_000027', 'seq_000040', 'seq_000041'] ===
  Gram-NCut: k_hat=8  ACC=0.8455  NMI=0.8956  ARI=0.8214  0.2s

=== test[100] k=8  dim=900  frames=484  σ=0.5  fold=4  seqs=['seq_000006', 'seq_000008', 'seq_000013', 'seq_000014', 'seq_000015', 'seq_000037', 'seq_000038', 'seq_000044'] ===
  Gram-NCut: k_hat=8  ACC=0.8326  NMI=0.8824  ARI=0.8002  0.4s

=== inference time per method ===
  Gram-NCut: mean=0.3487s  std=0.1166s  total=8.7s  n=25
wrote /nfs/turbo/umms-minjilab/lpullela/icassp_ssc_tv2/block_ssc_benchmark/cv/results/ballet/ballet_cluster_sigmas_0.5_results_knownk_cv_gram_ncut_k8_sigma0p5_timing.json

=== mean over matrices ===
  Gram-NCut train σ=0.5: ACC=0.8321  NMI=0.8893  ARI=0.8006  n=20
  Gram-NCut test σ=0.5: ACC=0.8043  NMI=0.8678  ARI=0.7614  n=5

wrote /nfs/turbo/umms-minjilab/lpullela/icassp_ssc_tv2/block_ssc_benchmark/cv/results/ballet/ballet_cluster_sigmas_0.5_results_knownk_cv_gram_ncut_k8_sigma0p5.csv
end=Sun Sep  6 19:01:59 EDT 2026
Experiment completed!
