========================================
Job: cvb_tkss_k5_s0p25
Method: TKSS  k: 5  sigma: 0.25  tune_pool_groups: 20
========================================
host=gl3305.arc-ts.umich.edu  python=/home/lpullela/miniconda3/envs/ssc_559/bin/python  start=Sun Sep  6 19:01:08 EDT 2026
=== Ballet Clustering Experiment ===
k=5  n_test=15  n_train_combos=24  n_test_combos=18  n_trials=20  down_hw=30  full_data=False  n_frames ~ Unif[10, 100]  seed=0
hetero_noise=False  sigmas=(0.25,)  append=False  no_tune=False  known_k=True  csv=ballet_cluster_sigmas_0.25_results_knownk_cv_tkss_k5_sigma0p25.csv
SSC-Block-TV block_size searched in [2, 12]

Loading 44 sequences once (reused across combinations)
  seq_000001: frames=53  dim=900
  seq_000002: frames=78  dim=900
  seq_000003: frames=13  dim=900
  seq_000004: frames=84  dim=900
  seq_000005: frames=32  dim=900
  seq_000006: frames=89  dim=900
  seq_000007: frames=34  dim=900
  seq_000008: frames=33  dim=900
  seq_000009: frames=68  dim=900
  seq_000010: frames=17  dim=900
  seq_000011: frames=88  dim=900
  seq_000012: frames=86  dim=900
  seq_000013: frames=84  dim=900
  seq_000014: frames=51  dim=900
  seq_000015: frames=21  dim=900
  seq_000016: frames=21  dim=900
  seq_000017: frames=98  dim=900
  seq_000018: frames=44  dim=900
  seq_000019: frames=92  dim=900
  seq_000020: frames=55  dim=900
  seq_000021: frames=11  dim=900
  seq_000022: frames=15  dim=900
  seq_000023: frames=55  dim=900
  seq_000024: frames=20  dim=900
  seq_000025: frames=78  dim=900
  seq_000026: frames=18  dim=900
  seq_000027: frames=36  dim=900
  seq_000028: frames=94  dim=900
  seq_000029: frames=76  dim=900
  seq_000030: frames=39  dim=900
  seq_000031: frames=48  dim=900
  seq_000032: frames=36  dim=900
  seq_000033: frames=48  dim=900
  seq_000034: frames=51  dim=900
  seq_000035: frames=43  dim=900
  seq_000036: frames=80  dim=900
  seq_000037: frames=48  dim=900
  seq_000038: frames=75  dim=900
  seq_000039: frames=89  dim=900
  seq_000040: frames=43  dim=900
  seq_000041: frames=51  dim=900
  seq_000042: frames=80  dim=900
  seq_000043: frames=29  dim=900
  seq_000044: frames=83  dim=900

Methods: ['TKSS']
CV mode: 8 folds of size 5, each rotated as test
  4 sequences unused (remainder dropped)
  fold 0: ['seq_000003', 'seq_000005', 'seq_000019', 'seq_000024', 'seq_000035']
  fold 1: ['seq_000002', 'seq_000012', 'seq_000020', 'seq_000023', 'seq_000033']
  fold 2: ['seq_000004', 'seq_000011', 'seq_000022', 'seq_000028', 'seq_000042']
  fold 3: ['seq_000017', 'seq_000021', 'seq_000029', 'seq_000031', 'seq_000039']
  fold 4: ['seq_000001', 'seq_000009', 'seq_000018', 'seq_000036', 'seq_000043']
  fold 5: ['seq_000025', 'seq_000026', 'seq_000027', 'seq_000040', 'seq_000041']
  fold 6: ['seq_000007', 'seq_000010', 'seq_000014', 'seq_000037', 'seq_000038']
  fold 7: ['seq_000006', 'seq_000008', 'seq_000013', 'seq_000015', 'seq_000044']
  tune_pool_groups=20: sampling from 39 held-in sequences (overlap allowed) instead of the 7 fixed fold group(s)

============================================================
σ=0.25 fold=0  test=['seq_000003', 'seq_000005', 'seq_000019', 'seq_000024', 'seq_000035']  train mats=7  test mats=1  tune mats=20
  --- tune TKSS over 20 train mats  n_trials=30 (3 params) ---
  TKSS trial 0: mean ARI=0.5813  n=20  6.4s  d=5, lam=1, s=2
  TKSS trial 1: mean ARI=0.5737  n=20  13.9s  d=9, lam=1.398, s=4
  TKSS trial 2: mean ARI=0.5767  n=20  5.9s  d=9, lam=0.1866, s=4
  TKSS trial 3: mean ARI=0.5762  n=20  20.0s  d=7, lam=4.735, s=6
  TKSS trial 4: mean ARI=0.5796  n=20  13.8s  d=6, lam=2.372, s=4
  TKSS trial 5: mean ARI=0.5801  n=20  3.3s  d=9, lam=5.981, s=1
  TKSS trial 6: mean ARI=0.6015  n=20  11.7s  d=2, lam=0.0115, s=5
  TKSS trial 7: mean ARI=0.5645  n=20  24.4s  d=12, lam=4.074, s=6
  TKSS trial 8: mean ARI=0.5704  n=20  9.8s  d=12, lam=0.2423, s=5
  TKSS trial 9: mean ARI=0.6117  n=20  16.5s  d=2, lam=0.8313, s=1
  TKSS trial 10: mean ARI=0.5801  n=20  2.4s  d=15, lam=0.01463, s=2
  TKSS trial 11: mean ARI=0.5717  n=20  16.1s  d=1, lam=0.01211, s=1
  TKSS trial 12: mean ARI=0.5792  n=20  16.7s  d=1, lam=0.05122, s=3
  TKSS trial 13: mean ARI=0.5904  n=20  12.5s  d=3, lam=0.2955, s=3
  TKSS trial 14: mean ARI=0.5882  n=20  10.0s  d=3, lam=0.06854, s=5
  TKSS trial 15: mean ARI=0.5892  n=20  13.8s  d=3, lam=0.5999, s=2
  TKSS trial 16: mean ARI=0.5847  n=20  5.2s  d=4, lam=0.04234, s=5
  TKSS trial 17: mean ARI=0.5805  n=20  18.4s  d=1, lam=0.09033, s=3
  TKSS trial 18: mean ARI=0.6013  n=20  9.9s  d=2, lam=0.02297, s=1
  TKSS trial 19: mean ARI=0.5849  n=20  16.1s  d=5, lam=0.4708, s=6
  TKSS trial 20: mean ARI=0.5786  n=20  5.4s  d=7, lam=8.827, s=2
  TKSS trial 21: mean ARI=0.6013  n=20  10.0s  d=2, lam=0.02433, s=1
  TKSS trial 22: mean ARI=0.6015  n=20  9.8s  d=2, lam=0.02607, s=1
  TKSS trial 23: mean ARI=0.5819  n=20  3.8s  d=4, lam=0.01012, s=1
  TKSS trial 24: mean ARI=0.6111  n=20  14.6s  d=2, lam=0.1284, s=2
  TKSS trial 25: mean ARI=0.5840  n=20  5.6s  d=4, lam=0.1199, s=2
  TKSS trial 26: mean ARI=0.5983  n=20  18.2s  d=1, lam=0.1488, s=3
  TKSS trial 27: mean ARI=0.5849  n=20  19.0s  d=3, lam=0.4511, s=4
  TKSS trial 28: mean ARI=0.5813  n=20  6.3s  d=5, lam=0.9787, s=2
  TKSS trial 29: mean ARI=0.5804  n=20  7.0s  d=5, lam=1.946, s=2
    best mean ARI=0.6117  tune 346.8s  d=2, lam=0.8313, s=1
  wrote /nfs/turbo/umms-minjilab/lpullela/icassp_ssc_tv2/block_ssc_benchmark/cv/params/ballet/ballet_cluster_sigmas_0.25_params_knownk_cv_tkss_k5_sigma0p25_sigma0.25_fold0.json

=== train[1] k=5  dim=900  frames=322  σ=0.25  fold=0  seqs=['seq_000002', 'seq_000012', 'seq_000020', 'seq_000023', 'seq_000033'] ===
  TKSS: k_hat=5  ACC=0.8043  NMI=0.7594  ARI=0.6949  1.3s

=== train[2] k=5  dim=900  frames=361  σ=0.25  fold=0  seqs=['seq_000004', 'seq_000011', 'seq_000022', 'seq_000028', 'seq_000042'] ===
  TKSS: k_hat=5  ACC=0.7258  NMI=0.6879  ARI=0.6021  1.2s

=== train[3] k=5  dim=900  frames=322  σ=0.25  fold=0  seqs=['seq_000017', 'seq_000021', 'seq_000029', 'seq_000031', 'seq_000039'] ===
  TKSS: k_hat=5  ACC=0.7578  NMI=0.6776  ARI=0.6052  1.3s

=== train[4] k=5  dim=900  frames=274  σ=0.25  fold=0  seqs=['seq_000001', 'seq_000009', 'seq_000018', 'seq_000036', 'seq_000043'] ===
  TKSS: k_hat=5  ACC=0.8577  NMI=0.8163  ARI=0.7187  0.2s

=== train[5] k=5  dim=900  frames=226  σ=0.25  fold=0  seqs=['seq_000025', 'seq_000026', 'seq_000027', 'seq_000040', 'seq_000041'] ===
  TKSS: k_hat=5  ACC=0.7876  NMI=0.7790  ARI=0.6286  0.4s

=== train[6] k=5  dim=900  frames=225  σ=0.25  fold=0  seqs=['seq_000007', 'seq_000010', 'seq_000014', 'seq_000037', 'seq_000038'] ===
  TKSS: k_hat=5  ACC=0.7156  NMI=0.7462  ARI=0.6071  0.6s

=== train[7] k=5  dim=900  frames=310  σ=0.25  fold=0  seqs=['seq_000006', 'seq_000008', 'seq_000013', 'seq_000015', 'seq_000044'] ===
  TKSS: k_hat=5  ACC=0.7839  NMI=0.7209  ARI=0.6356  0.8s

=== test[0] k=5  dim=900  frames=200  σ=0.25  fold=0  seqs=['seq_000003', 'seq_000005', 'seq_000019', 'seq_000024', 'seq_000035'] ===
  TKSS: k_hat=5  ACC=0.6450  NMI=0.6566  ARI=0.4667  0.3s
  tune_pool_groups=20: sampling from 39 held-in sequences (overlap allowed) instead of the 7 fixed fold group(s)

============================================================
σ=0.25 fold=1  test=['seq_000002', 'seq_000012', 'seq_000020', 'seq_000023', 'seq_000033']  train mats=7  test mats=1  tune mats=20
  --- tune TKSS over 20 train mats  n_trials=30 (3 params) ---
  TKSS trial 0: mean ARI=0.5396  n=20  7.5s  d=5, lam=1, s=2
  TKSS trial 1: mean ARI=0.5402  n=20  11.9s  d=9, lam=1.398, s=4
  TKSS trial 2: mean ARI=0.5351  n=20  4.5s  d=9, lam=0.1866, s=4
  TKSS trial 3: mean ARI=0.5367  n=20  17.6s  d=7, lam=4.735, s=6
  TKSS trial 4: mean ARI=0.5354  n=20  11.9s  d=6, lam=2.372, s=4
  TKSS trial 5: mean ARI=0.5381  n=20  3.1s  d=9, lam=5.981, s=1
  TKSS trial 6: mean ARI=0.5572  n=20  11.1s  d=2, lam=0.0115, s=5
  TKSS trial 7: mean ARI=0.5363  n=20  21.6s  d=12, lam=4.074, s=6
  TKSS trial 8: mean ARI=0.5378  n=20  8.8s  d=12, lam=0.2423, s=5
  TKSS trial 9: mean ARI=0.5575  n=20  16.4s  d=2, lam=0.8313, s=1
  TKSS trial 10: mean ARI=0.5385  n=20  2.2s  d=15, lam=0.01463, s=2
  TKSS trial 11: mean ARI=0.5807  n=20  14.3s  d=1, lam=0.01211, s=1
  TKSS trial 12: mean ARI=0.5848  n=20  15.3s  d=1, lam=0.05148, s=1
  TKSS trial 13: mean ARI=0.5767  n=20  15.5s  d=1, lam=0.04219, s=2
  TKSS trial 14: mean ARI=0.5375  n=20  4.1s  d=4, lam=0.04265, s=1
  TKSS trial 15: mean ARI=0.5467  n=20  6.0s  d=3, lam=0.03477, s=2
  TKSS trial 16: mean ARI=0.5935  n=20  13.9s  d=1, lam=0.1061, s=3
  TKSS trial 17: mean ARI=0.5461  n=20  8.8s  d=4, lam=0.1662, s=3
  TKSS trial 18: mean ARI=0.5922  n=20  14.6s  d=1, lam=0.07801, s=3
  TKSS trial 19: mean ARI=0.5585  n=20  12.3s  d=3, lam=0.3888, s=3
  TKSS trial 20: mean ARI=0.5388  n=20  2.6s  d=6, lam=0.09355, s=3
  TKSS trial 21: mean ARI=0.5916  n=20  14.0s  d=1, lam=0.08679, s=3
  TKSS trial 22: mean ARI=0.5522  n=20  9.7s  d=3, lam=0.1023, s=3
  TKSS trial 23: mean ARI=0.5841  n=20  17.6s  d=1, lam=0.3912, s=3
  TKSS trial 24: mean ARI=0.5592  n=20  11.6s  d=2, lam=0.07265, s=4
  TKSS trial 25: mean ARI=0.5376  n=20  4.3s  d=4, lam=0.02462, s=3
  TKSS trial 26: mean ARI=0.5622  n=20  12.1s  d=2, lam=0.1261, s=2
  TKSS trial 27: mean ARI=0.5956  n=20  17.7s  d=1, lam=0.2996, s=5
  TKSS trial 28: mean ARI=0.5629  n=20  14.7s  d=3, lam=0.3821, s=5
  TKSS trial 29: mean ARI=0.5446  n=20  13.7s  d=4, lam=0.2587, s=5
    best mean ARI=0.5956  tune 339.3s  d=1, lam=0.2996, s=5
  wrote /nfs/turbo/umms-minjilab/lpullela/icassp_ssc_tv2/block_ssc_benchmark/cv/params/ballet/ballet_cluster_sigmas_0.25_params_knownk_cv_tkss_k5_sigma0p25_sigma0.25_fold1.json

=== train[29] k=5  dim=900  frames=200  σ=0.25  fold=1  seqs=['seq_000003', 'seq_000005', 'seq_000019', 'seq_000024', 'seq_000035'] ===
  TKSS: k_hat=5  ACC=0.7450  NMI=0.8487  ARI=0.6748  0.7s

=== train[30] k=5  dim=900  frames=361  σ=0.25  fold=1  seqs=['seq_000004', 'seq_000011', 'seq_000022', 'seq_000028', 'seq_000042'] ===
  TKSS: k_hat=5  ACC=0.7285  NMI=0.6962  ARI=0.6143  1.9s

=== train[31] k=5  dim=900  frames=322  σ=0.25  fold=1  seqs=['seq_000017', 'seq_000021', 'seq_000029', 'seq_000031', 'seq_000039'] ===
  TKSS: k_hat=5  ACC=0.7764  NMI=0.7421  ARI=0.6831  1.6s

=== train[32] k=5  dim=900  frames=274  σ=0.25  fold=1  seqs=['seq_000001', 'seq_000009', 'seq_000018', 'seq_000036', 'seq_000043'] ===
  TKSS: k_hat=5  ACC=0.8431  NMI=0.8679  ARI=0.7662  0.7s

=== train[33] k=5  dim=900  frames=226  σ=0.25  fold=1  seqs=['seq_000025', 'seq_000026', 'seq_000027', 'seq_000040', 'seq_000041'] ===
  TKSS: k_hat=5  ACC=0.6549  NMI=0.6676  ARI=0.4678  1.0s

=== train[34] k=5  dim=900  frames=225  σ=0.25  fold=1  seqs=['seq_000007', 'seq_000010', 'seq_000014', 'seq_000037', 'seq_000038'] ===
  TKSS: k_hat=5  ACC=0.8000  NMI=0.8595  ARI=0.7695  0.4s

=== train[35] k=5  dim=900  frames=310  σ=0.25  fold=1  seqs=['seq_000006', 'seq_000008', 'seq_000013', 'seq_000015', 'seq_000044'] ===
  TKSS: k_hat=5  ACC=0.8677  NMI=0.8330  ARI=0.7893  1.3s

=== test[28] k=5  dim=900  frames=322  σ=0.25  fold=1  seqs=['seq_000002', 'seq_000012', 'seq_000020', 'seq_000023', 'seq_000033'] ===
  TKSS: k_hat=5  ACC=0.5714  NMI=0.5361  ARI=0.3721  1.3s
  tune_pool_groups=20: sampling from 39 held-in sequences (overlap allowed) instead of the 7 fixed fold group(s)

============================================================
σ=0.25 fold=2  test=['seq_000004', 'seq_000011', 'seq_000022', 'seq_000028', 'seq_000042']  train mats=7  test mats=1  tune mats=20
  --- tune TKSS over 20 train mats  n_trials=30 (3 params) ---
  TKSS trial 0: mean ARI=0.5438  n=20  5.8s  d=5, lam=1, s=2
  TKSS trial 1: mean ARI=0.5379  n=20  9.8s  d=9, lam=1.398, s=4
  TKSS trial 2: mean ARI=0.5360  n=20  5.8s  d=9, lam=0.1866, s=4
  TKSS trial 3: mean ARI=0.5397  n=20  17.2s  d=7, lam=4.735, s=6
  TKSS trial 4: mean ARI=0.5473  n=20  13.4s  d=6, lam=2.372, s=4
  TKSS trial 5: mean ARI=0.5349  n=20  3.7s  d=9, lam=5.981, s=1
  TKSS trial 6: mean ARI=0.5503  n=20  10.6s  d=2, lam=0.0115, s=5
  TKSS trial 7: mean ARI=0.5442  n=20  17.4s  d=12, lam=4.074, s=6
  TKSS trial 8: mean ARI=0.5366  n=20  8.7s  d=12, lam=0.2423, s=5
  TKSS trial 9: mean ARI=0.5726  n=20  14.1s  d=2, lam=0.8313, s=1
  TKSS trial 10: mean ARI=0.5326  n=20  2.0s  d=15, lam=0.01463, s=2
  TKSS trial 11: mean ARI=0.5987  n=20  14.0s  d=1, lam=0.01211, s=1
  TKSS trial 12: mean ARI=0.5845  n=20  14.6s  d=1, lam=0.05148, s=1
  TKSS trial 13: mean ARI=0.5827  n=20  12.7s  d=1, lam=0.04219, s=2
  TKSS trial 14: mean ARI=0.5382  n=20  3.2s  d=4, lam=0.04265, s=1
  TKSS trial 15: mean ARI=0.5381  n=20  5.8s  d=3, lam=0.03477, s=2
  TKSS trial 16: mean ARI=0.5937  n=20  14.6s  d=1, lam=0.1061, s=3
  TKSS trial 17: mean ARI=0.5467  n=20  6.4s  d=4, lam=0.2587, s=3
  TKSS trial 18: mean ARI=0.5932  n=20  16.1s  d=1, lam=0.1227, s=3
  TKSS trial 19: mean ARI=0.5402  n=20  7.3s  d=3, lam=0.09426, s=3
  TKSS trial 20: mean ARI=0.5381  n=20  6.2s  d=6, lam=0.421, s=3
  TKSS trial 21: mean ARI=0.5832  n=20  14.7s  d=1, lam=0.1005, s=3
  TKSS trial 22: mean ARI=0.5415  n=20  7.3s  d=3, lam=0.07568, s=4
  TKSS trial 23: mean ARI=0.5828  n=20  14.0s  d=1, lam=0.02403, s=2
  TKSS trial 24: mean ARI=0.5424  n=20  10.3s  d=2, lam=0.01963, s=3
  TKSS trial 25: mean ARI=0.5483  n=20  8.9s  d=4, lam=0.1498, s=5
  TKSS trial 26: mean ARI=0.5739  n=20  13.5s  d=2, lam=0.4673, s=2
  TKSS trial 27: mean ARI=0.5925  n=20  17.1s  d=1, lam=0.4511, s=3
  TKSS trial 28: mean ARI=0.5435  n=20  8.0s  d=3, lam=0.1338, s=4
  TKSS trial 29: mean ARI=0.5413  n=20  3.3s  d=4, lam=0.06645, s=2
    best mean ARI=0.5987  tune 306.4s  d=1, lam=0.01211, s=1
  wrote /nfs/turbo/umms-minjilab/lpullela/icassp_ssc_tv2/block_ssc_benchmark/cv/params/ballet/ballet_cluster_sigmas_0.25_params_knownk_cv_tkss_k5_sigma0p25_sigma0.25_fold2.json

=== train[57] k=5  dim=900  frames=200  σ=0.25  fold=2  seqs=['seq_000003', 'seq_000005', 'seq_000019', 'seq_000024', 'seq_000035'] ===
  TKSS: k_hat=5  ACC=0.7450  NMI=0.8049  ARI=0.6431  0.2s

=== train[58] k=5  dim=900  frames=322  σ=0.25  fold=2  seqs=['seq_000002', 'seq_000012', 'seq_000020', 'seq_000023', 'seq_000033'] ===
  TKSS: k_hat=5  ACC=0.5932  NMI=0.5014  ARI=0.3493  0.8s

=== train[59] k=5  dim=900  frames=322  σ=0.25  fold=2  seqs=['seq_000017', 'seq_000021', 'seq_000029', 'seq_000031', 'seq_000039'] ===
  TKSS: k_hat=5  ACC=0.7298  NMI=0.6608  ARI=0.5936  0.8s

=== train[60] k=5  dim=900  frames=274  σ=0.25  fold=2  seqs=['seq_000001', 'seq_000009', 'seq_000018', 'seq_000036', 'seq_000043'] ===
  TKSS: k_hat=5  ACC=0.8212  NMI=0.8217  ARI=0.7136  0.5s

=== train[61] k=5  dim=900  frames=226  σ=0.25  fold=2  seqs=['seq_000025', 'seq_000026', 'seq_000027', 'seq_000040', 'seq_000041'] ===
  TKSS: k_hat=5  ACC=0.6858  NMI=0.6416  ARI=0.4681  0.4s

=== train[62] k=5  dim=900  frames=225  σ=0.25  fold=2  seqs=['seq_000007', 'seq_000010', 'seq_000014', 'seq_000037', 'seq_000038'] ===
  TKSS: k_hat=5  ACC=0.7911  NMI=0.8434  ARI=0.7416  0.4s

=== train[63] k=5  dim=900  frames=310  σ=0.25  fold=2  seqs=['seq_000006', 'seq_000008', 'seq_000013', 'seq_000015', 'seq_000044'] ===
  TKSS: k_hat=5  ACC=0.8129  NMI=0.7379  ARI=0.6906  0.4s

=== test[56] k=5  dim=900  frames=361  σ=0.25  fold=2  seqs=['seq_000004', 'seq_000011', 'seq_000022', 'seq_000028', 'seq_000042'] ===
  TKSS: k_hat=5  ACC=0.7396  NMI=0.6982  ARI=0.6078  0.8s
  tune_pool_groups=20: sampling from 39 held-in sequences (overlap allowed) instead of the 7 fixed fold group(s)

============================================================
σ=0.25 fold=3  test=['seq_000017', 'seq_000021', 'seq_000029', 'seq_000031', 'seq_000039']  train mats=7  test mats=1  tune mats=20
  --- tune TKSS over 20 train mats  n_trials=30 (3 params) ---
  TKSS trial 0: mean ARI=0.6152  n=20  6.0s  d=5, lam=1, s=2
  TKSS trial 1: mean ARI=0.5969  n=20  14.6s  d=9, lam=1.398, s=4
  TKSS trial 2: mean ARI=0.6116  n=20  4.6s  d=9, lam=0.1866, s=4
  TKSS trial 3: mean ARI=0.5966  n=20  17.3s  d=7, lam=4.735, s=6
  TKSS trial 4: mean ARI=0.5941  n=20  12.7s  d=6, lam=2.372, s=4
  TKSS trial 5: mean ARI=0.6104  n=20  2.9s  d=9, lam=5.981, s=1
  TKSS trial 6: mean ARI=0.6158  n=20  10.5s  d=2, lam=0.0115, s=5
  TKSS trial 7: mean ARI=0.5930  n=20  17.3s  d=12, lam=4.074, s=6
  TKSS trial 8: mean ARI=0.6002  n=20  12.0s  d=12, lam=0.2423, s=5
  TKSS trial 9: mean ARI=0.6187  n=20  14.9s  d=2, lam=0.8313, s=1
  TKSS trial 10: mean ARI=0.6077  n=20  2.1s  d=15, lam=0.01463, s=2
  TKSS trial 11: mean ARI=0.5868  n=20  14.1s  d=1, lam=0.01211, s=1
  TKSS trial 12: mean ARI=0.5903  n=20  15.9s  d=1, lam=0.05122, s=3
  TKSS trial 13: mean ARI=0.6165  n=20  13.2s  d=3, lam=0.2955, s=3
  TKSS trial 14: mean ARI=0.6219  n=20  9.8s  d=4, lam=0.5248, s=2
  TKSS trial 15: mean ARI=0.6197  n=20  11.3s  d=4, lam=0.5999, s=2
  TKSS trial 16: mean ARI=0.6221  n=20  8.8s  d=4, lam=0.4503, s=2
  TKSS trial 17: mean ARI=0.6110  n=20  2.7s  d=7, lam=0.06062, s=3
  TKSS trial 18: mean ARI=0.6168  n=20  4.3s  d=4, lam=0.09903, s=2
  TKSS trial 19: mean ARI=0.6145  n=20  6.9s  d=5, lam=0.4124, s=3
  TKSS trial 20: mean ARI=0.6115  n=20  4.7s  d=7, lam=2.217, s=2
  TKSS trial 21: mean ARI=0.6226  n=20  10.0s  d=4, lam=0.5477, s=2
  TKSS trial 22: mean ARI=0.6160  n=20  8.3s  d=3, lam=0.4911, s=1
  TKSS trial 23: mean ARI=0.6128  n=20  3.4s  d=5, lam=0.1392, s=2
  TKSS trial 24: mean ARI=0.6188  n=20  16.8s  d=3, lam=1.575, s=3
  TKSS trial 25: mean ARI=0.6146  n=20  3.8s  d=6, lam=0.7821, s=1
  TKSS trial 26: mean ARI=0.6196  n=20  8.6s  d=4, lam=0.3533, s=2
  TKSS trial 27: mean ARI=0.6122  n=20  15.1s  d=2, lam=0.108, s=3
  TKSS trial 28: mean ARI=0.6096  n=20  2.6s  d=8, lam=0.04183, s=2
  TKSS trial 29: mean ARI=0.6153  n=20  6.5s  d=5, lam=9.072, s=2
    best mean ARI=0.6226  tune 281.8s  d=4, lam=0.5477, s=2
  wrote /nfs/turbo/umms-minjilab/lpullela/icassp_ssc_tv2/block_ssc_benchmark/cv/params/ballet/ballet_cluster_sigmas_0.25_params_knownk_cv_tkss_k5_sigma0p25_sigma0.25_fold3.json

=== train[85] k=5  dim=900  frames=200  σ=0.25  fold=3  seqs=['seq_000003', 'seq_000005', 'seq_000019', 'seq_000024', 'seq_000035'] ===
  TKSS: k_hat=5  ACC=0.6200  NMI=0.6532  ARI=0.4553  0.2s

=== train[86] k=5  dim=900  frames=322  σ=0.25  fold=3  seqs=['seq_000002', 'seq_000012', 'seq_000020', 'seq_000023', 'seq_000033'] ===
  TKSS: k_hat=5  ACC=0.7081  NMI=0.6961  ARI=0.5681  0.6s

=== train[87] k=5  dim=900  frames=361  σ=0.25  fold=3  seqs=['seq_000004', 'seq_000011', 'seq_000022', 'seq_000028', 'seq_000042'] ===
  TKSS: k_hat=5  ACC=0.7701  NMI=0.7106  ARI=0.6088  0.8s

=== train[88] k=5  dim=900  frames=274  σ=0.25  fold=3  seqs=['seq_000001', 'seq_000009', 'seq_000018', 'seq_000036', 'seq_000043'] ===
  TKSS: k_hat=5  ACC=0.8577  NMI=0.8163  ARI=0.7187  0.2s

=== train[89] k=5  dim=900  frames=226  σ=0.25  fold=3  seqs=['seq_000025', 'seq_000026', 'seq_000027', 'seq_000040', 'seq_000041'] ===
  TKSS: k_hat=5  ACC=0.7876  NMI=0.7698  ARI=0.6671  0.2s

=== train[90] k=5  dim=900  frames=225  σ=0.25  fold=3  seqs=['seq_000007', 'seq_000010', 'seq_000014', 'seq_000037', 'seq_000038'] ===
  TKSS: k_hat=5  ACC=0.6711  NMI=0.6917  ARI=0.5500  0.1s

=== train[91] k=5  dim=900  frames=310  σ=0.25  fold=3  seqs=['seq_000006', 'seq_000008', 'seq_000013', 'seq_000015', 'seq_000044'] ===
  TKSS: k_hat=5  ACC=0.8032  NMI=0.7281  ARI=0.6363  1.2s

=== test[84] k=5  dim=900  frames=322  σ=0.25  fold=3  seqs=['seq_000017', 'seq_000021', 'seq_000029', 'seq_000031', 'seq_000039'] ===
  TKSS: k_hat=5  ACC=0.7578  NMI=0.6995  ARI=0.5930  0.6s
  tune_pool_groups=20: sampling from 39 held-in sequences (overlap allowed) instead of the 7 fixed fold group(s)

============================================================
σ=0.25 fold=4  test=['seq_000001', 'seq_000009', 'seq_000018', 'seq_000036', 'seq_000043']  train mats=7  test mats=1  tune mats=20
  --- tune TKSS over 20 train mats  n_trials=30 (3 params) ---
  TKSS trial 0: mean ARI=0.5729  n=20  6.6s  d=5, lam=1, s=2
  TKSS trial 1: mean ARI=0.5721  n=20  11.5s  d=9, lam=1.398, s=4
  TKSS trial 2: mean ARI=0.5659  n=20  4.9s  d=9, lam=0.1866, s=4
  TKSS trial 3: mean ARI=0.5706  n=20  13.6s  d=7, lam=4.735, s=6
  TKSS trial 4: mean ARI=0.5634  n=20  8.9s  d=6, lam=2.372, s=4
  TKSS trial 5: mean ARI=0.5626  n=20  2.8s  d=9, lam=5.981, s=1
  TKSS trial 6: mean ARI=0.6292  n=20  9.7s  d=2, lam=0.0115, s=5
  TKSS trial 7: mean ARI=0.5760  n=20  14.5s  d=12, lam=4.074, s=6
  TKSS trial 8: mean ARI=0.5607  n=20  7.1s  d=12, lam=0.2423, s=5
  TKSS trial 9: mean ARI=0.6414  n=20  15.3s  d=2, lam=0.8313, s=1
  TKSS trial 10: mean ARI=0.5617  n=20  2.1s  d=15, lam=0.01463, s=2
  TKSS trial 11: mean ARI=0.5659  n=20  17.6s  d=1, lam=0.01211, s=1
  TKSS trial 12: mean ARI=0.5978  n=20  16.9s  d=1, lam=0.05122, s=3
  TKSS trial 13: mean ARI=0.6079  n=20  13.5s  d=3, lam=0.2955, s=3
  TKSS trial 14: mean ARI=0.6000  n=20  10.8s  d=3, lam=0.06854, s=5
  TKSS trial 15: mean ARI=0.6106  n=20  13.4s  d=3, lam=0.5999, s=2
  TKSS trial 16: mean ARI=0.5706  n=20  4.9s  d=4, lam=0.04234, s=5
  TKSS trial 17: mean ARI=0.6044  n=20  16.4s  d=1, lam=0.09033, s=3
  TKSS trial 18: mean ARI=0.6144  n=20  10.0s  d=2, lam=0.02297, s=1
  TKSS trial 19: mean ARI=0.5761  n=20  13.7s  d=5, lam=0.4708, s=6
  TKSS trial 20: mean ARI=0.5675  n=20  5.6s  d=7, lam=8.827, s=2
  TKSS trial 21: mean ARI=0.6145  n=20  10.0s  d=2, lam=0.02433, s=1
  TKSS trial 22: mean ARI=0.6149  n=20  10.1s  d=2, lam=0.02607, s=1
  TKSS trial 23: mean ARI=0.5650  n=20  3.6s  d=4, lam=0.01012, s=1
  TKSS trial 24: mean ARI=0.6361  n=20  12.5s  d=2, lam=0.1284, s=2
  TKSS trial 25: mean ARI=0.5676  n=20  6.1s  d=4, lam=0.1199, s=2
  TKSS trial 26: mean ARI=0.6001  n=20  16.6s  d=1, lam=0.1488, s=3
  TKSS trial 27: mean ARI=0.6272  n=20  16.5s  d=3, lam=0.4511, s=4
  TKSS trial 28: mean ARI=0.5729  n=20  6.5s  d=5, lam=0.9787, s=2
  TKSS trial 29: mean ARI=0.5735  n=20  7.2s  d=5, lam=1.946, s=2
    best mean ARI=0.6414  tune 309.0s  d=2, lam=0.8313, s=1
  wrote /nfs/turbo/umms-minjilab/lpullela/icassp_ssc_tv2/block_ssc_benchmark/cv/params/ballet/ballet_cluster_sigmas_0.25_params_knownk_cv_tkss_k5_sigma0p25_sigma0.25_fold4.json

=== train[113] k=5  dim=900  frames=200  σ=0.25  fold=4  seqs=['seq_000003', 'seq_000005', 'seq_000019', 'seq_000024', 'seq_000035'] ===
  TKSS: k_hat=5  ACC=0.6300  NMI=0.6446  ARI=0.4500  0.2s

=== train[114] k=5  dim=900  frames=322  σ=0.25  fold=4  seqs=['seq_000002', 'seq_000012', 'seq_000020', 'seq_000023', 'seq_000033'] ===
  TKSS: k_hat=5  ACC=0.7795  NMI=0.7247  ARI=0.6490  0.7s

=== train[115] k=5  dim=900  frames=361  σ=0.25  fold=4  seqs=['seq_000004', 'seq_000011', 'seq_000022', 'seq_000028', 'seq_000042'] ===
  TKSS: k_hat=5  ACC=0.7230  NMI=0.6890  ARI=0.6064  1.1s

=== train[116] k=5  dim=900  frames=322  σ=0.25  fold=4  seqs=['seq_000017', 'seq_000021', 'seq_000029', 'seq_000031', 'seq_000039'] ===
  TKSS: k_hat=5  ACC=0.7826  NMI=0.7122  ARI=0.6386  0.9s

=== train[117] k=5  dim=900  frames=226  σ=0.25  fold=4  seqs=['seq_000025', 'seq_000026', 'seq_000027', 'seq_000040', 'seq_000041'] ===
  TKSS: k_hat=5  ACC=0.7832  NMI=0.7780  ARI=0.6257  0.5s

=== train[118] k=5  dim=900  frames=225  σ=0.25  fold=4  seqs=['seq_000007', 'seq_000010', 'seq_000014', 'seq_000037', 'seq_000038'] ===
  TKSS: k_hat=5  ACC=0.7467  NMI=0.7990  ARI=0.6613  0.7s

=== train[119] k=5  dim=900  frames=310  σ=0.25  fold=4  seqs=['seq_000006', 'seq_000008', 'seq_000013', 'seq_000015', 'seq_000044'] ===
  TKSS: k_hat=5  ACC=0.7806  NMI=0.7188  ARI=0.6314  1.2s

=== test[112] k=5  dim=900  frames=274  σ=0.25  fold=4  seqs=['seq_000001', 'seq_000009', 'seq_000018', 'seq_000036', 'seq_000043'] ===
  TKSS: k_hat=5  ACC=0.8321  NMI=0.7954  ARI=0.6741  0.7s
  tune_pool_groups=20: sampling from 39 held-in sequences (overlap allowed) instead of the 7 fixed fold group(s)

============================================================
σ=0.25 fold=5  test=['seq_000025', 'seq_000026', 'seq_000027', 'seq_000040', 'seq_000041']  train mats=7  test mats=1  tune mats=20
  --- tune TKSS over 20 train mats  n_trials=30 (3 params) ---
  TKSS trial 0: mean ARI=0.5785  n=20  8.4s  d=5, lam=1, s=2
  TKSS trial 1: mean ARI=0.5721  n=20  13.4s  d=9, lam=1.398, s=4
  TKSS trial 2: mean ARI=0.5688  n=20  8.7s  d=9, lam=0.1866, s=4
  TKSS trial 3: mean ARI=0.5651  n=20  18.3s  d=7, lam=4.735, s=6
  TKSS trial 4: mean ARI=0.5695  n=20  13.8s  d=6, lam=2.372, s=4
  TKSS trial 5: mean ARI=0.5692  n=20  3.3s  d=9, lam=5.981, s=1
  TKSS trial 6: mean ARI=0.5931  n=20  11.5s  d=2, lam=0.0115, s=5
  TKSS trial 7: mean ARI=0.5595  n=20  20.2s  d=12, lam=4.074, s=6
  TKSS trial 8: mean ARI=0.5674  n=20  12.1s  d=12, lam=0.2423, s=5
  TKSS trial 9: mean ARI=0.5925  n=20  15.7s  d=2, lam=0.8313, s=1
  TKSS trial 10: mean ARI=0.5678  n=20  2.4s  d=15, lam=0.01262, s=3
  TKSS trial 11: mean ARI=0.5928  n=20  17.4s  d=1, lam=0.01211, s=1
  TKSS trial 12: mean ARI=0.5876  n=20  18.5s  d=1, lam=0.01449, s=2
  TKSS trial 13: mean ARI=0.5880  n=20  7.0s  d=3, lam=0.03917, s=3
  TKSS trial 14: mean ARI=0.5828  n=20  5.7s  d=4, lam=0.05169, s=5
  TKSS trial 15: mean ARI=0.5906  n=20  19.7s  d=1, lam=0.03229, s=2
  TKSS trial 16: mean ARI=0.5981  n=20  10.5s  d=3, lam=0.1021, s=5
  TKSS trial 17: mean ARI=0.5811  n=20  8.8s  d=4, lam=0.1028, s=5
  TKSS trial 18: mean ARI=0.6067  n=20  18.2s  d=3, lam=0.5008, s=6
  TKSS trial 19: mean ARI=0.5716  n=20  16.2s  d=7, lam=0.4124, s=6
  TKSS trial 20: mean ARI=0.5782  n=20  9.5s  d=4, lam=0.09355, s=6
  TKSS trial 21: mean ARI=0.6125  n=20  16.9s  d=3, lam=0.3808, s=5
  TKSS trial 22: mean ARI=0.6116  n=20  16.3s  d=3, lam=0.4685, s=5
  TKSS trial 23: mean ARI=0.5811  n=20  15.5s  d=5, lam=0.5005, s=6
  TKSS trial 24: mean ARI=0.6123  n=20  18.5s  d=3, lam=0.428, s=4
  TKSS trial 25: mean ARI=0.5736  n=20  9.9s  d=6, lam=0.2258, s=4
  TKSS trial 26: mean ARI=0.6022  n=20  14.6s  d=2, lam=0.3533, s=3
  TKSS trial 27: mean ARI=0.5777  n=20  15.1s  d=5, lam=1.906, s=4
  TKSS trial 28: mean ARI=0.6099  n=20  16.4s  d=3, lam=0.7515, s=5
  TKSS trial 29: mean ARI=0.5741  n=20  11.5s  d=6, lam=1.229, s=3
    best mean ARI=0.6125  tune 394.1s  d=3, lam=0.3808, s=5
  wrote /nfs/turbo/umms-minjilab/lpullela/icassp_ssc_tv2/block_ssc_benchmark/cv/params/ballet/ballet_cluster_sigmas_0.25_params_knownk_cv_tkss_k5_sigma0p25_sigma0.25_fold5.json

=== train[141] k=5  dim=900  frames=200  σ=0.25  fold=5  seqs=['seq_000003', 'seq_000005', 'seq_000019', 'seq_000024', 'seq_000035'] ===
  TKSS: k_hat=5  ACC=0.6400  NMI=0.6948  ARI=0.4987  0.3s

=== train[142] k=5  dim=900  frames=322  σ=0.25  fold=5  seqs=['seq_000002', 'seq_000012', 'seq_000020', 'seq_000023', 'seq_000033'] ===
  TKSS: k_hat=5  ACC=0.7764  NMI=0.7723  ARI=0.6721  1.0s

=== train[143] k=5  dim=900  frames=361  σ=0.25  fold=5  seqs=['seq_000004', 'seq_000011', 'seq_000022', 'seq_000028', 'seq_000042'] ===
  TKSS: k_hat=5  ACC=0.8006  NMI=0.7626  ARI=0.6775  0.9s

=== train[144] k=5  dim=900  frames=322  σ=0.25  fold=5  seqs=['seq_000017', 'seq_000021', 'seq_000029', 'seq_000031', 'seq_000039'] ===
  TKSS: k_hat=5  ACC=0.7143  NMI=0.6776  ARI=0.5421  1.2s

=== train[145] k=5  dim=900  frames=274  σ=0.25  fold=5  seqs=['seq_000001', 'seq_000009', 'seq_000018', 'seq_000036', 'seq_000043'] ===
  TKSS: k_hat=5  ACC=0.8577  NMI=0.8062  ARI=0.7133  0.3s

=== train[146] k=5  dim=900  frames=225  σ=0.25  fold=5  seqs=['seq_000007', 'seq_000010', 'seq_000014', 'seq_000037', 'seq_000038'] ===
  TKSS: k_hat=5  ACC=0.7022  NMI=0.7174  ARI=0.5814  0.8s

=== train[147] k=5  dim=900  frames=310  σ=0.25  fold=5  seqs=['seq_000006', 'seq_000008', 'seq_000013', 'seq_000015', 'seq_000044'] ===
  TKSS: k_hat=5  ACC=0.8774  NMI=0.8152  ARI=0.7794  2.1s

=== test[140] k=5  dim=900  frames=226  σ=0.25  fold=5  seqs=['seq_000025', 'seq_000026', 'seq_000027', 'seq_000040', 'seq_000041'] ===
  TKSS: k_hat=5  ACC=0.7965  NMI=0.7988  ARI=0.6932  0.3s
  tune_pool_groups=20: sampling from 39 held-in sequences (overlap allowed) instead of the 7 fixed fold group(s)

============================================================
σ=0.25 fold=6  test=['seq_000007', 'seq_000010', 'seq_000014', 'seq_000037', 'seq_000038']  train mats=7  test mats=1  tune mats=20
  --- tune TKSS over 20 train mats  n_trials=30 (3 params) ---
  TKSS trial 0: mean ARI=0.6191  n=20  11.2s  d=5, lam=1, s=2
  TKSS trial 1: mean ARI=0.6019  n=20  13.0s  d=9, lam=1.398, s=4
  TKSS trial 2: mean ARI=0.6095  n=20  8.2s  d=9, lam=0.1866, s=4
  TKSS trial 3: mean ARI=0.6045  n=20  19.2s  d=7, lam=4.735, s=6
  TKSS trial 4: mean ARI=0.6082  n=20  14.7s  d=6, lam=2.372, s=4
  TKSS trial 5: mean ARI=0.6124  n=20  6.0s  d=9, lam=5.981, s=1
  TKSS trial 6: mean ARI=0.6225  n=20  11.0s  d=2, lam=0.0115, s=5
  TKSS trial 7: mean ARI=0.6002  n=20  23.1s  d=12, lam=4.074, s=6
  TKSS trial 8: mean ARI=0.5983  n=20  10.6s  d=12, lam=0.2423, s=5
  TKSS trial 9: mean ARI=0.6131  n=20  15.9s  d=2, lam=0.8313, s=1
  TKSS trial 10: mean ARI=0.6081  n=20  2.4s  d=15, lam=0.01262, s=3
  TKSS trial 11: mean ARI=0.6360  n=20  15.8s  d=1, lam=0.01211, s=2
  TKSS trial 12: mean ARI=0.6362  n=20  15.5s  d=1, lam=0.01449, s=2
  TKSS trial 13: mean ARI=0.6381  n=20  16.6s  d=1, lam=0.04074, s=2
  TKSS trial 14: mean ARI=0.6143  n=20  4.7s  d=4, lam=0.05054, s=2
  TKSS trial 15: mean ARI=0.6290  n=20  9.7s  d=3, lam=0.05454, s=3
  TKSS trial 16: mean ARI=0.6366  n=20  15.1s  d=1, lam=0.03973, s=3
  TKSS trial 17: mean ARI=0.6159  n=20  5.2s  d=4, lam=0.04498, s=3
  TKSS trial 18: mean ARI=0.6346  n=20  15.4s  d=1, lam=0.1227, s=1
  TKSS trial 19: mean ARI=0.6226  n=20  7.7s  d=3, lam=0.0294, s=3
  TKSS trial 20: mean ARI=0.6130  n=20  8.2s  d=6, lam=0.3922, s=2
  TKSS trial 21: mean ARI=0.6378  n=20  15.6s  d=1, lam=0.02666, s=2
  TKSS trial 22: mean ARI=0.6296  n=20  9.7s  d=3, lam=0.1016, s=3
  TKSS trial 23: mean ARI=0.6379  n=20  15.2s  d=1, lam=0.02936, s=2
  TKSS trial 24: mean ARI=0.6161  n=20  11.3s  d=2, lam=0.02389, s=1
  TKSS trial 25: mean ARI=0.6162  n=20  5.7s  d=4, lam=0.09442, s=2
  TKSS trial 26: mean ARI=0.6161  n=20  11.7s  d=2, lam=0.02305, s=1
  TKSS trial 27: mean ARI=0.6351  n=20  14.8s  d=1, lam=0.07529, s=2
  TKSS trial 28: mean ARI=0.6170  n=20  7.3s  d=3, lam=0.02432, s=2
  TKSS trial 29: mean ARI=0.6191  n=20  6.8s  d=4, lam=0.167, s=2
    best mean ARI=0.6381  tune 347.5s  d=1, lam=0.04074, s=2
  wrote /nfs/turbo/umms-minjilab/lpullela/icassp_ssc_tv2/block_ssc_benchmark/cv/params/ballet/ballet_cluster_sigmas_0.25_params_knownk_cv_tkss_k5_sigma0p25_sigma0.25_fold6.json

=== train[169] k=5  dim=900  frames=200  σ=0.25  fold=6  seqs=['seq_000003', 'seq_000005', 'seq_000019', 'seq_000024', 'seq_000035'] ===
  TKSS: k_hat=5  ACC=0.7350  NMI=0.7900  ARI=0.6231  0.2s

=== train[170] k=5  dim=900  frames=322  σ=0.25  fold=6  seqs=['seq_000002', 'seq_000012', 'seq_000020', 'seq_000023', 'seq_000033'] ===
  TKSS: k_hat=5  ACC=0.5466  NMI=0.5267  ARI=0.3747  1.7s

=== train[171] k=5  dim=900  frames=361  σ=0.25  fold=6  seqs=['seq_000004', 'seq_000011', 'seq_000022', 'seq_000028', 'seq_000042'] ===
  TKSS: k_hat=5  ACC=0.7341  NMI=0.7087  ARI=0.6038  1.0s

=== train[172] k=5  dim=900  frames=322  σ=0.25  fold=6  seqs=['seq_000017', 'seq_000021', 'seq_000029', 'seq_000031', 'seq_000039'] ===
  TKSS: k_hat=5  ACC=0.7329  NMI=0.6594  ARI=0.5889  1.1s

=== train[173] k=5  dim=900  frames=274  σ=0.25  fold=6  seqs=['seq_000001', 'seq_000009', 'seq_000018', 'seq_000036', 'seq_000043'] ===
  TKSS: k_hat=5  ACC=0.8285  NMI=0.8244  ARI=0.7212  0.4s

=== train[174] k=5  dim=900  frames=226  σ=0.25  fold=6  seqs=['seq_000025', 'seq_000026', 'seq_000027', 'seq_000040', 'seq_000041'] ===
  TKSS: k_hat=5  ACC=0.6903  NMI=0.6531  ARI=0.4738  0.5s

=== train[175] k=5  dim=900  frames=310  σ=0.25  fold=6  seqs=['seq_000006', 'seq_000008', 'seq_000013', 'seq_000015', 'seq_000044'] ===
  TKSS: k_hat=5  ACC=0.8065  NMI=0.7342  ARI=0.6835  0.4s

=== test[168] k=5  dim=900  frames=225  σ=0.25  fold=6  seqs=['seq_000007', 'seq_000010', 'seq_000014', 'seq_000037', 'seq_000038'] ===
  TKSS: k_hat=5  ACC=0.7911  NMI=0.7815  ARI=0.6836  0.7s
  tune_pool_groups=20: sampling from 39 held-in sequences (overlap allowed) instead of the 7 fixed fold group(s)

============================================================
σ=0.25 fold=7  test=['seq_000006', 'seq_000008', 'seq_000013', 'seq_000015', 'seq_000044']  train mats=7  test mats=1  tune mats=20
  --- tune TKSS over 20 train mats  n_trials=30 (3 params) ---
  TKSS trial 0: mean ARI=0.5869  n=20  6.4s  d=5, lam=1, s=2
  TKSS trial 1: mean ARI=0.5782  n=20  14.4s  d=9, lam=1.398, s=4
  TKSS trial 2: mean ARI=0.5828  n=20  5.0s  d=9, lam=0.1866, s=4
  TKSS trial 3: mean ARI=0.5666  n=20  17.2s  d=7, lam=4.735, s=6
  TKSS trial 4: mean ARI=0.5755  n=20  10.2s  d=6, lam=2.372, s=4
  TKSS trial 5: mean ARI=0.5843  n=20  3.3s  d=9, lam=5.981, s=1
  TKSS trial 6: mean ARI=0.6143  n=20  8.8s  d=2, lam=0.0115, s=5
  TKSS trial 7: mean ARI=0.5713  n=20  22.5s  d=12, lam=4.074, s=6
  TKSS trial 8: mean ARI=0.5827  n=20  9.5s  d=12, lam=0.2423, s=5
  TKSS trial 9: mean ARI=0.6083  n=20  11.1s  d=2, lam=0.8313, s=1
  TKSS trial 10: mean ARI=0.5830  n=20  2.2s  d=15, lam=0.01262, s=3
  TKSS trial 11: mean ARI=0.5874  n=20  18.0s  d=1, lam=0.01211, s=1
  TKSS trial 12: mean ARI=0.5772  n=20  17.6s  d=1, lam=0.05122, s=2
  TKSS trial 13: mean ARI=0.5947  n=20  9.5s  d=3, lam=0.2955, s=3
  TKSS trial 14: mean ARI=0.5997  n=20  6.2s  d=3, lam=0.06854, s=5
  TKSS trial 15: mean ARI=0.5938  n=20  5.7s  d=3, lam=0.03306, s=2
  TKSS trial 16: mean ARI=0.5802  n=20  11.0s  d=4, lam=0.484, s=5
  TKSS trial 17: mean ARI=0.5975  n=20  15.8s  d=1, lam=0.09033, s=3
  TKSS trial 18: mean ARI=0.6095  n=20  9.4s  d=2, lam=0.02297, s=1
  TKSS trial 19: mean ARI=0.5873  n=20  3.7s  d=5, lam=0.02869, s=6
  TKSS trial 20: mean ARI=0.5849  n=20  2.8s  d=7, lam=0.02159, s=2
  TKSS trial 21: mean ARI=0.6096  n=20  9.5s  d=2, lam=0.1292, s=1
  TKSS trial 22: mean ARI=0.6096  n=20  9.4s  d=2, lam=0.1396, s=1
  TKSS trial 23: mean ARI=0.5900  n=20  3.5s  d=4, lam=0.09817, s=1
  TKSS trial 24: mean ARI=0.6104  n=20  9.7s  d=2, lam=0.1249, s=2
  TKSS trial 25: mean ARI=0.5898  n=20  3.6s  d=4, lam=0.04552, s=2
  TKSS trial 26: mean ARI=0.6206  n=20  16.1s  d=1, lam=0.3821, s=3
  TKSS trial 27: mean ARI=0.6234  n=20  15.9s  d=1, lam=0.4511, s=3
  TKSS trial 28: mean ARI=0.6236  n=20  15.5s  d=1, lam=0.4564, s=3
  TKSS trial 29: mean ARI=0.6191  n=20  16.6s  d=1, lam=0.5292, s=3
    best mean ARI=0.6236  tune 310.3s  d=1, lam=0.4564, s=3
  wrote /nfs/turbo/umms-minjilab/lpullela/icassp_ssc_tv2/block_ssc_benchmark/cv/params/ballet/ballet_cluster_sigmas_0.25_params_knownk_cv_tkss_k5_sigma0p25_sigma0.25_fold7.json

=== train[197] k=5  dim=900  frames=200  σ=0.25  fold=7  seqs=['seq_000003', 'seq_000005', 'seq_000019', 'seq_000024', 'seq_000035'] ===
  TKSS: k_hat=5  ACC=0.7250  NMI=0.7773  ARI=0.6045  0.2s

=== train[198] k=5  dim=900  frames=322  σ=0.25  fold=7  seqs=['seq_000002', 'seq_000012', 'seq_000020', 'seq_000023', 'seq_000033'] ===
  TKSS: k_hat=5  ACC=0.5590  NMI=0.5772  ARI=0.4034  1.7s

=== train[199] k=5  dim=900  frames=361  σ=0.25  fold=7  seqs=['seq_000004', 'seq_000011', 'seq_000022', 'seq_000028', 'seq_000042'] ===
  TKSS: k_hat=5  ACC=0.6981  NMI=0.7055  ARI=0.5823  1.6s

=== train[200] k=5  dim=900  frames=322  σ=0.25  fold=7  seqs=['seq_000017', 'seq_000021', 'seq_000029', 'seq_000031', 'seq_000039'] ===
  TKSS: k_hat=5  ACC=0.7671  NMI=0.7272  ARI=0.6580  1.1s

=== train[201] k=5  dim=900  frames=274  σ=0.25  fold=7  seqs=['seq_000001', 'seq_000009', 'seq_000018', 'seq_000036', 'seq_000043'] ===
  TKSS: k_hat=5  ACC=0.8102  NMI=0.8110  ARI=0.6962  0.6s

=== train[202] k=5  dim=900  frames=226  σ=0.25  fold=7  seqs=['seq_000025', 'seq_000026', 'seq_000027', 'seq_000040', 'seq_000041'] ===
  TKSS: k_hat=5  ACC=0.6637  NMI=0.6295  ARI=0.4512  0.7s

=== train[203] k=5  dim=900  frames=225  σ=0.25  fold=7  seqs=['seq_000007', 'seq_000010', 'seq_000014', 'seq_000037', 'seq_000038'] ===
  TKSS: k_hat=5  ACC=0.7911  NMI=0.8570  ARI=0.7633  0.5s

=== test[196] k=5  dim=900  frames=310  σ=0.25  fold=7  seqs=['seq_000006', 'seq_000008', 'seq_000013', 'seq_000015', 'seq_000044'] ===
  TKSS: k_hat=5  ACC=0.8161  NMI=0.7530  ARI=0.6887  0.5s

=== inference time per method ===
  TKSS: mean=0.7595s  std=0.4602s  total=48.6s  n=64
wrote /nfs/turbo/umms-minjilab/lpullela/icassp_ssc_tv2/block_ssc_benchmark/cv/results/ballet/ballet_cluster_sigmas_0.25_results_knownk_cv_tkss_k5_sigma0p25_timing.json

=== mean over matrices ===
  TKSS train σ=0.25: ACC=0.7487  NMI=0.7334  ARI=0.6181  n=56
  TKSS test σ=0.25: ACC=0.7437  NMI=0.7149  ARI=0.5974  n=8

wrote /nfs/turbo/umms-minjilab/lpullela/icassp_ssc_tv2/block_ssc_benchmark/cv/results/ballet/ballet_cluster_sigmas_0.25_results_knownk_cv_tkss_k5_sigma0p25.csv
end=Sun Sep  6 19:46:01 EDT 2026
Experiment completed!
