========================================
Job: cvb_osc_k8_s0p5
Method: OSC  k: 8  sigma: 0.5  tune_pool_groups: 20
========================================
host=gl3296.arc-ts.umich.edu  python=/home/lpullela/miniconda3/envs/ssc_559/bin/python  start=Sun Sep  6 19:01:39 EDT 2026
=== Ballet Clustering Experiment ===
k=8  n_test=15  n_train_combos=24  n_test_combos=18  n_trials=20  down_hw=30  full_data=False  n_frames ~ Unif[10, 100]  seed=0
hetero_noise=False  sigmas=(0.5,)  append=False  no_tune=False  known_k=True  csv=ballet_cluster_sigmas_0.5_results_knownk_cv_osc_k8_sigma0p5.csv
SSC-Block-TV block_size searched in [2, 12]

Loading 44 sequences once (reused across combinations)
  seq_000001: frames=53  dim=900
  seq_000002: frames=78  dim=900
  seq_000003: frames=13  dim=900
  seq_000004: frames=84  dim=900
  seq_000005: frames=32  dim=900
  seq_000006: frames=89  dim=900
  seq_000007: frames=34  dim=900
  seq_000008: frames=33  dim=900
  seq_000009: frames=68  dim=900
  seq_000010: frames=17  dim=900
  seq_000011: frames=88  dim=900
  seq_000012: frames=86  dim=900
  seq_000013: frames=84  dim=900
  seq_000014: frames=51  dim=900
  seq_000015: frames=21  dim=900
  seq_000016: frames=21  dim=900
  seq_000017: frames=98  dim=900
  seq_000018: frames=44  dim=900
  seq_000019: frames=92  dim=900
  seq_000020: frames=55  dim=900
  seq_000021: frames=11  dim=900
  seq_000022: frames=15  dim=900
  seq_000023: frames=55  dim=900
  seq_000024: frames=20  dim=900
  seq_000025: frames=78  dim=900
  seq_000026: frames=18  dim=900
  seq_000027: frames=36  dim=900
  seq_000028: frames=94  dim=900
  seq_000029: frames=76  dim=900
  seq_000030: frames=39  dim=900
  seq_000031: frames=48  dim=900
  seq_000032: frames=36  dim=900
  seq_000033: frames=48  dim=900
  seq_000034: frames=51  dim=900
  seq_000035: frames=43  dim=900
  seq_000036: frames=80  dim=900
  seq_000037: frames=48  dim=900
  seq_000038: frames=75  dim=900
  seq_000039: frames=89  dim=900
  seq_000040: frames=43  dim=900
  seq_000041: frames=51  dim=900
  seq_000042: frames=80  dim=900
  seq_000043: frames=29  dim=900
  seq_000044: frames=83  dim=900

Methods: ['OSC']
CV mode: 5 folds of size 8, each rotated as test
  4 sequences unused (remainder dropped)
  fold 0: ['seq_000002', 'seq_000003', 'seq_000005', 'seq_000012', 'seq_000019', 'seq_000024', 'seq_000033', 'seq_000035']
  fold 1: ['seq_000004', 'seq_000011', 'seq_000020', 'seq_000022', 'seq_000023', 'seq_000028', 'seq_000039', 'seq_000042']
  fold 2: ['seq_000009', 'seq_000017', 'seq_000018', 'seq_000021', 'seq_000029', 'seq_000031', 'seq_000036', 'seq_000043']
  fold 3: ['seq_000001', 'seq_000007', 'seq_000010', 'seq_000025', 'seq_000026', 'seq_000027', 'seq_000040', 'seq_000041']
  fold 4: ['seq_000006', 'seq_000008', 'seq_000013', 'seq_000014', 'seq_000015', 'seq_000037', 'seq_000038', 'seq_000044']
  tune_pool_groups=20: sampling from 36 held-in sequences (overlap allowed) instead of the 4 fixed fold group(s)

============================================================
σ=0.5 fold=0  test=['seq_000002', 'seq_000003', 'seq_000005', 'seq_000012', 'seq_000019', 'seq_000024', 'seq_000033', 'seq_000035']  train mats=4  test mats=1  tune mats=20
  --- tune OSC over 20 train mats  n_trials=20 (2 params) ---
  OSC trial 0: mean ARI=0.6662  n=20  42.7s  lambda_1=0.1, lambda_2=0.1
  OSC trial 1: mean ARI=0.5824  n=20  41.9s  lambda_1=0.1568, lambda_2=0.7257
  OSC trial 2: mean ARI=0.5273  n=20  41.7s  lambda_1=0.2577, lambda_2=0.1512
  OSC trial 3: mean ARI=0.6896  n=20  41.8s  lambda_1=0.0495, lambda_2=0.3833
  OSC trial 4: mean ARI=0.6801  n=20  41.7s  lambda_1=0.05628, lambda_2=3.691
  OSC trial 5: mean ARI=-0.0002  n=20  40.5s  lambda_1=7.156, lambda_2=0.03418
  OSC trial 6: mean ARI=-0.0002  n=20  40.6s  lambda_1=1.469, lambda_2=0.1305
  OSC trial 7: mean ARI=0.5356  n=20  41.5s  lambda_1=0.1871, lambda_2=5.039
  OSC trial 8: mean ARI=0.6731  n=20  43.0s  lambda_1=0.001924, lambda_2=0.002231
  OSC trial 9: mean ARI=0.7031  n=20  41.4s  lambda_1=0.001205, lambda_2=2.14
  OSC trial 10: mean ARI=0.6731  n=20  42.9s  lambda_1=0.001206, lambda_2=0.001659
  OSC trial 11: mean ARI=0.7008  n=20  41.5s  lambda_1=0.008553, lambda_2=0.9349
  OSC trial 12: mean ARI=0.7032  n=20  41.5s  lambda_1=0.007272, lambda_2=1.462
  OSC trial 13: mean ARI=0.7068  n=20  41.5s  lambda_1=0.00633, lambda_2=7.751
  OSC trial 14: mean ARI=0.7005  n=20  41.5s  lambda_1=0.009138, lambda_2=9.455
  OSC trial 15: mean ARI=0.7005  n=20  41.5s  lambda_1=0.009116, lambda_2=1.943
  OSC trial 16: mean ARI=0.6986  n=20  42.6s  lambda_1=0.0217, lambda_2=0.01302
  OSC trial 17: mean ARI=0.7053  n=20  41.6s  lambda_1=0.004249, lambda_2=9.49
  OSC trial 18: mean ARI=0.7053  n=20  41.4s  lambda_1=0.00314, lambda_2=7.892
  OSC trial 19: mean ARI=0.7068  n=20  41.5s  lambda_1=0.023, lambda_2=3.403
    best mean ARI=0.7068  tune 834.2s  lambda_1=0.023, lambda_2=3.403
  wrote /nfs/turbo/umms-minjilab/lpullela/icassp_ssc_tv2/block_ssc_benchmark/cv/params/ballet/ballet_cluster_sigmas_0.5_params_knownk_cv_osc_k8_sigma0p5_sigma0.5_fold0.json

=== train[1] k=8  dim=900  frames=560  σ=0.5  fold=0  seqs=['seq_000004', 'seq_000011', 'seq_000020', 'seq_000022', 'seq_000023', 'seq_000028', 'seq_000039', 'seq_000042'] ===
  OSC: k_hat=8  ACC=0.8625  NMI=0.9033  ARI=0.8447  3.2s

=== train[2] k=8  dim=900  frames=454  σ=0.5  fold=0  seqs=['seq_000009', 'seq_000017', 'seq_000018', 'seq_000021', 'seq_000029', 'seq_000031', 'seq_000036', 'seq_000043'] ===
  OSC: k_hat=8  ACC=0.7048  NMI=0.8637  ARI=0.6746  2.2s

=== train[3] k=8  dim=900  frames=330  σ=0.5  fold=0  seqs=['seq_000001', 'seq_000007', 'seq_000010', 'seq_000025', 'seq_000026', 'seq_000027', 'seq_000040', 'seq_000041'] ===
  OSC: k_hat=8  ACC=0.8061  NMI=0.8386  ARI=0.6826  1.2s

=== train[4] k=8  dim=900  frames=484  σ=0.5  fold=0  seqs=['seq_000006', 'seq_000008', 'seq_000013', 'seq_000014', 'seq_000015', 'seq_000037', 'seq_000038', 'seq_000044'] ===
  OSC: k_hat=8  ACC=0.7438  NMI=0.8760  ARI=0.7301  2.5s

=== test[0] k=8  dim=900  frames=412  σ=0.5  fold=0  seqs=['seq_000002', 'seq_000003', 'seq_000005', 'seq_000012', 'seq_000019', 'seq_000024', 'seq_000033', 'seq_000035'] ===
  OSC: k_hat=8  ACC=0.7524  NMI=0.8647  ARI=0.7135  1.9s
  tune_pool_groups=20: sampling from 36 held-in sequences (overlap allowed) instead of the 4 fixed fold group(s)

============================================================
σ=0.5 fold=1  test=['seq_000004', 'seq_000011', 'seq_000020', 'seq_000022', 'seq_000023', 'seq_000028', 'seq_000039', 'seq_000042']  train mats=4  test mats=1  tune mats=20
  --- tune OSC over 20 train mats  n_trials=20 (2 params) ---
  OSC trial 0: mean ARI=0.6893  n=20  34.8s  lambda_1=0.1, lambda_2=0.1
  OSC trial 1: mean ARI=0.5990  n=20  34.4s  lambda_1=0.1568, lambda_2=0.7257
  OSC trial 2: mean ARI=0.5220  n=20  34.5s  lambda_1=0.2577, lambda_2=0.1512
  OSC trial 3: mean ARI=0.7007  n=20  34.4s  lambda_1=0.0495, lambda_2=0.3833
  OSC trial 4: mean ARI=0.7113  n=20  34.3s  lambda_1=0.05628, lambda_2=3.691
  OSC trial 5: mean ARI=0.0029  n=20  33.3s  lambda_1=7.156, lambda_2=0.03418
  OSC trial 6: mean ARI=0.0029  n=20  33.4s  lambda_1=1.469, lambda_2=0.1305
  OSC trial 7: mean ARI=0.5794  n=20  34.4s  lambda_1=0.1871, lambda_2=5.039
  OSC trial 8: mean ARI=0.6907  n=20  35.6s  lambda_1=0.001924, lambda_2=0.002231
  OSC trial 9: mean ARI=0.7185  n=20  34.3s  lambda_1=0.001205, lambda_2=2.14
  OSC trial 10: mean ARI=0.6866  n=20  35.7s  lambda_1=0.001206, lambda_2=0.001659
  OSC trial 11: mean ARI=0.7184  n=20  34.4s  lambda_1=0.009109, lambda_2=6.91
  OSC trial 12: mean ARI=0.7174  n=20  34.2s  lambda_1=0.007272, lambda_2=9.287
  OSC trial 13: mean ARI=0.7159  n=20  34.3s  lambda_1=0.00633, lambda_2=1.552
  OSC trial 14: mean ARI=0.7202  n=20  34.3s  lambda_1=0.009944, lambda_2=2.352
  OSC trial 15: mean ARI=0.7078  n=20  34.4s  lambda_1=0.01831, lambda_2=1.298
  OSC trial 16: mean ARI=0.6913  n=20  35.5s  lambda_1=0.002577, lambda_2=0.01302
  OSC trial 17: mean ARI=0.7079  n=20  34.5s  lambda_1=0.02123, lambda_2=0.4589
  OSC trial 18: mean ARI=0.7185  n=20  34.3s  lambda_1=0.003453, lambda_2=2.398
  OSC trial 19: mean ARI=0.7185  n=20  34.5s  lambda_1=0.004365, lambda_2=2.624
    best mean ARI=0.7202  tune 689.6s  lambda_1=0.009944, lambda_2=2.352
  wrote /nfs/turbo/umms-minjilab/lpullela/icassp_ssc_tv2/block_ssc_benchmark/cv/params/ballet/ballet_cluster_sigmas_0.5_params_knownk_cv_osc_k8_sigma0p5_sigma0.5_fold1.json

=== train[26] k=8  dim=900  frames=412  σ=0.5  fold=1  seqs=['seq_000002', 'seq_000003', 'seq_000005', 'seq_000012', 'seq_000019', 'seq_000024', 'seq_000033', 'seq_000035'] ===
  OSC: k_hat=8  ACC=0.7524  NMI=0.8519  ARI=0.7033  1.8s

=== train[27] k=8  dim=900  frames=454  σ=0.5  fold=1  seqs=['seq_000009', 'seq_000017', 'seq_000018', 'seq_000021', 'seq_000029', 'seq_000031', 'seq_000036', 'seq_000043'] ===
  OSC: k_hat=8  ACC=0.7070  NMI=0.8638  ARI=0.6748  2.1s

=== train[28] k=8  dim=900  frames=330  σ=0.5  fold=1  seqs=['seq_000001', 'seq_000007', 'seq_000010', 'seq_000025', 'seq_000026', 'seq_000027', 'seq_000040', 'seq_000041'] ===
  OSC: k_hat=8  ACC=0.7121  NMI=0.8019  ARI=0.5850  1.2s

=== train[29] k=8  dim=900  frames=484  σ=0.5  fold=1  seqs=['seq_000006', 'seq_000008', 'seq_000013', 'seq_000014', 'seq_000015', 'seq_000037', 'seq_000038', 'seq_000044'] ===
  OSC: k_hat=8  ACC=0.7376  NMI=0.8701  ARI=0.7241  2.3s

=== test[25] k=8  dim=900  frames=560  σ=0.5  fold=1  seqs=['seq_000004', 'seq_000011', 'seq_000020', 'seq_000022', 'seq_000023', 'seq_000028', 'seq_000039', 'seq_000042'] ===
  OSC: k_hat=8  ACC=0.8750  NMI=0.8975  ARI=0.8401  3.2s
  tune_pool_groups=20: sampling from 36 held-in sequences (overlap allowed) instead of the 4 fixed fold group(s)

============================================================
σ=0.5 fold=2  test=['seq_000009', 'seq_000017', 'seq_000018', 'seq_000021', 'seq_000029', 'seq_000031', 'seq_000036', 'seq_000043']  train mats=4  test mats=1  tune mats=20
  --- tune OSC over 20 train mats  n_trials=20 (2 params) ---
  OSC trial 0: mean ARI=0.6177  n=20  41.7s  lambda_1=0.1, lambda_2=0.1
  OSC trial 1: mean ARI=0.5961  n=20  40.9s  lambda_1=0.1568, lambda_2=0.7257
  OSC trial 2: mean ARI=0.4706  n=20  41.1s  lambda_1=0.2577, lambda_2=0.1512
  OSC trial 3: mean ARI=0.6496  n=20  41.1s  lambda_1=0.0495, lambda_2=0.3833
  OSC trial 4: mean ARI=0.6486  n=20  41.1s  lambda_1=0.05628, lambda_2=3.691
  OSC trial 5: mean ARI=0.0022  n=20  39.7s  lambda_1=7.156, lambda_2=0.03418
  OSC trial 6: mean ARI=0.0022  n=20  39.8s  lambda_1=1.469, lambda_2=0.1305
  OSC trial 7: mean ARI=0.5923  n=20  41.1s  lambda_1=0.1871, lambda_2=5.039
  OSC trial 8: mean ARI=0.6224  n=20  42.6s  lambda_1=0.001924, lambda_2=0.002231
  OSC trial 9: mean ARI=0.6418  n=20  41.0s  lambda_1=0.001205, lambda_2=2.14
  OSC trial 10: mean ARI=0.6350  n=20  42.5s  lambda_1=0.01165, lambda_2=0.001662
  OSC trial 11: mean ARI=0.6577  n=20  40.9s  lambda_1=0.01856, lambda_2=0.9349
  OSC trial 12: mean ARI=0.6470  n=20  41.0s  lambda_1=0.01288, lambda_2=0.5626
  OSC trial 13: mean ARI=0.6545  n=20  41.1s  lambda_1=0.01483, lambda_2=0.7505
  OSC trial 14: mean ARI=0.6326  n=20  42.4s  lambda_1=0.007064, lambda_2=0.01802
  OSC trial 15: mean ARI=0.6525  n=20  40.8s  lambda_1=0.02446, lambda_2=1.571
  OSC trial 16: mean ARI=0.6449  n=20  41.1s  lambda_1=0.004175, lambda_2=8.19
  OSC trial 17: mean ARI=0.0022  n=20  39.6s  lambda_1=1.154, lambda_2=0.01989
  OSC trial 18: mean ARI=0.6370  n=20  40.9s  lambda_1=0.00314, lambda_2=1.572
  OSC trial 19: mean ARI=0.6525  n=20  41.1s  lambda_1=0.02449, lambda_2=0.2994
    best mean ARI=0.6577  tune 821.5s  lambda_1=0.01856, lambda_2=0.9349
  wrote /nfs/turbo/umms-minjilab/lpullela/icassp_ssc_tv2/block_ssc_benchmark/cv/params/ballet/ballet_cluster_sigmas_0.5_params_knownk_cv_osc_k8_sigma0p5_sigma0.5_fold2.json

=== train[51] k=8  dim=900  frames=412  σ=0.5  fold=2  seqs=['seq_000002', 'seq_000003', 'seq_000005', 'seq_000012', 'seq_000019', 'seq_000024', 'seq_000033', 'seq_000035'] ===
  OSC: k_hat=8  ACC=0.7500  NMI=0.8597  ARI=0.7090  1.7s

=== train[52] k=8  dim=900  frames=560  σ=0.5  fold=2  seqs=['seq_000004', 'seq_000011', 'seq_000020', 'seq_000022', 'seq_000023', 'seq_000028', 'seq_000039', 'seq_000042'] ===
  OSC: k_hat=8  ACC=0.8679  NMI=0.8970  ARI=0.8392  3.2s

=== train[53] k=8  dim=900  frames=330  σ=0.5  fold=2  seqs=['seq_000001', 'seq_000007', 'seq_000010', 'seq_000025', 'seq_000026', 'seq_000027', 'seq_000040', 'seq_000041'] ===
  OSC: k_hat=8  ACC=0.8121  NMI=0.8407  ARI=0.6885  1.2s

=== train[54] k=8  dim=900  frames=484  σ=0.5  fold=2  seqs=['seq_000006', 'seq_000008', 'seq_000013', 'seq_000014', 'seq_000015', 'seq_000037', 'seq_000038', 'seq_000044'] ===
  OSC: k_hat=8  ACC=0.7438  NMI=0.8708  ARI=0.7271  2.4s

=== test[50] k=8  dim=900  frames=454  σ=0.5  fold=2  seqs=['seq_000009', 'seq_000017', 'seq_000018', 'seq_000021', 'seq_000029', 'seq_000031', 'seq_000036', 'seq_000043'] ===
  OSC: k_hat=8  ACC=0.7026  NMI=0.8634  ARI=0.6728  2.0s
  tune_pool_groups=20: sampling from 36 held-in sequences (overlap allowed) instead of the 4 fixed fold group(s)

============================================================
σ=0.5 fold=3  test=['seq_000001', 'seq_000007', 'seq_000010', 'seq_000025', 'seq_000026', 'seq_000027', 'seq_000040', 'seq_000041']  train mats=4  test mats=1  tune mats=20
  --- tune OSC over 20 train mats  n_trials=20 (2 params) ---
  OSC trial 0: mean ARI=0.7082  n=20  44.7s  lambda_1=0.1, lambda_2=0.1
  OSC trial 1: mean ARI=0.6097  n=20  43.0s  lambda_1=0.1568, lambda_2=0.7257
  OSC trial 2: mean ARI=0.5312  n=20  43.2s  lambda_1=0.2577, lambda_2=0.1512
  OSC trial 3: mean ARI=0.7258  n=20  43.2s  lambda_1=0.0495, lambda_2=0.3833
  OSC trial 4: mean ARI=0.7219  n=20  43.1s  lambda_1=0.05628, lambda_2=3.691
  OSC trial 5: mean ARI=0.0037  n=20  41.9s  lambda_1=7.156, lambda_2=0.03418
  OSC trial 6: mean ARI=0.0037  n=20  41.9s  lambda_1=1.469, lambda_2=0.1305
  OSC trial 7: mean ARI=0.5879  n=20  43.3s  lambda_1=0.1871, lambda_2=5.039
  OSC trial 8: mean ARI=0.6892  n=20  44.8s  lambda_1=0.001924, lambda_2=0.002231
  OSC trial 9: mean ARI=0.7103  n=20  43.3s  lambda_1=0.001205, lambda_2=2.14
  OSC trial 10: mean ARI=0.7051  n=20  44.5s  lambda_1=0.01165, lambda_2=0.001662
  OSC trial 11: mean ARI=0.7310  n=20  43.2s  lambda_1=0.01856, lambda_2=0.9349
  OSC trial 12: mean ARI=0.7197  n=20  43.1s  lambda_1=0.01288, lambda_2=0.5626
  OSC trial 13: mean ARI=0.7197  n=20  43.0s  lambda_1=0.01483, lambda_2=0.7505
  OSC trial 14: mean ARI=0.7299  n=20  44.4s  lambda_1=0.03324, lambda_2=0.02161
  OSC trial 15: mean ARI=0.6905  n=20  44.5s  lambda_1=0.003408, lambda_2=0.006577
  OSC trial 16: mean ARI=0.7061  n=20  44.4s  lambda_1=0.006143, lambda_2=0.0152
  OSC trial 17: mean ARI=0.7267  n=20  43.1s  lambda_1=0.03251, lambda_2=9.37
  OSC trial 18: mean ARI=0.0037  n=20  41.9s  lambda_1=0.6233, lambda_2=0.03742
  OSC trial 19: mean ARI=0.7340  n=20  44.5s  lambda_1=0.02508, lambda_2=0.005631
    best mean ARI=0.7340  tune 869.1s  lambda_1=0.02508, lambda_2=0.005631
  wrote /nfs/turbo/umms-minjilab/lpullela/icassp_ssc_tv2/block_ssc_benchmark/cv/params/ballet/ballet_cluster_sigmas_0.5_params_knownk_cv_osc_k8_sigma0p5_sigma0.5_fold3.json

=== train[76] k=8  dim=900  frames=412  σ=0.5  fold=3  seqs=['seq_000002', 'seq_000003', 'seq_000005', 'seq_000012', 'seq_000019', 'seq_000024', 'seq_000033', 'seq_000035'] ===
  OSC: k_hat=8  ACC=0.7476  NMI=0.8687  ARI=0.7127  1.9s

=== train[77] k=8  dim=900  frames=560  σ=0.5  fold=3  seqs=['seq_000004', 'seq_000011', 'seq_000020', 'seq_000022', 'seq_000023', 'seq_000028', 'seq_000039', 'seq_000042'] ===
  OSC: k_hat=8  ACC=0.8607  NMI=0.8997  ARI=0.8377  3.1s

=== train[78] k=8  dim=900  frames=454  σ=0.5  fold=3  seqs=['seq_000009', 'seq_000017', 'seq_000018', 'seq_000021', 'seq_000029', 'seq_000031', 'seq_000036', 'seq_000043'] ===
  OSC: k_hat=8  ACC=0.6938  NMI=0.8627  ARI=0.6697  2.2s

=== train[79] k=8  dim=900  frames=484  σ=0.5  fold=3  seqs=['seq_000006', 'seq_000008', 'seq_000013', 'seq_000014', 'seq_000015', 'seq_000037', 'seq_000038', 'seq_000044'] ===
  OSC: k_hat=8  ACC=0.7397  NMI=0.8706  ARI=0.7264  2.3s

=== test[75] k=8  dim=900  frames=330  σ=0.5  fold=3  seqs=['seq_000001', 'seq_000007', 'seq_000010', 'seq_000025', 'seq_000026', 'seq_000027', 'seq_000040', 'seq_000041'] ===
  OSC: k_hat=8  ACC=0.8212  NMI=0.8503  ARI=0.7112  1.3s
  tune_pool_groups=20: sampling from 36 held-in sequences (overlap allowed) instead of the 4 fixed fold group(s)

============================================================
σ=0.5 fold=4  test=['seq_000006', 'seq_000008', 'seq_000013', 'seq_000014', 'seq_000015', 'seq_000037', 'seq_000038', 'seq_000044']  train mats=4  test mats=1  tune mats=20
  --- tune OSC over 20 train mats  n_trials=20 (2 params) ---
  OSC trial 0: mean ARI=0.6886  n=20  35.2s  lambda_1=0.1, lambda_2=0.1
  OSC trial 1: mean ARI=0.6257  n=20  34.9s  lambda_1=0.1568, lambda_2=0.7257
  OSC trial 2: mean ARI=0.5228  n=20  35.0s  lambda_1=0.2577, lambda_2=0.1512
  OSC trial 3: mean ARI=0.7305  n=20  34.9s  lambda_1=0.0495, lambda_2=0.3833
  OSC trial 4: mean ARI=0.7277  n=20  34.9s  lambda_1=0.05628, lambda_2=3.691
  OSC trial 5: mean ARI=0.0070  n=20  33.9s  lambda_1=7.156, lambda_2=0.03418
  OSC trial 6: mean ARI=0.0070  n=20  33.8s  lambda_1=1.469, lambda_2=0.1305
  OSC trial 7: mean ARI=0.6136  n=20  35.0s  lambda_1=0.1871, lambda_2=5.039
  OSC trial 8: mean ARI=0.6682  n=20  36.5s  lambda_1=0.001924, lambda_2=0.002231
  OSC trial 9: mean ARI=0.7094  n=20  35.0s  lambda_1=0.001205, lambda_2=2.14
  OSC trial 10: mean ARI=0.6904  n=20  36.4s  lambda_1=0.01165, lambda_2=0.001662
  OSC trial 11: mean ARI=0.7231  n=20  34.9s  lambda_1=0.01856, lambda_2=0.9349
  OSC trial 12: mean ARI=0.7247  n=20  35.1s  lambda_1=0.02004, lambda_2=9.099
  OSC trial 13: mean ARI=0.7305  n=20  34.9s  lambda_1=0.0495, lambda_2=0.8617
  OSC trial 14: mean ARI=0.6895  n=20  36.1s  lambda_1=0.005443, lambda_2=0.0202
  OSC trial 15: mean ARI=0.0070  n=20  33.8s  lambda_1=0.7028, lambda_2=0.5971
  OSC trial 16: mean ARI=0.7278  n=20  35.2s  lambda_1=0.04314, lambda_2=0.4031
  OSC trial 17: mean ARI=0.6826  n=20  36.0s  lambda_1=0.004777, lambda_2=0.01694
  OSC trial 18: mean ARI=0.0070  n=20  33.9s  lambda_1=0.6682, lambda_2=1.833
  OSC trial 19: mean ARI=0.7342  n=20  34.9s  lambda_1=0.0397, lambda_2=0.2788
    best mean ARI=0.7342  tune 700.4s  lambda_1=0.0397, lambda_2=0.2788
  wrote /nfs/turbo/umms-minjilab/lpullela/icassp_ssc_tv2/block_ssc_benchmark/cv/params/ballet/ballet_cluster_sigmas_0.5_params_knownk_cv_osc_k8_sigma0p5_sigma0.5_fold4.json

=== train[101] k=8  dim=900  frames=412  σ=0.5  fold=4  seqs=['seq_000002', 'seq_000003', 'seq_000005', 'seq_000012', 'seq_000019', 'seq_000024', 'seq_000033', 'seq_000035'] ===
  OSC: k_hat=8  ACC=0.7500  NMI=0.8514  ARI=0.7016  1.8s

=== train[102] k=8  dim=900  frames=560  σ=0.5  fold=4  seqs=['seq_000004', 'seq_000011', 'seq_000020', 'seq_000022', 'seq_000023', 'seq_000028', 'seq_000039', 'seq_000042'] ===
  OSC: k_hat=8  ACC=0.8750  NMI=0.9024  ARI=0.8493  3.0s

=== train[103] k=8  dim=900  frames=454  σ=0.5  fold=4  seqs=['seq_000009', 'seq_000017', 'seq_000018', 'seq_000021', 'seq_000029', 'seq_000031', 'seq_000036', 'seq_000043'] ===
  OSC: k_hat=8  ACC=0.7048  NMI=0.8634  ARI=0.6731  2.1s

=== train[104] k=8  dim=900  frames=330  σ=0.5  fold=4  seqs=['seq_000001', 'seq_000007', 'seq_000010', 'seq_000025', 'seq_000026', 'seq_000027', 'seq_000040', 'seq_000041'] ===
  OSC: k_hat=8  ACC=0.7697  NMI=0.8468  ARI=0.7341  1.2s

=== test[100] k=8  dim=900  frames=484  σ=0.5  fold=4  seqs=['seq_000006', 'seq_000008', 'seq_000013', 'seq_000014', 'seq_000015', 'seq_000037', 'seq_000038', 'seq_000044'] ===
  OSC: k_hat=8  ACC=0.7624  NMI=0.8730  ARI=0.7335  2.3s

=== inference time per method ===
  OSC: mean=2.1294s  std=0.6374s  total=53.2s  n=25
wrote /nfs/turbo/umms-minjilab/lpullela/icassp_ssc_tv2/block_ssc_benchmark/cv/results/ballet/ballet_cluster_sigmas_0.5_results_knownk_cv_osc_k8_sigma0p5_timing.json

=== mean over matrices ===
  OSC train σ=0.5: ACC=0.7671  NMI=0.8652  ARI=0.7244  n=20
  OSC test σ=0.5: ACC=0.7827  NMI=0.8698  ARI=0.7342  n=5

wrote /nfs/turbo/umms-minjilab/lpullela/icassp_ssc_tv2/block_ssc_benchmark/cv/results/ballet/ballet_cluster_sigmas_0.5_results_knownk_cv_osc_k8_sigma0p5.csv
end=Sun Sep  6 20:07:54 EDT 2026
Experiment completed!
