========================================
Job: cvb_tkss_k8_s0p5
Method: TKSS  k: 8  sigma: 0.5  tune_pool_groups: 20
========================================
host=gl3292.arc-ts.umich.edu  python=/home/lpullela/miniconda3/envs/ssc_559/bin/python  start=Sun Sep  6 19:01:39 EDT 2026
=== Ballet Clustering Experiment ===
k=8  n_test=15  n_train_combos=24  n_test_combos=18  n_trials=20  down_hw=30  full_data=False  n_frames ~ Unif[10, 100]  seed=0
hetero_noise=False  sigmas=(0.5,)  append=False  no_tune=False  known_k=True  csv=ballet_cluster_sigmas_0.5_results_knownk_cv_tkss_k8_sigma0p5.csv
SSC-Block-TV block_size searched in [2, 12]

Loading 44 sequences once (reused across combinations)
  seq_000001: frames=53  dim=900
  seq_000002: frames=78  dim=900
  seq_000003: frames=13  dim=900
  seq_000004: frames=84  dim=900
  seq_000005: frames=32  dim=900
  seq_000006: frames=89  dim=900
  seq_000007: frames=34  dim=900
  seq_000008: frames=33  dim=900
  seq_000009: frames=68  dim=900
  seq_000010: frames=17  dim=900
  seq_000011: frames=88  dim=900
  seq_000012: frames=86  dim=900
  seq_000013: frames=84  dim=900
  seq_000014: frames=51  dim=900
  seq_000015: frames=21  dim=900
  seq_000016: frames=21  dim=900
  seq_000017: frames=98  dim=900
  seq_000018: frames=44  dim=900
  seq_000019: frames=92  dim=900
  seq_000020: frames=55  dim=900
  seq_000021: frames=11  dim=900
  seq_000022: frames=15  dim=900
  seq_000023: frames=55  dim=900
  seq_000024: frames=20  dim=900
  seq_000025: frames=78  dim=900
  seq_000026: frames=18  dim=900
  seq_000027: frames=36  dim=900
  seq_000028: frames=94  dim=900
  seq_000029: frames=76  dim=900
  seq_000030: frames=39  dim=900
  seq_000031: frames=48  dim=900
  seq_000032: frames=36  dim=900
  seq_000033: frames=48  dim=900
  seq_000034: frames=51  dim=900
  seq_000035: frames=43  dim=900
  seq_000036: frames=80  dim=900
  seq_000037: frames=48  dim=900
  seq_000038: frames=75  dim=900
  seq_000039: frames=89  dim=900
  seq_000040: frames=43  dim=900
  seq_000041: frames=51  dim=900
  seq_000042: frames=80  dim=900
  seq_000043: frames=29  dim=900
  seq_000044: frames=83  dim=900

Methods: ['TKSS']
CV mode: 5 folds of size 8, each rotated as test
  4 sequences unused (remainder dropped)
  fold 0: ['seq_000002', 'seq_000003', 'seq_000005', 'seq_000012', 'seq_000019', 'seq_000024', 'seq_000033', 'seq_000035']
  fold 1: ['seq_000004', 'seq_000011', 'seq_000020', 'seq_000022', 'seq_000023', 'seq_000028', 'seq_000039', 'seq_000042']
  fold 2: ['seq_000009', 'seq_000017', 'seq_000018', 'seq_000021', 'seq_000029', 'seq_000031', 'seq_000036', 'seq_000043']
  fold 3: ['seq_000001', 'seq_000007', 'seq_000010', 'seq_000025', 'seq_000026', 'seq_000027', 'seq_000040', 'seq_000041']
  fold 4: ['seq_000006', 'seq_000008', 'seq_000013', 'seq_000014', 'seq_000015', 'seq_000037', 'seq_000038', 'seq_000044']
  tune_pool_groups=20: sampling from 36 held-in sequences (overlap allowed) instead of the 4 fixed fold group(s)

============================================================
σ=0.5 fold=0  test=['seq_000002', 'seq_000003', 'seq_000005', 'seq_000012', 'seq_000019', 'seq_000024', 'seq_000033', 'seq_000035']  train mats=4  test mats=1  tune mats=20
  --- tune TKSS over 20 train mats  n_trials=30 (3 params) ---
  TKSS trial 0: mean ARI=0.5963  n=20  12.8s  d=5, lam=1, s=2
  TKSS trial 1: mean ARI=0.5963  n=20  19.1s  d=9, lam=1.398, s=4
  TKSS trial 2: mean ARI=0.5929  n=20  9.0s  d=9, lam=0.1866, s=4
  TKSS trial 3: mean ARI=0.5956  n=20  33.3s  d=7, lam=4.735, s=6
  TKSS trial 4: mean ARI=0.5973  n=20  22.4s  d=6, lam=2.372, s=4
  TKSS trial 5: mean ARI=0.5933  n=20  7.1s  d=9, lam=5.981, s=1
  TKSS trial 6: mean ARI=0.6023  n=20  21.4s  d=2, lam=0.0115, s=5
  TKSS trial 7: mean ARI=0.5925  n=20  25.8s  d=12, lam=4.074, s=6
  TKSS trial 8: mean ARI=0.5924  n=20  10.6s  d=12, lam=0.2423, s=5
  TKSS trial 9: mean ARI=0.6175  n=20  34.7s  d=2, lam=0.8313, s=1
  TKSS trial 10: mean ARI=0.5918  n=20  5.2s  d=15, lam=0.01463, s=2
  TKSS trial 11: mean ARI=0.5983  n=20  37.3s  d=1, lam=0.01211, s=1
  TKSS trial 12: mean ARI=0.6243  n=20  52.7s  d=1, lam=0.05122, s=3
  TKSS trial 13: mean ARI=0.5975  n=20  12.5s  d=3, lam=0.06623, s=2
  TKSS trial 14: mean ARI=0.6052  n=20  23.2s  d=4, lam=0.4118, s=3
  TKSS trial 15: mean ARI=0.6266  n=20  51.2s  d=1, lam=0.05946, s=3
  TKSS trial 16: mean ARI=0.6229  n=20  47.8s  d=1, lam=0.04751, s=3
  TKSS trial 17: mean ARI=0.5940  n=20  7.5s  d=4, lam=0.05146, s=3
  TKSS trial 18: mean ARI=0.6299  n=20  51.6s  d=1, lam=0.1059, s=3
  TKSS trial 19: mean ARI=0.5992  n=20  13.1s  d=3, lam=0.1118, s=2
  TKSS trial 20: mean ARI=0.5926  n=20  5.9s  d=6, lam=0.02159, s=5
  TKSS trial 21: mean ARI=0.6054  n=20  47.7s  d=1, lam=0.02793, s=3
  TKSS trial 22: mean ARI=0.5994  n=20  14.3s  d=3, lam=0.09321, s=3
  TKSS trial 23: mean ARI=0.6548  n=20  59.1s  d=1, lam=0.1763, s=4
  TKSS trial 24: mean ARI=0.6272  n=20  48.9s  d=2, lam=0.4209, s=4
  TKSS trial 25: mean ARI=0.6066  n=20  26.2s  d=4, lam=0.404, s=4
  TKSS trial 26: mean ARI=0.6267  n=20  39.6s  d=2, lam=0.1785, s=4
  TKSS trial 27: mean ARI=0.6130  n=20  42.4s  d=3, lam=0.4423, s=5
  TKSS trial 28: mean ARI=0.5962  n=20  9.7s  d=5, lam=0.1177, s=4
  TKSS trial 29: mean ARI=0.6302  n=20  54.1s  d=2, lam=1.229, s=5
    best mean ARI=0.6548  tune 846.0s  d=1, lam=0.1763, s=4
  wrote /nfs/turbo/umms-minjilab/lpullela/icassp_ssc_tv2/block_ssc_benchmark/cv/params/ballet/ballet_cluster_sigmas_0.5_params_knownk_cv_tkss_k8_sigma0p5_sigma0.5_fold0.json

=== train[1] k=8  dim=900  frames=560  σ=0.5  fold=0  seqs=['seq_000004', 'seq_000011', 'seq_000020', 'seq_000022', 'seq_000023', 'seq_000028', 'seq_000039', 'seq_000042'] ===
  TKSS: k_hat=8  ACC=0.6768  NMI=0.6921  ARI=0.5080  5.5s

=== train[2] k=8  dim=900  frames=454  σ=0.5  fold=0  seqs=['seq_000009', 'seq_000017', 'seq_000018', 'seq_000021', 'seq_000029', 'seq_000031', 'seq_000036', 'seq_000043'] ===
  TKSS: k_hat=8  ACC=0.7379  NMI=0.7901  ARI=0.6325  1.8s

=== train[3] k=8  dim=900  frames=330  σ=0.5  fold=0  seqs=['seq_000001', 'seq_000007', 'seq_000010', 'seq_000025', 'seq_000026', 'seq_000027', 'seq_000040', 'seq_000041'] ===
  TKSS: k_hat=8  ACC=0.7727  NMI=0.8141  ARI=0.6560  4.6s

=== train[4] k=8  dim=900  frames=484  σ=0.5  fold=0  seqs=['seq_000006', 'seq_000008', 'seq_000013', 'seq_000014', 'seq_000015', 'seq_000037', 'seq_000038', 'seq_000044'] ===
  TKSS: k_hat=8  ACC=0.7975  NMI=0.7747  ARI=0.6685  3.1s

=== test[0] k=8  dim=900  frames=412  σ=0.5  fold=0  seqs=['seq_000002', 'seq_000003', 'seq_000005', 'seq_000012', 'seq_000019', 'seq_000024', 'seq_000033', 'seq_000035'] ===
  TKSS: k_hat=8  ACC=0.6383  NMI=0.7597  ARI=0.5565  3.0s
  tune_pool_groups=20: sampling from 36 held-in sequences (overlap allowed) instead of the 4 fixed fold group(s)

============================================================
σ=0.5 fold=1  test=['seq_000004', 'seq_000011', 'seq_000020', 'seq_000022', 'seq_000023', 'seq_000028', 'seq_000039', 'seq_000042']  train mats=4  test mats=1  tune mats=20
  --- tune TKSS over 20 train mats  n_trials=30 (3 params) ---
  TKSS trial 0: mean ARI=0.5923  n=20  13.1s  d=5, lam=1, s=2
  TKSS trial 1: mean ARI=0.5925  n=20  13.5s  d=9, lam=1.398, s=4
  TKSS trial 2: mean ARI=0.5891  n=20  7.1s  d=9, lam=0.1866, s=4
  TKSS trial 3: mean ARI=0.5885  n=20  23.4s  d=7, lam=4.735, s=6
  TKSS trial 4: mean ARI=0.5945  n=20  16.6s  d=6, lam=2.372, s=4
  TKSS trial 5: mean ARI=0.5883  n=20  5.5s  d=9, lam=5.981, s=1
  TKSS trial 6: mean ARI=0.5954  n=20  14.0s  d=2, lam=0.0115, s=5
  TKSS trial 7: mean ARI=0.5873  n=20  24.7s  d=12, lam=4.074, s=6
  TKSS trial 8: mean ARI=0.5879  n=20  12.4s  d=12, lam=0.2423, s=5
  TKSS trial 9: mean ARI=0.6022  n=20  21.0s  d=2, lam=0.8313, s=1
  TKSS trial 10: mean ARI=0.5878  n=20  4.5s  d=15, lam=0.01463, s=2
  TKSS trial 11: mean ARI=0.5981  n=20  29.7s  d=1, lam=0.01211, s=1
  TKSS trial 12: mean ARI=0.6015  n=20  37.0s  d=1, lam=0.05148, s=1
  TKSS trial 13: mean ARI=0.5918  n=20  9.1s  d=3, lam=0.06627, s=2
  TKSS trial 14: mean ARI=0.5929  n=20  10.0s  d=4, lam=0.4115, s=1
  TKSS trial 15: mean ARI=0.6108  n=20  38.5s  d=1, lam=0.05946, s=2
  TKSS trial 16: mean ARI=0.5923  n=20  9.4s  d=3, lam=0.05031, s=3
  TKSS trial 17: mean ARI=0.6288  n=20  49.7s  d=1, lam=0.6219, s=3
  TKSS trial 18: mean ARI=0.6298  n=20  40.2s  d=1, lam=0.1173, s=3
  TKSS trial 19: mean ARI=0.5995  n=20  17.7s  d=4, lam=0.4124, s=3
  TKSS trial 20: mean ARI=0.5885  n=20  7.3s  d=6, lam=0.1733, s=3
  TKSS trial 21: mean ARI=0.6280  n=20  38.9s  d=1, lam=0.09152, s=3
  TKSS trial 22: mean ARI=0.5912  n=20  8.6s  d=3, lam=0.02926, s=3
  TKSS trial 23: mean ARI=0.6285  n=20  39.6s  d=1, lam=0.1103, s=3
  TKSS trial 24: mean ARI=0.6074  n=20  19.1s  d=2, lam=0.112, s=4
  TKSS trial 25: mean ARI=0.5995  n=20  18.3s  d=4, lam=0.4925, s=3
  TKSS trial 26: mean ARI=0.5976  n=20  13.6s  d=2, lam=0.02539, s=2
  TKSS trial 27: mean ARI=0.6485  n=20  49.4s  d=1, lam=0.2599, s=5
  TKSS trial 28: mean ARI=0.6065  n=20  23.7s  d=3, lam=0.2697, s=5
  TKSS trial 29: mean ARI=0.5916  n=20  22.5s  d=4, lam=1.216, s=5
    best mean ARI=0.6485  tune 638.3s  d=1, lam=0.2599, s=5
  wrote /nfs/turbo/umms-minjilab/lpullela/icassp_ssc_tv2/block_ssc_benchmark/cv/params/ballet/ballet_cluster_sigmas_0.5_params_knownk_cv_tkss_k8_sigma0p5_sigma0.5_fold1.json

=== train[26] k=8  dim=900  frames=412  σ=0.5  fold=1  seqs=['seq_000002', 'seq_000003', 'seq_000005', 'seq_000012', 'seq_000019', 'seq_000024', 'seq_000033', 'seq_000035'] ===
  TKSS: k_hat=8  ACC=0.6626  NMI=0.7087  ARI=0.5329  3.0s

=== train[27] k=8  dim=900  frames=454  σ=0.5  fold=1  seqs=['seq_000009', 'seq_000017', 'seq_000018', 'seq_000021', 'seq_000029', 'seq_000031', 'seq_000036', 'seq_000043'] ===
  TKSS: k_hat=8  ACC=0.7357  NMI=0.8110  ARI=0.6345  2.6s

=== train[28] k=8  dim=900  frames=330  σ=0.5  fold=1  seqs=['seq_000001', 'seq_000007', 'seq_000010', 'seq_000025', 'seq_000026', 'seq_000027', 'seq_000040', 'seq_000041'] ===
  TKSS: k_hat=8  ACC=0.7636  NMI=0.7976  ARI=0.6381  3.6s

=== train[29] k=8  dim=900  frames=484  σ=0.5  fold=1  seqs=['seq_000006', 'seq_000008', 'seq_000013', 'seq_000014', 'seq_000015', 'seq_000037', 'seq_000038', 'seq_000044'] ===
  TKSS: k_hat=8  ACC=0.7727  NMI=0.7445  ARI=0.6192  3.2s

=== test[25] k=8  dim=900  frames=560  σ=0.5  fold=1  seqs=['seq_000004', 'seq_000011', 'seq_000020', 'seq_000022', 'seq_000023', 'seq_000028', 'seq_000039', 'seq_000042'] ===
  TKSS: k_hat=8  ACC=0.6857  NMI=0.7912  ARI=0.6395  5.3s
  tune_pool_groups=20: sampling from 36 held-in sequences (overlap allowed) instead of the 4 fixed fold group(s)

============================================================
σ=0.5 fold=2  test=['seq_000009', 'seq_000017', 'seq_000018', 'seq_000021', 'seq_000029', 'seq_000031', 'seq_000036', 'seq_000043']  train mats=4  test mats=1  tune mats=20
  --- tune TKSS over 20 train mats  n_trials=30 (3 params) ---
  TKSS trial 0: mean ARI=0.5908  n=20  17.4s  d=5, lam=1, s=2
  TKSS trial 1: mean ARI=0.5880  n=20  23.8s  d=9, lam=1.398, s=4
  TKSS trial 2: mean ARI=0.5877  n=20  11.8s  d=9, lam=0.1866, s=4
  TKSS trial 3: mean ARI=0.5917  n=20  34.9s  d=7, lam=4.735, s=6
  TKSS trial 4: mean ARI=0.5956  n=20  29.9s  d=6, lam=2.372, s=4
  TKSS trial 5: mean ARI=0.5855  n=20  5.7s  d=9, lam=5.981, s=1
  TKSS trial 6: mean ARI=0.5883  n=20  17.7s  d=2, lam=0.0115, s=5
  TKSS trial 7: mean ARI=0.5898  n=20  39.7s  d=12, lam=4.074, s=6
  TKSS trial 8: mean ARI=0.5855  n=20  20.7s  d=12, lam=0.2423, s=5
  TKSS trial 9: mean ARI=0.5969  n=20  29.8s  d=2, lam=0.8313, s=1
  TKSS trial 10: mean ARI=0.5851  n=20  5.2s  d=15, lam=0.01463, s=2
  TKSS trial 11: mean ARI=0.5879  n=20  75.5s  d=1, lam=0.6206, s=3
  TKSS trial 12: mean ARI=0.5875  n=20  8.2s  d=4, lam=0.2269, s=1
  TKSS trial 13: mean ARI=0.6005  n=20  33.2s  d=3, lam=1.685, s=3
  TKSS trial 14: mean ARI=0.5876  n=20  11.0s  d=3, lam=0.05596, s=2
  TKSS trial 15: mean ARI=0.5800  n=20  77.4s  d=1, lam=0.5144, s=3
  TKSS trial 16: mean ARI=0.5919  n=20  19.4s  d=3, lam=1.651, s=1
  TKSS trial 17: mean ARI=0.5880  n=20  11.5s  d=4, lam=0.08864, s=3
  TKSS trial 18: mean ARI=0.5887  n=20  12.6s  d=7, lam=0.5601, s=2
  TKSS trial 19: mean ARI=0.5709  n=20  51.5s  d=1, lam=2.27, s=1
  TKSS trial 20: mean ARI=0.6007  n=20  34.4s  d=3, lam=8.999, s=3
  TKSS trial 21: mean ARI=0.6009  n=20  34.0s  d=3, lam=6.09, s=3
  TKSS trial 22: mean ARI=0.5962  n=20  28.0s  d=5, lam=9.215, s=3
  TKSS trial 23: mean ARI=0.6007  n=20  34.3s  d=3, lam=9.866, s=3
  TKSS trial 24: mean ARI=0.5961  n=20  30.9s  d=5, lam=9.44, s=4
  TKSS trial 25: mean ARI=0.5962  n=20  31.9s  d=4, lam=3.477, s=3
  TKSS trial 26: mean ARI=0.6061  n=20  46.3s  d=2, lam=7.118, s=2
  TKSS trial 27: mean ARI=0.5898  n=20  15.2s  d=6, lam=6.372, s=2
  TKSS trial 28: mean ARI=0.6063  n=20  46.7s  d=2, lam=3.02, s=2
  TKSS trial 29: mean ARI=0.6063  n=20  47.0s  d=2, lam=2.655, s=2
    best mean ARI=0.6063  tune 885.6s  d=2, lam=3.02, s=2
  wrote /nfs/turbo/umms-minjilab/lpullela/icassp_ssc_tv2/block_ssc_benchmark/cv/params/ballet/ballet_cluster_sigmas_0.5_params_knownk_cv_tkss_k8_sigma0p5_sigma0.5_fold2.json

=== train[51] k=8  dim=900  frames=412  σ=0.5  fold=2  seqs=['seq_000002', 'seq_000003', 'seq_000005', 'seq_000012', 'seq_000019', 'seq_000024', 'seq_000033', 'seq_000035'] ===
  TKSS: k_hat=8  ACC=0.6990  NMI=0.7929  ARI=0.6134  1.5s

=== train[52] k=8  dim=900  frames=560  σ=0.5  fold=2  seqs=['seq_000004', 'seq_000011', 'seq_000020', 'seq_000022', 'seq_000023', 'seq_000028', 'seq_000039', 'seq_000042'] ===
  TKSS: k_hat=8  ACC=0.6911  NMI=0.7709  ARI=0.6219  5.6s

=== train[53] k=8  dim=900  frames=330  σ=0.5  fold=2  seqs=['seq_000001', 'seq_000007', 'seq_000010', 'seq_000025', 'seq_000026', 'seq_000027', 'seq_000040', 'seq_000041'] ===
  TKSS: k_hat=8  ACC=0.8000  NMI=0.7917  ARI=0.6297  1.1s

=== train[54] k=8  dim=900  frames=484  σ=0.5  fold=2  seqs=['seq_000006', 'seq_000008', 'seq_000013', 'seq_000014', 'seq_000015', 'seq_000037', 'seq_000038', 'seq_000044'] ===
  TKSS: k_hat=8  ACC=0.6632  NMI=0.7366  ARI=0.5570  3.1s

=== test[50] k=8  dim=900  frames=454  σ=0.5  fold=2  seqs=['seq_000009', 'seq_000017', 'seq_000018', 'seq_000021', 'seq_000029', 'seq_000031', 'seq_000036', 'seq_000043'] ===
  TKSS: k_hat=8  ACC=0.7599  NMI=0.8039  ARI=0.6709  1.6s
  tune_pool_groups=20: sampling from 36 held-in sequences (overlap allowed) instead of the 4 fixed fold group(s)

============================================================
σ=0.5 fold=3  test=['seq_000001', 'seq_000007', 'seq_000010', 'seq_000025', 'seq_000026', 'seq_000027', 'seq_000040', 'seq_000041']  train mats=4  test mats=1  tune mats=20
  --- tune TKSS over 20 train mats  n_trials=30 (3 params) ---
  TKSS trial 0: mean ARI=0.5772  n=20  19.3s  d=5, lam=1, s=2
  TKSS trial 1: mean ARI=0.5754  n=20  19.4s  d=9, lam=1.398, s=4
  TKSS trial 2: mean ARI=0.5745  n=20  11.1s  d=9, lam=0.1866, s=4
  TKSS trial 3: mean ARI=0.5738  n=20  33.7s  d=7, lam=4.735, s=6
  TKSS trial 4: mean ARI=0.5758  n=20  23.9s  d=6, lam=2.372, s=4
  TKSS trial 5: mean ARI=0.5733  n=20  7.3s  d=9, lam=5.981, s=1
  TKSS trial 6: mean ARI=0.5699  n=20  20.5s  d=2, lam=0.0115, s=5
  TKSS trial 7: mean ARI=0.5719  n=20  28.4s  d=12, lam=4.074, s=6
  TKSS trial 8: mean ARI=0.5720  n=20  14.1s  d=12, lam=0.2423, s=5
  TKSS trial 9: mean ARI=0.5681  n=20  35.1s  d=2, lam=0.8313, s=1
  TKSS trial 10: mean ARI=0.5721  n=20  5.7s  d=15, lam=0.01465, s=2
  TKSS trial 11: mean ARI=0.5783  n=20  22.3s  d=5, lam=0.7161, s=3
  TKSS trial 12: mean ARI=0.5767  n=20  18.2s  d=4, lam=0.4051, s=2
  TKSS trial 13: mean ARI=0.5742  n=20  8.1s  d=5, lam=0.0814, s=3
  TKSS trial 14: mean ARI=0.5773  n=20  20.8s  d=4, lam=0.6098, s=2
  TKSS trial 15: mean ARI=0.5542  n=20  57.1s  d=1, lam=0.05946, s=3
  TKSS trial 16: mean ARI=0.5823  n=20  26.0s  d=3, lam=0.5843, s=3
  TKSS trial 17: mean ARI=0.5767  n=20  15.4s  d=3, lam=0.07825, s=3
  TKSS trial 18: mean ARI=0.5761  n=20  17.7s  d=7, lam=1.774, s=3
  TKSS trial 19: mean ARI=0.5890  n=20  63.0s  d=1, lam=0.2781, s=4
  TKSS trial 20: mean ARI=0.6074  n=20  46.5s  d=1, lam=0.1904, s=5
  TKSS trial 21: mean ARI=0.6061  n=20  52.1s  d=1, lam=0.1972, s=5
  TKSS trial 22: mean ARI=0.6016  n=20  55.9s  d=1, lam=0.2291, s=5
  TKSS trial 23: mean ARI=0.5698  n=20  48.4s  d=1, lam=0.04263, s=5
  TKSS trial 24: mean ARI=0.5840  n=20  37.2s  d=2, lam=0.1406, s=5
  TKSS trial 25: mean ARI=0.5767  n=20  14.3s  d=3, lam=0.03005, s=6
  TKSS trial 26: mean ARI=0.5922  n=20  51.4s  d=1, lam=0.1261, s=5
  TKSS trial 27: mean ARI=0.6032  n=20  55.3s  d=2, lam=0.3565, s=6
  TKSS trial 28: mean ARI=0.5800  n=20  37.8s  d=3, lam=0.3886, s=6
  TKSS trial 29: mean ARI=0.5779  n=20  18.6s  d=4, lam=0.1226, s=6
    best mean ARI=0.6074  tune 884.6s  d=1, lam=0.1904, s=5
  wrote /nfs/turbo/umms-minjilab/lpullela/icassp_ssc_tv2/block_ssc_benchmark/cv/params/ballet/ballet_cluster_sigmas_0.5_params_knownk_cv_tkss_k8_sigma0p5_sigma0.5_fold3.json

=== train[76] k=8  dim=900  frames=412  σ=0.5  fold=3  seqs=['seq_000002', 'seq_000003', 'seq_000005', 'seq_000012', 'seq_000019', 'seq_000024', 'seq_000033', 'seq_000035'] ===
  TKSS: k_hat=8  ACC=0.6626  NMI=0.7299  ARI=0.5441  3.4s

=== train[77] k=8  dim=900  frames=560  σ=0.5  fold=3  seqs=['seq_000004', 'seq_000011', 'seq_000020', 'seq_000022', 'seq_000023', 'seq_000028', 'seq_000039', 'seq_000042'] ===
  TKSS: k_hat=8  ACC=0.7661  NMI=0.7847  ARI=0.6492  4.3s

=== train[78] k=8  dim=900  frames=454  σ=0.5  fold=3  seqs=['seq_000009', 'seq_000017', 'seq_000018', 'seq_000021', 'seq_000029', 'seq_000031', 'seq_000036', 'seq_000043'] ===
  TKSS: k_hat=8  ACC=0.7004  NMI=0.7868  ARI=0.6075  2.6s

=== train[79] k=8  dim=900  frames=484  σ=0.5  fold=3  seqs=['seq_000006', 'seq_000008', 'seq_000013', 'seq_000014', 'seq_000015', 'seq_000037', 'seq_000038', 'seq_000044'] ===
  TKSS: k_hat=8  ACC=0.6942  NMI=0.6876  ARI=0.5240  3.5s

=== test[75] k=8  dim=900  frames=330  σ=0.5  fold=3  seqs=['seq_000001', 'seq_000007', 'seq_000010', 'seq_000025', 'seq_000026', 'seq_000027', 'seq_000040', 'seq_000041'] ===
  TKSS: k_hat=8  ACC=0.7727  NMI=0.8067  ARI=0.6490  2.6s
  tune_pool_groups=20: sampling from 36 held-in sequences (overlap allowed) instead of the 4 fixed fold group(s)

============================================================
σ=0.5 fold=4  test=['seq_000006', 'seq_000008', 'seq_000013', 'seq_000014', 'seq_000015', 'seq_000037', 'seq_000038', 'seq_000044']  train mats=4  test mats=1  tune mats=20
  --- tune TKSS over 20 train mats  n_trials=30 (3 params) ---
  TKSS trial 0: mean ARI=0.5708  n=20  9.2s  d=5, lam=1, s=2
  TKSS trial 1: mean ARI=0.5695  n=20  14.9s  d=9, lam=1.398, s=4
  TKSS trial 2: mean ARI=0.5684  n=20  7.8s  d=9, lam=0.1866, s=4
  TKSS trial 3: mean ARI=0.5694  n=20  28.0s  d=7, lam=4.735, s=6
  TKSS trial 4: mean ARI=0.5686  n=20  21.3s  d=6, lam=2.372, s=4
  TKSS trial 5: mean ARI=0.5686  n=20  5.4s  d=9, lam=5.981, s=1
  TKSS trial 6: mean ARI=0.5733  n=20  14.3s  d=2, lam=0.0115, s=5
  TKSS trial 7: mean ARI=0.5657  n=20  25.3s  d=12, lam=4.074, s=6
  TKSS trial 8: mean ARI=0.5681  n=20  10.2s  d=12, lam=0.2423, s=5
  TKSS trial 9: mean ARI=0.5775  n=20  27.4s  d=2, lam=0.8313, s=1
  TKSS trial 10: mean ARI=0.5681  n=20  4.9s  d=15, lam=0.01463, s=2
  TKSS trial 11: mean ARI=0.5663  n=20  29.6s  d=1, lam=0.01211, s=1
  TKSS trial 12: mean ARI=0.5905  n=20  39.0s  d=1, lam=0.05122, s=3
  TKSS trial 13: mean ARI=0.5702  n=20  7.3s  d=3, lam=0.06623, s=2
  TKSS trial 14: mean ARI=0.5732  n=20  13.8s  d=4, lam=0.4118, s=3
  TKSS trial 15: mean ARI=0.5912  n=20  41.3s  d=1, lam=0.05946, s=3
  TKSS trial 16: mean ARI=0.5825  n=20  39.5s  d=1, lam=0.04751, s=3
  TKSS trial 17: mean ARI=0.5693  n=20  5.8s  d=4, lam=0.05146, s=3
  TKSS trial 18: mean ARI=0.5968  n=20  50.1s  d=1, lam=0.1059, s=3
  TKSS trial 19: mean ARI=0.5702  n=20  7.7s  d=3, lam=0.1118, s=2
  TKSS trial 20: mean ARI=0.5684  n=20  5.0s  d=6, lam=0.02159, s=5
  TKSS trial 21: mean ARI=0.5813  n=20  38.4s  d=1, lam=0.02793, s=3
  TKSS trial 22: mean ARI=0.5716  n=20  8.5s  d=3, lam=0.09321, s=3
  TKSS trial 23: mean ARI=0.6275  n=20  44.1s  d=1, lam=0.1763, s=4
  TKSS trial 24: mean ARI=0.5839  n=20  36.5s  d=2, lam=0.4209, s=4
  TKSS trial 25: mean ARI=0.5709  n=20  11.6s  d=4, lam=0.1766, s=4
  TKSS trial 26: mean ARI=0.5865  n=20  39.1s  d=2, lam=0.3533, s=5
  TKSS trial 27: mean ARI=0.6233  n=20  47.9s  d=1, lam=0.0945, s=4
  TKSS trial 28: mean ARI=0.5750  n=20  12.7s  d=3, lam=0.1177, s=4
  TKSS trial 29: mean ARI=0.5743  n=20  30.2s  d=4, lam=0.5844, s=5
    best mean ARI=0.6275  tune 677.1s  d=1, lam=0.1763, s=4
  wrote /nfs/turbo/umms-minjilab/lpullela/icassp_ssc_tv2/block_ssc_benchmark/cv/params/ballet/ballet_cluster_sigmas_0.5_params_knownk_cv_tkss_k8_sigma0p5_sigma0.5_fold4.json

=== train[101] k=8  dim=900  frames=412  σ=0.5  fold=4  seqs=['seq_000002', 'seq_000003', 'seq_000005', 'seq_000012', 'seq_000019', 'seq_000024', 'seq_000033', 'seq_000035'] ===
  TKSS: k_hat=8  ACC=0.6893  NMI=0.7770  ARI=0.5816  2.3s

=== train[102] k=8  dim=900  frames=560  σ=0.5  fold=4  seqs=['seq_000004', 'seq_000011', 'seq_000020', 'seq_000022', 'seq_000023', 'seq_000028', 'seq_000039', 'seq_000042'] ===
  TKSS: k_hat=8  ACC=0.6946  NMI=0.7390  ARI=0.5688  4.3s

=== train[103] k=8  dim=900  frames=454  σ=0.5  fold=4  seqs=['seq_000009', 'seq_000017', 'seq_000018', 'seq_000021', 'seq_000029', 'seq_000031', 'seq_000036', 'seq_000043'] ===
  TKSS: k_hat=8  ACC=0.6542  NMI=0.7562  ARI=0.5455  3.3s

=== train[104] k=8  dim=900  frames=330  σ=0.5  fold=4  seqs=['seq_000001', 'seq_000007', 'seq_000010', 'seq_000025', 'seq_000026', 'seq_000027', 'seq_000040', 'seq_000041'] ===
  TKSS: k_hat=8  ACC=0.8242  NMI=0.8262  ARI=0.6869  1.1s

=== test[100] k=8  dim=900  frames=484  σ=0.5  fold=4  seqs=['seq_000006', 'seq_000008', 'seq_000013', 'seq_000014', 'seq_000015', 'seq_000037', 'seq_000038', 'seq_000044'] ===
  TKSS: k_hat=8  ACC=0.7748  NMI=0.7463  ARI=0.6202  3.0s

=== inference time per method ===
  TKSS: mean=3.1653s  std=1.2421s  total=79.1s  n=25
wrote /nfs/turbo/umms-minjilab/lpullela/icassp_ssc_tv2/block_ssc_benchmark/cv/results/ballet/ballet_cluster_sigmas_0.5_results_knownk_cv_tkss_k8_sigma0p5_timing.json

=== mean over matrices ===
  TKSS train σ=0.5: ACC=0.7229  NMI=0.7656  ARI=0.6010  n=20
  TKSS test σ=0.5: ACC=0.7263  NMI=0.7816  ARI=0.6272  n=5

wrote /nfs/turbo/umms-minjilab/lpullela/icassp_ssc_tv2/block_ssc_benchmark/cv/results/ballet/ballet_cluster_sigmas_0.5_results_knownk_cv_tkss_k8_sigma0p5.csv
end=Sun Sep  6 20:08:36 EDT 2026
Experiment completed!
