host=gl3020.arc-ts.umich.edu  python=/home/lpullela/miniconda3/envs/ssc_559/bin/python  start=Wed Sep  2 20:44:14 EDT 2026
=== Ballet Clustering Experiment ===
k=5  n_test=15  n_train_combos=24  n_test_combos=18  n_trials=50  down_hw=30  full_data=False  n_frames ~ Unif[10, 100]  seed=0
hetero_noise=False  sigmas=None  append=False  no_tune=False  known_k=False  csv=ballet_cluster_khat_scaled_results_ssc.csv
sequences=44  train_pool=29  test_pool=15  train_combos=24  test_combos=18
train pool: ['seq_000003', 'seq_000035', 'seq_000005', 'seq_000019', 'seq_000024', 'seq_000033', 'seq_000012', 'seq_000002', 'seq_000023', 'seq_000020', 'seq_000022', 'seq_000028', 'seq_000042', 'seq_000011', 'seq_000004', 'seq_000039', 'seq_000017', 'seq_000031', 'seq_000021', 'seq_000029', 'seq_000009', 'seq_000036', 'seq_000043', 'seq_000018', 'seq_000001', 'seq_000025', 'seq_000026', 'seq_000041', 'seq_000027']
test  pool: ['seq_000040', 'seq_000010', 'seq_000007', 'seq_000037', 'seq_000038', 'seq_000014', 'seq_000013', 'seq_000008', 'seq_000044', 'seq_000006', 'seq_000015', 'seq_000030', 'seq_000034', 'seq_000016', 'seq_000032']
train 0 k=5  sequences=['seq_000002', 'seq_000011', 'seq_000017', 'seq_000023', 'seq_000036']
train 1 k=5  sequences=['seq_000001', 'seq_000004', 'seq_000009', 'seq_000017', 'seq_000031']
train 2 k=5  sequences=['seq_000001', 'seq_000002', 'seq_000011', 'seq_000029', 'seq_000043']
train 3 k=5  sequences=['seq_000003', 'seq_000018', 'seq_000026', 'seq_000029', 'seq_000033']
train 4 k=5  sequences=['seq_000002', 'seq_000005', 'seq_000027', 'seq_000028', 'seq_000042']
train 5 k=5  sequences=['seq_000002', 'seq_000011', 'seq_000017', 'seq_000027', 'seq_000031']
train 6 k=5  sequences=['seq_000009', 'seq_000022', 'seq_000025', 'seq_000029', 'seq_000041']
train 7 k=5  sequences=['seq_000009', 'seq_000017', 'seq_000019', 'seq_000020', 'seq_000043']
train 8 k=5  sequences=['seq_000001', 'seq_000005', 'seq_000022', 'seq_000029', 'seq_000042']
train 9 k=5  sequences=['seq_000004', 'seq_000009', 'seq_000012', 'seq_000023', 'seq_000031']
train 10 k=5  sequences=['seq_000002', 'seq_000009', 'seq_000012', 'seq_000018', 'seq_000023']
train 11 k=5  sequences=['seq_000009', 'seq_000012', 'seq_000022', 'seq_000023', 'seq_000036']
train 12 k=5  sequences=['seq_000001', 'seq_000017', 'seq_000023', 'seq_000024', 'seq_000039']
train 13 k=5  sequences=['seq_000028', 'seq_000029', 'seq_000033', 'seq_000035', 'seq_000039']
train 14 k=5  sequences=['seq_000001', 'seq_000023', 'seq_000025', 'seq_000026', 'seq_000039']
train 15 k=5  sequences=['seq_000018', 'seq_000019', 'seq_000020', 'seq_000031', 'seq_000035']
train 16 k=5  sequences=['seq_000022', 'seq_000026', 'seq_000028', 'seq_000033', 'seq_000042']
train 17 k=5  sequences=['seq_000017', 'seq_000020', 'seq_000026', 'seq_000039', 'seq_000041']
train 18 k=5  sequences=['seq_000004', 'seq_000012', 'seq_000022', 'seq_000028', 'seq_000042']
train 19 k=5  sequences=['seq_000021', 'seq_000025', 'seq_000026', 'seq_000029', 'seq_000041']
train 20 k=5  sequences=['seq_000001', 'seq_000021', 'seq_000025', 'seq_000027', 'seq_000041']
train 21 k=5  sequences=['seq_000001', 'seq_000022', 'seq_000024', 'seq_000025', 'seq_000036']
train 22 k=5  sequences=['seq_000011', 'seq_000012', 'seq_000020', 'seq_000027', 'seq_000036']
train 23 k=5  sequences=['seq_000002', 'seq_000018', 'seq_000025', 'seq_000028', 'seq_000039']
test  0 k=5  sequences=['seq_000007', 'seq_000008', 'seq_000015', 'seq_000016', 'seq_000040']
test  1 k=5  sequences=['seq_000008', 'seq_000010', 'seq_000030', 'seq_000037', 'seq_000040']
test  2 k=5  sequences=['seq_000006', 'seq_000007', 'seq_000013', 'seq_000030', 'seq_000040']
test  3 k=5  sequences=['seq_000010', 'seq_000015', 'seq_000034', 'seq_000038', 'seq_000044']
test  4 k=5  sequences=['seq_000007', 'seq_000010', 'seq_000015', 'seq_000034', 'seq_000037']
test  5 k=5  sequences=['seq_000008', 'seq_000013', 'seq_000015', 'seq_000016', 'seq_000034']
test  6 k=5  sequences=['seq_000013', 'seq_000016', 'seq_000030', 'seq_000034', 'seq_000038']
test  7 k=5  sequences=['seq_000008', 'seq_000037', 'seq_000038', 'seq_000040', 'seq_000044']
test  8 k=5  sequences=['seq_000006', 'seq_000032', 'seq_000034', 'seq_000038', 'seq_000040']
test  9 k=5  sequences=['seq_000010', 'seq_000015', 'seq_000034', 'seq_000038', 'seq_000040']
test  10 k=5  sequences=['seq_000007', 'seq_000008', 'seq_000013', 'seq_000032', 'seq_000037']
test  11 k=5  sequences=['seq_000010', 'seq_000014', 'seq_000030', 'seq_000032', 'seq_000040']
test  12 k=5  sequences=['seq_000013', 'seq_000014', 'seq_000015', 'seq_000016', 'seq_000037']
test  13 k=5  sequences=['seq_000007', 'seq_000013', 'seq_000016', 'seq_000030', 'seq_000044']
test  14 k=5  sequences=['seq_000006', 'seq_000013', 'seq_000030', 'seq_000038', 'seq_000040']
test  15 k=5  sequences=['seq_000008', 'seq_000032', 'seq_000034', 'seq_000037', 'seq_000044']
test  16 k=5  sequences=['seq_000013', 'seq_000015', 'seq_000034', 'seq_000037', 'seq_000044']
test  17 k=5  sequences=['seq_000006', 'seq_000007', 'seq_000008', 'seq_000014', 'seq_000016']

Loading 44 sequences once (reused across combinations)
  seq_000001: frames=53  dim=900
  seq_000002: frames=78  dim=900
  seq_000003: frames=13  dim=900
  seq_000004: frames=84  dim=900
  seq_000005: frames=32  dim=900
  seq_000006: frames=89  dim=900
  seq_000007: frames=34  dim=900
  seq_000008: frames=33  dim=900
  seq_000009: frames=68  dim=900
  seq_000010: frames=17  dim=900
  seq_000011: frames=88  dim=900
  seq_000012: frames=86  dim=900
  seq_000013: frames=84  dim=900
  seq_000014: frames=51  dim=900
  seq_000015: frames=21  dim=900
  seq_000016: frames=21  dim=900
  seq_000017: frames=98  dim=900
  seq_000018: frames=44  dim=900
  seq_000019: frames=92  dim=900
  seq_000020: frames=55  dim=900
  seq_000021: frames=11  dim=900
  seq_000022: frames=15  dim=900
  seq_000023: frames=55  dim=900
  seq_000024: frames=20  dim=900
  seq_000025: frames=78  dim=900
  seq_000026: frames=18  dim=900
  seq_000027: frames=36  dim=900
  seq_000028: frames=94  dim=900
  seq_000029: frames=76  dim=900
  seq_000030: frames=39  dim=900
  seq_000031: frames=48  dim=900
  seq_000032: frames=36  dim=900
  seq_000033: frames=48  dim=900
  seq_000034: frames=51  dim=900
  seq_000035: frames=43  dim=900
  seq_000036: frames=80  dim=900
  seq_000037: frames=48  dim=900
  seq_000038: frames=75  dim=900
  seq_000039: frames=89  dim=900
  seq_000040: frames=43  dim=900
  seq_000041: frames=51  dim=900
  seq_000042: frames=80  dim=900
  seq_000043: frames=29  dim=900
  seq_000044: frames=83  dim=900

Building train combinations
  train[0]: frames=399  dim=900  n_kept=[78, 88, 98, 55, 80]  seqs=['seq_000002', 'seq_000011', 'seq_000017', 'seq_000023', 'seq_000036']
  train[1]: frames=351  dim=900  n_kept=[53, 84, 68, 98, 48]  seqs=['seq_000001', 'seq_000004', 'seq_000009', 'seq_000017', 'seq_000031']
  train[2]: frames=324  dim=900  n_kept=[53, 78, 88, 76, 29]  seqs=['seq_000001', 'seq_000002', 'seq_000011', 'seq_000029', 'seq_000043']
  train[3]: frames=199  dim=900  n_kept=[13, 44, 18, 76, 48]  seqs=['seq_000003', 'seq_000018', 'seq_000026', 'seq_000029', 'seq_000033']
  train[4]: frames=320  dim=900  n_kept=[78, 32, 36, 94, 80]  seqs=['seq_000002', 'seq_000005', 'seq_000027', 'seq_000028', 'seq_000042']
  train[5]: frames=348  dim=900  n_kept=[78, 88, 98, 36, 48]  seqs=['seq_000002', 'seq_000011', 'seq_000017', 'seq_000027', 'seq_000031']
  train[6]: frames=288  dim=900  n_kept=[68, 15, 78, 76, 51]  seqs=['seq_000009', 'seq_000022', 'seq_000025', 'seq_000029', 'seq_000041']
  train[7]: frames=342  dim=900  n_kept=[68, 98, 92, 55, 29]  seqs=['seq_000009', 'seq_000017', 'seq_000019', 'seq_000020', 'seq_000043']
  train[8]: frames=256  dim=900  n_kept=[53, 32, 15, 76, 80]  seqs=['seq_000001', 'seq_000005', 'seq_000022', 'seq_000029', 'seq_000042']
  train[9]: frames=341  dim=900  n_kept=[84, 68, 86, 55, 48]  seqs=['seq_000004', 'seq_000009', 'seq_000012', 'seq_000023', 'seq_000031']
  train[10]: frames=331  dim=900  n_kept=[78, 68, 86, 44, 55]  seqs=['seq_000002', 'seq_000009', 'seq_000012', 'seq_000018', 'seq_000023']
  train[11]: frames=304  dim=900  n_kept=[68, 86, 15, 55, 80]  seqs=['seq_000009', 'seq_000012', 'seq_000022', 'seq_000023', 'seq_000036']
  train[12]: frames=315  dim=900  n_kept=[53, 98, 55, 20, 89]  seqs=['seq_000001', 'seq_000017', 'seq_000023', 'seq_000024', 'seq_000039']
  train[13]: frames=350  dim=900  n_kept=[94, 76, 48, 43, 89]  seqs=['seq_000028', 'seq_000029', 'seq_000033', 'seq_000035', 'seq_000039']
  train[14]: frames=293  dim=900  n_kept=[53, 55, 78, 18, 89]  seqs=['seq_000001', 'seq_000023', 'seq_000025', 'seq_000026', 'seq_000039']
  train[15]: frames=282  dim=900  n_kept=[44, 92, 55, 48, 43]  seqs=['seq_000018', 'seq_000019', 'seq_000020', 'seq_000031', 'seq_000035']
  train[16]: frames=255  dim=900  n_kept=[15, 18, 94, 48, 80]  seqs=['seq_000022', 'seq_000026', 'seq_000028', 'seq_000033', 'seq_000042']
  train[17]: frames=311  dim=900  n_kept=[98, 55, 18, 89, 51]  seqs=['seq_000017', 'seq_000020', 'seq_000026', 'seq_000039', 'seq_000041']
  train[18]: frames=359  dim=900  n_kept=[84, 86, 15, 94, 80]  seqs=['seq_000004', 'seq_000012', 'seq_000022', 'seq_000028', 'seq_000042']
  train[19]: frames=234  dim=900  n_kept=[11, 78, 18, 76, 51]  seqs=['seq_000021', 'seq_000025', 'seq_000026', 'seq_000029', 'seq_000041']
  train[20]: frames=229  dim=900  n_kept=[53, 11, 78, 36, 51]  seqs=['seq_000001', 'seq_000021', 'seq_000025', 'seq_000027', 'seq_000041']
  train[21]: frames=246  dim=900  n_kept=[53, 15, 20, 78, 80]  seqs=['seq_000001', 'seq_000022', 'seq_000024', 'seq_000025', 'seq_000036']
  train[22]: frames=345  dim=900  n_kept=[88, 86, 55, 36, 80]  seqs=['seq_000011', 'seq_000012', 'seq_000020', 'seq_000027', 'seq_000036']
  train[23]: frames=383  dim=900  n_kept=[78, 44, 78, 94, 89]  seqs=['seq_000002', 'seq_000018', 'seq_000025', 'seq_000028', 'seq_000039']
Building test combinations
  test[0]: frames=152  dim=900  n_kept=[34, 33, 21, 21, 43]  seqs=['seq_000007', 'seq_000008', 'seq_000015', 'seq_000016', 'seq_000040']
  test[1]: frames=180  dim=900  n_kept=[33, 17, 39, 48, 43]  seqs=['seq_000008', 'seq_000010', 'seq_000030', 'seq_000037', 'seq_000040']
  test[2]: frames=289  dim=900  n_kept=[89, 34, 84, 39, 43]  seqs=['seq_000006', 'seq_000007', 'seq_000013', 'seq_000030', 'seq_000040']
  test[3]: frames=247  dim=900  n_kept=[17, 21, 51, 75, 83]  seqs=['seq_000010', 'seq_000015', 'seq_000034', 'seq_000038', 'seq_000044']
  test[4]: frames=171  dim=900  n_kept=[34, 17, 21, 51, 48]  seqs=['seq_000007', 'seq_000010', 'seq_000015', 'seq_000034', 'seq_000037']
  test[5]: frames=210  dim=900  n_kept=[33, 84, 21, 21, 51]  seqs=['seq_000008', 'seq_000013', 'seq_000015', 'seq_000016', 'seq_000034']
  test[6]: frames=270  dim=900  n_kept=[84, 21, 39, 51, 75]  seqs=['seq_000013', 'seq_000016', 'seq_000030', 'seq_000034', 'seq_000038']
  test[7]: frames=282  dim=900  n_kept=[33, 48, 75, 43, 83]  seqs=['seq_000008', 'seq_000037', 'seq_000038', 'seq_000040', 'seq_000044']
  test[8]: frames=294  dim=900  n_kept=[89, 36, 51, 75, 43]  seqs=['seq_000006', 'seq_000032', 'seq_000034', 'seq_000038', 'seq_000040']
  test[9]: frames=207  dim=900  n_kept=[17, 21, 51, 75, 43]  seqs=['seq_000010', 'seq_000015', 'seq_000034', 'seq_000038', 'seq_000040']
  test[10]: frames=235  dim=900  n_kept=[34, 33, 84, 36, 48]  seqs=['seq_000007', 'seq_000008', 'seq_000013', 'seq_000032', 'seq_000037']
  test[11]: frames=186  dim=900  n_kept=[17, 51, 39, 36, 43]  seqs=['seq_000010', 'seq_000014', 'seq_000030', 'seq_000032', 'seq_000040']
  test[12]: frames=225  dim=900  n_kept=[84, 51, 21, 21, 48]  seqs=['seq_000013', 'seq_000014', 'seq_000015', 'seq_000016', 'seq_000037']
  test[13]: frames=261  dim=900  n_kept=[34, 84, 21, 39, 83]  seqs=['seq_000007', 'seq_000013', 'seq_000016', 'seq_000030', 'seq_000044']
  test[14]: frames=330  dim=900  n_kept=[89, 84, 39, 75, 43]  seqs=['seq_000006', 'seq_000013', 'seq_000030', 'seq_000038', 'seq_000040']
  test[15]: frames=251  dim=900  n_kept=[33, 36, 51, 48, 83]  seqs=['seq_000008', 'seq_000032', 'seq_000034', 'seq_000037', 'seq_000044']
  test[16]: frames=287  dim=900  n_kept=[84, 21, 51, 48, 83]  seqs=['seq_000013', 'seq_000015', 'seq_000034', 'seq_000037', 'seq_000044']
  test[17]: frames=228  dim=900  n_kept=[89, 34, 33, 51, 21]  seqs=['seq_000006', 'seq_000007', 'seq_000008', 'seq_000014', 'seq_000016']
clustering Y dim=900  (downsampled 30x30)

Methods: ['SSC-TV-L21', 'SSC-TV-L21-col']
pooled train mats for tuning=24

============================================================
--- Tuning SSC-TV-L21 over 24 train mats  n_trials=75 (3 params) ---
  SSC-TV-L21 trial 0: mean ARI=0.5791  n=24  17.7s  lambda_e=6.5, lambda_z=0.68, gamma_p=6, gamma_q=2.5
  SSC-TV-L21 trial 1: mean ARI=0.5791  n=24  16.9s  lambda_e=1.252, lambda_z=0.68, gamma_p=5.19, gamma_q=2.236
  SSC-TV-L21 trial 2: mean ARI=0.5791  n=24  16.9s  lambda_e=1.23, lambda_z=0.68, gamma_p=2.652, gamma_q=2.489
  SSC-TV-L21 trial 3: mean ARI=0.5791  n=24  16.8s  lambda_e=0.7502, lambda_z=0.68, gamma_p=7.794, gamma_q=5.482
  SSC-TV-L21 trial 4: mean ARI=0.5797  n=24  16.8s  lambda_e=0.5846, lambda_z=0.68, gamma_p=6.19, gamma_q=1.861
  SSC-TV-L21 trial 5: mean ARI=0.5432  n=24  16.8s  lambda_e=1.368, lambda_z=0.68, gamma_p=8.426, gamma_q=0.5965
  SSC-TV-L21 trial 6: mean ARI=0.5547  n=24  16.7s  lambda_e=0.1494, lambda_z=0.68, gamma_p=1.048, gamma_q=3.958
  SSC-TV-L21 trial 7: mean ARI=0.5791  n=24  16.8s  lambda_e=3.6, lambda_z=0.68, gamma_p=7.413, gamma_q=5.69
  SSC-TV-L21 trial 8: mean ARI=0.5791  n=24  16.8s  lambda_e=3.966, lambda_z=0.68, gamma_p=2.894, gamma_q=3.478
  SSC-TV-L21 trial 9: mean ARI=0.5445  n=24  16.8s  lambda_e=0.1724, lambda_z=0.68, gamma_p=4.364, gamma_q=0.714
  SSC-TV-L21 trial 10: mean ARI=0.5641  n=24  17.0s  lambda_e=0.327, lambda_z=0.68, gamma_p=1.135, gamma_q=1.076
  SSC-TV-L21 trial 11: mean ARI=0.5674  n=24  16.9s  lambda_e=7.232, lambda_z=0.68, gamma_p=4.774, gamma_q=1.645
  SSC-TV-L21 trial 12: mean ARI=0.5694  n=24  16.8s  lambda_e=0.4686, lambda_z=0.68, gamma_p=3.148, gamma_q=1.506
  SSC-TV-L21 trial 13: mean ARI=0.5791  n=24  16.9s  lambda_e=9.724, lambda_z=0.68, gamma_p=6.053, gamma_q=2.368
  SSC-TV-L21 trial 14: mean ARI=0.5784  n=24  16.8s  lambda_e=2.795, lambda_z=0.68, gamma_p=9.513, gamma_q=1.172
  SSC-TV-L21 trial 15: mean ARI=0.5791  n=24  17.0s  lambda_e=0.102, lambda_z=0.68, gamma_p=3.677, gamma_q=3.205
  SSC-TV-L21 trial 16: mean ARI=0.5692  n=24  16.8s  lambda_e=1.906, lambda_z=0.68, gamma_p=2.019, gamma_q=1.761
  SSC-TV-L21 trial 17: mean ARI=0.5655  n=24  16.9s  lambda_e=0.3342, lambda_z=0.68, gamma_p=6.128, gamma_q=1.013
  SSC-TV-L21 trial 18: mean ARI=0.5791  n=24  17.0s  lambda_e=5.465, lambda_z=0.68, gamma_p=1.788, gamma_q=2.724
  SSC-TV-L21 trial 19: mean ARI=0.5845  n=24  16.9s  lambda_e=0.6436, lambda_z=0.68, gamma_p=1.536, gamma_q=4.255
  SSC-TV-L21 trial 20: mean ARI=0.5790  n=24  16.9s  lambda_e=0.6398, lambda_z=0.68, gamma_p=1.696, gamma_q=4.173
  SSC-TV-L21 trial 21: mean ARI=0.5737  n=24  16.9s  lambda_e=0.8114, lambda_z=0.68, gamma_p=1.494, gamma_q=2.968
  SSC-TV-L21 trial 22: mean ARI=0.5742  n=24  17.0s  lambda_e=0.2495, lambda_z=0.68, gamma_p=1.44, gamma_q=4.304
  SSC-TV-L21 trial 23: mean ARI=0.5797  n=24  16.9s  lambda_e=0.5279, lambda_z=0.68, gamma_p=2.338, gamma_q=1.958
  SSC-TV-L21 trial 24: mean ARI=0.5797  n=24  16.9s  lambda_e=0.5369, lambda_z=0.68, gamma_p=2.33, gamma_q=1.923
  SSC-TV-L21 trial 25: mean ARI=0.5760  n=24  16.8s  lambda_e=0.922, lambda_z=0.68, gamma_p=1.35, gamma_q=1.304
  SSC-TV-L21 trial 26: mean ARI=0.5653  n=24  17.0s  lambda_e=0.4674, lambda_z=0.68, gamma_p=2.207, gamma_q=0.8756
  SSC-TV-L21 trial 27: mean ARI=0.5796  n=24  16.9s  lambda_e=0.3608, lambda_z=0.68, gamma_p=3.783, gamma_q=2.007
  SSC-TV-L21 trial 28: mean ARI=0.5754  n=24  16.9s  lambda_e=1.888, lambda_z=0.68, gamma_p=1.275, gamma_q=4.836
  SSC-TV-L21 trial 29: mean ARI=0.5790  n=24  16.9s  lambda_e=0.2246, lambda_z=0.68, gamma_p=1.747, gamma_q=3.588
  SSC-TV-L21 trial 30: mean ARI=0.5694  n=24  16.8s  lambda_e=0.985, lambda_z=0.68, gamma_p=3.418, gamma_q=1.465
  SSC-TV-L21 trial 31: mean ARI=0.5791  n=24  16.9s  lambda_e=0.5466, lambda_z=0.68, gamma_p=2.461, gamma_q=2.107
  SSC-TV-L21 trial 32: mean ARI=0.5794  n=24  16.9s  lambda_e=0.6213, lambda_z=0.68, gamma_p=2.103, gamma_q=1.923
  SSC-TV-L21 trial 33: mean ARI=0.5791  n=24  17.0s  lambda_e=0.441, lambda_z=0.68, gamma_p=2.35, gamma_q=2.591
  SSC-TV-L21 trial 34: mean ARI=0.5986  n=24  16.9s  lambda_e=1.174, lambda_z=0.68, gamma_p=1.965, gamma_q=1.281
  SSC-TV-L21 trial 35: mean ARI=0.5650  n=24  16.9s  lambda_e=1.382, lambda_z=0.68, gamma_p=2.672, gamma_q=0.8669
  SSC-TV-L21 trial 36: mean ARI=0.5772  n=24  17.0s  lambda_e=1.725, lambda_z=0.68, gamma_p=1.961, gamma_q=1.348
  SSC-TV-L21 trial 37: mean ARI=0.5872  n=24  16.9s  lambda_e=0.9813, lambda_z=0.68, gamma_p=1.579, gamma_q=1.238
  SSC-TV-L21 trial 38: mean ARI=0.5481  n=24  17.0s  lambda_e=1.115, lambda_z=0.68, gamma_p=1.16, gamma_q=0.6779
  SSC-TV-L21 trial 39: mean ARI=0.5338  n=24  17.1s  lambda_e=2.526, lambda_z=0.68, gamma_p=1.665, gamma_q=0.5121
  SSC-TV-L21 trial 40: mean ARI=0.5697  n=24  17.2s  lambda_e=0.7255, lambda_z=0.68, gamma_p=1.027, gamma_q=0.9376
  SSC-TV-L21 trial 41: mean ARI=0.5767  n=24  16.8s  lambda_e=0.8598, lambda_z=0.68, gamma_p=1.52, gamma_q=1.189
  SSC-TV-L21 trial 42: mean ARI=0.5652  n=24  16.7s  lambda_e=1.399, lambda_z=0.68, gamma_p=1.246, gamma_q=1.687
  SSC-TV-L21 trial 43: mean ARI=0.5660  n=24  16.9s  lambda_e=1.065, lambda_z=0.68, gamma_p=1.95, gamma_q=0.7888
  SSC-TV-L21 trial 44: mean ARI=0.5695  n=24  16.8s  lambda_e=0.3891, lambda_z=0.68, gamma_p=2.654, gamma_q=1.471
  SSC-TV-L21 trial 45: mean ARI=0.5791  n=24  16.8s  lambda_e=0.2498, lambda_z=0.68, gamma_p=6.579, gamma_q=2.208
  SSC-TV-L21 trial 46: mean ARI=0.5787  n=24  16.8s  lambda_e=0.6779, lambda_z=0.68, gamma_p=4.805, gamma_q=1.175
  SSC-TV-L21 trial 47: mean ARI=0.5677  n=24  17.0s  lambda_e=1.578, lambda_z=0.68, gamma_p=1.554, gamma_q=1.049
  SSC-TV-L21 trial 48: mean ARI=0.5771  n=24  16.9s  lambda_e=2.206, lambda_z=0.68, gamma_p=7.87, gamma_q=1.329
  SSC-TV-L21 trial 49: mean ARI=0.5791  n=24  16.9s  lambda_e=1.239, lambda_z=0.68, gamma_p=3.031, gamma_q=5.918
  SSC-TV-L21 trial 50: mean ARI=0.5744  n=24  16.9s  lambda_e=0.5452, lambda_z=0.68, gamma_p=1.818, gamma_q=1.603
  SSC-TV-L21 trial 51: mean ARI=0.5794  n=24  16.8s  lambda_e=0.5274, lambda_z=0.68, gamma_p=2.351, gamma_q=1.842
  SSC-TV-L21 trial 52: mean ARI=0.5791  n=24  16.9s  lambda_e=0.7735, lambda_z=0.68, gamma_p=5.317, gamma_q=2.251
  SSC-TV-L21 trial 53: mean ARI=0.5842  n=24  16.9s  lambda_e=0.2822, lambda_z=0.68, gamma_p=1.633, gamma_q=2.486
  SSC-TV-L21 trial 54: mean ARI=0.5791  n=24  17.0s  lambda_e=0.3122, lambda_z=0.68, gamma_p=9.959, gamma_q=3.084
  SSC-TV-L21 trial 55: mean ARI=0.5748  n=24  16.8s  lambda_e=0.1814, lambda_z=0.68, gamma_p=1.36, gamma_q=2.669
  SSC-TV-L21 trial 56: mean ARI=0.5842  n=24  16.9s  lambda_e=0.1146, lambda_z=0.68, gamma_p=1.622, gamma_q=5.278
  SSC-TV-L21 trial 57: mean ARI=0.5842  n=24  17.0s  lambda_e=0.1185, lambda_z=0.68, gamma_p=1.616, gamma_q=5.195
  SSC-TV-L21 trial 58: mean ARI=0.5842  n=24  17.1s  lambda_e=0.105, lambda_z=0.68, gamma_p=1.633, gamma_q=5.211
  SSC-TV-L21 trial 59: mean ARI=0.5792  n=24  16.9s  lambda_e=0.1077, lambda_z=0.68, gamma_p=1.869, gamma_q=5.109
  SSC-TV-L21 trial 60: mean ARI=0.5537  n=24  16.7s  lambda_e=0.1241, lambda_z=0.68, gamma_p=1.121, gamma_q=4.771
  SSC-TV-L21 trial 61: mean ARI=0.5842  n=24  17.0s  lambda_e=0.1306, lambda_z=0.68, gamma_p=1.627, gamma_q=5.351
  SSC-TV-L21 trial 62: mean ARI=0.5742  n=24  16.8s  lambda_e=0.1423, lambda_z=0.68, gamma_p=1.41, gamma_q=5.439
  SSC-TV-L21 trial 63: mean ARI=0.5842  n=24  16.9s  lambda_e=0.1717, lambda_z=0.68, gamma_p=1.597, gamma_q=3.914
  SSC-TV-L21 trial 64: mean ARI=0.5791  n=24  16.9s  lambda_e=0.1786, lambda_z=0.68, gamma_p=2.105, gamma_q=3.738
  SSC-TV-L21 trial 65: mean ARI=0.5729  n=24  16.8s  lambda_e=0.1645, lambda_z=0.68, gamma_p=1.246, gamma_q=4.243
  SSC-TV-L21 trial 66: mean ARI=0.5742  n=24  16.9s  lambda_e=0.1141, lambda_z=0.68, gamma_p=1.454, gamma_q=4.624
  SSC-TV-L21 trial 67: mean ARI=0.5845  n=24  17.0s  lambda_e=0.1435, lambda_z=0.68, gamma_p=1.568, gamma_q=4.55
  SSC-TV-L21 trial 68: mean ARI=0.5790  n=24  16.9s  lambda_e=0.1568, lambda_z=0.68, gamma_p=1.804, gamma_q=3.405
  SSC-TV-L21 trial 69: mean ARI=0.5845  n=24  17.0s  lambda_e=0.2149, lambda_z=0.68, gamma_p=1.56, gamma_q=4.646
  SSC-TV-L21 trial 70: mean ARI=0.5749  n=24  16.9s  lambda_e=0.2123, lambda_z=0.68, gamma_p=1.353, gamma_q=4.629
  SSC-TV-L21 trial 71: mean ARI=0.5845  n=24  17.1s  lambda_e=0.1974, lambda_z=0.68, gamma_p=1.524, gamma_q=3.873
  SSC-TV-L21 trial 72: mean ARI=0.5738  n=24  16.8s  lambda_e=0.2, lambda_z=0.68, gamma_p=1.481, gamma_q=4.29
  SSC-TV-L21 trial 73: mean ARI=0.5790  n=24  16.9s  lambda_e=0.2432, lambda_z=0.68, gamma_p=1.737, gamma_q=4.024
  SSC-TV-L21 trial 74: mean ARI=0.5754  n=24  16.9s  lambda_e=0.1409, lambda_z=0.68, gamma_p=1.284, gamma_q=5.712
  best mean ARI=0.5986  tune 1268.8s  lambda_e=1.174, gamma_p=1.965, gamma_q=1.281, lambda_z=0.68
  wrote /nfs/turbo/umms-minjilab/lpullela/icassp_ssc_tv2/ballet_dataset/ballet_cluster_khat_scaled_params_ssc.json

============================================================
--- Tuning SSC-TV-L21-col over 24 train mats  n_trials=75 (3 params) ---
  SSC-TV-L21-col trial 0: mean ARI=0.4136  n=24  13.3s  lambda_e=1, lambda_z=0.1, gamma_q=0.1
  SSC-TV-L21-col trial 1: mean ARI=0.3803  n=24  13.0s  lambda_e=0.443, lambda_z=0.7257, gamma_q=0.2577
  SSC-TV-L21-col trial 2: mean ARI=0.4263  n=24  13.0s  lambda_e=0.4312, lambda_z=0.0495, gamma_q=0.3833
  SSC-TV-L21-col trial 3: mean ARI=0.3653  n=24  12.9s  lambda_e=0.2055, lambda_z=3.691, gamma_q=7.156
  SSC-TV-L21-col trial 4: mean ARI=0.3334  n=24  13.0s  lambda_e=0.1414, lambda_z=1.469, gamma_q=0.1305
  SSC-TV-L21-col trial 5: mean ARI=0.3116  n=24  13.2s  lambda_e=0.506, lambda_z=5.039, gamma_q=0.001924
  SSC-TV-L21-col trial 6: mean ARI=0.1760  n=24  12.9s  lambda_e=0.01826, lambda_z=0.001205, gamma_q=2.14
  SSC-TV-L21-col trial 7: mean ARI=0.3664  n=24  13.0s  lambda_e=2.16, lambda_z=3.02, gamma_q=8.212
  SSC-TV-L21-col trial 8: mean ARI=0.4417  n=24  13.0s  lambda_e=2.497, lambda_z=0.07013, gamma_q=1.325
  SSC-TV-L21-col trial 9: mean ARI=0.3732  n=24  13.2s  lambda_e=0.02264, lambda_z=0.3628, gamma_q=0.003745
  SSC-TV-L21-col trial 10: mean ARI=0.4368  n=24  13.1s  lambda_e=7.037, lambda_z=0.003594, gamma_q=0.01543
  SSC-TV-L21-col trial 11: mean ARI=0.4303  n=24  13.0s  lambda_e=8.329, lambda_z=0.002978, gamma_q=0.01199
  SSC-TV-L21-col trial 12: mean ARI=0.4463  n=24  13.1s  lambda_e=7.027, lambda_z=0.01018, gamma_q=0.0269
  SSC-TV-L21-col trial 13: mean ARI=0.4162  n=24  13.0s  lambda_e=3.029, lambda_z=0.0199, gamma_q=1.254
  SSC-TV-L21-col trial 14: mean ARI=0.4646  n=24  13.3s  lambda_e=2.603, lambda_z=0.01384, gamma_q=0.03251
  SSC-TV-L21-col trial 15: mean ARI=0.4614  n=24  13.3s  lambda_e=9.794, lambda_z=0.01077, gamma_q=0.03336
  SSC-TV-L21-col trial 16: mean ARI=0.4591  n=24  13.3s  lambda_e=1.31, lambda_z=0.01661, gamma_q=0.03778
  SSC-TV-L21-col trial 17: mean ARI=0.4507  n=24  13.2s  lambda_e=4.291, lambda_z=0.005214, gamma_q=0.006875
  SSC-TV-L21-col trial 18: mean ARI=0.3764  n=24  13.3s  lambda_e=1.079, lambda_z=0.2143, gamma_q=0.05018
  SSC-TV-L21-col trial 19: mean ARI=0.4511  n=24  13.3s  lambda_e=0.05445, lambda_z=0.03013, gamma_q=0.001977
  SSC-TV-L21-col trial 20: mean ARI=0.2259  n=24  12.9s  lambda_e=4.739, lambda_z=0.00173, gamma_q=0.07823
  SSC-TV-L21-col trial 21: mean ARI=0.4678  n=24  13.3s  lambda_e=1.408, lambda_z=0.01249, gamma_q=0.02737
  SSC-TV-L21-col trial 22: mean ARI=0.4548  n=24  13.2s  lambda_e=1.733, lambda_z=0.008637, gamma_q=0.02279
  SSC-TV-L21-col trial 23: mean ARI=0.4318  n=24  13.3s  lambda_e=4.022, lambda_z=0.008702, gamma_q=0.005792
  SSC-TV-L21-col trial 24: mean ARI=0.4363  n=24  13.0s  lambda_e=9.568, lambda_z=0.0373, gamma_q=0.3004
  SSC-TV-L21-col trial 25: mean ARI=0.3372  n=24  13.1s  lambda_e=0.7601, lambda_z=0.1419, gamma_q=0.01154
  SSC-TV-L21-col trial 26: mean ARI=0.3910  n=24  13.0s  lambda_e=1.914, lambda_z=0.01513, gamma_q=0.1694
  SSC-TV-L21-col trial 27: mean ARI=0.3690  n=24  12.9s  lambda_e=4.708, lambda_z=0.004472, gamma_q=0.05127
  SSC-TV-L21-col trial 28: mean ARI=0.4337  n=24  13.2s  lambda_e=0.2345, lambda_z=0.02915, gamma_q=0.5441
  SSC-TV-L21-col trial 29: mean ARI=0.4115  n=24  13.5s  lambda_e=0.7564, lambda_z=0.08148, gamma_q=0.08021
  SSC-TV-L21-col trial 30: mean ARI=0.3481  n=24  12.8s  lambda_e=3.011, lambda_z=0.002095, gamma_q=0.02155
  SSC-TV-L21-col trial 31: mean ARI=0.4576  n=24  13.3s  lambda_e=1.426, lambda_z=0.01826, gamma_q=0.04105
  SSC-TV-L21-col trial 32: mean ARI=0.4258  n=24  13.1s  lambda_e=1.098, lambda_z=0.006316, gamma_q=0.04274
  SSC-TV-L21-col trial 33: mean ARI=0.4431  n=24  13.5s  lambda_e=0.6214, lambda_z=0.01363, gamma_q=0.008567
  SSC-TV-L21-col trial 34: mean ARI=0.4225  n=24  13.2s  lambda_e=1.346, lambda_z=0.04679, gamma_q=0.003384
  SSC-TV-L21-col trial 35: mean ARI=0.4264  n=24  13.1s  lambda_e=0.39, lambda_z=0.02628, gamma_q=0.1347
  SSC-TV-L21-col trial 36: mean ARI=0.4397  n=24  13.2s  lambda_e=5.669, lambda_z=0.01119, gamma_q=0.02744
  SSC-TV-L21-col trial 37: mean ARI=0.3538  n=24  13.1s  lambda_e=0.3482, lambda_z=0.00635, gamma_q=0.08608
  SSC-TV-L21-col trial 38: mean ARI=0.4436  n=24  13.2s  lambda_e=3.292, lambda_z=0.06826, gamma_q=0.1978
  SSC-TV-L21-col trial 39: mean ARI=0.3680  n=24  13.2s  lambda_e=2.194, lambda_z=0.7361, gamma_q=0.001185
  SSC-TV-L21-col trial 40: mean ARI=0.1758  n=24  13.0s  lambda_e=0.8573, lambda_z=0.001071, gamma_q=0.4269
  SSC-TV-L21-col trial 41: mean ARI=0.4591  n=24  13.3s  lambda_e=1.764, lambda_z=0.01815, gamma_q=0.043
  SSC-TV-L21-col trial 42: mean ARI=0.4509  n=24  13.6s  lambda_e=1.413, lambda_z=0.01867, gamma_q=0.01747
  SSC-TV-L21-col trial 43: mean ARI=0.3690  n=24  13.0s  lambda_e=2.497, lambda_z=0.002919, gamma_q=0.03628
  SSC-TV-L21-col trial 44: mean ARI=0.4121  n=24  13.1s  lambda_e=0.5674, lambda_z=0.007212, gamma_q=0.06348
  SSC-TV-L21-col trial 45: mean ARI=0.4572  n=24  13.2s  lambda_e=1.579, lambda_z=0.04702, gamma_q=0.127
  SSC-TV-L21-col trial 46: mean ARI=0.3989  n=24  13.3s  lambda_e=0.1305, lambda_z=0.1237, gamma_q=0.01494
  SSC-TV-L21-col trial 47: mean ARI=0.4922  n=24  13.7s  lambda_e=1.104, lambda_z=0.02184, gamma_q=0.03111
  SSC-TV-L21-col trial 48: mean ARI=0.4619  n=24  13.6s  lambda_e=0.01004, lambda_z=0.01293, gamma_q=0.009745
  SSC-TV-L21-col trial 49: mean ARI=0.4496  n=24  13.2s  lambda_e=0.01317, lambda_z=0.00398, gamma_q=0.004434
  SSC-TV-L21-col trial 50: mean ARI=0.4580  n=24  13.2s  lambda_e=0.03634, lambda_z=0.01092, gamma_q=0.009522
  SSC-TV-L21-col trial 51: mean ARI=0.4727  n=24  13.6s  lambda_e=0.08566, lambda_z=0.02242, gamma_q=0.02901
  SSC-TV-L21-col trial 52: mean ARI=0.4373  n=24  13.6s  lambda_e=0.08867, lambda_z=0.02654, gamma_q=0.02619
  SSC-TV-L21-col trial 53: mean ARI=0.4328  n=24  13.3s  lambda_e=0.02408, lambda_z=0.05902, gamma_q=0.01507
  SSC-TV-L21-col trial 54: mean ARI=0.4372  n=24  13.3s  lambda_e=0.06919, lambda_z=0.03526, gamma_q=0.00565
  SSC-TV-L21-col trial 55: mean ARI=0.4614  n=24  13.2s  lambda_e=0.01118, lambda_z=0.01035, gamma_q=0.03304
  SSC-TV-L21-col trial 56: mean ARI=0.4433  n=24  13.3s  lambda_e=0.1516, lambda_z=0.0234, gamma_q=0.06314
  SSC-TV-L21-col trial 57: mean ARI=0.4464  n=24  13.1s  lambda_e=0.04715, lambda_z=0.01266, gamma_q=0.01863
  SSC-TV-L21-col trial 58: mean ARI=0.4578  n=24  13.5s  lambda_e=6.928, lambda_z=0.0417, gamma_q=0.01155
  SSC-TV-L21-col trial 59: mean ARI=0.3197  n=24  13.0s  lambda_e=0.3213, lambda_z=0.005246, gamma_q=4.635
  SSC-TV-L21-col trial 60: mean ARI=0.4406  n=24  13.1s  lambda_e=0.0306, lambda_z=0.002802, gamma_q=0.002904
  SSC-TV-L21-col trial 61: mean ARI=0.4119  n=24  13.1s  lambda_e=0.01138, lambda_z=0.008142, gamma_q=0.03322
  SSC-TV-L21-col trial 62: mean ARI=0.4678  n=24  13.3s  lambda_e=0.01546, lambda_z=0.01276, gamma_q=0.02849
  SSC-TV-L21-col trial 63: mean ARI=0.4590  n=24  13.2s  lambda_e=0.0164, lambda_z=0.01426, gamma_q=0.05983
  SSC-TV-L21-col trial 64: mean ARI=0.4413  n=24  13.5s  lambda_e=9.859, lambda_z=0.02184, gamma_q=0.007551
  SSC-TV-L21-col trial 65: mean ARI=0.4295  n=24  13.1s  lambda_e=0.01875, lambda_z=0.005639, gamma_q=0.02363
  SSC-TV-L21-col trial 66: mean ARI=0.4431  n=24  13.2s  lambda_e=0.01547, lambda_z=0.00855, gamma_q=0.01247
  SSC-TV-L21-col trial 67: mean ARI=0.4824  n=24  13.6s  lambda_e=0.02154, lambda_z=0.01456, gamma_q=0.01993
  SSC-TV-L21-col trial 68: mean ARI=0.4415  n=24  13.5s  lambda_e=0.0281, lambda_z=0.0331, gamma_q=0.01949
  SSC-TV-L21-col trial 69: mean ARI=0.4623  n=24  13.6s  lambda_e=0.02028, lambda_z=0.01329, gamma_q=0.009286
  SSC-TV-L21-col trial 70: mean ARI=0.3017  n=24  13.0s  lambda_e=0.02096, lambda_z=2.19, gamma_q=0.005482
