host=gl3061.arc-ts.umich.edu  python=/home/lpullela/miniconda3/envs/ssc_559/bin/python  start=Wed Sep  2 22:34:57 EDT 2026
=== Ballet Clustering Experiment ===
k=5  n_test=15  n_train_combos=24  n_test_combos=18  n_trials=50  down_hw=30  full_data=False  n_frames ~ Unif[10, 100]  seed=0
hetero_noise=False  sigmas=None  append=False  no_tune=False  known_k=False  csv=ballet_cluster_khat_scaled_results_fix.csv
sequences=44  train_pool=29  test_pool=15  train_combos=24  test_combos=18
train pool: ['seq_000003', 'seq_000035', 'seq_000005', 'seq_000019', 'seq_000024', 'seq_000033', 'seq_000012', 'seq_000002', 'seq_000023', 'seq_000020', 'seq_000022', 'seq_000028', 'seq_000042', 'seq_000011', 'seq_000004', 'seq_000039', 'seq_000017', 'seq_000031', 'seq_000021', 'seq_000029', 'seq_000009', 'seq_000036', 'seq_000043', 'seq_000018', 'seq_000001', 'seq_000025', 'seq_000026', 'seq_000041', 'seq_000027']
test  pool: ['seq_000040', 'seq_000010', 'seq_000007', 'seq_000037', 'seq_000038', 'seq_000014', 'seq_000013', 'seq_000008', 'seq_000044', 'seq_000006', 'seq_000015', 'seq_000030', 'seq_000034', 'seq_000016', 'seq_000032']
train 0 k=5  sequences=['seq_000002', 'seq_000011', 'seq_000017', 'seq_000023', 'seq_000036']
train 1 k=5  sequences=['seq_000001', 'seq_000004', 'seq_000009', 'seq_000017', 'seq_000031']
train 2 k=5  sequences=['seq_000001', 'seq_000002', 'seq_000011', 'seq_000029', 'seq_000043']
train 3 k=5  sequences=['seq_000003', 'seq_000018', 'seq_000026', 'seq_000029', 'seq_000033']
train 4 k=5  sequences=['seq_000002', 'seq_000005', 'seq_000027', 'seq_000028', 'seq_000042']
train 5 k=5  sequences=['seq_000002', 'seq_000011', 'seq_000017', 'seq_000027', 'seq_000031']
train 6 k=5  sequences=['seq_000009', 'seq_000022', 'seq_000025', 'seq_000029', 'seq_000041']
train 7 k=5  sequences=['seq_000009', 'seq_000017', 'seq_000019', 'seq_000020', 'seq_000043']
train 8 k=5  sequences=['seq_000001', 'seq_000005', 'seq_000022', 'seq_000029', 'seq_000042']
train 9 k=5  sequences=['seq_000004', 'seq_000009', 'seq_000012', 'seq_000023', 'seq_000031']
train 10 k=5  sequences=['seq_000002', 'seq_000009', 'seq_000012', 'seq_000018', 'seq_000023']
train 11 k=5  sequences=['seq_000009', 'seq_000012', 'seq_000022', 'seq_000023', 'seq_000036']
train 12 k=5  sequences=['seq_000001', 'seq_000017', 'seq_000023', 'seq_000024', 'seq_000039']
train 13 k=5  sequences=['seq_000028', 'seq_000029', 'seq_000033', 'seq_000035', 'seq_000039']
train 14 k=5  sequences=['seq_000001', 'seq_000023', 'seq_000025', 'seq_000026', 'seq_000039']
train 15 k=5  sequences=['seq_000018', 'seq_000019', 'seq_000020', 'seq_000031', 'seq_000035']
train 16 k=5  sequences=['seq_000022', 'seq_000026', 'seq_000028', 'seq_000033', 'seq_000042']
train 17 k=5  sequences=['seq_000017', 'seq_000020', 'seq_000026', 'seq_000039', 'seq_000041']
train 18 k=5  sequences=['seq_000004', 'seq_000012', 'seq_000022', 'seq_000028', 'seq_000042']
train 19 k=5  sequences=['seq_000021', 'seq_000025', 'seq_000026', 'seq_000029', 'seq_000041']
train 20 k=5  sequences=['seq_000001', 'seq_000021', 'seq_000025', 'seq_000027', 'seq_000041']
train 21 k=5  sequences=['seq_000001', 'seq_000022', 'seq_000024', 'seq_000025', 'seq_000036']
train 22 k=5  sequences=['seq_000011', 'seq_000012', 'seq_000020', 'seq_000027', 'seq_000036']
train 23 k=5  sequences=['seq_000002', 'seq_000018', 'seq_000025', 'seq_000028', 'seq_000039']
test  0 k=5  sequences=['seq_000007', 'seq_000008', 'seq_000015', 'seq_000016', 'seq_000040']
test  1 k=5  sequences=['seq_000008', 'seq_000010', 'seq_000030', 'seq_000037', 'seq_000040']
test  2 k=5  sequences=['seq_000006', 'seq_000007', 'seq_000013', 'seq_000030', 'seq_000040']
test  3 k=5  sequences=['seq_000010', 'seq_000015', 'seq_000034', 'seq_000038', 'seq_000044']
test  4 k=5  sequences=['seq_000007', 'seq_000010', 'seq_000015', 'seq_000034', 'seq_000037']
test  5 k=5  sequences=['seq_000008', 'seq_000013', 'seq_000015', 'seq_000016', 'seq_000034']
test  6 k=5  sequences=['seq_000013', 'seq_000016', 'seq_000030', 'seq_000034', 'seq_000038']
test  7 k=5  sequences=['seq_000008', 'seq_000037', 'seq_000038', 'seq_000040', 'seq_000044']
test  8 k=5  sequences=['seq_000006', 'seq_000032', 'seq_000034', 'seq_000038', 'seq_000040']
test  9 k=5  sequences=['seq_000010', 'seq_000015', 'seq_000034', 'seq_000038', 'seq_000040']
test  10 k=5  sequences=['seq_000007', 'seq_000008', 'seq_000013', 'seq_000032', 'seq_000037']
test  11 k=5  sequences=['seq_000010', 'seq_000014', 'seq_000030', 'seq_000032', 'seq_000040']
test  12 k=5  sequences=['seq_000013', 'seq_000014', 'seq_000015', 'seq_000016', 'seq_000037']
test  13 k=5  sequences=['seq_000007', 'seq_000013', 'seq_000016', 'seq_000030', 'seq_000044']
test  14 k=5  sequences=['seq_000006', 'seq_000013', 'seq_000030', 'seq_000038', 'seq_000040']
test  15 k=5  sequences=['seq_000008', 'seq_000032', 'seq_000034', 'seq_000037', 'seq_000044']
test  16 k=5  sequences=['seq_000013', 'seq_000015', 'seq_000034', 'seq_000037', 'seq_000044']
test  17 k=5  sequences=['seq_000006', 'seq_000007', 'seq_000008', 'seq_000014', 'seq_000016']

Loading 44 sequences once (reused across combinations)
  seq_000001: frames=53  dim=900
  seq_000002: frames=78  dim=900
  seq_000003: frames=13  dim=900
  seq_000004: frames=84  dim=900
  seq_000005: frames=32  dim=900
  seq_000006: frames=89  dim=900
  seq_000007: frames=34  dim=900
  seq_000008: frames=33  dim=900
  seq_000009: frames=68  dim=900
  seq_000010: frames=17  dim=900
  seq_000011: frames=88  dim=900
  seq_000012: frames=86  dim=900
  seq_000013: frames=84  dim=900
  seq_000014: frames=51  dim=900
  seq_000015: frames=21  dim=900
  seq_000016: frames=21  dim=900
  seq_000017: frames=98  dim=900
  seq_000018: frames=44  dim=900
  seq_000019: frames=92  dim=900
  seq_000020: frames=55  dim=900
  seq_000021: frames=11  dim=900
  seq_000022: frames=15  dim=900
  seq_000023: frames=55  dim=900
  seq_000024: frames=20  dim=900
  seq_000025: frames=78  dim=900
  seq_000026: frames=18  dim=900
  seq_000027: frames=36  dim=900
  seq_000028: frames=94  dim=900
  seq_000029: frames=76  dim=900
  seq_000030: frames=39  dim=900
  seq_000031: frames=48  dim=900
  seq_000032: frames=36  dim=900
  seq_000033: frames=48  dim=900
  seq_000034: frames=51  dim=900
  seq_000035: frames=43  dim=900
  seq_000036: frames=80  dim=900
  seq_000037: frames=48  dim=900
  seq_000038: frames=75  dim=900
  seq_000039: frames=89  dim=900
  seq_000040: frames=43  dim=900
  seq_000041: frames=51  dim=900
  seq_000042: frames=80  dim=900
  seq_000043: frames=29  dim=900
  seq_000044: frames=83  dim=900

Building train combinations
  train[0]: frames=399  dim=900  n_kept=[78, 88, 98, 55, 80]  seqs=['seq_000002', 'seq_000011', 'seq_000017', 'seq_000023', 'seq_000036']
  train[1]: frames=351  dim=900  n_kept=[53, 84, 68, 98, 48]  seqs=['seq_000001', 'seq_000004', 'seq_000009', 'seq_000017', 'seq_000031']
  train[2]: frames=324  dim=900  n_kept=[53, 78, 88, 76, 29]  seqs=['seq_000001', 'seq_000002', 'seq_000011', 'seq_000029', 'seq_000043']
  train[3]: frames=199  dim=900  n_kept=[13, 44, 18, 76, 48]  seqs=['seq_000003', 'seq_000018', 'seq_000026', 'seq_000029', 'seq_000033']
  train[4]: frames=320  dim=900  n_kept=[78, 32, 36, 94, 80]  seqs=['seq_000002', 'seq_000005', 'seq_000027', 'seq_000028', 'seq_000042']
  train[5]: frames=348  dim=900  n_kept=[78, 88, 98, 36, 48]  seqs=['seq_000002', 'seq_000011', 'seq_000017', 'seq_000027', 'seq_000031']
  train[6]: frames=288  dim=900  n_kept=[68, 15, 78, 76, 51]  seqs=['seq_000009', 'seq_000022', 'seq_000025', 'seq_000029', 'seq_000041']
  train[7]: frames=342  dim=900  n_kept=[68, 98, 92, 55, 29]  seqs=['seq_000009', 'seq_000017', 'seq_000019', 'seq_000020', 'seq_000043']
  train[8]: frames=256  dim=900  n_kept=[53, 32, 15, 76, 80]  seqs=['seq_000001', 'seq_000005', 'seq_000022', 'seq_000029', 'seq_000042']
  train[9]: frames=341  dim=900  n_kept=[84, 68, 86, 55, 48]  seqs=['seq_000004', 'seq_000009', 'seq_000012', 'seq_000023', 'seq_000031']
  train[10]: frames=331  dim=900  n_kept=[78, 68, 86, 44, 55]  seqs=['seq_000002', 'seq_000009', 'seq_000012', 'seq_000018', 'seq_000023']
  train[11]: frames=304  dim=900  n_kept=[68, 86, 15, 55, 80]  seqs=['seq_000009', 'seq_000012', 'seq_000022', 'seq_000023', 'seq_000036']
  train[12]: frames=315  dim=900  n_kept=[53, 98, 55, 20, 89]  seqs=['seq_000001', 'seq_000017', 'seq_000023', 'seq_000024', 'seq_000039']
  train[13]: frames=350  dim=900  n_kept=[94, 76, 48, 43, 89]  seqs=['seq_000028', 'seq_000029', 'seq_000033', 'seq_000035', 'seq_000039']
  train[14]: frames=293  dim=900  n_kept=[53, 55, 78, 18, 89]  seqs=['seq_000001', 'seq_000023', 'seq_000025', 'seq_000026', 'seq_000039']
  train[15]: frames=282  dim=900  n_kept=[44, 92, 55, 48, 43]  seqs=['seq_000018', 'seq_000019', 'seq_000020', 'seq_000031', 'seq_000035']
  train[16]: frames=255  dim=900  n_kept=[15, 18, 94, 48, 80]  seqs=['seq_000022', 'seq_000026', 'seq_000028', 'seq_000033', 'seq_000042']
  train[17]: frames=311  dim=900  n_kept=[98, 55, 18, 89, 51]  seqs=['seq_000017', 'seq_000020', 'seq_000026', 'seq_000039', 'seq_000041']
  train[18]: frames=359  dim=900  n_kept=[84, 86, 15, 94, 80]  seqs=['seq_000004', 'seq_000012', 'seq_000022', 'seq_000028', 'seq_000042']
  train[19]: frames=234  dim=900  n_kept=[11, 78, 18, 76, 51]  seqs=['seq_000021', 'seq_000025', 'seq_000026', 'seq_000029', 'seq_000041']
  train[20]: frames=229  dim=900  n_kept=[53, 11, 78, 36, 51]  seqs=['seq_000001', 'seq_000021', 'seq_000025', 'seq_000027', 'seq_000041']
  train[21]: frames=246  dim=900  n_kept=[53, 15, 20, 78, 80]  seqs=['seq_000001', 'seq_000022', 'seq_000024', 'seq_000025', 'seq_000036']
  train[22]: frames=345  dim=900  n_kept=[88, 86, 55, 36, 80]  seqs=['seq_000011', 'seq_000012', 'seq_000020', 'seq_000027', 'seq_000036']
  train[23]: frames=383  dim=900  n_kept=[78, 44, 78, 94, 89]  seqs=['seq_000002', 'seq_000018', 'seq_000025', 'seq_000028', 'seq_000039']
Building test combinations
  test[0]: frames=152  dim=900  n_kept=[34, 33, 21, 21, 43]  seqs=['seq_000007', 'seq_000008', 'seq_000015', 'seq_000016', 'seq_000040']
  test[1]: frames=180  dim=900  n_kept=[33, 17, 39, 48, 43]  seqs=['seq_000008', 'seq_000010', 'seq_000030', 'seq_000037', 'seq_000040']
  test[2]: frames=289  dim=900  n_kept=[89, 34, 84, 39, 43]  seqs=['seq_000006', 'seq_000007', 'seq_000013', 'seq_000030', 'seq_000040']
  test[3]: frames=247  dim=900  n_kept=[17, 21, 51, 75, 83]  seqs=['seq_000010', 'seq_000015', 'seq_000034', 'seq_000038', 'seq_000044']
  test[4]: frames=171  dim=900  n_kept=[34, 17, 21, 51, 48]  seqs=['seq_000007', 'seq_000010', 'seq_000015', 'seq_000034', 'seq_000037']
  test[5]: frames=210  dim=900  n_kept=[33, 84, 21, 21, 51]  seqs=['seq_000008', 'seq_000013', 'seq_000015', 'seq_000016', 'seq_000034']
  test[6]: frames=270  dim=900  n_kept=[84, 21, 39, 51, 75]  seqs=['seq_000013', 'seq_000016', 'seq_000030', 'seq_000034', 'seq_000038']
  test[7]: frames=282  dim=900  n_kept=[33, 48, 75, 43, 83]  seqs=['seq_000008', 'seq_000037', 'seq_000038', 'seq_000040', 'seq_000044']
  test[8]: frames=294  dim=900  n_kept=[89, 36, 51, 75, 43]  seqs=['seq_000006', 'seq_000032', 'seq_000034', 'seq_000038', 'seq_000040']
  test[9]: frames=207  dim=900  n_kept=[17, 21, 51, 75, 43]  seqs=['seq_000010', 'seq_000015', 'seq_000034', 'seq_000038', 'seq_000040']
  test[10]: frames=235  dim=900  n_kept=[34, 33, 84, 36, 48]  seqs=['seq_000007', 'seq_000008', 'seq_000013', 'seq_000032', 'seq_000037']
  test[11]: frames=186  dim=900  n_kept=[17, 51, 39, 36, 43]  seqs=['seq_000010', 'seq_000014', 'seq_000030', 'seq_000032', 'seq_000040']
  test[12]: frames=225  dim=900  n_kept=[84, 51, 21, 21, 48]  seqs=['seq_000013', 'seq_000014', 'seq_000015', 'seq_000016', 'seq_000037']
  test[13]: frames=261  dim=900  n_kept=[34, 84, 21, 39, 83]  seqs=['seq_000007', 'seq_000013', 'seq_000016', 'seq_000030', 'seq_000044']
  test[14]: frames=330  dim=900  n_kept=[89, 84, 39, 75, 43]  seqs=['seq_000006', 'seq_000013', 'seq_000030', 'seq_000038', 'seq_000040']
  test[15]: frames=251  dim=900  n_kept=[33, 36, 51, 48, 83]  seqs=['seq_000008', 'seq_000032', 'seq_000034', 'seq_000037', 'seq_000044']
  test[16]: frames=287  dim=900  n_kept=[84, 21, 51, 48, 83]  seqs=['seq_000013', 'seq_000015', 'seq_000034', 'seq_000037', 'seq_000044']
  test[17]: frames=228  dim=900  n_kept=[89, 34, 33, 51, 21]  seqs=['seq_000006', 'seq_000007', 'seq_000008', 'seq_000014', 'seq_000016']
clustering Y dim=900  (downsampled 30x30)

Methods: ['SSC-TV-L21', 'SSC-TV-L21-col']
pooled train mats for tuning=24

============================================================
--- Tuning SSC-TV-L21 over 24 train mats  n_trials=100 (4 params) ---
  SSC-TV-L21 trial 0: mean ARI=0.3846  n=24  24.2s  lambda_e=0.4077, lambda_z=0.003764, gamma_p=0.001123, gamma_q=0.002179
  SSC-TV-L21 trial 1: mean ARI=0.4729  n=24  24.3s  lambda_e=0.443, lambda_z=0.1398, gamma_p=0.2577, gamma_q=0.04312
  SSC-TV-L21 trial 2: mean ARI=0.4913  n=24  26.3s  lambda_e=0.1866, lambda_z=0.08663, gamma_p=0.05628, gamma_q=0.4735
  SSC-TV-L21 trial 3: mean ARI=0.2755  n=24  21.4s  lambda_e=7.78, lambda_z=0.01414, gamma_p=1.469, gamma_q=0.03861
  SSC-TV-L21 trial 4: mean ARI=0.3361  n=24  25.7s  lambda_e=0.506, lambda_z=0.5981, gamma_p=0.001924, gamma_q=0.001826
  SSC-TV-L21 trial 5: mean ARI=0.5627  n=24  26.0s  lambda_e=0.0115, lambda_z=0.3147, gamma_p=1.296, gamma_q=0.4074
  SSC-TV-L21 trial 6: mean ARI=0.4782  n=24  26.2s  lambda_e=8.627, lambda_z=0.2497, gamma_p=0.07013, gamma_q=0.2196
  SSC-TV-L21 trial 7: mean ARI=0.4402  n=24  23.3s  lambda_e=0.02264, lambda_z=0.08313, gamma_p=0.003745, gamma_q=0.6823
  SSC-TV-L21 trial 8: mean ARI=0.3937  n=24  19.3s  lambda_e=0.3677, lambda_z=0.01754, gamma_p=0.01143, gamma_q=0.2102
  SSC-TV-L21 trial 9: mean ARI=0.4773  n=24  20.0s  lambda_e=0.2336, lambda_z=0.05073, gamma_p=0.001189, gamma_q=0.07127
  SSC-TV-L21 trial 10: mean ARI=0.0018  n=24  19.7s  lambda_e=0.01151, lambda_z=0.001462, gamma_p=6.473, gamma_q=0.009026
  SSC-TV-L21 trial 11: mean ARI=0.4322  n=24  19.9s  lambda_e=0.06092, lambda_z=0.9143, gamma_p=0.1132, gamma_q=0.8707
  SSC-TV-L21 trial 12: mean ARI=0.5130  n=24  22.6s  lambda_e=0.05662, lambda_z=0.3179, gamma_p=0.8514, gamma_q=0.2385
  SSC-TV-L21 trial 13: mean ARI=0.5049  n=24  20.5s  lambda_e=0.04655, lambda_z=0.3668, gamma_p=1.154, gamma_q=0.1371
  SSC-TV-L21 trial 14: mean ARI=0.4893  n=24  21.1s  lambda_e=0.05946, lambda_z=0.3426, gamma_p=0.7933, gamma_q=0.3274
  SSC-TV-L21 trial 15: mean ARI=0.3942  n=24  19.3s  lambda_e=0.01024, lambda_z=0.03295, gamma_p=8.028, gamma_q=0.01596
  SSC-TV-L21 trial 16: mean ARI=0.4522  n=24  19.5s  lambda_e=0.0268, lambda_z=0.1774, gamma_p=2.618, gamma_q=0.09543
  SSC-TV-L21 trial 17: mean ARI=0.4692  n=24  20.7s  lambda_e=2.27, lambda_z=0.9921, gamma_p=0.3548, gamma_q=0.9315
  SSC-TV-L21 trial 18: mean ARI=0.4521  n=24  22.6s  lambda_e=0.1091, lambda_z=0.4507, gamma_p=0.3697, gamma_q=0.2337
  SSC-TV-L21 trial 19: mean ARI=0.4473  n=24  19.9s  lambda_e=0.02308, lambda_z=0.1736, gamma_p=0.02584, gamma_q=0.02298
  SSC-TV-L21 trial 20: mean ARI=0.3982  n=24  19.7s  lambda_e=1.323, lambda_z=0.07453, gamma_p=2.45, gamma_q=0.3661
  SSC-TV-L21 trial 21: mean ARI=0.4775  n=24  20.1s  lambda_e=0.0493, lambda_z=0.348, gamma_p=0.8439, gamma_q=0.1124
  SSC-TV-L21 trial 22: mean ARI=0.5145  n=24  22.6s  lambda_e=0.03664, lambda_z=0.5387, gamma_p=2.921, gamma_q=0.1429
  SSC-TV-L21 trial 23: mean ARI=0.5089  n=24  22.2s  lambda_e=0.1073, lambda_z=0.6253, gamma_p=3.63, gamma_q=0.06086
  SSC-TV-L21 trial 24: mean ARI=0.5230  n=24  21.1s  lambda_e=0.0164, lambda_z=0.1505, gamma_p=0.607, gamma_q=0.4956
  SSC-TV-L21 trial 25: mean ARI=0.5256  n=24  21.4s  lambda_e=0.01515, lambda_z=0.1474, gamma_p=0.1829, gamma_q=0.4915
  SSC-TV-L21 trial 26: mean ARI=0.3837  n=24  23.2s  lambda_e=0.01496, lambda_z=0.03865, gamma_p=0.1355, gamma_q=0.4992
  SSC-TV-L21 trial 27: mean ARI=0.5291  n=24  23.0s  lambda_e=0.01881, lambda_z=0.1254, gamma_p=0.1867, gamma_q=0.5638
  SSC-TV-L21 trial 28: mean ARI=0.3920  n=24  20.7s  lambda_e=0.02022, lambda_z=0.02683, gamma_p=0.02544, gamma_q=0.6456
  SSC-TV-L21 trial 29: mean ARI=0.2378  n=24  23.0s  lambda_e=0.01014, lambda_z=0.008169, gamma_p=0.2022, gamma_q=0.3178
  SSC-TV-L21 trial 30: mean ARI=0.4704  n=24  23.2s  lambda_e=0.03478, lambda_z=0.1208, gamma_p=0.03054, gamma_q=0.9685
  SSC-TV-L21 trial 31: mean ARI=0.5567  n=24  22.9s  lambda_e=0.01669, lambda_z=0.2192, gamma_p=0.4557, gamma_q=0.4451
  SSC-TV-L21 trial 32: mean ARI=0.5358  n=24  21.4s  lambda_e=0.01589, lambda_z=0.1842, gamma_p=0.4603, gamma_q=0.401
  SSC-TV-L21 trial 33: mean ARI=0.4979  n=24  21.8s  lambda_e=0.02817, lambda_z=0.222, gamma_p=0.4744, gamma_q=0.184
  SSC-TV-L21 trial 34: mean ARI=0.4368  n=24  20.0s  lambda_e=0.09166, lambda_z=0.105, gamma_p=1.579, gamma_q=0.001135
  SSC-TV-L21 trial 35: mean ARI=0.4601  n=24  20.5s  lambda_e=0.01602, lambda_z=0.05057, gamma_p=0.2801, gamma_q=0.3462
  SSC-TV-L21 trial 36: mean ARI=0.5291  n=24  20.9s  lambda_e=0.03478, lambda_z=0.2235, gamma_p=0.07534, gamma_q=0.5638
  SSC-TV-L21 trial 37: mean ARI=0.5205  n=24  22.0s  lambda_e=0.03565, lambda_z=0.2183, gamma_p=0.06331, gamma_q=0.3508
  SSC-TV-L21 trial 38: mean ARI=0.4384  n=24  20.3s  lambda_e=0.08416, lambda_z=0.06506, gamma_p=0.008708, gamma_q=0.7037
  SSC-TV-L21 trial 39: mean ARI=0.3380  n=24  21.4s  lambda_e=0.1377, lambda_z=0.6967, gamma_p=0.09643, gamma_q=0.005847
  SSC-TV-L21 trial 40: mean ARI=0.5576  n=24  21.9s  lambda_e=0.01288, lambda_z=0.2101, gamma_p=1.193, gamma_q=0.1662
  SSC-TV-L21 trial 41: mean ARI=0.5526  n=24  22.1s  lambda_e=0.01329, lambda_z=0.2547, gamma_p=1.6, gamma_q=0.1764
  SSC-TV-L21 trial 42: mean ARI=0.5059  n=24  21.2s  lambda_e=0.01281, lambda_z=0.265, gamma_p=1.483, gamma_q=0.07863
  SSC-TV-L21 trial 43: mean ARI=0.3997  n=24  20.4s  lambda_e=0.01017, lambda_z=0.09442, gamma_p=3.903, gamma_q=0.1752
  SSC-TV-L21 trial 44: mean ARI=0.4663  n=24  20.7s  lambda_e=0.0234, lambda_z=0.2812, gamma_p=0.5444, gamma_q=0.04578
  SSC-TV-L21 trial 45: mean ARI=0.5016  n=24  20.8s  lambda_e=0.01351, lambda_z=0.4187, gamma_p=5.331, gamma_q=0.2651
  SSC-TV-L21 trial 46: mean ARI=0.4873  n=24  20.4s  lambda_e=0.01964, lambda_z=0.5017, gamma_p=1.966, gamma_q=0.1408
  SSC-TV-L21 trial 47: mean ARI=0.4326  n=24  20.8s  lambda_e=0.02808, lambda_z=0.7438, gamma_p=1.148, gamma_q=0.1751
  SSC-TV-L21 trial 48: mean ARI=0.5413  n=24  20.4s  lambda_e=5.759, lambda_z=0.1898, gamma_p=1.09, gamma_q=0.08999
  SSC-TV-L21 trial 49: mean ARI=0.4019  n=24  19.9s  lambda_e=6.555, lambda_z=0.0609, gamma_p=0.9872, gamma_q=0.09255
  SSC-TV-L21 trial 50: mean ARI=0.0134  n=24  21.0s  lambda_e=0.7005, lambda_z=0.002523, gamma_p=9.967, gamma_q=0.03553
  SSC-TV-L21 trial 51: mean ARI=0.5564  n=24  20.5s  lambda_e=4.439, lambda_z=0.172, gamma_p=0.4165, gamma_q=0.2627
  SSC-TV-L21 trial 52: mean ARI=0.5112  n=24  20.1s  lambda_e=5.409, lambda_z=0.2969, gamma_p=0.6916, gamma_q=0.282
  SSC-TV-L21 trial 53: mean ARI=0.4144  n=24  19.6s  lambda_e=4.297, lambda_z=0.09541, gamma_p=1.858, gamma_q=0.05886
  SSC-TV-L21 trial 54: mean ARI=0.4281  n=24  19.8s  lambda_e=3.397, lambda_z=0.4117, gamma_p=0.3034, gamma_q=0.1045
  SSC-TV-L21 trial 55: mean ARI=0.5241  n=24  22.9s  lambda_e=9.346, lambda_z=0.2074, gamma_p=0.8351, gamma_q=0.2129
  SSC-TV-L21 trial 56: mean ARI=0.5376  n=24  20.5s  lambda_e=1.991, lambda_z=0.1531, gamma_p=1.156, gamma_q=0.141
  SSC-TV-L21 trial 57: mean ARI=0.4864  n=24  19.7s  lambda_e=0.3098, lambda_z=0.3151, gamma_p=3.716, gamma_q=0.1148
  SSC-TV-L21 trial 58: mean ARI=0.5080  n=24  20.0s  lambda_e=3.323, lambda_z=0.1152, gamma_p=0.4068, gamma_q=0.03032
  SSC-TV-L21 trial 59: mean ARI=0.3981  n=24  20.1s  lambda_e=1.948, lambda_z=0.08011, gamma_p=2.419, gamma_q=0.2325
  SSC-TV-L21 trial 60: mean ARI=0.3901  n=24  23.4s  lambda_e=1.302, lambda_z=0.1749, gamma_p=6.136, gamma_q=0.7551
  SSC-TV-L21 trial 61: mean ARI=0.5112  n=24  19.7s  lambda_e=0.6924, lambda_z=0.1418, gamma_p=1.22, gamma_q=0.07797
  SSC-TV-L21 trial 62: mean ARI=0.5188  n=24  19.9s  lambda_e=6.846, lambda_z=0.1545, gamma_p=0.6504, gamma_q=0.1486
  SSC-TV-L21 trial 63: mean ARI=0.5059  n=24  19.9s  lambda_e=2.309, lambda_z=0.2664, gamma_p=1.215, gamma_q=0.1215
  SSC-TV-L21 trial 64: mean ARI=0.4859  n=24  19.7s  lambda_e=4.98, lambda_z=0.4362, gamma_p=1.927, gamma_q=0.05615
  SSC-TV-L21 trial 65: mean ARI=0.5422  n=24  23.5s  lambda_e=3.481, lambda_z=0.1893, gamma_p=0.2311, gamma_q=0.1792
  SSC-TV-L21 trial 66: mean ARI=0.5368  n=24  23.0s  lambda_e=3.928, lambda_z=0.3256, gamma_p=0.2108, gamma_q=0.414
  SSC-TV-L21 trial 67: mean ARI=0.4329  n=24  19.7s  lambda_e=7.46, lambda_z=0.5343, gamma_p=0.2634, gamma_q=0.1791
  SSC-TV-L21 trial 68: mean ARI=0.5327  n=24  21.1s  lambda_e=1.18, lambda_z=0.1946, gamma_p=0.1289, gamma_q=0.2727
  SSC-TV-L21 trial 69: mean ARI=0.4267  n=24  19.6s  lambda_e=2.659, lambda_z=0.8251, gamma_p=0.3598, gamma_q=0.4316
  SSC-TV-L21 trial 70: mean ARI=0.4957  n=24  20.9s  lambda_e=0.1903, lambda_z=0.238, gamma_p=0.165, gamma_q=0.2168
  SSC-TV-L21 trial 71: mean ARI=0.5361  n=24  21.8s  lambda_e=5.191, lambda_z=0.1307, gamma_p=0.9522, gamma_q=0.0909
  SSC-TV-L21 trial 72: mean ARI=0.4564  n=24  20.4s  lambda_e=1.861, lambda_z=0.3736, gamma_p=0.532, gamma_q=0.1464
  SSC-TV-L21 trial 73: mean ARI=0.4908  n=24  20.0s  lambda_e=0.01214, lambda_z=0.1628, gamma_p=1.545, gamma_q=0.2622
  SSC-TV-L21 trial 74: mean ARI=0.4865  n=24  20.8s  lambda_e=2.968, lambda_z=0.1067, gamma_p=0.7872, gamma_q=0.3044
  SSC-TV-L21 trial 75: mean ARI=0.4530  n=24  19.3s  lambda_e=4.03, lambda_z=0.2515, gamma_p=3.225, gamma_q=0.1859
  SSC-TV-L21 trial 76: mean ARI=0.4539  n=24  19.4s  lambda_e=0.04489, lambda_z=0.1924, gamma_p=2.307, gamma_q=0.1246
  SSC-TV-L21 trial 77: mean ARI=0.2435  n=24  19.1s  lambda_e=0.01941, lambda_z=0.009192, gamma_p=0.5978, gamma_q=0.07217
  SSC-TV-L21 trial 78: mean ARI=0.5506  n=24  19.8s  lambda_e=6.01, lambda_z=0.1358, gamma_p=0.419, gamma_q=0.1636
  SSC-TV-L21 trial 79: mean ARI=0.4195  n=24  19.4s  lambda_e=5.858, lambda_z=0.0674, gamma_p=0.3233, gamma_q=0.5652
  SSC-TV-L21 trial 80: mean ARI=0.5477  n=24  20.0s  lambda_e=9.201, lambda_z=0.1238, gamma_p=0.4515, gamma_q=0.3569
  SSC-TV-L21 trial 81: mean ARI=0.5224  n=24  19.3s  lambda_e=8.177, lambda_z=0.1231, gamma_p=0.2284, gamma_q=0.3522
  SSC-TV-L21 trial 82: mean ARI=0.4784  n=24  19.2s  lambda_e=9.43, lambda_z=0.08869, gamma_p=0.4253, gamma_q=0.4477
  SSC-TV-L21 trial 83: mean ARI=0.4584  n=24  19.4s  lambda_e=6.372, lambda_z=0.2219, gamma_p=0.7064, gamma_q=0.004392
  SSC-TV-L21 trial 84: mean ARI=0.5418  n=24  20.5s  lambda_e=0.01173, lambda_z=0.3609, gamma_p=0.1534, gamma_q=0.7994
  SSC-TV-L21 trial 85: mean ARI=0.4986  n=24  20.2s  lambda_e=0.01216, lambda_z=0.3666, gamma_p=0.04138, gamma_q=0.8328
  SSC-TV-L21 trial 86: mean ARI=0.5350  n=24  24.2s  lambda_e=0.02444, lambda_z=0.2921, gamma_p=0.1076, gamma_q=0.6372
  SSC-TV-L21 trial 87: mean ARI=0.4699  n=24  19.6s  lambda_e=0.01685, lambda_z=0.6456, gamma_p=0.1496, gamma_q=0.563
  SSC-TV-L21 trial 88: mean ARI=0.4512  n=24  19.6s  lambda_e=0.01445, lambda_z=0.4804, gamma_p=0.08307, gamma_q=0.3138
  SSC-TV-L21 trial 89: mean ARI=0.5068  n=24  19.2s  lambda_e=0.01002, lambda_z=0.1392, gamma_p=0.2401, gamma_q=0.9664
  SSC-TV-L21 trial 90: mean ARI=0.4978  n=24  19.6s  lambda_e=0.01721, lambda_z=0.2467, gamma_p=0.4859, gamma_q=0.2051
  SSC-TV-L21 trial 91: mean ARI=0.5547  n=24  19.8s  lambda_e=4.451, lambda_z=0.1918, gamma_p=0.3435, gamma_q=0.3831
  SSC-TV-L21 trial 92: mean ARI=0.5549  n=24  19.8s  lambda_e=0.01198, lambda_z=0.1658, gamma_p=0.2767, gamma_q=0.3656
  SSC-TV-L21 trial 93: mean ARI=0.4198  n=24  22.0s  lambda_e=7.801, lambda_z=0.05299, gamma_p=0.354, gamma_q=0.3527
  SSC-TV-L21 trial 94: mean ARI=0.4887  n=24  26.5s  lambda_e=5.025, lambda_z=0.104, gamma_p=0.002041, gamma_q=0.2498
  SSC-TV-L21 trial 95: mean ARI=0.5547  n=24  26.2s  lambda_e=0.02114, lambda_z=0.1746, gamma_p=0.2818, gamma_q=0.381
  SSC-TV-L21 trial 96: mean ARI=0.5489  n=24  26.2s  lambda_e=0.02051, lambda_z=0.1619, gamma_p=0.2772, gamma_q=0.4164
  SSC-TV-L21 trial 97: mean ARI=0.5230  n=24  26.1s  lambda_e=0.02095, lambda_z=0.1609, gamma_p=0.2816, gamma_q=0.4738
  SSC-TV-L21 trial 98: mean ARI=0.5312  n=24  19.5s  lambda_e=0.03036, lambda_z=0.07703, gamma_p=0.1946, gamma_q=0.3891
  SSC-TV-L21 trial 99: mean ARI=0.5564  n=24  19.7s  lambda_e=0.01406, lambda_z=0.2248, gamma_p=0.575, gamma_q=0.3013
  best mean ARI=0.5627  tune 2124.3s  lambda_e=0.0115, lambda_z=0.3147, gamma_p=1.296, gamma_q=0.4074
  wrote /nfs/turbo/umms-minjilab/lpullela/icassp_ssc_tv2/ballet_dataset/ballet_cluster_khat_scaled_params_fix.json

============================================================
--- Tuning SSC-TV-L21-col over 24 train mats  n_trials=75 (3 params) ---
  SSC-TV-L21-col trial 0: mean ARI=0.4442  n=24  17.9s  lambda_e=1, lambda_z=0.1, gamma_q=0.1
  SSC-TV-L21-col trial 1: mean ARI=0.3952  n=24  18.6s  lambda_e=0.443, lambda_z=0.7257, gamma_q=0.2577
  SSC-TV-L21-col trial 2: mean ARI=0.4341  n=24  20.8s  lambda_e=0.4312, lambda_z=0.0495, gamma_q=0.3833
  SSC-TV-L21-col trial 3: mean ARI=0.3968  n=24  20.7s  lambda_e=0.2055, lambda_z=3.691, gamma_q=7.156
  SSC-TV-L21-col trial 4: mean ARI=0.3443  n=24  20.5s  lambda_e=0.1414, lambda_z=1.469, gamma_q=0.1305
  SSC-TV-L21-col trial 5: mean ARI=0.2945  n=24  19.0s  lambda_e=0.506, lambda_z=5.039, gamma_q=0.001924
  SSC-TV-L21-col trial 6: mean ARI=0.0018  n=24  18.4s  lambda_e=0.01826, lambda_z=0.001205, gamma_q=2.14
  SSC-TV-L21-col trial 7: mean ARI=0.3782  n=24  25.3s  lambda_e=2.16, lambda_z=3.02, gamma_q=8.212
  SSC-TV-L21-col trial 8: mean ARI=0.3985  n=24  24.3s  lambda_e=2.497, lambda_z=0.07013, gamma_q=1.325
  SSC-TV-L21-col trial 9: mean ARI=0.3945  n=24  24.7s  lambda_e=0.02264, lambda_z=0.3628, gamma_q=0.003745
  SSC-TV-L21-col trial 10: mean ARI=0.3580  n=24  24.4s  lambda_e=6.809, lambda_z=0.001622, gamma_q=0.01712
  SSC-TV-L21-col trial 11: mean ARI=0.4467  n=24  18.0s  lambda_e=0.8987, lambda_z=0.03562, gamma_q=0.08912
  SSC-TV-L21-col trial 12: mean ARI=0.4273  n=24  16.2s  lambda_e=1.515, lambda_z=0.01456, gamma_q=0.02678
  SSC-TV-L21-col trial 13: mean ARI=0.4367  n=24  16.0s  lambda_e=9.589, lambda_z=0.01245, gamma_q=0.04883
  SSC-TV-L21-col trial 14: mean ARI=0.4292  n=24  21.2s  lambda_e=0.1006, lambda_z=0.142, gamma_q=0.006547
  SSC-TV-L21-col trial 15: mean ARI=0.4312  n=24  15.5s  lambda_e=0.8261, lambda_z=0.01289, gamma_q=0.08267
  SSC-TV-L21-col trial 16: mean ARI=0.1869  n=24  16.7s  lambda_e=4.05, lambda_z=0.004769, gamma_q=0.5043
  SSC-TV-L21-col trial 17: mean ARI=0.4109  n=24  19.6s  lambda_e=1.259, lambda_z=0.2771, gamma_q=0.01367
  SSC-TV-L21-col trial 18: mean ARI=0.4452  n=24  16.6s  lambda_e=0.07095, lambda_z=0.05143, gamma_q=0.131
  SSC-TV-L21-col trial 19: mean ARI=0.3272  n=24  17.5s  lambda_e=0.05164, lambda_z=0.02389, gamma_q=1.19
  SSC-TV-L21-col trial 20: mean ARI=0.3759  n=24  15.3s  lambda_e=0.01129, lambda_z=0.005153, gamma_q=0.04456
  SSC-TV-L21-col trial 21: mean ARI=0.4876  n=24  19.2s  lambda_e=0.05226, lambda_z=0.07051, gamma_q=0.1146
  SSC-TV-L21-col trial 22: mean ARI=0.4325  n=24  17.5s  lambda_e=0.05358, lambda_z=0.03572, gamma_q=0.1876
  SSC-TV-L21-col trial 23: mean ARI=0.4755  n=24  15.6s  lambda_e=0.04719, lambda_z=0.1924, gamma_q=0.4451
  SSC-TV-L21-col trial 24: mean ARI=0.4633  n=24  16.4s  lambda_e=0.03102, lambda_z=0.2722, gamma_q=0.5977
  SSC-TV-L21-col trial 25: mean ARI=0.4640  n=24  21.0s  lambda_e=0.0231, lambda_z=0.2482, gamma_q=0.636
  SSC-TV-L21-col trial 26: mean ARI=0.4524  n=24  20.8s  lambda_e=0.01005, lambda_z=0.7292, gamma_q=4.097
  SSC-TV-L21-col trial 27: mean ARI=0.4195  n=24  20.7s  lambda_e=0.02901, lambda_z=0.1606, gamma_q=0.8769
  SSC-TV-L21-col trial 28: mean ARI=0.4468  n=24  16.7s  lambda_e=0.1928, lambda_z=0.7752, gamma_q=2.46
  SSC-TV-L21-col trial 29: mean ARI=0.4878  n=24  20.1s  lambda_e=0.04122, lambda_z=0.1096, gamma_q=0.2527
  SSC-TV-L21-col trial 30: mean ARI=0.4679  n=24  21.0s  lambda_e=0.08466, lambda_z=0.09312, gamma_q=0.273
  SSC-TV-L21-col trial 31: mean ARI=0.4560  n=24  17.2s  lambda_e=0.04367, lambda_z=0.07602, gamma_q=0.3327
  SSC-TV-L21-col trial 32: mean ARI=0.4894  n=24  21.4s  lambda_e=0.08448, lambda_z=0.1138, gamma_q=0.2115
  SSC-TV-L21-col trial 33: mean ARI=0.4446  n=24  18.5s  lambda_e=0.1301, lambda_z=0.1449, gamma_q=0.1833
  SSC-TV-L21-col trial 34: mean ARI=0.3790  n=24  19.0s  lambda_e=0.2591, lambda_z=0.5425, gamma_q=0.06148
  SSC-TV-L21-col trial 35: mean ARI=0.3925  n=24  17.7s  lambda_e=0.03845, lambda_z=1.343, gamma_q=0.3001
  SSC-TV-L21-col trial 36: mean ARI=0.4452  n=24  16.6s  lambda_e=0.06891, lambda_z=0.1425, gamma_q=0.1744
  SSC-TV-L21-col trial 37: mean ARI=0.4437  n=24  17.8s  lambda_e=0.01696, lambda_z=0.02632, gamma_q=0.03073
  SSC-TV-L21-col trial 38: mean ARI=0.4228  n=24  16.2s  lambda_e=0.1362, lambda_z=0.457, gamma_q=0.4444
  SSC-TV-L21-col trial 39: mean ARI=0.3531  n=24  16.0s  lambda_e=0.3587, lambda_z=1.375, gamma_q=0.128
  SSC-TV-L21-col trial 40: mean ARI=0.4051  n=24  16.1s  lambda_e=0.1039, lambda_z=0.05761, gamma_q=1.457
  SSC-TV-L21-col trial 41: mean ARI=0.4484  n=24  17.8s  lambda_e=0.07452, lambda_z=0.08954, gamma_q=0.3367
  SSC-TV-L21-col trial 42: mean ARI=0.4346  n=24  18.3s  lambda_e=0.08911, lambda_z=0.2084, gamma_q=0.2306
  SSC-TV-L21-col trial 43: mean ARI=0.4234  n=24  15.7s  lambda_e=0.0355, lambda_z=0.1024, gamma_q=0.866
  SSC-TV-L21-col trial 44: mean ARI=0.4280  n=24  17.6s  lambda_e=0.1641, lambda_z=0.1048, gamma_q=0.08848
  SSC-TV-L21-col trial 45: mean ARI=0.4326  n=24  17.2s  lambda_e=0.05036, lambda_z=0.04073, gamma_q=0.255
  SSC-TV-L21-col trial 46: mean ARI=0.4288  n=24  19.1s  lambda_e=0.2634, lambda_z=0.02267, gamma_q=0.1264
  SSC-TV-L21-col trial 47: mean ARI=0.4508  n=24  19.7s  lambda_e=0.01457, lambda_z=0.07104, gamma_q=0.06195
  SSC-TV-L21-col trial 48: mean ARI=0.4633  n=24  16.3s  lambda_e=0.02251, lambda_z=0.3445, gamma_q=0.7398
  SSC-TV-L21-col trial 49: mean ARI=0.2604  n=24  15.9s  lambda_e=0.1144, lambda_z=0.008138, gamma_q=0.407
  SSC-TV-L21-col trial 50: mean ARI=0.4109  n=24  16.5s  lambda_e=0.05682, lambda_z=0.21, gamma_q=0.001319
  SSC-TV-L21-col trial 51: mean ARI=0.4691  n=24  16.3s  lambda_e=0.02634, lambda_z=0.1941, gamma_q=0.5327
  SSC-TV-L21-col trial 52: mean ARI=0.4869  n=24  16.7s  lambda_e=0.08119, lambda_z=0.1184, gamma_q=0.2039
  SSC-TV-L21-col trial 53: mean ARI=0.4397  n=24  16.0s  lambda_e=0.03153, lambda_z=0.4734, gamma_q=0.1436
  SSC-TV-L21-col trial 54: mean ARI=0.4357  n=24  15.7s  lambda_e=0.02481, lambda_z=0.1764, gamma_q=1.953
  SSC-TV-L21-col trial 55: mean ARI=0.4382  n=24  15.8s  lambda_e=0.04243, lambda_z=0.1154, gamma_q=0.4379
  SSC-TV-L21-col trial 56: mean ARI=0.4619  n=24  15.8s  lambda_e=0.06281, lambda_z=0.05458, gamma_q=0.09961
  SSC-TV-L21-col trial 57: mean ARI=0.4608  n=24  16.6s  lambda_e=0.01575, lambda_z=0.3392, gamma_q=0.9821
  SSC-TV-L21-col trial 58: mean ARI=0.4593  n=24  18.8s  lambda_e=0.0201, lambda_z=0.04443, gamma_q=0.03367
  SSC-TV-L21-col trial 59: mean ARI=0.3446  n=24  15.6s  lambda_e=0.03989, lambda_z=5.934, gamma_q=0.2148
  SSC-TV-L21-col trial 60: mean ARI=0.4490  n=24  16.3s  lambda_e=0.01302, lambda_z=0.01822, gamma_q=0.0671
  SSC-TV-L21-col trial 61: mean ARI=0.4881  n=24  17.0s  lambda_e=0.09356, lambda_z=0.1123, gamma_q=0.2786
  SSC-TV-L21-col trial 62: mean ARI=0.4247  n=24  15.6s  lambda_e=0.08727, lambda_z=0.1299, gamma_q=0.5883
  SSC-TV-L21-col trial 63: mean ARI=0.4713  n=24  15.8s  lambda_e=0.05079, lambda_z=0.06614, gamma_q=0.1562
  SSC-TV-L21-col trial 64: mean ARI=0.4861  n=24  15.9s  lambda_e=0.1674, lambda_z=0.07147, gamma_q=0.158
  SSC-TV-L21-col trial 65: mean ARI=0.4447  n=24  18.6s  lambda_e=0.6231, lambda_z=0.03102, gamma_q=0.01693
  SSC-TV-L21-col trial 66: mean ARI=0.4685  n=24  20.6s  lambda_e=0.1806, lambda_z=0.08416, gamma_q=0.2417
  SSC-TV-L21-col trial 67: mean ARI=0.4899  n=24  20.5s  lambda_e=0.1169, lambda_z=0.06066, gamma_q=0.1104
  SSC-TV-L21-col trial 68: mean ARI=0.4648  n=24  21.1s  lambda_e=0.2476, lambda_z=0.04922, gamma_q=0.04232
  SSC-TV-L21-col trial 69: mean ARI=0.4455  n=24  19.8s  lambda_e=0.359, lambda_z=0.03163, gamma_q=0.1105
  SSC-TV-L21-col trial 70: mean ARI=0.4805  n=24  16.4s  lambda_e=0.1264, lambda_z=0.05925, gamma_q=0.08056
  SSC-TV-L21-col trial 71: mean ARI=0.4629  n=24  16.9s  lambda_e=0.1584, lambda_z=0.0705, gamma_q=0.0858
  SSC-TV-L21-col trial 72: mean ARI=0.4614  n=24  16.3s  lambda_e=0.1164, lambda_z=0.1251, gamma_q=0.182
  SSC-TV-L21-col trial 73: mean ARI=0.4511  n=24  20.3s  lambda_e=0.2201, lambda_z=0.04275, gamma_q=0.0751
  SSC-TV-L21-col trial 74: mean ARI=0.4476  n=24  21.1s  lambda_e=0.07369, lambda_z=0.06153, gamma_q=0.04809
  best mean ARI=0.4899  tune 1367.1s  lambda_e=0.1169, lambda_z=0.06066, gamma_q=0.1104
  wrote /nfs/turbo/umms-minjilab/lpullela/icassp_ssc_tv2/ballet_dataset/ballet_cluster_khat_scaled_params_fix.json

=== train[0] k=5  dim=900  frames=399  σ=clean  seqs=['seq_000002', 'seq_000011', 'seq_000017', 'seq_000023', 'seq_000036'] ===
  SSC-TV-L21: k_hat=2  ACC=0.4461  NMI=0.5733  ARI=0.3461  1.7s
  SSC-TV-L21-col: k_hat=2  ACC=0.4461  NMI=0.5438  ARI=0.3329  1.3s

=== train[1] k=5  dim=900  frames=351  σ=clean  seqs=['seq_000001', 'seq_000004', 'seq_000009', 'seq_000017', 'seq_000031'] ===
  SSC-TV-L21: k_hat=2  ACC=0.4815  NMI=0.4954  ARI=0.3181  1.4s
  SSC-TV-L21-col: k_hat=2  ACC=0.5185  NMI=0.6027  ARI=0.4072  1.2s

=== train[2] k=5  dim=900  frames=324  σ=clean  seqs=['seq_000001', 'seq_000002', 'seq_000011', 'seq_000029', 'seq_000043'] ===
  SSC-TV-L21: k_hat=3  ACC=0.6790  NMI=0.6872  ARI=0.5208  1.2s
  SSC-TV-L21-col: k_hat=2  ACC=0.4753  NMI=0.4838  ARI=0.3302  0.9s

=== train[3] k=5  dim=900  frames=199  σ=clean  seqs=['seq_000003', 'seq_000018', 'seq_000026', 'seq_000029', 'seq_000033'] ===
  SSC-TV-L21: k_hat=2  ACC=0.6030  NMI=0.6302  ARI=0.4813  0.4s
  SSC-TV-L21-col: k_hat=3  ACC=0.6935  NMI=0.7534  ARI=0.5615  0.3s

=== train[4] k=5  dim=900  frames=320  σ=clean  seqs=['seq_000002', 'seq_000005', 'seq_000027', 'seq_000028', 'seq_000042'] ===
  SSC-TV-L21: k_hat=3  ACC=0.7875  NMI=0.8217  ARI=0.6997  1.1s
  SSC-TV-L21-col: k_hat=2  ACC=0.5437  NMI=0.5384  ARI=0.3030  0.9s

=== train[5] k=5  dim=900  frames=348  σ=clean  seqs=['seq_000002', 'seq_000011', 'seq_000017', 'seq_000027', 'seq_000031'] ===
  SSC-TV-L21: k_hat=2  ACC=0.5057  NMI=0.5117  ARI=0.2638  1.3s
  SSC-TV-L21-col: k_hat=3  ACC=0.6437  NMI=0.7913  ARI=0.6103  1.1s

=== train[6] k=5  dim=900  frames=288  σ=clean  seqs=['seq_000009', 'seq_000022', 'seq_000025', 'seq_000029', 'seq_000041'] ===
  SSC-TV-L21: k_hat=3  ACC=0.3576  NMI=0.3104  ARI=0.1184  0.9s
  SSC-TV-L21-col: k_hat=2  ACC=0.3924  NMI=0.2769  ARI=0.1093  0.7s

=== train[7] k=5  dim=900  frames=342  σ=clean  seqs=['seq_000009', 'seq_000017', 'seq_000019', 'seq_000020', 'seq_000043'] ===
  SSC-TV-L21: k_hat=3  ACC=0.6871  NMI=0.6796  ARI=0.5028  1.3s
  SSC-TV-L21-col: k_hat=6  ACC=0.7632  NMI=0.8267  ARI=0.6558  1.1s

=== train[8] k=5  dim=900  frames=256  σ=clean  seqs=['seq_000001', 'seq_000005', 'seq_000022', 'seq_000029', 'seq_000042'] ===
  SSC-TV-L21: k_hat=3  ACC=0.7539  NMI=0.7165  ARI=0.6024  0.7s
  SSC-TV-L21-col: k_hat=2  ACC=0.6094  NMI=0.5923  ARI=0.3947  0.5s

=== train[9] k=5  dim=900  frames=341  σ=clean  seqs=['seq_000004', 'seq_000009', 'seq_000012', 'seq_000023', 'seq_000031'] ===
  SSC-TV-L21: k_hat=4  ACC=0.8358  NMI=0.8741  ARI=0.7748  1.3s
  SSC-TV-L21-col: k_hat=3  ACC=0.4663  NMI=0.5647  ARI=0.3217  1.1s

=== train[10] k=5  dim=900  frames=331  σ=clean  seqs=['seq_000002', 'seq_000009', 'seq_000012', 'seq_000018', 'seq_000023'] ===
  SSC-TV-L21: k_hat=5  ACC=1.0000  NMI=1.0000  ARI=1.0000  1.3s
  SSC-TV-L21-col: k_hat=4  ACC=0.5952  NMI=0.6763  ARI=0.3735  1.0s

=== train[11] k=5  dim=900  frames=304  σ=clean  seqs=['seq_000009', 'seq_000012', 'seq_000022', 'seq_000023', 'seq_000036'] ===
  SSC-TV-L21: k_hat=4  ACC=0.7039  NMI=0.7590  ARI=0.5988  1.0s
  SSC-TV-L21-col: k_hat=4  ACC=0.7039  NMI=0.7722  ARI=0.5955  0.8s

=== train[12] k=5  dim=900  frames=315  σ=clean  seqs=['seq_000001', 'seq_000017', 'seq_000023', 'seq_000024', 'seq_000039'] ===
  SSC-TV-L21: k_hat=3  ACC=0.6762  NMI=0.6661  ARI=0.4879  1.1s
  SSC-TV-L21-col: k_hat=3  ACC=0.6571  NMI=0.6517  ARI=0.4639  0.9s

=== train[13] k=5  dim=900  frames=350  σ=clean  seqs=['seq_000028', 'seq_000029', 'seq_000033', 'seq_000035', 'seq_000039'] ===
  SSC-TV-L21: k_hat=2  ACC=0.5229  NMI=0.5015  ARI=0.3310  1.1s
  SSC-TV-L21-col: k_hat=2  ACC=0.5229  NMI=0.4933  ARI=0.3204  0.8s

=== train[14] k=5  dim=900  frames=293  σ=clean  seqs=['seq_000001', 'seq_000023', 'seq_000025', 'seq_000026', 'seq_000039'] ===
  SSC-TV-L21: k_hat=3  ACC=0.7509  NMI=0.8140  ARI=0.6800  0.7s
  SSC-TV-L21-col: k_hat=3  ACC=0.7235  NMI=0.7523  ARI=0.6491  0.5s

=== train[15] k=5  dim=900  frames=282  σ=clean  seqs=['seq_000018', 'seq_000019', 'seq_000020', 'seq_000031', 'seq_000035'] ===
  SSC-TV-L21: k_hat=3  ACC=0.6348  NMI=0.6948  ARI=0.4046  0.6s
  SSC-TV-L21-col: k_hat=6  ACC=0.6915  NMI=0.7567  ARI=0.5696  0.5s

=== train[16] k=5  dim=900  frames=255  σ=clean  seqs=['seq_000022', 'seq_000026', 'seq_000028', 'seq_000033', 'seq_000042'] ===
  SSC-TV-L21: k_hat=2  ACC=0.6824  NMI=0.6154  ARI=0.4488  0.5s
  SSC-TV-L21-col: k_hat=2  ACC=0.6824  NMI=0.6154  ARI=0.4488  0.4s

=== train[17] k=5  dim=900  frames=311  σ=clean  seqs=['seq_000017', 'seq_000020', 'seq_000026', 'seq_000039', 'seq_000041'] ===
  SSC-TV-L21: k_hat=2  ACC=0.6013  NMI=0.5850  ARI=0.4604  0.8s
  SSC-TV-L21-col: k_hat=2  ACC=0.6013  NMI=0.5898  ARI=0.3891  0.6s

=== train[18] k=5  dim=900  frames=359  σ=clean  seqs=['seq_000004', 'seq_000012', 'seq_000022', 'seq_000028', 'seq_000042'] ===
  SSC-TV-L21: k_hat=3  ACC=0.7187  NMI=0.7214  ARI=0.6020  1.1s
  SSC-TV-L21-col: k_hat=2  ACC=0.4763  NMI=0.4794  ARI=0.2523  0.9s

=== train[19] k=5  dim=900  frames=234  σ=clean  seqs=['seq_000021', 'seq_000025', 'seq_000026', 'seq_000029', 'seq_000041'] ===
  SSC-TV-L21: k_hat=2  ACC=0.6581  NMI=0.6585  ARI=0.5358  0.4s
  SSC-TV-L21-col: k_hat=2  ACC=0.6581  NMI=0.6585  ARI=0.5358  0.4s

=== train[20] k=5  dim=900  frames=229  σ=clean  seqs=['seq_000001', 'seq_000021', 'seq_000025', 'seq_000027', 'seq_000041'] ===
  SSC-TV-L21: k_hat=4  ACC=0.8035  NMI=0.8000  ARI=0.7473  0.5s
  SSC-TV-L21-col: k_hat=5  ACC=0.8908  NMI=0.9060  ARI=0.8593  0.4s

=== train[21] k=5  dim=900  frames=246  σ=clean  seqs=['seq_000001', 'seq_000022', 'seq_000024', 'seq_000025', 'seq_000036'] ===
  SSC-TV-L21: k_hat=5  ACC=0.7642  NMI=0.8275  ARI=0.7345  0.5s
  SSC-TV-L21-col: k_hat=5  ACC=0.7927  NMI=0.8746  ARI=0.7879  0.4s

=== train[22] k=5  dim=900  frames=345  σ=clean  seqs=['seq_000011', 'seq_000012', 'seq_000020', 'seq_000027', 'seq_000036'] ===
  SSC-TV-L21: k_hat=6  ACC=0.9130  NMI=0.9153  ARI=0.8833  1.0s
  SSC-TV-L21-col: k_hat=9  ACC=0.6783  NMI=0.8523  ARI=0.7003  0.9s

=== train[23] k=5  dim=900  frames=383  σ=clean  seqs=['seq_000002', 'seq_000018', 'seq_000025', 'seq_000028', 'seq_000039'] ===
  SSC-TV-L21: k_hat=5  ACC=0.9817  NMI=0.9584  ARI=0.9635  1.3s
  SSC-TV-L21-col: k_hat=4  ACC=0.8538  NMI=0.8633  ARI=0.7855  1.0s

=== test[0] k=5  dim=900  frames=152  σ=clean  seqs=['seq_000007', 'seq_000008', 'seq_000015', 'seq_000016', 'seq_000040'] ===
  SSC-TV-L21: k_hat=3  ACC=0.7237  NMI=0.7740  ARI=0.5605  0.2s
  SSC-TV-L21-col: k_hat=3  ACC=0.7237  NMI=0.7740  ARI=0.5605  0.2s

=== test[1] k=5  dim=900  frames=180  σ=clean  seqs=['seq_000008', 'seq_000010', 'seq_000030', 'seq_000037', 'seq_000040'] ===
  SSC-TV-L21: k_hat=4  ACC=0.7556  NMI=0.8569  ARI=0.6779  0.3s
  SSC-TV-L21-col: k_hat=4  ACC=0.7611  NMI=0.8738  ARI=0.6868  0.2s

=== test[2] k=5  dim=900  frames=289  σ=clean  seqs=['seq_000006', 'seq_000007', 'seq_000013', 'seq_000030', 'seq_000040'] ===
  SSC-TV-L21: k_hat=6  ACC=0.8858  NMI=0.9401  ARI=0.8787  0.7s
  SSC-TV-L21-col: k_hat=3  ACC=0.7163  NMI=0.7584  ARI=0.5583  0.5s

=== test[3] k=5  dim=900  frames=247  σ=clean  seqs=['seq_000010', 'seq_000015', 'seq_000034', 'seq_000038', 'seq_000044'] ===
  SSC-TV-L21: k_hat=3  ACC=0.7692  NMI=0.6864  ARI=0.6066  0.5s
  SSC-TV-L21-col: k_hat=3  ACC=0.7206  NMI=0.6622  ARI=0.5207  0.4s

=== test[4] k=5  dim=900  frames=171  σ=clean  seqs=['seq_000007', 'seq_000010', 'seq_000015', 'seq_000034', 'seq_000037'] ===
  SSC-TV-L21: k_hat=3  ACC=0.6023  NMI=0.6565  ARI=0.4784  0.3s
  SSC-TV-L21-col: k_hat=4  ACC=0.6608  NMI=0.7099  ARI=0.5389  0.2s

=== test[5] k=5  dim=900  frames=210  σ=clean  seqs=['seq_000008', 'seq_000013', 'seq_000015', 'seq_000016', 'seq_000034'] ===
  SSC-TV-L21: k_hat=5  ACC=0.6619  NMI=0.7657  ARI=0.5779  0.4s
  SSC-TV-L21-col: k_hat=2  ACC=0.5571  NMI=0.4586  ARI=0.2262  0.3s

=== test[6] k=5  dim=900  frames=270  σ=clean  seqs=['seq_000013', 'seq_000016', 'seq_000030', 'seq_000034', 'seq_000038'] ===
  SSC-TV-L21: k_hat=6  ACC=0.6444  NMI=0.7681  ARI=0.5796  0.6s
  SSC-TV-L21-col: k_hat=5  ACC=0.6926  NMI=0.7380  ARI=0.5422  0.5s

=== test[7] k=5  dim=900  frames=282  σ=clean  seqs=['seq_000008', 'seq_000037', 'seq_000038', 'seq_000040', 'seq_000044'] ===
  SSC-TV-L21: k_hat=5  ACC=0.8404  NMI=0.7973  ARI=0.6578  0.7s
  SSC-TV-L21-col: k_hat=4  ACC=0.7411  NMI=0.7687  ARI=0.5941  0.7s

=== test[8] k=5  dim=900  frames=294  σ=clean  seqs=['seq_000006', 'seq_000032', 'seq_000034', 'seq_000038', 'seq_000040'] ===
  SSC-TV-L21: k_hat=3  ACC=0.6769  NMI=0.7142  ARI=0.5820  0.9s
  SSC-TV-L21-col: k_hat=2  ACC=0.5578  NMI=0.6104  ARI=0.4281  0.7s

=== test[9] k=5  dim=900  frames=207  σ=clean  seqs=['seq_000010', 'seq_000015', 'seq_000034', 'seq_000038', 'seq_000040'] ===
  SSC-TV-L21: k_hat=2  ACC=0.5362  NMI=0.4717  ARI=0.3314  0.3s
  SSC-TV-L21-col: k_hat=2  ACC=0.5411  NMI=0.4781  ARI=0.3401  0.3s

=== test[10] k=5  dim=900  frames=235  σ=clean  seqs=['seq_000007', 'seq_000008', 'seq_000013', 'seq_000032', 'seq_000037'] ===
  SSC-TV-L21: k_hat=5  ACC=0.8000  NMI=0.8457  ARI=0.6590  0.5s
  SSC-TV-L21-col: k_hat=5  ACC=1.0000  NMI=1.0000  ARI=1.0000  0.4s

=== test[11] k=5  dim=900  frames=186  σ=clean  seqs=['seq_000010', 'seq_000014', 'seq_000030', 'seq_000032', 'seq_000040'] ===
  SSC-TV-L21: k_hat=2  ACC=0.5054  NMI=0.4472  ARI=0.2670  0.3s
  SSC-TV-L21-col: k_hat=5  ACC=0.7688  NMI=0.7527  ARI=0.5483  0.2s

=== test[12] k=5  dim=900  frames=225  σ=clean  seqs=['seq_000013', 'seq_000014', 'seq_000015', 'seq_000016', 'seq_000037'] ===
  SSC-TV-L21: k_hat=3  ACC=0.8133  NMI=0.8139  ARI=0.7689  0.4s
  SSC-TV-L21-col: k_hat=6  ACC=0.7200  NMI=0.8446  ARI=0.7209  0.4s

=== test[13] k=5  dim=900  frames=261  σ=clean  seqs=['seq_000007', 'seq_000013', 'seq_000016', 'seq_000030', 'seq_000044'] ===
  SSC-TV-L21: k_hat=4  ACC=0.8467  NMI=0.8163  ARI=0.7201  0.6s
  SSC-TV-L21-col: k_hat=6  ACC=0.6628  NMI=0.8023  ARI=0.6015  0.5s

=== test[14] k=5  dim=900  frames=330  σ=clean  seqs=['seq_000006', 'seq_000013', 'seq_000030', 'seq_000038', 'seq_000040'] ===
  SSC-TV-L21: k_hat=2  ACC=0.4000  NMI=0.3982  ARI=0.1514  0.9s
  SSC-TV-L21-col: k_hat=2  ACC=0.5242  NMI=0.5450  ARI=0.3077  0.7s

=== test[15] k=5  dim=900  frames=251  σ=clean  seqs=['seq_000008', 'seq_000032', 'seq_000034', 'seq_000037', 'seq_000044'] ===
  SSC-TV-L21: k_hat=3  ACC=0.6215  NMI=0.6508  ARI=0.4309  0.5s
  SSC-TV-L21-col: k_hat=6  ACC=0.8406  NMI=0.9313  ARI=0.8259  0.4s

=== test[16] k=5  dim=900  frames=287  σ=clean  seqs=['seq_000013', 'seq_000015', 'seq_000034', 'seq_000037', 'seq_000044'] ===
  SSC-TV-L21: k_hat=2  ACC=0.5261  NMI=0.3901  ARI=0.1982  0.7s
  SSC-TV-L21-col: k_hat=2  ACC=0.5366  NMI=0.4152  ARI=0.2230  0.5s

=== test[17] k=5  dim=900  frames=228  σ=clean  seqs=['seq_000006', 'seq_000007', 'seq_000008', 'seq_000014', 'seq_000016'] ===
  SSC-TV-L21: k_hat=2  ACC=0.6140  NMI=0.6210  ARI=0.4693  0.4s
  SSC-TV-L21-col: k_hat=7  ACC=0.8728  NMI=0.9336  ARI=0.9233  0.4s

=== mean over matrices ===
  SSC-TV-L21 train σ=clean: ACC=0.6895  NMI=0.7007  ARI=0.5627  n=24
  SSC-TV-L21-col train σ=clean: ACC=0.6283  NMI=0.6632  ARI=0.4899  n=24
  SSC-TV-L21 test σ=clean: ACC=0.6791  NMI=0.6897  ARI=0.5331  n=18
  SSC-TV-L21-col test σ=clean: ACC=0.6999  NMI=0.7254  ARI=0.5637  n=18

wrote /nfs/turbo/umms-minjilab/lpullela/icassp_ssc_tv2/ballet_dataset/ballet_cluster_khat_scaled_results_fix.csv
wrote /nfs/turbo/umms-minjilab/lpullela/icassp_ssc_tv2/ballet_dataset/ballet_cluster_khat_scaled_params_fix.json
end=Wed Sep  2 23:34:15 EDT 2026
