host=gl3083.arc-ts.umich.edu  python=/home/lpullela/miniconda3/envs/ssc_559/bin/python  start=Wed Sep  2 20:44:14 EDT 2026
=== Ballet Clustering Experiment ===
k=5  n_test=15  n_train_combos=24  n_test_combos=18  n_trials=50  down_hw=30  full_data=False  n_frames ~ Unif[10, 100]  seed=0
hetero_noise=False  sigmas=None  append=False  no_tune=False  known_k=True  csv=ballet_cluster_knownk_scaled_results_ssc.csv
sequences=44  train_pool=29  test_pool=15  train_combos=24  test_combos=18
train pool: ['seq_000003', 'seq_000035', 'seq_000005', 'seq_000019', 'seq_000024', 'seq_000033', 'seq_000012', 'seq_000002', 'seq_000023', 'seq_000020', 'seq_000022', 'seq_000028', 'seq_000042', 'seq_000011', 'seq_000004', 'seq_000039', 'seq_000017', 'seq_000031', 'seq_000021', 'seq_000029', 'seq_000009', 'seq_000036', 'seq_000043', 'seq_000018', 'seq_000001', 'seq_000025', 'seq_000026', 'seq_000041', 'seq_000027']
test  pool: ['seq_000040', 'seq_000010', 'seq_000007', 'seq_000037', 'seq_000038', 'seq_000014', 'seq_000013', 'seq_000008', 'seq_000044', 'seq_000006', 'seq_000015', 'seq_000030', 'seq_000034', 'seq_000016', 'seq_000032']
train 0 k=5  sequences=['seq_000002', 'seq_000011', 'seq_000017', 'seq_000023', 'seq_000036']
train 1 k=5  sequences=['seq_000001', 'seq_000004', 'seq_000009', 'seq_000017', 'seq_000031']
train 2 k=5  sequences=['seq_000001', 'seq_000002', 'seq_000011', 'seq_000029', 'seq_000043']
train 3 k=5  sequences=['seq_000003', 'seq_000018', 'seq_000026', 'seq_000029', 'seq_000033']
train 4 k=5  sequences=['seq_000002', 'seq_000005', 'seq_000027', 'seq_000028', 'seq_000042']
train 5 k=5  sequences=['seq_000002', 'seq_000011', 'seq_000017', 'seq_000027', 'seq_000031']
train 6 k=5  sequences=['seq_000009', 'seq_000022', 'seq_000025', 'seq_000029', 'seq_000041']
train 7 k=5  sequences=['seq_000009', 'seq_000017', 'seq_000019', 'seq_000020', 'seq_000043']
train 8 k=5  sequences=['seq_000001', 'seq_000005', 'seq_000022', 'seq_000029', 'seq_000042']
train 9 k=5  sequences=['seq_000004', 'seq_000009', 'seq_000012', 'seq_000023', 'seq_000031']
train 10 k=5  sequences=['seq_000002', 'seq_000009', 'seq_000012', 'seq_000018', 'seq_000023']
train 11 k=5  sequences=['seq_000009', 'seq_000012', 'seq_000022', 'seq_000023', 'seq_000036']
train 12 k=5  sequences=['seq_000001', 'seq_000017', 'seq_000023', 'seq_000024', 'seq_000039']
train 13 k=5  sequences=['seq_000028', 'seq_000029', 'seq_000033', 'seq_000035', 'seq_000039']
train 14 k=5  sequences=['seq_000001', 'seq_000023', 'seq_000025', 'seq_000026', 'seq_000039']
train 15 k=5  sequences=['seq_000018', 'seq_000019', 'seq_000020', 'seq_000031', 'seq_000035']
train 16 k=5  sequences=['seq_000022', 'seq_000026', 'seq_000028', 'seq_000033', 'seq_000042']
train 17 k=5  sequences=['seq_000017', 'seq_000020', 'seq_000026', 'seq_000039', 'seq_000041']
train 18 k=5  sequences=['seq_000004', 'seq_000012', 'seq_000022', 'seq_000028', 'seq_000042']
train 19 k=5  sequences=['seq_000021', 'seq_000025', 'seq_000026', 'seq_000029', 'seq_000041']
train 20 k=5  sequences=['seq_000001', 'seq_000021', 'seq_000025', 'seq_000027', 'seq_000041']
train 21 k=5  sequences=['seq_000001', 'seq_000022', 'seq_000024', 'seq_000025', 'seq_000036']
train 22 k=5  sequences=['seq_000011', 'seq_000012', 'seq_000020', 'seq_000027', 'seq_000036']
train 23 k=5  sequences=['seq_000002', 'seq_000018', 'seq_000025', 'seq_000028', 'seq_000039']
test  0 k=5  sequences=['seq_000007', 'seq_000008', 'seq_000015', 'seq_000016', 'seq_000040']
test  1 k=5  sequences=['seq_000008', 'seq_000010', 'seq_000030', 'seq_000037', 'seq_000040']
test  2 k=5  sequences=['seq_000006', 'seq_000007', 'seq_000013', 'seq_000030', 'seq_000040']
test  3 k=5  sequences=['seq_000010', 'seq_000015', 'seq_000034', 'seq_000038', 'seq_000044']
test  4 k=5  sequences=['seq_000007', 'seq_000010', 'seq_000015', 'seq_000034', 'seq_000037']
test  5 k=5  sequences=['seq_000008', 'seq_000013', 'seq_000015', 'seq_000016', 'seq_000034']
test  6 k=5  sequences=['seq_000013', 'seq_000016', 'seq_000030', 'seq_000034', 'seq_000038']
test  7 k=5  sequences=['seq_000008', 'seq_000037', 'seq_000038', 'seq_000040', 'seq_000044']
test  8 k=5  sequences=['seq_000006', 'seq_000032', 'seq_000034', 'seq_000038', 'seq_000040']
test  9 k=5  sequences=['seq_000010', 'seq_000015', 'seq_000034', 'seq_000038', 'seq_000040']
test  10 k=5  sequences=['seq_000007', 'seq_000008', 'seq_000013', 'seq_000032', 'seq_000037']
test  11 k=5  sequences=['seq_000010', 'seq_000014', 'seq_000030', 'seq_000032', 'seq_000040']
test  12 k=5  sequences=['seq_000013', 'seq_000014', 'seq_000015', 'seq_000016', 'seq_000037']
test  13 k=5  sequences=['seq_000007', 'seq_000013', 'seq_000016', 'seq_000030', 'seq_000044']
test  14 k=5  sequences=['seq_000006', 'seq_000013', 'seq_000030', 'seq_000038', 'seq_000040']
test  15 k=5  sequences=['seq_000008', 'seq_000032', 'seq_000034', 'seq_000037', 'seq_000044']
test  16 k=5  sequences=['seq_000013', 'seq_000015', 'seq_000034', 'seq_000037', 'seq_000044']
test  17 k=5  sequences=['seq_000006', 'seq_000007', 'seq_000008', 'seq_000014', 'seq_000016']

Loading 44 sequences once (reused across combinations)
  seq_000001: frames=53  dim=900
  seq_000002: frames=78  dim=900
  seq_000003: frames=13  dim=900
  seq_000004: frames=84  dim=900
  seq_000005: frames=32  dim=900
  seq_000006: frames=89  dim=900
  seq_000007: frames=34  dim=900
  seq_000008: frames=33  dim=900
  seq_000009: frames=68  dim=900
  seq_000010: frames=17  dim=900
  seq_000011: frames=88  dim=900
  seq_000012: frames=86  dim=900
  seq_000013: frames=84  dim=900
  seq_000014: frames=51  dim=900
  seq_000015: frames=21  dim=900
  seq_000016: frames=21  dim=900
  seq_000017: frames=98  dim=900
  seq_000018: frames=44  dim=900
  seq_000019: frames=92  dim=900
  seq_000020: frames=55  dim=900
  seq_000021: frames=11  dim=900
  seq_000022: frames=15  dim=900
  seq_000023: frames=55  dim=900
  seq_000024: frames=20  dim=900
  seq_000025: frames=78  dim=900
  seq_000026: frames=18  dim=900
  seq_000027: frames=36  dim=900
  seq_000028: frames=94  dim=900
  seq_000029: frames=76  dim=900
  seq_000030: frames=39  dim=900
  seq_000031: frames=48  dim=900
  seq_000032: frames=36  dim=900
  seq_000033: frames=48  dim=900
  seq_000034: frames=51  dim=900
  seq_000035: frames=43  dim=900
  seq_000036: frames=80  dim=900
  seq_000037: frames=48  dim=900
  seq_000038: frames=75  dim=900
  seq_000039: frames=89  dim=900
  seq_000040: frames=43  dim=900
  seq_000041: frames=51  dim=900
  seq_000042: frames=80  dim=900
  seq_000043: frames=29  dim=900
  seq_000044: frames=83  dim=900

Building train combinations
  train[0]: frames=399  dim=900  n_kept=[78, 88, 98, 55, 80]  seqs=['seq_000002', 'seq_000011', 'seq_000017', 'seq_000023', 'seq_000036']
  train[1]: frames=351  dim=900  n_kept=[53, 84, 68, 98, 48]  seqs=['seq_000001', 'seq_000004', 'seq_000009', 'seq_000017', 'seq_000031']
  train[2]: frames=324  dim=900  n_kept=[53, 78, 88, 76, 29]  seqs=['seq_000001', 'seq_000002', 'seq_000011', 'seq_000029', 'seq_000043']
  train[3]: frames=199  dim=900  n_kept=[13, 44, 18, 76, 48]  seqs=['seq_000003', 'seq_000018', 'seq_000026', 'seq_000029', 'seq_000033']
  train[4]: frames=320  dim=900  n_kept=[78, 32, 36, 94, 80]  seqs=['seq_000002', 'seq_000005', 'seq_000027', 'seq_000028', 'seq_000042']
  train[5]: frames=348  dim=900  n_kept=[78, 88, 98, 36, 48]  seqs=['seq_000002', 'seq_000011', 'seq_000017', 'seq_000027', 'seq_000031']
  train[6]: frames=288  dim=900  n_kept=[68, 15, 78, 76, 51]  seqs=['seq_000009', 'seq_000022', 'seq_000025', 'seq_000029', 'seq_000041']
  train[7]: frames=342  dim=900  n_kept=[68, 98, 92, 55, 29]  seqs=['seq_000009', 'seq_000017', 'seq_000019', 'seq_000020', 'seq_000043']
  train[8]: frames=256  dim=900  n_kept=[53, 32, 15, 76, 80]  seqs=['seq_000001', 'seq_000005', 'seq_000022', 'seq_000029', 'seq_000042']
  train[9]: frames=341  dim=900  n_kept=[84, 68, 86, 55, 48]  seqs=['seq_000004', 'seq_000009', 'seq_000012', 'seq_000023', 'seq_000031']
  train[10]: frames=331  dim=900  n_kept=[78, 68, 86, 44, 55]  seqs=['seq_000002', 'seq_000009', 'seq_000012', 'seq_000018', 'seq_000023']
  train[11]: frames=304  dim=900  n_kept=[68, 86, 15, 55, 80]  seqs=['seq_000009', 'seq_000012', 'seq_000022', 'seq_000023', 'seq_000036']
  train[12]: frames=315  dim=900  n_kept=[53, 98, 55, 20, 89]  seqs=['seq_000001', 'seq_000017', 'seq_000023', 'seq_000024', 'seq_000039']
  train[13]: frames=350  dim=900  n_kept=[94, 76, 48, 43, 89]  seqs=['seq_000028', 'seq_000029', 'seq_000033', 'seq_000035', 'seq_000039']
  train[14]: frames=293  dim=900  n_kept=[53, 55, 78, 18, 89]  seqs=['seq_000001', 'seq_000023', 'seq_000025', 'seq_000026', 'seq_000039']
  train[15]: frames=282  dim=900  n_kept=[44, 92, 55, 48, 43]  seqs=['seq_000018', 'seq_000019', 'seq_000020', 'seq_000031', 'seq_000035']
  train[16]: frames=255  dim=900  n_kept=[15, 18, 94, 48, 80]  seqs=['seq_000022', 'seq_000026', 'seq_000028', 'seq_000033', 'seq_000042']
  train[17]: frames=311  dim=900  n_kept=[98, 55, 18, 89, 51]  seqs=['seq_000017', 'seq_000020', 'seq_000026', 'seq_000039', 'seq_000041']
  train[18]: frames=359  dim=900  n_kept=[84, 86, 15, 94, 80]  seqs=['seq_000004', 'seq_000012', 'seq_000022', 'seq_000028', 'seq_000042']
  train[19]: frames=234  dim=900  n_kept=[11, 78, 18, 76, 51]  seqs=['seq_000021', 'seq_000025', 'seq_000026', 'seq_000029', 'seq_000041']
  train[20]: frames=229  dim=900  n_kept=[53, 11, 78, 36, 51]  seqs=['seq_000001', 'seq_000021', 'seq_000025', 'seq_000027', 'seq_000041']
  train[21]: frames=246  dim=900  n_kept=[53, 15, 20, 78, 80]  seqs=['seq_000001', 'seq_000022', 'seq_000024', 'seq_000025', 'seq_000036']
  train[22]: frames=345  dim=900  n_kept=[88, 86, 55, 36, 80]  seqs=['seq_000011', 'seq_000012', 'seq_000020', 'seq_000027', 'seq_000036']
  train[23]: frames=383  dim=900  n_kept=[78, 44, 78, 94, 89]  seqs=['seq_000002', 'seq_000018', 'seq_000025', 'seq_000028', 'seq_000039']
Building test combinations
  test[0]: frames=152  dim=900  n_kept=[34, 33, 21, 21, 43]  seqs=['seq_000007', 'seq_000008', 'seq_000015', 'seq_000016', 'seq_000040']
  test[1]: frames=180  dim=900  n_kept=[33, 17, 39, 48, 43]  seqs=['seq_000008', 'seq_000010', 'seq_000030', 'seq_000037', 'seq_000040']
  test[2]: frames=289  dim=900  n_kept=[89, 34, 84, 39, 43]  seqs=['seq_000006', 'seq_000007', 'seq_000013', 'seq_000030', 'seq_000040']
  test[3]: frames=247  dim=900  n_kept=[17, 21, 51, 75, 83]  seqs=['seq_000010', 'seq_000015', 'seq_000034', 'seq_000038', 'seq_000044']
  test[4]: frames=171  dim=900  n_kept=[34, 17, 21, 51, 48]  seqs=['seq_000007', 'seq_000010', 'seq_000015', 'seq_000034', 'seq_000037']
  test[5]: frames=210  dim=900  n_kept=[33, 84, 21, 21, 51]  seqs=['seq_000008', 'seq_000013', 'seq_000015', 'seq_000016', 'seq_000034']
  test[6]: frames=270  dim=900  n_kept=[84, 21, 39, 51, 75]  seqs=['seq_000013', 'seq_000016', 'seq_000030', 'seq_000034', 'seq_000038']
  test[7]: frames=282  dim=900  n_kept=[33, 48, 75, 43, 83]  seqs=['seq_000008', 'seq_000037', 'seq_000038', 'seq_000040', 'seq_000044']
  test[8]: frames=294  dim=900  n_kept=[89, 36, 51, 75, 43]  seqs=['seq_000006', 'seq_000032', 'seq_000034', 'seq_000038', 'seq_000040']
  test[9]: frames=207  dim=900  n_kept=[17, 21, 51, 75, 43]  seqs=['seq_000010', 'seq_000015', 'seq_000034', 'seq_000038', 'seq_000040']
  test[10]: frames=235  dim=900  n_kept=[34, 33, 84, 36, 48]  seqs=['seq_000007', 'seq_000008', 'seq_000013', 'seq_000032', 'seq_000037']
  test[11]: frames=186  dim=900  n_kept=[17, 51, 39, 36, 43]  seqs=['seq_000010', 'seq_000014', 'seq_000030', 'seq_000032', 'seq_000040']
  test[12]: frames=225  dim=900  n_kept=[84, 51, 21, 21, 48]  seqs=['seq_000013', 'seq_000014', 'seq_000015', 'seq_000016', 'seq_000037']
  test[13]: frames=261  dim=900  n_kept=[34, 84, 21, 39, 83]  seqs=['seq_000007', 'seq_000013', 'seq_000016', 'seq_000030', 'seq_000044']
  test[14]: frames=330  dim=900  n_kept=[89, 84, 39, 75, 43]  seqs=['seq_000006', 'seq_000013', 'seq_000030', 'seq_000038', 'seq_000040']
  test[15]: frames=251  dim=900  n_kept=[33, 36, 51, 48, 83]  seqs=['seq_000008', 'seq_000032', 'seq_000034', 'seq_000037', 'seq_000044']
  test[16]: frames=287  dim=900  n_kept=[84, 21, 51, 48, 83]  seqs=['seq_000013', 'seq_000015', 'seq_000034', 'seq_000037', 'seq_000044']
  test[17]: frames=228  dim=900  n_kept=[89, 34, 33, 51, 21]  seqs=['seq_000006', 'seq_000007', 'seq_000008', 'seq_000014', 'seq_000016']
clustering Y dim=900  (downsampled 30x30)

Methods: ['SSC-TV-L21', 'SSC-TV-L21-col']
pooled train mats for tuning=24

============================================================
--- Tuning SSC-TV-L21 over 24 train mats  n_trials=75 (3 params) ---
  SSC-TV-L21 trial 0: mean ARI=0.7348  n=24  17.8s  lambda_e=6.5, lambda_z=0.68, gamma_p=6, gamma_q=2.5
  SSC-TV-L21 trial 1: mean ARI=0.7348  n=24  16.9s  lambda_e=1.252, lambda_z=0.68, gamma_p=5.19, gamma_q=2.236
  SSC-TV-L21 trial 2: mean ARI=0.7348  n=24  16.6s  lambda_e=1.23, lambda_z=0.68, gamma_p=2.652, gamma_q=2.489
  SSC-TV-L21 trial 3: mean ARI=0.7348  n=24  16.7s  lambda_e=0.7502, lambda_z=0.68, gamma_p=7.794, gamma_q=5.482
  SSC-TV-L21 trial 4: mean ARI=0.7360  n=24  16.6s  lambda_e=0.5846, lambda_z=0.68, gamma_p=6.19, gamma_q=1.861
  SSC-TV-L21 trial 5: mean ARI=0.7584  n=24  16.6s  lambda_e=1.368, lambda_z=0.68, gamma_p=8.426, gamma_q=0.5965
  SSC-TV-L21 trial 6: mean ARI=0.7422  n=24  16.6s  lambda_e=0.1494, lambda_z=0.68, gamma_p=1.048, gamma_q=3.958
  SSC-TV-L21 trial 7: mean ARI=0.7348  n=24  16.6s  lambda_e=3.6, lambda_z=0.68, gamma_p=7.413, gamma_q=5.69
  SSC-TV-L21 trial 8: mean ARI=0.7348  n=24  16.6s  lambda_e=3.966, lambda_z=0.68, gamma_p=2.894, gamma_q=3.478
  SSC-TV-L21 trial 9: mean ARI=0.7572  n=24  16.6s  lambda_e=0.1724, lambda_z=0.68, gamma_p=4.364, gamma_q=0.714
  SSC-TV-L21 trial 10: mean ARI=0.7002  n=24  16.6s  lambda_e=0.3183, lambda_z=0.68, gamma_p=1.133, gamma_q=0.5265
  SSC-TV-L21 trial 11: mean ARI=0.7584  n=24  16.6s  lambda_e=0.1097, lambda_z=0.68, gamma_p=3.791, gamma_q=0.5927
  SSC-TV-L21 trial 12: mean ARI=0.7488  n=24  16.6s  lambda_e=2.332, lambda_z=0.68, gamma_p=3.31, gamma_q=0.9583
  SSC-TV-L21 trial 13: mean ARI=0.7512  n=24  16.6s  lambda_e=9.724, lambda_z=0.68, gamma_p=1.671, gamma_q=1.036
  SSC-TV-L21 trial 14: mean ARI=0.7522  n=24  16.6s  lambda_e=0.297, lambda_z=0.68, gamma_p=9.513, gamma_q=0.5095
  SSC-TV-L21 trial 15: mean ARI=0.7488  n=24  16.6s  lambda_e=0.101, lambda_z=0.68, gamma_p=3.915, gamma_q=1.093
  SSC-TV-L21 trial 16: mean ARI=0.7554  n=24  16.6s  lambda_e=0.3685, lambda_z=0.68, gamma_p=2.149, gamma_q=0.7966
  SSC-TV-L21 trial 17: mean ARI=0.7469  n=24  16.6s  lambda_e=1.207, lambda_z=0.68, gamma_p=9.617, gamma_q=1.354
  SSC-TV-L21 trial 18: mean ARI=0.7635  n=24  16.6s  lambda_e=2.161, lambda_z=0.68, gamma_p=1.788, gamma_q=0.6623
  SSC-TV-L21 trial 19: mean ARI=0.7276  n=24  16.6s  lambda_e=2.088, lambda_z=0.68, gamma_p=1.499, gamma_q=0.7104
  SSC-TV-L21 trial 20: mean ARI=0.7461  n=24  16.6s  lambda_e=2.153, lambda_z=0.68, gamma_p=2.107, gamma_q=1.485
  SSC-TV-L21 trial 21: mean ARI=0.7582  n=24  16.6s  lambda_e=0.6886, lambda_z=0.68, gamma_p=4.585, gamma_q=0.6152
  SSC-TV-L21 trial 22: mean ARI=0.7492  n=24  16.6s  lambda_e=3.629, lambda_z=0.68, gamma_p=3.605, gamma_q=0.8851
  SSC-TV-L21 trial 23: mean ARI=0.7248  n=24  16.6s  lambda_e=5.789, lambda_z=0.68, gamma_p=1.372, gamma_q=0.62
  SSC-TV-L21 trial 24: mean ARI=0.7618  n=24  16.6s  lambda_e=1.545, lambda_z=0.68, gamma_p=2.237, gamma_q=0.6114
  SSC-TV-L21 trial 25: mean ARI=0.7561  n=24  16.6s  lambda_e=1.621, lambda_z=0.68, gamma_p=1.994, gamma_q=0.7859
  SSC-TV-L21 trial 26: mean ARI=0.7485  n=24  16.6s  lambda_e=0.8789, lambda_z=0.68, gamma_p=2.536, gamma_q=1.166
  SSC-TV-L21 trial 27: mean ARI=0.7190  n=24  16.6s  lambda_e=2.665, lambda_z=0.68, gamma_p=1.313, gamma_q=0.6491
  SSC-TV-L21 trial 28: mean ARI=0.7508  n=24  16.6s  lambda_e=1.65, lambda_z=0.68, gamma_p=1.739, gamma_q=0.8711
  SSC-TV-L21 trial 29: mean ARI=0.7578  n=24  16.7s  lambda_e=0.4753, lambda_z=0.68, gamma_p=5.795, gamma_q=0.5193
  SSC-TV-L21 trial 30: mean ARI=0.7586  n=24  16.6s  lambda_e=0.9841, lambda_z=0.68, gamma_p=1.783, gamma_q=0.7336
  SSC-TV-L21 trial 31: mean ARI=0.7586  n=24  16.6s  lambda_e=1.021, lambda_z=0.68, gamma_p=1.769, gamma_q=0.7467
  SSC-TV-L21 trial 32: mean ARI=0.7578  n=24  16.7s  lambda_e=0.8909, lambda_z=0.68, gamma_p=2.355, gamma_q=0.7574
  SSC-TV-L21 trial 33: mean ARI=0.7475  n=24  16.6s  lambda_e=1.041, lambda_z=0.68, gamma_p=1.813, gamma_q=1.301
  SSC-TV-L21 trial 34: mean ARI=0.7304  n=24  16.6s  lambda_e=1.66, lambda_z=0.68, gamma_p=1.554, gamma_q=0.9216
  SSC-TV-L21 trial 35: mean ARI=0.7565  n=24  16.6s  lambda_e=0.5391, lambda_z=0.68, gamma_p=2.899, gamma_q=0.6937
  SSC-TV-L21 trial 36: mean ARI=0.7429  n=24  16.6s  lambda_e=2.934, lambda_z=0.68, gamma_p=1.909, gamma_q=1.717
  SSC-TV-L21 trial 37: mean ARI=0.7195  n=24  16.6s  lambda_e=0.9717, lambda_z=0.68, gamma_p=1.246, gamma_q=0.8269
  SSC-TV-L21 trial 38: mean ARI=0.7613  n=24  16.6s  lambda_e=1.329, lambda_z=0.68, gamma_p=2.321, gamma_q=0.5619
  SSC-TV-L21 trial 39: mean ARI=0.7583  n=24  16.7s  lambda_e=5.458, lambda_z=0.68, gamma_p=2.329, gamma_q=0.5531
  SSC-TV-L21 trial 40: mean ARI=0.7614  n=24  16.7s  lambda_e=0.6789, lambda_z=0.68, gamma_p=2.712, gamma_q=0.6347
  SSC-TV-L21 trial 41: mean ARI=0.7567  n=24  16.6s  lambda_e=0.6808, lambda_z=0.68, gamma_p=2.757, gamma_q=0.6553
  SSC-TV-L21 trial 42: mean ARI=0.7578  n=24  16.6s  lambda_e=1.358, lambda_z=0.68, gamma_p=3.271, gamma_q=0.5792
  SSC-TV-L21 trial 43: mean ARI=0.7567  n=24  16.6s  lambda_e=0.4194, lambda_z=0.68, gamma_p=2.51, gamma_q=0.665
  SSC-TV-L21 trial 44: mean ARI=0.7495  n=24  16.6s  lambda_e=1.87, lambda_z=0.68, gamma_p=2.139, gamma_q=1.007
  SSC-TV-L21 trial 45: mean ARI=0.7580  n=24  16.6s  lambda_e=1.422, lambda_z=0.68, gamma_p=3.1, gamma_q=0.5651
  SSC-TV-L21 trial 46: mean ARI=0.7339  n=24  16.7s  lambda_e=3.016, lambda_z=0.68, gamma_p=1.565, gamma_q=2.912
  SSC-TV-L21 trial 47: mean ARI=0.7581  n=24  16.6s  lambda_e=0.7611, lambda_z=0.68, gamma_p=2.357, gamma_q=0.5171
  SSC-TV-L21 trial 48: mean ARI=0.7570  n=24  16.6s  lambda_e=0.585, lambda_z=0.68, gamma_p=1.961, gamma_q=0.7127
  SSC-TV-L21 trial 49: mean ARI=0.7160  n=24  16.7s  lambda_e=0.2387, lambda_z=0.68, gamma_p=1.142, gamma_q=0.822
  SSC-TV-L21 trial 50: mean ARI=0.7229  n=24  16.6s  lambda_e=4.652, lambda_z=0.68, gamma_p=1.462, gamma_q=0.5851
  SSC-TV-L21 trial 51: mean ARI=0.7357  n=24  16.7s  lambda_e=1.137, lambda_z=0.68, gamma_p=1.767, gamma_q=4.989
  SSC-TV-L21 trial 52: mean ARI=0.7429  n=24  16.6s  lambda_e=0.8485, lambda_z=0.68, gamma_p=1.645, gamma_q=0.7554
  SSC-TV-L21 trial 53: mean ARI=0.7622  n=24  16.6s  lambda_e=1.208, lambda_z=0.68, gamma_p=2.177, gamma_q=0.6434
  SSC-TV-L21 trial 54: mean ARI=0.7569  n=24  16.7s  lambda_e=1.328, lambda_z=0.68, gamma_p=2.684, gamma_q=0.6457
  SSC-TV-L21 trial 55: mean ARI=0.7560  n=24  16.7s  lambda_e=2.358, lambda_z=0.68, gamma_p=2.201, gamma_q=0.5038
  SSC-TV-L21 trial 56: mean ARI=0.7580  n=24  16.7s  lambda_e=1.797, lambda_z=0.68, gamma_p=3.021, gamma_q=0.5705
  SSC-TV-L21 trial 57: mean ARI=0.7489  n=24  16.7s  lambda_e=1.179, lambda_z=0.68, gamma_p=2.526, gamma_q=0.9228
  SSC-TV-L21 trial 58: mean ARI=0.7630  n=24  16.7s  lambda_e=0.5816, lambda_z=0.68, gamma_p=1.952, gamma_q=0.6149
  SSC-TV-L21 trial 59: mean ARI=0.7628  n=24  16.7s  lambda_e=0.624, lambda_z=0.68, gamma_p=2.018, gamma_q=0.6173
  SSC-TV-L21 trial 60: mean ARI=0.7628  n=24  16.6s  lambda_e=0.3, lambda_z=0.68, gamma_p=2.048, gamma_q=0.6294
  SSC-TV-L21 trial 61: mean ARI=0.7628  n=24  16.7s  lambda_e=0.2571, lambda_z=0.68, gamma_p=2.023, gamma_q=0.6301
  SSC-TV-L21 trial 62: mean ARI=0.7562  n=24  16.7s  lambda_e=0.2351, lambda_z=0.68, gamma_p=2.009, gamma_q=0.6912
  SSC-TV-L21 trial 63: mean ARI=0.7502  n=24  16.6s  lambda_e=0.1552, lambda_z=0.68, gamma_p=1.905, gamma_q=0.8323
  SSC-TV-L21 trial 64: mean ARI=0.7625  n=24  16.7s  lambda_e=0.3159, lambda_z=0.68, gamma_p=2.113, gamma_q=0.635
  SSC-TV-L21 trial 65: mean ARI=0.7623  n=24  16.6s  lambda_e=0.3079, lambda_z=0.68, gamma_p=2.059, gamma_q=0.6144
  SSC-TV-L21 trial 66: mean ARI=0.7115  n=24  16.7s  lambda_e=0.2937, lambda_z=0.68, gamma_p=1.418, gamma_q=0.5356
  SSC-TV-L21 trial 67: mean ARI=0.7623  n=24  16.6s  lambda_e=0.2054, lambda_z=0.68, gamma_p=2.029, gamma_q=0.6158
  SSC-TV-L21 trial 68: mean ARI=0.7479  n=24  16.6s  lambda_e=0.3491, lambda_z=0.68, gamma_p=1.686, gamma_q=0.6897
  SSC-TV-L21 trial 69: mean ARI=0.7391  n=24  16.7s  lambda_e=0.1246, lambda_z=0.68, gamma_p=1.578, gamma_q=0.5001
  SSC-TV-L21 trial 70: mean ARI=0.7554  n=24  16.6s  lambda_e=0.2779, lambda_z=0.68, gamma_p=2.478, gamma_q=0.7791
  SSC-TV-L21 trial 71: mean ARI=0.7629  n=24  16.6s  lambda_e=0.1942, lambda_z=0.68, gamma_p=1.985, gamma_q=0.6114
  SSC-TV-L21 trial 72: mean ARI=0.7637  n=24  16.7s  lambda_e=0.1927, lambda_z=0.68, gamma_p=1.877, gamma_q=0.5966
  SSC-TV-L21 trial 73: mean ARI=0.7633  n=24  16.7s  lambda_e=0.1711, lambda_z=0.68, gamma_p=1.882, gamma_q=0.546
  SSC-TV-L21 trial 74: mean ARI=0.7633  n=24  16.7s  lambda_e=0.1889, lambda_z=0.68, gamma_p=1.883, gamma_q=0.5447
  best mean ARI=0.7637  tune 1249.1s  lambda_e=0.1927, gamma_p=1.877, gamma_q=0.5966, lambda_z=0.68
  wrote /nfs/turbo/umms-minjilab/lpullela/icassp_ssc_tv2/ballet_dataset/ballet_cluster_knownk_scaled_params_ssc.json

============================================================
--- Tuning SSC-TV-L21-col over 24 train mats  n_trials=75 (3 params) ---
  SSC-TV-L21-col trial 0: mean ARI=0.7264  n=24  13.7s  lambda_e=1, lambda_z=0.1, gamma_q=0.1
  SSC-TV-L21-col trial 1: mean ARI=0.6039  n=24  14.2s  lambda_e=0.443, lambda_z=0.7257, gamma_q=0.2577
  SSC-TV-L21-col trial 2: mean ARI=0.6863  n=24  13.6s  lambda_e=0.4312, lambda_z=0.0495, gamma_q=0.3833
  SSC-TV-L21-col trial 3: mean ARI=0.6488  n=24  13.7s  lambda_e=0.2055, lambda_z=3.691, gamma_q=7.156
  SSC-TV-L21-col trial 4: mean ARI=0.5506  n=24  13.7s  lambda_e=0.1414, lambda_z=1.469, gamma_q=0.1305
  SSC-TV-L21-col trial 5: mean ARI=0.5343  n=24  13.6s  lambda_e=0.506, lambda_z=5.039, gamma_q=0.001924
  SSC-TV-L21-col trial 6: mean ARI=0.2006  n=24  13.7s  lambda_e=0.01826, lambda_z=0.001205, gamma_q=2.14
  SSC-TV-L21-col trial 7: mean ARI=0.6536  n=24  13.6s  lambda_e=2.16, lambda_z=3.02, gamma_q=8.212
  SSC-TV-L21-col trial 8: mean ARI=0.7206  n=24  13.7s  lambda_e=2.497, lambda_z=0.07013, gamma_q=1.325
  SSC-TV-L21-col trial 9: mean ARI=0.5284  n=24  13.6s  lambda_e=0.02264, lambda_z=0.3628, gamma_q=0.003745
  SSC-TV-L21-col trial 10: mean ARI=0.6727  n=24  13.7s  lambda_e=6.809, lambda_z=0.001622, gamma_q=0.01712
  SSC-TV-L21-col trial 11: mean ARI=0.6949  n=24  13.8s  lambda_e=2.399, lambda_z=0.06589, gamma_q=0.03924
  SSC-TV-L21-col trial 12: mean ARI=0.6801  n=24  13.7s  lambda_e=2.053, lambda_z=0.03762, gamma_q=1.262
  SSC-TV-L21-col trial 13: mean ARI=0.6882  n=24  13.7s  lambda_e=9.589, lambda_z=0.007104, gamma_q=0.05819
  SSC-TV-L21-col trial 14: mean ARI=0.7645  n=24  13.6s  lambda_e=1.261, lambda_z=0.2049, gamma_q=0.8934
  SSC-TV-L21-col trial 15: mean ARI=0.7239  n=24  13.7s  lambda_e=0.84, lambda_z=0.2348, gamma_q=0.5117
  SSC-TV-L21-col trial 16: mean ARI=0.7573  n=24  13.7s  lambda_e=0.105, lambda_z=0.01079, gamma_q=0.01084
  SSC-TV-L21-col trial 17: mean ARI=0.7727  n=24  13.7s  lambda_e=0.05016, lambda_z=0.006703, gamma_q=0.008273
  SSC-TV-L21-col trial 18: mean ARI=0.7362  n=24  13.7s  lambda_e=0.04715, lambda_z=0.01115, gamma_q=0.001215
  SSC-TV-L21-col trial 19: mean ARI=0.8081  n=24  13.6s  lambda_e=0.01113, lambda_z=0.004061, gamma_q=0.006643
  SSC-TV-L21-col trial 20: mean ARI=0.8004  n=24  13.7s  lambda_e=0.01129, lambda_z=0.00279, gamma_q=0.006256
  SSC-TV-L21-col trial 21: mean ARI=0.8000  n=24  13.7s  lambda_e=0.01251, lambda_z=0.003377, gamma_q=0.006543
  SSC-TV-L21-col trial 22: mean ARI=0.8005  n=24  13.9s  lambda_e=0.0118, lambda_z=0.002759, gamma_q=0.004038
  SSC-TV-L21-col trial 23: mean ARI=0.8088  n=24  13.8s  lambda_e=0.0105, lambda_z=0.003291, gamma_q=0.003344
  SSC-TV-L21-col trial 24: mean ARI=0.6650  n=24  13.7s  lambda_e=0.03461, lambda_z=0.02457, gamma_q=0.002516
  SSC-TV-L21-col trial 25: mean ARI=0.7245  n=24  13.7s  lambda_e=0.0231, lambda_z=0.003268, gamma_q=0.02293
  SSC-TV-L21-col trial 26: mean ARI=0.7162  n=24  13.9s  lambda_e=0.01002, lambda_z=0.01749, gamma_q=0.001024
  SSC-TV-L21-col trial 27: mean ARI=0.8041  n=24  14.2s  lambda_e=0.06852, lambda_z=0.002067, gamma_q=0.003873
  SSC-TV-L21-col trial 28: mean ARI=0.7909  n=24  14.1s  lambda_e=0.05125, lambda_z=0.00602, gamma_q=0.01991
  SSC-TV-L21-col trial 29: mean ARI=0.7829  n=24  13.9s  lambda_e=0.0988, lambda_z=0.001194, gamma_q=0.00221
  SSC-TV-L21-col trial 30: mean ARI=0.7512  n=24  14.2s  lambda_e=0.03292, lambda_z=0.002284, gamma_q=0.01125
  SSC-TV-L21-col trial 31: mean ARI=0.7701  n=24  14.5s  lambda_e=0.01868, lambda_z=0.005358, gamma_q=0.00411
  SSC-TV-L21-col trial 32: mean ARI=0.7811  n=24  14.6s  lambda_e=0.01516, lambda_z=0.001022, gamma_q=0.003499
  SSC-TV-L21-col trial 33: mean ARI=0.8087  n=24  14.6s  lambda_e=0.07626, lambda_z=0.003852, gamma_q=0.004934
  SSC-TV-L21-col trial 34: mean ARI=0.7252  n=24  14.5s  lambda_e=0.2446, lambda_z=0.0147, gamma_q=0.001683
  SSC-TV-L21-col trial 35: mean ARI=0.8081  n=24  14.5s  lambda_e=0.07449, lambda_z=0.003888, gamma_q=0.005687
  SSC-TV-L21-col trial 36: mean ARI=0.7376  n=24  14.5s  lambda_e=0.207, lambda_z=0.004463, gamma_q=0.03094
  SSC-TV-L21-col trial 37: mean ARI=0.5903  n=24  14.5s  lambda_e=0.03136, lambda_z=0.01087, gamma_q=0.1593
  SSC-TV-L21-col trial 38: mean ARI=0.7284  n=24  14.5s  lambda_e=0.07889, lambda_z=0.02325, gamma_q=0.01203
  SSC-TV-L21-col trial 39: mean ARI=0.2688  n=24  14.6s  lambda_e=0.4467, lambda_z=0.001767, gamma_q=0.07574
  SSC-TV-L21-col trial 40: mean ARI=0.8081  n=24  14.5s  lambda_e=0.1442, lambda_z=0.004042, gamma_q=0.00663
  SSC-TV-L21-col trial 41: mean ARI=0.8084  n=24  14.6s  lambda_e=0.1446, lambda_z=0.00431, gamma_q=0.006267
  SSC-TV-L21-col trial 42: mean ARI=0.7624  n=24  14.7s  lambda_e=0.3007, lambda_z=0.008658, gamma_q=0.002603
  SSC-TV-L21-col trial 43: mean ARI=0.7891  n=24  14.6s  lambda_e=0.1642, lambda_z=0.005059, gamma_q=0.01536
  SSC-TV-L21-col trial 44: mean ARI=0.7849  n=24  14.5s  lambda_e=0.3197, lambda_z=0.001532, gamma_q=0.005437
  SSC-TV-L21-col trial 45: mean ARI=0.6540  n=24  14.6s  lambda_e=0.1185, lambda_z=0.03125, gamma_q=0.001654
  SSC-TV-L21-col trial 46: mean ARI=0.7431  n=24  14.6s  lambda_e=0.02387, lambda_z=0.01485, gamma_q=0.008918
  SSC-TV-L21-col trial 47: mean ARI=0.7793  n=24  14.6s  lambda_e=0.06866, lambda_z=0.008052, gamma_q=0.03649
  SSC-TV-L21-col trial 48: mean ARI=0.5362  n=24  14.7s  lambda_e=0.6042, lambda_z=1.14, gamma_q=0.002821
  SSC-TV-L21-col trial 49: mean ARI=0.8087  n=24  14.6s  lambda_e=0.01748, lambda_z=0.003993, gamma_q=0.005008
  SSC-TV-L21-col trial 50: mean ARI=0.7942  n=24  14.6s  lambda_e=0.01636, lambda_z=0.001615, gamma_q=0.001436
  SSC-TV-L21-col trial 51: mean ARI=0.3555  n=24  14.6s  lambda_e=0.04086, lambda_z=0.003932, gamma_q=5.046
  SSC-TV-L21-col trial 52: mean ARI=0.8003  n=24  14.6s  lambda_e=0.02516, lambda_z=0.003146, gamma_q=0.005557
  SSC-TV-L21-col trial 53: mean ARI=0.7399  n=24  14.7s  lambda_e=0.0184, lambda_z=0.002224, gamma_q=0.01391
  SSC-TV-L21-col trial 54: mean ARI=0.7721  n=24  14.7s  lambda_e=0.01346, lambda_z=0.006498, gamma_q=0.008118
  SSC-TV-L21-col trial 55: mean ARI=0.7621  n=24  14.7s  lambda_e=0.08877, lambda_z=0.00945, gamma_q=0.00463
  SSC-TV-L21-col trial 56: mean ARI=0.8005  n=24  14.8s  lambda_e=0.1767, lambda_z=0.004385, gamma_q=0.003165
  SSC-TV-L21-col trial 57: mean ARI=0.6737  n=24  14.7s  lambda_e=0.05069, lambda_z=0.002612, gamma_q=0.02398
  SSC-TV-L21-col trial 58: mean ARI=0.7589  n=24  14.7s  lambda_e=0.06293, lambda_z=0.001508, gamma_q=0.007746
  SSC-TV-L21-col trial 59: mean ARI=0.5310  n=24  14.8s  lambda_e=0.1233, lambda_z=5.934, gamma_q=0.002301
  SSC-TV-L21-col trial 60: mean ARI=0.7721  n=24  14.7s  lambda_e=0.01045, lambda_z=0.006564, gamma_q=0.009528
  SSC-TV-L21-col trial 61: mean ARI=0.8081  n=24  14.6s  lambda_e=0.1314, lambda_z=0.003931, gamma_q=0.006219
  SSC-TV-L21-col trial 62: mean ARI=0.8058  n=24  14.7s  lambda_e=0.1537, lambda_z=0.003295, gamma_q=0.005093
  SSC-TV-L21-col trial 63: mean ARI=0.7883  n=24  14.7s  lambda_e=0.02877, lambda_z=0.005837, gamma_q=0.01666
  SSC-TV-L21-col trial 64: mean ARI=0.7812  n=24  14.6s  lambda_e=0.04025, lambda_z=0.002378, gamma_q=0.007432
  SSC-TV-L21-col trial 65: mean ARI=0.7432  n=24  14.7s  lambda_e=3.737, lambda_z=0.01219, gamma_q=0.003206
  SSC-TV-L21-col trial 66: mean ARI=0.7013  n=24  14.5s  lambda_e=0.2547, lambda_z=0.01954, gamma_q=0.002048
  SSC-TV-L21-col trial 67: mean ARI=0.8078  n=24  14.6s  lambda_e=0.01899, lambda_z=0.004214, gamma_q=0.004425
