host=gl3077.arc-ts.umich.edu  python=/home/lpullela/miniconda3/envs/ssc_559/bin/python  start=Thu Sep  3 13:59:19 EDT 2026  k=8  mode=clean
=== Ballet Clustering Experiment ===
k=8  n_test=15  n_train_combos=24  n_test_combos=18  n_trials=50  down_hw=30  full_data=False  n_frames ~ Unif[10, 100]  seed=0
hetero_noise=False  sigmas=None  append=False  no_tune=False  known_k=True  csv=ballet_cluster_knownk_scaled_results_bsearchk8.csv

Loading 44 sequences once (reused across combinations)
  seq_000001: frames=53  dim=900
  seq_000002: frames=78  dim=900
  seq_000003: frames=13  dim=900
  seq_000004: frames=84  dim=900
  seq_000005: frames=32  dim=900
  seq_000006: frames=89  dim=900
  seq_000007: frames=34  dim=900
  seq_000008: frames=33  dim=900
  seq_000009: frames=68  dim=900
  seq_000010: frames=17  dim=900
  seq_000011: frames=88  dim=900
  seq_000012: frames=86  dim=900
  seq_000013: frames=84  dim=900
  seq_000014: frames=51  dim=900
  seq_000015: frames=21  dim=900
  seq_000016: frames=21  dim=900
  seq_000017: frames=98  dim=900
  seq_000018: frames=44  dim=900
  seq_000019: frames=92  dim=900
  seq_000020: frames=55  dim=900
  seq_000021: frames=11  dim=900
  seq_000022: frames=15  dim=900
  seq_000023: frames=55  dim=900
  seq_000024: frames=20  dim=900
  seq_000025: frames=78  dim=900
  seq_000026: frames=18  dim=900
  seq_000027: frames=36  dim=900
  seq_000028: frames=94  dim=900
  seq_000029: frames=76  dim=900
  seq_000030: frames=39  dim=900
  seq_000031: frames=48  dim=900
  seq_000032: frames=36  dim=900
  seq_000033: frames=48  dim=900
  seq_000034: frames=51  dim=900
  seq_000035: frames=43  dim=900
  seq_000036: frames=80  dim=900
  seq_000037: frames=48  dim=900
  seq_000038: frames=75  dim=900
  seq_000039: frames=89  dim=900
  seq_000040: frames=43  dim=900
  seq_000041: frames=51  dim=900
  seq_000042: frames=80  dim=900
  seq_000043: frames=29  dim=900
  seq_000044: frames=83  dim=900
sequences=44  train_pool=29  test_pool=15  train_combos=24  test_combos=18
train pool: ['seq_000003', 'seq_000035', 'seq_000005', 'seq_000019', 'seq_000024', 'seq_000033', 'seq_000012', 'seq_000002', 'seq_000023', 'seq_000020', 'seq_000022', 'seq_000028', 'seq_000042', 'seq_000011', 'seq_000004', 'seq_000039', 'seq_000017', 'seq_000031', 'seq_000021', 'seq_000029', 'seq_000009', 'seq_000036', 'seq_000043', 'seq_000018', 'seq_000001', 'seq_000025', 'seq_000026', 'seq_000041', 'seq_000027']
test  pool: ['seq_000040', 'seq_000010', 'seq_000007', 'seq_000037', 'seq_000038', 'seq_000014', 'seq_000013', 'seq_000008', 'seq_000044', 'seq_000006', 'seq_000015', 'seq_000030', 'seq_000034', 'seq_000016', 'seq_000032']
train 0 k=8  sequences=['seq_000003', 'seq_000004', 'seq_000005', 'seq_000012', 'seq_000021', 'seq_000023', 'seq_000035', 'seq_000042']
train 1 k=8  sequences=['seq_000001', 'seq_000002', 'seq_000004', 'seq_000011', 'seq_000017', 'seq_000025', 'seq_000029', 'seq_000043']
train 2 k=8  sequences=['seq_000003', 'seq_000004', 'seq_000005', 'seq_000021', 'seq_000023', 'seq_000024', 'seq_000036', 'seq_000041']
train 3 k=8  sequences=['seq_000004', 'seq_000009', 'seq_000011', 'seq_000012', 'seq_000017', 'seq_000022', 'seq_000039', 'seq_000042']
train 4 k=8  sequences=['seq_000009', 'seq_000017', 'seq_000019', 'seq_000020', 'seq_000021', 'seq_000039', 'seq_000041', 'seq_000043']
train 5 k=8  sequences=['seq_000002', 'seq_000011', 'seq_000017', 'seq_000020', 'seq_000021', 'seq_000029', 'seq_000035', 'seq_000043']
train 6 k=8  sequences=['seq_000002', 'seq_000005', 'seq_000009', 'seq_000012', 'seq_000017', 'seq_000021', 'seq_000033', 'seq_000035']
train 7 k=8  sequences=['seq_000001', 'seq_000017', 'seq_000018', 'seq_000023', 'seq_000024', 'seq_000029', 'seq_000035', 'seq_000039']
train 8 k=8  sequences=['seq_000001', 'seq_000005', 'seq_000017', 'seq_000018', 'seq_000020', 'seq_000024', 'seq_000031', 'seq_000042']
train 9 k=8  sequences=['seq_000005', 'seq_000009', 'seq_000011', 'seq_000023', 'seq_000031', 'seq_000035', 'seq_000039', 'seq_000043']
train 10 k=8  sequences=['seq_000017', 'seq_000020', 'seq_000025', 'seq_000026', 'seq_000035', 'seq_000039', 'seq_000041', 'seq_000043']
train 11 k=8  sequences=['seq_000002', 'seq_000009', 'seq_000021', 'seq_000022', 'seq_000028', 'seq_000033', 'seq_000035', 'seq_000036']
train 12 k=8  sequences=['seq_000001', 'seq_000003', 'seq_000017', 'seq_000019', 'seq_000025', 'seq_000027', 'seq_000036', 'seq_000043']
train 13 k=8  sequences=['seq_000011', 'seq_000012', 'seq_000018', 'seq_000020', 'seq_000023', 'seq_000025', 'seq_000027', 'seq_000036']
train 14 k=8  sequences=['seq_000019', 'seq_000020', 'seq_000025', 'seq_000028', 'seq_000029', 'seq_000035', 'seq_000039', 'seq_000042']
train 15 k=8  sequences=['seq_000002', 'seq_000003', 'seq_000004', 'seq_000005', 'seq_000024', 'seq_000026', 'seq_000029', 'seq_000039']
train 16 k=8  sequences=['seq_000002', 'seq_000004', 'seq_000017', 'seq_000019', 'seq_000022', 'seq_000026', 'seq_000033', 'seq_000043']
train 17 k=8  sequences=['seq_000001', 'seq_000002', 'seq_000005', 'seq_000017', 'seq_000018', 'seq_000024', 'seq_000029', 'seq_000036']
train 18 k=8  sequences=['seq_000009', 'seq_000017', 'seq_000020', 'seq_000028', 'seq_000029', 'seq_000036', 'seq_000041', 'seq_000043']
train 19 k=8  sequences=['seq_000009', 'seq_000019', 'seq_000021', 'seq_000022', 'seq_000025', 'seq_000035', 'seq_000036', 'seq_000041']
train 20 k=8  sequences=['seq_000002', 'seq_000003', 'seq_000005', 'seq_000018', 'seq_000020', 'seq_000021', 'seq_000025', 'seq_000026']
train 21 k=8  sequences=['seq_000003', 'seq_000005', 'seq_000009', 'seq_000022', 'seq_000027', 'seq_000035', 'seq_000041', 'seq_000042']
train 22 k=8  sequences=['seq_000002', 'seq_000003', 'seq_000011', 'seq_000012', 'seq_000018', 'seq_000025', 'seq_000026', 'seq_000031']
train 23 k=8  sequences=['seq_000001', 'seq_000002', 'seq_000012', 'seq_000024', 'seq_000027', 'seq_000035', 'seq_000041', 'seq_000043']
test  0 k=8  sequences=['seq_000006', 'seq_000007', 'seq_000008', 'seq_000010', 'seq_000013', 'seq_000014', 'seq_000015', 'seq_000016']
test  1 k=8  sequences=['seq_000006', 'seq_000007', 'seq_000008', 'seq_000013', 'seq_000014', 'seq_000015', 'seq_000030', 'seq_000034']
test  2 k=8  sequences=['seq_000013', 'seq_000014', 'seq_000015', 'seq_000016', 'seq_000032', 'seq_000034', 'seq_000038', 'seq_000040']
test  3 k=8  sequences=['seq_000008', 'seq_000010', 'seq_000013', 'seq_000014', 'seq_000016', 'seq_000030', 'seq_000032', 'seq_000044']
test  4 k=8  sequences=['seq_000006', 'seq_000007', 'seq_000010', 'seq_000013', 'seq_000015', 'seq_000030', 'seq_000038', 'seq_000040']
test  5 k=8  sequences=['seq_000006', 'seq_000010', 'seq_000014', 'seq_000016', 'seq_000030', 'seq_000034', 'seq_000037', 'seq_000038']
test  6 k=8  sequences=['seq_000006', 'seq_000007', 'seq_000014', 'seq_000015', 'seq_000032', 'seq_000037', 'seq_000040', 'seq_000044']
test  7 k=8  sequences=['seq_000007', 'seq_000008', 'seq_000010', 'seq_000013', 'seq_000037', 'seq_000038', 'seq_000040', 'seq_000044']
test  8 k=8  sequences=['seq_000006', 'seq_000007', 'seq_000008', 'seq_000010', 'seq_000015', 'seq_000034', 'seq_000038', 'seq_000040']
test  9 k=8  sequences=['seq_000008', 'seq_000010', 'seq_000013', 'seq_000014', 'seq_000015', 'seq_000032', 'seq_000040', 'seq_000044']
test  10 k=8  sequences=['seq_000006', 'seq_000010', 'seq_000015', 'seq_000016', 'seq_000030', 'seq_000032', 'seq_000037', 'seq_000040']
test  11 k=8  sequences=['seq_000006', 'seq_000007', 'seq_000013', 'seq_000014', 'seq_000030', 'seq_000032', 'seq_000038', 'seq_000044']
test  12 k=8  sequences=['seq_000006', 'seq_000007', 'seq_000010', 'seq_000013', 'seq_000014', 'seq_000015', 'seq_000030', 'seq_000037']
test  13 k=8  sequences=['seq_000006', 'seq_000007', 'seq_000008', 'seq_000014', 'seq_000016', 'seq_000030', 'seq_000032', 'seq_000037']
test  14 k=8  sequences=['seq_000006', 'seq_000010', 'seq_000013', 'seq_000030', 'seq_000032', 'seq_000034', 'seq_000037', 'seq_000044']
test  15 k=8  sequences=['seq_000008', 'seq_000014', 'seq_000032', 'seq_000034', 'seq_000037', 'seq_000038', 'seq_000040', 'seq_000044']
test  16 k=8  sequences=['seq_000010', 'seq_000013', 'seq_000014', 'seq_000015', 'seq_000032', 'seq_000038', 'seq_000040', 'seq_000044']
test  17 k=8  sequences=['seq_000006', 'seq_000007', 'seq_000013', 'seq_000015', 'seq_000030', 'seq_000032', 'seq_000037', 'seq_000038']

Building train combinations
  train[0]: frames=404  dim=900  n_kept=[13, 84, 32, 86, 11, 55, 43, 80]  seqs=['seq_000003', 'seq_000004', 'seq_000005', 'seq_000012', 'seq_000021', 'seq_000023', 'seq_000035', 'seq_000042']
  train[1]: frames=584  dim=900  n_kept=[53, 78, 84, 88, 98, 78, 76, 29]  seqs=['seq_000001', 'seq_000002', 'seq_000004', 'seq_000011', 'seq_000017', 'seq_000025', 'seq_000029', 'seq_000043']
  train[2]: frames=346  dim=900  n_kept=[13, 84, 32, 11, 55, 20, 80, 51]  seqs=['seq_000003', 'seq_000004', 'seq_000005', 'seq_000021', 'seq_000023', 'seq_000024', 'seq_000036', 'seq_000041']
  train[3]: frames=608  dim=900  n_kept=[84, 68, 88, 86, 98, 15, 89, 80]  seqs=['seq_000004', 'seq_000009', 'seq_000011', 'seq_000012', 'seq_000017', 'seq_000022', 'seq_000039', 'seq_000042']
  train[4]: frames=493  dim=900  n_kept=[68, 98, 92, 55, 11, 89, 51, 29]  seqs=['seq_000009', 'seq_000017', 'seq_000019', 'seq_000020', 'seq_000021', 'seq_000039', 'seq_000041', 'seq_000043']
  train[5]: frames=478  dim=900  n_kept=[78, 88, 98, 55, 11, 76, 43, 29]  seqs=['seq_000002', 'seq_000011', 'seq_000017', 'seq_000020', 'seq_000021', 'seq_000029', 'seq_000035', 'seq_000043']
  train[6]: frames=464  dim=900  n_kept=[78, 32, 68, 86, 98, 11, 48, 43]  seqs=['seq_000002', 'seq_000005', 'seq_000009', 'seq_000012', 'seq_000017', 'seq_000021', 'seq_000033', 'seq_000035']
  train[7]: frames=478  dim=900  n_kept=[53, 98, 44, 55, 20, 76, 43, 89]  seqs=['seq_000001', 'seq_000017', 'seq_000018', 'seq_000023', 'seq_000024', 'seq_000029', 'seq_000035', 'seq_000039']
  train[8]: frames=430  dim=900  n_kept=[53, 32, 98, 44, 55, 20, 48, 80]  seqs=['seq_000001', 'seq_000005', 'seq_000017', 'seq_000018', 'seq_000020', 'seq_000024', 'seq_000031', 'seq_000042']
  train[9]: frames=452  dim=900  n_kept=[32, 68, 88, 55, 48, 43, 89, 29]  seqs=['seq_000005', 'seq_000009', 'seq_000011', 'seq_000023', 'seq_000031', 'seq_000035', 'seq_000039', 'seq_000043']
  train[10]: frames=461  dim=900  n_kept=[98, 55, 78, 18, 43, 89, 51, 29]  seqs=['seq_000017', 'seq_000020', 'seq_000025', 'seq_000026', 'seq_000035', 'seq_000039', 'seq_000041', 'seq_000043']
  train[11]: frames=437  dim=900  n_kept=[78, 68, 11, 15, 94, 48, 43, 80]  seqs=['seq_000002', 'seq_000009', 'seq_000021', 'seq_000022', 'seq_000028', 'seq_000033', 'seq_000035', 'seq_000036']
  train[12]: frames=479  dim=900  n_kept=[53, 13, 98, 92, 78, 36, 80, 29]  seqs=['seq_000001', 'seq_000003', 'seq_000017', 'seq_000019', 'seq_000025', 'seq_000027', 'seq_000036', 'seq_000043']
  train[13]: frames=522  dim=900  n_kept=[88, 86, 44, 55, 55, 78, 36, 80]  seqs=['seq_000011', 'seq_000012', 'seq_000018', 'seq_000020', 'seq_000023', 'seq_000025', 'seq_000027', 'seq_000036']
  train[14]: frames=607  dim=900  n_kept=[92, 55, 78, 94, 76, 43, 89, 80]  seqs=['seq_000019', 'seq_000020', 'seq_000025', 'seq_000028', 'seq_000029', 'seq_000035', 'seq_000039', 'seq_000042']
  train[15]: frames=410  dim=900  n_kept=[78, 13, 84, 32, 20, 18, 76, 89]  seqs=['seq_000002', 'seq_000003', 'seq_000004', 'seq_000005', 'seq_000024', 'seq_000026', 'seq_000029', 'seq_000039']
  train[16]: frames=462  dim=900  n_kept=[78, 84, 98, 92, 15, 18, 48, 29]  seqs=['seq_000002', 'seq_000004', 'seq_000017', 'seq_000019', 'seq_000022', 'seq_000026', 'seq_000033', 'seq_000043']
  train[17]: frames=481  dim=900  n_kept=[53, 78, 32, 98, 44, 20, 76, 80]  seqs=['seq_000001', 'seq_000002', 'seq_000005', 'seq_000017', 'seq_000018', 'seq_000024', 'seq_000029', 'seq_000036']
  train[18]: frames=551  dim=900  n_kept=[68, 98, 55, 94, 76, 80, 51, 29]  seqs=['seq_000009', 'seq_000017', 'seq_000020', 'seq_000028', 'seq_000029', 'seq_000036', 'seq_000041', 'seq_000043']
  train[19]: frames=438  dim=900  n_kept=[68, 92, 11, 15, 78, 43, 80, 51]  seqs=['seq_000009', 'seq_000019', 'seq_000021', 'seq_000022', 'seq_000025', 'seq_000035', 'seq_000036', 'seq_000041']
  train[20]: frames=329  dim=900  n_kept=[78, 13, 32, 44, 55, 11, 78, 18]  seqs=['seq_000002', 'seq_000003', 'seq_000005', 'seq_000018', 'seq_000020', 'seq_000021', 'seq_000025', 'seq_000026']
  train[21]: frames=338  dim=900  n_kept=[13, 32, 68, 15, 36, 43, 51, 80]  seqs=['seq_000003', 'seq_000005', 'seq_000009', 'seq_000022', 'seq_000027', 'seq_000035', 'seq_000041', 'seq_000042']
  train[22]: frames=453  dim=900  n_kept=[78, 13, 88, 86, 44, 78, 18, 48]  seqs=['seq_000002', 'seq_000003', 'seq_000011', 'seq_000012', 'seq_000018', 'seq_000025', 'seq_000026', 'seq_000031']
  train[23]: frames=396  dim=900  n_kept=[53, 78, 86, 20, 36, 43, 51, 29]  seqs=['seq_000001', 'seq_000002', 'seq_000012', 'seq_000024', 'seq_000027', 'seq_000035', 'seq_000041', 'seq_000043']
Building test combinations
  test[0]: frames=350  dim=900  n_kept=[89, 34, 33, 17, 84, 51, 21, 21]  seqs=['seq_000006', 'seq_000007', 'seq_000008', 'seq_000010', 'seq_000013', 'seq_000014', 'seq_000015', 'seq_000016']
  test[1]: frames=402  dim=900  n_kept=[89, 34, 33, 84, 51, 21, 39, 51]  seqs=['seq_000006', 'seq_000007', 'seq_000008', 'seq_000013', 'seq_000014', 'seq_000015', 'seq_000030', 'seq_000034']
  test[2]: frames=382  dim=900  n_kept=[84, 51, 21, 21, 36, 51, 75, 43]  seqs=['seq_000013', 'seq_000014', 'seq_000015', 'seq_000016', 'seq_000032', 'seq_000034', 'seq_000038', 'seq_000040']
  test[3]: frames=364  dim=900  n_kept=[33, 17, 84, 51, 21, 39, 36, 83]  seqs=['seq_000008', 'seq_000010', 'seq_000013', 'seq_000014', 'seq_000016', 'seq_000030', 'seq_000032', 'seq_000044']
  test[4]: frames=402  dim=900  n_kept=[89, 34, 17, 84, 21, 39, 75, 43]  seqs=['seq_000006', 'seq_000007', 'seq_000010', 'seq_000013', 'seq_000015', 'seq_000030', 'seq_000038', 'seq_000040']
  test[5]: frames=391  dim=900  n_kept=[89, 17, 51, 21, 39, 51, 48, 75]  seqs=['seq_000006', 'seq_000010', 'seq_000014', 'seq_000016', 'seq_000030', 'seq_000034', 'seq_000037', 'seq_000038']
  test[6]: frames=405  dim=900  n_kept=[89, 34, 51, 21, 36, 48, 43, 83]  seqs=['seq_000006', 'seq_000007', 'seq_000014', 'seq_000015', 'seq_000032', 'seq_000037', 'seq_000040', 'seq_000044']
  test[7]: frames=417  dim=900  n_kept=[34, 33, 17, 84, 48, 75, 43, 83]  seqs=['seq_000007', 'seq_000008', 'seq_000010', 'seq_000013', 'seq_000037', 'seq_000038', 'seq_000040', 'seq_000044']
  test[8]: frames=363  dim=900  n_kept=[89, 34, 33, 17, 21, 51, 75, 43]  seqs=['seq_000006', 'seq_000007', 'seq_000008', 'seq_000010', 'seq_000015', 'seq_000034', 'seq_000038', 'seq_000040']
  test[9]: frames=368  dim=900  n_kept=[33, 17, 84, 51, 21, 36, 43, 83]  seqs=['seq_000008', 'seq_000010', 'seq_000013', 'seq_000014', 'seq_000015', 'seq_000032', 'seq_000040', 'seq_000044']
  test[10]: frames=314  dim=900  n_kept=[89, 17, 21, 21, 39, 36, 48, 43]  seqs=['seq_000006', 'seq_000010', 'seq_000015', 'seq_000016', 'seq_000030', 'seq_000032', 'seq_000037', 'seq_000040']
  test[11]: frames=491  dim=900  n_kept=[89, 34, 84, 51, 39, 36, 75, 83]  seqs=['seq_000006', 'seq_000007', 'seq_000013', 'seq_000014', 'seq_000030', 'seq_000032', 'seq_000038', 'seq_000044']
  test[12]: frames=383  dim=900  n_kept=[89, 34, 17, 84, 51, 21, 39, 48]  seqs=['seq_000006', 'seq_000007', 'seq_000010', 'seq_000013', 'seq_000014', 'seq_000015', 'seq_000030', 'seq_000037']
  test[13]: frames=351  dim=900  n_kept=[89, 34, 33, 51, 21, 39, 36, 48]  seqs=['seq_000006', 'seq_000007', 'seq_000008', 'seq_000014', 'seq_000016', 'seq_000030', 'seq_000032', 'seq_000037']
  test[14]: frames=447  dim=900  n_kept=[89, 17, 84, 39, 36, 51, 48, 83]  seqs=['seq_000006', 'seq_000010', 'seq_000013', 'seq_000030', 'seq_000032', 'seq_000034', 'seq_000037', 'seq_000044']
  test[15]: frames=420  dim=900  n_kept=[33, 51, 36, 51, 48, 75, 43, 83]  seqs=['seq_000008', 'seq_000014', 'seq_000032', 'seq_000034', 'seq_000037', 'seq_000038', 'seq_000040', 'seq_000044']
  test[16]: frames=410  dim=900  n_kept=[17, 84, 51, 21, 36, 75, 43, 83]  seqs=['seq_000010', 'seq_000013', 'seq_000014', 'seq_000015', 'seq_000032', 'seq_000038', 'seq_000040', 'seq_000044']
  test[17]: frames=426  dim=900  n_kept=[89, 34, 84, 21, 39, 36, 48, 75]  seqs=['seq_000006', 'seq_000007', 'seq_000013', 'seq_000015', 'seq_000030', 'seq_000032', 'seq_000037', 'seq_000038']
clustering Y dim=900  (downsampled 30x30)

Methods: ['SSC-Block-TV', 'OSC', 'TKSS', 'BDOSC', 'Gram-NCut']
pooled train mats for tuning=24

BDOSC: fixed lambda_1=0.2, lambda_2=1, gamma_1=0.01, p=1.1, max_iter=50

Gram-NCut: fixed 

============================================================
--- Tuning SSC-Block-TV over 24 train mats  n_trials=100 (4 params) ---
  SSC-Block-TV trial 0: mean ARI=0.7421  n=24  39.7s  lambda_e=1, lambda_z=0.1, gamma_q=0.1, block_size=5
  SSC-Block-TV trial 1: mean ARI=0.6156  n=24  39.0s  lambda_e=0.443, lambda_z=0.7257, gamma_q=0.2577, block_size=7
  SSC-Block-TV trial 2: mean ARI=0.5451  n=24  38.3s  lambda_e=0.1866, lambda_z=0.3833, gamma_q=0.05628, block_size=11
  SSC-Block-TV trial 3: mean ARI=0.6776  n=24  39.4s  lambda_e=7.78, lambda_z=0.03418, gamma_q=1.469, block_size=7
  SSC-Block-TV trial 4: mean ARI=0.4542  n=24  48.4s  lambda_e=0.506, lambda_z=5.039, gamma_q=0.001924, block_size=2
  SSC-Block-TV trial 5: mean ARI=0.6416  n=24  38.1s  lambda_e=0.0115, lambda_z=2.14, gamma_q=1.296, block_size=11
  SSC-Block-TV trial 6: mean ARI=0.4784  n=24  40.8s  lambda_e=8.627, lambda_z=1.573, gamma_q=0.07013, block_size=10
  SSC-Block-TV trial 7: mean ARI=0.6430  n=24  40.7s  lambda_e=0.02264, lambda_z=0.3628, gamma_q=0.003745, block_size=12
  SSC-Block-TV trial 8: mean ARI=0.6957  n=24  38.6s  lambda_e=0.3677, lambda_z=0.04557, gamma_q=0.01143, block_size=10
  SSC-Block-TV trial 9: mean ARI=0.5436  n=24  38.7s  lambda_e=0.2336, lambda_z=0.1878, gamma_q=0.001189, block_size=8
  SSC-Block-TV trial 10: mean ARI=0.6849  n=24  48.1s  lambda_e=1.991, lambda_z=0.001622, gamma_q=6.473, block_size=2
  SSC-Block-TV trial 11: mean ARI=0.7269  n=24  40.0s  lambda_e=1.391, lambda_z=0.04005, gamma_q=0.01389, block_size=5
  SSC-Block-TV trial 12: mean ARI=0.7483  n=24  41.7s  lambda_e=1.795, lambda_z=0.01028, gamma_q=0.0233, block_size=4
  SSC-Block-TV trial 13: mean ARI=0.6710  n=24  42.3s  lambda_e=2.099, lambda_z=0.003851, gamma_q=0.1174, block_size=4
  SSC-Block-TV trial 14: mean ARI=0.7488  n=24  42.0s  lambda_e=0.0783, lambda_z=0.008079, gamma_q=0.01903, block_size=4
  SSC-Block-TV trial 15: mean ARI=0.7424  n=24  44.7s  lambda_e=0.05124, lambda_z=0.007731, gamma_q=0.01364, block_size=4
  SSC-Block-TV trial 16: mean ARI=0.7501  n=24  40.9s  lambda_e=0.07095, lambda_z=0.01022, gamma_q=0.02548, block_size=4
  SSC-Block-TV trial 17: mean ARI=0.7497  n=24  44.6s  lambda_e=0.09426, lambda_z=0.001448, gamma_q=0.003898, block_size=3
  SSC-Block-TV trial 18: mean ARI=0.7478  n=24  48.4s  lambda_e=0.07303, lambda_z=0.001489, gamma_q=0.004978, block_size=2
  SSC-Block-TV trial 19: mean ARI=0.7522  n=24  40.3s  lambda_e=0.03309, lambda_z=0.001142, gamma_q=0.004118, block_size=6
  SSC-Block-TV trial 20: mean ARI=0.6516  n=24  40.4s  lambda_e=0.0323, lambda_z=0.003699, gamma_q=0.03473, block_size=6
  SSC-Block-TV trial 21: mean ARI=0.7405  n=24  43.7s  lambda_e=0.1264, lambda_z=0.00126, gamma_q=0.004244, block_size=3
  SSC-Block-TV trial 22: mean ARI=0.7418  n=24  39.3s  lambda_e=0.0178, lambda_z=0.003361, gamma_q=0.006017, block_size=6
  SSC-Block-TV trial 23: mean ARI=0.7427  n=24  41.1s  lambda_e=0.04892, lambda_z=0.01185, gamma_q=0.001937, block_size=3
  SSC-Block-TV trial 24: mean ARI=0.7289  n=24  38.5s  lambda_e=0.1162, lambda_z=0.02071, gamma_q=0.008117, block_size=8
  SSC-Block-TV trial 25: mean ARI=0.6323  n=24  40.9s  lambda_e=0.0278, lambda_z=0.002723, gamma_q=0.3155, block_size=5
  SSC-Block-TV trial 26: mean ARI=0.7357  n=24  43.8s  lambda_e=0.01201, lambda_z=0.005423, gamma_q=0.001065, block_size=3
  SSC-Block-TV trial 27: mean ARI=0.7408  n=24  39.9s  lambda_e=0.04656, lambda_z=0.00102, gamma_q=0.003018, block_size=6
  SSC-Block-TV trial 28: mean ARI=0.6873  n=24  43.7s  lambda_e=0.1055, lambda_z=0.002051, gamma_q=0.03374, block_size=3
  SSC-Block-TV trial 29: mean ARI=0.6571  n=24  40.8s  lambda_e=0.2436, lambda_z=0.01665, gamma_q=0.1597, block_size=5
  SSC-Block-TV trial 30: mean ARI=0.6250  n=24  37.6s  lambda_e=0.06913, lambda_z=0.09885, gamma_q=0.007762, block_size=7
  SSC-Block-TV trial 31: mean ARI=0.7453  n=24  41.2s  lambda_e=0.07702, lambda_z=0.006894, gamma_q=0.02251, block_size=4
  SSC-Block-TV trial 32: mean ARI=0.7288  n=24  41.3s  lambda_e=0.1592, lambda_z=0.005029, gamma_q=0.002172, block_size=4
  SSC-Block-TV trial 33: mean ARI=0.7524  n=24  39.6s  lambda_e=0.04116, lambda_z=0.02168, gamma_q=0.01931, block_size=6
  SSC-Block-TV trial 34: mean ARI=0.6812  n=24  39.0s  lambda_e=0.03834, lambda_z=0.08042, gamma_q=0.04409, block_size=7
  SSC-Block-TV trial 35: mean ARI=0.7328  n=24  38.5s  lambda_e=0.01802, lambda_z=0.01808, gamma_q=0.008379, block_size=8
  SSC-Block-TV trial 36: mean ARI=0.6384  n=24  40.1s  lambda_e=0.02215, lambda_z=0.002259, gamma_q=0.07361, block_size=5
  SSC-Block-TV trial 37: mean ARI=0.6856  n=24  40.5s  lambda_e=0.3828, lambda_z=0.02677, gamma_q=0.3519, block_size=6
  SSC-Block-TV trial 38: mean ARI=0.6507  n=24  38.6s  lambda_e=0.6452, lambda_z=0.06195, gamma_q=0.002812, block_size=9
  SSC-Block-TV trial 39: mean ARI=0.6278  n=24  39.4s  lambda_e=0.1743, lambda_z=0.1373, gamma_q=0.01427, block_size=5
  SSC-Block-TV trial 40: mean ARI=0.7134  n=24  39.2s  lambda_e=5.032, lambda_z=0.001012, gamma_q=0.004768, block_size=7
  SSC-Block-TV trial 41: mean ARI=0.7493  n=24  42.7s  lambda_e=0.09207, lambda_z=0.01131, gamma_q=0.01963, block_size=3
  SSC-Block-TV trial 42: mean ARI=0.7224  n=24  40.8s  lambda_e=0.05854, lambda_z=0.01303, gamma_q=0.05378, block_size=2
  SSC-Block-TV trial 43: mean ARI=0.7670  n=24  38.8s  lambda_e=0.0966, lambda_z=0.03136, gamma_q=0.02927, block_size=3
  SSC-Block-TV trial 44: mean ARI=0.7677  n=24  41.2s  lambda_e=0.03641, lambda_z=0.03348, gamma_q=0.03, block_size=2
  SSC-Block-TV trial 45: mean ARI=0.7195  n=24  41.3s  lambda_e=0.03564, lambda_z=0.3694, gamma_q=0.1935, block_size=2
  SSC-Block-TV trial 46: mean ARI=0.7415  n=24  40.7s  lambda_e=0.01536, lambda_z=0.03082, gamma_q=0.03367, block_size=2
  SSC-Block-TV trial 47: mean ARI=0.7051  n=24  32.5s  lambda_e=0.04189, lambda_z=0.223, gamma_q=0.08735, block_size=6
  SSC-Block-TV trial 48: mean ARI=0.7092  n=24  34.3s  lambda_e=0.2465, lambda_z=9.667, gamma_q=0.495, block_size=4
  SSC-Block-TV trial 49: mean ARI=0.7115  n=24  33.7s  lambda_e=0.02921, lambda_z=0.0454, gamma_q=0.1209, block_size=5
  SSC-Block-TV trial 50: mean ARI=0.6114  n=24  40.1s  lambda_e=0.02625, lambda_z=0.8758, gamma_q=0.01078, block_size=2
  SSC-Block-TV trial 51: mean ARI=0.7425  n=24  36.3s  lambda_e=0.1232, lambda_z=0.05266, gamma_q=0.02597, block_size=3
  SSC-Block-TV trial 52: mean ARI=0.7551  n=24  36.1s  lambda_e=0.06056, lambda_z=0.02501, gamma_q=0.05856, block_size=3
  SSC-Block-TV trial 53: mean ARI=0.7448  n=24  36.4s  lambda_e=0.06262, lambda_z=0.02732, gamma_q=0.05543, block_size=3
  SSC-Block-TV trial 54: mean ARI=0.6949  n=24  30.9s  lambda_e=0.02189, lambda_z=0.07177, gamma_q=0.01626, block_size=12
  SSC-Block-TV trial 55: mean ARI=0.7651  n=24  40.1s  lambda_e=0.05441, lambda_z=0.04122, gamma_q=0.04317, block_size=2
  SSC-Block-TV trial 56: mean ARI=0.7127  n=24  40.3s  lambda_e=0.05299, lambda_z=0.1423, gamma_q=4.608, block_size=2
  SSC-Block-TV trial 57: mean ARI=0.7652  n=24  40.0s  lambda_e=0.03959, lambda_z=0.03697, gamma_q=0.03773, block_size=2
  SSC-Block-TV trial 58: mean ARI=0.7649  n=24  40.1s  lambda_e=0.04094, lambda_z=0.03906, gamma_q=0.03966, block_size=2
  SSC-Block-TV trial 59: mean ARI=0.7614  n=24  40.6s  lambda_e=0.1489, lambda_z=0.03733, gamma_q=0.1033, block_size=2
  SSC-Block-TV trial 60: mean ARI=0.7565  n=24  39.0s  lambda_e=0.08919, lambda_z=0.03867, gamma_q=0.1038, block_size=2
  SSC-Block-TV trial 61: mean ARI=0.7588  n=24  38.8s  lambda_e=0.1432, lambda_z=0.03797, gamma_q=0.108, block_size=2
  SSC-Block-TV trial 62: mean ARI=0.7646  n=24  40.5s  lambda_e=0.149, lambda_z=0.04179, gamma_q=0.04372, block_size=2
  SSC-Block-TV trial 63: mean ARI=0.7501  n=24  38.8s  lambda_e=0.1969, lambda_z=0.09018, gamma_q=0.04079, block_size=2
  SSC-Block-TV trial 64: mean ARI=0.7496  n=24  38.9s  lambda_e=0.5481, lambda_z=0.06198, gamma_q=0.07556, block_size=2
  SSC-Block-TV trial 65: mean ARI=0.6714  n=24  41.8s  lambda_e=0.3081, lambda_z=0.1311, gamma_q=0.02936, block_size=3
  SSC-Block-TV trial 66: mean ARI=0.7368  n=24  39.9s  lambda_e=0.1052, lambda_z=0.2357, gamma_q=0.1631, block_size=2
  SSC-Block-TV trial 67: mean ARI=0.7528  n=24  35.2s  lambda_e=0.1992, lambda_z=0.01544, gamma_q=0.04408, block_size=3
  SSC-Block-TV trial 68: mean ARI=0.7389  n=24  39.4s  lambda_e=0.14, lambda_z=0.04882, gamma_q=0.6357, block_size=2
  SSC-Block-TV trial 69: mean ARI=0.7036  n=24  35.2s  lambda_e=0.01104, lambda_z=0.03336, gamma_q=0.0571, block_size=3
  SSC-Block-TV trial 70: mean ARI=0.6549  n=24  39.4s  lambda_e=0.0819, lambda_z=0.1099, gamma_q=0.01124, block_size=2
  SSC-Block-TV trial 71: mean ARI=0.7628  n=24  39.5s  lambda_e=0.04609, lambda_z=0.03674, gamma_q=0.1057, block_size=2
  SSC-Block-TV trial 72: mean ARI=0.7261  n=24  39.5s  lambda_e=0.04961, lambda_z=0.0571, gamma_q=0.2434, block_size=2
  SSC-Block-TV trial 73: mean ARI=0.7271  n=24  35.1s  lambda_e=0.03402, lambda_z=0.02082, gamma_q=0.1289, block_size=3
  SSC-Block-TV trial 74: mean ARI=0.7231  n=24  39.0s  lambda_e=0.0253, lambda_z=0.07467, gamma_q=0.0405, block_size=2
  SSC-Block-TV trial 75: mean ARI=0.7619  n=24  34.9s  lambda_e=0.0422, lambda_z=0.03609, gamma_q=0.08203, block_size=3
  SSC-Block-TV trial 76: mean ARI=0.7056  n=24  33.0s  lambda_e=0.04431, lambda_z=0.008404, gamma_q=0.07404, block_size=4
  SSC-Block-TV trial 77: mean ARI=0.7460  n=24  35.0s  lambda_e=0.01485, lambda_z=0.02545, gamma_q=0.02793, block_size=3
  SSC-Block-TV trial 78: mean ARI=0.7400  n=24  33.1s  lambda_e=0.0678, lambda_z=0.01624, gamma_q=0.02285, block_size=4
  SSC-Block-TV trial 79: mean ARI=0.7573  n=24  35.0s  lambda_e=0.03409, lambda_z=0.04971, gamma_q=0.04669, block_size=3
  SSC-Block-TV trial 80: mean ARI=0.7654  n=24  35.0s  lambda_e=0.05443, lambda_z=0.03278, gamma_q=0.03346, block_size=3
  SSC-Block-TV trial 81: mean ARI=0.7648  n=24  35.0s  lambda_e=0.05225, lambda_z=0.03288, gamma_q=0.0344, block_size=3
  SSC-Block-TV trial 82: mean ARI=0.7558  n=24  38.7s  lambda_e=0.05432, lambda_z=0.01982, gamma_q=0.03396, block_size=2
  SSC-Block-TV trial 83: mean ARI=0.7593  n=24  35.1s  lambda_e=0.1043, lambda_z=0.03037, gamma_q=0.01932, block_size=3
  SSC-Block-TV trial 84: mean ARI=0.7541  n=24  39.0s  lambda_e=0.03005, lambda_z=0.01486, gamma_q=0.03239, block_size=2
  SSC-Block-TV trial 85: mean ARI=0.7168  n=24  35.0s  lambda_e=0.07663, lambda_z=0.07069, gamma_q=0.01693, block_size=3
  SSC-Block-TV trial 86: mean ARI=0.7581  n=24  39.1s  lambda_e=0.02058, lambda_z=0.02446, gamma_q=0.02413, block_size=2
  SSC-Block-TV trial 87: mean ARI=0.7357  n=24  33.2s  lambda_e=0.03815, lambda_z=0.04417, gamma_q=0.0614, block_size=4
  SSC-Block-TV trial 88: mean ARI=0.7409  n=24  35.1s  lambda_e=0.05198, lambda_z=0.009231, gamma_q=0.0454, block_size=3
  SSC-Block-TV trial 89: mean ARI=0.7385  n=24  39.4s  lambda_e=0.06373, lambda_z=0.05908, gamma_q=0.01552, block_size=2
  SSC-Block-TV trial 90: mean ARI=0.6224  n=24  29.7s  lambda_e=0.08587, lambda_z=0.1009, gamma_q=0.01296, block_size=11
  SSC-Block-TV trial 91: mean ARI=0.7514  n=24  34.9s  lambda_e=0.0437, lambda_z=0.03306, gamma_q=0.07125, block_size=3
  SSC-Block-TV trial 92: mean ARI=0.7554  n=24  34.9s  lambda_e=0.0266, lambda_z=0.04214, gamma_q=0.08946, block_size=3
  SSC-Block-TV trial 93: mean ARI=0.7489  n=24  39.0s  lambda_e=0.04078, lambda_z=0.01279, gamma_q=0.03448, block_size=2
  SSC-Block-TV trial 94: mean ARI=0.7382  n=24  35.0s  lambda_e=0.05674, lambda_z=0.02219, gamma_q=0.1329, block_size=3
  SSC-Block-TV trial 95: mean ARI=0.7426  n=24  33.2s  lambda_e=0.07215, lambda_z=0.02898, gamma_q=0.08447, block_size=4
  SSC-Block-TV trial 96: mean ARI=0.7547  n=24  39.2s  lambda_e=0.04758, lambda_z=0.03611, gamma_q=0.05138, block_size=2
  SSC-Block-TV trial 97: mean ARI=0.7416  n=24  33.1s  lambda_e=0.03175, lambda_z=0.01909, gamma_q=0.04047, block_size=4
  SSC-Block-TV trial 98: mean ARI=0.7452  n=24  39.2s  lambda_e=0.09668, lambda_z=0.04808, gamma_q=0.06632, block_size=2
  SSC-Block-TV trial 99: mean ARI=0.7380  n=24  35.2s  lambda_e=0.03746, lambda_z=0.05805, gamma_q=0.02698, block_size=3
  best mean ARI=0.7677  tune 3878.3s  lambda_e=0.03641, lambda_z=0.03348, gamma_q=0.03, block_size=2
  wrote /nfs/turbo/umms-minjilab/lpullela/icassp_ssc_tv2/ballet_dataset/ballet_cluster_knownk_scaled_params_bsearchk8.json

============================================================
--- Tuning OSC over 24 train mats  n_trials=50 (2 params) ---
  OSC trial 0: mean ARI=0.7420  n=24  46.0s  lambda_1=0.1, lambda_2=0.1
  OSC trial 1: mean ARI=0.7439  n=24  46.0s  lambda_1=0.1568, lambda_2=0.7257
  OSC trial 2: mean ARI=0.7319  n=24  45.9s  lambda_1=0.2577, lambda_2=0.1512
  OSC trial 3: mean ARI=0.7275  n=24  46.0s  lambda_1=0.0495, lambda_2=0.3833
  OSC trial 4: mean ARI=0.7272  n=24  45.9s  lambda_1=0.05628, lambda_2=3.691
  OSC trial 5: mean ARI=0.0020  n=24  44.5s  lambda_1=7.156, lambda_2=0.03418
  OSC trial 6: mean ARI=0.0020  n=24  44.4s  lambda_1=1.469, lambda_2=0.1305
  OSC trial 7: mean ARI=0.7341  n=24  46.0s  lambda_1=0.1871, lambda_2=5.039
  OSC trial 8: mean ARI=0.7182  n=24  47.7s  lambda_1=0.001924, lambda_2=0.002231
  OSC trial 9: mean ARI=0.7183  n=24  46.0s  lambda_1=0.001205, lambda_2=2.14
  OSC trial 10: mean ARI=0.7159  n=24  47.8s  lambda_1=0.009907, lambda_2=0.001665
  OSC trial 11: mean ARI=0.7212  n=24  46.5s  lambda_1=0.5361, lambda_2=0.01879
  OSC trial 12: mean ARI=0.7141  n=24  46.0s  lambda_1=0.02754, lambda_2=0.5572
  OSC trial 13: mean ARI=0.0020  n=24  44.4s  lambda_1=1.436, lambda_2=0.01456
  OSC trial 14: mean ARI=0.7183  n=24  46.2s  lambda_1=0.009001, lambda_2=0.9382
  OSC trial 15: mean ARI=0.7446  n=24  46.2s  lambda_1=0.1095, lambda_2=0.07259
  OSC trial 16: mean ARI=0.7169  n=24  47.5s  lambda_1=0.01906, lambda_2=0.00614
  OSC trial 17: mean ARI=0.7182  n=24  46.1s  lambda_1=0.5844, lambda_2=9.263
  OSC trial 18: mean ARI=0.0020  n=24  44.4s  lambda_1=7.866, lambda_2=0.06543
  OSC trial 19: mean ARI=0.7182  n=24  46.0s  lambda_1=0.005404, lambda_2=0.2865
  OSC trial 20: mean ARI=0.7443  n=24  45.9s  lambda_1=0.129, lambda_2=0.7598
  OSC trial 21: mean ARI=0.7369  n=24  45.9s  lambda_1=0.1717, lambda_2=1.117
  OSC trial 22: mean ARI=0.7311  n=24  46.1s  lambda_1=0.08017, lambda_2=1.549
  OSC trial 23: mean ARI=0.7202  n=24  46.1s  lambda_1=0.4738, lambda_2=0.2604
  OSC trial 24: mean ARI=0.0020  n=24  44.3s  lambda_1=1.851, lambda_2=0.0446
  OSC trial 25: mean ARI=0.7141  n=24  45.9s  lambda_1=0.02702, lambda_2=0.6698
  OSC trial 26: mean ARI=0.7445  n=24  45.9s  lambda_1=0.1165, lambda_2=2.798
  OSC trial 27: mean ARI=0.7265  n=24  45.8s  lambda_1=0.3221, lambda_2=4.514
  OSC trial 28: mean ARI=0.7189  n=24  45.9s  lambda_1=0.04264, lambda_2=2.315
  OSC trial 29: mean ARI=0.7447  n=24  47.4s  lambda_1=0.09902, lambda_2=0.007631
  OSC trial 30: mean ARI=0.7460  n=24  47.4s  lambda_1=0.09472, lambda_2=0.005146
  OSC trial 31: mean ARI=0.7445  n=24  47.7s  lambda_1=0.1073, lambda_2=0.004203
  OSC trial 32: mean ARI=0.7412  n=24  47.5s  lambda_1=0.08128, lambda_2=0.006921
  OSC trial 33: mean ARI=0.7318  n=24  47.4s  lambda_1=0.2606, lambda_2=0.003422
  OSC trial 34: mean ARI=0.7412  n=24  47.1s  lambda_1=0.07164, lambda_2=0.007411
  OSC trial 35: mean ARI=0.6632  n=24  46.8s  lambda_1=0.8214, lambda_2=0.001124
  OSC trial 36: mean ARI=0.7126  n=24  46.7s  lambda_1=0.0333, lambda_2=0.01514
  OSC trial 37: mean ARI=0.7155  n=24  47.3s  lambda_1=0.01445, lambda_2=0.003191
  OSC trial 38: mean ARI=0.7267  n=24  46.5s  lambda_1=0.311, lambda_2=0.02186
  OSC trial 39: mean ARI=0.7272  n=24  47.4s  lambda_1=0.05, lambda_2=0.004346
  OSC trial 40: mean ARI=0.7356  n=24  47.2s  lambda_1=0.1693, lambda_2=0.009866
  OSC trial 41: mean ARI=0.7445  n=24  45.8s  lambda_1=0.1168, lambda_2=0.1042
  OSC trial 42: mean ARI=0.7412  n=24  53.9s  lambda_1=0.09186, lambda_2=0.07801
  OSC trial 43: mean ARI=0.7272  n=24  55.9s  lambda_1=0.05588, lambda_2=0.04975
  OSC trial 44: mean ARI=0.7370  n=24  55.5s  lambda_1=0.2022, lambda_2=0.111
  OSC trial 45: mean ARI=0.7444  n=24  56.3s  lambda_1=0.1158, lambda_2=0.0271
  OSC trial 46: mean ARI=0.7268  n=24  55.3s  lambda_1=0.4019, lambda_2=0.1746
  OSC trial 47: mean ARI=0.0020  n=24  54.0s  lambda_1=1.037, lambda_2=0.001868
  OSC trial 48: mean ARI=0.0020  n=24  57.5s  lambda_1=3.217, lambda_2=0.001033
  OSC trial 49: mean ARI=0.7189  n=24  58.7s  lambda_1=0.03917, lambda_2=0.01098
  best mean ARI=0.7460  tune 2390.9s  lambda_1=0.09472, lambda_2=0.005146
  wrote /nfs/turbo/umms-minjilab/lpullela/icassp_ssc_tv2/ballet_dataset/ballet_cluster_knownk_scaled_params_bsearchk8.json

============================================================
--- Tuning TKSS over 24 train mats  n_trials=75 (3 params) ---
  TKSS trial 0: mean ARI=0.5835  n=24  114.3s  d=5, lam=1, s=2
  TKSS trial 1: mean ARI=0.5808  n=24  69.9s  d=9, lam=1.398, s=4
  TKSS trial 2: mean ARI=0.5793  n=24  73.5s  d=9, lam=0.1866, s=4
  TKSS trial 3: mean ARI=0.5812  n=24  73.5s  d=7, lam=4.735, s=6
  TKSS trial 4: mean ARI=0.5799  n=24  128.5s  d=6, lam=2.372, s=4
  TKSS trial 5: mean ARI=0.5752  n=24  145.4s  d=9, lam=5.981, s=1
  TKSS trial 6: mean ARI=0.5385  n=24  149.4s  d=2, lam=0.0115, s=5
  TKSS trial 7: mean ARI=0.5772  n=24  258.2s  d=12, lam=4.074, s=6
  TKSS trial 8: mean ARI=0.5737  n=24  163.6s  d=12, lam=0.2423, s=5
  TKSS trial 9: mean ARI=0.5377  n=24  68.5s  d=2, lam=0.8313, s=1
  TKSS trial 10: mean ARI=0.5761  n=24  41.4s  d=15, lam=0.01465, s=2
  TKSS trial 11: mean ARI=0.5797  n=24  54.4s  d=5, lam=0.3913, s=3
  TKSS trial 12: mean ARI=0.5912  n=24  57.2s  d=5, lam=8.802, s=6
  TKSS trial 13: mean ARI=0.5732  n=24  47.8s  d=4, lam=0.04351, s=2
  TKSS trial 14: mean ARI=0.5867  n=24  59.0s  d=4, lam=8.609, s=3
  TKSS trial 15: mean ARI=0.5297  n=24  60.5s  d=1, lam=8.567, s=5
  TKSS trial 16: mean ARI=0.5724  n=24  62.5s  d=3, lam=9.417, s=3
  TKSS trial 17: mean ARI=0.5813  n=24  63.6s  d=7, lam=2.196, s=6
  TKSS trial 18: mean ARI=0.5841  n=24  58.4s  d=4, lam=3.073, s=3
  TKSS trial 19: mean ARI=0.5832  n=24  67.2s  d=7, lam=8.784, s=5
  TKSS trial 20: mean ARI=0.5334  n=24  60.4s  d=1, lam=2.217, s=4
  TKSS trial 21: mean ARI=0.5842  n=24  58.1s  d=4, lam=3.398, s=3
  TKSS trial 22: mean ARI=0.5745  n=24  61.3s  d=3, lam=4.874, s=3
  TKSS trial 23: mean ARI=0.5830  n=24  48.1s  d=5, lam=1.372, s=2
  TKSS trial 24: mean ARI=0.5722  n=24  60.9s  d=3, lam=5.468, s=3
  TKSS trial 25: mean ARI=0.5789  n=24  54.9s  d=6, lam=9.905, s=1
  TKSS trial 26: mean ARI=0.5887  n=24  55.8s  d=4, lam=2.789, s=4
  TKSS trial 27: mean ARI=0.5794  n=24  61.3s  d=6, lam=0.5413, s=4
  TKSS trial 28: mean ARI=0.5779  n=24  57.9s  d=8, lam=1.608, s=6
  TKSS trial 29: mean ARI=0.5831  n=24  48.6s  d=5, lam=1.073, s=2
  TKSS trial 30: mean ARI=0.5736  n=24  56.2s  d=2, lam=6.825, s=5
  TKSS trial 31: mean ARI=0.5842  n=24  58.4s  d=4, lam=3.747, s=3
  TKSS trial 32: mean ARI=0.5889  n=24  56.0s  d=4, lam=3.279, s=4
  TKSS trial 33: mean ARI=0.5823  n=24  60.9s  d=3, lam=2.66, s=4
  TKSS trial 34: mean ARI=0.5799  n=24  61.3s  d=6, lam=0.7314, s=4
  TKSS trial 35: mean ARI=0.5803  n=24  68.7s  d=8, lam=1.732, s=5
  TKSS trial 36: mean ARI=0.5875  n=24  58.6s  d=5, lam=5.969, s=4
  TKSS trial 37: mean ARI=0.5877  n=24  60.0s  d=5, lam=4.393, s=4
  TKSS trial 38: mean ARI=0.5784  n=24  76.7s  d=10, lam=1.158, s=4
  TKSS trial 39: mean ARI=0.5811  n=24  58.5s  d=6, lam=3.88, s=5
  TKSS trial 40: mean ARI=0.5780  n=24  96.7s  d=8, lam=1.908, s=6
  TKSS trial 41: mean ARI=0.5875  n=24  67.8s  d=5, lam=5.477, s=4
  TKSS trial 42: mean ARI=0.5875  n=24  67.9s  d=5, lam=4.627, s=4
  TKSS trial 43: mean ARI=0.5809  n=24  71.3s  d=7, lam=2.764, s=4
  TKSS trial 44: mean ARI=0.5738  n=24  56.8s  d=2, lam=6.456, s=5
  TKSS trial 45: mean ARI=0.5877  n=24  75.5s  d=5, lam=4.35, s=4
  TKSS trial 46: mean ARI=0.5890  n=24  87.3s  d=4, lam=0.07566, s=5
  TKSS trial 47: mean ARI=0.5912  n=24  59.3s  d=4, lam=0.06265, s=6
  TKSS trial 48: mean ARI=0.5828  n=24  69.9s  d=3, lam=0.07538, s=6
  TKSS trial 49: mean ARI=0.5923  n=24  132.4s  d=4, lam=0.03358, s=6
  TKSS trial 50: mean ARI=0.5349  n=24  126.1s  d=1, lam=0.03126, s=6
  TKSS trial 51: mean ARI=0.5920  n=24  56.4s  d=4, lam=0.1078, s=6
  TKSS trial 52: mean ARI=0.5776  n=24  160.6s  d=2, lam=0.09429, s=6
  TKSS trial 53: mean ARI=0.5897  n=24  51.9s  d=4, lam=0.02459, s=6
  TKSS trial 54: mean ARI=0.5685  n=24  60.7s  d=3, lam=0.02262, s=6
  TKSS trial 55: mean ARI=0.5930  n=24  53.0s  d=4, lam=0.06681, s=6
  TKSS trial 56: mean ARI=0.5766  n=24  145.9s  d=6, lam=0.04829, s=6
  TKSS trial 57: mean ARI=0.5781  n=24  246.5s  d=14, lam=0.1482, s=6
  TKSS trial 58: mean ARI=0.5638  n=24  193.8s  d=3, lam=0.01479, s=6
  TKSS trial 59: mean ARI=0.5897  n=24  48.6s  d=4, lam=0.04692, s=6
  TKSS trial 60: mean ARI=0.5711  n=24  61.1s  d=3, lam=0.02696, s=6
  TKSS trial 61: mean ARI=0.5896  n=24  48.7s  d=4, lam=0.0461, s=6
  TKSS trial 62: mean ARI=0.5906  n=24  48.3s  d=4, lam=0.05859, s=6
  TKSS trial 63: mean ARI=0.5841  n=24  57.3s  d=5, lam=0.1167, s=6
  TKSS trial 64: mean ARI=0.5820  n=24  98.7s  d=6, lam=0.2371, s=6
  TKSS trial 65: mean ARI=0.5909  n=24  51.1s  d=4, lam=0.06202, s=6
  TKSS trial 66: mean ARI=0.5781  n=24  63.4s  d=3, lam=0.06562, s=5
  TKSS trial 67: mean ARI=0.5314  n=24  66.8s  d=1, lam=0.03937, s=6
  TKSS trial 68: mean ARI=0.5731  n=24  56.9s  d=2, lam=0.05757, s=6
  TKSS trial 69: mean ARI=0.5758  n=24  59.2s  d=6, lam=0.1114, s=5
  TKSS trial 70: mean ARI=0.5793  n=24  49.8s  d=2, lam=0.3708, s=6
  TKSS trial 71: mean ARI=0.5871  n=24  48.5s  d=4, lam=0.02165, s=6
  TKSS trial 72: mean ARI=0.5925  n=24  49.7s  d=4, lam=0.03378, s=6
  TKSS trial 73: mean ARI=0.5916  n=24  49.6s  d=4, lam=0.03408, s=6
  TKSS trial 74: mean ARI=0.5811  n=24  55.4s  d=5, lam=0.03225, s=6
  best mean ARI=0.5930  tune 5792.7s  d=4, lam=0.06681, s=6
  wrote /nfs/turbo/umms-minjilab/lpullela/icassp_ssc_tv2/ballet_dataset/ballet_cluster_knownk_scaled_params_bsearchk8.json

=== train[0] k=8  dim=900  frames=404  σ=clean  seqs=['seq_000003', 'seq_000004', 'seq_000005', 'seq_000012', 'seq_000021', 'seq_000023', 'seq_000035', 'seq_000042'] ===
  SSC-Block-TV: k_hat=8  ACC=0.8317  NMI=0.8582  ARI=0.7757  1.2s
  OSC: k_hat=8  ACC=0.7797  NMI=0.8231  ARI=0.7374  1.5s
  TKSS: k_hat=8  ACC=0.6163  NMI=0.6972  ARI=0.4983  1.4s
  BDOSC: k_hat=8  ACC=0.6015  NMI=0.7411  ARI=0.5629  13.4s
  Gram-NCut: k_hat=8  ACC=0.6782  NMI=0.7658  ARI=0.6390  0.3s

=== train[1] k=8  dim=900  frames=584  σ=clean  seqs=['seq_000001', 'seq_000002', 'seq_000004', 'seq_000011', 'seq_000017', 'seq_000025', 'seq_000029', 'seq_000043'] ===
  SSC-Block-TV: k_hat=8  ACC=0.8938  NMI=0.9056  ARI=0.7934  2.3s
  OSC: k_hat=8  ACC=0.7791  NMI=0.8923  ARI=0.7429  2.9s
  TKSS: k_hat=8  ACC=0.6541  NMI=0.7021  ARI=0.5004  3.4s
  BDOSC: k_hat=8  ACC=0.6387  NMI=0.7844  ARI=0.5999  29.6s
  Gram-NCut: k_hat=8  ACC=0.7808  NMI=0.8937  ARI=0.7450  0.6s

=== train[2] k=8  dim=900  frames=346  σ=clean  seqs=['seq_000003', 'seq_000004', 'seq_000005', 'seq_000021', 'seq_000023', 'seq_000024', 'seq_000036', 'seq_000041'] ===
  SSC-Block-TV: k_hat=8  ACC=0.7283  NMI=0.8088  ARI=0.6963  1.0s
  OSC: k_hat=8  ACC=0.7283  NMI=0.7940  ARI=0.6588  1.2s
  TKSS: k_hat=8  ACC=0.6821  NMI=0.7669  ARI=0.5680  1.4s
  BDOSC: k_hat=8  ACC=0.6561  NMI=0.7763  ARI=0.5913  8.0s
  Gram-NCut: k_hat=8  ACC=0.7283  NMI=0.7890  ARI=0.6531  0.2s

=== train[3] k=8  dim=900  frames=608  σ=clean  seqs=['seq_000004', 'seq_000009', 'seq_000011', 'seq_000012', 'seq_000017', 'seq_000022', 'seq_000039', 'seq_000042'] ===
  SSC-Block-TV: k_hat=8  ACC=0.9391  NMI=0.9555  ARI=0.9307  2.6s
  OSC: k_hat=8  ACC=0.9276  NMI=0.9390  ARI=0.9032  3.1s
  TKSS: k_hat=8  ACC=0.6842  NMI=0.7282  ARI=0.5651  3.0s
  BDOSC: k_hat=8  ACC=0.6118  NMI=0.7035  ARI=0.4706  34.3s
  Gram-NCut: k_hat=8  ACC=0.9309  NMI=0.9472  ARI=0.9196  0.6s

=== train[4] k=8  dim=900  frames=493  σ=clean  seqs=['seq_000009', 'seq_000017', 'seq_000019', 'seq_000020', 'seq_000021', 'seq_000039', 'seq_000041', 'seq_000043'] ===
  SSC-Block-TV: k_hat=8  ACC=0.7505  NMI=0.8732  ARI=0.7292  1.8s
  OSC: k_hat=8  ACC=0.6978  NMI=0.8269  ARI=0.6491  2.1s
  TKSS: k_hat=8  ACC=0.6815  NMI=0.7656  ARI=0.5950  2.0s
  BDOSC: k_hat=8  ACC=0.6146  NMI=0.7879  ARI=0.5802  19.2s
  Gram-NCut: k_hat=8  ACC=0.6957  NMI=0.8263  ARI=0.6476  0.4s

=== train[5] k=8  dim=900  frames=478  σ=clean  seqs=['seq_000002', 'seq_000011', 'seq_000017', 'seq_000020', 'seq_000021', 'seq_000029', 'seq_000035', 'seq_000043'] ===
  SSC-Block-TV: k_hat=8  ACC=0.6234  NMI=0.7914  ARI=0.5985  1.7s
  OSC: k_hat=8  ACC=0.7259  NMI=0.7925  ARI=0.6133  2.0s
  TKSS: k_hat=8  ACC=0.5690  NMI=0.6804  ARI=0.4609  2.7s
  BDOSC: k_hat=8  ACC=0.6506  NMI=0.7564  ARI=0.5736  17.1s
  Gram-NCut: k_hat=8  ACC=0.7259  NMI=0.7924  ARI=0.6123  0.4s

=== train[6] k=8  dim=900  frames=464  σ=clean  seqs=['seq_000002', 'seq_000005', 'seq_000009', 'seq_000012', 'seq_000017', 'seq_000021', 'seq_000033', 'seq_000035'] ===
  SSC-Block-TV: k_hat=8  ACC=0.7457  NMI=0.8717  ARI=0.7420  1.5s
  OSC: k_hat=8  ACC=0.7543  NMI=0.8698  ARI=0.7431  2.0s
  TKSS: k_hat=8  ACC=0.7974  NMI=0.8237  ARI=0.7298  2.2s
  BDOSC: k_hat=8  ACC=0.5237  NMI=0.7200  ARI=0.4635  17.0s
  Gram-NCut: k_hat=8  ACC=0.7500  NMI=0.8687  ARI=0.7394  0.4s

=== train[7] k=8  dim=900  frames=478  σ=clean  seqs=['seq_000001', 'seq_000017', 'seq_000018', 'seq_000023', 'seq_000024', 'seq_000029', 'seq_000035', 'seq_000039'] ===
  SSC-Block-TV: k_hat=8  ACC=0.7803  NMI=0.8416  ARI=0.6857  1.7s
  OSC: k_hat=8  ACC=0.8828  NMI=0.8906  ARI=0.7800  2.0s
  TKSS: k_hat=8  ACC=0.6946  NMI=0.7369  ARI=0.5495  2.1s
  BDOSC: k_hat=8  ACC=0.6506  NMI=0.7689  ARI=0.5167  17.0s
  Gram-NCut: k_hat=8  ACC=0.7824  NMI=0.8431  ARI=0.6908  0.4s

=== train[8] k=8  dim=900  frames=430  σ=clean  seqs=['seq_000001', 'seq_000005', 'seq_000017', 'seq_000018', 'seq_000020', 'seq_000024', 'seq_000031', 'seq_000042'] ===
  SSC-Block-TV: k_hat=8  ACC=0.9930  NMI=0.9873  ARI=0.9894  1.4s
  OSC: k_hat=8  ACC=0.8070  NMI=0.9125  ARI=0.7917  1.7s
  TKSS: k_hat=8  ACC=0.7884  NMI=0.7946  ARI=0.6619  3.6s
  BDOSC: k_hat=8  ACC=0.7535  NMI=0.8399  ARI=0.6811  13.4s
  Gram-NCut: k_hat=8  ACC=0.8349  NMI=0.8919  ARI=0.8058  0.3s

=== train[9] k=8  dim=900  frames=452  σ=clean  seqs=['seq_000005', 'seq_000009', 'seq_000011', 'seq_000023', 'seq_000031', 'seq_000035', 'seq_000039', 'seq_000043'] ===
  SSC-Block-TV: k_hat=8  ACC=0.7257  NMI=0.8449  ARI=0.6760  1.5s
  OSC: k_hat=8  ACC=0.8628  NMI=0.9067  ARI=0.8048  1.8s
  TKSS: k_hat=8  ACC=0.8296  NMI=0.8072  ARI=0.6767  3.1s
  BDOSC: k_hat=8  ACC=0.6106  NMI=0.7635  ARI=0.5535  15.1s
  Gram-NCut: k_hat=8  ACC=0.9292  NMI=0.9264  ARI=0.8716  0.3s

=== train[10] k=8  dim=900  frames=461  σ=clean  seqs=['seq_000017', 'seq_000020', 'seq_000025', 'seq_000026', 'seq_000035', 'seq_000039', 'seq_000041', 'seq_000043'] ===
  SSC-Block-TV: k_hat=8  ACC=0.7397  NMI=0.8336  ARI=0.6587  1.6s
  OSC: k_hat=8  ACC=0.8655  NMI=0.8824  ARI=0.7598  1.9s
  TKSS: k_hat=8  ACC=0.6811  NMI=0.7825  ARI=0.6069  3.1s
  BDOSC: k_hat=8  ACC=0.5770  NMI=0.7753  ARI=0.5466  16.2s
  Gram-NCut: k_hat=8  ACC=0.7505  NMI=0.8351  ARI=0.6649  0.4s

=== train[11] k=8  dim=900  frames=437  σ=clean  seqs=['seq_000002', 'seq_000009', 'seq_000021', 'seq_000022', 'seq_000028', 'seq_000033', 'seq_000035', 'seq_000036'] ===
  SSC-Block-TV: k_hat=8  ACC=0.7300  NMI=0.8321  ARI=0.6632  1.5s
  OSC: k_hat=8  ACC=0.6476  NMI=0.8067  ARI=0.5903  1.7s
  TKSS: k_hat=8  ACC=0.6568  NMI=0.7490  ARI=0.5821  2.1s
  BDOSC: k_hat=8  ACC=0.5126  NMI=0.6912  ARI=0.4213  14.5s
  Gram-NCut: k_hat=8  ACC=0.6476  NMI=0.8005  ARI=0.6003  0.3s

=== train[12] k=8  dim=900  frames=479  σ=clean  seqs=['seq_000001', 'seq_000003', 'seq_000017', 'seq_000019', 'seq_000025', 'seq_000027', 'seq_000036', 'seq_000043'] ===
  SSC-Block-TV: k_hat=8  ACC=0.8351  NMI=0.8897  ARI=0.7839  1.7s
  OSC: k_hat=8  ACC=0.8330  NMI=0.8886  ARI=0.7805  2.1s
  TKSS: k_hat=8  ACC=0.6681  NMI=0.7375  ARI=0.5513  1.9s
  BDOSC: k_hat=8  ACC=0.7119  NMI=0.8140  ARI=0.6389  17.4s
  Gram-NCut: k_hat=8  ACC=0.8392  NMI=0.8919  ARI=0.7909  0.4s

=== train[13] k=8  dim=900  frames=522  σ=clean  seqs=['seq_000011', 'seq_000012', 'seq_000018', 'seq_000020', 'seq_000023', 'seq_000025', 'seq_000027', 'seq_000036'] ===
  SSC-Block-TV: k_hat=8  ACC=0.8621  NMI=0.9234  ARI=0.8561  1.9s
  OSC: k_hat=8  ACC=0.7011  NMI=0.8739  ARI=0.7182  2.4s
  TKSS: k_hat=8  ACC=0.7318  NMI=0.7625  ARI=0.6073  1.3s
  BDOSC: k_hat=8  ACC=0.6379  NMI=0.7951  ARI=0.6262  20.9s
  Gram-NCut: k_hat=8  ACC=0.6992  NMI=0.8734  ARI=0.7166  0.5s

=== train[14] k=8  dim=900  frames=607  σ=clean  seqs=['seq_000019', 'seq_000020', 'seq_000025', 'seq_000028', 'seq_000029', 'seq_000035', 'seq_000039', 'seq_000042'] ===
  SSC-Block-TV: k_hat=8  ACC=0.7908  NMI=0.8777  ARI=0.7726  2.6s
  OSC: k_hat=8  ACC=0.7858  NMI=0.8562  ARI=0.7418  3.1s
  TKSS: k_hat=8  ACC=0.9209  NMI=0.8882  ARI=0.8423  1.6s
  BDOSC: k_hat=8  ACC=0.5404  NMI=0.7024  ARI=0.4101  35.0s
  Gram-NCut: k_hat=8  ACC=0.7166  NMI=0.8101  ARI=0.6804  0.6s

=== train[15] k=8  dim=900  frames=410  σ=clean  seqs=['seq_000002', 'seq_000003', 'seq_000004', 'seq_000005', 'seq_000024', 'seq_000026', 'seq_000029', 'seq_000039'] ===
  SSC-Block-TV: k_hat=8  ACC=0.8537  NMI=0.8776  ARI=0.7828  1.4s
  OSC: k_hat=8  ACC=0.8585  NMI=0.8770  ARI=0.8011  1.6s
  TKSS: k_hat=8  ACC=0.6610  NMI=0.7382  ARI=0.5570  0.8s
  BDOSC: k_hat=8  ACC=0.7220  NMI=0.7903  ARI=0.5719  12.2s
  Gram-NCut: k_hat=8  ACC=0.8561  NMI=0.8747  ARI=0.7962  0.3s

=== train[16] k=8  dim=900  frames=462  σ=clean  seqs=['seq_000002', 'seq_000004', 'seq_000017', 'seq_000019', 'seq_000022', 'seq_000026', 'seq_000033', 'seq_000043'] ===
  SSC-Block-TV: k_hat=8  ACC=0.8528  NMI=0.9013  ARI=0.8097  1.6s
  OSC: k_hat=8  ACC=0.6710  NMI=0.8450  ARI=0.6296  2.0s
  TKSS: k_hat=8  ACC=0.5996  NMI=0.7355  ARI=0.5348  2.5s
  BDOSC: k_hat=8  ACC=0.6580  NMI=0.7820  ARI=0.5755  16.2s
  Gram-NCut: k_hat=8  ACC=0.8658  NMI=0.9025  ARI=0.8145  0.4s

=== train[17] k=8  dim=900  frames=481  σ=clean  seqs=['seq_000001', 'seq_000002', 'seq_000005', 'seq_000017', 'seq_000018', 'seq_000024', 'seq_000029', 'seq_000036'] ===
  SSC-Block-TV: k_hat=8  ACC=0.8067  NMI=0.9071  ARI=0.7935  1.7s
  OSC: k_hat=8  ACC=0.8067  NMI=0.9071  ARI=0.7935  2.0s
  TKSS: k_hat=8  ACC=0.8254  NMI=0.8141  ARI=0.7087  2.0s
  BDOSC: k_hat=8  ACC=0.6216  NMI=0.7794  ARI=0.5789  17.1s
  Gram-NCut: k_hat=8  ACC=0.9917  NMI=0.9853  ARI=0.9853  0.4s

=== train[18] k=8  dim=900  frames=551  σ=clean  seqs=['seq_000009', 'seq_000017', 'seq_000020', 'seq_000028', 'seq_000029', 'seq_000036', 'seq_000041', 'seq_000043'] ===
  SSC-Block-TV: k_hat=8  ACC=0.7350  NMI=0.8320  ARI=0.6623  2.1s
  OSC: k_hat=8  ACC=0.7151  NMI=0.7922  ARI=0.5967  2.6s
  TKSS: k_hat=8  ACC=0.5735  NMI=0.7021  ARI=0.5034  4.0s
  BDOSC: k_hat=8  ACC=0.5935  NMI=0.7675  ARI=0.5231  24.5s
  Gram-NCut: k_hat=8  ACC=0.7169  NMI=0.7954  ARI=0.6044  0.5s

=== train[19] k=8  dim=900  frames=438  σ=clean  seqs=['seq_000009', 'seq_000019', 'seq_000021', 'seq_000022', 'seq_000025', 'seq_000035', 'seq_000036', 'seq_000041'] ===
  SSC-Block-TV: k_hat=8  ACC=0.7877  NMI=0.8649  ARI=0.7776  1.5s
  OSC: k_hat=8  ACC=0.7648  NMI=0.8500  ARI=0.7462  1.7s
  TKSS: k_hat=8  ACC=0.7534  NMI=0.7992  ARI=0.6772  1.4s
  BDOSC: k_hat=8  ACC=0.5594  NMI=0.7452  ARI=0.5365  13.9s
  Gram-NCut: k_hat=8  ACC=0.7648  NMI=0.8500  ARI=0.7462  0.3s

=== train[20] k=8  dim=900  frames=329  σ=clean  seqs=['seq_000002', 'seq_000003', 'seq_000005', 'seq_000018', 'seq_000020', 'seq_000021', 'seq_000025', 'seq_000026'] ===
  SSC-Block-TV: k_hat=8  ACC=0.8298  NMI=0.8715  ARI=0.7624  1.0s
  OSC: k_hat=8  ACC=0.8237  NMI=0.8732  ARI=0.7816  1.1s
  TKSS: k_hat=8  ACC=0.6657  NMI=0.7194  ARI=0.5412  2.4s
  BDOSC: k_hat=8  ACC=0.7112  NMI=0.8102  ARI=0.6648  7.3s
  Gram-NCut: k_hat=8  ACC=0.8237  NMI=0.8732  ARI=0.7816  0.2s

=== train[21] k=8  dim=900  frames=338  σ=clean  seqs=['seq_000003', 'seq_000005', 'seq_000009', 'seq_000022', 'seq_000027', 'seq_000035', 'seq_000041', 'seq_000042'] ===
  SSC-Block-TV: k_hat=8  ACC=0.7959  NMI=0.8627  ARI=0.7813  1.0s
  OSC: k_hat=8  ACC=0.8817  NMI=0.9147  ARI=0.8809  1.2s
  TKSS: k_hat=8  ACC=0.6598  NMI=0.7781  ARI=0.6081  0.9s
  BDOSC: k_hat=8  ACC=0.7130  NMI=0.8080  ARI=0.6594  7.9s
  Gram-NCut: k_hat=8  ACC=0.7130  NMI=0.8080  ARI=0.6763  0.2s

=== train[22] k=8  dim=900  frames=453  σ=clean  seqs=['seq_000002', 'seq_000003', 'seq_000011', 'seq_000012', 'seq_000018', 'seq_000025', 'seq_000026', 'seq_000031'] ===
  SSC-Block-TV: k_hat=8  ACC=0.9161  NMI=0.9303  ARI=0.8792  1.6s
  OSC: k_hat=8  ACC=0.9272  NMI=0.9523  ARI=0.9119  1.9s
  TKSS: k_hat=8  ACC=0.7241  NMI=0.7870  ARI=0.6692  2.0s
  BDOSC: k_hat=8  ACC=0.7969  NMI=0.8283  ARI=0.6609  15.3s
  Gram-NCut: k_hat=8  ACC=0.9249  NMI=0.9517  ARI=0.9101  0.3s

=== train[23] k=8  dim=900  frames=396  σ=clean  seqs=['seq_000001', 'seq_000002', 'seq_000012', 'seq_000024', 'seq_000027', 'seq_000035', 'seq_000041', 'seq_000043'] ===
  SSC-Block-TV: k_hat=8  ACC=0.8409  NMI=0.9283  ARI=0.8257  1.2s
  OSC: k_hat=8  ACC=0.8131  NMI=0.8792  ARI=0.7469  1.5s
  TKSS: k_hat=8  ACC=0.5808  NMI=0.6375  ARI=0.4382  2.5s
  BDOSC: k_hat=8  ACC=0.7904  NMI=0.8714  ARI=0.7567  10.8s
  Gram-NCut: k_hat=8  ACC=0.7475  NMI=0.8458  ARI=0.6279  0.3s

=== test[0] k=8  dim=900  frames=350  σ=clean  seqs=['seq_000006', 'seq_000007', 'seq_000008', 'seq_000010', 'seq_000013', 'seq_000014', 'seq_000015', 'seq_000016'] ===
  SSC-Block-TV: k_hat=8  ACC=0.7486  NMI=0.8734  ARI=0.7558  1.1s
  OSC: k_hat=8  ACC=0.7429  NMI=0.8727  ARI=0.7534  1.2s
  TKSS: k_hat=8  ACC=0.6114  NMI=0.7195  ARI=0.5172  1.0s
  BDOSC: k_hat=8  ACC=0.7171  NMI=0.8271  ARI=0.6718  8.4s
  Gram-NCut: k_hat=8  ACC=0.7457  NMI=0.8648  ARI=0.7252  0.2s

=== test[1] k=8  dim=900  frames=402  σ=clean  seqs=['seq_000006', 'seq_000007', 'seq_000008', 'seq_000013', 'seq_000014', 'seq_000015', 'seq_000030', 'seq_000034'] ===
  SSC-Block-TV: k_hat=8  ACC=0.7512  NMI=0.8391  ARI=0.6876  1.3s
  OSC: k_hat=8  ACC=0.7438  NMI=0.8358  ARI=0.6789  1.5s
  TKSS: k_hat=8  ACC=0.7040  NMI=0.8079  ARI=0.6680  2.8s
  BDOSC: k_hat=8  ACC=0.7886  NMI=0.8431  ARI=0.7551  11.4s
  Gram-NCut: k_hat=8  ACC=0.7040  NMI=0.8267  ARI=0.6451  0.3s

=== test[2] k=8  dim=900  frames=382  σ=clean  seqs=['seq_000013', 'seq_000014', 'seq_000015', 'seq_000016', 'seq_000032', 'seq_000034', 'seq_000038', 'seq_000040'] ===
  SSC-Block-TV: k_hat=8  ACC=0.5969  NMI=0.7528  ARI=0.4751  1.2s
  OSC: k_hat=8  ACC=0.6021  NMI=0.7578  ARI=0.4862  1.4s
  TKSS: k_hat=8  ACC=0.5340  NMI=0.5537  ARI=0.3591  2.6s
  BDOSC: k_hat=8  ACC=0.7120  NMI=0.8685  ARI=0.7469  10.3s
  Gram-NCut: k_hat=8  ACC=0.6047  NMI=0.7494  ARI=0.4769  0.2s

=== test[3] k=8  dim=900  frames=364  σ=clean  seqs=['seq_000008', 'seq_000010', 'seq_000013', 'seq_000014', 'seq_000016', 'seq_000030', 'seq_000032', 'seq_000044'] ===
  SSC-Block-TV: k_hat=8  ACC=0.5577  NMI=0.7689  ARI=0.4690  1.1s
  OSC: k_hat=8  ACC=0.5604  NMI=0.7675  ARI=0.4670  1.3s
  TKSS: k_hat=8  ACC=0.6126  NMI=0.7034  ARI=0.5100  1.8s
  BDOSC: k_hat=8  ACC=0.6538  NMI=0.7690  ARI=0.5419  9.2s
  Gram-NCut: k_hat=8  ACC=0.5907  NMI=0.7240  ARI=0.4361  0.2s

=== test[4] k=8  dim=900  frames=402  σ=clean  seqs=['seq_000006', 'seq_000007', 'seq_000010', 'seq_000013', 'seq_000015', 'seq_000030', 'seq_000038', 'seq_000040'] ===
  SSC-Block-TV: k_hat=8  ACC=0.8308  NMI=0.8769  ARI=0.7935  1.3s
  OSC: k_hat=8  ACC=0.7363  NMI=0.7926  ARI=0.5774  1.5s
  TKSS: k_hat=8  ACC=0.5522  NMI=0.6062  ARI=0.4085  2.8s
  BDOSC: k_hat=8  ACC=0.5796  NMI=0.7104  ARI=0.3912  11.5s
  Gram-NCut: k_hat=8  ACC=0.7537  NMI=0.8540  ARI=0.7465  0.3s

=== test[5] k=8  dim=900  frames=391  σ=clean  seqs=['seq_000006', 'seq_000010', 'seq_000014', 'seq_000016', 'seq_000030', 'seq_000034', 'seq_000037', 'seq_000038'] ===
  SSC-Block-TV: k_hat=8  ACC=0.7545  NMI=0.8363  ARI=0.6928  1.2s
  OSC: k_hat=8  ACC=0.7928  NMI=0.8417  ARI=0.7155  1.4s
  TKSS: k_hat=8  ACC=0.6240  NMI=0.7199  ARI=0.5427  1.0s
  BDOSC: k_hat=8  ACC=0.6650  NMI=0.7554  ARI=0.5543  10.6s
  Gram-NCut: k_hat=8  ACC=0.7954  NMI=0.8423  ARI=0.7175  0.3s

=== test[6] k=8  dim=900  frames=405  σ=clean  seqs=['seq_000006', 'seq_000007', 'seq_000014', 'seq_000015', 'seq_000032', 'seq_000037', 'seq_000040', 'seq_000044'] ===
  SSC-Block-TV: k_hat=8  ACC=0.7778  NMI=0.8842  ARI=0.7650  1.3s
  OSC: k_hat=8  ACC=0.7481  NMI=0.8459  ARI=0.7156  1.6s
  TKSS: k_hat=8  ACC=0.6642  NMI=0.7373  ARI=0.6289  3.4s
  BDOSC: k_hat=8  ACC=0.5481  NMI=0.7356  ARI=0.4873  11.5s
  Gram-NCut: k_hat=8  ACC=0.7333  NMI=0.8147  ARI=0.6806  0.3s

=== test[7] k=8  dim=900  frames=417  σ=clean  seqs=['seq_000007', 'seq_000008', 'seq_000010', 'seq_000013', 'seq_000037', 'seq_000038', 'seq_000040', 'seq_000044'] ===
  SSC-Block-TV: k_hat=8  ACC=0.7242  NMI=0.8276  ARI=0.5624  1.3s
  OSC: k_hat=8  ACC=0.7290  NMI=0.8291  ARI=0.5673  1.6s
  TKSS: k_hat=8  ACC=0.5707  NMI=0.6559  ARI=0.4852  2.2s
  BDOSC: k_hat=8  ACC=0.7002  NMI=0.7862  ARI=0.5423  12.2s
  Gram-NCut: k_hat=8  ACC=0.7962  NMI=0.8596  ARI=0.6913  0.3s

=== test[8] k=8  dim=900  frames=363  σ=clean  seqs=['seq_000006', 'seq_000007', 'seq_000008', 'seq_000010', 'seq_000015', 'seq_000034', 'seq_000038', 'seq_000040'] ===
  SSC-Block-TV: k_hat=8  ACC=0.8044  NMI=0.8788  ARI=0.7739  1.1s
  OSC: k_hat=8  ACC=0.8099  NMI=0.8863  ARI=0.7817  1.3s
  TKSS: k_hat=8  ACC=0.6061  NMI=0.7219  ARI=0.5483  1.6s
  BDOSC: k_hat=8  ACC=0.8044  NMI=0.8787  ARI=0.8111  9.0s
  Gram-NCut: k_hat=8  ACC=0.8072  NMI=0.8859  ARI=0.7803  0.2s

=== test[9] k=8  dim=900  frames=368  σ=clean  seqs=['seq_000008', 'seq_000010', 'seq_000013', 'seq_000014', 'seq_000015', 'seq_000032', 'seq_000040', 'seq_000044'] ===
  SSC-Block-TV: k_hat=8  ACC=0.6793  NMI=0.7976  ARI=0.5614  1.1s
  OSC: k_hat=8  ACC=0.6902  NMI=0.8033  ARI=0.5806  1.4s
  TKSS: k_hat=8  ACC=0.6332  NMI=0.7230  ARI=0.5799  1.9s
  BDOSC: k_hat=8  ACC=0.6223  NMI=0.7466  ARI=0.5058  9.5s
  Gram-NCut: k_hat=8  ACC=0.5761  NMI=0.7019  ARI=0.3789  0.2s

=== test[10] k=8  dim=900  frames=314  σ=clean  seqs=['seq_000006', 'seq_000010', 'seq_000015', 'seq_000016', 'seq_000030', 'seq_000032', 'seq_000037', 'seq_000040'] ===
  SSC-Block-TV: k_hat=8  ACC=0.8981  NMI=0.9156  ARI=0.9207  0.9s
  OSC: k_hat=8  ACC=0.8790  NMI=0.9260  ARI=0.9132  1.0s
  TKSS: k_hat=8  ACC=0.6465  NMI=0.7126  ARI=0.5176  0.8s
  BDOSC: k_hat=8  ACC=0.5669  NMI=0.7564  ARI=0.5226  6.5s
  Gram-NCut: k_hat=8  ACC=0.8344  NMI=0.8754  ARI=0.8356  0.2s

=== test[11] k=8  dim=900  frames=491  σ=clean  seqs=['seq_000006', 'seq_000007', 'seq_000013', 'seq_000014', 'seq_000030', 'seq_000032', 'seq_000038', 'seq_000044'] ===
  SSC-Block-TV: k_hat=8  ACC=0.7637  NMI=0.8528  ARI=0.7245  1.8s
  OSC: k_hat=8  ACC=0.7637  NMI=0.8520  ARI=0.7221  2.2s
  TKSS: k_hat=8  ACC=0.7251  NMI=0.6845  ARI=0.5560  2.3s
  BDOSC: k_hat=8  ACC=0.7882  NMI=0.8488  ARI=0.7419  18.8s
  Gram-NCut: k_hat=8  ACC=0.7475  NMI=0.8814  ARI=0.7482  0.5s

=== test[12] k=8  dim=900  frames=383  σ=clean  seqs=['seq_000006', 'seq_000007', 'seq_000010', 'seq_000013', 'seq_000014', 'seq_000015', 'seq_000030', 'seq_000037'] ===
  SSC-Block-TV: k_hat=8  ACC=0.7702  NMI=0.8729  ARI=0.7428  1.2s
  OSC: k_hat=8  ACC=0.7650  NMI=0.8719  ARI=0.7394  1.4s
  TKSS: k_hat=8  ACC=0.6240  NMI=0.7691  ARI=0.5885  1.1s
  BDOSC: k_hat=8  ACC=0.5849  NMI=0.7991  ARI=0.5586  10.4s
  Gram-NCut: k_hat=8  ACC=0.7206  NMI=0.8620  ARI=0.7030  0.2s

=== test[13] k=8  dim=900  frames=351  σ=clean  seqs=['seq_000006', 'seq_000007', 'seq_000008', 'seq_000014', 'seq_000016', 'seq_000030', 'seq_000032', 'seq_000037'] ===
  SSC-Block-TV: k_hat=8  ACC=0.8091  NMI=0.9083  ARI=0.8445  1.0s
  OSC: k_hat=8  ACC=0.8148  NMI=0.9042  ARI=0.8245  1.2s
  TKSS: k_hat=8  ACC=0.6353  NMI=0.7459  ARI=0.5552  2.1s
  BDOSC: k_hat=8  ACC=0.8917  NMI=0.9027  ARI=0.8736  8.4s
  Gram-NCut: k_hat=8  ACC=0.8148  NMI=0.9042  ARI=0.8245  0.2s

=== test[14] k=8  dim=900  frames=447  σ=clean  seqs=['seq_000006', 'seq_000010', 'seq_000013', 'seq_000030', 'seq_000032', 'seq_000034', 'seq_000037', 'seq_000044'] ===
  SSC-Block-TV: k_hat=8  ACC=0.6510  NMI=0.8666  ARI=0.7136  1.5s
  OSC: k_hat=8  ACC=0.6309  NMI=0.8320  ARI=0.6749  1.9s
  TKSS: k_hat=8  ACC=0.7808  NMI=0.7781  ARI=0.6709  2.7s
  BDOSC: k_hat=8  ACC=0.4989  NMI=0.7237  ARI=0.4530  14.8s
  Gram-NCut: k_hat=8  ACC=0.6801  NMI=0.8385  ARI=0.6944  0.3s

=== test[15] k=8  dim=900  frames=420  σ=clean  seqs=['seq_000008', 'seq_000014', 'seq_000032', 'seq_000034', 'seq_000037', 'seq_000038', 'seq_000040', 'seq_000044'] ===
  SSC-Block-TV: k_hat=8  ACC=0.7119  NMI=0.8217  ARI=0.6361  1.3s
  OSC: k_hat=8  ACC=0.7190  NMI=0.8261  ARI=0.6499  1.6s
  TKSS: k_hat=8  ACC=0.6548  NMI=0.7506  ARI=0.6004  2.1s
  BDOSC: k_hat=8  ACC=0.6024  NMI=0.7634  ARI=0.5066  12.7s
  Gram-NCut: k_hat=8  ACC=0.7238  NMI=0.8280  ARI=0.6561  0.3s

=== test[16] k=8  dim=900  frames=410  σ=clean  seqs=['seq_000010', 'seq_000013', 'seq_000014', 'seq_000015', 'seq_000032', 'seq_000038', 'seq_000040', 'seq_000044'] ===
  SSC-Block-TV: k_hat=8  ACC=0.6854  NMI=0.7730  ARI=0.5569  1.3s
  OSC: k_hat=8  ACC=0.7780  NMI=0.8362  ARI=0.7080  1.6s
  TKSS: k_hat=8  ACC=0.6341  NMI=0.6967  ARI=0.5494  2.5s
  BDOSC: k_hat=8  ACC=0.7927  NMI=0.8722  ARI=0.7465  12.0s
  Gram-NCut: k_hat=8  ACC=0.6829  NMI=0.8124  ARI=0.6112  0.3s

=== test[17] k=8  dim=900  frames=426  σ=clean  seqs=['seq_000006', 'seq_000007', 'seq_000013', 'seq_000015', 'seq_000030', 'seq_000032', 'seq_000037', 'seq_000038'] ===
  SSC-Block-TV: k_hat=8  ACC=0.7723  NMI=0.8712  ARI=0.7686  1.4s
  OSC: k_hat=8  ACC=0.7981  NMI=0.8917  ARI=0.7902  1.7s
  TKSS: k_hat=8  ACC=0.5915  NMI=0.6838  ARI=0.5130  2.7s
  BDOSC: k_hat=8  ACC=0.6995  NMI=0.7720  ARI=0.5793  13.2s
  Gram-NCut: k_hat=8  ACC=0.7512  NMI=0.8839  ARI=0.7625  0.3s

=== mean over matrices ===
  SSC-Block-TV train σ=clean: ACC=0.8078  NMI=0.8779  ARI=0.7677  n=24
  OSC train σ=clean: ACC=0.7933  NMI=0.8686  ARI=0.7460  n=24
  TKSS train σ=clean: ACC=0.6958  NMI=0.7556  ARI=0.5930  n=24
  BDOSC train σ=clean: ACC=0.6441  NMI=0.7751  ARI=0.5735  n=24
  Gram-NCut train σ=clean: ACC=0.7873  NMI=0.8601  ARI=0.7383  n=24
  SSC-Block-TV test σ=clean: ACC=0.7382  NMI=0.8454  ARI=0.6913  n=18
  OSC test σ=clean: ACC=0.7391  NMI=0.8429  ARI=0.6859  n=18
  TKSS test σ=clean: ACC=0.6336  NMI=0.7095  ARI=0.5444  n=18
  BDOSC test σ=clean: ACC=0.6787  NMI=0.7977  ARI=0.6105  n=18
  Gram-NCut test σ=clean: ACC=0.7257  NMI=0.8338  ARI=0.6730  n=18

wrote /nfs/turbo/umms-minjilab/lpullela/icassp_ssc_tv2/ballet_dataset/ballet_cluster_knownk_scaled_results_bsearchk8.csv
wrote /nfs/turbo/umms-minjilab/lpullela/icassp_ssc_tv2/ballet_dataset/ballet_cluster_knownk_scaled_params_bsearchk8.json
end=Thu Sep  3 17:34:44 EDT 2026
