host=gl3181.arc-ts.umich.edu  python=/home/lpullela/miniconda3/envs/ssc_559/bin/python  start=Wed Sep  2 15:31:43 EDT 2026
=== Ballet Clustering Experiment ===
k=5  n_test=15  n_train_combos=24  n_test_combos=18  n_trials=100  down_hw=30  full_data=False  n_frames ~ Unif[10, 100]  seed=0
hetero_noise=False  sigmas=None  append=False  no_tune=False  csv=ballet_cluster_results.csv
sequences=44  train_pool=29  test_pool=15  train_combos=24  test_combos=18
train pool: ['seq_000003', 'seq_000035', 'seq_000005', 'seq_000019', 'seq_000024', 'seq_000033', 'seq_000012', 'seq_000002', 'seq_000023', 'seq_000020', 'seq_000022', 'seq_000028', 'seq_000042', 'seq_000011', 'seq_000004', 'seq_000039', 'seq_000017', 'seq_000031', 'seq_000021', 'seq_000029', 'seq_000009', 'seq_000036', 'seq_000043', 'seq_000018', 'seq_000001', 'seq_000025', 'seq_000026', 'seq_000041', 'seq_000027']
test  pool: ['seq_000040', 'seq_000010', 'seq_000007', 'seq_000037', 'seq_000038', 'seq_000014', 'seq_000013', 'seq_000008', 'seq_000044', 'seq_000006', 'seq_000015', 'seq_000030', 'seq_000034', 'seq_000016', 'seq_000032']
train 0 k=5  sequences=['seq_000002', 'seq_000011', 'seq_000017', 'seq_000023', 'seq_000036']
train 1 k=5  sequences=['seq_000001', 'seq_000004', 'seq_000009', 'seq_000017', 'seq_000031']
train 2 k=5  sequences=['seq_000001', 'seq_000002', 'seq_000011', 'seq_000029', 'seq_000043']
train 3 k=5  sequences=['seq_000003', 'seq_000018', 'seq_000026', 'seq_000029', 'seq_000033']
train 4 k=5  sequences=['seq_000002', 'seq_000005', 'seq_000027', 'seq_000028', 'seq_000042']
train 5 k=5  sequences=['seq_000002', 'seq_000011', 'seq_000017', 'seq_000027', 'seq_000031']
train 6 k=5  sequences=['seq_000009', 'seq_000022', 'seq_000025', 'seq_000029', 'seq_000041']
train 7 k=5  sequences=['seq_000009', 'seq_000017', 'seq_000019', 'seq_000020', 'seq_000043']
train 8 k=5  sequences=['seq_000001', 'seq_000005', 'seq_000022', 'seq_000029', 'seq_000042']
train 9 k=5  sequences=['seq_000004', 'seq_000009', 'seq_000012', 'seq_000023', 'seq_000031']
train 10 k=5  sequences=['seq_000002', 'seq_000009', 'seq_000012', 'seq_000018', 'seq_000023']
train 11 k=5  sequences=['seq_000009', 'seq_000012', 'seq_000022', 'seq_000023', 'seq_000036']
train 12 k=5  sequences=['seq_000001', 'seq_000017', 'seq_000023', 'seq_000024', 'seq_000039']
train 13 k=5  sequences=['seq_000028', 'seq_000029', 'seq_000033', 'seq_000035', 'seq_000039']
train 14 k=5  sequences=['seq_000001', 'seq_000023', 'seq_000025', 'seq_000026', 'seq_000039']
train 15 k=5  sequences=['seq_000018', 'seq_000019', 'seq_000020', 'seq_000031', 'seq_000035']
train 16 k=5  sequences=['seq_000022', 'seq_000026', 'seq_000028', 'seq_000033', 'seq_000042']
train 17 k=5  sequences=['seq_000017', 'seq_000020', 'seq_000026', 'seq_000039', 'seq_000041']
train 18 k=5  sequences=['seq_000004', 'seq_000012', 'seq_000022', 'seq_000028', 'seq_000042']
train 19 k=5  sequences=['seq_000021', 'seq_000025', 'seq_000026', 'seq_000029', 'seq_000041']
train 20 k=5  sequences=['seq_000001', 'seq_000021', 'seq_000025', 'seq_000027', 'seq_000041']
train 21 k=5  sequences=['seq_000001', 'seq_000022', 'seq_000024', 'seq_000025', 'seq_000036']
train 22 k=5  sequences=['seq_000011', 'seq_000012', 'seq_000020', 'seq_000027', 'seq_000036']
train 23 k=5  sequences=['seq_000002', 'seq_000018', 'seq_000025', 'seq_000028', 'seq_000039']
test  0 k=5  sequences=['seq_000007', 'seq_000008', 'seq_000015', 'seq_000016', 'seq_000040']
test  1 k=5  sequences=['seq_000008', 'seq_000010', 'seq_000030', 'seq_000037', 'seq_000040']
test  2 k=5  sequences=['seq_000006', 'seq_000007', 'seq_000013', 'seq_000030', 'seq_000040']
test  3 k=5  sequences=['seq_000010', 'seq_000015', 'seq_000034', 'seq_000038', 'seq_000044']
test  4 k=5  sequences=['seq_000007', 'seq_000010', 'seq_000015', 'seq_000034', 'seq_000037']
test  5 k=5  sequences=['seq_000008', 'seq_000013', 'seq_000015', 'seq_000016', 'seq_000034']
test  6 k=5  sequences=['seq_000013', 'seq_000016', 'seq_000030', 'seq_000034', 'seq_000038']
test  7 k=5  sequences=['seq_000008', 'seq_000037', 'seq_000038', 'seq_000040', 'seq_000044']
test  8 k=5  sequences=['seq_000006', 'seq_000032', 'seq_000034', 'seq_000038', 'seq_000040']
test  9 k=5  sequences=['seq_000010', 'seq_000015', 'seq_000034', 'seq_000038', 'seq_000040']
test  10 k=5  sequences=['seq_000007', 'seq_000008', 'seq_000013', 'seq_000032', 'seq_000037']
test  11 k=5  sequences=['seq_000010', 'seq_000014', 'seq_000030', 'seq_000032', 'seq_000040']
test  12 k=5  sequences=['seq_000013', 'seq_000014', 'seq_000015', 'seq_000016', 'seq_000037']
test  13 k=5  sequences=['seq_000007', 'seq_000013', 'seq_000016', 'seq_000030', 'seq_000044']
test  14 k=5  sequences=['seq_000006', 'seq_000013', 'seq_000030', 'seq_000038', 'seq_000040']
test  15 k=5  sequences=['seq_000008', 'seq_000032', 'seq_000034', 'seq_000037', 'seq_000044']
test  16 k=5  sequences=['seq_000013', 'seq_000015', 'seq_000034', 'seq_000037', 'seq_000044']
test  17 k=5  sequences=['seq_000006', 'seq_000007', 'seq_000008', 'seq_000014', 'seq_000016']

Loading 44 sequences once (reused across combinations)
  seq_000001: frames=53  dim=900
  seq_000002: frames=78  dim=900
  seq_000003: frames=13  dim=900
  seq_000004: frames=84  dim=900
  seq_000005: frames=32  dim=900
  seq_000006: frames=89  dim=900
  seq_000007: frames=34  dim=900
  seq_000008: frames=33  dim=900
  seq_000009: frames=68  dim=900
  seq_000010: frames=17  dim=900
  seq_000011: frames=88  dim=900
  seq_000012: frames=86  dim=900
  seq_000013: frames=84  dim=900
  seq_000014: frames=51  dim=900
  seq_000015: frames=21  dim=900
  seq_000016: frames=21  dim=900
  seq_000017: frames=98  dim=900
  seq_000018: frames=44  dim=900
  seq_000019: frames=92  dim=900
  seq_000020: frames=55  dim=900
  seq_000021: frames=11  dim=900
  seq_000022: frames=15  dim=900
  seq_000023: frames=55  dim=900
  seq_000024: frames=20  dim=900
  seq_000025: frames=78  dim=900
  seq_000026: frames=18  dim=900
  seq_000027: frames=36  dim=900
  seq_000028: frames=94  dim=900
  seq_000029: frames=76  dim=900
  seq_000030: frames=39  dim=900
  seq_000031: frames=48  dim=900
  seq_000032: frames=36  dim=900
  seq_000033: frames=48  dim=900
  seq_000034: frames=51  dim=900
  seq_000035: frames=43  dim=900
  seq_000036: frames=80  dim=900
  seq_000037: frames=48  dim=900
  seq_000038: frames=75  dim=900
  seq_000039: frames=89  dim=900
  seq_000040: frames=43  dim=900
  seq_000041: frames=51  dim=900
  seq_000042: frames=80  dim=900
  seq_000043: frames=29  dim=900
  seq_000044: frames=83  dim=900

Building train combinations
  train[0]: frames=399  dim=900  n_kept=[78, 88, 98, 55, 80]  seqs=['seq_000002', 'seq_000011', 'seq_000017', 'seq_000023', 'seq_000036']
  train[1]: frames=351  dim=900  n_kept=[53, 84, 68, 98, 48]  seqs=['seq_000001', 'seq_000004', 'seq_000009', 'seq_000017', 'seq_000031']
  train[2]: frames=324  dim=900  n_kept=[53, 78, 88, 76, 29]  seqs=['seq_000001', 'seq_000002', 'seq_000011', 'seq_000029', 'seq_000043']
  train[3]: frames=199  dim=900  n_kept=[13, 44, 18, 76, 48]  seqs=['seq_000003', 'seq_000018', 'seq_000026', 'seq_000029', 'seq_000033']
  train[4]: frames=320  dim=900  n_kept=[78, 32, 36, 94, 80]  seqs=['seq_000002', 'seq_000005', 'seq_000027', 'seq_000028', 'seq_000042']
  train[5]: frames=348  dim=900  n_kept=[78, 88, 98, 36, 48]  seqs=['seq_000002', 'seq_000011', 'seq_000017', 'seq_000027', 'seq_000031']
  train[6]: frames=288  dim=900  n_kept=[68, 15, 78, 76, 51]  seqs=['seq_000009', 'seq_000022', 'seq_000025', 'seq_000029', 'seq_000041']
  train[7]: frames=342  dim=900  n_kept=[68, 98, 92, 55, 29]  seqs=['seq_000009', 'seq_000017', 'seq_000019', 'seq_000020', 'seq_000043']
  train[8]: frames=256  dim=900  n_kept=[53, 32, 15, 76, 80]  seqs=['seq_000001', 'seq_000005', 'seq_000022', 'seq_000029', 'seq_000042']
  train[9]: frames=341  dim=900  n_kept=[84, 68, 86, 55, 48]  seqs=['seq_000004', 'seq_000009', 'seq_000012', 'seq_000023', 'seq_000031']
  train[10]: frames=331  dim=900  n_kept=[78, 68, 86, 44, 55]  seqs=['seq_000002', 'seq_000009', 'seq_000012', 'seq_000018', 'seq_000023']
  train[11]: frames=304  dim=900  n_kept=[68, 86, 15, 55, 80]  seqs=['seq_000009', 'seq_000012', 'seq_000022', 'seq_000023', 'seq_000036']
  train[12]: frames=315  dim=900  n_kept=[53, 98, 55, 20, 89]  seqs=['seq_000001', 'seq_000017', 'seq_000023', 'seq_000024', 'seq_000039']
  train[13]: frames=350  dim=900  n_kept=[94, 76, 48, 43, 89]  seqs=['seq_000028', 'seq_000029', 'seq_000033', 'seq_000035', 'seq_000039']
  train[14]: frames=293  dim=900  n_kept=[53, 55, 78, 18, 89]  seqs=['seq_000001', 'seq_000023', 'seq_000025', 'seq_000026', 'seq_000039']
  train[15]: frames=282  dim=900  n_kept=[44, 92, 55, 48, 43]  seqs=['seq_000018', 'seq_000019', 'seq_000020', 'seq_000031', 'seq_000035']
  train[16]: frames=255  dim=900  n_kept=[15, 18, 94, 48, 80]  seqs=['seq_000022', 'seq_000026', 'seq_000028', 'seq_000033', 'seq_000042']
  train[17]: frames=311  dim=900  n_kept=[98, 55, 18, 89, 51]  seqs=['seq_000017', 'seq_000020', 'seq_000026', 'seq_000039', 'seq_000041']
  train[18]: frames=359  dim=900  n_kept=[84, 86, 15, 94, 80]  seqs=['seq_000004', 'seq_000012', 'seq_000022', 'seq_000028', 'seq_000042']
  train[19]: frames=234  dim=900  n_kept=[11, 78, 18, 76, 51]  seqs=['seq_000021', 'seq_000025', 'seq_000026', 'seq_000029', 'seq_000041']
  train[20]: frames=229  dim=900  n_kept=[53, 11, 78, 36, 51]  seqs=['seq_000001', 'seq_000021', 'seq_000025', 'seq_000027', 'seq_000041']
  train[21]: frames=246  dim=900  n_kept=[53, 15, 20, 78, 80]  seqs=['seq_000001', 'seq_000022', 'seq_000024', 'seq_000025', 'seq_000036']
  train[22]: frames=345  dim=900  n_kept=[88, 86, 55, 36, 80]  seqs=['seq_000011', 'seq_000012', 'seq_000020', 'seq_000027', 'seq_000036']
  train[23]: frames=383  dim=900  n_kept=[78, 44, 78, 94, 89]  seqs=['seq_000002', 'seq_000018', 'seq_000025', 'seq_000028', 'seq_000039']
Building test combinations
  test[0]: frames=152  dim=900  n_kept=[34, 33, 21, 21, 43]  seqs=['seq_000007', 'seq_000008', 'seq_000015', 'seq_000016', 'seq_000040']
  test[1]: frames=180  dim=900  n_kept=[33, 17, 39, 48, 43]  seqs=['seq_000008', 'seq_000010', 'seq_000030', 'seq_000037', 'seq_000040']
  test[2]: frames=289  dim=900  n_kept=[89, 34, 84, 39, 43]  seqs=['seq_000006', 'seq_000007', 'seq_000013', 'seq_000030', 'seq_000040']
  test[3]: frames=247  dim=900  n_kept=[17, 21, 51, 75, 83]  seqs=['seq_000010', 'seq_000015', 'seq_000034', 'seq_000038', 'seq_000044']
  test[4]: frames=171  dim=900  n_kept=[34, 17, 21, 51, 48]  seqs=['seq_000007', 'seq_000010', 'seq_000015', 'seq_000034', 'seq_000037']
  test[5]: frames=210  dim=900  n_kept=[33, 84, 21, 21, 51]  seqs=['seq_000008', 'seq_000013', 'seq_000015', 'seq_000016', 'seq_000034']
  test[6]: frames=270  dim=900  n_kept=[84, 21, 39, 51, 75]  seqs=['seq_000013', 'seq_000016', 'seq_000030', 'seq_000034', 'seq_000038']
  test[7]: frames=282  dim=900  n_kept=[33, 48, 75, 43, 83]  seqs=['seq_000008', 'seq_000037', 'seq_000038', 'seq_000040', 'seq_000044']
  test[8]: frames=294  dim=900  n_kept=[89, 36, 51, 75, 43]  seqs=['seq_000006', 'seq_000032', 'seq_000034', 'seq_000038', 'seq_000040']
  test[9]: frames=207  dim=900  n_kept=[17, 21, 51, 75, 43]  seqs=['seq_000010', 'seq_000015', 'seq_000034', 'seq_000038', 'seq_000040']
  test[10]: frames=235  dim=900  n_kept=[34, 33, 84, 36, 48]  seqs=['seq_000007', 'seq_000008', 'seq_000013', 'seq_000032', 'seq_000037']
  test[11]: frames=186  dim=900  n_kept=[17, 51, 39, 36, 43]  seqs=['seq_000010', 'seq_000014', 'seq_000030', 'seq_000032', 'seq_000040']
  test[12]: frames=225  dim=900  n_kept=[84, 51, 21, 21, 48]  seqs=['seq_000013', 'seq_000014', 'seq_000015', 'seq_000016', 'seq_000037']
  test[13]: frames=261  dim=900  n_kept=[34, 84, 21, 39, 83]  seqs=['seq_000007', 'seq_000013', 'seq_000016', 'seq_000030', 'seq_000044']
  test[14]: frames=330  dim=900  n_kept=[89, 84, 39, 75, 43]  seqs=['seq_000006', 'seq_000013', 'seq_000030', 'seq_000038', 'seq_000040']
  test[15]: frames=251  dim=900  n_kept=[33, 36, 51, 48, 83]  seqs=['seq_000008', 'seq_000032', 'seq_000034', 'seq_000037', 'seq_000044']
  test[16]: frames=287  dim=900  n_kept=[84, 21, 51, 48, 83]  seqs=['seq_000013', 'seq_000015', 'seq_000034', 'seq_000037', 'seq_000044']
  test[17]: frames=228  dim=900  n_kept=[89, 34, 33, 51, 21]  seqs=['seq_000006', 'seq_000007', 'seq_000008', 'seq_000014', 'seq_000016']
clustering Y dim=900  (downsampled 30x30)

Methods: ['OSC', 'TKSS', 'SSC-TV-L21', 'SSC-TV-L21-col', 'BDOSC']
pooled train mats for tuning=24

BDOSC: fixed lambda_1=0.2, lambda_2=1, gamma_1=0.01, p=1.1, max_iter=50

============================================================
--- Tuning OSC over 24 train mats ---
