host=gl3039.arc-ts.umich.edu  python=/home/lpullela/miniconda3/envs/ssc_559/bin/python  start=Thu Sep  3 00:52:49 EDT 2026  k=5  mode=hetero
=== Ballet Clustering Experiment ===
k=5  n_test=15  n_train_combos=24  n_test_combos=18  n_trials=50  down_hw=30  full_data=False  n_frames ~ Unif[10, 100]  seed=0
hetero_noise=True  sigmas=None  append=False  no_tune=False  known_k=True  csv=ballet_cluster_hetero_results_knownk_blockhet.csv
sequences=44  train_pool=29  test_pool=15  train_combos=24  test_combos=18
train pool: ['seq_000003', 'seq_000035', 'seq_000005', 'seq_000019', 'seq_000024', 'seq_000033', 'seq_000012', 'seq_000002', 'seq_000023', 'seq_000020', 'seq_000022', 'seq_000028', 'seq_000042', 'seq_000011', 'seq_000004', 'seq_000039', 'seq_000017', 'seq_000031', 'seq_000021', 'seq_000029', 'seq_000009', 'seq_000036', 'seq_000043', 'seq_000018', 'seq_000001', 'seq_000025', 'seq_000026', 'seq_000041', 'seq_000027']
test  pool: ['seq_000040', 'seq_000010', 'seq_000007', 'seq_000037', 'seq_000038', 'seq_000014', 'seq_000013', 'seq_000008', 'seq_000044', 'seq_000006', 'seq_000015', 'seq_000030', 'seq_000034', 'seq_000016', 'seq_000032']
train 0 k=5  sequences=['seq_000002', 'seq_000011', 'seq_000017', 'seq_000023', 'seq_000036']
train 1 k=5  sequences=['seq_000001', 'seq_000004', 'seq_000009', 'seq_000017', 'seq_000031']
train 2 k=5  sequences=['seq_000001', 'seq_000002', 'seq_000011', 'seq_000029', 'seq_000043']
train 3 k=5  sequences=['seq_000003', 'seq_000018', 'seq_000026', 'seq_000029', 'seq_000033']
train 4 k=5  sequences=['seq_000002', 'seq_000005', 'seq_000027', 'seq_000028', 'seq_000042']
train 5 k=5  sequences=['seq_000002', 'seq_000011', 'seq_000017', 'seq_000027', 'seq_000031']
train 6 k=5  sequences=['seq_000009', 'seq_000022', 'seq_000025', 'seq_000029', 'seq_000041']
train 7 k=5  sequences=['seq_000009', 'seq_000017', 'seq_000019', 'seq_000020', 'seq_000043']
train 8 k=5  sequences=['seq_000001', 'seq_000005', 'seq_000022', 'seq_000029', 'seq_000042']
train 9 k=5  sequences=['seq_000004', 'seq_000009', 'seq_000012', 'seq_000023', 'seq_000031']
train 10 k=5  sequences=['seq_000002', 'seq_000009', 'seq_000012', 'seq_000018', 'seq_000023']
train 11 k=5  sequences=['seq_000009', 'seq_000012', 'seq_000022', 'seq_000023', 'seq_000036']
train 12 k=5  sequences=['seq_000001', 'seq_000017', 'seq_000023', 'seq_000024', 'seq_000039']
train 13 k=5  sequences=['seq_000028', 'seq_000029', 'seq_000033', 'seq_000035', 'seq_000039']
train 14 k=5  sequences=['seq_000001', 'seq_000023', 'seq_000025', 'seq_000026', 'seq_000039']
train 15 k=5  sequences=['seq_000018', 'seq_000019', 'seq_000020', 'seq_000031', 'seq_000035']
train 16 k=5  sequences=['seq_000022', 'seq_000026', 'seq_000028', 'seq_000033', 'seq_000042']
train 17 k=5  sequences=['seq_000017', 'seq_000020', 'seq_000026', 'seq_000039', 'seq_000041']
train 18 k=5  sequences=['seq_000004', 'seq_000012', 'seq_000022', 'seq_000028', 'seq_000042']
train 19 k=5  sequences=['seq_000021', 'seq_000025', 'seq_000026', 'seq_000029', 'seq_000041']
train 20 k=5  sequences=['seq_000001', 'seq_000021', 'seq_000025', 'seq_000027', 'seq_000041']
train 21 k=5  sequences=['seq_000001', 'seq_000022', 'seq_000024', 'seq_000025', 'seq_000036']
train 22 k=5  sequences=['seq_000011', 'seq_000012', 'seq_000020', 'seq_000027', 'seq_000036']
train 23 k=5  sequences=['seq_000002', 'seq_000018', 'seq_000025', 'seq_000028', 'seq_000039']
test  0 k=5  sequences=['seq_000007', 'seq_000008', 'seq_000015', 'seq_000016', 'seq_000040']
test  1 k=5  sequences=['seq_000008', 'seq_000010', 'seq_000030', 'seq_000037', 'seq_000040']
test  2 k=5  sequences=['seq_000006', 'seq_000007', 'seq_000013', 'seq_000030', 'seq_000040']
test  3 k=5  sequences=['seq_000010', 'seq_000015', 'seq_000034', 'seq_000038', 'seq_000044']
test  4 k=5  sequences=['seq_000007', 'seq_000010', 'seq_000015', 'seq_000034', 'seq_000037']
test  5 k=5  sequences=['seq_000008', 'seq_000013', 'seq_000015', 'seq_000016', 'seq_000034']
test  6 k=5  sequences=['seq_000013', 'seq_000016', 'seq_000030', 'seq_000034', 'seq_000038']
test  7 k=5  sequences=['seq_000008', 'seq_000037', 'seq_000038', 'seq_000040', 'seq_000044']
test  8 k=5  sequences=['seq_000006', 'seq_000032', 'seq_000034', 'seq_000038', 'seq_000040']
test  9 k=5  sequences=['seq_000010', 'seq_000015', 'seq_000034', 'seq_000038', 'seq_000040']
test  10 k=5  sequences=['seq_000007', 'seq_000008', 'seq_000013', 'seq_000032', 'seq_000037']
test  11 k=5  sequences=['seq_000010', 'seq_000014', 'seq_000030', 'seq_000032', 'seq_000040']
test  12 k=5  sequences=['seq_000013', 'seq_000014', 'seq_000015', 'seq_000016', 'seq_000037']
test  13 k=5  sequences=['seq_000007', 'seq_000013', 'seq_000016', 'seq_000030', 'seq_000044']
test  14 k=5  sequences=['seq_000006', 'seq_000013', 'seq_000030', 'seq_000038', 'seq_000040']
test  15 k=5  sequences=['seq_000008', 'seq_000032', 'seq_000034', 'seq_000037', 'seq_000044']
test  16 k=5  sequences=['seq_000013', 'seq_000015', 'seq_000034', 'seq_000037', 'seq_000044']
test  17 k=5  sequences=['seq_000006', 'seq_000007', 'seq_000008', 'seq_000014', 'seq_000016']

Loading 44 sequences once (reused across combinations)
  seq_000001: frames=53  dim=900
  seq_000002: frames=78  dim=900
  seq_000003: frames=13  dim=900
  seq_000004: frames=84  dim=900
  seq_000005: frames=32  dim=900
  seq_000006: frames=89  dim=900
  seq_000007: frames=34  dim=900
  seq_000008: frames=33  dim=900
  seq_000009: frames=68  dim=900
  seq_000010: frames=17  dim=900
  seq_000011: frames=88  dim=900
  seq_000012: frames=86  dim=900
  seq_000013: frames=84  dim=900
  seq_000014: frames=51  dim=900
  seq_000015: frames=21  dim=900
  seq_000016: frames=21  dim=900
  seq_000017: frames=98  dim=900
  seq_000018: frames=44  dim=900
  seq_000019: frames=92  dim=900
  seq_000020: frames=55  dim=900
  seq_000021: frames=11  dim=900
  seq_000022: frames=15  dim=900
  seq_000023: frames=55  dim=900
  seq_000024: frames=20  dim=900
  seq_000025: frames=78  dim=900
  seq_000026: frames=18  dim=900
  seq_000027: frames=36  dim=900
  seq_000028: frames=94  dim=900
  seq_000029: frames=76  dim=900
  seq_000030: frames=39  dim=900
  seq_000031: frames=48  dim=900
  seq_000032: frames=36  dim=900
  seq_000033: frames=48  dim=900
  seq_000034: frames=51  dim=900
  seq_000035: frames=43  dim=900
  seq_000036: frames=80  dim=900
  seq_000037: frames=48  dim=900
  seq_000038: frames=75  dim=900
  seq_000039: frames=89  dim=900
  seq_000040: frames=43  dim=900
  seq_000041: frames=51  dim=900
  seq_000042: frames=80  dim=900
  seq_000043: frames=29  dim=900
  seq_000044: frames=83  dim=900

Building train combinations
  train[0]: frames=399  dim=900  n_kept=[78, 88, 98, 55, 80]  seqs=['seq_000002', 'seq_000011', 'seq_000017', 'seq_000023', 'seq_000036']
  train[1]: frames=351  dim=900  n_kept=[53, 84, 68, 98, 48]  seqs=['seq_000001', 'seq_000004', 'seq_000009', 'seq_000017', 'seq_000031']
  train[2]: frames=324  dim=900  n_kept=[53, 78, 88, 76, 29]  seqs=['seq_000001', 'seq_000002', 'seq_000011', 'seq_000029', 'seq_000043']
  train[3]: frames=199  dim=900  n_kept=[13, 44, 18, 76, 48]  seqs=['seq_000003', 'seq_000018', 'seq_000026', 'seq_000029', 'seq_000033']
  train[4]: frames=320  dim=900  n_kept=[78, 32, 36, 94, 80]  seqs=['seq_000002', 'seq_000005', 'seq_000027', 'seq_000028', 'seq_000042']
  train[5]: frames=348  dim=900  n_kept=[78, 88, 98, 36, 48]  seqs=['seq_000002', 'seq_000011', 'seq_000017', 'seq_000027', 'seq_000031']
  train[6]: frames=288  dim=900  n_kept=[68, 15, 78, 76, 51]  seqs=['seq_000009', 'seq_000022', 'seq_000025', 'seq_000029', 'seq_000041']
  train[7]: frames=342  dim=900  n_kept=[68, 98, 92, 55, 29]  seqs=['seq_000009', 'seq_000017', 'seq_000019', 'seq_000020', 'seq_000043']
  train[8]: frames=256  dim=900  n_kept=[53, 32, 15, 76, 80]  seqs=['seq_000001', 'seq_000005', 'seq_000022', 'seq_000029', 'seq_000042']
  train[9]: frames=341  dim=900  n_kept=[84, 68, 86, 55, 48]  seqs=['seq_000004', 'seq_000009', 'seq_000012', 'seq_000023', 'seq_000031']
  train[10]: frames=331  dim=900  n_kept=[78, 68, 86, 44, 55]  seqs=['seq_000002', 'seq_000009', 'seq_000012', 'seq_000018', 'seq_000023']
  train[11]: frames=304  dim=900  n_kept=[68, 86, 15, 55, 80]  seqs=['seq_000009', 'seq_000012', 'seq_000022', 'seq_000023', 'seq_000036']
  train[12]: frames=315  dim=900  n_kept=[53, 98, 55, 20, 89]  seqs=['seq_000001', 'seq_000017', 'seq_000023', 'seq_000024', 'seq_000039']
  train[13]: frames=350  dim=900  n_kept=[94, 76, 48, 43, 89]  seqs=['seq_000028', 'seq_000029', 'seq_000033', 'seq_000035', 'seq_000039']
  train[14]: frames=293  dim=900  n_kept=[53, 55, 78, 18, 89]  seqs=['seq_000001', 'seq_000023', 'seq_000025', 'seq_000026', 'seq_000039']
  train[15]: frames=282  dim=900  n_kept=[44, 92, 55, 48, 43]  seqs=['seq_000018', 'seq_000019', 'seq_000020', 'seq_000031', 'seq_000035']
  train[16]: frames=255  dim=900  n_kept=[15, 18, 94, 48, 80]  seqs=['seq_000022', 'seq_000026', 'seq_000028', 'seq_000033', 'seq_000042']
  train[17]: frames=311  dim=900  n_kept=[98, 55, 18, 89, 51]  seqs=['seq_000017', 'seq_000020', 'seq_000026', 'seq_000039', 'seq_000041']
  train[18]: frames=359  dim=900  n_kept=[84, 86, 15, 94, 80]  seqs=['seq_000004', 'seq_000012', 'seq_000022', 'seq_000028', 'seq_000042']
  train[19]: frames=234  dim=900  n_kept=[11, 78, 18, 76, 51]  seqs=['seq_000021', 'seq_000025', 'seq_000026', 'seq_000029', 'seq_000041']
  train[20]: frames=229  dim=900  n_kept=[53, 11, 78, 36, 51]  seqs=['seq_000001', 'seq_000021', 'seq_000025', 'seq_000027', 'seq_000041']
  train[21]: frames=246  dim=900  n_kept=[53, 15, 20, 78, 80]  seqs=['seq_000001', 'seq_000022', 'seq_000024', 'seq_000025', 'seq_000036']
  train[22]: frames=345  dim=900  n_kept=[88, 86, 55, 36, 80]  seqs=['seq_000011', 'seq_000012', 'seq_000020', 'seq_000027', 'seq_000036']
  train[23]: frames=383  dim=900  n_kept=[78, 44, 78, 94, 89]  seqs=['seq_000002', 'seq_000018', 'seq_000025', 'seq_000028', 'seq_000039']
Building test combinations
  test[0]: frames=152  dim=900  n_kept=[34, 33, 21, 21, 43]  seqs=['seq_000007', 'seq_000008', 'seq_000015', 'seq_000016', 'seq_000040']
  test[1]: frames=180  dim=900  n_kept=[33, 17, 39, 48, 43]  seqs=['seq_000008', 'seq_000010', 'seq_000030', 'seq_000037', 'seq_000040']
  test[2]: frames=289  dim=900  n_kept=[89, 34, 84, 39, 43]  seqs=['seq_000006', 'seq_000007', 'seq_000013', 'seq_000030', 'seq_000040']
  test[3]: frames=247  dim=900  n_kept=[17, 21, 51, 75, 83]  seqs=['seq_000010', 'seq_000015', 'seq_000034', 'seq_000038', 'seq_000044']
  test[4]: frames=171  dim=900  n_kept=[34, 17, 21, 51, 48]  seqs=['seq_000007', 'seq_000010', 'seq_000015', 'seq_000034', 'seq_000037']
  test[5]: frames=210  dim=900  n_kept=[33, 84, 21, 21, 51]  seqs=['seq_000008', 'seq_000013', 'seq_000015', 'seq_000016', 'seq_000034']
  test[6]: frames=270  dim=900  n_kept=[84, 21, 39, 51, 75]  seqs=['seq_000013', 'seq_000016', 'seq_000030', 'seq_000034', 'seq_000038']
  test[7]: frames=282  dim=900  n_kept=[33, 48, 75, 43, 83]  seqs=['seq_000008', 'seq_000037', 'seq_000038', 'seq_000040', 'seq_000044']
  test[8]: frames=294  dim=900  n_kept=[89, 36, 51, 75, 43]  seqs=['seq_000006', 'seq_000032', 'seq_000034', 'seq_000038', 'seq_000040']
  test[9]: frames=207  dim=900  n_kept=[17, 21, 51, 75, 43]  seqs=['seq_000010', 'seq_000015', 'seq_000034', 'seq_000038', 'seq_000040']
  test[10]: frames=235  dim=900  n_kept=[34, 33, 84, 36, 48]  seqs=['seq_000007', 'seq_000008', 'seq_000013', 'seq_000032', 'seq_000037']
  test[11]: frames=186  dim=900  n_kept=[17, 51, 39, 36, 43]  seqs=['seq_000010', 'seq_000014', 'seq_000030', 'seq_000032', 'seq_000040']
  test[12]: frames=225  dim=900  n_kept=[84, 51, 21, 21, 48]  seqs=['seq_000013', 'seq_000014', 'seq_000015', 'seq_000016', 'seq_000037']
  test[13]: frames=261  dim=900  n_kept=[34, 84, 21, 39, 83]  seqs=['seq_000007', 'seq_000013', 'seq_000016', 'seq_000030', 'seq_000044']
  test[14]: frames=330  dim=900  n_kept=[89, 84, 39, 75, 43]  seqs=['seq_000006', 'seq_000013', 'seq_000030', 'seq_000038', 'seq_000040']
  test[15]: frames=251  dim=900  n_kept=[33, 36, 51, 48, 83]  seqs=['seq_000008', 'seq_000032', 'seq_000034', 'seq_000037', 'seq_000044']
  test[16]: frames=287  dim=900  n_kept=[84, 21, 51, 48, 83]  seqs=['seq_000013', 'seq_000015', 'seq_000034', 'seq_000037', 'seq_000044']
  test[17]: frames=228  dim=900  n_kept=[89, 34, 33, 51, 21]  seqs=['seq_000006', 'seq_000007', 'seq_000008', 'seq_000014', 'seq_000016']
train[0] hetero noise over 399 frames:  σ ~ Unif[0, 1]  mean=0.531  std=0.295  min=0.000  max=0.997  q25=0.284  q50=0.557  q75=0.798
train[1] hetero noise over 351 frames:  σ ~ Unif[0, 1]  mean=0.502  std=0.281  min=0.001  max=0.998  q25=0.261  q50=0.508  q75=0.727
train[2] hetero noise over 324 frames:  σ ~ Unif[0, 1]  mean=0.514  std=0.285  min=0.001  max=0.993  q25=0.287  q50=0.513  q75=0.741
train[3] hetero noise over 199 frames:  σ ~ Unif[0, 1]  mean=0.508  std=0.290  min=0.000  max=0.991  q25=0.289  q50=0.519  q75=0.745
train[4] hetero noise over 320 frames:  σ ~ Unif[0, 1]  mean=0.501  std=0.284  min=0.001  max=0.999  q25=0.258  q50=0.512  q75=0.742
train[5] hetero noise over 348 frames:  σ ~ Unif[0, 1]  mean=0.509  std=0.282  min=0.000  max=0.995  q25=0.265  q50=0.513  q75=0.746
train[6] hetero noise over 288 frames:  σ ~ Unif[0, 1]  mean=0.497  std=0.287  min=0.007  max=1.000  q25=0.252  q50=0.501  q75=0.749
train[7] hetero noise over 342 frames:  σ ~ Unif[0, 1]  mean=0.496  std=0.285  min=0.000  max=0.997  q25=0.264  q50=0.484  q75=0.731
train[8] hetero noise over 256 frames:  σ ~ Unif[0, 1]  mean=0.519  std=0.291  min=0.003  max=0.997  q25=0.283  q50=0.526  q75=0.773
train[9] hetero noise over 341 frames:  σ ~ Unif[0, 1]  mean=0.490  std=0.286  min=0.001  max=0.999  q25=0.241  q50=0.489  q75=0.732
train[10] hetero noise over 331 frames:  σ ~ Unif[0, 1]  mean=0.469  std=0.290  min=0.003  max=0.993  q25=0.234  q50=0.439  q75=0.731
train[11] hetero noise over 304 frames:  σ ~ Unif[0, 1]  mean=0.479  std=0.288  min=0.004  max=0.985  q25=0.251  q50=0.471  q75=0.745
train[12] hetero noise over 315 frames:  σ ~ Unif[0, 1]  mean=0.503  std=0.291  min=0.002  max=0.998  q25=0.249  q50=0.516  q75=0.759
train[13] hetero noise over 350 frames:  σ ~ Unif[0, 1]  mean=0.493  std=0.286  min=0.007  max=0.998  q25=0.235  q50=0.474  q75=0.739
train[14] hetero noise over 293 frames:  σ ~ Unif[0, 1]  mean=0.500  std=0.284  min=0.003  max=0.997  q25=0.241  q50=0.489  q75=0.746
train[15] hetero noise over 282 frames:  σ ~ Unif[0, 1]  mean=0.510  std=0.281  min=0.009  max=1.000  q25=0.290  q50=0.518  q75=0.731
train[16] hetero noise over 255 frames:  σ ~ Unif[0, 1]  mean=0.518  std=0.294  min=0.005  max=0.996  q25=0.263  q50=0.550  q75=0.784
train[17] hetero noise over 311 frames:  σ ~ Unif[0, 1]  mean=0.500  std=0.279  min=0.001  max=0.997  q25=0.251  q50=0.509  q75=0.716
train[18] hetero noise over 359 frames:  σ ~ Unif[0, 1]  mean=0.502  std=0.290  min=0.003  max=0.998  q25=0.252  q50=0.517  q75=0.759
train[19] hetero noise over 234 frames:  σ ~ Unif[0, 1]  mean=0.500  std=0.286  min=0.017  max=0.995  q25=0.242  q50=0.508  q75=0.753
train[20] hetero noise over 229 frames:  σ ~ Unif[0, 1]  mean=0.471  std=0.281  min=0.002  max=0.997  q25=0.238  q50=0.435  q75=0.709
train[21] hetero noise over 246 frames:  σ ~ Unif[0, 1]  mean=0.506  std=0.284  min=0.006  max=1.000  q25=0.236  q50=0.526  q75=0.750
train[22] hetero noise over 345 frames:  σ ~ Unif[0, 1]  mean=0.507  std=0.288  min=0.002  max=0.997  q25=0.253  q50=0.507  q75=0.769
train[23] hetero noise over 383 frames:  σ ~ Unif[0, 1]  mean=0.482  std=0.297  min=0.001  max=0.999  q25=0.213  q50=0.495  q75=0.729
test[0] hetero noise over 152 frames:  σ ~ Unif[0, 1]  mean=0.488  std=0.291  min=0.002  max=0.992  q25=0.248  q50=0.510  q75=0.737
test[1] hetero noise over 180 frames:  σ ~ Unif[0, 1]  mean=0.526  std=0.264  min=0.010  max=1.000  q25=0.325  q50=0.528  q75=0.743
test[2] hetero noise over 289 frames:  σ ~ Unif[0, 1]  mean=0.494  std=0.300  min=0.001  max=0.994  q25=0.230  q50=0.476  q75=0.765
test[3] hetero noise over 247 frames:  σ ~ Unif[0, 1]  mean=0.507  std=0.284  min=0.001  max=0.998  q25=0.262  q50=0.544  q75=0.735
test[4] hetero noise over 171 frames:  σ ~ Unif[0, 1]  mean=0.499  std=0.291  min=0.010  max=0.984  q25=0.250  q50=0.486  q75=0.762
test[5] hetero noise over 210 frames:  σ ~ Unif[0, 1]  mean=0.518  std=0.280  min=0.021  max=1.000  q25=0.283  q50=0.512  q75=0.761
test[6] hetero noise over 270 frames:  σ ~ Unif[0, 1]  mean=0.516  std=0.294  min=0.013  max=0.998  q25=0.265  q50=0.545  q75=0.767
test[7] hetero noise over 282 frames:  σ ~ Unif[0, 1]  mean=0.491  std=0.295  min=0.019  max=0.997  q25=0.209  q50=0.486  q75=0.736
test[8] hetero noise over 294 frames:  σ ~ Unif[0, 1]  mean=0.491  std=0.274  min=0.005  max=0.997  q25=0.257  q50=0.472  q75=0.721
test[9] hetero noise over 207 frames:  σ ~ Unif[0, 1]  mean=0.503  std=0.295  min=0.007  max=0.996  q25=0.245  q50=0.526  q75=0.733
test[10] hetero noise over 235 frames:  σ ~ Unif[0, 1]  mean=0.508  std=0.288  min=0.006  max=1.000  q25=0.272  q50=0.491  q75=0.775
test[11] hetero noise over 186 frames:  σ ~ Unif[0, 1]  mean=0.514  std=0.280  min=0.010  max=0.993  q25=0.285  q50=0.510  q75=0.762
test[12] hetero noise over 225 frames:  σ ~ Unif[0, 1]  mean=0.501  std=0.286  min=0.005  max=0.998  q25=0.260  q50=0.505  q75=0.758
test[13] hetero noise over 261 frames:  σ ~ Unif[0, 1]  mean=0.508  std=0.280  min=0.002  max=0.997  q25=0.262  q50=0.513  q75=0.748
test[14] hetero noise over 330 frames:  σ ~ Unif[0, 1]  mean=0.489  std=0.295  min=0.002  max=0.998  q25=0.227  q50=0.484  q75=0.751
test[15] hetero noise over 251 frames:  σ ~ Unif[0, 1]  mean=0.504  std=0.288  min=0.008  max=0.999  q25=0.250  q50=0.490  q75=0.757
test[16] hetero noise over 287 frames:  σ ~ Unif[0, 1]  mean=0.516  std=0.298  min=0.003  max=0.998  q25=0.261  q50=0.518  q75=0.803
test[17] hetero noise over 228 frames:  σ ~ Unif[0, 1]  mean=0.476  std=0.285  min=0.010  max=0.996  q25=0.227  q50=0.466  q75=0.733
clustering Y dim=900  (downsampled 30x30)

Methods: ['SSC-Block-TV', 'OSC', 'TKSS', 'BDOSC', 'Gram-NCut']
pooled train mats for tuning=24

BDOSC: fixed lambda_1=0.2, lambda_2=1, gamma_1=0.01, p=1.1, max_iter=50

Gram-NCut: fixed 

============================================================
--- Tuning SSC-Block-TV over 24 train mats  n_trials=75 (3 params) ---
  SSC-Block-TV trial 0: mean ARI=0.6653  n=24  23.5s  lambda_e=1, lambda_z=0.1, gamma_q=0.1
  SSC-Block-TV trial 1: mean ARI=0.5351  n=24  20.5s  lambda_e=0.443, lambda_z=0.7257, gamma_q=0.2577
  SSC-Block-TV trial 2: mean ARI=0.6580  n=24  21.2s  lambda_e=0.4312, lambda_z=0.0495, gamma_q=0.3833
  SSC-Block-TV trial 3: mean ARI=0.5250  n=24  22.0s  lambda_e=0.2055, lambda_z=3.691, gamma_q=7.156
  SSC-Block-TV trial 4: mean ARI=0.5926  n=24  22.5s  lambda_e=0.1414, lambda_z=1.469, gamma_q=0.1305
  SSC-Block-TV trial 5: mean ARI=0.5500  n=24  24.3s  lambda_e=0.506, lambda_z=5.039, gamma_q=0.001924
  SSC-Block-TV trial 6: mean ARI=0.6488  n=24  23.9s  lambda_e=0.01826, lambda_z=0.001205, gamma_q=2.14
  SSC-Block-TV trial 7: mean ARI=0.4490  n=24  22.0s  lambda_e=2.16, lambda_z=3.02, gamma_q=8.212
  SSC-Block-TV trial 8: mean ARI=0.6243  n=24  25.8s  lambda_e=2.497, lambda_z=0.07013, gamma_q=1.325
  SSC-Block-TV trial 9: mean ARI=0.7271  n=24  23.4s  lambda_e=0.02264, lambda_z=0.3628, gamma_q=0.003745
  SSC-Block-TV trial 10: mean ARI=0.7825  n=24  24.7s  lambda_e=0.01151, lambda_z=0.001661, gamma_q=0.001211
  SSC-Block-TV trial 11: mean ARI=0.7765  n=24  25.8s  lambda_e=0.01149, lambda_z=0.001291, gamma_q=0.001066
  SSC-Block-TV trial 12: mean ARI=0.6740  n=24  24.3s  lambda_e=0.01201, lambda_z=0.00173, gamma_q=0.009969
  SSC-Block-TV trial 13: mean ARI=0.7686  n=24  23.1s  lambda_e=0.0618, lambda_z=0.006175, gamma_q=0.0116
  SSC-Block-TV trial 14: mean ARI=0.7819  n=24  23.2s  lambda_e=9.946, lambda_z=0.01047, gamma_q=0.001061
  SSC-Block-TV trial 15: mean ARI=0.7844  n=24  22.2s  lambda_e=9.241, lambda_z=0.009664, gamma_q=0.01161
  SSC-Block-TV trial 16: mean ARI=0.7473  n=24  22.9s  lambda_e=0.04552, lambda_z=0.007987, gamma_q=0.02825
  SSC-Block-TV trial 17: mean ARI=0.7464  n=24  25.1s  lambda_e=7.949, lambda_z=0.02817, gamma_q=0.005872
  SSC-Block-TV trial 18: mean ARI=0.6593  n=24  22.5s  lambda_e=3.376, lambda_z=0.003568, gamma_q=0.02649
  SSC-Block-TV trial 19: mean ARI=0.7599  n=24  24.8s  lambda_e=0.1116, lambda_z=0.01935, gamma_q=0.04223
  SSC-Block-TV trial 20: mean ARI=0.7912  n=24  24.4s  lambda_e=0.9626, lambda_z=0.00279, gamma_q=0.00402
  SSC-Block-TV trial 21: mean ARI=0.7997  n=24  25.1s  lambda_e=4.212, lambda_z=0.002931, gamma_q=0.003426
  SSC-Block-TV trial 22: mean ARI=0.7945  n=24  22.9s  lambda_e=4.939, lambda_z=0.00329, gamma_q=0.003307
  SSC-Block-TV trial 23: mean ARI=0.7980  n=24  22.9s  lambda_e=4.339, lambda_z=0.002796, gamma_q=0.003055
  SSC-Block-TV trial 24: mean ARI=0.7735  n=24  22.9s  lambda_e=4.568, lambda_z=0.003779, gamma_q=0.002845
  SSC-Block-TV trial 25: mean ARI=0.7561  n=24  22.9s  lambda_e=4.485, lambda_z=0.01819, gamma_q=0.006903
  SSC-Block-TV trial 26: mean ARI=0.7026  n=24  22.9s  lambda_e=1.356, lambda_z=0.003992, gamma_q=0.01999
  SSC-Block-TV trial 27: mean ARI=0.6392  n=24  22.9s  lambda_e=5.681, lambda_z=0.1606, gamma_q=0.002198
  SSC-Block-TV trial 28: mean ARI=0.7922  n=24  23.3s  lambda_e=1.864, lambda_z=0.002741, gamma_q=0.00535
  SSC-Block-TV trial 29: mean ARI=0.6640  n=24  20.4s  lambda_e=0.8958, lambda_z=0.005474, gamma_q=0.08021
  SSC-Block-TV trial 30: mean ARI=0.7525  n=24  20.4s  lambda_e=3.331, lambda_z=0.03266, gamma_q=0.002165
  SSC-Block-TV trial 31: mean ARI=0.7896  n=24  20.4s  lambda_e=1.601, lambda_z=0.002401, gamma_q=0.005219
  SSC-Block-TV trial 32: mean ARI=0.6425  n=24  20.4s  lambda_e=5.969, lambda_z=0.001025, gamma_q=0.01479
  SSC-Block-TV trial 33: mean ARI=0.7534  n=24  20.5s  lambda_e=2.137, lambda_z=0.01456, gamma_q=0.006245
  SSC-Block-TV trial 34: mean ARI=0.7785  n=24  20.4s  lambda_e=0.6738, lambda_z=0.002397, gamma_q=0.001787
  SSC-Block-TV trial 35: mean ARI=0.7768  n=24  20.4s  lambda_e=1.444, lambda_z=0.007581, gamma_q=0.003726
  SSC-Block-TV trial 36: mean ARI=0.7858  n=24  20.4s  lambda_e=3.343, lambda_z=0.005174, gamma_q=0.00778
  SSC-Block-TV trial 37: mean ARI=0.6367  n=24  20.5s  lambda_e=0.3199, lambda_z=0.002415, gamma_q=0.04764
  SSC-Block-TV trial 38: mean ARI=0.7681  n=24  20.4s  lambda_e=6.168, lambda_z=0.01199, gamma_q=0.003091
  SSC-Block-TV trial 39: mean ARI=0.6440  n=24  20.4s  lambda_e=2.642, lambda_z=0.001767, gamma_q=0.3083
  SSC-Block-TV trial 40: mean ARI=0.7720  n=24  22.0s  lambda_e=1.828, lambda_z=0.001017, gamma_q=0.001818
  SSC-Block-TV trial 41: mean ARI=0.7907  n=24  22.2s  lambda_e=3.784, lambda_z=0.003099, gamma_q=0.004317
  SSC-Block-TV trial 42: mean ARI=0.7748  n=24  21.6s  lambda_e=1.021, lambda_z=0.004603, gamma_q=0.003209
  SSC-Block-TV trial 43: mean ARI=0.6567  n=24  22.4s  lambda_e=0.938, lambda_z=0.002548, gamma_q=0.01786
  SSC-Block-TV trial 44: mean ARI=0.7965  n=24  22.0s  lambda_e=0.3076, lambda_z=0.001619, gamma_q=0.001571
  SSC-Block-TV trial 45: mean ARI=0.7871  n=24  19.9s  lambda_e=0.3497, lambda_z=0.001612, gamma_q=0.001434
  SSC-Block-TV trial 46: mean ARI=0.6440  n=24  19.9s  lambda_e=0.2278, lambda_z=0.00176, gamma_q=0.6863
  SSC-Block-TV trial 47: mean ARI=0.7863  n=24  19.9s  lambda_e=0.5375, lambda_z=0.005939, gamma_q=0.009601
  SSC-Block-TV trial 48: mean ARI=0.5050  n=24  19.9s  lambda_e=7.559, lambda_z=1.14, gamma_q=0.002545
  SSC-Block-TV trial 49: mean ARI=0.7974  n=24  19.9s  lambda_e=0.1227, lambda_z=0.007358, gamma_q=0.00139
  SSC-Block-TV trial 50: mean ARI=0.7533  n=24  19.9s  lambda_e=0.1249, lambda_z=0.02992, gamma_q=0.001471
  SSC-Block-TV trial 51: mean ARI=0.6689  n=24  19.9s  lambda_e=0.07541, lambda_z=0.006955, gamma_q=5.046
  SSC-Block-TV trial 52: mean ARI=0.7869  n=24  19.9s  lambda_e=0.1968, lambda_z=0.001392, gamma_q=0.001218
  SSC-Block-TV trial 53: mean ARI=0.7863  n=24  19.8s  lambda_e=0.0342, lambda_z=0.003827, gamma_q=0.001049
  SSC-Block-TV trial 54: mean ARI=0.7770  n=24  19.8s  lambda_e=0.08589, lambda_z=0.00909, gamma_q=0.004763
  SSC-Block-TV trial 55: mean ARI=0.7956  n=24  19.9s  lambda_e=2.856, lambda_z=0.001891, gamma_q=0.002072
  SSC-Block-TV trial 56: mean ARI=0.7877  n=24  19.9s  lambda_e=4.462, lambda_z=0.001926, gamma_q=0.001821
  SSC-Block-TV trial 57: mean ARI=0.7874  n=24  22.3s  lambda_e=2.488, lambda_z=0.004515, gamma_q=0.002364
  SSC-Block-TV trial 58: mean ARI=0.7719  n=24  25.0s  lambda_e=0.1934, lambda_z=0.001364, gamma_q=0.003075
  SSC-Block-TV trial 59: mean ARI=0.7836  n=24  21.9s  lambda_e=0.04587, lambda_z=0.01373, gamma_q=0.001542
  SSC-Block-TV trial 60: mean ARI=0.6828  n=24  21.5s  lambda_e=7.439, lambda_z=0.06573, gamma_q=0.01036
  SSC-Block-TV trial 61: mean ARI=0.7771  n=24  21.8s  lambda_e=2.822, lambda_z=0.003281, gamma_q=0.00707
  SSC-Block-TV trial 62: mean ARI=0.7782  n=24  21.8s  lambda_e=5.385, lambda_z=0.002086, gamma_q=0.004565
  SSC-Block-TV trial 63: mean ARI=0.7768  n=24  21.8s  lambda_e=2.096, lambda_z=0.003095, gamma_q=0.002623
  SSC-Block-TV trial 64: mean ARI=0.7960  n=24  21.7s  lambda_e=4.13, lambda_z=0.00575, gamma_q=0.001003
  SSC-Block-TV trial 65: mean ARI=0.8044  n=24  21.8s  lambda_e=4.11, lambda_z=0.00633, gamma_q=0.001046
  SSC-Block-TV trial 66: mean ARI=0.8005  n=24  21.8s  lambda_e=3.9, lambda_z=0.008823, gamma_q=0.001029
  SSC-Block-TV trial 67: mean ARI=0.7666  n=24  21.8s  lambda_e=3.907, lambda_z=0.02063, gamma_q=0.001003
  SSC-Block-TV trial 68: mean ARI=0.8053  n=24  23.9s  lambda_e=0.01751, lambda_z=0.007813, gamma_q=0.00141
  SSC-Block-TV trial 69: mean ARI=0.7737  n=24  24.0s  lambda_e=0.01574, lambda_z=0.01032, gamma_q=0.001518
  SSC-Block-TV trial 70: mean ARI=0.7709  n=24  24.1s  lambda_e=0.02616, lambda_z=0.01605, gamma_q=0.001462
  SSC-Block-TV trial 71: mean ARI=0.8056  n=24  24.1s  lambda_e=6.972, lambda_z=0.007707, gamma_q=0.001251
  SSC-Block-TV trial 72: mean ARI=0.8056  n=24  24.2s  lambda_e=9.06, lambda_z=0.007218, gamma_q=0.00123
  SSC-Block-TV trial 73: mean ARI=0.7671  n=24  24.1s  lambda_e=7.629, lambda_z=0.02354, gamma_q=0.001278
  SSC-Block-TV trial 74: mean ARI=0.7318  n=24  24.0s  lambda_e=9.852, lambda_z=0.03906, gamma_q=0.002078
  best mean ARI=0.8056  tune 1663.6s  lambda_e=6.972, lambda_z=0.007707, gamma_q=0.001251, block_size=5
  wrote /nfs/turbo/umms-minjilab/lpullela/icassp_ssc_tv2/ballet_dataset/ballet_cluster_hetero_params_knownk_blockhet.json

============================================================
--- Tuning OSC over 24 train mats  n_trials=50 (2 params) ---
  OSC trial 0: mean ARI=0.7549  n=24  34.9s  lambda_1=0.1, lambda_2=0.1
  OSC trial 1: mean ARI=0.7385  n=24  35.1s  lambda_1=0.1568, lambda_2=0.7257
  OSC trial 2: mean ARI=0.7324  n=24  34.2s  lambda_1=0.2577, lambda_2=0.1512
  OSC trial 3: mean ARI=0.7630  n=24  33.9s  lambda_1=0.0495, lambda_2=0.3833
  OSC trial 4: mean ARI=0.7580  n=24  34.4s  lambda_1=0.05628, lambda_2=3.691
  OSC trial 5: mean ARI=0.0037  n=24  31.5s  lambda_1=7.156, lambda_2=0.03418
  OSC trial 6: mean ARI=0.0037  n=24  32.1s  lambda_1=1.469, lambda_2=0.1305
  OSC trial 7: mean ARI=0.7395  n=24  33.8s  lambda_1=0.1871, lambda_2=5.039
  OSC trial 8: mean ARI=0.7684  n=24  35.7s  lambda_1=0.001924, lambda_2=0.002231
  OSC trial 9: mean ARI=0.7767  n=24  32.8s  lambda_1=0.001205, lambda_2=2.14
  OSC trial 10: mean ARI=0.7548  n=24  34.0s  lambda_1=0.001206, lambda_2=0.001659
  OSC trial 11: mean ARI=0.7548  n=24  34.8s  lambda_1=0.001211, lambda_2=0.001203
  OSC trial 12: mean ARI=0.7709  n=24  28.8s  lambda_1=0.007272, lambda_2=0.01293
  OSC trial 13: mean ARI=0.7709  n=24  28.2s  lambda_1=0.00633, lambda_2=0.01203
  OSC trial 14: mean ARI=0.7709  n=24  28.3s  lambda_1=0.009944, lambda_2=0.008844
  OSC trial 15: mean ARI=0.7864  n=24  37.9s  lambda_1=0.01208, lambda_2=1.053
  OSC trial 16: mean ARI=0.7747  n=24  49.1s  lambda_1=0.0217, lambda_2=1.853
  OSC trial 17: mean ARI=0.7765  n=24  32.6s  lambda_1=0.00369, lambda_2=9.574
  OSC trial 18: mean ARI=0.7788  n=24  30.8s  lambda_1=0.01759, lambda_2=0.8299
  OSC trial 19: mean ARI=0.7744  n=24  30.7s  lambda_1=0.023, lambda_2=0.731
  OSC trial 20: mean ARI=0.6706  n=24  30.8s  lambda_1=0.659, lambda_2=0.3888
  OSC trial 21: mean ARI=0.7765  n=24  35.7s  lambda_1=0.003223, lambda_2=1.371
  OSC trial 22: mean ARI=0.7866  n=24  35.1s  lambda_1=0.01445, lambda_2=1.549
  OSC trial 23: mean ARI=0.7788  n=24  38.2s  lambda_1=0.01825, lambda_2=0.395
  OSC trial 24: mean ARI=0.7626  n=24  35.1s  lambda_1=0.03887, lambda_2=0.923
  OSC trial 25: mean ARI=0.7864  n=24  34.7s  lambda_1=0.0134, lambda_2=4.072
  OSC trial 26: mean ARI=0.7771  n=24  33.1s  lambda_1=0.009283, lambda_2=9.327
  OSC trial 27: mean ARI=0.7765  n=24  32.8s  lambda_1=0.004663, lambda_2=3.055
  OSC trial 28: mean ARI=0.7592  n=24  33.1s  lambda_1=0.08146, lambda_2=5.432
  OSC trial 29: mean ARI=0.7771  n=24  33.6s  lambda_1=0.01223, lambda_2=0.06083
  OSC trial 30: mean ARI=0.7682  n=24  32.3s  lambda_1=0.02795, lambda_2=0.2535
  OSC trial 31: mean ARI=0.7867  n=24  30.7s  lambda_1=0.01648, lambda_2=1.489
  OSC trial 32: mean ARI=0.7585  n=24  35.1s  lambda_1=0.09187, lambda_2=1.577
  OSC trial 33: mean ARI=0.7767  n=24  34.0s  lambda_1=0.002905, lambda_2=2.72
  OSC trial 34: mean ARI=0.7626  n=24  35.6s  lambda_1=0.03684, lambda_2=1.226
  OSC trial 35: mean ARI=0.7864  n=24  32.0s  lambda_1=0.01276, lambda_2=0.1936
  OSC trial 36: mean ARI=0.7592  n=24  34.3s  lambda_1=0.07123, lambda_2=0.5032
  OSC trial 37: mean ARI=0.7131  n=24  31.4s  lambda_1=0.4167, lambda_2=5.253
  OSC trial 38: mean ARI=0.7765  n=24  33.7s  lambda_1=0.005523, lambda_2=0.5741
  OSC trial 39: mean ARI=0.7565  n=24  33.9s  lambda_1=0.1232, lambda_2=4.019
  OSC trial 40: mean ARI=0.0037  n=24  34.0s  lambda_1=4.628, lambda_2=0.0936
  OSC trial 41: mean ARI=0.7864  n=24  34.8s  lambda_1=0.01346, lambda_2=0.3102
  OSC trial 42: mean ARI=0.7627  n=24  32.9s  lambda_1=0.04475, lambda_2=0.2144
  OSC trial 43: mean ARI=0.7842  n=24  31.9s  lambda_1=0.01065, lambda_2=2.31
  OSC trial 44: mean ARI=0.7714  n=24  35.0s  lambda_1=0.03022, lambda_2=0.0306
  OSC trial 45: mean ARI=0.7767  n=24  35.8s  lambda_1=0.002531, lambda_2=0.1611
  OSC trial 46: mean ARI=0.7788  n=24  34.2s  lambda_1=0.01711, lambda_2=1.066
  OSC trial 47: mean ARI=0.7765  n=24  30.6s  lambda_1=0.007145, lambda_2=3.982
  OSC trial 48: mean ARI=0.7580  n=24  38.5s  lambda_1=0.05689, lambda_2=1.756
  OSC trial 49: mean ARI=0.7765  n=24  34.0s  lambda_1=0.007852, lambda_2=6.927
  best mean ARI=0.7867  tune 1690.4s  lambda_1=0.01648, lambda_2=1.489
  wrote /nfs/turbo/umms-minjilab/lpullela/icassp_ssc_tv2/ballet_dataset/ballet_cluster_hetero_params_knownk_blockhet.json

============================================================
--- Tuning TKSS over 24 train mats  n_trials=75 (3 params) ---
  TKSS trial 0: mean ARI=0.6097  n=24  96.7s  d=5, lam=1, s=2
  TKSS trial 1: mean ARI=0.6068  n=24  89.2s  d=9, lam=1.398, s=4
  TKSS trial 2: mean ARI=0.6016  n=24  19.1s  d=9, lam=0.1866, s=4
  TKSS trial 3: mean ARI=0.6088  n=24  50.3s  d=7, lam=4.735, s=6
  TKSS trial 4: mean ARI=0.6071  n=24  41.3s  d=6, lam=2.372, s=4
  TKSS trial 5: mean ARI=0.6011  n=24  18.2s  d=9, lam=5.981, s=1
  TKSS trial 6: mean ARI=0.6472  n=24  127.1s  d=2, lam=0.0115, s=5
  TKSS trial 7: mean ARI=0.6029  n=24  95.7s  d=12, lam=4.074, s=6
  TKSS trial 8: mean ARI=0.6053  n=24  71.5s  d=12, lam=0.2423, s=5
  TKSS trial 9: mean ARI=0.6344  n=24  151.4s  d=2, lam=0.8313, s=1
  TKSS trial 10: mean ARI=0.6040  n=24  52.5s  d=15, lam=0.01262, s=3
  TKSS trial 11: mean ARI=0.5732  n=24  151.5s  d=1, lam=0.01211, s=1
  TKSS trial 12: mean ARI=0.5778  n=24  88.4s  d=1, lam=0.05122, s=2
  TKSS trial 13: mean ARI=0.6274  n=24  74.1s  d=3, lam=0.2955, s=3
  TKSS trial 14: mean ARI=0.6223  n=24  102.1s  d=3, lam=0.06854, s=5
  TKSS trial 15: mean ARI=0.6177  n=24  69.4s  d=3, lam=0.03306, s=2
  TKSS trial 16: mean ARI=0.6266  n=24  77.3s  d=4, lam=0.484, s=5
  TKSS trial 17: mean ARI=0.5853  n=24  137.1s  d=1, lam=0.09033, s=3
  TKSS trial 18: mean ARI=0.6381  n=24  72.5s  d=2, lam=0.02297, s=1
  TKSS trial 19: mean ARI=0.6089  n=24  83.9s  d=5, lam=0.02869, s=6
  TKSS trial 20: mean ARI=0.6059  n=24  61.8s  d=7, lam=0.02159, s=2
  TKSS trial 21: mean ARI=0.6463  n=24  107.3s  d=2, lam=0.1292, s=1
  TKSS trial 22: mean ARI=0.6472  n=24  81.4s  d=2, lam=0.1396, s=1
  TKSS trial 23: mean ARI=0.6087  n=24  63.3s  d=4, lam=0.09817, s=1
  TKSS trial 24: mean ARI=0.6403  n=24  145.1s  d=2, lam=0.1249, s=2
  TKSS trial 25: mean ARI=0.6114  n=24  86.5s  d=4, lam=0.4368, s=3
  TKSS trial 26: mean ARI=0.5694  n=24  144.4s  d=1, lam=0.05476, s=1
  TKSS trial 27: mean ARI=0.6211  n=24  54.7s  d=3, lam=0.1556, s=2
  TKSS trial 28: mean ARI=0.6122  n=24  91.1s  d=5, lam=0.426, s=4
  TKSS trial 29: mean ARI=0.6099  n=24  62.0s  d=5, lam=0.8431, s=2
  TKSS trial 30: mean ARI=0.6476  n=24  81.3s  d=2, lam=0.05045, s=5
  TKSS trial 31: mean ARI=0.6469  n=24  74.8s  d=2, lam=0.0173, s=5
  TKSS trial 32: mean ARI=0.6471  n=24  63.7s  d=2, lam=0.01072, s=5
  TKSS trial 33: mean ARI=0.6124  n=24  48.3s  d=4, lam=0.0344, s=5
  TKSS trial 34: mean ARI=0.6157  n=24  54.4s  d=3, lam=0.01201, s=4
  TKSS trial 35: mean ARI=0.6060  n=24  32.7s  d=6, lam=0.01003, s=6
  TKSS trial 36: mean ARI=0.6041  n=24  98.7s  d=1, lam=0.04428, s=5
  TKSS trial 37: mean ARI=0.6507  n=24  115.5s  d=2, lam=0.01737, s=4
  TKSS trial 38: mean ARI=0.6061  n=24  49.7s  d=6, lam=0.01662, s=4
  TKSS trial 39: mean ARI=0.6145  n=24  77.2s  d=4, lam=0.06784, s=4
  TKSS trial 40: mean ARI=0.6067  n=24  45.6s  d=7, lam=0.0187, s=6
  TKSS trial 41: mean ARI=0.6442  n=24  86.9s  d=2, lam=0.02734, s=5
  TKSS trial 42: mean ARI=0.6528  n=24  35.0s  d=2, lam=0.01719, s=6
  TKSS trial 43: mean ARI=0.6070  n=24  55.5s  d=1, lam=0.0376, s=6
  TKSS trial 44: mean ARI=0.6178  n=24  13.8s  d=3, lam=0.01546, s=6
  TKSS trial 45: mean ARI=0.5891  n=24  69.5s  d=1, lam=0.02389, s=4
  TKSS trial 46: mean ARI=0.6319  n=24  50.9s  d=3, lam=1.701, s=6
  TKSS trial 47: mean ARI=0.6031  n=24  7.4s  d=14, lam=0.2168, s=5
  TKSS trial 48: mean ARI=0.6028  n=24  5.6s  d=10, lam=0.07329, s=3
  TKSS trial 49: mean ARI=0.6583  n=24  16.4s  d=2, lam=0.04533, s=6
  TKSS trial 50: mean ARI=0.6231  n=24  11.2s  d=3, lam=0.04993, s=6
  TKSS trial 51: mean ARI=0.6529  n=24  16.0s  d=2, lam=0.01522, s=6
  TKSS trial 52: mean ARI=0.6538  n=24  15.4s  d=2, lam=0.01456, s=6
  TKSS trial 53: mean ARI=0.5909  n=24  20.7s  d=1, lam=0.01365, s=6
  TKSS trial 54: mean ARI=0.6491  n=24  15.1s  d=2, lam=0.02176, s=6
  TKSS trial 55: mean ARI=0.6238  n=24  11.8s  d=3, lam=0.02212, s=6
  TKSS trial 56: mean ARI=0.6074  n=24  22.3s  d=1, lam=0.02918, s=6
  TKSS trial 57: mean ARI=0.6114  n=24  8.9s  d=4, lam=0.01863, s=6
  TKSS trial 58: mean ARI=0.6537  n=24  15.3s  d=2, lam=0.03966, s=6
  TKSS trial 59: mean ARI=0.6169  n=24  10.7s  d=3, lam=0.01406, s=6
  TKSS trial 60: mean ARI=0.6568  n=24  15.7s  d=2, lam=0.03787, s=6
  TKSS trial 61: mean ARI=0.6568  n=24  15.7s  d=2, lam=0.03803, s=6
  TKSS trial 62: mean ARI=0.6055  n=24  21.8s  d=1, lam=0.04044, s=6
  TKSS trial 63: mean ARI=0.6637  n=24  18.9s  d=2, lam=0.09925, s=6
  TKSS trial 64: mean ARI=0.6276  n=24  11.4s  d=3, lam=0.08997, s=6
  TKSS trial 65: mean ARI=0.6127  n=24  21.8s  d=1, lam=0.06811, s=6
  TKSS trial 66: mean ARI=0.6152  n=24  10.7s  d=4, lam=0.09865, s=6
  TKSS trial 67: mean ARI=0.6476  n=24  16.2s  d=2, lam=0.03105, s=6
  TKSS trial 68: mean ARI=0.6255  n=24  11.2s  d=3, lam=0.05484, s=5
  TKSS trial 69: mean ARI=0.6586  n=24  18.2s  d=2, lam=0.1797, s=6
  TKSS trial 70: mean ARI=0.6238  n=24  25.9s  d=1, lam=0.1971, s=6
  TKSS trial 71: mean ARI=0.6514  n=24  20.6s  d=2, lam=0.2505, s=6
  TKSS trial 72: mean ARI=0.6521  n=24  20.7s  d=2, lam=0.3387, s=6
  TKSS trial 73: mean ARI=0.6119  n=24  9.6s  d=4, lam=0.08647, s=6
  TKSS trial 74: mean ARI=0.6577  n=24  19.5s  d=2, lam=0.1562, s=6
  best mean ARI=0.6637  tune 4055.9s  d=2, lam=0.09925, s=6
  wrote /nfs/turbo/umms-minjilab/lpullela/icassp_ssc_tv2/ballet_dataset/ballet_cluster_hetero_params_knownk_blockhet.json

=== train[0] k=5  dim=900  frames=399  σ=mixed  seqs=['seq_000002', 'seq_000011', 'seq_000017', 'seq_000023', 'seq_000036'] ===
  SSC-Block-TV: k_hat=5  ACC=0.6742  NMI=0.8083  ARI=0.6390  1.2s
  OSC: k_hat=5  ACC=0.6892  NMI=0.8383  ARI=0.6566  1.6s
  TKSS: k_hat=5  ACC=0.8922  NMI=0.8216  ARI=0.7849  1.1s
  BDOSC: k_hat=5  ACC=0.7043  NMI=0.6836  ARI=0.5399  15.9s
  Gram-NCut: k_hat=5  ACC=0.6742  NMI=0.8083  ARI=0.6390  0.2s

=== train[1] k=5  dim=900  frames=351  σ=mixed  seqs=['seq_000001', 'seq_000004', 'seq_000009', 'seq_000017', 'seq_000031'] ===
  SSC-Block-TV: k_hat=5  ACC=0.9402  NMI=0.9101  ARI=0.8508  0.9s
  OSC: k_hat=5  ACC=0.9174  NMI=0.8926  ARI=0.8063  1.4s
  TKSS: k_hat=5  ACC=0.8575  NMI=0.7945  ARI=0.7032  0.8s
  BDOSC: k_hat=5  ACC=0.7578  NMI=0.6717  ARI=0.4818  10.2s
  Gram-NCut: k_hat=5  ACC=0.9174  NMI=0.8926  ARI=0.8063  0.2s

=== train[2] k=5  dim=900  frames=324  σ=mixed  seqs=['seq_000001', 'seq_000002', 'seq_000011', 'seq_000029', 'seq_000043'] ===
  SSC-Block-TV: k_hat=5  ACC=0.9969  NMI=0.9892  ARI=0.9908  0.8s
  OSC: k_hat=5  ACC=0.7315  NMI=0.8381  ARI=0.6814  1.2s
  TKSS: k_hat=5  ACC=0.8364  NMI=0.8136  ARI=0.7133  0.8s
  BDOSC: k_hat=5  ACC=0.7685  NMI=0.8206  ARI=0.7291  8.7s
  Gram-NCut: k_hat=5  ACC=0.9969  NMI=0.9892  ARI=0.9908  0.1s

=== train[3] k=5  dim=900  frames=199  σ=mixed  seqs=['seq_000003', 'seq_000018', 'seq_000026', 'seq_000029', 'seq_000033'] ===
  SSC-Block-TV: k_hat=5  ACC=0.9950  NMI=0.9839  ARI=0.9877  0.4s
  OSC: k_hat=5  ACC=1.0000  NMI=1.0000  ARI=1.0000  0.6s
  TKSS: k_hat=5  ACC=0.6935  NMI=0.7586  ARI=0.6261  0.3s
  BDOSC: k_hat=5  ACC=0.7035  NMI=0.6808  ARI=0.5222  3.2s
  Gram-NCut: k_hat=5  ACC=1.0000  NMI=1.0000  ARI=1.0000  0.0s

=== train[4] k=5  dim=900  frames=320  σ=mixed  seqs=['seq_000002', 'seq_000005', 'seq_000027', 'seq_000028', 'seq_000042'] ===
  SSC-Block-TV: k_hat=5  ACC=0.9938  NMI=0.9827  ARI=0.9880  0.8s
  OSC: k_hat=5  ACC=0.9375  NMI=0.8967  ARI=0.8801  1.2s
  TKSS: k_hat=5  ACC=0.7312  NMI=0.7608  ARI=0.6764  0.5s
  BDOSC: k_hat=5  ACC=0.7625  NMI=0.7521  ARI=0.6848  8.5s
  Gram-NCut: k_hat=5  ACC=0.8156  NMI=0.8132  ARI=0.7214  0.1s

=== train[5] k=5  dim=900  frames=348  σ=mixed  seqs=['seq_000002', 'seq_000011', 'seq_000017', 'seq_000027', 'seq_000031'] ===
  SSC-Block-TV: k_hat=5  ACC=0.8420  NMI=0.8473  ARI=0.6837  0.9s
  OSC: k_hat=5  ACC=0.6983  NMI=0.8320  ARI=0.6446  1.3s
  TKSS: k_hat=5  ACC=0.6638  NMI=0.6601  ARI=0.5380  1.3s
  BDOSC: k_hat=5  ACC=0.5718  NMI=0.6666  ARI=0.4718  10.0s
  Gram-NCut: k_hat=5  ACC=0.8420  NMI=0.8473  ARI=0.6837  0.2s

=== train[6] k=5  dim=900  frames=288  σ=mixed  seqs=['seq_000009', 'seq_000022', 'seq_000025', 'seq_000029', 'seq_000041'] ===
  SSC-Block-TV: k_hat=5  ACC=0.9028  NMI=0.9205  ARI=0.8986  0.7s
  OSC: k_hat=5  ACC=1.0000  NMI=1.0000  ARI=1.0000  1.0s
  TKSS: k_hat=5  ACC=0.7778  NMI=0.7814  ARI=0.6911  0.5s
  BDOSC: k_hat=5  ACC=0.6632  NMI=0.7058  ARI=0.5712  6.9s
  Gram-NCut: k_hat=5  ACC=0.8819  NMI=0.9155  ARI=0.8905  0.1s

=== train[7] k=5  dim=900  frames=342  σ=mixed  seqs=['seq_000009', 'seq_000017', 'seq_000019', 'seq_000020', 'seq_000043'] ===
  SSC-Block-TV: k_hat=5  ACC=0.7456  NMI=0.8433  ARI=0.6732  0.9s
  OSC: k_hat=5  ACC=0.7456  NMI=0.8336  ARI=0.6690  1.3s
  TKSS: k_hat=5  ACC=0.6754  NMI=0.7317  ARI=0.5984  0.8s
  BDOSC: k_hat=5  ACC=0.6813  NMI=0.7006  ARI=0.5564  9.7s
  Gram-NCut: k_hat=5  ACC=0.7456  NMI=0.8433  ARI=0.6732  0.1s

=== train[8] k=5  dim=900  frames=256  σ=mixed  seqs=['seq_000001', 'seq_000005', 'seq_000022', 'seq_000029', 'seq_000042'] ===
  SSC-Block-TV: k_hat=5  ACC=0.9258  NMI=0.8896  ARI=0.8756  0.6s
  OSC: k_hat=5  ACC=0.9297  NMI=0.8960  ARI=0.8821  0.8s
  TKSS: k_hat=5  ACC=0.7812  NMI=0.8072  ARI=0.7206  0.5s
  BDOSC: k_hat=5  ACC=0.7344  NMI=0.7461  ARI=0.6420  5.8s
  Gram-NCut: k_hat=5  ACC=0.9297  NMI=0.8960  ARI=0.8821  0.1s

=== train[9] k=5  dim=900  frames=341  σ=mixed  seqs=['seq_000004', 'seq_000009', 'seq_000012', 'seq_000023', 'seq_000031'] ===
  SSC-Block-TV: k_hat=5  ACC=0.9765  NMI=0.9484  ARI=0.9556  0.9s
  OSC: k_hat=5  ACC=0.9941  NMI=0.9832  ARI=0.9855  1.3s
  TKSS: k_hat=5  ACC=0.8240  NMI=0.7580  ARI=0.6587  1.3s
  BDOSC: k_hat=5  ACC=0.5982  NMI=0.5908  ARI=0.3290  10.2s
  Gram-NCut: k_hat=5  ACC=0.8006  NMI=0.8884  ARI=0.8004  0.1s

=== train[10] k=5  dim=900  frames=331  σ=mixed  seqs=['seq_000002', 'seq_000009', 'seq_000012', 'seq_000018', 'seq_000023'] ===
  SSC-Block-TV: k_hat=5  ACC=0.7976  NMI=0.8609  ARI=0.7074  0.9s
  OSC: k_hat=5  ACC=0.7976  NMI=0.8609  ARI=0.7074  1.2s
  TKSS: k_hat=5  ACC=0.8610  NMI=0.7960  ARI=0.7350  0.4s
  BDOSC: k_hat=5  ACC=0.6495  NMI=0.7014  ARI=0.4870  8.9s
  Gram-NCut: k_hat=5  ACC=0.7976  NMI=0.8609  ARI=0.7074  0.1s

=== train[11] k=5  dim=900  frames=304  σ=mixed  seqs=['seq_000009', 'seq_000012', 'seq_000022', 'seq_000023', 'seq_000036'] ===
  SSC-Block-TV: k_hat=5  ACC=0.7500  NMI=0.8401  ARI=0.6804  0.7s
  OSC: k_hat=5  ACC=0.7467  NMI=0.8390  ARI=0.6776  1.1s
  TKSS: k_hat=5  ACC=0.9178  NMI=0.8976  ARI=0.8707  0.9s
  BDOSC: k_hat=5  ACC=0.6612  NMI=0.7186  ARI=0.5550  7.5s
  Gram-NCut: k_hat=5  ACC=0.7434  NMI=0.8380  ARI=0.6749  0.1s

=== train[12] k=5  dim=900  frames=315  σ=mixed  seqs=['seq_000001', 'seq_000017', 'seq_000023', 'seq_000024', 'seq_000039'] ===
  SSC-Block-TV: k_hat=5  ACC=0.9111  NMI=0.8835  ARI=0.8047  0.8s
  OSC: k_hat=5  ACC=0.9079  NMI=0.8814  ARI=0.7995  1.1s
  TKSS: k_hat=5  ACC=0.8317  NMI=0.7755  ARI=0.6901  1.1s
  BDOSC: k_hat=5  ACC=0.6857  NMI=0.7211  ARI=0.5495  8.0s
  Gram-NCut: k_hat=5  ACC=0.9111  NMI=0.8835  ARI=0.8047  0.1s

=== train[13] k=5  dim=900  frames=350  σ=mixed  seqs=['seq_000028', 'seq_000029', 'seq_000033', 'seq_000035', 'seq_000039'] ===
  SSC-Block-TV: k_hat=5  ACC=0.6914  NMI=0.7867  ARI=0.6652  0.9s
  OSC: k_hat=5  ACC=0.6971  NMI=0.7789  ARI=0.6632  1.4s
  TKSS: k_hat=5  ACC=0.8257  NMI=0.7810  ARI=0.6899  1.0s
  BDOSC: k_hat=5  ACC=0.6657  NMI=0.6772  ARI=0.5490  10.2s
  Gram-NCut: k_hat=5  ACC=0.6914  NMI=0.7787  ARI=0.6621  0.2s

=== train[14] k=5  dim=900  frames=293  σ=mixed  seqs=['seq_000001', 'seq_000023', 'seq_000025', 'seq_000026', 'seq_000039'] ===
  SSC-Block-TV: k_hat=5  ACC=0.9693  NMI=0.9392  ARI=0.9265  0.7s
  OSC: k_hat=5  ACC=0.9590  NMI=0.9267  ARI=0.9044  1.0s
  TKSS: k_hat=5  ACC=0.8328  NMI=0.8082  ARI=0.7192  0.4s
  BDOSC: k_hat=5  ACC=0.8157  NMI=0.7733  ARI=0.6895  7.1s
  Gram-NCut: k_hat=5  ACC=0.9727  NMI=0.9439  ARI=0.9350  0.1s

=== train[15] k=5  dim=900  frames=282  σ=mixed  seqs=['seq_000018', 'seq_000019', 'seq_000020', 'seq_000031', 'seq_000035'] ===
  SSC-Block-TV: k_hat=5  ACC=0.7553  NMI=0.7696  ARI=0.6022  0.6s
  OSC: k_hat=5  ACC=0.7270  NMI=0.8169  ARI=0.6361  1.0s
  TKSS: k_hat=5  ACC=0.7057  NMI=0.7116  ARI=0.5467  0.8s
  BDOSC: k_hat=5  ACC=0.4929  NMI=0.6619  ARI=0.3762  6.5s
  Gram-NCut: k_hat=5  ACC=0.7340  NMI=0.8440  ARI=0.6574  0.1s

=== train[16] k=5  dim=900  frames=255  σ=mixed  seqs=['seq_000022', 'seq_000026', 'seq_000028', 'seq_000033', 'seq_000042'] ===
  SSC-Block-TV: k_hat=5  ACC=0.7608  NMI=0.8081  ARI=0.6303  0.6s
  OSC: k_hat=5  ACC=0.7216  NMI=0.7054  ARI=0.5065  0.8s
  TKSS: k_hat=5  ACC=0.6824  NMI=0.6736  ARI=0.5585  0.8s
  BDOSC: k_hat=5  ACC=0.5020  NMI=0.5386  ARI=0.3361  5.5s
  Gram-NCut: k_hat=5  ACC=0.7216  NMI=0.7054  ARI=0.5065  0.1s

=== train[17] k=5  dim=900  frames=311  σ=mixed  seqs=['seq_000017', 'seq_000020', 'seq_000026', 'seq_000039', 'seq_000041'] ===
  SSC-Block-TV: k_hat=5  ACC=0.7042  NMI=0.7496  ARI=0.5675  0.8s
  OSC: k_hat=5  ACC=0.6913  NMI=0.7333  ARI=0.5489  1.1s
  TKSS: k_hat=5  ACC=0.7524  NMI=0.7322  ARI=0.6353  0.5s
  BDOSC: k_hat=5  ACC=0.5048  NMI=0.4980  ARI=0.2404  7.8s
  Gram-NCut: k_hat=5  ACC=0.8778  NMI=0.8631  ARI=0.7943  0.1s

=== train[18] k=5  dim=900  frames=359  σ=mixed  seqs=['seq_000004', 'seq_000012', 'seq_000022', 'seq_000028', 'seq_000042'] ===
  SSC-Block-TV: k_hat=5  ACC=0.8969  NMI=0.8939  ARI=0.8632  1.0s
  OSC: k_hat=5  ACC=0.9025  NMI=0.9076  ARI=0.8760  1.4s
  TKSS: k_hat=5  ACC=0.8357  NMI=0.7779  ARI=0.7186  0.9s
  BDOSC: k_hat=5  ACC=0.8301  NMI=0.7588  ARI=0.6957  10.6s
  Gram-NCut: k_hat=5  ACC=0.7131  NMI=0.7063  ARI=0.5720  0.2s

=== train[19] k=5  dim=900  frames=234  σ=mixed  seqs=['seq_000021', 'seq_000025', 'seq_000026', 'seq_000029', 'seq_000041'] ===
  SSC-Block-TV: k_hat=5  ACC=0.8590  NMI=0.8966  ARI=0.8618  0.5s
  OSC: k_hat=5  ACC=0.9017  NMI=0.8933  ARI=0.8718  0.7s
  TKSS: k_hat=5  ACC=0.6667  NMI=0.7617  ARI=0.5906  0.3s
  BDOSC: k_hat=5  ACC=0.6752  NMI=0.6178  ARI=0.4650  4.5s
  Gram-NCut: k_hat=5  ACC=0.8718  NMI=0.8982  ARI=0.8647  0.1s

=== train[20] k=5  dim=900  frames=229  σ=mixed  seqs=['seq_000001', 'seq_000021', 'seq_000025', 'seq_000027', 'seq_000041'] ===
  SSC-Block-TV: k_hat=5  ACC=0.8122  NMI=0.8203  ARI=0.7704  0.5s
  OSC: k_hat=5  ACC=0.8166  NMI=0.8205  ARI=0.7711  0.7s
  TKSS: k_hat=5  ACC=0.8515  NMI=0.8319  ARI=0.7502  0.2s
  BDOSC: k_hat=5  ACC=0.6769  NMI=0.6612  ARI=0.5154  4.4s
  Gram-NCut: k_hat=5  ACC=0.8122  NMI=0.8203  ARI=0.7704  0.1s

=== train[21] k=5  dim=900  frames=246  σ=mixed  seqs=['seq_000001', 'seq_000022', 'seq_000024', 'seq_000025', 'seq_000036'] ===
  SSC-Block-TV: k_hat=5  ACC=0.7602  NMI=0.8142  ARI=0.7120  0.5s
  OSC: k_hat=5  ACC=0.7602  NMI=0.8142  ARI=0.7120  0.8s
  TKSS: k_hat=5  ACC=0.6138  NMI=0.6950  ARI=0.5143  0.5s
  BDOSC: k_hat=5  ACC=0.6260  NMI=0.6864  ARI=0.5287  4.9s
  Gram-NCut: k_hat=5  ACC=0.7602  NMI=0.8142  ARI=0.7120  0.1s

=== train[22] k=5  dim=900  frames=345  σ=mixed  seqs=['seq_000011', 'seq_000012', 'seq_000020', 'seq_000027', 'seq_000036'] ===
  SSC-Block-TV: k_hat=5  ACC=1.0000  NMI=1.0000  ARI=1.0000  0.9s
  OSC: k_hat=5  ACC=1.0000  NMI=1.0000  ARI=1.0000  1.3s
  TKSS: k_hat=5  ACC=0.6551  NMI=0.6141  ARI=0.5049  2.1s
  BDOSC: k_hat=5  ACC=0.8203  NMI=0.7517  ARI=0.6021  9.6s
  Gram-NCut: k_hat=5  ACC=0.8348  NMI=0.8865  ARI=0.7968  0.2s

=== train[23] k=5  dim=900  frames=383  σ=mixed  seqs=['seq_000002', 'seq_000018', 'seq_000025', 'seq_000028', 'seq_000039'] ===
  SSC-Block-TV: k_hat=5  ACC=1.0000  NMI=1.0000  ARI=1.0000  1.1s
  OSC: k_hat=5  ACC=1.0000  NMI=1.0000  ARI=1.0000  1.6s
  TKSS: k_hat=5  ACC=0.7937  NMI=0.7807  ARI=0.6950  1.0s
  BDOSC: k_hat=5  ACC=0.6162  NMI=0.6203  ARI=0.3972  12.3s
  Gram-NCut: k_hat=5  ACC=1.0000  NMI=1.0000  ARI=1.0000  0.2s

=== test[0] k=5  dim=900  frames=152  σ=mixed  seqs=['seq_000007', 'seq_000008', 'seq_000015', 'seq_000016', 'seq_000040'] ===
  SSC-Block-TV: k_hat=5  ACC=0.8224  NMI=0.8299  ARI=0.7412  0.3s
  OSC: k_hat=5  ACC=0.8224  NMI=0.7998  ARI=0.7275  0.4s
  TKSS: k_hat=5  ACC=0.8158  NMI=0.7689  ARI=0.6827  0.1s
  BDOSC: k_hat=5  ACC=0.8882  NMI=0.8076  ARI=0.7547  1.6s
  Gram-NCut: k_hat=5  ACC=0.8618  NMI=0.8497  ARI=0.8073  0.0s

=== test[1] k=5  dim=900  frames=180  σ=mixed  seqs=['seq_000008', 'seq_000010', 'seq_000030', 'seq_000037', 'seq_000040'] ===
  SSC-Block-TV: k_hat=5  ACC=1.0000  NMI=1.0000  ARI=1.0000  0.3s
  OSC: k_hat=5  ACC=1.0000  NMI=1.0000  ARI=1.0000  0.5s
  TKSS: k_hat=5  ACC=0.6944  NMI=0.7103  ARI=0.5386  0.3s
  BDOSC: k_hat=5  ACC=0.6333  NMI=0.6364  ARI=0.3989  2.6s
  Gram-NCut: k_hat=5  ACC=0.9167  NMI=0.8875  ARI=0.7956  0.0s

=== test[2] k=5  dim=900  frames=289  σ=mixed  seqs=['seq_000006', 'seq_000007', 'seq_000013', 'seq_000030', 'seq_000040'] ===
  SSC-Block-TV: k_hat=5  ACC=0.7509  NMI=0.8719  ARI=0.7726  0.7s
  OSC: k_hat=5  ACC=0.7439  NMI=0.8711  ARI=0.7702  1.0s
  TKSS: k_hat=5  ACC=0.7301  NMI=0.7284  ARI=0.5848  0.5s
  BDOSC: k_hat=5  ACC=0.6332  NMI=0.6508  ARI=0.4492  6.8s
  Gram-NCut: k_hat=5  ACC=1.0000  NMI=1.0000  ARI=1.0000  0.1s

=== test[3] k=5  dim=900  frames=247  σ=mixed  seqs=['seq_000010', 'seq_000015', 'seq_000034', 'seq_000038', 'seq_000044'] ===
  SSC-Block-TV: k_hat=5  ACC=0.6437  NMI=0.7378  ARI=0.5705  0.6s
  OSC: k_hat=5  ACC=0.6478  NMI=0.7523  ARI=0.5830  0.8s
  TKSS: k_hat=5  ACC=0.6518  NMI=0.6464  ARI=0.5032  0.6s
  BDOSC: k_hat=5  ACC=0.5223  NMI=0.6072  ARI=0.3664  5.1s
  Gram-NCut: k_hat=5  ACC=0.6923  NMI=0.7453  ARI=0.6007  0.1s

=== test[4] k=5  dim=900  frames=171  σ=mixed  seqs=['seq_000007', 'seq_000010', 'seq_000015', 'seq_000034', 'seq_000037'] ===
  SSC-Block-TV: k_hat=5  ACC=0.8538  NMI=0.8569  ARI=0.8213  0.3s
  OSC: k_hat=5  ACC=0.8538  NMI=0.8502  ARI=0.8070  0.5s
  TKSS: k_hat=5  ACC=0.7368  NMI=0.7955  ARI=0.7171  0.4s
  BDOSC: k_hat=5  ACC=0.6725  NMI=0.6928  ARI=0.5383  2.4s
  Gram-NCut: k_hat=5  ACC=0.8480  NMI=0.8540  ARI=0.8141  0.0s

=== test[5] k=5  dim=900  frames=210  σ=mixed  seqs=['seq_000008', 'seq_000013', 'seq_000015', 'seq_000016', 'seq_000034'] ===
  SSC-Block-TV: k_hat=5  ACC=0.6333  NMI=0.7520  ARI=0.5470  0.4s
  OSC: k_hat=5  ACC=0.5524  NMI=0.5767  ARI=0.2720  0.6s
  TKSS: k_hat=5  ACC=0.6524  NMI=0.5627  ARI=0.3617  0.4s
  BDOSC: k_hat=5  ACC=0.6571  NMI=0.6609  ARI=0.4670  3.6s
  Gram-NCut: k_hat=5  ACC=0.5810  NMI=0.7029  ARI=0.4417  0.1s

=== test[6] k=5  dim=900  frames=270  σ=mixed  seqs=['seq_000013', 'seq_000016', 'seq_000030', 'seq_000034', 'seq_000038'] ===
  SSC-Block-TV: k_hat=5  ACC=0.7519  NMI=0.7923  ARI=0.6500  0.6s
  OSC: k_hat=5  ACC=0.7519  NMI=0.7923  ARI=0.6500  0.9s
  TKSS: k_hat=5  ACC=0.6963  NMI=0.5888  ARI=0.4191  0.8s
  BDOSC: k_hat=5  ACC=0.5556  NMI=0.6432  ARI=0.4222  6.0s
  Gram-NCut: k_hat=5  ACC=0.7593  NMI=0.7892  ARI=0.6418  0.1s

=== test[7] k=5  dim=900  frames=282  σ=mixed  seqs=['seq_000008', 'seq_000037', 'seq_000038', 'seq_000040', 'seq_000044'] ===
  SSC-Block-TV: k_hat=5  ACC=0.8511  NMI=0.7953  ARI=0.6739  0.6s
  OSC: k_hat=5  ACC=0.8511  NMI=0.7943  ARI=0.6728  1.0s
  TKSS: k_hat=5  ACC=0.6986  NMI=0.6794  ARI=0.5578  0.9s
  BDOSC: k_hat=5  ACC=0.7518  NMI=0.6946  ARI=0.5782  6.5s
  Gram-NCut: k_hat=5  ACC=0.8617  NMI=0.8024  ARI=0.6919  0.1s

=== test[8] k=5  dim=900  frames=294  σ=mixed  seqs=['seq_000006', 'seq_000032', 'seq_000034', 'seq_000038', 'seq_000040'] ===
  SSC-Block-TV: k_hat=5  ACC=0.7687  NMI=0.7902  ARI=0.6525  0.7s
  OSC: k_hat=5  ACC=0.7721  NMI=0.7911  ARI=0.6545  1.0s
  TKSS: k_hat=5  ACC=0.8673  NMI=0.8229  ARI=0.7163  0.9s
  BDOSC: k_hat=5  ACC=0.6361  NMI=0.6462  ARI=0.3996  7.1s
  Gram-NCut: k_hat=5  ACC=0.8367  NMI=0.8661  ARI=0.7517  0.1s

=== test[9] k=5  dim=900  frames=207  σ=mixed  seqs=['seq_000010', 'seq_000015', 'seq_000034', 'seq_000038', 'seq_000040'] ===
  SSC-Block-TV: k_hat=5  ACC=0.7826  NMI=0.8028  ARI=0.7072  0.4s
  OSC: k_hat=5  ACC=0.6667  NMI=0.7335  ARI=0.5312  0.6s
  TKSS: k_hat=5  ACC=0.7343  NMI=0.8143  ARI=0.7250  0.2s
  BDOSC: k_hat=5  ACC=0.5894  NMI=0.5961  ARI=0.3829  3.6s
  Gram-NCut: k_hat=5  ACC=0.8357  NMI=0.8453  ARI=0.7946  0.1s

=== test[10] k=5  dim=900  frames=235  σ=mixed  seqs=['seq_000007', 'seq_000008', 'seq_000013', 'seq_000032', 'seq_000037'] ===
  SSC-Block-TV: k_hat=5  ACC=1.0000  NMI=1.0000  ARI=1.0000  0.5s
  OSC: k_hat=5  ACC=1.0000  NMI=1.0000  ARI=1.0000  0.8s
  TKSS: k_hat=5  ACC=0.7234  NMI=0.6991  ARI=0.5234  0.6s
  BDOSC: k_hat=5  ACC=0.5830  NMI=0.6083  ARI=0.3613  4.5s
  Gram-NCut: k_hat=5  ACC=1.0000  NMI=1.0000  ARI=1.0000  0.1s

=== test[11] k=5  dim=900  frames=186  σ=mixed  seqs=['seq_000010', 'seq_000014', 'seq_000030', 'seq_000032', 'seq_000040'] ===
  SSC-Block-TV: k_hat=5  ACC=0.7634  NMI=0.7436  ARI=0.5310  0.4s
  OSC: k_hat=5  ACC=0.7581  NMI=0.7420  ARI=0.5275  0.5s
  TKSS: k_hat=5  ACC=0.8387  NMI=0.7993  ARI=0.7149  0.2s
  BDOSC: k_hat=5  ACC=0.9570  NMI=0.9008  ARI=0.8902  2.8s
  Gram-NCut: k_hat=5  ACC=0.5591  NMI=0.6596  ARI=0.3477  0.0s

=== test[12] k=5  dim=900  frames=225  σ=mixed  seqs=['seq_000013', 'seq_000014', 'seq_000015', 'seq_000016', 'seq_000037'] ===
  SSC-Block-TV: k_hat=5  ACC=0.6044  NMI=0.7299  ARI=0.5118  0.5s
  OSC: k_hat=5  ACC=0.5644  NMI=0.7123  ARI=0.4887  0.7s
  TKSS: k_hat=5  ACC=0.6756  NMI=0.7268  ARI=0.5945  0.6s
  BDOSC: k_hat=5  ACC=0.4889  NMI=0.5349  ARI=0.2749  4.2s
  Gram-NCut: k_hat=5  ACC=0.6044  NMI=0.6938  ARI=0.5107  0.1s

=== test[13] k=5  dim=900  frames=261  σ=mixed  seqs=['seq_000007', 'seq_000013', 'seq_000016', 'seq_000030', 'seq_000044'] ===
  SSC-Block-TV: k_hat=5  ACC=0.7663  NMI=0.8586  ARI=0.7249  0.6s
  OSC: k_hat=5  ACC=0.7663  NMI=0.8586  ARI=0.7249  0.9s
  TKSS: k_hat=5  ACC=0.5900  NMI=0.6021  ARI=0.4088  0.7s
  BDOSC: k_hat=5  ACC=0.7050  NMI=0.7257  ARI=0.5775  5.7s
  Gram-NCut: k_hat=5  ACC=0.7969  NMI=0.8610  ARI=0.7328  0.1s

=== test[14] k=5  dim=900  frames=330  σ=mixed  seqs=['seq_000006', 'seq_000013', 'seq_000030', 'seq_000038', 'seq_000040'] ===
  SSC-Block-TV: k_hat=5  ACC=0.9576  NMI=0.9354  ARI=0.9236  0.8s
  OSC: k_hat=5  ACC=0.7455  NMI=0.7586  ARI=0.5873  1.2s
  TKSS: k_hat=5  ACC=0.6303  NMI=0.5498  ARI=0.3981  1.3s
  BDOSC: k_hat=5  ACC=0.4788  NMI=0.5236  ARI=0.2533  8.7s
  Gram-NCut: k_hat=5  ACC=0.9576  NMI=0.9354  ARI=0.9236  0.1s

=== test[15] k=5  dim=900  frames=251  σ=mixed  seqs=['seq_000008', 'seq_000032', 'seq_000034', 'seq_000037', 'seq_000044'] ===
  SSC-Block-TV: k_hat=5  ACC=0.6454  NMI=0.8357  ARI=0.6290  0.6s
  OSC: k_hat=5  ACC=0.6534  NMI=0.8359  ARI=0.6297  0.8s
  TKSS: k_hat=5  ACC=0.5896  NMI=0.6538  ARI=0.4908  0.3s
  BDOSC: k_hat=5  ACC=0.9841  NMI=0.9575  ARI=0.9618  5.1s
  Gram-NCut: k_hat=5  ACC=0.6773  NMI=0.7780  ARI=0.5986  0.1s

=== test[16] k=5  dim=900  frames=287  σ=mixed  seqs=['seq_000013', 'seq_000015', 'seq_000034', 'seq_000037', 'seq_000044'] ===
  SSC-Block-TV: k_hat=5  ACC=0.6794  NMI=0.7558  ARI=0.6517  0.7s
  OSC: k_hat=5  ACC=0.6760  NMI=0.7460  ARI=0.6479  1.0s
  TKSS: k_hat=5  ACC=0.7073  NMI=0.6587  ARI=0.5041  0.5s
  BDOSC: k_hat=5  ACC=0.6446  NMI=0.7274  ARI=0.5788  6.8s
  Gram-NCut: k_hat=5  ACC=0.6028  NMI=0.6885  ARI=0.5539  0.1s

=== test[17] k=5  dim=900  frames=228  σ=mixed  seqs=['seq_000006', 'seq_000007', 'seq_000008', 'seq_000014', 'seq_000016'] ===
  SSC-Block-TV: k_hat=5  ACC=0.8684  NMI=0.8980  ARI=0.8704  0.5s
  OSC: k_hat=5  ACC=0.8596  NMI=0.8975  ARI=0.8688  0.7s
  TKSS: k_hat=5  ACC=0.6184  NMI=0.7081  ARI=0.5397  0.4s
  BDOSC: k_hat=5  ACC=0.6404  NMI=0.6788  ARI=0.4647  4.3s
  Gram-NCut: k_hat=5  ACC=0.8596  NMI=0.8975  ARI=0.8688  0.1s

=== mean over matrices ===
  SSC-Block-TV train σ=mixed: ACC=0.8609  NMI=0.8827  ARI=0.8056  n=24
  OSC train σ=mixed: ACC=0.8447  NMI=0.8745  ARI=0.7867  n=24
  TKSS train σ=mixed: ACC=0.7733  NMI=0.7635  ARI=0.6637  n=24
  BDOSC train σ=mixed: ACC=0.6737  NMI=0.6835  ARI=0.5215  n=24
  Gram-NCut train σ=mixed: ACC=0.8352  NMI=0.8640  ARI=0.7727  n=24
  SSC-Block-TV test σ=mixed: ACC=0.7857  NMI=0.8326  ARI=0.7210  n=18
  OSC test σ=mixed: ACC=0.7603  NMI=0.8062  ARI=0.6746  n=18
  TKSS test σ=mixed: ACC=0.7028  NMI=0.6953  ARI=0.5545  n=18
  BDOSC test σ=mixed: ACC=0.6678  NMI=0.6829  ARI=0.5067  n=18
  Gram-NCut test σ=mixed: ACC=0.7917  NMI=0.8253  ARI=0.7153  n=18

wrote /nfs/turbo/umms-minjilab/lpullela/icassp_ssc_tv2/ballet_dataset/ballet_cluster_hetero_results_knownk_blockhet.csv
wrote /nfs/turbo/umms-minjilab/lpullela/icassp_ssc_tv2/ballet_dataset/ballet_cluster_hetero_params_knownk_blockhet.json
end=Thu Sep  3 03:02:54 EDT 2026
