host=gl3181.arc-ts.umich.edu  python=/home/lpullela/miniconda3/envs/ssc_559/bin/python  start=Wed Sep  2 15:32:16 EDT 2026
=== Ballet Clustering Experiment ===
k=5  n_test=15  n_train_combos=24  n_test_combos=18  n_trials=50  down_hw=30  full_data=False  n_frames ~ Unif[10, 100]  seed=0
hetero_noise=False  sigmas=None  append=False  no_tune=False  csv=ballet_cluster_results.csv
sequences=44  train_pool=29  test_pool=15  train_combos=24  test_combos=18
train pool: ['seq_000003', 'seq_000035', 'seq_000005', 'seq_000019', 'seq_000024', 'seq_000033', 'seq_000012', 'seq_000002', 'seq_000023', 'seq_000020', 'seq_000022', 'seq_000028', 'seq_000042', 'seq_000011', 'seq_000004', 'seq_000039', 'seq_000017', 'seq_000031', 'seq_000021', 'seq_000029', 'seq_000009', 'seq_000036', 'seq_000043', 'seq_000018', 'seq_000001', 'seq_000025', 'seq_000026', 'seq_000041', 'seq_000027']
test  pool: ['seq_000040', 'seq_000010', 'seq_000007', 'seq_000037', 'seq_000038', 'seq_000014', 'seq_000013', 'seq_000008', 'seq_000044', 'seq_000006', 'seq_000015', 'seq_000030', 'seq_000034', 'seq_000016', 'seq_000032']
train 0 k=5  sequences=['seq_000002', 'seq_000011', 'seq_000017', 'seq_000023', 'seq_000036']
train 1 k=5  sequences=['seq_000001', 'seq_000004', 'seq_000009', 'seq_000017', 'seq_000031']
train 2 k=5  sequences=['seq_000001', 'seq_000002', 'seq_000011', 'seq_000029', 'seq_000043']
train 3 k=5  sequences=['seq_000003', 'seq_000018', 'seq_000026', 'seq_000029', 'seq_000033']
train 4 k=5  sequences=['seq_000002', 'seq_000005', 'seq_000027', 'seq_000028', 'seq_000042']
train 5 k=5  sequences=['seq_000002', 'seq_000011', 'seq_000017', 'seq_000027', 'seq_000031']
train 6 k=5  sequences=['seq_000009', 'seq_000022', 'seq_000025', 'seq_000029', 'seq_000041']
train 7 k=5  sequences=['seq_000009', 'seq_000017', 'seq_000019', 'seq_000020', 'seq_000043']
train 8 k=5  sequences=['seq_000001', 'seq_000005', 'seq_000022', 'seq_000029', 'seq_000042']
train 9 k=5  sequences=['seq_000004', 'seq_000009', 'seq_000012', 'seq_000023', 'seq_000031']
train 10 k=5  sequences=['seq_000002', 'seq_000009', 'seq_000012', 'seq_000018', 'seq_000023']
train 11 k=5  sequences=['seq_000009', 'seq_000012', 'seq_000022', 'seq_000023', 'seq_000036']
train 12 k=5  sequences=['seq_000001', 'seq_000017', 'seq_000023', 'seq_000024', 'seq_000039']
train 13 k=5  sequences=['seq_000028', 'seq_000029', 'seq_000033', 'seq_000035', 'seq_000039']
train 14 k=5  sequences=['seq_000001', 'seq_000023', 'seq_000025', 'seq_000026', 'seq_000039']
train 15 k=5  sequences=['seq_000018', 'seq_000019', 'seq_000020', 'seq_000031', 'seq_000035']
train 16 k=5  sequences=['seq_000022', 'seq_000026', 'seq_000028', 'seq_000033', 'seq_000042']
train 17 k=5  sequences=['seq_000017', 'seq_000020', 'seq_000026', 'seq_000039', 'seq_000041']
train 18 k=5  sequences=['seq_000004', 'seq_000012', 'seq_000022', 'seq_000028', 'seq_000042']
train 19 k=5  sequences=['seq_000021', 'seq_000025', 'seq_000026', 'seq_000029', 'seq_000041']
train 20 k=5  sequences=['seq_000001', 'seq_000021', 'seq_000025', 'seq_000027', 'seq_000041']
train 21 k=5  sequences=['seq_000001', 'seq_000022', 'seq_000024', 'seq_000025', 'seq_000036']
train 22 k=5  sequences=['seq_000011', 'seq_000012', 'seq_000020', 'seq_000027', 'seq_000036']
train 23 k=5  sequences=['seq_000002', 'seq_000018', 'seq_000025', 'seq_000028', 'seq_000039']
test  0 k=5  sequences=['seq_000007', 'seq_000008', 'seq_000015', 'seq_000016', 'seq_000040']
test  1 k=5  sequences=['seq_000008', 'seq_000010', 'seq_000030', 'seq_000037', 'seq_000040']
test  2 k=5  sequences=['seq_000006', 'seq_000007', 'seq_000013', 'seq_000030', 'seq_000040']
test  3 k=5  sequences=['seq_000010', 'seq_000015', 'seq_000034', 'seq_000038', 'seq_000044']
test  4 k=5  sequences=['seq_000007', 'seq_000010', 'seq_000015', 'seq_000034', 'seq_000037']
test  5 k=5  sequences=['seq_000008', 'seq_000013', 'seq_000015', 'seq_000016', 'seq_000034']
test  6 k=5  sequences=['seq_000013', 'seq_000016', 'seq_000030', 'seq_000034', 'seq_000038']
test  7 k=5  sequences=['seq_000008', 'seq_000037', 'seq_000038', 'seq_000040', 'seq_000044']
test  8 k=5  sequences=['seq_000006', 'seq_000032', 'seq_000034', 'seq_000038', 'seq_000040']
test  9 k=5  sequences=['seq_000010', 'seq_000015', 'seq_000034', 'seq_000038', 'seq_000040']
test  10 k=5  sequences=['seq_000007', 'seq_000008', 'seq_000013', 'seq_000032', 'seq_000037']
test  11 k=5  sequences=['seq_000010', 'seq_000014', 'seq_000030', 'seq_000032', 'seq_000040']
test  12 k=5  sequences=['seq_000013', 'seq_000014', 'seq_000015', 'seq_000016', 'seq_000037']
test  13 k=5  sequences=['seq_000007', 'seq_000013', 'seq_000016', 'seq_000030', 'seq_000044']
test  14 k=5  sequences=['seq_000006', 'seq_000013', 'seq_000030', 'seq_000038', 'seq_000040']
test  15 k=5  sequences=['seq_000008', 'seq_000032', 'seq_000034', 'seq_000037', 'seq_000044']
test  16 k=5  sequences=['seq_000013', 'seq_000015', 'seq_000034', 'seq_000037', 'seq_000044']
test  17 k=5  sequences=['seq_000006', 'seq_000007', 'seq_000008', 'seq_000014', 'seq_000016']

Loading 44 sequences once (reused across combinations)
  seq_000001: frames=53  dim=900
  seq_000002: frames=78  dim=900
  seq_000003: frames=13  dim=900
  seq_000004: frames=84  dim=900
  seq_000005: frames=32  dim=900
  seq_000006: frames=89  dim=900
  seq_000007: frames=34  dim=900
  seq_000008: frames=33  dim=900
  seq_000009: frames=68  dim=900
  seq_000010: frames=17  dim=900
  seq_000011: frames=88  dim=900
  seq_000012: frames=86  dim=900
  seq_000013: frames=84  dim=900
  seq_000014: frames=51  dim=900
  seq_000015: frames=21  dim=900
  seq_000016: frames=21  dim=900
  seq_000017: frames=98  dim=900
  seq_000018: frames=44  dim=900
  seq_000019: frames=92  dim=900
  seq_000020: frames=55  dim=900
  seq_000021: frames=11  dim=900
  seq_000022: frames=15  dim=900
  seq_000023: frames=55  dim=900
  seq_000024: frames=20  dim=900
  seq_000025: frames=78  dim=900
  seq_000026: frames=18  dim=900
  seq_000027: frames=36  dim=900
  seq_000028: frames=94  dim=900
  seq_000029: frames=76  dim=900
  seq_000030: frames=39  dim=900
  seq_000031: frames=48  dim=900
  seq_000032: frames=36  dim=900
  seq_000033: frames=48  dim=900
  seq_000034: frames=51  dim=900
  seq_000035: frames=43  dim=900
  seq_000036: frames=80  dim=900
  seq_000037: frames=48  dim=900
  seq_000038: frames=75  dim=900
  seq_000039: frames=89  dim=900
  seq_000040: frames=43  dim=900
  seq_000041: frames=51  dim=900
  seq_000042: frames=80  dim=900
  seq_000043: frames=29  dim=900
  seq_000044: frames=83  dim=900

Building train combinations
  train[0]: frames=399  dim=900  n_kept=[78, 88, 98, 55, 80]  seqs=['seq_000002', 'seq_000011', 'seq_000017', 'seq_000023', 'seq_000036']
  train[1]: frames=351  dim=900  n_kept=[53, 84, 68, 98, 48]  seqs=['seq_000001', 'seq_000004', 'seq_000009', 'seq_000017', 'seq_000031']
  train[2]: frames=324  dim=900  n_kept=[53, 78, 88, 76, 29]  seqs=['seq_000001', 'seq_000002', 'seq_000011', 'seq_000029', 'seq_000043']
  train[3]: frames=199  dim=900  n_kept=[13, 44, 18, 76, 48]  seqs=['seq_000003', 'seq_000018', 'seq_000026', 'seq_000029', 'seq_000033']
  train[4]: frames=320  dim=900  n_kept=[78, 32, 36, 94, 80]  seqs=['seq_000002', 'seq_000005', 'seq_000027', 'seq_000028', 'seq_000042']
  train[5]: frames=348  dim=900  n_kept=[78, 88, 98, 36, 48]  seqs=['seq_000002', 'seq_000011', 'seq_000017', 'seq_000027', 'seq_000031']
  train[6]: frames=288  dim=900  n_kept=[68, 15, 78, 76, 51]  seqs=['seq_000009', 'seq_000022', 'seq_000025', 'seq_000029', 'seq_000041']
  train[7]: frames=342  dim=900  n_kept=[68, 98, 92, 55, 29]  seqs=['seq_000009', 'seq_000017', 'seq_000019', 'seq_000020', 'seq_000043']
  train[8]: frames=256  dim=900  n_kept=[53, 32, 15, 76, 80]  seqs=['seq_000001', 'seq_000005', 'seq_000022', 'seq_000029', 'seq_000042']
  train[9]: frames=341  dim=900  n_kept=[84, 68, 86, 55, 48]  seqs=['seq_000004', 'seq_000009', 'seq_000012', 'seq_000023', 'seq_000031']
  train[10]: frames=331  dim=900  n_kept=[78, 68, 86, 44, 55]  seqs=['seq_000002', 'seq_000009', 'seq_000012', 'seq_000018', 'seq_000023']
  train[11]: frames=304  dim=900  n_kept=[68, 86, 15, 55, 80]  seqs=['seq_000009', 'seq_000012', 'seq_000022', 'seq_000023', 'seq_000036']
  train[12]: frames=315  dim=900  n_kept=[53, 98, 55, 20, 89]  seqs=['seq_000001', 'seq_000017', 'seq_000023', 'seq_000024', 'seq_000039']
  train[13]: frames=350  dim=900  n_kept=[94, 76, 48, 43, 89]  seqs=['seq_000028', 'seq_000029', 'seq_000033', 'seq_000035', 'seq_000039']
  train[14]: frames=293  dim=900  n_kept=[53, 55, 78, 18, 89]  seqs=['seq_000001', 'seq_000023', 'seq_000025', 'seq_000026', 'seq_000039']
  train[15]: frames=282  dim=900  n_kept=[44, 92, 55, 48, 43]  seqs=['seq_000018', 'seq_000019', 'seq_000020', 'seq_000031', 'seq_000035']
  train[16]: frames=255  dim=900  n_kept=[15, 18, 94, 48, 80]  seqs=['seq_000022', 'seq_000026', 'seq_000028', 'seq_000033', 'seq_000042']
  train[17]: frames=311  dim=900  n_kept=[98, 55, 18, 89, 51]  seqs=['seq_000017', 'seq_000020', 'seq_000026', 'seq_000039', 'seq_000041']
  train[18]: frames=359  dim=900  n_kept=[84, 86, 15, 94, 80]  seqs=['seq_000004', 'seq_000012', 'seq_000022', 'seq_000028', 'seq_000042']
  train[19]: frames=234  dim=900  n_kept=[11, 78, 18, 76, 51]  seqs=['seq_000021', 'seq_000025', 'seq_000026', 'seq_000029', 'seq_000041']
  train[20]: frames=229  dim=900  n_kept=[53, 11, 78, 36, 51]  seqs=['seq_000001', 'seq_000021', 'seq_000025', 'seq_000027', 'seq_000041']
  train[21]: frames=246  dim=900  n_kept=[53, 15, 20, 78, 80]  seqs=['seq_000001', 'seq_000022', 'seq_000024', 'seq_000025', 'seq_000036']
  train[22]: frames=345  dim=900  n_kept=[88, 86, 55, 36, 80]  seqs=['seq_000011', 'seq_000012', 'seq_000020', 'seq_000027', 'seq_000036']
  train[23]: frames=383  dim=900  n_kept=[78, 44, 78, 94, 89]  seqs=['seq_000002', 'seq_000018', 'seq_000025', 'seq_000028', 'seq_000039']
Building test combinations
  test[0]: frames=152  dim=900  n_kept=[34, 33, 21, 21, 43]  seqs=['seq_000007', 'seq_000008', 'seq_000015', 'seq_000016', 'seq_000040']
  test[1]: frames=180  dim=900  n_kept=[33, 17, 39, 48, 43]  seqs=['seq_000008', 'seq_000010', 'seq_000030', 'seq_000037', 'seq_000040']
  test[2]: frames=289  dim=900  n_kept=[89, 34, 84, 39, 43]  seqs=['seq_000006', 'seq_000007', 'seq_000013', 'seq_000030', 'seq_000040']
  test[3]: frames=247  dim=900  n_kept=[17, 21, 51, 75, 83]  seqs=['seq_000010', 'seq_000015', 'seq_000034', 'seq_000038', 'seq_000044']
  test[4]: frames=171  dim=900  n_kept=[34, 17, 21, 51, 48]  seqs=['seq_000007', 'seq_000010', 'seq_000015', 'seq_000034', 'seq_000037']
  test[5]: frames=210  dim=900  n_kept=[33, 84, 21, 21, 51]  seqs=['seq_000008', 'seq_000013', 'seq_000015', 'seq_000016', 'seq_000034']
  test[6]: frames=270  dim=900  n_kept=[84, 21, 39, 51, 75]  seqs=['seq_000013', 'seq_000016', 'seq_000030', 'seq_000034', 'seq_000038']
  test[7]: frames=282  dim=900  n_kept=[33, 48, 75, 43, 83]  seqs=['seq_000008', 'seq_000037', 'seq_000038', 'seq_000040', 'seq_000044']
  test[8]: frames=294  dim=900  n_kept=[89, 36, 51, 75, 43]  seqs=['seq_000006', 'seq_000032', 'seq_000034', 'seq_000038', 'seq_000040']
  test[9]: frames=207  dim=900  n_kept=[17, 21, 51, 75, 43]  seqs=['seq_000010', 'seq_000015', 'seq_000034', 'seq_000038', 'seq_000040']
  test[10]: frames=235  dim=900  n_kept=[34, 33, 84, 36, 48]  seqs=['seq_000007', 'seq_000008', 'seq_000013', 'seq_000032', 'seq_000037']
  test[11]: frames=186  dim=900  n_kept=[17, 51, 39, 36, 43]  seqs=['seq_000010', 'seq_000014', 'seq_000030', 'seq_000032', 'seq_000040']
  test[12]: frames=225  dim=900  n_kept=[84, 51, 21, 21, 48]  seqs=['seq_000013', 'seq_000014', 'seq_000015', 'seq_000016', 'seq_000037']
  test[13]: frames=261  dim=900  n_kept=[34, 84, 21, 39, 83]  seqs=['seq_000007', 'seq_000013', 'seq_000016', 'seq_000030', 'seq_000044']
  test[14]: frames=330  dim=900  n_kept=[89, 84, 39, 75, 43]  seqs=['seq_000006', 'seq_000013', 'seq_000030', 'seq_000038', 'seq_000040']
  test[15]: frames=251  dim=900  n_kept=[33, 36, 51, 48, 83]  seqs=['seq_000008', 'seq_000032', 'seq_000034', 'seq_000037', 'seq_000044']
  test[16]: frames=287  dim=900  n_kept=[84, 21, 51, 48, 83]  seqs=['seq_000013', 'seq_000015', 'seq_000034', 'seq_000037', 'seq_000044']
  test[17]: frames=228  dim=900  n_kept=[89, 34, 33, 51, 21]  seqs=['seq_000006', 'seq_000007', 'seq_000008', 'seq_000014', 'seq_000016']
clustering Y dim=900  (downsampled 30x30)

Methods: ['OSC', 'TKSS', 'SSC-TV-L21', 'SSC-TV-L21-col', 'BDOSC']
pooled train mats for tuning=24

BDOSC: fixed lambda_1=0.2, lambda_2=1, gamma_1=0.01, p=1.1, max_iter=50

============================================================
--- Tuning OSC over 24 train mats ---
  OSC trial 0: mean ARI=0.8053  n=24  21.5s  lambda_1=0.1, lambda_2=0.1
  OSC trial 1: mean ARI=0.8041  n=24  21.6s  lambda_1=0.1568, lambda_2=0.7257
  OSC trial 2: mean ARI=0.8007  n=24  21.3s  lambda_1=0.2577, lambda_2=0.1512
  OSC trial 3: mean ARI=0.8012  n=24  21.3s  lambda_1=0.0495, lambda_2=0.3833
  OSC trial 4: mean ARI=0.8012  n=24  21.2s  lambda_1=0.05628, lambda_2=3.691
  OSC trial 5: mean ARI=0.0037  n=24  20.4s  lambda_1=7.156, lambda_2=0.03418
  OSC trial 6: mean ARI=0.0037  n=24  20.5s  lambda_1=1.469, lambda_2=0.1305
  OSC trial 7: mean ARI=0.8039  n=24  21.3s  lambda_1=0.1871, lambda_2=5.039
  OSC trial 8: mean ARI=0.8131  n=24  22.3s  lambda_1=0.001924, lambda_2=0.002231
  OSC trial 9: mean ARI=0.8111  n=24  21.3s  lambda_1=0.001205, lambda_2=2.14
  OSC trial 10: mean ARI=0.8112  n=24  22.3s  lambda_1=0.001206, lambda_2=0.001369
  OSC trial 11: mean ARI=0.8112  n=24  22.3s  lambda_1=0.001211, lambda_2=0.001203
  OSC trial 12: mean ARI=0.8092  n=24  22.4s  lambda_1=0.007272, lambda_2=0.001053
  OSC trial 13: mean ARI=0.8092  n=24  22.2s  lambda_1=0.00784, lambda_2=0.006337
  OSC trial 14: mean ARI=0.8092  n=24  22.2s  lambda_1=0.004685, lambda_2=0.005457
  OSC trial 15: mean ARI=0.8092  n=24  22.2s  lambda_1=0.003237, lambda_2=0.005769
  OSC trial 16: mean ARI=0.8043  n=24  22.1s  lambda_1=0.0217, lambda_2=0.01369
  OSC trial 17: mean ARI=0.8112  n=24  22.4s  lambda_1=0.001073, lambda_2=0.002365
  OSC trial 18: mean ARI=0.8096  n=24  21.9s  lambda_1=0.0125, lambda_2=0.02409
  OSC trial 19: mean ARI=0.8092  n=24  22.3s  lambda_1=0.002983, lambda_2=0.002733
  OSC trial 20: mean ARI=0.8043  n=24  22.1s  lambda_1=0.02072, lambda_2=0.0141
  OSC trial 21: mean ARI=0.8131  n=24  22.4s  lambda_1=0.001955, lambda_2=0.001005
  OSC trial 22: mean ARI=0.8131  n=24  22.4s  lambda_1=0.002375, lambda_2=0.002418
  OSC trial 23: mean ARI=0.8131  n=24  22.4s  lambda_1=0.002717, lambda_2=0.00295
  OSC trial 24: mean ARI=0.8131  n=24  22.3s  lambda_1=0.002277, lambda_2=0.003502
  OSC trial 25: mean ARI=0.8092  n=24  22.2s  lambda_1=0.008563, lambda_2=0.01133
  OSC trial 26: mean ARI=0.8092  n=24  22.4s  lambda_1=0.00483, lambda_2=0.001795
  OSC trial 27: mean ARI=0.7996  n=24  21.6s  lambda_1=0.01736, lambda_2=0.04753
  OSC trial 28: mean ARI=0.8131  n=24  22.2s  lambda_1=0.002282, lambda_2=0.007639
  OSC trial 29: mean ARI=0.8057  n=24  22.3s  lambda_1=0.04444, lambda_2=0.00427
  OSC trial 30: mean ARI=0.8112  n=24  22.4s  lambda_1=0.001844, lambda_2=0.001882
  OSC trial 31: mean ARI=0.8092  n=24  22.3s  lambda_1=0.004965, lambda_2=0.002876
  OSC trial 32: mean ARI=0.8092  n=24  22.4s  lambda_1=0.003409, lambda_2=0.00109
  OSC trial 33: mean ARI=0.8131  n=24  22.3s  lambda_1=0.002153, lambda_2=0.002951
  OSC trial 34: mean ARI=0.8104  n=24  22.2s  lambda_1=0.01169, lambda_2=0.007694
  OSC trial 35: mean ARI=0.8092  n=24  22.3s  lambda_1=0.005696, lambda_2=0.00388
  OSC trial 36: mean ARI=0.8112  n=24  22.4s  lambda_1=0.001836, lambda_2=0.001898
  OSC trial 37: mean ARI=0.7896  n=24  21.8s  lambda_1=0.4167, lambda_2=0.02115
  OSC trial 38: mean ARI=0.8018  n=24  22.2s  lambda_1=0.03603, lambda_2=0.009654
  OSC trial 39: mean ARI=0.0037  n=24  20.5s  lambda_1=8.782, lambda_2=0.08021
  OSC trial 40: mean ARI=0.0037  n=24  20.5s  lambda_1=4.203, lambda_2=0.4308
  OSC trial 41: mean ARI=0.8092  n=24  22.3s  lambda_1=0.002932, lambda_2=0.003583
  OSC trial 42: mean ARI=0.8112  n=24  22.4s  lambda_1=0.001672, lambda_2=0.001656
  OSC trial 43: mean ARI=0.8112  n=24  22.4s  lambda_1=0.001036, lambda_2=0.001019
  OSC trial 44: mean ARI=0.8110  n=24  21.3s  lambda_1=0.003571, lambda_2=9.263
  OSC trial 45: mean ARI=0.8112  n=24  22.3s  lambda_1=0.001842, lambda_2=0.004169
  OSC trial 46: mean ARI=0.8092  n=24  22.4s  lambda_1=0.01019, lambda_2=0.002223
  OSC trial 47: mean ARI=0.8092  n=24  22.4s  lambda_1=0.005639, lambda_2=0.001486
  OSC trial 48: mean ARI=0.8112  n=24  22.2s  lambda_1=0.001387, lambda_2=0.0054
  OSC trial 49: mean ARI=0.8092  n=24  22.3s  lambda_1=0.003826, lambda_2=0.002802
  best mean ARI=0.8131  tune 1098.6s  lambda_1=0.001924, lambda_2=0.002231
  wrote /nfs/turbo/umms-minjilab/lpullela/icassp_ssc_tv2/ballet_dataset/ballet_cluster_params.json

============================================================
--- Tuning TKSS over 24 train mats ---
  TKSS trial 0: mean ARI=0.5995  n=24  14.4s  d=5, lam=1, s=2
  TKSS trial 1: mean ARI=0.6035  n=24  19.6s  d=9, lam=1.398, s=4
  TKSS trial 2: mean ARI=0.5995  n=24  19.1s  d=9, lam=0.1866, s=4
  TKSS trial 3: mean ARI=0.5889  n=24  21.5s  d=7, lam=4.735, s=6
  TKSS trial 4: mean ARI=0.5848  n=24  15.3s  d=6, lam=2.372, s=4
  TKSS trial 5: mean ARI=0.5913  n=24  16.2s  d=9, lam=5.981, s=1
  TKSS trial 6: mean ARI=0.5864  n=24  14.2s  d=2, lam=0.0115, s=5
  TKSS trial 7: mean ARI=0.5902  n=24  20.3s  d=12, lam=4.074, s=6
  TKSS trial 8: mean ARI=0.5833  n=24  22.1s  d=12, lam=0.2423, s=5
  TKSS trial 9: mean ARI=0.5881  n=24  13.8s  d=2, lam=0.8313, s=1
  TKSS trial 10: mean ARI=0.6011  n=24  11.5s  d=15, lam=0.01465, s=3
  TKSS trial 11: mean ARI=0.6015  n=24  11.0s  d=15, lam=0.01211, s=3
  TKSS trial 12: mean ARI=0.5966  n=24  14.6s  d=14, lam=0.05257, s=3
  TKSS trial 13: mean ARI=0.5830  n=24  16.2s  d=12, lam=0.06111, s=3
  TKSS trial 14: mean ARI=0.5997  n=24  18.4s  d=9, lam=0.2744, s=4
  TKSS trial 15: mean ARI=0.5933  n=24  11.4s  d=13, lam=0.04571, s=2
  TKSS trial 16: mean ARI=0.6134  n=24  16.8s  d=4, lam=0.6851, s=5
  TKSS trial 17: mean ARI=0.6145  n=24  17.2s  d=4, lam=0.9846, s=5
  TKSS trial 18: mean ARI=0.6139  n=24  17.7s  d=4, lam=0.5008, s=5
  TKSS trial 19: mean ARI=0.5826  n=24  22.6s  d=1, lam=0.4124, s=6
  TKSS trial 20: mean ARI=0.6191  n=24  16.6s  d=4, lam=2.167, s=5
  TKSS trial 21: mean ARI=0.6160  n=24  16.0s  d=4, lam=2.069, s=5
  TKSS trial 22: mean ARI=0.6094  n=24  15.7s  d=3, lam=9.215, s=5
  TKSS trial 23: mean ARI=0.5893  n=24  21.3s  d=7, lam=1.947, s=6
  TKSS trial 24: mean ARI=0.5821  n=24  17.3s  d=5, lam=2.319, s=5
  TKSS trial 25: mean ARI=0.5712  n=24  21.9s  d=1, lam=2.854, s=4
  TKSS trial 26: mean ARI=0.6070  n=24  15.5s  d=3, lam=1.182, s=6
  TKSS trial 27: mean ARI=0.5836  n=24  18.4s  d=7, lam=9.631, s=5
  TKSS trial 28: mean ARI=0.5975  n=24  16.9s  d=5, lam=1.412, s=4
  TKSS trial 29: mean ARI=0.6133  n=24  16.9s  d=4, lam=0.7143, s=5
  TKSS trial 30: mean ARI=0.5869  n=24  17.7s  d=6, lam=3.624, s=6
  TKSS trial 31: mean ARI=0.6139  n=24  17.8s  d=4, lam=0.4802, s=5
  TKSS trial 32: mean ARI=0.6107  n=24  15.7s  d=3, lam=0.3914, s=5
  TKSS trial 33: mean ARI=0.5875  n=24  13.6s  d=6, lam=0.1116, s=4
  TKSS trial 34: mean ARI=0.6302  n=24  13.5s  d=2, lam=1.485, s=5
  TKSS trial 35: mean ARI=0.6459  n=24  14.1s  d=2, lam=1.453, s=6
  TKSS trial 36: mean ARI=0.6463  n=24  14.0s  d=2, lam=1.65, s=6
  TKSS trial 37: mean ARI=0.6459  n=24  14.2s  d=2, lam=1.516, s=6
  TKSS trial 38: mean ARI=0.6459  n=24  14.1s  d=2, lam=1.367, s=6
  TKSS trial 39: mean ARI=0.5970  n=24  22.5s  d=1, lam=5.832, s=6
  TKSS trial 40: mean ARI=0.6460  n=24  14.1s  d=2, lam=1.529, s=6
  TKSS trial 41: mean ARI=0.6461  n=24  14.0s  d=2, lam=1.546, s=6
  TKSS trial 42: mean ARI=0.5969  n=24  23.2s  d=1, lam=3.265, s=6
  TKSS trial 43: mean ARI=0.6457  n=24  14.5s  d=2, lam=0.9433, s=6
  TKSS trial 44: mean ARI=0.6056  n=24  14.8s  d=3, lam=4.992, s=6
  TKSS trial 45: mean ARI=0.6463  n=24  13.9s  d=2, lam=1.721, s=6
  TKSS trial 46: mean ARI=0.5914  n=24  23.3s  d=1, lam=0.6159, s=6
  TKSS trial 47: mean ARI=0.6071  n=24  15.1s  d=3, lam=2.757, s=6
  TKSS trial 48: mean ARI=0.6463  n=24  14.0s  d=2, lam=1.701, s=6
  TKSS trial 49: mean ARI=0.6454  n=24  14.5s  d=2, lam=0.8668, s=6
  best mean ARI=0.6463  tune 829.4s  d=2, lam=1.721, s=6
  wrote /nfs/turbo/umms-minjilab/lpullela/icassp_ssc_tv2/ballet_dataset/ballet_cluster_params.json

============================================================
--- Tuning SSC-TV-L21 over 24 train mats ---
  SSC-TV-L21 trial 0: mean ARI=0.6918  n=24  15.9s  lambda_e=1, lambda_z=0.1, gamma_p=0.1, gamma_q=0.1
  SSC-TV-L21 trial 1: mean ARI=0.6968  n=24  15.9s  lambda_e=0.443, lambda_z=0.7257, gamma_p=0.2577, gamma_q=0.1512
  SSC-TV-L21 trial 2: mean ARI=0.7563  n=24  15.9s  lambda_e=0.1866, lambda_z=0.3833, gamma_p=0.05628, gamma_q=3.691
  SSC-TV-L21 trial 3: mean ARI=0.6333  n=24  15.9s  lambda_e=7.78, lambda_z=0.03418, gamma_p=1.469, gamma_q=0.1305
  SSC-TV-L21 trial 4: mean ARI=0.5506  n=24  15.8s  lambda_e=0.506, lambda_z=5.039, gamma_p=0.001924, gamma_q=0.002231
  SSC-TV-L21 trial 5: mean ARI=0.7332  n=24  15.9s  lambda_e=0.0115, lambda_z=2.14, gamma_p=1.296, gamma_q=3.02
  SSC-TV-L21 trial 6: mean ARI=0.7475  n=24  16.1s  lambda_e=8.627, lambda_z=1.573, gamma_p=0.07013, gamma_q=1.325
  SSC-TV-L21 trial 7: mean ARI=0.7407  n=24  15.8s  lambda_e=0.02264, lambda_z=0.3628, gamma_p=0.003745, gamma_q=6.007
  SSC-TV-L21 trial 8: mean ARI=0.7155  n=24  15.8s  lambda_e=0.3677, lambda_z=0.04557, gamma_p=0.01143, gamma_q=1.25
  SSC-TV-L21 trial 9: mean ARI=0.7046  n=24  15.8s  lambda_e=0.2336, lambda_z=0.1878, gamma_p=0.001189, gamma_q=0.2955
  SSC-TV-L21 trial 10: mean ARI=0.2691  n=24  15.8s  lambda_e=0.06304, lambda_z=0.001662, gamma_p=6.473, gamma_q=0.001203
  SSC-TV-L21 trial 11: mean ARI=0.5627  n=24  15.8s  lambda_e=7.044, lambda_z=8.71, gamma_p=0.03142, gamma_q=0.9406
  SSC-TV-L21 trial 12: mean ARI=0.7205  n=24  15.8s  lambda_e=2.118, lambda_z=0.9382, gamma_p=0.0871, gamma_q=8.759
  SSC-TV-L21 trial 13: mean ARI=0.7564  n=24  15.8s  lambda_e=0.09918, lambda_z=0.01039, gamma_p=0.01587, gamma_q=0.01989
  SSC-TV-L21 trial 14: mean ARI=0.7613  n=24  15.8s  lambda_e=0.1114, lambda_z=0.005487, gamma_p=0.0101, gamma_q=0.0134
  SSC-TV-L21 trial 15: mean ARI=0.7614  n=24  15.8s  lambda_e=0.09713, lambda_z=0.004819, gamma_p=0.01042, gamma_q=0.01367
  SSC-TV-L21 trial 16: mean ARI=0.6362  n=24  15.8s  lambda_e=0.05027, lambda_z=0.001027, gamma_p=0.005749, gamma_q=0.009579
  SSC-TV-L21 trial 17: mean ARI=0.7567  n=24  15.9s  lambda_e=0.0287, lambda_z=0.004348, gamma_p=0.006717, gamma_q=0.01854
  SSC-TV-L21 trial 18: mean ARI=0.7594  n=24  15.8s  lambda_e=0.1091, lambda_z=0.007372, gamma_p=0.02098, gamma_q=0.004886
  SSC-TV-L21 trial 19: mean ARI=0.6407  n=24  15.8s  lambda_e=2.181, lambda_z=0.01953, gamma_p=0.2784, gamma_q=0.03587
  SSC-TV-L21 trial 20: mean ARI=0.7773  n=24  15.8s  lambda_e=0.01065, lambda_z=0.003501, gamma_p=0.003064, gamma_q=0.004868
  SSC-TV-L21 trial 21: mean ARI=0.7696  n=24  15.9s  lambda_e=0.01109, lambda_z=0.003053, gamma_p=0.002708, gamma_q=0.003551
  SSC-TV-L21 trial 22: mean ARI=0.7765  n=24  15.8s  lambda_e=0.01002, lambda_z=0.002736, gamma_p=0.003375, gamma_q=0.004087
  SSC-TV-L21 trial 23: mean ARI=0.7798  n=24  15.9s  lambda_e=0.01105, lambda_z=0.002198, gamma_p=0.001776, gamma_q=0.004036
  SSC-TV-L21 trial 24: mean ARI=0.7998  n=24  15.8s  lambda_e=0.02357, lambda_z=0.001883, gamma_p=0.001194, gamma_q=0.001188
  SSC-TV-L21 trial 25: mean ARI=0.7697  n=24  15.8s  lambda_e=0.02341, lambda_z=0.00112, gamma_p=0.001157, gamma_q=0.001482
  SSC-TV-L21 trial 26: mean ARI=0.7563  n=24  15.8s  lambda_e=0.03682, lambda_z=0.009989, gamma_p=0.001042, gamma_q=0.00103
  SSC-TV-L21 trial 27: mean ARI=0.7882  n=24  15.8s  lambda_e=0.01727, lambda_z=0.002226, gamma_p=0.002142, gamma_q=0.002305
  SSC-TV-L21 trial 28: mean ARI=0.7915  n=24  15.9s  lambda_e=0.01744, lambda_z=0.002061, gamma_p=0.001829, gamma_q=0.002409
  SSC-TV-L21 trial 29: mean ARI=0.7544  n=24  15.9s  lambda_e=0.01977, lambda_z=0.01654, gamma_p=0.005422, gamma_q=0.04387
  SSC-TV-L21 trial 30: mean ARI=0.7647  n=24  15.8s  lambda_e=0.04567, lambda_z=0.001637, gamma_p=0.001991, gamma_q=0.00219
  SSC-TV-L21 trial 31: mean ARI=0.7511  n=24  15.8s  lambda_e=0.01743, lambda_z=0.001906, gamma_p=0.001805, gamma_q=0.006285
  SSC-TV-L21 trial 32: mean ARI=0.7671  n=24  15.8s  lambda_e=0.01611, lambda_z=0.002273, gamma_p=0.0051, gamma_q=0.002526
  SSC-TV-L21 trial 33: mean ARI=0.7105  n=24  15.9s  lambda_e=0.03351, lambda_z=0.00101, gamma_p=0.001696, gamma_q=0.008646
  SSC-TV-L21 trial 34: mean ARI=0.7559  n=24  15.8s  lambda_e=0.01658, lambda_z=0.007764, gamma_p=0.001065, gamma_q=0.001883
  SSC-TV-L21 trial 35: mean ARI=0.7363  n=24  15.9s  lambda_e=0.06222, lambda_z=0.01802, gamma_p=0.002455, gamma_q=0.002909
  SSC-TV-L21 trial 36: mean ARI=0.7878  n=24  15.8s  lambda_e=0.02838, lambda_z=0.00235, gamma_p=0.004325, gamma_q=0.001129
  SSC-TV-L21 trial 37: mean ARI=0.6966  n=24  15.9s  lambda_e=0.03123, lambda_z=0.04494, gamma_p=0.03544, gamma_q=0.001246
  SSC-TV-L21 trial 38: mean ARI=0.7687  n=24  15.8s  lambda_e=0.07172, lambda_z=0.005035, gamma_p=0.008476, gamma_q=0.001824
  SSC-TV-L21 trial 39: mean ARI=0.7701  n=24  15.9s  lambda_e=0.1603, lambda_z=0.003193, gamma_p=0.003253, gamma_q=0.006788
  SSC-TV-L21 trial 40: mean ARI=0.2244  n=24  15.9s  lambda_e=0.02484, lambda_z=0.001381, gamma_p=0.2217, gamma_q=0.001026
  SSC-TV-L21 trial 41: mean ARI=0.7879  n=24  15.8s  lambda_e=0.01587, lambda_z=0.002344, gamma_p=0.001659, gamma_q=0.003398
  SSC-TV-L21 trial 42: mean ARI=0.7774  n=24  15.8s  lambda_e=0.01584, lambda_z=0.002008, gamma_p=0.004092, gamma_q=0.0024
  SSC-TV-L21 trial 43: mean ARI=0.7574  n=24  15.8s  lambda_e=0.04317, lambda_z=0.006669, gamma_p=0.001792, gamma_q=0.001734
  SSC-TV-L21 trial 44: mean ARI=0.7672  n=24  15.8s  lambda_e=0.01433, lambda_z=0.003182, gamma_p=0.00446, gamma_q=0.003264
  SSC-TV-L21 trial 45: mean ARI=0.7488  n=24  15.8s  lambda_e=0.02437, lambda_z=0.001577, gamma_p=0.001343, gamma_q=0.006856
  SSC-TV-L21 trial 46: mean ARI=0.7562  n=24  15.9s  lambda_e=0.03108, lambda_z=0.0102, gamma_p=0.002558, gamma_q=0.001519
  SSC-TV-L21 trial 47: mean ARI=0.5777  n=24  15.8s  lambda_e=0.02171, lambda_z=0.1024, gamma_p=0.007372, gamma_q=0.002744
  SSC-TV-L21 trial 48: mean ARI=0.7532  n=24  15.9s  lambda_e=0.05572, lambda_z=0.01407, gamma_p=0.01479, gamma_q=0.005109
  SSC-TV-L21 trial 49: mean ARI=0.7788  n=24  15.9s  lambda_e=0.01384, lambda_z=0.004237, gamma_p=0.001004, gamma_q=0.00895
  best mean ARI=0.7998  tune 792.5s  lambda_e=0.02357, lambda_z=0.001883, gamma_p=0.001194, gamma_q=0.001188
  wrote /nfs/turbo/umms-minjilab/lpullela/icassp_ssc_tv2/ballet_dataset/ballet_cluster_params.json

============================================================
--- Tuning SSC-TV-L21-col over 24 train mats ---
  SSC-TV-L21-col trial 0: mean ARI=0.7264  n=24  13.1s  lambda_e=1, lambda_z=0.1, gamma_q=0.1
  SSC-TV-L21-col trial 1: mean ARI=0.6039  n=24  13.1s  lambda_e=0.443, lambda_z=0.7257, gamma_q=0.2577
  SSC-TV-L21-col trial 2: mean ARI=0.6855  n=24  13.1s  lambda_e=0.4312, lambda_z=0.0495, gamma_q=0.3833
  SSC-TV-L21-col trial 3: mean ARI=0.6525  n=24  13.1s  lambda_e=0.2055, lambda_z=3.691, gamma_q=7.156
  SSC-TV-L21-col trial 4: mean ARI=0.5506  n=24  13.0s  lambda_e=0.1414, lambda_z=1.469, gamma_q=0.1305
  SSC-TV-L21-col trial 5: mean ARI=0.5343  n=24  13.1s  lambda_e=0.506, lambda_z=5.039, gamma_q=0.001924
  SSC-TV-L21-col trial 6: mean ARI=0.2006  n=24  13.0s  lambda_e=0.01826, lambda_z=0.001205, gamma_q=2.14
  SSC-TV-L21-col trial 7: mean ARI=0.6573  n=24  13.1s  lambda_e=2.16, lambda_z=3.02, gamma_q=8.212
  SSC-TV-L21-col trial 8: mean ARI=0.7203  n=24  13.0s  lambda_e=2.497, lambda_z=0.07013, gamma_q=1.325
  SSC-TV-L21-col trial 9: mean ARI=0.5284  n=24  13.1s  lambda_e=0.02264, lambda_z=0.3628, gamma_q=0.003745
  SSC-TV-L21-col trial 10: mean ARI=0.6727  n=24  13.1s  lambda_e=6.809, lambda_z=0.001622, gamma_q=0.01712
  SSC-TV-L21-col trial 11: mean ARI=0.6949  n=24  13.1s  lambda_e=2.399, lambda_z=0.06589, gamma_q=0.03924
  SSC-TV-L21-col trial 12: mean ARI=0.6789  n=24  13.1s  lambda_e=2.053, lambda_z=0.03762, gamma_q=1.262
  SSC-TV-L21-col trial 13: mean ARI=0.6882  n=24  13.1s  lambda_e=9.589, lambda_z=0.007104, gamma_q=0.05819
  SSC-TV-L21-col trial 14: mean ARI=0.7645  n=24  13.1s  lambda_e=1.261, lambda_z=0.2049, gamma_q=0.8934
  SSC-TV-L21-col trial 15: mean ARI=0.7239  n=24  13.0s  lambda_e=0.84, lambda_z=0.2348, gamma_q=0.5117
  SSC-TV-L21-col trial 16: mean ARI=0.7573  n=24  13.1s  lambda_e=0.105, lambda_z=0.01079, gamma_q=0.01084
  SSC-TV-L21-col trial 17: mean ARI=0.7727  n=24  13.1s  lambda_e=0.05016, lambda_z=0.006703, gamma_q=0.008273
  SSC-TV-L21-col trial 18: mean ARI=0.7362  n=24  13.1s  lambda_e=0.04715, lambda_z=0.01115, gamma_q=0.001215
  SSC-TV-L21-col trial 19: mean ARI=0.8081  n=24  13.1s  lambda_e=0.01113, lambda_z=0.004061, gamma_q=0.006643
  SSC-TV-L21-col trial 20: mean ARI=0.8004  n=24  13.1s  lambda_e=0.01129, lambda_z=0.00279, gamma_q=0.006256
  SSC-TV-L21-col trial 21: mean ARI=0.8000  n=24  13.1s  lambda_e=0.01251, lambda_z=0.003377, gamma_q=0.006543
  SSC-TV-L21-col trial 22: mean ARI=0.8005  n=24  13.0s  lambda_e=0.0118, lambda_z=0.002759, gamma_q=0.004038
  SSC-TV-L21-col trial 23: mean ARI=0.8088  n=24  13.1s  lambda_e=0.0105, lambda_z=0.003291, gamma_q=0.003344
  SSC-TV-L21-col trial 24: mean ARI=0.6650  n=24  13.1s  lambda_e=0.03461, lambda_z=0.02457, gamma_q=0.002516
  SSC-TV-L21-col trial 25: mean ARI=0.7245  n=24  13.0s  lambda_e=0.0231, lambda_z=0.003268, gamma_q=0.02293
  SSC-TV-L21-col trial 26: mean ARI=0.7162  n=24  13.1s  lambda_e=0.01002, lambda_z=0.01749, gamma_q=0.001024
  SSC-TV-L21-col trial 27: mean ARI=0.8041  n=24  13.0s  lambda_e=0.06852, lambda_z=0.002067, gamma_q=0.003873
  SSC-TV-L21-col trial 28: mean ARI=0.7909  n=24  13.1s  lambda_e=0.05125, lambda_z=0.00602, gamma_q=0.01991
  SSC-TV-L21-col trial 29: mean ARI=0.7829  n=24  13.1s  lambda_e=0.0988, lambda_z=0.001194, gamma_q=0.00221
  SSC-TV-L21-col trial 30: mean ARI=0.7512  n=24  13.1s  lambda_e=0.03292, lambda_z=0.002284, gamma_q=0.01125
  SSC-TV-L21-col trial 31: mean ARI=0.7701  n=24  13.0s  lambda_e=0.01868, lambda_z=0.005358, gamma_q=0.00411
  SSC-TV-L21-col trial 32: mean ARI=0.7811  n=24  13.2s  lambda_e=0.01516, lambda_z=0.001022, gamma_q=0.003499
  SSC-TV-L21-col trial 33: mean ARI=0.8087  n=24  13.1s  lambda_e=0.07626, lambda_z=0.003852, gamma_q=0.004934
  SSC-TV-L21-col trial 34: mean ARI=0.7252  n=24  13.0s  lambda_e=0.2446, lambda_z=0.0147, gamma_q=0.001683
  SSC-TV-L21-col trial 35: mean ARI=0.8081  n=24  13.1s  lambda_e=0.07449, lambda_z=0.003888, gamma_q=0.005687
  SSC-TV-L21-col trial 36: mean ARI=0.7376  n=24  13.0s  lambda_e=0.207, lambda_z=0.004463, gamma_q=0.03094
  SSC-TV-L21-col trial 37: mean ARI=0.5903  n=24  13.1s  lambda_e=0.03136, lambda_z=0.01087, gamma_q=0.1593
  SSC-TV-L21-col trial 38: mean ARI=0.7284  n=24  13.1s  lambda_e=0.07889, lambda_z=0.02325, gamma_q=0.01203
  SSC-TV-L21-col trial 39: mean ARI=0.2688  n=24  13.0s  lambda_e=0.4467, lambda_z=0.001767, gamma_q=0.07574
  SSC-TV-L21-col trial 40: mean ARI=0.8081  n=24  13.3s  lambda_e=0.1442, lambda_z=0.004042, gamma_q=0.00663
  SSC-TV-L21-col trial 41: mean ARI=0.8084  n=24  13.0s  lambda_e=0.1446, lambda_z=0.00431, gamma_q=0.006267
  SSC-TV-L21-col trial 42: mean ARI=0.7624  n=24  13.0s  lambda_e=0.3007, lambda_z=0.008658, gamma_q=0.002603
  SSC-TV-L21-col trial 43: mean ARI=0.7891  n=24  13.0s  lambda_e=0.1642, lambda_z=0.005059, gamma_q=0.01536
  SSC-TV-L21-col trial 44: mean ARI=0.7849  n=24  13.0s  lambda_e=0.3197, lambda_z=0.001532, gamma_q=0.005437
  SSC-TV-L21-col trial 45: mean ARI=0.6540  n=24  13.0s  lambda_e=0.1185, lambda_z=0.03125, gamma_q=0.001654
  SSC-TV-L21-col trial 46: mean ARI=0.7431  n=24  13.0s  lambda_e=0.02387, lambda_z=0.01485, gamma_q=0.008918
  SSC-TV-L21-col trial 47: mean ARI=0.7793  n=24  13.0s  lambda_e=0.06866, lambda_z=0.008052, gamma_q=0.03649
  SSC-TV-L21-col trial 48: mean ARI=0.5362  n=24  13.1s  lambda_e=0.6042, lambda_z=1.14, gamma_q=0.002821
  SSC-TV-L21-col trial 49: mean ARI=0.8087  n=24  13.1s  lambda_e=0.01748, lambda_z=0.003993, gamma_q=0.005008
  best mean ARI=0.8088  tune 653.8s  lambda_e=0.0105, lambda_z=0.003291, gamma_q=0.003344
  wrote /nfs/turbo/umms-minjilab/lpullela/icassp_ssc_tv2/ballet_dataset/ballet_cluster_params.json

=== train[0] k=5  dim=900  frames=399  σ=clean  seqs=['seq_000002', 'seq_000011', 'seq_000017', 'seq_000023', 'seq_000036'] ===
  OSC: ACC=0.6717  NMI=0.8134  ARI=0.6394  1.4s
  TKSS: ACC=0.7018  NMI=0.6447  ARI=0.5439  0.9s
  SSC-TV-L21: ACC=0.6717  NMI=0.8081  ARI=0.6386  1.1s
  SSC-TV-L21-col: ACC=0.6692  NMI=0.8131  ARI=0.6389  0.9s
  BDOSC: ACC=0.6667  NMI=0.7681  ARI=0.5937  12.1s

=== train[1] k=5  dim=900  frames=351  σ=clean  seqs=['seq_000001', 'seq_000004', 'seq_000009', 'seq_000017', 'seq_000031'] ===
  OSC: ACC=0.9174  NMI=0.8926  ARI=0.8063  1.1s
  TKSS: ACC=0.7721  NMI=0.7024  ARI=0.5568  0.6s
  SSC-TV-L21: ACC=0.9259  NMI=0.8986  ARI=0.8221  0.9s
  SSC-TV-L21-col: ACC=0.9145  NMI=0.8907  ARI=0.8012  0.7s
  BDOSC: ACC=0.7208  NMI=0.8190  ARI=0.6594  7.4s

=== train[2] k=5  dim=900  frames=324  σ=clean  seqs=['seq_000001', 'seq_000002', 'seq_000011', 'seq_000029', 'seq_000043'] ===
  OSC: ACC=0.7963  NMI=0.8785  ARI=0.7738  1.0s
  TKSS: ACC=0.7068  NMI=0.6621  ARI=0.4826  0.7s
  SSC-TV-L21: ACC=0.9938  NMI=0.9812  ARI=0.9817  0.7s
  SSC-TV-L21-col: ACC=0.7963  NMI=0.8785  ARI=0.7738  0.6s
  BDOSC: ACC=0.6296  NMI=0.6560  ARI=0.4902  6.2s

=== train[3] k=5  dim=900  frames=199  σ=clean  seqs=['seq_000003', 'seq_000018', 'seq_000026', 'seq_000029', 'seq_000033'] ===
  OSC: ACC=1.0000  NMI=1.0000  ARI=1.0000  0.4s
  TKSS: ACC=0.6633  NMI=0.7310  ARI=0.5972  0.2s
  SSC-TV-L21: ACC=1.0000  NMI=1.0000  ARI=1.0000  0.3s
  SSC-TV-L21-col: ACC=1.0000  NMI=1.0000  ARI=1.0000  0.2s
  BDOSC: ACC=0.9548  NMI=0.8939  ARI=0.9031  2.2s

=== train[4] k=5  dim=900  frames=320  σ=clean  seqs=['seq_000002', 'seq_000005', 'seq_000027', 'seq_000028', 'seq_000042'] ===
  OSC: ACC=0.9844  NMI=0.9663  ARI=0.9710  1.0s
  TKSS: ACC=0.7500  NMI=0.7587  ARI=0.6939  0.4s
  SSC-TV-L21: ACC=0.9812  NMI=0.9550  ARI=0.9615  0.7s
  SSC-TV-L21-col: ACC=0.9844  NMI=0.9663  ARI=0.9710  0.5s
  BDOSC: ACC=0.7531  NMI=0.7418  ARI=0.6905  6.1s

=== train[5] k=5  dim=900  frames=348  σ=clean  seqs=['seq_000002', 'seq_000011', 'seq_000017', 'seq_000027', 'seq_000031'] ===
  OSC: ACC=0.8448  NMI=0.8480  ARI=0.6862  1.1s
  TKSS: ACC=0.6207  NMI=0.5715  ARI=0.4456  1.5s
  SSC-TV-L21: ACC=0.6724  NMI=0.8214  ARI=0.5985  0.8s
  SSC-TV-L21-col: ACC=0.6724  NMI=0.8214  ARI=0.5985  0.6s
  BDOSC: ACC=0.6724  NMI=0.8214  ARI=0.5985  7.1s

=== train[6] k=5  dim=900  frames=288  σ=clean  seqs=['seq_000009', 'seq_000022', 'seq_000025', 'seq_000029', 'seq_000041'] ===
  OSC: ACC=0.8576  NMI=0.8494  ARI=0.8196  0.8s
  TKSS: ACC=0.5764  NMI=0.6165  ARI=0.4394  0.5s
  SSC-TV-L21: ACC=0.8542  NMI=0.8396  ARI=0.8139  0.5s
  SSC-TV-L21-col: ACC=0.8576  NMI=0.8494  ARI=0.8196  0.5s
  BDOSC: ACC=0.7431  NMI=0.6540  ARI=0.4862  4.8s

=== train[7] k=5  dim=900  frames=342  σ=clean  seqs=['seq_000009', 'seq_000017', 'seq_000019', 'seq_000020', 'seq_000043'] ===
  OSC: ACC=0.7339  NMI=0.8412  ARI=0.6667  1.0s
  TKSS: ACC=0.6550  NMI=0.7035  ARI=0.5674  0.4s
  SSC-TV-L21: ACC=0.7281  NMI=0.8404  ARI=0.6641  0.8s
  SSC-TV-L21-col: ACC=0.7281  NMI=0.8404  ARI=0.6641  0.6s
  BDOSC: ACC=0.6111  NMI=0.6704  ARI=0.4805  7.0s

=== train[8] k=5  dim=900  frames=256  σ=clean  seqs=['seq_000001', 'seq_000005', 'seq_000022', 'seq_000029', 'seq_000042'] ===
  OSC: ACC=0.8945  NMI=0.9005  ARI=0.8401  0.7s
  TKSS: ACC=0.7773  NMI=0.8067  ARI=0.7183  0.3s
  SSC-TV-L21: ACC=0.8789  NMI=0.8537  ARI=0.8017  0.4s
  SSC-TV-L21-col: ACC=0.8867  NMI=0.8788  ARI=0.8269  0.4s
  BDOSC: ACC=0.8789  NMI=0.8930  ARI=0.8215  4.3s

=== train[9] k=5  dim=900  frames=341  σ=clean  seqs=['seq_000004', 'seq_000009', 'seq_000012', 'seq_000023', 'seq_000031'] ===
  OSC: ACC=0.8006  NMI=0.8884  ARI=0.8004  1.0s
  TKSS: ACC=0.8358  NMI=0.7581  ARI=0.6583  0.4s
  SSC-TV-L21: ACC=0.7977  NMI=0.8875  ARI=0.7979  0.8s
  SSC-TV-L21-col: ACC=0.8006  NMI=0.8884  ARI=0.8004  0.6s
  BDOSC: ACC=0.7009  NMI=0.8058  ARI=0.6286  7.4s

=== train[10] k=5  dim=900  frames=331  σ=clean  seqs=['seq_000002', 'seq_000009', 'seq_000012', 'seq_000018', 'seq_000023'] ===
  OSC: ACC=1.0000  NMI=1.0000  ARI=1.0000  1.0s
  TKSS: ACC=0.9063  NMI=0.8551  ARI=0.7960  0.7s
  SSC-TV-L21: ACC=1.0000  NMI=1.0000  ARI=1.0000  0.7s
  SSC-TV-L21-col: ACC=1.0000  NMI=1.0000  ARI=1.0000  0.6s
  BDOSC: ACC=0.7764  NMI=0.8388  ARI=0.7439  6.4s

=== train[11] k=5  dim=900  frames=304  σ=clean  seqs=['seq_000009', 'seq_000012', 'seq_000022', 'seq_000023', 'seq_000036'] ===
  OSC: ACC=0.8257  NMI=0.8745  ARI=0.8048  0.9s
  TKSS: ACC=0.9079  NMI=0.8760  ARI=0.8499  0.4s
  SSC-TV-L21: ACC=0.8586  NMI=0.8616  ARI=0.8158  0.6s
  SSC-TV-L21-col: ACC=0.8257  NMI=0.8745  ARI=0.8048  0.5s
  BDOSC: ACC=0.6086  NMI=0.7173  ARI=0.5354  5.3s

=== train[12] k=5  dim=900  frames=315  σ=clean  seqs=['seq_000001', 'seq_000017', 'seq_000023', 'seq_000024', 'seq_000039'] ===
  OSC: ACC=0.9079  NMI=0.8814  ARI=0.7995  0.9s
  TKSS: ACC=0.8413  NMI=0.7817  ARI=0.7079  0.5s
  SSC-TV-L21: ACC=0.9016  NMI=0.8701  ARI=0.7899  0.7s
  SSC-TV-L21-col: ACC=0.9048  NMI=0.8794  ARI=0.7943  0.5s
  BDOSC: ACC=0.8635  NMI=0.8498  ARI=0.7370  5.7s

=== train[13] k=5  dim=900  frames=350  σ=clean  seqs=['seq_000028', 'seq_000029', 'seq_000033', 'seq_000035', 'seq_000039'] ===
  OSC: ACC=0.6943  NMI=0.7897  ARI=0.6692  1.1s
  TKSS: ACC=0.8314  NMI=0.8005  ARI=0.7016  0.4s
  SSC-TV-L21: ACC=0.6943  NMI=0.7798  ARI=0.6637  0.8s
  SSC-TV-L21-col: ACC=0.6943  NMI=0.7897  ARI=0.6692  0.7s
  BDOSC: ACC=0.5657  NMI=0.6494  ARI=0.4773  7.4s

=== train[14] k=5  dim=900  frames=293  σ=clean  seqs=['seq_000001', 'seq_000023', 'seq_000025', 'seq_000026', 'seq_000039'] ===
  OSC: ACC=0.9659  NMI=0.9348  ARI=0.9190  0.8s
  TKSS: ACC=0.8771  NMI=0.8289  ARI=0.7681  0.3s
  SSC-TV-L21: ACC=0.9659  NMI=0.9222  ARI=0.9215  0.6s
  SSC-TV-L21-col: ACC=0.9659  NMI=0.9348  ARI=0.9190  0.5s
  BDOSC: ACC=0.6826  NMI=0.8112  ARI=0.6907  4.9s

=== train[15] k=5  dim=900  frames=282  σ=clean  seqs=['seq_000018', 'seq_000019', 'seq_000020', 'seq_000031', 'seq_000035'] ===
  OSC: ACC=0.7376  NMI=0.8442  ARI=0.6577  0.8s
  TKSS: ACC=0.7979  NMI=0.7695  ARI=0.5843  0.5s
  SSC-TV-L21: ACC=0.5532  NMI=0.6574  ARI=0.4421  0.5s
  SSC-TV-L21-col: ACC=0.7411  NMI=0.8445  ARI=0.6582  0.4s
  BDOSC: ACC=0.6631  NMI=0.6813  ARI=0.4962  4.5s

=== train[16] k=5  dim=900  frames=255  σ=clean  seqs=['seq_000022', 'seq_000026', 'seq_000028', 'seq_000033', 'seq_000042'] ===
  OSC: ACC=0.7647  NMI=0.8102  ARI=0.6347  0.7s
  TKSS: ACC=0.6706  NMI=0.6295  ARI=0.5311  0.3s
  SSC-TV-L21: ACC=0.7569  NMI=0.7799  ARI=0.6080  0.4s
  SSC-TV-L21-col: ACC=0.7647  NMI=0.8102  ARI=0.6347  0.4s
  BDOSC: ACC=0.6824  NMI=0.6573  ARI=0.4576  3.7s

=== train[17] k=5  dim=900  frames=311  σ=clean  seqs=['seq_000017', 'seq_000020', 'seq_000026', 'seq_000039', 'seq_000041'] ===
  OSC: ACC=0.8810  NMI=0.8793  ARI=0.7998  0.9s
  TKSS: ACC=0.7588  NMI=0.7528  ARI=0.6675  0.3s
  SSC-TV-L21: ACC=0.8842  NMI=0.8800  ARI=0.8028  0.6s
  SSC-TV-L21-col: ACC=0.8810  NMI=0.8793  ARI=0.7998  0.5s
  BDOSC: ACC=0.6977  NMI=0.7604  ARI=0.5890  5.6s

=== train[18] k=5  dim=900  frames=359  σ=clean  seqs=['seq_000004', 'seq_000012', 'seq_000022', 'seq_000028', 'seq_000042'] ===
  OSC: ACC=0.9025  NMI=0.9164  ARI=0.8803  1.2s
  TKSS: ACC=0.9276  NMI=0.8948  ARI=0.8953  0.7s
  SSC-TV-L21: ACC=0.8942  NMI=0.8953  ARI=0.8636  0.9s
  SSC-TV-L21-col: ACC=0.9025  NMI=0.9164  ARI=0.8803  0.7s
  BDOSC: ACC=0.6602  NMI=0.6984  ARI=0.5126  7.8s

=== train[19] k=5  dim=900  frames=234  σ=clean  seqs=['seq_000021', 'seq_000025', 'seq_000026', 'seq_000029', 'seq_000041'] ===
  OSC: ACC=0.8419  NMI=0.8106  ARI=0.7682  0.6s
  TKSS: ACC=0.5940  NMI=0.6483  ARI=0.4850  0.4s
  SSC-TV-L21: ACC=0.8846  NMI=0.8867  ARI=0.8614  0.4s
  SSC-TV-L21-col: ACC=0.8462  NMI=0.8154  ARI=0.7757  0.3s
  BDOSC: ACC=0.5726  NMI=0.7071  ARI=0.4835  3.0s

=== train[20] k=5  dim=900  frames=229  σ=clean  seqs=['seq_000001', 'seq_000021', 'seq_000025', 'seq_000027', 'seq_000041'] ===
  OSC: ACC=0.8908  NMI=0.9060  ARI=0.8593  0.6s
  TKSS: ACC=0.8515  NMI=0.7919  ARI=0.7530  0.4s
  SSC-TV-L21: ACC=0.8297  NMI=0.8242  ARI=0.7769  0.3s
  SSC-TV-L21-col: ACC=0.8908  NMI=0.9060  ARI=0.8593  0.3s
  BDOSC: ACC=0.6943  NMI=0.6848  ARI=0.5149  2.9s

=== train[21] k=5  dim=900  frames=246  σ=clean  seqs=['seq_000001', 'seq_000022', 'seq_000024', 'seq_000025', 'seq_000036'] ===
  OSC: ACC=0.7927  NMI=0.8746  ARI=0.7879  0.6s
  TKSS: ACC=0.6911  NMI=0.7706  ARI=0.6134  0.3s
  SSC-TV-L21: ACC=0.7886  NMI=0.8619  ARI=0.7787  0.4s
  SSC-TV-L21-col: ACC=0.7927  NMI=0.8746  ARI=0.7879  0.3s
  BDOSC: ACC=0.5732  NMI=0.7227  ARI=0.5301  3.3s

=== train[22] k=5  dim=900  frames=345  σ=clean  seqs=['seq_000011', 'seq_000012', 'seq_000020', 'seq_000027', 'seq_000036'] ===
  OSC: ACC=0.9594  NMI=0.9401  ARI=0.9303  1.1s
  TKSS: ACC=0.8058  NMI=0.8003  ARI=0.7630  2.1s
  SSC-TV-L21: ACC=0.8348  NMI=0.8865  ARI=0.7968  0.8s
  SSC-TV-L21-col: ACC=0.9623  NMI=0.9425  ARI=0.9345  0.7s
  BDOSC: ACC=0.7159  NMI=0.7914  ARI=0.6636  6.9s

=== train[23] k=5  dim=900  frames=383  σ=clean  seqs=['seq_000002', 'seq_000018', 'seq_000025', 'seq_000028', 'seq_000039'] ===
  OSC: ACC=1.0000  NMI=1.0000  ARI=1.0000  1.3s
  TKSS: ACC=0.7990  NMI=0.7660  ARI=0.6919  0.5s
  SSC-TV-L21: ACC=0.9974  NMI=0.9916  ARI=0.9950  1.0s
  SSC-TV-L21-col: ACC=1.0000  NMI=1.0000  ARI=1.0000  0.8s
  BDOSC: ACC=0.6606  NMI=0.7825  ARI=0.6207  9.0s

=== test[0] k=5  dim=900  frames=152  σ=clean  seqs=['seq_000007', 'seq_000008', 'seq_000015', 'seq_000016', 'seq_000040'] ===
  OSC: ACC=0.8289  NMI=0.8347  ARI=0.7554  0.3s
  TKSS: ACC=0.7171  NMI=0.6630  ARI=0.5281  0.1s
  SSC-TV-L21: ACC=0.8158  NMI=0.7974  ARI=0.7208  0.2s
  SSC-TV-L21-col: ACC=0.8289  NMI=0.8347  ARI=0.7554  0.1s
  BDOSC: ACC=0.6908  NMI=0.7489  ARI=0.6187  1.2s

=== test[1] k=5  dim=900  frames=180  σ=clean  seqs=['seq_000008', 'seq_000010', 'seq_000030', 'seq_000037', 'seq_000040'] ===
  OSC: ACC=1.0000  NMI=1.0000  ARI=1.0000  0.4s
  TKSS: ACC=0.7500  NMI=0.6869  ARI=0.5513  0.1s
  SSC-TV-L21: ACC=0.9222  NMI=0.8915  ARI=0.8061  0.2s
  SSC-TV-L21-col: ACC=0.9222  NMI=0.8915  ARI=0.8061  0.2s
  BDOSC: ACC=0.9500  NMI=0.8917  ARI=0.8943  1.8s

=== test[2] k=5  dim=900  frames=289  σ=clean  seqs=['seq_000006', 'seq_000007', 'seq_000013', 'seq_000030', 'seq_000040'] ===
  OSC: ACC=0.7405  NMI=0.8708  ARI=0.7692  0.8s
  TKSS: ACC=0.7474  NMI=0.7225  ARI=0.6539  1.3s
  SSC-TV-L21: ACC=0.7405  NMI=0.8708  ARI=0.7692  0.6s
  SSC-TV-L21-col: ACC=0.7405  NMI=0.8708  ARI=0.7692  0.5s
  BDOSC: ACC=0.5363  NMI=0.5809  ARI=0.3093  4.7s

=== test[3] k=5  dim=900  frames=247  σ=clean  seqs=['seq_000010', 'seq_000015', 'seq_000034', 'seq_000038', 'seq_000044'] ===
  OSC: ACC=0.6559  NMI=0.7518  ARI=0.5824  0.6s
  TKSS: ACC=0.6356  NMI=0.6308  ARI=0.4888  0.4s
  SSC-TV-L21: ACC=0.6478  NMI=0.7511  ARI=0.5793  0.4s
  SSC-TV-L21-col: ACC=0.6478  NMI=0.7511  ARI=0.5793  0.3s
  BDOSC: ACC=0.6032  NMI=0.6850  ARI=0.4868  3.4s

=== test[4] k=5  dim=900  frames=171  σ=clean  seqs=['seq_000007', 'seq_000010', 'seq_000015', 'seq_000034', 'seq_000037'] ===
  OSC: ACC=0.8538  NMI=0.8502  ARI=0.8070  0.3s
  TKSS: ACC=0.7485  NMI=0.7593  ARI=0.6498  0.3s
  SSC-TV-L21: ACC=0.8480  NMI=0.8505  ARI=0.8069  0.2s
  SSC-TV-L21-col: ACC=0.8480  NMI=0.8505  ARI=0.8069  0.2s
  BDOSC: ACC=0.7427  NMI=0.7636  ARI=0.6590  1.6s

=== test[5] k=5  dim=900  frames=210  σ=clean  seqs=['seq_000008', 'seq_000013', 'seq_000015', 'seq_000016', 'seq_000034'] ===
  OSC: ACC=0.7048  NMI=0.7650  ARI=0.6039  0.5s
  TKSS: ACC=0.6619  NMI=0.5647  ARI=0.4401  0.2s
  SSC-TV-L21: ACC=0.6571  NMI=0.7653  ARI=0.5759  0.3s
  SSC-TV-L21-col: ACC=0.6571  NMI=0.7653  ARI=0.5759  0.2s
  BDOSC: ACC=0.7143  NMI=0.7675  ARI=0.6157  2.4s

=== test[6] k=5  dim=900  frames=270  σ=clean  seqs=['seq_000013', 'seq_000016', 'seq_000030', 'seq_000034', 'seq_000038'] ===
  OSC: ACC=0.8037  NMI=0.8728  ARI=0.7624  0.7s
  TKSS: ACC=0.6481  NMI=0.4892  ARI=0.3492  0.7s
  SSC-TV-L21: ACC=0.7519  NMI=0.7890  ARI=0.6421  0.5s
  SSC-TV-L21-col: ACC=0.7593  NMI=0.7925  ARI=0.6493  0.4s
  BDOSC: ACC=0.8259  NMI=0.8228  ARI=0.7533  4.1s

=== test[7] k=5  dim=900  frames=282  σ=clean  seqs=['seq_000008', 'seq_000037', 'seq_000038', 'seq_000040', 'seq_000044'] ===
  OSC: ACC=0.8121  NMI=0.7785  ARI=0.6138  0.8s
  TKSS: ACC=0.6773  NMI=0.7412  ARI=0.6302  0.6s
  SSC-TV-L21: ACC=0.8511  NMI=0.8043  ARI=0.6751  0.5s
  SSC-TV-L21-col: ACC=0.8121  NMI=0.7785  ARI=0.6138  0.4s
  BDOSC: ACC=0.6277  NMI=0.6811  ARI=0.4746  4.4s

=== test[8] k=5  dim=900  frames=294  σ=clean  seqs=['seq_000006', 'seq_000032', 'seq_000034', 'seq_000038', 'seq_000040'] ===
  OSC: ACC=0.8299  NMI=0.8728  ARI=0.7483  0.8s
  TKSS: ACC=0.7653  NMI=0.8191  ARI=0.7411  0.6s
  SSC-TV-L21: ACC=0.8299  NMI=0.8728  ARI=0.7483  0.6s
  SSC-TV-L21-col: ACC=0.8299  NMI=0.8728  ARI=0.7483  0.5s
  BDOSC: ACC=0.6361  NMI=0.6408  ARI=0.4071  4.9s

=== test[9] k=5  dim=900  frames=207  σ=clean  seqs=['seq_000010', 'seq_000015', 'seq_000034', 'seq_000038', 'seq_000040'] ===
  OSC: ACC=0.6618  NMI=0.7323  ARI=0.5273  0.5s
  TKSS: ACC=0.5894  NMI=0.5866  ARI=0.4045  0.9s
  SSC-TV-L21: ACC=0.6618  NMI=0.7327  ARI=0.5281  0.3s
  SSC-TV-L21-col: ACC=0.6618  NMI=0.7323  ARI=0.5273  0.2s
  BDOSC: ACC=0.7971  NMI=0.7426  ARI=0.6577  2.4s

=== test[10] k=5  dim=900  frames=235  σ=clean  seqs=['seq_000007', 'seq_000008', 'seq_000013', 'seq_000032', 'seq_000037'] ===
  OSC: ACC=0.7957  NMI=0.8452  ARI=0.6575  0.6s
  TKSS: ACC=0.7489  NMI=0.7127  ARI=0.5378  0.2s
  SSC-TV-L21: ACC=1.0000  NMI=1.0000  ARI=1.0000  0.4s
  SSC-TV-L21-col: ACC=1.0000  NMI=1.0000  ARI=1.0000  0.3s
  BDOSC: ACC=0.7915  NMI=0.8325  ARI=0.6502  3.0s

=== test[11] k=5  dim=900  frames=186  σ=clean  seqs=['seq_000010', 'seq_000014', 'seq_000030', 'seq_000032', 'seq_000040'] ===
  OSC: ACC=0.7634  NMI=0.7472  ARI=0.5376  0.4s
  TKSS: ACC=0.6882  NMI=0.6416  ARI=0.4634  0.2s
  SSC-TV-L21: ACC=0.7688  NMI=0.7527  ARI=0.5483  0.2s
  SSC-TV-L21-col: ACC=0.7688  NMI=0.7527  ARI=0.5483  0.2s
  BDOSC: ACC=0.9301  NMI=0.8757  ARI=0.8442  1.9s

=== test[12] k=5  dim=900  frames=225  σ=clean  seqs=['seq_000013', 'seq_000014', 'seq_000015', 'seq_000016', 'seq_000037'] ===
  OSC: ACC=0.6222  NMI=0.7338  ARI=0.5370  0.5s
  TKSS: ACC=0.6578  NMI=0.6262  ARI=0.4936  0.4s
  SSC-TV-L21: ACC=0.6089  NMI=0.7102  ARI=0.5418  0.3s
  SSC-TV-L21-col: ACC=0.5644  NMI=0.7250  ARI=0.4949  0.3s
  BDOSC: ACC=0.6578  NMI=0.7123  ARI=0.5646  2.8s

=== test[13] k=5  dim=900  frames=261  σ=clean  seqs=['seq_000007', 'seq_000013', 'seq_000016', 'seq_000030', 'seq_000044'] ===
  OSC: ACC=0.7893  NMI=0.8601  ARI=0.7297  0.7s
  TKSS: ACC=0.6284  NMI=0.6234  ARI=0.4765  0.4s
  SSC-TV-L21: ACC=0.7854  NMI=0.8597  ARI=0.7285  0.5s
  SSC-TV-L21-col: ACC=0.7854  NMI=0.8597  ARI=0.7285  0.4s
  BDOSC: ACC=0.7816  NMI=0.8095  ARI=0.6859  3.9s

=== test[14] k=5  dim=900  frames=330  σ=clean  seqs=['seq_000006', 'seq_000013', 'seq_000030', 'seq_000038', 'seq_000040'] ===
  OSC: ACC=0.7485  NMI=0.7604  ARI=0.5913  1.0s
  TKSS: ACC=0.6909  NMI=0.6223  ARI=0.5249  1.3s
  SSC-TV-L21: ACC=0.7515  NMI=0.7622  ARI=0.5955  0.7s
  SSC-TV-L21-col: ACC=0.7485  NMI=0.7604  ARI=0.5913  0.6s
  BDOSC: ACC=0.7727  NMI=0.8107  ARI=0.6988  6.1s

=== test[15] k=5  dim=900  frames=251  σ=clean  seqs=['seq_000008', 'seq_000032', 'seq_000034', 'seq_000037', 'seq_000044'] ===
  OSC: ACC=0.6773  NMI=0.8377  ARI=0.6367  0.6s
  TKSS: ACC=0.6892  NMI=0.6747  ARI=0.5509  0.4s
  SSC-TV-L21: ACC=0.6693  NMI=0.8369  ARI=0.6335  0.4s
  SSC-TV-L21-col: ACC=0.6693  NMI=0.8369  ARI=0.6335  0.4s
  BDOSC: ACC=0.8367  NMI=0.7780  ARI=0.6441  3.4s

=== test[16] k=5  dim=900  frames=287  σ=clean  seqs=['seq_000013', 'seq_000015', 'seq_000034', 'seq_000037', 'seq_000044'] ===
  OSC: ACC=0.5157  NMI=0.7233  ARI=0.4793  0.8s
  TKSS: ACC=0.6655  NMI=0.6512  ARI=0.5010  0.6s
  SSC-TV-L21: ACC=0.5087  NMI=0.7228  ARI=0.4771  0.5s
  SSC-TV-L21-col: ACC=0.5122  NMI=0.7231  ARI=0.4781  0.5s
  BDOSC: ACC=0.4983  NMI=0.5725  ARI=0.3066  4.7s

=== test[17] k=5  dim=900  frames=228  σ=clean  seqs=['seq_000006', 'seq_000007', 'seq_000008', 'seq_000014', 'seq_000016'] ===
  OSC: ACC=0.8553  NMI=0.8974  ARI=0.8683  0.6s
  TKSS: ACC=0.6404  NMI=0.6099  ARI=0.4153  0.6s
  SSC-TV-L21: ACC=0.8553  NMI=0.8841  ARI=0.8621  0.3s
  SSC-TV-L21-col: ACC=0.8596  NMI=0.8975  ARI=0.8688  0.3s
  BDOSC: ACC=0.5746  NMI=0.6690  ARI=0.4833  2.9s

=== mean over matrices ===
  OSC train σ=clean: ACC=0.8611  NMI=0.8892  ARI=0.8131  n=24
  TKSS train σ=clean: ACC=0.7633  NMI=0.7467  ARI=0.6463  n=24
  SSC-TV-L21 train σ=clean: ACC=0.8478  NMI=0.8743  ARI=0.7998  n=24
  SSC-TV-L21-col train σ=clean: ACC=0.8534  NMI=0.8873  ARI=0.8088  n=24
  BDOSC train σ=clean: ACC=0.6978  NMI=0.7532  ARI=0.6002  n=24
  OSC test σ=clean: ACC=0.7588  NMI=0.8186  ARI=0.6782  n=18
  TKSS test σ=clean: ACC=0.6861  NMI=0.6570  ARI=0.5222  n=18
  SSC-TV-L21 test σ=clean: ACC=0.7597  NMI=0.8141  ARI=0.6799  n=18
  SSC-TV-L21-col test σ=clean: ACC=0.7564  NMI=0.8164  ARI=0.6764  n=18
  BDOSC test σ=clean: ACC=0.7204  NMI=0.7436  ARI=0.5975  n=18

wrote /nfs/turbo/umms-minjilab/lpullela/icassp_ssc_tv2/ballet_dataset/ballet_cluster_results.csv
wrote /nfs/turbo/umms-minjilab/lpullela/icassp_ssc_tv2/ballet_dataset/ballet_cluster_params.json
end=Wed Sep  2 16:33:33 EDT 2026
