host=gl3121.arc-ts.umich.edu  python=/home/lpullela/miniconda3/envs/ssc_559/bin/python  start=Thu Sep  3 13:59:19 EDT 2026  k=12  mode=clean
=== Ballet Clustering Experiment ===
k=12  n_test=15  n_train_combos=24  n_test_combos=18  n_trials=50  down_hw=30  full_data=False  n_frames ~ Unif[10, 100]  seed=0
hetero_noise=False  sigmas=None  append=False  no_tune=False  known_k=True  csv=ballet_cluster_knownk_scaled_results_bsearchk12.csv

Loading 44 sequences once (reused across combinations)
  seq_000001: frames=53  dim=900
  seq_000002: frames=78  dim=900
  seq_000003: frames=13  dim=900
  seq_000004: frames=84  dim=900
  seq_000005: frames=32  dim=900
  seq_000006: frames=89  dim=900
  seq_000007: frames=34  dim=900
  seq_000008: frames=33  dim=900
  seq_000009: frames=68  dim=900
  seq_000010: frames=17  dim=900
  seq_000011: frames=88  dim=900
  seq_000012: frames=86  dim=900
  seq_000013: frames=84  dim=900
  seq_000014: frames=51  dim=900
  seq_000015: frames=21  dim=900
  seq_000016: frames=21  dim=900
  seq_000017: frames=98  dim=900
  seq_000018: frames=44  dim=900
  seq_000019: frames=92  dim=900
  seq_000020: frames=55  dim=900
  seq_000021: frames=11  dim=900
  seq_000022: frames=15  dim=900
  seq_000023: frames=55  dim=900
  seq_000024: frames=20  dim=900
  seq_000025: frames=78  dim=900
  seq_000026: frames=18  dim=900
  seq_000027: frames=36  dim=900
  seq_000028: frames=94  dim=900
  seq_000029: frames=76  dim=900
  seq_000030: frames=39  dim=900
  seq_000031: frames=48  dim=900
  seq_000032: frames=36  dim=900
  seq_000033: frames=48  dim=900
  seq_000034: frames=51  dim=900
  seq_000035: frames=43  dim=900
  seq_000036: frames=80  dim=900
  seq_000037: frames=48  dim=900
  seq_000038: frames=75  dim=900
  seq_000039: frames=89  dim=900
  seq_000040: frames=43  dim=900
  seq_000041: frames=51  dim=900
  seq_000042: frames=80  dim=900
  seq_000043: frames=29  dim=900
  seq_000044: frames=83  dim=900
sequences=44  train_pool=29  test_pool=15  train_combos=24  test_combos=18
train pool: ['seq_000003', 'seq_000035', 'seq_000005', 'seq_000019', 'seq_000024', 'seq_000033', 'seq_000012', 'seq_000002', 'seq_000023', 'seq_000020', 'seq_000022', 'seq_000028', 'seq_000042', 'seq_000011', 'seq_000004', 'seq_000039', 'seq_000017', 'seq_000031', 'seq_000021', 'seq_000029', 'seq_000009', 'seq_000036', 'seq_000043', 'seq_000018', 'seq_000001', 'seq_000025', 'seq_000026', 'seq_000041', 'seq_000027']
test  pool: ['seq_000040', 'seq_000010', 'seq_000007', 'seq_000037', 'seq_000038', 'seq_000014', 'seq_000013', 'seq_000008', 'seq_000044', 'seq_000006', 'seq_000015', 'seq_000030', 'seq_000034', 'seq_000016', 'seq_000032']
train 0 k=12  sequences=['seq_000001', 'seq_000003', 'seq_000012', 'seq_000021', 'seq_000022', 'seq_000024', 'seq_000026', 'seq_000033', 'seq_000035', 'seq_000036', 'seq_000039', 'seq_000042']
train 1 k=12  sequences=['seq_000001', 'seq_000002', 'seq_000003', 'seq_000005', 'seq_000018', 'seq_000024', 'seq_000027', 'seq_000028', 'seq_000031', 'seq_000036', 'seq_000041', 'seq_000043']
train 2 k=12  sequences=['seq_000001', 'seq_000009', 'seq_000017', 'seq_000020', 'seq_000022', 'seq_000023', 'seq_000025', 'seq_000026', 'seq_000028', 'seq_000029', 'seq_000033', 'seq_000042']
train 3 k=12  sequences=['seq_000001', 'seq_000002', 'seq_000004', 'seq_000012', 'seq_000017', 'seq_000020', 'seq_000022', 'seq_000023', 'seq_000029', 'seq_000035', 'seq_000036', 'seq_000041']
train 4 k=12  sequences=['seq_000004', 'seq_000009', 'seq_000011', 'seq_000012', 'seq_000020', 'seq_000021', 'seq_000022', 'seq_000023', 'seq_000024', 'seq_000035', 'seq_000036', 'seq_000043']
train 5 k=12  sequences=['seq_000001', 'seq_000004', 'seq_000005', 'seq_000011', 'seq_000017', 'seq_000020', 'seq_000021', 'seq_000024', 'seq_000025', 'seq_000033', 'seq_000035', 'seq_000043']
train 6 k=12  sequences=['seq_000001', 'seq_000004', 'seq_000005', 'seq_000011', 'seq_000017', 'seq_000020', 'seq_000022', 'seq_000025', 'seq_000028', 'seq_000033', 'seq_000036', 'seq_000042']
train 7 k=12  sequences=['seq_000002', 'seq_000009', 'seq_000011', 'seq_000020', 'seq_000021', 'seq_000022', 'seq_000023', 'seq_000026', 'seq_000028', 'seq_000033', 'seq_000035', 'seq_000036']
train 8 k=12  sequences=['seq_000003', 'seq_000004', 'seq_000005', 'seq_000018', 'seq_000020', 'seq_000021', 'seq_000024', 'seq_000027', 'seq_000029', 'seq_000035', 'seq_000039', 'seq_000043']
train 9 k=12  sequences=['seq_000001', 'seq_000017', 'seq_000018', 'seq_000019', 'seq_000021', 'seq_000022', 'seq_000023', 'seq_000026', 'seq_000028', 'seq_000033', 'seq_000035', 'seq_000039']
train 10 k=12  sequences=['seq_000005', 'seq_000017', 'seq_000020', 'seq_000021', 'seq_000026', 'seq_000027', 'seq_000028', 'seq_000029', 'seq_000031', 'seq_000033', 'seq_000035', 'seq_000036']
train 11 k=12  sequences=['seq_000005', 'seq_000009', 'seq_000012', 'seq_000018', 'seq_000024', 'seq_000025', 'seq_000029', 'seq_000031', 'seq_000036', 'seq_000039', 'seq_000041', 'seq_000043']
train 12 k=12  sequences=['seq_000002', 'seq_000003', 'seq_000004', 'seq_000021', 'seq_000024', 'seq_000026', 'seq_000029', 'seq_000033', 'seq_000035', 'seq_000041', 'seq_000042', 'seq_000043']
train 13 k=12  sequences=['seq_000002', 'seq_000003', 'seq_000004', 'seq_000005', 'seq_000009', 'seq_000012', 'seq_000017', 'seq_000023', 'seq_000026', 'seq_000035', 'seq_000041', 'seq_000043']
train 14 k=12  sequences=['seq_000002', 'seq_000003', 'seq_000012', 'seq_000017', 'seq_000022', 'seq_000023', 'seq_000026', 'seq_000027', 'seq_000029', 'seq_000036', 'seq_000041', 'seq_000043']
train 15 k=12  sequences=['seq_000001', 'seq_000004', 'seq_000009', 'seq_000012', 'seq_000017', 'seq_000018', 'seq_000019', 'seq_000026', 'seq_000029', 'seq_000031', 'seq_000033', 'seq_000035']
train 16 k=12  sequences=['seq_000003', 'seq_000004', 'seq_000011', 'seq_000017', 'seq_000019', 'seq_000020', 'seq_000026', 'seq_000027', 'seq_000029', 'seq_000036', 'seq_000039', 'seq_000043']
train 17 k=12  sequences=['seq_000003', 'seq_000011', 'seq_000017', 'seq_000018', 'seq_000022', 'seq_000023', 'seq_000026', 'seq_000027', 'seq_000028', 'seq_000031', 'seq_000039', 'seq_000041']
train 18 k=12  sequences=['seq_000002', 'seq_000009', 'seq_000021', 'seq_000022', 'seq_000024', 'seq_000025', 'seq_000026', 'seq_000027', 'seq_000031', 'seq_000035', 'seq_000041', 'seq_000042']
train 19 k=12  sequences=['seq_000004', 'seq_000005', 'seq_000009', 'seq_000012', 'seq_000017', 'seq_000019', 'seq_000026', 'seq_000027', 'seq_000029', 'seq_000035', 'seq_000039', 'seq_000041']
train 20 k=12  sequences=['seq_000003', 'seq_000005', 'seq_000011', 'seq_000017', 'seq_000018', 'seq_000020', 'seq_000026', 'seq_000027', 'seq_000028', 'seq_000029', 'seq_000033', 'seq_000035']
train 21 k=12  sequences=['seq_000001', 'seq_000003', 'seq_000004', 'seq_000009', 'seq_000011', 'seq_000017', 'seq_000018', 'seq_000021', 'seq_000022', 'seq_000029', 'seq_000031', 'seq_000039']
train 22 k=12  sequences=['seq_000003', 'seq_000004', 'seq_000005', 'seq_000009', 'seq_000012', 'seq_000018', 'seq_000020', 'seq_000022', 'seq_000025', 'seq_000026', 'seq_000036', 'seq_000043']
train 23 k=12  sequences=['seq_000003', 'seq_000005', 'seq_000009', 'seq_000011', 'seq_000012', 'seq_000018', 'seq_000022', 'seq_000023', 'seq_000024', 'seq_000028', 'seq_000042', 'seq_000043']
test  0 k=12  sequences=['seq_000007', 'seq_000008', 'seq_000013', 'seq_000014', 'seq_000015', 'seq_000016', 'seq_000030', 'seq_000032', 'seq_000034', 'seq_000038', 'seq_000040', 'seq_000044']
test  1 k=12  sequences=['seq_000006', 'seq_000007', 'seq_000013', 'seq_000014', 'seq_000015', 'seq_000016', 'seq_000030', 'seq_000032', 'seq_000034', 'seq_000037', 'seq_000040', 'seq_000044']
test  2 k=12  sequences=['seq_000006', 'seq_000010', 'seq_000013', 'seq_000014', 'seq_000016', 'seq_000030', 'seq_000032', 'seq_000034', 'seq_000037', 'seq_000038', 'seq_000040', 'seq_000044']
test  3 k=12  sequences=['seq_000007', 'seq_000008', 'seq_000010', 'seq_000013', 'seq_000014', 'seq_000015', 'seq_000016', 'seq_000030', 'seq_000032', 'seq_000034', 'seq_000038', 'seq_000040']
test  4 k=12  sequences=['seq_000006', 'seq_000007', 'seq_000008', 'seq_000010', 'seq_000013', 'seq_000014', 'seq_000015', 'seq_000016', 'seq_000034', 'seq_000037', 'seq_000038', 'seq_000040']
test  5 k=12  sequences=['seq_000006', 'seq_000008', 'seq_000010', 'seq_000013', 'seq_000014', 'seq_000015', 'seq_000016', 'seq_000030', 'seq_000037', 'seq_000038', 'seq_000040', 'seq_000044']
test  6 k=12  sequences=['seq_000006', 'seq_000008', 'seq_000010', 'seq_000013', 'seq_000014', 'seq_000015', 'seq_000016', 'seq_000030', 'seq_000034', 'seq_000037', 'seq_000038', 'seq_000040']
test  7 k=12  sequences=['seq_000006', 'seq_000007', 'seq_000008', 'seq_000010', 'seq_000014', 'seq_000015', 'seq_000016', 'seq_000030', 'seq_000032', 'seq_000037', 'seq_000038', 'seq_000044']
test  8 k=12  sequences=['seq_000006', 'seq_000007', 'seq_000013', 'seq_000014', 'seq_000015', 'seq_000016', 'seq_000030', 'seq_000032', 'seq_000037', 'seq_000038', 'seq_000040', 'seq_000044']
test  9 k=12  sequences=['seq_000006', 'seq_000007', 'seq_000008', 'seq_000010', 'seq_000014', 'seq_000015', 'seq_000016', 'seq_000030', 'seq_000032', 'seq_000037', 'seq_000038', 'seq_000040']
test  10 k=12  sequences=['seq_000006', 'seq_000007', 'seq_000008', 'seq_000010', 'seq_000014', 'seq_000015', 'seq_000016', 'seq_000030', 'seq_000034', 'seq_000037', 'seq_000038', 'seq_000044']
test  11 k=12  sequences=['seq_000006', 'seq_000007', 'seq_000008', 'seq_000013', 'seq_000014', 'seq_000015', 'seq_000030', 'seq_000034', 'seq_000037', 'seq_000038', 'seq_000040', 'seq_000044']
test  12 k=12  sequences=['seq_000006', 'seq_000007', 'seq_000008', 'seq_000010', 'seq_000013', 'seq_000014', 'seq_000016', 'seq_000030', 'seq_000032', 'seq_000034', 'seq_000038', 'seq_000044']
test  13 k=12  sequences=['seq_000007', 'seq_000008', 'seq_000010', 'seq_000013', 'seq_000014', 'seq_000030', 'seq_000032', 'seq_000034', 'seq_000037', 'seq_000038', 'seq_000040', 'seq_000044']
test  14 k=12  sequences=['seq_000007', 'seq_000008', 'seq_000010', 'seq_000013', 'seq_000014', 'seq_000015', 'seq_000016', 'seq_000030', 'seq_000032', 'seq_000034', 'seq_000038', 'seq_000044']
test  15 k=12  sequences=['seq_000007', 'seq_000008', 'seq_000010', 'seq_000014', 'seq_000016', 'seq_000030', 'seq_000032', 'seq_000034', 'seq_000037', 'seq_000038', 'seq_000040', 'seq_000044']
test  16 k=12  sequences=['seq_000006', 'seq_000007', 'seq_000010', 'seq_000013', 'seq_000014', 'seq_000015', 'seq_000030', 'seq_000032', 'seq_000034', 'seq_000037', 'seq_000038', 'seq_000040']
test  17 k=12  sequences=['seq_000006', 'seq_000007', 'seq_000010', 'seq_000013', 'seq_000016', 'seq_000030', 'seq_000032', 'seq_000034', 'seq_000037', 'seq_000038', 'seq_000040', 'seq_000044']

Building train combinations
  train[0]: frames=556  dim=900  n_kept=[53, 13, 86, 11, 15, 20, 18, 48, 43, 80, 89, 80]  seqs=['seq_000001', 'seq_000003', 'seq_000012', 'seq_000021', 'seq_000022', 'seq_000024', 'seq_000026', 'seq_000033', 'seq_000035', 'seq_000036', 'seq_000039', 'seq_000042']
  train[1]: frames=578  dim=900  n_kept=[53, 78, 13, 32, 44, 20, 36, 94, 48, 80, 51, 29]  seqs=['seq_000001', 'seq_000002', 'seq_000003', 'seq_000005', 'seq_000018', 'seq_000024', 'seq_000027', 'seq_000028', 'seq_000031', 'seq_000036', 'seq_000041', 'seq_000043']
  train[2]: frames=738  dim=900  n_kept=[53, 68, 98, 55, 15, 55, 78, 18, 94, 76, 48, 80]  seqs=['seq_000001', 'seq_000009', 'seq_000017', 'seq_000020', 'seq_000022', 'seq_000023', 'seq_000025', 'seq_000026', 'seq_000028', 'seq_000029', 'seq_000033', 'seq_000042']
  train[3]: frames=774  dim=900  n_kept=[53, 78, 84, 86, 98, 55, 15, 55, 76, 43, 80, 51]  seqs=['seq_000001', 'seq_000002', 'seq_000004', 'seq_000012', 'seq_000017', 'seq_000020', 'seq_000022', 'seq_000023', 'seq_000029', 'seq_000035', 'seq_000036', 'seq_000041']
  train[4]: frames=634  dim=900  n_kept=[84, 68, 88, 86, 55, 11, 15, 55, 20, 43, 80, 29]  seqs=['seq_000004', 'seq_000009', 'seq_000011', 'seq_000012', 'seq_000020', 'seq_000021', 'seq_000022', 'seq_000023', 'seq_000024', 'seq_000035', 'seq_000036', 'seq_000043']
  train[5]: frames=639  dim=900  n_kept=[53, 84, 32, 88, 98, 55, 11, 20, 78, 48, 43, 29]  seqs=['seq_000001', 'seq_000004', 'seq_000005', 'seq_000011', 'seq_000017', 'seq_000020', 'seq_000021', 'seq_000024', 'seq_000025', 'seq_000033', 'seq_000035', 'seq_000043']
  train[6]: frames=805  dim=900  n_kept=[53, 84, 32, 88, 98, 55, 15, 78, 94, 48, 80, 80]  seqs=['seq_000001', 'seq_000004', 'seq_000005', 'seq_000011', 'seq_000017', 'seq_000020', 'seq_000022', 'seq_000025', 'seq_000028', 'seq_000033', 'seq_000036', 'seq_000042']
  train[7]: frames=653  dim=900  n_kept=[78, 68, 88, 55, 11, 15, 55, 18, 94, 48, 43, 80]  seqs=['seq_000002', 'seq_000009', 'seq_000011', 'seq_000020', 'seq_000021', 'seq_000022', 'seq_000023', 'seq_000026', 'seq_000028', 'seq_000033', 'seq_000035', 'seq_000036']
  train[8]: frames=532  dim=900  n_kept=[13, 84, 32, 44, 55, 11, 20, 36, 76, 43, 89, 29]  seqs=['seq_000003', 'seq_000004', 'seq_000005', 'seq_000018', 'seq_000020', 'seq_000021', 'seq_000024', 'seq_000027', 'seq_000029', 'seq_000035', 'seq_000039', 'seq_000043']
  train[9]: frames=660  dim=900  n_kept=[53, 98, 44, 92, 11, 15, 55, 18, 94, 48, 43, 89]  seqs=['seq_000001', 'seq_000017', 'seq_000018', 'seq_000019', 'seq_000021', 'seq_000022', 'seq_000023', 'seq_000026', 'seq_000028', 'seq_000033', 'seq_000035', 'seq_000039']
  train[10]: frames=639  dim=900  n_kept=[32, 98, 55, 11, 18, 36, 94, 76, 48, 48, 43, 80]  seqs=['seq_000005', 'seq_000017', 'seq_000020', 'seq_000021', 'seq_000026', 'seq_000027', 'seq_000028', 'seq_000029', 'seq_000031', 'seq_000033', 'seq_000035', 'seq_000036']
  train[11]: frames=701  dim=900  n_kept=[32, 68, 86, 44, 20, 78, 76, 48, 80, 89, 51, 29]  seqs=['seq_000005', 'seq_000009', 'seq_000012', 'seq_000018', 'seq_000024', 'seq_000025', 'seq_000029', 'seq_000031', 'seq_000036', 'seq_000039', 'seq_000041', 'seq_000043']
  train[12]: frames=551  dim=900  n_kept=[78, 13, 84, 11, 20, 18, 76, 48, 43, 51, 80, 29]  seqs=['seq_000002', 'seq_000003', 'seq_000004', 'seq_000021', 'seq_000024', 'seq_000026', 'seq_000029', 'seq_000033', 'seq_000035', 'seq_000041', 'seq_000042', 'seq_000043']
  train[13]: frames=655  dim=900  n_kept=[78, 13, 84, 32, 68, 86, 98, 55, 18, 43, 51, 29]  seqs=['seq_000002', 'seq_000003', 'seq_000004', 'seq_000005', 'seq_000009', 'seq_000012', 'seq_000017', 'seq_000023', 'seq_000026', 'seq_000035', 'seq_000041', 'seq_000043']
  train[14]: frames=635  dim=900  n_kept=[78, 13, 86, 98, 15, 55, 18, 36, 76, 80, 51, 29]  seqs=['seq_000002', 'seq_000003', 'seq_000012', 'seq_000017', 'seq_000022', 'seq_000023', 'seq_000026', 'seq_000027', 'seq_000029', 'seq_000036', 'seq_000041', 'seq_000043']
  train[15]: frames=758  dim=900  n_kept=[53, 84, 68, 86, 98, 44, 92, 18, 76, 48, 48, 43]  seqs=['seq_000001', 'seq_000004', 'seq_000009', 'seq_000012', 'seq_000017', 'seq_000018', 'seq_000019', 'seq_000026', 'seq_000029', 'seq_000031', 'seq_000033', 'seq_000035']
  train[16]: frames=758  dim=900  n_kept=[13, 84, 88, 98, 92, 55, 18, 36, 76, 80, 89, 29]  seqs=['seq_000003', 'seq_000004', 'seq_000011', 'seq_000017', 'seq_000019', 'seq_000020', 'seq_000026', 'seq_000027', 'seq_000029', 'seq_000036', 'seq_000039', 'seq_000043']
  train[17]: frames=649  dim=900  n_kept=[13, 88, 98, 44, 15, 55, 18, 36, 94, 48, 89, 51]  seqs=['seq_000003', 'seq_000011', 'seq_000017', 'seq_000018', 'seq_000022', 'seq_000023', 'seq_000026', 'seq_000027', 'seq_000028', 'seq_000031', 'seq_000039', 'seq_000041']
  train[18]: frames=546  dim=900  n_kept=[78, 68, 11, 15, 20, 78, 18, 36, 48, 43, 51, 80]  seqs=['seq_000002', 'seq_000009', 'seq_000021', 'seq_000022', 'seq_000024', 'seq_000025', 'seq_000026', 'seq_000027', 'seq_000031', 'seq_000035', 'seq_000041', 'seq_000042']
  train[19]: frames=773  dim=900  n_kept=[84, 32, 68, 86, 98, 92, 18, 36, 76, 43, 89, 51]  seqs=['seq_000004', 'seq_000005', 'seq_000009', 'seq_000012', 'seq_000017', 'seq_000019', 'seq_000026', 'seq_000027', 'seq_000029', 'seq_000035', 'seq_000039', 'seq_000041']
  train[20]: frames=645  dim=900  n_kept=[13, 32, 88, 98, 44, 55, 18, 36, 94, 76, 48, 43]  seqs=['seq_000003', 'seq_000005', 'seq_000011', 'seq_000017', 'seq_000018', 'seq_000020', 'seq_000026', 'seq_000027', 'seq_000028', 'seq_000029', 'seq_000033', 'seq_000035']
  train[21]: frames=687  dim=900  n_kept=[53, 13, 84, 68, 88, 98, 44, 11, 15, 76, 48, 89]  seqs=['seq_000001', 'seq_000003', 'seq_000004', 'seq_000009', 'seq_000011', 'seq_000017', 'seq_000018', 'seq_000021', 'seq_000022', 'seq_000029', 'seq_000031', 'seq_000039']
  train[22]: frames=602  dim=900  n_kept=[13, 84, 32, 68, 86, 44, 55, 15, 78, 18, 80, 29]  seqs=['seq_000003', 'seq_000004', 'seq_000005', 'seq_000009', 'seq_000012', 'seq_000018', 'seq_000020', 'seq_000022', 'seq_000025', 'seq_000026', 'seq_000036', 'seq_000043']
  train[23]: frames=624  dim=900  n_kept=[13, 32, 68, 88, 86, 44, 15, 55, 20, 94, 80, 29]  seqs=['seq_000003', 'seq_000005', 'seq_000009', 'seq_000011', 'seq_000012', 'seq_000018', 'seq_000022', 'seq_000023', 'seq_000024', 'seq_000028', 'seq_000042', 'seq_000043']
Building test combinations
  test[0]: frames=571  dim=900  n_kept=[34, 33, 84, 51, 21, 21, 39, 36, 51, 75, 43, 83]  seqs=['seq_000007', 'seq_000008', 'seq_000013', 'seq_000014', 'seq_000015', 'seq_000016', 'seq_000030', 'seq_000032', 'seq_000034', 'seq_000038', 'seq_000040', 'seq_000044']
  test[1]: frames=600  dim=900  n_kept=[89, 34, 84, 51, 21, 21, 39, 36, 51, 48, 43, 83]  seqs=['seq_000006', 'seq_000007', 'seq_000013', 'seq_000014', 'seq_000015', 'seq_000016', 'seq_000030', 'seq_000032', 'seq_000034', 'seq_000037', 'seq_000040', 'seq_000044']
  test[2]: frames=637  dim=900  n_kept=[89, 17, 84, 51, 21, 39, 36, 51, 48, 75, 43, 83]  seqs=['seq_000006', 'seq_000010', 'seq_000013', 'seq_000014', 'seq_000016', 'seq_000030', 'seq_000032', 'seq_000034', 'seq_000037', 'seq_000038', 'seq_000040', 'seq_000044']
  test[3]: frames=505  dim=900  n_kept=[34, 33, 17, 84, 51, 21, 21, 39, 36, 51, 75, 43]  seqs=['seq_000007', 'seq_000008', 'seq_000010', 'seq_000013', 'seq_000014', 'seq_000015', 'seq_000016', 'seq_000030', 'seq_000032', 'seq_000034', 'seq_000038', 'seq_000040']
  test[4]: frames=567  dim=900  n_kept=[89, 34, 33, 17, 84, 51, 21, 21, 51, 48, 75, 43]  seqs=['seq_000006', 'seq_000007', 'seq_000008', 'seq_000010', 'seq_000013', 'seq_000014', 'seq_000015', 'seq_000016', 'seq_000034', 'seq_000037', 'seq_000038', 'seq_000040']
  test[5]: frames=604  dim=900  n_kept=[89, 33, 17, 84, 51, 21, 21, 39, 48, 75, 43, 83]  seqs=['seq_000006', 'seq_000008', 'seq_000010', 'seq_000013', 'seq_000014', 'seq_000015', 'seq_000016', 'seq_000030', 'seq_000037', 'seq_000038', 'seq_000040', 'seq_000044']
  test[6]: frames=572  dim=900  n_kept=[89, 33, 17, 84, 51, 21, 21, 39, 51, 48, 75, 43]  seqs=['seq_000006', 'seq_000008', 'seq_000010', 'seq_000013', 'seq_000014', 'seq_000015', 'seq_000016', 'seq_000030', 'seq_000034', 'seq_000037', 'seq_000038', 'seq_000040']
  test[7]: frames=547  dim=900  n_kept=[89, 34, 33, 17, 51, 21, 21, 39, 36, 48, 75, 83]  seqs=['seq_000006', 'seq_000007', 'seq_000008', 'seq_000010', 'seq_000014', 'seq_000015', 'seq_000016', 'seq_000030', 'seq_000032', 'seq_000037', 'seq_000038', 'seq_000044']
  test[8]: frames=624  dim=900  n_kept=[89, 34, 84, 51, 21, 21, 39, 36, 48, 75, 43, 83]  seqs=['seq_000006', 'seq_000007', 'seq_000013', 'seq_000014', 'seq_000015', 'seq_000016', 'seq_000030', 'seq_000032', 'seq_000037', 'seq_000038', 'seq_000040', 'seq_000044']
  test[9]: frames=507  dim=900  n_kept=[89, 34, 33, 17, 51, 21, 21, 39, 36, 48, 75, 43]  seqs=['seq_000006', 'seq_000007', 'seq_000008', 'seq_000010', 'seq_000014', 'seq_000015', 'seq_000016', 'seq_000030', 'seq_000032', 'seq_000037', 'seq_000038', 'seq_000040']
  test[10]: frames=562  dim=900  n_kept=[89, 34, 33, 17, 51, 21, 21, 39, 51, 48, 75, 83]  seqs=['seq_000006', 'seq_000007', 'seq_000008', 'seq_000010', 'seq_000014', 'seq_000015', 'seq_000016', 'seq_000030', 'seq_000034', 'seq_000037', 'seq_000038', 'seq_000044']
  test[11]: frames=651  dim=900  n_kept=[89, 34, 33, 84, 51, 21, 39, 51, 48, 75, 43, 83]  seqs=['seq_000006', 'seq_000007', 'seq_000008', 'seq_000013', 'seq_000014', 'seq_000015', 'seq_000030', 'seq_000034', 'seq_000037', 'seq_000038', 'seq_000040', 'seq_000044']
  test[12]: frames=613  dim=900  n_kept=[89, 34, 33, 17, 84, 51, 21, 39, 36, 51, 75, 83]  seqs=['seq_000006', 'seq_000007', 'seq_000008', 'seq_000010', 'seq_000013', 'seq_000014', 'seq_000016', 'seq_000030', 'seq_000032', 'seq_000034', 'seq_000038', 'seq_000044']
  test[13]: frames=594  dim=900  n_kept=[34, 33, 17, 84, 51, 39, 36, 51, 48, 75, 43, 83]  seqs=['seq_000007', 'seq_000008', 'seq_000010', 'seq_000013', 'seq_000014', 'seq_000030', 'seq_000032', 'seq_000034', 'seq_000037', 'seq_000038', 'seq_000040', 'seq_000044']
  test[14]: frames=545  dim=900  n_kept=[34, 33, 17, 84, 51, 21, 21, 39, 36, 51, 75, 83]  seqs=['seq_000007', 'seq_000008', 'seq_000010', 'seq_000013', 'seq_000014', 'seq_000015', 'seq_000016', 'seq_000030', 'seq_000032', 'seq_000034', 'seq_000038', 'seq_000044']
  test[15]: frames=531  dim=900  n_kept=[34, 33, 17, 51, 21, 39, 36, 51, 48, 75, 43, 83]  seqs=['seq_000007', 'seq_000008', 'seq_000010', 'seq_000014', 'seq_000016', 'seq_000030', 'seq_000032', 'seq_000034', 'seq_000037', 'seq_000038', 'seq_000040', 'seq_000044']
  test[16]: frames=588  dim=900  n_kept=[89, 34, 17, 84, 51, 21, 39, 36, 51, 48, 75, 43]  seqs=['seq_000006', 'seq_000007', 'seq_000010', 'seq_000013', 'seq_000014', 'seq_000015', 'seq_000030', 'seq_000032', 'seq_000034', 'seq_000037', 'seq_000038', 'seq_000040']
  test[17]: frames=620  dim=900  n_kept=[89, 34, 17, 84, 21, 39, 36, 51, 48, 75, 43, 83]  seqs=['seq_000006', 'seq_000007', 'seq_000010', 'seq_000013', 'seq_000016', 'seq_000030', 'seq_000032', 'seq_000034', 'seq_000037', 'seq_000038', 'seq_000040', 'seq_000044']
clustering Y dim=900  (downsampled 30x30)

Methods: ['SSC-Block-TV', 'OSC', 'TKSS', 'BDOSC', 'Gram-NCut']
pooled train mats for tuning=24

BDOSC: fixed lambda_1=0.2, lambda_2=1, gamma_1=0.01, p=1.1, max_iter=50

Gram-NCut: fixed 

============================================================
--- Tuning SSC-Block-TV over 24 train mats  n_trials=100 (4 params) ---
  SSC-Block-TV trial 0: mean ARI=0.7263  n=24  62.1s  lambda_e=1, lambda_z=0.1, gamma_q=0.1, block_size=5
  SSC-Block-TV trial 1: mean ARI=0.5925  n=24  59.3s  lambda_e=0.443, lambda_z=0.7257, gamma_q=0.2577, block_size=7
  SSC-Block-TV trial 2: mean ARI=0.5415  n=24  57.0s  lambda_e=0.1866, lambda_z=0.3833, gamma_q=0.05628, block_size=11
  SSC-Block-TV trial 3: mean ARI=0.6373  n=24  59.3s  lambda_e=7.78, lambda_z=0.03418, gamma_q=1.469, block_size=7
  SSC-Block-TV trial 4: mean ARI=0.4626  n=24  82.7s  lambda_e=0.506, lambda_z=5.039, gamma_q=0.001924, block_size=2
  SSC-Block-TV trial 5: mean ARI=0.6410  n=24  57.3s  lambda_e=0.0115, lambda_z=2.14, gamma_q=1.296, block_size=11
  SSC-Block-TV trial 6: mean ARI=0.4813  n=24  57.5s  lambda_e=8.627, lambda_z=1.573, gamma_q=0.07013, block_size=10
  SSC-Block-TV trial 7: mean ARI=0.6161  n=24  56.5s  lambda_e=0.02264, lambda_z=0.3628, gamma_q=0.003745, block_size=12
  SSC-Block-TV trial 8: mean ARI=0.6604  n=24  57.5s  lambda_e=0.3677, lambda_z=0.04557, gamma_q=0.01143, block_size=10
  SSC-Block-TV trial 9: mean ARI=0.5124  n=24  58.4s  lambda_e=0.2336, lambda_z=0.1878, gamma_q=0.001189, block_size=8
  SSC-Block-TV trial 10: mean ARI=0.6633  n=24  72.7s  lambda_e=1.991, lambda_z=0.001622, gamma_q=6.473, block_size=2
  SSC-Block-TV trial 11: mean ARI=0.6396  n=24  65.9s  lambda_e=2.09, lambda_z=0.001201, gamma_q=4.654, block_size=3
  SSC-Block-TV trial 12: mean ARI=0.6184  n=24  62.6s  lambda_e=1.572, lambda_z=0.001378, gamma_q=0.2567, block_size=4
  SSC-Block-TV trial 13: mean ARI=0.6144  n=24  61.5s  lambda_e=2.232, lambda_z=0.00679, gamma_q=4.546, block_size=5
  SSC-Block-TV trial 14: mean ARI=0.7346  n=24  61.3s  lambda_e=0.08524, lambda_z=0.007379, gamma_q=0.01764, block_size=5
  SSC-Block-TV trial 15: mean ARI=0.7386  n=24  61.3s  lambda_e=0.05124, lambda_z=0.01745, gamma_q=0.03095, block_size=5
  SSC-Block-TV trial 16: mean ARI=0.7373  n=24  60.0s  lambda_e=0.06406, lambda_z=0.01022, gamma_q=0.01478, block_size=6
  SSC-Block-TV trial 17: mean ARI=0.7423  n=24  59.0s  lambda_e=0.04865, lambda_z=0.008279, gamma_q=0.01559, block_size=7
  SSC-Block-TV trial 18: mean ARI=0.7001  n=24  58.4s  lambda_e=0.04329, lambda_z=0.02564, gamma_q=0.005031, block_size=8
  SSC-Block-TV trial 19: mean ARI=0.6357  n=24  58.4s  lambda_e=0.02498, lambda_z=0.004347, gamma_q=0.02903, block_size=8
  SSC-Block-TV trial 20: mean ARI=0.6573  n=24  62.7s  lambda_e=0.1125, lambda_z=0.01733, gamma_q=0.1828, block_size=4
  SSC-Block-TV trial 21: mean ARI=0.7323  n=24  60.0s  lambda_e=0.06672, lambda_z=0.01219, gamma_q=0.008427, block_size=6
  SSC-Block-TV trial 22: mean ARI=0.6293  n=24  59.9s  lambda_e=0.03141, lambda_z=0.003349, gamma_q=0.03103, block_size=6
  SSC-Block-TV trial 23: mean ARI=0.7125  n=24  59.4s  lambda_e=0.01432, lambda_z=0.06681, gamma_q=0.02165, block_size=7
  SSC-Block-TV trial 24: mean ARI=0.7330  n=24  60.1s  lambda_e=0.05251, lambda_z=0.01156, gamma_q=0.005697, block_size=6
  SSC-Block-TV trial 25: mean ARI=0.7372  n=24  57.9s  lambda_e=0.1322, lambda_z=0.00348, gamma_q=0.002785, block_size=9
  SSC-Block-TV trial 26: mean ARI=0.7392  n=24  62.5s  lambda_e=0.03682, lambda_z=0.02073, gamma_q=0.0122, block_size=4
  SSC-Block-TV trial 27: mean ARI=0.7158  n=24  62.6s  lambda_e=0.01823, lambda_z=0.111, gamma_q=0.05733, block_size=4
  SSC-Block-TV trial 28: mean ARI=0.7422  n=24  65.8s  lambda_e=0.03624, lambda_z=0.02083, gamma_q=0.00983, block_size=3
  SSC-Block-TV trial 29: mean ARI=0.6886  n=24  65.8s  lambda_e=0.01014, lambda_z=0.09984, gamma_q=0.007852, block_size=3
  SSC-Block-TV trial 30: mean ARI=0.6577  n=24  66.0s  lambda_e=0.03627, lambda_z=0.05103, gamma_q=0.001416, block_size=3
  SSC-Block-TV trial 31: mean ARI=0.7396  n=24  61.3s  lambda_e=0.09623, lambda_z=0.02232, gamma_q=0.03634, block_size=5
  SSC-Block-TV trial 32: mean ARI=0.7337  n=24  62.4s  lambda_e=0.1051, lambda_z=0.02555, gamma_q=0.01255, block_size=4
  SSC-Block-TV trial 33: mean ARI=0.6449  n=24  66.0s  lambda_e=0.03035, lambda_z=0.005412, gamma_q=0.1189, block_size=3
  SSC-Block-TV trial 34: mean ARI=0.5951  n=24  61.4s  lambda_e=0.157, lambda_z=0.002503, gamma_q=0.04007, block_size=5
  SSC-Block-TV trial 35: mean ARI=0.7152  n=24  72.2s  lambda_e=0.3146, lambda_z=0.02613, gamma_q=0.09639, block_size=2
  SSC-Block-TV trial 36: mean ARI=0.7063  n=24  59.2s  lambda_e=0.07597, lambda_z=0.08133, gamma_q=0.4445, block_size=7
  SSC-Block-TV trial 37: mean ARI=0.6210  n=24  62.5s  lambda_e=0.01854, lambda_z=0.1765, gamma_q=0.002791, block_size=4
  SSC-Block-TV trial 38: mean ARI=0.7330  n=24  59.2s  lambda_e=0.6136, lambda_z=0.0158, gamma_q=0.00977, block_size=7
  SSC-Block-TV trial 39: mean ARI=0.6908  n=24  72.1s  lambda_e=0.2158, lambda_z=0.00844, gamma_q=0.04792, block_size=2
  SSC-Block-TV trial 40: mean ARI=0.6966  n=24  65.8s  lambda_e=5.032, lambda_z=0.03253, gamma_q=0.005727, block_size=3
  SSC-Block-TV trial 41: mean ARI=0.7400  n=24  61.3s  lambda_e=0.04651, lambda_z=0.01634, gamma_q=0.02219, block_size=5
  SSC-Block-TV trial 42: mean ARI=0.7094  n=24  61.4s  lambda_e=0.04202, lambda_z=0.04272, gamma_q=0.01859, block_size=5
  SSC-Block-TV trial 43: mean ARI=0.6526  n=24  60.1s  lambda_e=0.02445, lambda_z=0.01791, gamma_q=0.08535, block_size=6
  SSC-Block-TV trial 44: mean ARI=0.6512  n=24  63.0s  lambda_e=0.08432, lambda_z=0.00211, gamma_q=0.0229, block_size=4
  SSC-Block-TV trial 45: mean ARI=0.5197  n=24  61.6s  lambda_e=0.01618, lambda_z=4.814, gamma_q=0.013, block_size=5
  SSC-Block-TV trial 46: mean ARI=0.7276  n=24  66.0s  lambda_e=0.04843, lambda_z=0.005531, gamma_q=0.003732, block_size=3
  SSC-Block-TV trial 47: mean ARI=0.5322  n=24  58.2s  lambda_e=0.1793, lambda_z=0.3797, gamma_q=0.04007, block_size=9
  SSC-Block-TV trial 48: mean ARI=0.6972  n=24  56.7s  lambda_e=0.09945, lambda_z=0.05305, gamma_q=0.1496, block_size=12
  SSC-Block-TV trial 49: mean ARI=0.7505  n=24  72.6s  lambda_e=0.05911, lambda_z=0.03186, gamma_q=0.06096, block_size=2
  SSC-Block-TV trial 50: mean ARI=0.7240  n=24  72.4s  lambda_e=0.2633, lambda_z=0.1676, gamma_q=0.3317, block_size=2
  SSC-Block-TV trial 51: mean ARI=0.7472  n=24  72.5s  lambda_e=0.05843, lambda_z=0.03575, gamma_q=0.02504, block_size=2
  SSC-Block-TV trial 52: mean ARI=0.7546  n=24  72.4s  lambda_e=0.06495, lambda_z=0.03421, gamma_q=0.07384, block_size=2
  SSC-Block-TV trial 53: mean ARI=0.7510  n=24  72.4s  lambda_e=0.05834, lambda_z=0.03859, gamma_q=0.06773, block_size=2
  SSC-Block-TV trial 54: mean ARI=0.7502  n=24  72.3s  lambda_e=0.06431, lambda_z=0.03809, gamma_q=0.06888, block_size=2
  SSC-Block-TV trial 55: mean ARI=0.6246  n=24  72.2s  lambda_e=0.06399, lambda_z=0.5732, gamma_q=0.07834, block_size=2
  SSC-Block-TV trial 56: mean ARI=0.7410  n=24  72.1s  lambda_e=0.06114, lambda_z=0.03708, gamma_q=0.06003, block_size=2
  SSC-Block-TV trial 57: mean ARI=0.7157  n=24  72.2s  lambda_e=0.1434, lambda_z=0.06098, gamma_q=0.8603, block_size=2
  SSC-Block-TV trial 58: mean ARI=0.7123  n=24  72.2s  lambda_e=0.02689, lambda_z=0.2658, gamma_q=0.2206, block_size=2
  SSC-Block-TV trial 59: mean ARI=0.6960  n=24  57.1s  lambda_e=0.07668, lambda_z=0.1164, gamma_q=0.1256, block_size=11
  SSC-Block-TV trial 60: mean ARI=0.7439  n=24  65.7s  lambda_e=0.1156, lambda_z=0.03356, gamma_q=0.07554, block_size=3
  SSC-Block-TV trial 61: mean ARI=0.7587  n=24  72.1s  lambda_e=0.1297, lambda_z=0.03323, gamma_q=0.06977, block_size=2
  SSC-Block-TV trial 62: mean ARI=0.7340  n=24  65.9s  lambda_e=0.1193, lambda_z=0.03845, gamma_q=0.07477, block_size=3
  SSC-Block-TV trial 63: mean ARI=0.7449  n=24  72.3s  lambda_e=0.1809, lambda_z=0.07153, gamma_q=0.1595, block_size=2
  SSC-Block-TV trial 64: mean ARI=0.7403  n=24  72.1s  lambda_e=0.5481, lambda_z=0.06341, gamma_q=0.167, block_size=2
  SSC-Block-TV trial 65: mean ARI=0.7114  n=24  72.2s  lambda_e=0.3742, lambda_z=0.09455, gamma_q=0.05206, block_size=2
  SSC-Block-TV trial 66: mean ARI=0.7130  n=24  72.2s  lambda_e=0.1824, lambda_z=0.07699, gamma_q=0.3217, block_size=2
  SSC-Block-TV trial 67: mean ARI=0.6749  n=24  65.6s  lambda_e=0.06616, lambda_z=0.01375, gamma_q=0.5144, block_size=3
  SSC-Block-TV trial 68: mean ARI=0.7359  n=24  72.3s  lambda_e=0.1499, lambda_z=0.1332, gamma_q=0.1156, block_size=2
  SSC-Block-TV trial 69: mean ARI=0.7401  n=24  65.6s  lambda_e=0.08374, lambda_z=0.02964, gamma_q=0.02831, block_size=3
  SSC-Block-TV trial 70: mean ARI=0.7212  n=24  72.4s  lambda_e=0.05526, lambda_z=0.05208, gamma_q=0.2013, block_size=2
  SSC-Block-TV trial 71: mean ARI=0.7242  n=24  65.6s  lambda_e=0.1151, lambda_z=0.03667, gamma_q=0.1038, block_size=3
  SSC-Block-TV trial 72: mean ARI=0.7414  n=24  72.1s  lambda_e=0.2609, lambda_z=0.03036, gamma_q=0.05676, block_size=2
  SSC-Block-TV trial 73: mean ARI=0.7324  n=24  65.8s  lambda_e=0.1369, lambda_z=0.04404, gamma_q=0.07242, block_size=3
  SSC-Block-TV trial 74: mean ARI=0.7254  n=24  72.0s  lambda_e=0.09447, lambda_z=0.01045, gamma_q=0.04318, block_size=2
  SSC-Block-TV trial 75: mean ARI=0.7086  n=24  65.6s  lambda_e=0.03919, lambda_z=0.07025, gamma_q=0.1485, block_size=3
  SSC-Block-TV trial 76: mean ARI=0.7347  n=24  72.9s  lambda_e=0.1945, lambda_z=0.02015, gamma_q=0.03047, block_size=2
  SSC-Block-TV trial 77: mean ARI=0.7312  n=24  66.4s  lambda_e=0.07358, lambda_z=0.02646, gamma_q=0.06013, block_size=3
  SSC-Block-TV trial 78: mean ARI=0.7332  n=24  73.6s  lambda_e=0.03172, lambda_z=0.08371, gamma_q=0.08738, block_size=2
  SSC-Block-TV trial 79: mean ARI=0.7067  n=24  66.3s  lambda_e=0.05398, lambda_z=0.2477, gamma_q=0.2461, block_size=3
  SSC-Block-TV trial 80: mean ARI=0.6979  n=24  73.1s  lambda_e=0.1158, lambda_z=0.01349, gamma_q=0.1264, block_size=2
  SSC-Block-TV trial 81: mean ARI=0.7031  n=24  72.6s  lambda_e=0.04696, lambda_z=0.05212, gamma_q=0.01776, block_size=2
  SSC-Block-TV trial 82: mean ARI=0.7386  n=24  74.1s  lambda_e=0.09028, lambda_z=0.02335, gamma_q=0.04016, block_size=2
  SSC-Block-TV trial 83: mean ARI=0.7292  n=24  58.2s  lambda_e=0.06127, lambda_z=0.03345, gamma_q=0.02534, block_size=9
  SSC-Block-TV trial 84: mean ARI=0.6715  n=24  66.9s  lambda_e=0.1651, lambda_z=0.008336, gamma_q=0.06573, block_size=3
  SSC-Block-TV trial 85: mean ARI=0.7200  n=24  63.1s  lambda_e=0.02021, lambda_z=0.04386, gamma_q=0.0371, block_size=4
  SSC-Block-TV trial 86: mean ARI=0.6819  n=24  73.8s  lambda_e=0.03274, lambda_z=0.124, gamma_q=0.04913, block_size=2
  SSC-Block-TV trial 87: mean ARI=0.6314  n=24  67.3s  lambda_e=0.04246, lambda_z=0.1475, gamma_q=0.01771, block_size=3
  SSC-Block-TV trial 88: mean ARI=0.7343  n=24  58.9s  lambda_e=0.07744, lambda_z=0.05916, gamma_q=0.08885, block_size=8
  SSC-Block-TV trial 89: mean ARI=0.7108  n=24  73.6s  lambda_e=0.05448, lambda_z=0.01744, gamma_q=0.09999, block_size=2
  SSC-Block-TV trial 90: mean ARI=0.6864  n=24  65.8s  lambda_e=0.105, lambda_z=0.09335, gamma_q=0.03373, block_size=3
  SSC-Block-TV trial 91: mean ARI=0.7174  n=24  57.5s  lambda_e=0.02792, lambda_z=0.02029, gamma_q=0.007389, block_size=10
  SSC-Block-TV trial 92: mean ARI=0.7371  n=24  72.7s  lambda_e=0.035, lambda_z=0.0255, gamma_q=0.0112, block_size=2
  SSC-Block-TV trial 93: mean ARI=0.7016  n=24  62.9s  lambda_e=0.1271, lambda_z=0.03162, gamma_q=0.1398, block_size=4
  SSC-Block-TV trial 94: mean ARI=0.7394  n=24  66.2s  lambda_e=0.04061, lambda_z=0.01189, gamma_q=0.007195, block_size=3
  SSC-Block-TV trial 95: mean ARI=0.6785  n=24  73.7s  lambda_e=0.0631, lambda_z=0.006264, gamma_q=0.1765, block_size=2
  SSC-Block-TV trial 96: mean ARI=0.5385  n=24  66.8s  lambda_e=0.07177, lambda_z=1.367, gamma_q=0.02182, block_size=3
  SSC-Block-TV trial 97: mean ARI=0.7330  n=24  73.0s  lambda_e=0.04918, lambda_z=0.004, gamma_q=0.01462, block_size=2
  SSC-Block-TV trial 98: mean ARI=0.7469  n=24  73.1s  lambda_e=0.2218, lambda_z=0.04211, gamma_q=0.04814, block_size=2
  SSC-Block-TV trial 99: mean ARI=0.7464  n=24  72.3s  lambda_e=0.311, lambda_z=0.04187, gamma_q=0.04535, block_size=2
  best mean ARI=0.7587  tune 6577.4s  lambda_e=0.1297, lambda_z=0.03323, gamma_q=0.06977, block_size=2
  wrote /nfs/turbo/umms-minjilab/lpullela/icassp_ssc_tv2/ballet_dataset/ballet_cluster_knownk_scaled_params_bsearchk12.json

============================================================
--- Tuning OSC over 24 train mats  n_trials=50 (2 params) ---
  OSC trial 0: mean ARI=0.7083  n=24  83.3s  lambda_1=0.1, lambda_2=0.1
  OSC trial 1: mean ARI=0.7066  n=24  83.5s  lambda_1=0.1568, lambda_2=0.7257
  OSC trial 2: mean ARI=0.7060  n=24  83.5s  lambda_1=0.2577, lambda_2=0.1512
  OSC trial 3: mean ARI=0.7169  n=24  83.8s  lambda_1=0.0495, lambda_2=0.3833
  OSC trial 4: mean ARI=0.7170  n=24  83.8s  lambda_1=0.05628, lambda_2=3.691
  OSC trial 5: mean ARI=0.0028  n=24  80.6s  lambda_1=7.156, lambda_2=0.03418
  OSC trial 6: mean ARI=0.0028  n=24  80.1s  lambda_1=1.469, lambda_2=0.1305
  OSC trial 7: mean ARI=0.7054  n=24  83.7s  lambda_1=0.1871, lambda_2=5.039
  OSC trial 8: mean ARI=0.7258  n=24  86.4s  lambda_1=0.001924, lambda_2=0.002231
  OSC trial 9: mean ARI=0.7251  n=24  83.5s  lambda_1=0.001205, lambda_2=2.14
  OSC trial 10: mean ARI=0.7261  n=24  86.5s  lambda_1=0.001206, lambda_2=0.001369
  OSC trial 11: mean ARI=0.7261  n=24  86.8s  lambda_1=0.001211, lambda_2=0.001203
  OSC trial 12: mean ARI=0.7292  n=24  87.0s  lambda_1=0.007272, lambda_2=0.001044
  OSC trial 13: mean ARI=0.7291  n=24  86.0s  lambda_1=0.006333, lambda_2=0.005656
  OSC trial 14: mean ARI=0.7263  n=24  85.8s  lambda_1=0.009138, lambda_2=0.01056
  OSC trial 15: mean ARI=0.7263  n=24  86.1s  lambda_1=0.009119, lambda_2=0.006606
  OSC trial 16: mean ARI=0.7297  n=24  86.3s  lambda_1=0.00789, lambda_2=0.005417
  OSC trial 17: mean ARI=0.7314  n=24  85.2s  lambda_1=0.01807, lambda_2=0.01989
  OSC trial 18: mean ARI=0.7333  n=24  84.8s  lambda_1=0.02487, lambda_2=0.02409
  OSC trial 19: mean ARI=0.7324  n=24  84.8s  lambda_1=0.024, lambda_2=0.02928
  OSC trial 20: mean ARI=0.6801  n=24  83.6s  lambda_1=0.6775, lambda_2=0.04065
  OSC trial 21: mean ARI=0.7336  n=24  84.8s  lambda_1=0.026, lambda_2=0.02305
  OSC trial 22: mean ARI=0.7151  n=24  83.6s  lambda_1=0.03146, lambda_2=0.05143
  OSC trial 23: mean ARI=0.7322  n=24  85.2s  lambda_1=0.02235, lambda_2=0.01707
  OSC trial 24: mean ARI=0.7258  n=24  83.8s  lambda_1=0.003426, lambda_2=0.06827
  OSC trial 25: mean ARI=0.7158  n=24  83.7s  lambda_1=0.07204, lambda_2=0.3316
  OSC trial 26: mean ARI=0.7286  n=24  85.0s  lambda_1=0.01983, lambda_2=0.01838
  OSC trial 27: mean ARI=0.7003  n=24  84.2s  lambda_1=0.3694, lambda_2=0.02737
  OSC trial 28: mean ARI=0.7151  n=24  85.5s  lambda_1=0.031, lambda_2=0.01165
  OSC trial 29: mean ARI=0.7081  n=24  83.6s  lambda_1=0.1182, lambda_2=0.08697
  OSC trial 30: mean ARI=0.7279  n=24  86.0s  lambda_1=0.003999, lambda_2=0.003974
  OSC trial 31: mean ARI=0.7335  n=24  85.7s  lambda_1=0.01667, lambda_2=0.01319
  OSC trial 32: mean ARI=0.7296  n=24  86.6s  lambda_1=0.0136, lambda_2=0.002789
  OSC trial 33: mean ARI=0.7146  n=24  85.5s  lambda_1=0.03694, lambda_2=0.01071
  OSC trial 34: mean ARI=0.7098  n=24  83.8s  lambda_1=0.0785, lambda_2=0.2702
  OSC trial 35: mean ARI=0.7280  n=24  83.7s  lambda_1=0.00402, lambda_2=0.05398
  OSC trial 36: mean ARI=0.7169  n=24  83.9s  lambda_1=0.04688, lambda_2=0.1836
  OSC trial 37: mean ARI=0.7082  n=24  84.6s  lambda_1=0.1401, lambda_2=0.0262
  OSC trial 38: mean ARI=0.7340  n=24  86.2s  lambda_1=0.01493, lambda_2=0.009654
  OSC trial 39: mean ARI=0.7326  n=24  84.0s  lambda_1=0.01318, lambda_2=0.5814
  OSC trial 40: mean ARI=0.0028  n=24  81.0s  lambda_1=4.628, lambda_2=0.009618
  OSC trial 41: mean ARI=0.7326  n=24  83.9s  lambda_1=0.01345, lambda_2=1.272
  OSC trial 42: mean ARI=0.7326  n=24  84.1s  lambda_1=0.01201, lambda_2=0.5678
  OSC trial 43: mean ARI=0.7170  n=24  84.5s  lambda_1=0.05013, lambda_2=8.862
  OSC trial 44: mean ARI=0.7260  n=24  84.1s  lambda_1=0.003096, lambda_2=0.1278
  OSC trial 45: mean ARI=0.7296  n=24  86.8s  lambda_1=0.01251, lambda_2=0.003525
  OSC trial 46: mean ARI=0.7280  n=24  84.2s  lambda_1=0.00549, lambda_2=1.276
  OSC trial 47: mean ARI=0.7110  n=24  85.8s  lambda_1=0.07346, lambda_2=0.01477
  OSC trial 48: mean ARI=0.7146  n=24  86.8s  lambda_1=0.04009, lambda_2=0.001865
  OSC trial 49: mean ARI=0.7059  n=24  84.4s  lambda_1=0.2589, lambda_2=0.1933
  best mean ARI=0.7340  tune 4230.4s  lambda_1=0.01493, lambda_2=0.009654
  wrote /nfs/turbo/umms-minjilab/lpullela/icassp_ssc_tv2/ballet_dataset/ballet_cluster_knownk_scaled_params_bsearchk12.json

============================================================
--- Tuning TKSS over 24 train mats  n_trials=75 (3 params) ---
  TKSS trial 0: mean ARI=0.5492  n=24  127.7s  d=5, lam=1, s=2
  TKSS trial 1: mean ARI=0.5532  n=24  177.1s  d=9, lam=1.398, s=4
  TKSS trial 2: mean ARI=0.5489  n=24  169.9s  d=9, lam=0.1866, s=4
  TKSS trial 3: mean ARI=0.5667  n=24  146.1s  d=7, lam=4.735, s=6
  TKSS trial 4: mean ARI=0.5611  n=24  152.4s  d=6, lam=2.372, s=4
  TKSS trial 5: mean ARI=0.5475  n=24  144.5s  d=9, lam=5.981, s=1
  TKSS trial 6: mean ARI=0.5050  n=24  139.9s  d=2, lam=0.0115, s=5
  TKSS trial 7: mean ARI=0.5565  n=24  169.9s  d=12, lam=4.074, s=6
  TKSS trial 8: mean ARI=0.5521  n=24  176.8s  d=12, lam=0.2423, s=5
  TKSS trial 9: mean ARI=0.4985  n=24  149.1s  d=2, lam=0.8313, s=1
  TKSS trial 10: mean ARI=0.5559  n=24  95.4s  d=15, lam=0.01458, s=3
  TKSS trial 11: mean ARI=0.5654  n=24  155.6s  d=6, lam=8.489, s=6
  TKSS trial 12: mean ARI=0.5640  n=24  136.5s  d=5, lam=9.091, s=6
  TKSS trial 13: mean ARI=0.5670  n=24  152.0s  d=7, lam=7.911, s=6
  TKSS trial 14: mean ARI=0.5583  n=24  156.8s  d=8, lam=2.615, s=5
  TKSS trial 15: mean ARI=0.5536  n=24  165.9s  d=11, lam=0.558, s=6
  TKSS trial 16: mean ARI=0.5607  n=24  134.0s  d=4, lam=0.04751, s=5
  TKSS trial 17: mean ARI=0.5668  n=24  152.1s  d=7, lam=3.644, s=6
  TKSS trial 18: mean ARI=0.5798  n=24  165.9s  d=3, lam=2.116, s=5
  TKSS trial 19: mean ARI=0.4642  n=24  180.3s  d=1, lam=0.3519, s=3
  TKSS trial 20: mean ARI=0.5775  n=24  169.2s  d=3, lam=1.747, s=5
  TKSS trial 21: mean ARI=0.5774  n=24  168.8s  d=3, lam=1.738, s=5
  TKSS trial 22: mean ARI=0.5738  n=24  154.2s  d=3, lam=1.691, s=4
  TKSS trial 23: mean ARI=0.5773  n=24  154.9s  d=3, lam=0.4895, s=5
  TKSS trial 24: mean ARI=0.4836  n=24  189.5s  d=1, lam=0.112, s=5
  TKSS trial 25: mean ARI=0.5625  n=24  148.2s  d=4, lam=1.418, s=3
  TKSS trial 26: mean ARI=0.5708  n=24  154.8s  d=3, lam=0.7127, s=4
  TKSS trial 27: mean ARI=0.5645  n=24  133.8s  d=4, lam=2.425, s=5
  TKSS trial 28: mean ARI=0.5555  n=24  143.6s  d=2, lam=1.126, s=4
  TKSS trial 29: mean ARI=0.5107  n=24  162.1s  d=1, lam=1.949, s=5
  TKSS trial 30: mean ARI=0.5492  n=24  131.6s  d=5, lam=0.9455, s=2
  TKSS trial 31: mean ARI=0.5774  n=24  153.6s  d=3, lam=0.5046, s=5
  TKSS trial 32: mean ARI=0.5772  n=24  152.6s  d=3, lam=0.4658, s=5
  TKSS trial 33: mean ARI=0.5559  n=24  130.3s  d=5, lam=0.2615, s=4
  TKSS trial 34: mean ARI=0.5633  n=24  131.5s  d=2, lam=1.261, s=5
  TKSS trial 35: mean ARI=0.5638  n=24  132.3s  d=4, lam=0.1451, s=4
  TKSS trial 36: mean ARI=0.5644  n=24  159.7s  d=6, lam=2.974, s=5
  TKSS trial 37: mean ARI=0.5813  n=24  150.9s  d=3, lam=0.6716, s=6
  TKSS trial 38: mean ARI=0.5695  n=24  128.5s  d=2, lam=4.938, s=6
  TKSS trial 39: mean ARI=0.5636  n=24  137.5s  d=5, lam=1.898, s=6
  TKSS trial 40: mean ARI=0.5226  n=24  171.5s  d=1, lam=0.7732, s=6
  TKSS trial 41: mean ARI=0.5775  n=24  142.1s  d=3, lam=0.3601, s=5
  TKSS trial 42: mean ARI=0.5593  n=24  131.8s  d=4, lam=0.0706, s=4
  TKSS trial 43: mean ARI=0.5668  n=24  129.3s  d=2, lam=0.3398, s=5
  TKSS trial 44: mean ARI=0.5771  n=24  154.2s  d=3, lam=1.206, s=5
  TKSS trial 45: mean ARI=0.5697  n=24  126.0s  d=2, lam=3.628, s=6
  TKSS trial 46: mean ARI=0.5639  n=24  146.8s  d=6, lam=0.6503, s=6
  TKSS trial 47: mean ARI=0.5657  n=24  139.3s  d=4, lam=6.129, s=4
  TKSS trial 48: mean ARI=0.5587  n=24  123.5s  d=5, lam=0.2205, s=5
  TKSS trial 49: mean ARI=0.5815  n=24  156.5s  d=3, lam=0.3717, s=6
  TKSS trial 50: mean ARI=0.5624  n=24  190.5s  d=14, lam=0.3757, s=6
  TKSS trial 51: mean ARI=0.5813  n=24  147.7s  d=3, lam=0.9307, s=6
  TKSS trial 52: mean ARI=0.5715  n=24  126.9s  d=2, lam=0.9729, s=6
  TKSS trial 53: mean ARI=0.5675  n=24  137.4s  d=4, lam=0.1599, s=6
  TKSS trial 54: mean ARI=0.5814  n=24  158.8s  d=3, lam=0.4112, s=6
  TKSS trial 55: mean ARI=0.5135  n=24  174.3s  d=1, lam=0.2823, s=6
  TKSS trial 56: mean ARI=0.5676  n=24  130.6s  d=4, lam=0.3853, s=6
  TKSS trial 57: mean ARI=0.5817  n=24  142.2s  d=3, lam=0.6344, s=6
  TKSS trial 58: mean ARI=0.5716  n=24  120.2s  d=2, lam=0.6379, s=6
  TKSS trial 59: mean ARI=0.5806  n=24  142.3s  d=3, lam=0.8454, s=6
  TKSS trial 60: mean ARI=0.5640  n=24  126.4s  d=5, lam=0.8612, s=6
  TKSS trial 61: mean ARI=0.5819  n=24  145.6s  d=3, lam=0.5854, s=6
  TKSS trial 62: mean ARI=0.5667  n=24  133.7s  d=4, lam=0.6242, s=6
  TKSS trial 63: mean ARI=0.5792  n=24  157.4s  d=3, lam=0.2031, s=6
  TKSS trial 64: mean ARI=0.5565  n=24  146.2s  d=10, lam=0.455, s=6
  TKSS trial 65: mean ARI=0.5221  n=24  164.9s  d=1, lam=0.7905, s=6
  TKSS trial 66: mean ARI=0.5718  n=24  123.7s  d=2, lam=1.459, s=6
  TKSS trial 67: mean ARI=0.5679  n=24  129.5s  d=4, lam=0.2895, s=6
  TKSS trial 68: mean ARI=0.5818  n=24  145.5s  d=3, lam=0.5537, s=6
  TKSS trial 69: mean ARI=0.5706  n=24  126.5s  d=2, lam=0.5447, s=6
  TKSS trial 70: mean ARI=0.5560  n=24  131.6s  d=3, lam=0.02946, s=6
  TKSS trial 71: mean ARI=0.5812  n=24  152.7s  d=3, lam=0.4344, s=6
  TKSS trial 72: mean ARI=0.5819  n=24  151.4s  d=3, lam=0.4668, s=6
  TKSS trial 73: mean ARI=0.5635  n=24  125.5s  d=5, lam=0.5928, s=6
  TKSS trial 74: mean ARI=0.5828  n=24  170.1s  d=3, lam=0.3039, s=6
  best mean ARI=0.5828  tune 11059.1s  d=3, lam=0.3039, s=6
  wrote /nfs/turbo/umms-minjilab/lpullela/icassp_ssc_tv2/ballet_dataset/ballet_cluster_knownk_scaled_params_bsearchk12.json

=== train[0] k=12  dim=900  frames=556  σ=clean  seqs=['seq_000001', 'seq_000003', 'seq_000012', 'seq_000021', 'seq_000022', 'seq_000024', 'seq_000026', 'seq_000033', 'seq_000035', 'seq_000036', 'seq_000039', 'seq_000042'] ===
  SSC-Block-TV: k_hat=12  ACC=0.7050  NMI=0.8334  ARI=0.6447  2.3s
  OSC: k_hat=12  ACC=0.7842  NMI=0.8789  ARI=0.7195  2.7s
  TKSS: k_hat=12  ACC=0.5953  NMI=0.7624  ARI=0.5290  2.5s
  BDOSC: k_hat=12  ACC=0.6187  NMI=0.8347  ARI=0.6096  26.3s
  Gram-NCut: k_hat=12  ACC=0.7968  NMI=0.8606  ARI=0.6680  0.7s

=== train[1] k=12  dim=900  frames=578  σ=clean  seqs=['seq_000001', 'seq_000002', 'seq_000003', 'seq_000005', 'seq_000018', 'seq_000024', 'seq_000027', 'seq_000028', 'seq_000031', 'seq_000036', 'seq_000041', 'seq_000043'] ===
  SSC-Block-TV: k_hat=12  ACC=0.8166  NMI=0.8802  ARI=0.7340  2.3s
  OSC: k_hat=12  ACC=0.7543  NMI=0.8784  ARI=0.7098  2.7s
  TKSS: k_hat=12  ACC=0.6903  NMI=0.8035  ARI=0.6071  3.7s
  BDOSC: k_hat=12  ACC=0.6851  NMI=0.8507  ARI=0.6693  27.3s
  Gram-NCut: k_hat=12  ACC=0.7699  NMI=0.8858  ARI=0.7276  0.8s

=== train[2] k=12  dim=900  frames=738  σ=clean  seqs=['seq_000001', 'seq_000009', 'seq_000017', 'seq_000020', 'seq_000022', 'seq_000023', 'seq_000025', 'seq_000026', 'seq_000028', 'seq_000029', 'seq_000033', 'seq_000042'] ===
  SSC-Block-TV: k_hat=12  ACC=0.8279  NMI=0.9012  ARI=0.7878  3.8s
  OSC: k_hat=12  ACC=0.7439  NMI=0.8849  ARI=0.7430  4.5s
  TKSS: k_hat=12  ACC=0.7127  NMI=0.7896  ARI=0.6221  8.4s
  BDOSC: k_hat=12  ACC=0.5678  NMI=0.7688  ARI=0.5083  71.6s
  Gram-NCut: k_hat=12  ACC=0.7453  NMI=0.8879  ARI=0.7452  1.3s

=== train[3] k=12  dim=900  frames=774  σ=clean  seqs=['seq_000001', 'seq_000002', 'seq_000004', 'seq_000012', 'seq_000017', 'seq_000020', 'seq_000022', 'seq_000023', 'seq_000029', 'seq_000035', 'seq_000036', 'seq_000041'] ===
  SSC-Block-TV: k_hat=12  ACC=0.7959  NMI=0.8862  ARI=0.7695  4.4s
  OSC: k_hat=12  ACC=0.6628  NMI=0.8542  ARI=0.6545  5.0s
  TKSS: k_hat=12  ACC=0.6938  NMI=0.7539  ARI=0.5508  13.5s
  BDOSC: k_hat=12  ACC=0.6382  NMI=0.7934  ARI=0.5562  87.3s
  Gram-NCut: k_hat=12  ACC=0.6654  NMI=0.8383  ARI=0.5763  1.5s

=== train[4] k=12  dim=900  frames=634  σ=clean  seqs=['seq_000004', 'seq_000009', 'seq_000011', 'seq_000012', 'seq_000020', 'seq_000021', 'seq_000022', 'seq_000023', 'seq_000024', 'seq_000035', 'seq_000036', 'seq_000043'] ===
  SSC-Block-TV: k_hat=12  ACC=0.8013  NMI=0.8872  ARI=0.7629  2.9s
  OSC: k_hat=12  ACC=0.7997  NMI=0.9066  ARI=0.7870  3.3s
  TKSS: k_hat=12  ACC=0.7224  NMI=0.8263  ARI=0.6606  4.4s
  BDOSC: k_hat=12  ACC=0.5773  NMI=0.7805  ARI=0.5408  37.9s
  Gram-NCut: k_hat=12  ACC=0.8675  NMI=0.9423  ARI=0.8745  1.0s

=== train[5] k=12  dim=900  frames=639  σ=clean  seqs=['seq_000001', 'seq_000004', 'seq_000005', 'seq_000011', 'seq_000017', 'seq_000020', 'seq_000021', 'seq_000024', 'seq_000025', 'seq_000033', 'seq_000035', 'seq_000043'] ===
  SSC-Block-TV: k_hat=12  ACC=0.8983  NMI=0.9075  ARI=0.8094  2.8s
  OSC: k_hat=12  ACC=0.7966  NMI=0.8751  ARI=0.7296  3.4s
  TKSS: k_hat=12  ACC=0.6260  NMI=0.7516  ARI=0.5325  8.8s
  BDOSC: k_hat=12  ACC=0.6228  NMI=0.8184  ARI=0.5818  38.4s
  Gram-NCut: k_hat=12  ACC=0.8169  NMI=0.8835  ARI=0.7501  1.0s

=== train[6] k=12  dim=900  frames=805  σ=clean  seqs=['seq_000001', 'seq_000004', 'seq_000005', 'seq_000011', 'seq_000017', 'seq_000020', 'seq_000022', 'seq_000025', 'seq_000028', 'seq_000033', 'seq_000036', 'seq_000042'] ===
  SSC-Block-TV: k_hat=12  ACC=0.7528  NMI=0.8798  ARI=0.7193  4.6s
  OSC: k_hat=12  ACC=0.7267  NMI=0.8888  ARI=0.7225  5.3s
  TKSS: k_hat=12  ACC=0.7205  NMI=0.8185  ARI=0.6370  6.2s
  BDOSC: k_hat=12  ACC=0.6584  NMI=0.8184  ARI=0.6377  104.9s
  Gram-NCut: k_hat=12  ACC=0.7689  NMI=0.8753  ARI=0.7214  1.6s

=== train[7] k=12  dim=900  frames=653  σ=clean  seqs=['seq_000002', 'seq_000009', 'seq_000011', 'seq_000020', 'seq_000021', 'seq_000022', 'seq_000023', 'seq_000026', 'seq_000028', 'seq_000033', 'seq_000035', 'seq_000036'] ===
  SSC-Block-TV: k_hat=12  ACC=0.7948  NMI=0.9012  ARI=0.7693  3.0s
  OSC: k_hat=12  ACC=0.7473  NMI=0.9001  ARI=0.7561  3.5s
  TKSS: k_hat=12  ACC=0.6799  NMI=0.7899  ARI=0.6110  9.5s
  BDOSC: k_hat=12  ACC=0.6998  NMI=0.7964  ARI=0.6040  42.4s
  Gram-NCut: k_hat=12  ACC=0.7366  NMI=0.8885  ARI=0.7438  1.0s

=== train[8] k=12  dim=900  frames=532  σ=clean  seqs=['seq_000003', 'seq_000004', 'seq_000005', 'seq_000018', 'seq_000020', 'seq_000021', 'seq_000024', 'seq_000027', 'seq_000029', 'seq_000035', 'seq_000039', 'seq_000043'] ===
  SSC-Block-TV: k_hat=12  ACC=0.8459  NMI=0.9029  ARI=0.7997  1.9s
  OSC: k_hat=12  ACC=0.8045  NMI=0.8886  ARI=0.7814  2.4s
  TKSS: k_hat=12  ACC=0.7744  NMI=0.8302  ARI=0.6821  8.5s
  BDOSC: k_hat=12  ACC=0.6842  NMI=0.8128  ARI=0.6175  21.1s
  Gram-NCut: k_hat=12  ACC=0.8571  NMI=0.9146  ARI=0.8063  0.7s

=== train[9] k=12  dim=900  frames=660  σ=clean  seqs=['seq_000001', 'seq_000017', 'seq_000018', 'seq_000019', 'seq_000021', 'seq_000022', 'seq_000023', 'seq_000026', 'seq_000028', 'seq_000033', 'seq_000035', 'seq_000039'] ===
  SSC-Block-TV: k_hat=12  ACC=0.7636  NMI=0.8588  ARI=0.7071  3.0s
  OSC: k_hat=12  ACC=0.7061  NMI=0.8389  ARI=0.6432  3.7s
  TKSS: k_hat=12  ACC=0.5758  NMI=0.7767  ARI=0.5538  5.0s
  BDOSC: k_hat=12  ACC=0.7121  NMI=0.8308  ARI=0.6408  45.3s
  Gram-NCut: k_hat=12  ACC=0.7106  NMI=0.8398  ARI=0.6456  1.0s

=== train[10] k=12  dim=900  frames=639  σ=clean  seqs=['seq_000005', 'seq_000017', 'seq_000020', 'seq_000021', 'seq_000026', 'seq_000027', 'seq_000028', 'seq_000029', 'seq_000031', 'seq_000033', 'seq_000035', 'seq_000036'] ===
  SSC-Block-TV: k_hat=12  ACC=0.7825  NMI=0.9152  ARI=0.8063  2.9s
  OSC: k_hat=12  ACC=0.7700  NMI=0.8952  ARI=0.7519  3.4s
  TKSS: k_hat=12  ACC=0.7512  NMI=0.8124  ARI=0.6363  6.7s
  BDOSC: k_hat=12  ACC=0.6776  NMI=0.7978  ARI=0.5847  38.5s
  Gram-NCut: k_hat=12  ACC=0.5462  NMI=0.8032  ARI=0.4424  1.0s

=== train[11] k=12  dim=900  frames=701  σ=clean  seqs=['seq_000005', 'seq_000009', 'seq_000012', 'seq_000018', 'seq_000024', 'seq_000025', 'seq_000029', 'seq_000031', 'seq_000036', 'seq_000039', 'seq_000041', 'seq_000043'] ===
  SSC-Block-TV: k_hat=12  ACC=0.7846  NMI=0.8765  ARI=0.7007  3.5s
  OSC: k_hat=12  ACC=0.7760  NMI=0.8664  ARI=0.6614  4.1s
  TKSS: k_hat=12  ACC=0.6519  NMI=0.7576  ARI=0.5433  12.4s
  BDOSC: k_hat=12  ACC=0.5991  NMI=0.8010  ARI=0.5571  56.2s
  Gram-NCut: k_hat=12  ACC=0.7889  NMI=0.8809  ARI=0.6811  1.2s

=== train[12] k=12  dim=900  frames=551  σ=clean  seqs=['seq_000002', 'seq_000003', 'seq_000004', 'seq_000021', 'seq_000024', 'seq_000026', 'seq_000029', 'seq_000033', 'seq_000035', 'seq_000041', 'seq_000042', 'seq_000043'] ===
  SSC-Block-TV: k_hat=12  ACC=0.7495  NMI=0.8140  ARI=0.6859  2.1s
  OSC: k_hat=12  ACC=0.6987  NMI=0.8171  ARI=0.6206  2.5s
  TKSS: k_hat=12  ACC=0.6443  NMI=0.7896  ARI=0.6113  5.7s
  BDOSC: k_hat=12  ACC=0.6134  NMI=0.7507  ARI=0.5091  23.3s
  Gram-NCut: k_hat=12  ACC=0.6969  NMI=0.8170  ARI=0.6202  0.7s

=== train[13] k=12  dim=900  frames=655  σ=clean  seqs=['seq_000002', 'seq_000003', 'seq_000004', 'seq_000005', 'seq_000009', 'seq_000012', 'seq_000017', 'seq_000023', 'seq_000026', 'seq_000035', 'seq_000041', 'seq_000043'] ===
  SSC-Block-TV: k_hat=12  ACC=0.7786  NMI=0.8650  ARI=0.7222  3.0s
  OSC: k_hat=12  ACC=0.7176  NMI=0.8587  ARI=0.6781  3.5s
  TKSS: k_hat=12  ACC=0.7267  NMI=0.7758  ARI=0.6050  4.8s
  BDOSC: k_hat=12  ACC=0.5237  NMI=0.7468  ARI=0.4811  41.8s
  Gram-NCut: k_hat=12  ACC=0.6870  NMI=0.8410  ARI=0.6311  1.0s

=== train[14] k=12  dim=900  frames=635  σ=clean  seqs=['seq_000002', 'seq_000003', 'seq_000012', 'seq_000017', 'seq_000022', 'seq_000023', 'seq_000026', 'seq_000027', 'seq_000029', 'seq_000036', 'seq_000041', 'seq_000043'] ===
  SSC-Block-TV: k_hat=12  ACC=0.7339  NMI=0.8692  ARI=0.7222  2.8s
  OSC: k_hat=12  ACC=0.7654  NMI=0.8999  ARI=0.7718  3.3s
  TKSS: k_hat=12  ACC=0.6583  NMI=0.7457  ARI=0.5308  3.0s
  BDOSC: k_hat=12  ACC=0.6110  NMI=0.7870  ARI=0.5392  38.7s
  Gram-NCut: k_hat=12  ACC=0.6929  NMI=0.8402  ARI=0.6253  1.0s

=== train[15] k=12  dim=900  frames=758  σ=clean  seqs=['seq_000001', 'seq_000004', 'seq_000009', 'seq_000012', 'seq_000017', 'seq_000018', 'seq_000019', 'seq_000026', 'seq_000029', 'seq_000031', 'seq_000033', 'seq_000035'] ===
  SSC-Block-TV: k_hat=12  ACC=0.9077  NMI=0.9609  ARI=0.9189  4.0s
  OSC: k_hat=12  ACC=0.7982  NMI=0.9171  ARI=0.7535  4.6s
  TKSS: k_hat=12  ACC=0.6557  NMI=0.7524  ARI=0.5337  9.4s
  BDOSC: k_hat=12  ACC=0.6332  NMI=0.8235  ARI=0.5613  78.8s
  Gram-NCut: k_hat=12  ACC=0.7968  NMI=0.9168  ARI=0.7526  1.4s

=== train[16] k=12  dim=900  frames=758  σ=clean  seqs=['seq_000003', 'seq_000004', 'seq_000011', 'seq_000017', 'seq_000019', 'seq_000020', 'seq_000026', 'seq_000027', 'seq_000029', 'seq_000036', 'seq_000039', 'seq_000043'] ===
  SSC-Block-TV: k_hat=12  ACC=0.7704  NMI=0.8470  ARI=0.6745  4.0s
  OSC: k_hat=12  ACC=0.7480  NMI=0.8770  ARI=0.7025  4.6s
  TKSS: k_hat=12  ACC=0.6372  NMI=0.7812  ARI=0.5617  8.0s
  BDOSC: k_hat=12  ACC=0.6662  NMI=0.8263  ARI=0.6544  79.0s
  Gram-NCut: k_hat=12  ACC=0.7467  NMI=0.8837  ARI=0.7057  1.4s

=== train[17] k=12  dim=900  frames=649  σ=clean  seqs=['seq_000003', 'seq_000011', 'seq_000017', 'seq_000018', 'seq_000022', 'seq_000023', 'seq_000026', 'seq_000027', 'seq_000028', 'seq_000031', 'seq_000039', 'seq_000041'] ===
  SSC-Block-TV: k_hat=12  ACC=0.7904  NMI=0.8497  ARI=0.6902  2.9s
  OSC: k_hat=12  ACC=0.7257  NMI=0.8474  ARI=0.6569  3.4s
  TKSS: k_hat=12  ACC=0.6333  NMI=0.7424  ARI=0.5145  10.0s
  BDOSC: k_hat=12  ACC=0.6456  NMI=0.8465  ARI=0.6190  40.1s
  Gram-NCut: k_hat=12  ACC=0.6857  NMI=0.8435  ARI=0.6452  1.0s

=== train[18] k=12  dim=900  frames=546  σ=clean  seqs=['seq_000002', 'seq_000009', 'seq_000021', 'seq_000022', 'seq_000024', 'seq_000025', 'seq_000026', 'seq_000027', 'seq_000031', 'seq_000035', 'seq_000041', 'seq_000042'] ===
  SSC-Block-TV: k_hat=12  ACC=0.8022  NMI=0.8768  ARI=0.7809  2.1s
  OSC: k_hat=12  ACC=0.8919  NMI=0.9256  ARI=0.8657  2.4s
  TKSS: k_hat=12  ACC=0.7289  NMI=0.8351  ARI=0.6945  2.5s
  BDOSC: k_hat=12  ACC=0.7381  NMI=0.8398  ARI=0.6905  23.7s
  Gram-NCut: k_hat=12  ACC=0.8883  NMI=0.9242  ARI=0.8620  0.7s

=== train[19] k=12  dim=900  frames=773  σ=clean  seqs=['seq_000004', 'seq_000005', 'seq_000009', 'seq_000012', 'seq_000017', 'seq_000019', 'seq_000026', 'seq_000027', 'seq_000029', 'seq_000035', 'seq_000039', 'seq_000041'] ===
  SSC-Block-TV: k_hat=12  ACC=0.9030  NMI=0.9276  ARI=0.8735  4.3s
  OSC: k_hat=12  ACC=0.7995  NMI=0.8949  ARI=0.7519  5.0s
  TKSS: k_hat=12  ACC=0.6624  NMI=0.7356  ARI=0.5511  10.4s
  BDOSC: k_hat=12  ACC=0.6585  NMI=0.8206  ARI=0.5739  86.2s
  Gram-NCut: k_hat=12  ACC=0.8616  NMI=0.9083  ARI=0.8092  1.4s

=== train[20] k=12  dim=900  frames=645  σ=clean  seqs=['seq_000003', 'seq_000005', 'seq_000011', 'seq_000017', 'seq_000018', 'seq_000020', 'seq_000026', 'seq_000027', 'seq_000028', 'seq_000029', 'seq_000033', 'seq_000035'] ===
  SSC-Block-TV: k_hat=12  ACC=0.8372  NMI=0.9089  ARI=0.7703  2.9s
  OSC: k_hat=12  ACC=0.7674  NMI=0.8903  ARI=0.7286  3.4s
  TKSS: k_hat=12  ACC=0.6217  NMI=0.7568  ARI=0.5409  7.4s
  BDOSC: k_hat=12  ACC=0.5519  NMI=0.7851  ARI=0.4864  39.9s
  Gram-NCut: k_hat=12  ACC=0.8047  NMI=0.8996  ARI=0.7389  1.0s

=== train[21] k=12  dim=900  frames=687  σ=clean  seqs=['seq_000001', 'seq_000003', 'seq_000004', 'seq_000009', 'seq_000011', 'seq_000017', 'seq_000018', 'seq_000021', 'seq_000022', 'seq_000029', 'seq_000031', 'seq_000039'] ===
  SSC-Block-TV: k_hat=12  ACC=0.8064  NMI=0.8784  ARI=0.7412  3.3s
  OSC: k_hat=12  ACC=0.7860  NMI=0.8962  ARI=0.7518  3.8s
  TKSS: k_hat=12  ACC=0.5095  NMI=0.6849  ARI=0.4319  4.5s
  BDOSC: k_hat=12  ACC=0.7278  NMI=0.8284  ARI=0.6468  51.5s
  Gram-NCut: k_hat=12  ACC=0.8282  NMI=0.8961  ARI=0.7505  1.1s

=== train[22] k=12  dim=900  frames=602  σ=clean  seqs=['seq_000003', 'seq_000004', 'seq_000005', 'seq_000009', 'seq_000012', 'seq_000018', 'seq_000020', 'seq_000022', 'seq_000025', 'seq_000026', 'seq_000036', 'seq_000043'] ===
  SSC-Block-TV: k_hat=12  ACC=0.8239  NMI=0.9101  ARI=0.8197  2.5s
  OSC: k_hat=12  ACC=0.8522  NMI=0.9269  ARI=0.8413  3.0s
  TKSS: k_hat=12  ACC=0.7176  NMI=0.7876  ARI=0.5970  8.3s
  BDOSC: k_hat=12  ACC=0.5880  NMI=0.7716  ARI=0.5139  31.6s
  Gram-NCut: k_hat=12  ACC=0.8505  NMI=0.9251  ARI=0.8380  0.9s

=== train[23] k=12  dim=900  frames=624  σ=clean  seqs=['seq_000003', 'seq_000005', 'seq_000009', 'seq_000011', 'seq_000012', 'seq_000018', 'seq_000022', 'seq_000023', 'seq_000024', 'seq_000028', 'seq_000042', 'seq_000043'] ===
  SSC-Block-TV: k_hat=12  ACC=0.8109  NMI=0.8936  ARI=0.7981  2.7s
  OSC: k_hat=12  ACC=0.8333  NMI=0.9112  ARI=0.8321  3.2s
  TKSS: k_hat=12  ACC=0.6731  NMI=0.8122  ARI=0.6484  5.9s
  BDOSC: k_hat=12  ACC=0.6923  NMI=0.8399  ARI=0.6692  35.5s
  Gram-NCut: k_hat=12  ACC=0.8750  NMI=0.9294  ARI=0.8754  0.9s

=== test[0] k=12  dim=900  frames=571  σ=clean  seqs=['seq_000007', 'seq_000008', 'seq_000013', 'seq_000014', 'seq_000015', 'seq_000016', 'seq_000030', 'seq_000032', 'seq_000034', 'seq_000038', 'seq_000040', 'seq_000044'] ===
  SSC-Block-TV: k_hat=12  ACC=0.6725  NMI=0.8408  ARI=0.6420  2.3s
  OSC: k_hat=12  ACC=0.6112  NMI=0.8106  ARI=0.4961  2.7s
  TKSS: k_hat=12  ACC=0.6392  NMI=0.7364  ARI=0.5272  4.6s
  BDOSC: k_hat=12  ACC=0.7461  NMI=0.8647  ARI=0.7335  25.4s
  Gram-NCut: k_hat=12  ACC=0.6357  NMI=0.7882  ARI=0.4884  0.8s

=== test[1] k=12  dim=900  frames=600  σ=clean  seqs=['seq_000006', 'seq_000007', 'seq_000013', 'seq_000014', 'seq_000015', 'seq_000016', 'seq_000030', 'seq_000032', 'seq_000034', 'seq_000037', 'seq_000040', 'seq_000044'] ===
  SSC-Block-TV: k_hat=12  ACC=0.6367  NMI=0.8215  ARI=0.6363  2.4s
  OSC: k_hat=12  ACC=0.6617  NMI=0.8248  ARI=0.5697  3.0s
  TKSS: k_hat=12  ACC=0.6317  NMI=0.7586  ARI=0.5913  5.1s
  BDOSC: k_hat=12  ACC=0.6583  NMI=0.8133  ARI=0.6379  31.0s
  Gram-NCut: k_hat=12  ACC=0.6350  NMI=0.8078  ARI=0.6124  0.9s

=== test[2] k=12  dim=900  frames=637  σ=clean  seqs=['seq_000006', 'seq_000010', 'seq_000013', 'seq_000014', 'seq_000016', 'seq_000030', 'seq_000032', 'seq_000034', 'seq_000037', 'seq_000038', 'seq_000040', 'seq_000044'] ===
  SSC-Block-TV: k_hat=12  ACC=0.6625  NMI=0.8324  ARI=0.6716  2.9s
  OSC: k_hat=12  ACC=0.6515  NMI=0.8370  ARI=0.6247  3.3s
  TKSS: k_hat=12  ACC=0.5997  NMI=0.6923  ARI=0.5146  4.6s
  BDOSC: k_hat=12  ACC=0.6782  NMI=0.8201  ARI=0.6211  38.2s
  Gram-NCut: k_hat=12  ACC=0.6484  NMI=0.8132  ARI=0.5989  1.0s

=== test[3] k=12  dim=900  frames=505  σ=clean  seqs=['seq_000007', 'seq_000008', 'seq_000010', 'seq_000013', 'seq_000014', 'seq_000015', 'seq_000016', 'seq_000030', 'seq_000032', 'seq_000034', 'seq_000038', 'seq_000040'] ===
  SSC-Block-TV: k_hat=12  ACC=0.7109  NMI=0.8707  ARI=0.6903  1.8s
  OSC: k_hat=12  ACC=0.7485  NMI=0.8986  ARI=0.7392  2.2s
  TKSS: k_hat=12  ACC=0.6733  NMI=0.7461  ARI=0.5337  3.4s
  BDOSC: k_hat=12  ACC=0.7683  NMI=0.8598  ARI=0.7206  18.9s
  Gram-NCut: k_hat=12  ACC=0.6356  NMI=0.7984  ARI=0.4727  0.6s

=== test[4] k=12  dim=900  frames=567  σ=clean  seqs=['seq_000006', 'seq_000007', 'seq_000008', 'seq_000010', 'seq_000013', 'seq_000014', 'seq_000015', 'seq_000016', 'seq_000034', 'seq_000037', 'seq_000038', 'seq_000040'] ===
  SSC-Block-TV: k_hat=12  ACC=0.7531  NMI=0.8837  ARI=0.7485  2.3s
  OSC: k_hat=12  ACC=0.6861  NMI=0.8477  ARI=0.6086  2.7s
  TKSS: k_hat=12  ACC=0.5591  NMI=0.6835  ARI=0.4429  3.3s
  BDOSC: k_hat=12  ACC=0.6861  NMI=0.8158  ARI=0.6320  24.8s
  Gram-NCut: k_hat=12  ACC=0.7354  NMI=0.8775  ARI=0.7262  0.8s

=== test[5] k=12  dim=900  frames=604  σ=clean  seqs=['seq_000006', 'seq_000008', 'seq_000010', 'seq_000013', 'seq_000014', 'seq_000015', 'seq_000016', 'seq_000030', 'seq_000037', 'seq_000038', 'seq_000040', 'seq_000044'] ===
  SSC-Block-TV: k_hat=12  ACC=0.7351  NMI=0.8671  ARI=0.7233  2.5s
  OSC: k_hat=12  ACC=0.7152  NMI=0.8560  ARI=0.6654  3.1s
  TKSS: k_hat=12  ACC=0.5712  NMI=0.6914  ARI=0.5231  4.5s
  BDOSC: k_hat=12  ACC=0.5795  NMI=0.7734  ARI=0.4813  31.6s
  Gram-NCut: k_hat=12  ACC=0.7219  NMI=0.8568  ARI=0.6676  0.9s

=== test[6] k=12  dim=900  frames=572  σ=clean  seqs=['seq_000006', 'seq_000008', 'seq_000010', 'seq_000013', 'seq_000014', 'seq_000015', 'seq_000016', 'seq_000030', 'seq_000034', 'seq_000037', 'seq_000038', 'seq_000040'] ===
  SSC-Block-TV: k_hat=12  ACC=0.7045  NMI=0.8547  ARI=0.7037  2.2s
  OSC: k_hat=12  ACC=0.7308  NMI=0.8639  ARI=0.6704  2.7s
  TKSS: k_hat=12  ACC=0.6084  NMI=0.7059  ARI=0.5330  5.3s
  BDOSC: k_hat=12  ACC=0.6923  NMI=0.8289  ARI=0.6345  25.5s
  Gram-NCut: k_hat=12  ACC=0.6731  NMI=0.8300  ARI=0.6276  0.8s

=== test[7] k=12  dim=900  frames=547  σ=clean  seqs=['seq_000006', 'seq_000007', 'seq_000008', 'seq_000010', 'seq_000014', 'seq_000015', 'seq_000016', 'seq_000030', 'seq_000032', 'seq_000037', 'seq_000038', 'seq_000044'] ===
  SSC-Block-TV: k_hat=12  ACC=0.7093  NMI=0.8815  ARI=0.7354  2.1s
  OSC: k_hat=12  ACC=0.6801  NMI=0.8414  ARI=0.6011  2.5s
  TKSS: k_hat=12  ACC=0.6289  NMI=0.7744  ARI=0.5653  3.0s
  BDOSC: k_hat=12  ACC=0.7660  NMI=0.8471  ARI=0.6930  22.4s
  Gram-NCut: k_hat=12  ACC=0.6782  NMI=0.8413  ARI=0.6006  0.7s

=== test[8] k=12  dim=900  frames=624  σ=clean  seqs=['seq_000006', 'seq_000007', 'seq_000013', 'seq_000014', 'seq_000015', 'seq_000016', 'seq_000030', 'seq_000032', 'seq_000037', 'seq_000038', 'seq_000040', 'seq_000044'] ===
  SSC-Block-TV: k_hat=12  ACC=0.7147  NMI=0.8712  ARI=0.7283  2.6s
  OSC: k_hat=12  ACC=0.6907  NMI=0.8569  ARI=0.6407  3.2s
  TKSS: k_hat=12  ACC=0.5913  NMI=0.7033  ARI=0.5332  6.9s
  BDOSC: k_hat=12  ACC=0.5929  NMI=0.8193  ARI=0.5865  36.1s
  Gram-NCut: k_hat=12  ACC=0.6891  NMI=0.8333  ARI=0.6152  0.9s

=== test[9] k=12  dim=900  frames=507  σ=clean  seqs=['seq_000006', 'seq_000007', 'seq_000008', 'seq_000010', 'seq_000014', 'seq_000015', 'seq_000016', 'seq_000030', 'seq_000032', 'seq_000037', 'seq_000038', 'seq_000040'] ===
  SSC-Block-TV: k_hat=12  ACC=0.7535  NMI=0.8854  ARI=0.7570  2.0s
  OSC: k_hat=12  ACC=0.7712  NMI=0.8657  ARI=0.6811  2.2s
  TKSS: k_hat=12  ACC=0.5976  NMI=0.7240  ARI=0.5215  4.6s
  BDOSC: k_hat=12  ACC=0.6252  NMI=0.7846  ARI=0.5482  19.1s
  Gram-NCut: k_hat=12  ACC=0.8185  NMI=0.9146  ARI=0.8196  0.6s

=== test[10] k=12  dim=900  frames=562  σ=clean  seqs=['seq_000006', 'seq_000007', 'seq_000008', 'seq_000010', 'seq_000014', 'seq_000015', 'seq_000016', 'seq_000030', 'seq_000034', 'seq_000037', 'seq_000038', 'seq_000044'] ===
  SSC-Block-TV: k_hat=12  ACC=0.6530  NMI=0.8322  ARI=0.6627  2.2s
  OSC: k_hat=12  ACC=0.7633  NMI=0.8670  ARI=0.6876  2.7s
  TKSS: k_hat=12  ACC=0.5498  NMI=0.7314  ARI=0.5178  3.1s
  BDOSC: k_hat=12  ACC=0.6619  NMI=0.8003  ARI=0.5794  23.8s
  Gram-NCut: k_hat=12  ACC=0.7580  NMI=0.8663  ARI=0.6846  0.7s

=== test[11] k=12  dim=900  frames=651  σ=clean  seqs=['seq_000006', 'seq_000007', 'seq_000008', 'seq_000013', 'seq_000014', 'seq_000015', 'seq_000030', 'seq_000034', 'seq_000037', 'seq_000038', 'seq_000040', 'seq_000044'] ===
  SSC-Block-TV: k_hat=12  ACC=0.7051  NMI=0.8436  ARI=0.6702  3.0s
  OSC: k_hat=12  ACC=0.7143  NMI=0.8714  ARI=0.6924  3.5s
  TKSS: k_hat=12  ACC=0.6160  NMI=0.7306  ARI=0.5488  4.8s
  BDOSC: k_hat=12  ACC=0.6406  NMI=0.8142  ARI=0.5933  42.8s
  Gram-NCut: k_hat=12  ACC=0.6974  NMI=0.8501  ARI=0.6644  1.0s

=== test[12] k=12  dim=900  frames=613  σ=clean  seqs=['seq_000006', 'seq_000007', 'seq_000008', 'seq_000010', 'seq_000013', 'seq_000014', 'seq_000016', 'seq_000030', 'seq_000032', 'seq_000034', 'seq_000038', 'seq_000044'] ===
  SSC-Block-TV: k_hat=12  ACC=0.7129  NMI=0.8614  ARI=0.7138  2.7s
  OSC: k_hat=12  ACC=0.7194  NMI=0.8632  ARI=0.6718  3.1s
  TKSS: k_hat=12  ACC=0.6476  NMI=0.7252  ARI=0.5654  7.5s
  BDOSC: k_hat=12  ACC=0.6623  NMI=0.8070  ARI=0.5668  33.2s
  Gram-NCut: k_hat=12  ACC=0.7243  NMI=0.8614  ARI=0.6619  0.9s

=== test[13] k=12  dim=900  frames=594  σ=clean  seqs=['seq_000007', 'seq_000008', 'seq_000010', 'seq_000013', 'seq_000014', 'seq_000030', 'seq_000032', 'seq_000034', 'seq_000037', 'seq_000038', 'seq_000040', 'seq_000044'] ===
  SSC-Block-TV: k_hat=12  ACC=0.6616  NMI=0.8527  ARI=0.6291  2.5s
  OSC: k_hat=12  ACC=0.6633  NMI=0.8515  ARI=0.6120  2.9s
  TKSS: k_hat=12  ACC=0.6751  NMI=0.7568  ARI=0.5654  4.4s
  BDOSC: k_hat=12  ACC=0.7795  NMI=0.8491  ARI=0.6891  28.9s
  Gram-NCut: k_hat=12  ACC=0.6515  NMI=0.8453  ARI=0.6105  0.8s

=== test[14] k=12  dim=900  frames=545  σ=clean  seqs=['seq_000007', 'seq_000008', 'seq_000010', 'seq_000013', 'seq_000014', 'seq_000015', 'seq_000016', 'seq_000030', 'seq_000032', 'seq_000034', 'seq_000038', 'seq_000044'] ===
  SSC-Block-TV: k_hat=12  ACC=0.6606  NMI=0.8420  ARI=0.6321  2.3s
  OSC: k_hat=12  ACC=0.5908  NMI=0.7989  ARI=0.4700  2.5s
  TKSS: k_hat=12  ACC=0.5468  NMI=0.6673  ARI=0.4320  4.8s
  BDOSC: k_hat=12  ACC=0.6771  NMI=0.8016  ARI=0.5446  22.3s
  Gram-NCut: k_hat=12  ACC=0.6624  NMI=0.8123  ARI=0.5437  0.7s

=== test[15] k=12  dim=900  frames=531  σ=clean  seqs=['seq_000007', 'seq_000008', 'seq_000010', 'seq_000014', 'seq_000016', 'seq_000030', 'seq_000032', 'seq_000034', 'seq_000037', 'seq_000038', 'seq_000040', 'seq_000044'] ===
  SSC-Block-TV: k_hat=12  ACC=0.6685  NMI=0.8567  ARI=0.6637  1.9s
  OSC: k_hat=12  ACC=0.6196  NMI=0.8317  ARI=0.5585  2.4s
  TKSS: k_hat=12  ACC=0.6893  NMI=0.7885  ARI=0.6197  2.9s
  BDOSC: k_hat=12  ACC=0.5951  NMI=0.7573  ARI=0.4842  20.3s
  Gram-NCut: k_hat=12  ACC=0.6685  NMI=0.8426  ARI=0.5880  0.7s

=== test[16] k=12  dim=900  frames=588  σ=clean  seqs=['seq_000006', 'seq_000007', 'seq_000010', 'seq_000013', 'seq_000014', 'seq_000015', 'seq_000030', 'seq_000032', 'seq_000034', 'seq_000037', 'seq_000038', 'seq_000040'] ===
  SSC-Block-TV: k_hat=12  ACC=0.7092  NMI=0.8603  ARI=0.7102  2.3s
  OSC: k_hat=12  ACC=0.7432  NMI=0.8641  ARI=0.6661  2.9s
  TKSS: k_hat=12  ACC=0.6293  NMI=0.7219  ARI=0.5250  4.7s
  BDOSC: k_hat=12  ACC=0.6667  NMI=0.7933  ARI=0.5487  28.1s
  Gram-NCut: k_hat=12  ACC=0.6599  NMI=0.8312  ARI=0.6133  0.8s

=== test[17] k=12  dim=900  frames=620  σ=clean  seqs=['seq_000006', 'seq_000007', 'seq_000010', 'seq_000013', 'seq_000016', 'seq_000030', 'seq_000032', 'seq_000034', 'seq_000037', 'seq_000038', 'seq_000040', 'seq_000044'] ===
  SSC-Block-TV: k_hat=12  ACC=0.7016  NMI=0.8889  ARI=0.7326  2.7s
  OSC: k_hat=12  ACC=0.7097  NMI=0.8935  ARI=0.7402  3.2s
  TKSS: k_hat=12  ACC=0.6097  NMI=0.7113  ARI=0.5363  5.1s
  BDOSC: k_hat=12  ACC=0.6742  NMI=0.8373  ARI=0.6408  35.8s
  Gram-NCut: k_hat=12  ACC=0.7226  NMI=0.8689  ARI=0.7137  0.9s

=== mean over matrices ===
  SSC-Block-TV train σ=clean: ACC=0.8035  NMI=0.8846  ARI=0.7587  n=24
  OSC train σ=clean: ACC=0.7690  NMI=0.8841  ARI=0.7340  n=24
  TKSS train σ=clean: ACC=0.6693  NMI=0.7780  ARI=0.5828  n=24
  BDOSC train σ=clean: ACC=0.6413  NMI=0.8071  ARI=0.5855  n=24
  Gram-NCut train σ=clean: ACC=0.7702  NMI=0.8802  ARI=0.7182  n=24
  SSC-Block-TV test σ=clean: ACC=0.6958  NMI=0.8582  ARI=0.6917  n=18
  OSC test σ=clean: ACC=0.6928  NMI=0.8524  ARI=0.6331  n=18
  TKSS test σ=clean: ACC=0.6147  NMI=0.7249  ARI=0.5331  n=18
  BDOSC test σ=clean: ACC=0.6750  NMI=0.8160  ARI=0.6075  n=18
  Gram-NCut test σ=clean: ACC=0.6898  NMI=0.8411  ARI=0.6283  n=18

wrote /nfs/turbo/umms-minjilab/lpullela/icassp_ssc_tv2/ballet_dataset/ballet_cluster_knownk_scaled_results_bsearchk12.csv
wrote /nfs/turbo/umms-minjilab/lpullela/icassp_ssc_tv2/ballet_dataset/ballet_cluster_knownk_scaled_params_bsearchk12.json
end=Thu Sep  3 20:40:55 EDT 2026
