host=gl3162.arc-ts.umich.edu  python=/home/lpullela/miniconda3/envs/ssc_559/bin/python  start=Mon Aug 31 21:39:33 EDT 2026
Loading P1E_S1_C1
  Y: (9216, 872)  people=25  frames/person=[53, 42, 36, 23, 25, 12, 13, 10, 18, 49, 43, 50, 35, 38, 59, 47, 42, 37, 38, 43, 24, 51, 44, 10, 30]
Loading P1E_S1_C2
  Y: (9216, 702)  people=25  frames/person=[46, 38, 11, 40, 47, 45, 18, 14, 39, 11, 37, 14, 25, 33, 31, 30, 11, 10, 16, 10, 33, 36, 43, 23, 41]
Loading P1E_S1_C3
  Y: (9216, 450)  people=25  frames/person=[15, 22, 16, 16, 17, 13, 14, 19, 14, 25, 26, 12, 21, 18, 22, 16, 13, 19, 16, 15, 8, 15, 30, 20, 28]
Loading P1E_S2_C1
  Y: (9216, 823)  people=25  frames/person=[55, 13, 50, 37, 28, 44, 39, 22, 26, 46, 40, 35, 27, 32, 29, 26, 45, 23, 21, 46, 41, 12, 14, 29, 43]
Loading P1E_S2_C2
  Y: (9216, 815)  people=25  frames/person=[30, 48, 26, 22, 50, 51, 14, 12, 44, 27, 39, 17, 43, 25, 42, 41, 39, 21, 41, 12, 39, 30, 49, 20, 33]
Loading P1E_S2_C3
  Y: (9216, 704)  people=25  frames/person=[14, 36, 28, 32, 25, 37, 31, 36, 20, 23, 42, 12, 28, 20, 15, 33, 32, 32, 32, 29, 32, 34, 38, 19, 24]
Loading P1E_S3_C1
  Y: (9216, 884)  people=25  frames/person=[12, 31, 47, 41, 27, 60, 40, 43, 10, 33, 52, 48, 30, 34, 31, 36, 21, 50, 13, 31, 24, 47, 48, 38, 37]
Loading P1E_S3_C2
  Y: (9216, 852)  people=25  frames/person=[57, 19, 15, 16, 47, 59, 34, 44, 59, 26, 10, 16, 45, 14, 37, 43, 48, 28, 17, 33, 42, 28, 55, 29, 31]
Loading P1E_S3_C3
  Y: (9216, 724)  people=25  frames/person=[21, 34, 24, 21, 37, 47, 17, 37, 55, 18, 31, 37, 31, 22, 17, 39, 35, 12, 30, 28, 19, 41, 35, 11, 25]
Loading P1E_S4_C1
  Y: (9216, 826)  people=25  frames/person=[46, 25, 10, 14, 48, 17, 36, 55, 57, 23, 13, 35, 52, 41, 13, 43, 27, 21, 31, 45, 48, 17, 38, 48, 23]
Loading P1E_S4_C2
  Y: (9216, 791)  people=25  frames/person=[23, 22, 20, 46, 21, 21, 16, 16, 49, 24, 50, 39, 50, 35, 43, 36, 13, 38, 33, 24, 33, 31, 35, 37, 36]
Loading P1E_S4_C3
  Y: (9216, 620)  people=25  frames/person=[28, 29, 22, 29, 24, 14, 31, 21, 33, 11, 37, 19, 17, 21, 25, 12, 25, 41, 12, 29, 26, 31, 31, 29, 23]
Loading P1L_S1_C1
  Y: (9216, 741)  people=25  frames/person=[15, 10, 15, 28, 15, 14, 23, 43, 36, 23, 58, 45, 42, 49, 50, 16, 11, 54, 30, 13, 34, 29, 31, 31, 26]
Loading P1L_S1_C2
  Y: (9216, 887)  people=25  frames/person=[34, 35, 37, 45, 49, 10, 25, 54, 23, 36, 54, 42, 54, 18, 36, 42, 27, 39, 48, 47, 26, 13, 19, 23, 51]
Loading P1L_S1_C3
  Y: (9216, 534)  people=25  frames/person=[23, 29, 20, 26, 19, 25, 22, 12, 28, 25, 20, 25, 23, 18, 21, 17, 15, 26, 12, 21, 18, 18, 30, 18, 23]
Loading P1L_S2_C1
  Y: (9216, 949)  people=25  frames/person=[56, 39, 38, 46, 39, 48, 19, 49, 36, 48, 36, 25, 14, 36, 60, 11, 39, 32, 10, 37, 49, 47, 59, 36, 40]
Loading P1L_S2_C2
  Y: (9216, 917)  people=25  frames/person=[59, 26, 49, 19, 28, 44, 39, 19, 43, 39, 56, 40, 55, 52, 14, 13, 35, 35, 38, 47, 26, 19, 44, 29, 49]
Loading P1L_S2_C3
  Y: (9216, 660)  people=25  frames/person=[13, 36, 29, 23, 14, 26, 30, 36, 50, 21, 34, 40, 34, 16, 35, 32, 35, 24, 16, 29, 13, 16, 13, 19, 26]
Loading P1L_S3_C1
  Y: (9216, 775)  people=25  frames/person=[44, 42, 45, 35, 12, 18, 23, 44, 28, 26, 15, 46, 11, 33, 47, 35, 45, 50, 21, 14, 12, 39, 23, 20, 47]
Loading P1L_S3_C2
  Y: (9216, 1027)  people=25  frames/person=[51, 58, 34, 36, 60, 35, 19, 23, 59, 12, 50, 43, 34, 52, 51, 32, 40, 48, 43, 34, 56, 55, 13, 37, 52]
Loading P1L_S3_C3
  Y: (9216, 797)  people=25  frames/person=[14, 29, 35, 26, 39, 45, 28, 49, 15, 26, 10, 31, 10, 36, 47, 14, 46, 46, 25, 31, 34, 50, 45, 26, 40]
Loading P1L_S4_C1
  Y: (9216, 833)  people=25  frames/person=[50, 46, 21, 31, 28, 45, 31, 31, 37, 39, 15, 57, 30, 18, 10, 32, 47, 25, 53, 20, 17, 29, 45, 25, 51]
Loading P1L_S4_C2
  Y: (9216, 895)  people=25  frames/person=[11, 60, 12, 53, 10, 31, 25, 59, 43, 56, 31, 35, 35, 48, 35, 56, 19, 34, 22, 54, 17, 45, 56, 24, 24]
Loading P1L_S4_C3
  Y: (9216, 704)  people=25  frames/person=[41, 40, 23, 26, 14, 23, 22, 32, 13, 29, 34, 10, 31, 34, 31, 25, 39, 39, 16, 24, 25, 25, 41, 27, 40]
sequences=24  people=25  k=5
sigmas=(0.0, 0.25, 0.5, 0.75)  n_trials=40
hetero-noise: per-column σ ~ Unif[0, 1]  csv=split_k5_hetero_trials40.csv
train 0 k=5  people=['0006', '0013', '0014', '0022', '0027']
train 1 k=5  people=['0004', '0009', '0019', '0025', '0026']
train 2 k=5  people=['0001', '0005', '0011', '0023', '0024']
train 3 k=5  people=['0007', '0010', '0015', '0016', '0021']
test    k=5  people=['0003', '0012', '0017', '0018', '0020']
methods=['OSC', 'SSC-TV-L21', 'TKSS', 'BDOSC']  append=False  lda=False  hetero_noise=True  anchor_noise=False  no_tune=False
hetero mix over 18782 frames:  σ ~ Unif[0, 1]  mean=0.502  std=0.289  min=0.000  max=1.000  q25=0.248  q50=0.508  q75=0.752
σ=mixed: train mats=96  test mats=24
pooled train mats for tuning=96

============================================================
BDOSC: skip tuning, fixed lambda_1=0.2, lambda_2=1, gamma_1=0.01, p=1.1, max_iter=50
  wrote /nfs/turbo/umms-minjilab/lpullela/surveillance_dataset/split_k5_hetero_trials40_params.json

============================================================
--- tune OSC over 96 train mats ---
  OSC trial 0: mean ARI=0.7113  n=96  716.0s  lambda_1=0.1, lambda_2=0.1
  OSC trial 1: mean ARI=0.6896  n=96  712.1s  lambda_1=0.1568, lambda_2=0.7257
  OSC trial 2: mean ARI=0.6892  n=96  707.9s  lambda_1=0.2577, lambda_2=0.1512
  OSC trial 3: mean ARI=0.7184  n=96  704.5s  lambda_1=0.0495, lambda_2=0.3833
  OSC trial 4: mean ARI=0.7153  n=96  711.1s  lambda_1=0.05628, lambda_2=3.691
  OSC trial 5: mean ARI=0.0059  n=96  712.0s  lambda_1=7.156, lambda_2=0.03418
  OSC trial 6: mean ARI=0.0059  n=96  707.4s  lambda_1=1.469, lambda_2=0.1305
  OSC trial 7: mean ARI=0.6876  n=96  683.1s  lambda_1=0.1871, lambda_2=5.039
  OSC trial 8: mean ARI=0.7472  n=96  532.3s  lambda_1=0.001924, lambda_2=0.002231
  OSC trial 9: mean ARI=0.7490  n=96  433.8s  lambda_1=0.001205, lambda_2=2.14
  OSC trial 10: mean ARI=0.7506  n=96  374.4s  lambda_1=0.001206, lambda_2=0.001659
  OSC trial 11: mean ARI=0.7511  n=96  341.6s  lambda_1=0.001211, lambda_2=0.001203
  OSC trial 12: mean ARI=0.7451  n=96  381.4s  lambda_1=0.007272, lambda_2=0.001047
  OSC trial 13: mean ARI=0.7426  n=96  367.0s  lambda_1=0.006333, lambda_2=0.005996
  OSC trial 14: mean ARI=0.7435  n=96  342.3s  lambda_1=0.008941, lambda_2=0.0134
  OSC trial 15: mean ARI=0.7506  n=96  342.3s  lambda_1=0.001025, lambda_2=0.004125
  OSC trial 16: mean ARI=0.7457  n=96  339.7s  lambda_1=0.003519, lambda_2=0.001223
  OSC trial 17: mean ARI=0.7443  n=96  341.8s  lambda_1=0.01886, lambda_2=0.01694
  OSC trial 18: mean ARI=0.7435  n=96  341.3s  lambda_1=0.003076, lambda_2=0.004771
  OSC trial 19: mean ARI=0.7464  n=96  341.8s  lambda_1=0.02289, lambda_2=0.002636
  OSC trial 20: mean ARI=0.7494  n=96  341.1s  lambda_1=0.001031, lambda_2=0.01317
  OSC trial 21: mean ARI=0.7506  n=96  340.8s  lambda_1=0.001044, lambda_2=0.004352
  OSC trial 22: mean ARI=0.7476  n=96  341.3s  lambda_1=0.002817, lambda_2=0.001014
  OSC trial 23: mean ARI=0.7437  n=96  340.7s  lambda_1=0.00433, lambda_2=0.002643
  OSC trial 24: mean ARI=0.7475  n=96  339.8s  lambda_1=0.001996, lambda_2=0.008877
  OSC trial 25: mean ARI=0.7485  n=96  340.9s  lambda_1=0.01273, lambda_2=0.02435
  OSC trial 26: mean ARI=0.7475  n=96  342.2s  lambda_1=0.001776, lambda_2=0.00307
  OSC trial 27: mean ARI=0.7523  n=96  340.3s  lambda_1=0.004703, lambda_2=0.04753
  OSC trial 28: mean ARI=0.7484  n=96  339.5s  lambda_1=0.004932, lambda_2=1.015
  OSC trial 29: mean ARI=0.7387  n=96  341.1s  lambda_1=0.02584, lambda_2=0.05751
  OSC trial 30: mean ARI=0.7481  n=96  340.4s  lambda_1=0.009685, lambda_2=0.06446
  OSC trial 31: mean ARI=0.7472  n=96  342.3s  lambda_1=0.002136, lambda_2=0.001764
  OSC trial 32: mean ARI=0.7510  n=96  341.7s  lambda_1=0.001016, lambda_2=0.006625
  OSC trial 33: mean ARI=0.7487  n=96  341.0s  lambda_1=0.00407, lambda_2=0.264
  OSC trial 34: mean ARI=0.7471  n=96  342.3s  lambda_1=0.002067, lambda_2=0.008525
  OSC trial 35: mean ARI=0.7557  n=96  340.3s  lambda_1=0.001576, lambda_2=0.0347
  OSC trial 36: mean ARI=0.7483  n=96  341.0s  lambda_1=0.01429, lambda_2=0.04123
  OSC trial 37: mean ARI=0.6700  n=96  340.9s  lambda_1=0.4167, lambda_2=0.09548
  OSC trial 38: mean ARI=0.7171  n=96  343.2s  lambda_1=0.0755, lambda_2=0.02567
  OSC trial 39: mean ARI=0.0059  n=96  338.3s  lambda_1=8.782, lambda_2=0.2009
  best mean ARI=0.7557  tune 16953.3s  lambda_1=0.001576, lambda_2=0.0347
  wrote /nfs/turbo/umms-minjilab/lpullela/surveillance_dataset/split_k5_hetero_trials40_params.json

============================================================
--- tune SSC-TV-L21 over 96 train mats ---
  SSC-TV-L21 trial 0: mean ARI=0.7085  n=96  162.1s  lambda_e=1, lambda_z=0.1, gamma_p=0.1, gamma_q=0.1
  SSC-TV-L21 trial 1: mean ARI=0.7567  n=96  104.5s  lambda_e=0.443, lambda_z=0.7257, gamma_p=0.2577, gamma_q=0.1512
  SSC-TV-L21 trial 2: mean ARI=0.6232  n=96  162.3s  lambda_e=0.1866, lambda_z=0.3833, gamma_p=0.05628, gamma_q=3.691
  SSC-TV-L21 trial 3: mean ARI=0.0023  n=96  163.0s  lambda_e=7.78, lambda_z=0.03418, gamma_p=1.469, gamma_q=0.1305
  SSC-TV-L21 trial 4: mean ARI=0.5448  n=96  161.5s  lambda_e=0.506, lambda_z=5.039, gamma_p=0.001924, gamma_q=0.002231
  SSC-TV-L21 trial 5: mean ARI=0.6669  n=96  161.6s  lambda_e=0.0115, lambda_z=2.14, gamma_p=1.296, gamma_q=3.02
  SSC-TV-L21 trial 6: mean ARI=0.7473  n=96  161.8s  lambda_e=8.627, lambda_z=1.573, gamma_p=0.07013, gamma_q=1.325
  SSC-TV-L21 trial 7: mean ARI=0.6304  n=96  161.3s  lambda_e=0.02264, lambda_z=0.3628, gamma_p=0.003745, gamma_q=6.007
  SSC-TV-L21 trial 8: mean ARI=0.0434  n=96  161.9s  lambda_e=0.3677, lambda_z=0.04557, gamma_p=0.01143, gamma_q=1.25
  SSC-TV-L21 trial 9: mean ARI=0.7566  n=96  162.0s  lambda_e=0.2336, lambda_z=0.1878, gamma_p=0.001189, gamma_q=0.2955
  SSC-TV-L21 trial 10: mean ARI=0.0038  n=96  161.3s  lambda_e=0.05584, lambda_z=0.001665, gamma_p=6.473, gamma_q=0.006788
  SSC-TV-L21 trial 11: mean ARI=0.7644  n=96  161.5s  lambda_e=0.116, lambda_z=0.3178, gamma_p=0.01498, gamma_q=0.1137
  SSC-TV-L21 trial 12: mean ARI=0.0038  n=96  161.6s  lambda_e=2.118, lambda_z=0.008902, gamma_p=0.4264, gamma_q=0.02191
  SSC-TV-L21 trial 13: mean ARI=0.6442  n=96  161.4s  lambda_e=0.07511, lambda_z=1.019, gamma_p=0.0179, gamma_q=0.02869
  SSC-TV-L21 trial 14: mean ARI=0.7338  n=96  160.5s  lambda_e=0.114, lambda_z=5.38, gamma_p=0.2926, gamma_q=0.3948
  SSC-TV-L21 trial 15: mean ARI=0.7064  n=96  161.6s  lambda_e=1.397, lambda_z=0.6065, gamma_p=0.008255, gamma_q=0.04018
  SSC-TV-L21 trial 16: mean ARI=0.0027  n=96  153.4s  lambda_e=0.04176, lambda_z=0.01362, gamma_p=0.0269, gamma_q=0.4361
  SSC-TV-L21 trial 17: mean ARI=0.5828  n=96  150.7s  lambda_e=0.5891, lambda_z=9.684, gamma_p=0.2864, gamma_q=0.06898
  SSC-TV-L21 trial 18: mean ARI=0.2441  n=96  150.6s  lambda_e=0.164, lambda_z=0.1059, gamma_p=5.982, gamma_q=0.008516
  SSC-TV-L21 trial 19: mean ARI=0.6753  n=96  150.6s  lambda_e=3.182, lambda_z=2.196, gamma_p=0.003928, gamma_q=0.2005
  SSC-TV-L21 trial 20: mean ARI=0.1224  n=96  150.8s  lambda_e=0.0323, lambda_z=0.1792, gamma_p=1.108, gamma_q=0.8503
  SSC-TV-L21 trial 21: mean ARI=0.7562  n=96  150.8s  lambda_e=0.2701, lambda_z=0.2507, gamma_p=0.001057, gamma_q=0.2636
  SSC-TV-L21 trial 22: mean ARI=0.7054  n=96  150.7s  lambda_e=0.1069, lambda_z=0.7136, gamma_p=0.004659, gamma_q=0.06408
  SSC-TV-L21 trial 23: mean ARI=0.1146  n=96  150.7s  lambda_e=0.2509, lambda_z=0.06681, gamma_p=0.001049, gamma_q=0.616
  SSC-TV-L21 trial 24: mean ARI=0.7474  n=96  150.6s  lambda_e=0.6674, lambda_z=0.1592, gamma_p=0.0269, gamma_q=0.1738
  SSC-TV-L21 trial 25: mean ARI=0.7403  n=96  150.7s  lambda_e=0.09776, lambda_z=0.01749, gamma_p=0.002499, gamma_q=0.02007
  SSC-TV-L21 trial 26: mean ARI=0.7631  n=96  150.2s  lambda_e=0.4036, lambda_z=0.5771, gamma_p=0.1306, gamma_q=0.001097
  SSC-TV-L21 trial 27: mean ARI=0.7367  n=96  149.9s  lambda_e=1.063, lambda_z=0.8775, gamma_p=0.1449, gamma_q=0.00138
  SSC-TV-L21 trial 28: mean ARI=0.6686  n=96  154.1s  lambda_e=3.404, lambda_z=0.3716, gamma_p=0.7733, gamma_q=0.006078
  SSC-TV-L21 trial 29: mean ARI=0.6951  n=96  160.1s  lambda_e=0.7267, lambda_z=1.418, gamma_p=0.147, gamma_q=0.002802
  SSC-TV-L21 trial 30: mean ARI=0.7613  n=96  160.1s  lambda_e=0.3671, lambda_z=3.306, gamma_p=3.317, gamma_q=0.01336
  SSC-TV-L21 trial 31: mean ARI=0.7607  n=96  160.3s  lambda_e=0.3933, lambda_z=3.919, gamma_p=2.782, gamma_q=0.01483
  SSC-TV-L21 trial 32: mean ARI=0.7637  n=96  160.3s  lambda_e=0.3883, lambda_z=5.662, gamma_p=2.707, gamma_q=0.001129
  SSC-TV-L21 trial 33: mean ARI=0.7648  n=96  159.8s  lambda_e=0.3345, lambda_z=8.737, gamma_p=3.674, gamma_q=0.001004
  SSC-TV-L21 trial 34: mean ARI=0.7649  n=96  160.6s  lambda_e=0.1596, lambda_z=8.484, gamma_p=2.765, gamma_q=0.001038
  SSC-TV-L21 trial 35: mean ARI=0.7820  n=96  160.1s  lambda_e=0.1457, lambda_z=9.914, gamma_p=8.788, gamma_q=0.003007
  SSC-TV-L21 trial 36: mean ARI=0.7795  n=96  160.2s  lambda_e=0.1519, lambda_z=9.998, gamma_p=7.177, gamma_q=0.002754
  SSC-TV-L21 trial 37: mean ARI=0.7796  n=96  160.2s  lambda_e=0.169, lambda_z=9.551, gamma_p=8.625, gamma_q=0.003033
  SSC-TV-L21 trial 38: mean ARI=0.7734  n=96  159.6s  lambda_e=0.1624, lambda_z=2.679, gamma_p=7.811, gamma_q=0.003303
  SSC-TV-L21 trial 39: mean ARI=0.7740  n=96  158.8s  lambda_e=0.06506, lambda_z=2.576, gamma_p=8.875, gamma_q=0.00402
  best mean ARI=0.7820  tune 6254.2s  lambda_e=0.1457, lambda_z=9.914, gamma_p=8.788, gamma_q=0.003007
  wrote /nfs/turbo/umms-minjilab/lpullela/surveillance_dataset/split_k5_hetero_trials40_params.json

============================================================
--- tune TKSS over 96 train mats ---
  TKSS trial 0: mean ARI=0.6174  n=96  50.6s  d=5, lam=1, s=2
  TKSS trial 1: mean ARI=0.6089  n=96  57.2s  d=9, lam=1.398, s=4
  TKSS trial 2: mean ARI=0.6081  n=96  54.8s  d=9, lam=0.1866, s=4
  TKSS trial 3: mean ARI=0.6023  n=96  65.9s  d=7, lam=4.735, s=6
  TKSS trial 4: mean ARI=0.6102  n=96  58.3s  d=6, lam=2.372, s=4
  TKSS trial 5: mean ARI=0.6109  n=96  38.0s  d=9, lam=5.981, s=1
  TKSS trial 6: mean ARI=0.6157  n=96  54.5s  d=2, lam=0.0115, s=5
  TKSS trial 7: mean ARI=0.6009  n=96  68.8s  d=12, lam=4.074, s=6
  TKSS trial 8: mean ARI=0.6037  n=96  64.0s  d=12, lam=0.2423, s=5
  TKSS trial 9: mean ARI=0.6188  n=96  62.4s  d=2, lam=0.8313, s=1
  TKSS trial 10: mean ARI=0.6123  n=96  35.8s  d=15, lam=0.01463, s=2
  TKSS trial 11: mean ARI=0.6774  n=96  124.5s  d=1, lam=0.5626, s=2
  TKSS trial 12: mean ARI=0.6569  n=96  108.1s  d=1, lam=0.3474, s=1
  TKSS trial 13: mean ARI=0.6643  n=96  105.4s  d=1, lam=0.2009, s=2
  TKSS trial 14: mean ARI=0.6160  n=96  43.3s  d=4, lam=0.06854, s=2
  TKSS trial 15: mean ARI=0.6160  n=96  44.2s  d=3, lam=0.05946, s=3
  TKSS trial 16: mean ARI=0.6626  n=96  105.1s  d=1, lam=0.08226, s=3
  TKSS trial 17: mean ARI=0.6159  n=96  57.2s  d=4, lam=0.5728, s=3
  TKSS trial 18: mean ARI=0.6586  n=96  105.3s  d=1, lam=0.1227, s=2
  TKSS trial 19: mean ARI=0.6166  n=96  44.8s  d=3, lam=0.03036, s=3
  TKSS trial 20: mean ARI=0.6173  n=96  46.1s  d=6, lam=0.4994, s=2
  TKSS trial 21: mean ARI=0.6658  n=96  103.8s  d=1, lam=0.1126, s=3
  TKSS trial 22: mean ARI=0.6176  n=96  53.7s  d=3, lam=0.1727, s=3
  TKSS trial 23: mean ARI=0.6389  n=96  92.5s  d=1, lam=0.03439, s=2
  TKSS trial 24: mean ARI=0.6182  n=96  56.6s  d=2, lam=0.428, s=1
  TKSS trial 25: mean ARI=0.6147  n=96  44.4s  d=4, lam=0.1172, s=3
  TKSS trial 26: mean ARI=0.6192  n=96  62.3s  d=2, lam=0.2499, s=2
  TKSS trial 27: mean ARI=0.6583  n=96  103.7s  d=1, lam=0.03927, s=4
  TKSS trial 28: mean ARI=0.6194  n=96  52.2s  d=3, lam=2.266, s=1
  TKSS trial 29: mean ARI=0.6175  n=96  50.8s  d=4, lam=1.111, s=2
  TKSS trial 30: mean ARI=0.6124  n=96  54.8s  d=6, lam=0.6882, s=3
  TKSS trial 31: mean ARI=0.6613  n=96  107.2s  d=1, lam=0.1017, s=3
  TKSS trial 32: mean ARI=0.6201  n=96  57.1s  d=2, lam=0.06271, s=4
  TKSS trial 33: mean ARI=0.6677  n=96  110.1s  d=1, lam=0.2762, s=2
  TKSS trial 34: mean ARI=0.6184  n=96  65.0s  d=2, lam=0.3187, s=2
  TKSS trial 35: mean ARI=0.6154  n=96  41.8s  d=5, lam=0.1916, s=2
  TKSS trial 36: mean ARI=0.6192  n=96  51.3s  d=3, lam=1.239, s=1
  TKSS trial 37: mean ARI=0.6155  n=96  63.1s  d=5, lam=1.956, s=3
  TKSS trial 38: mean ARI=0.6629  n=96  107.5s  d=1, lam=0.1557, s=2
  TKSS trial 39: mean ARI=0.6159  n=96  104.5s  d=2, lam=0.2738, s=5
  best mean ARI=0.6774  tune 2776.7s  d=1, lam=0.5626, s=2
  wrote /nfs/turbo/umms-minjilab/lpullela/surveillance_dataset/split_k5_hetero_trials40_params.json

=== P1E_S1_C1 train[0] k=5  dim=9216  frames=191  σ=mixed ===
  OSC: ACC=0.8691  NMI=0.8313  ARI=0.7224  4.5s
  SSC-TV-L21: ACC=0.8691  NMI=0.8075  ARI=0.7083  2.1s
  TKSS: ACC=0.8377  NMI=0.7813  ARI=0.6691  1.7s
  BDOSC: ACC=0.7277  NMI=0.7382  ARI=0.6141  3.4s

=== P1E_S1_C1 train[1] k=5  dim=9216  frames=145  σ=mixed ===
  OSC: ACC=0.8138  NMI=0.8701  ARI=0.7797  3.1s
  SSC-TV-L21: ACC=0.8897  NMI=0.8896  ARI=0.8340  1.4s
  TKSS: ACC=0.7310  NMI=0.7140  ARI=0.5870  0.8s
  BDOSC: ACC=0.7379  NMI=0.7455  ARI=0.6295  1.9s

=== P1E_S1_C1 train[2] k=5  dim=9216  frames=169  σ=mixed ===
  OSC: ACC=0.4970  NMI=0.6316  ARI=0.3680  3.8s
  SSC-TV-L21: ACC=0.6213  NMI=0.7530  ARI=0.5455  1.7s
  TKSS: ACC=0.6036  NMI=0.7033  ARI=0.5116  1.1s
  BDOSC: ACC=0.5621  NMI=0.6496  ARI=0.4545  2.4s

=== P1E_S1_C1 train[3] k=5  dim=9216  frames=133  σ=mixed ===
  OSC: ACC=0.5489  NMI=0.7020  ARI=0.4987  2.9s
  SSC-TV-L21: ACC=0.8195  NMI=0.8686  ARI=0.8483  1.4s
  TKSS: ACC=0.6842  NMI=0.7379  ARI=0.6048  0.4s
  BDOSC: ACC=0.6316  NMI=0.7099  ARI=0.5634  1.7s

=== P1E_S1_C2 train[0] k=5  dim=9216  frames=149  σ=mixed ===
  OSC: ACC=0.8456  NMI=0.8789  ARI=0.8617  3.3s
  SSC-TV-L21: ACC=0.7987  NMI=0.8359  ARI=0.7627  1.5s
  TKSS: ACC=0.7383  NMI=0.7534  ARI=0.6488  0.9s
  BDOSC: ACC=0.5839  NMI=0.6553  ARI=0.4858  2.1s

=== P1E_S1_C2 train[1] k=5  dim=9216  frames=106  σ=mixed ===
  OSC: ACC=0.9906  NMI=0.9766  ARI=0.9867  2.3s
  SSC-TV-L21: ACC=0.9340  NMI=0.8877  ARI=0.8447  1.0s
  TKSS: ACC=0.7075  NMI=0.7999  ARI=0.6328  0.6s
  BDOSC: ACC=0.8019  NMI=0.7588  ARI=0.6210  1.2s

=== P1E_S1_C2 train[2] k=5  dim=9216  frames=194  σ=mixed ===
  OSC: ACC=0.6649  NMI=0.6988  ARI=0.5191  4.5s
  SSC-TV-L21: ACC=0.8918  NMI=0.8379  ARI=0.7746  2.2s
  TKSS: ACC=0.8454  NMI=0.7838  ARI=0.6920  1.4s
  BDOSC: ACC=0.6753  NMI=0.6930  ARI=0.5289  3.2s

=== P1E_S1_C2 train[3] k=5  dim=9216  frames=133  σ=mixed ===
  OSC: ACC=0.9699  NMI=0.9338  ARI=0.9371  2.8s
  SSC-TV-L21: ACC=0.9398  NMI=0.9028  ARI=0.8852  1.3s
  TKSS: ACC=0.7519  NMI=0.7183  ARI=0.5940  0.7s
  BDOSC: ACC=0.8045  NMI=0.7881  ARI=0.6342  1.7s

=== P1E_S1_C3 train[0] k=5  dim=9216  frames=98  σ=mixed ===
  OSC: ACC=0.9592  NMI=0.9186  ARI=0.9076  2.1s
  SSC-TV-L21: ACC=0.9082  NMI=0.8225  ARI=0.7908  0.9s
  TKSS: ACC=0.8673  NMI=0.7768  ARI=0.7089  0.4s
  BDOSC: ACC=0.8673  NMI=0.8075  ARI=0.7133  1.0s

=== P1E_S1_C3 train[1] k=5  dim=9216  frames=93  σ=mixed ===
  OSC: ACC=0.9785  NMI=0.9546  ARI=0.9423  2.0s
  SSC-TV-L21: ACC=0.9785  NMI=0.9546  ARI=0.9423  0.9s
  TKSS: ACC=0.8065  NMI=0.7665  ARI=0.6795  0.5s
  BDOSC: ACC=0.6344  NMI=0.7224  ARI=0.5396  1.0s

=== P1E_S1_C3 train[2] k=5  dim=9216  frames=68  σ=mixed ===
  OSC: ACC=0.7647  NMI=0.7780  ARI=0.6372  1.3s
  SSC-TV-L21: ACC=0.7794  NMI=0.7039  ARI=0.5566  0.6s
  TKSS: ACC=0.8235  NMI=0.7526  ARI=0.6530  0.1s
  BDOSC: ACC=0.8529  NMI=0.8300  ARI=0.7295  0.6s

=== P1E_S1_C3 train[3] k=5  dim=9216  frames=87  σ=mixed ===
  OSC: ACC=0.9425  NMI=0.8974  ARI=0.8712  1.8s
  SSC-TV-L21: ACC=0.9425  NMI=0.8839  ARI=0.8567  0.8s
  TKSS: ACC=0.9080  NMI=0.8309  ARI=0.7893  0.2s
  BDOSC: ACC=0.9195  NMI=0.8373  ARI=0.7976  0.9s

=== P1E_S2_C1 train[0] k=5  dim=9216  frames=192  σ=mixed ===
  OSC: ACC=0.8854  NMI=0.8379  ARI=0.7541  4.3s
  SSC-TV-L21: ACC=0.9062  NMI=0.8938  ARI=0.8101  2.0s
  TKSS: ACC=0.7396  NMI=0.6344  ARI=0.4451  2.2s
  BDOSC: ACC=0.8958  NMI=0.8377  ARI=0.7727  3.1s

=== P1E_S2_C1 train[1] k=5  dim=9216  frames=177  σ=mixed ===
  OSC: ACC=0.8418  NMI=0.8989  ARI=0.8433  3.9s
  SSC-TV-L21: ACC=0.8192  NMI=0.8950  ARI=0.8327  1.9s
  TKSS: ACC=0.8192  NMI=0.8102  ARI=0.7197  1.7s
  BDOSC: ACC=0.7401  NMI=0.7554  ARI=0.6874  2.7s

=== P1E_S2_C1 train[2] k=5  dim=9216  frames=171  σ=mixed ===
  OSC: ACC=0.6140  NMI=0.7193  ARI=0.4748  3.9s
  SSC-TV-L21: ACC=0.6959  NMI=0.7874  ARI=0.6360  1.9s
  TKSS: ACC=0.6082  NMI=0.6223  ARI=0.4136  1.2s
  BDOSC: ACC=0.7836  NMI=0.7948  ARI=0.6941  2.7s

=== P1E_S2_C1 train[3] k=5  dim=9216  frames=146  σ=mixed ===
  OSC: ACC=0.7808  NMI=0.8780  ARI=0.7775  3.2s
  SSC-TV-L21: ACC=0.7397  NMI=0.8564  ARI=0.6900  1.4s
  TKSS: ACC=0.7945  NMI=0.7410  ARI=0.5883  0.7s
  BDOSC: ACC=0.7671  NMI=0.7701  ARI=0.6457  2.0s

=== P1E_S2_C2 train[0] k=5  dim=9216  frames=151  σ=mixed ===
  OSC: ACC=0.9205  NMI=0.8658  ARI=0.7865  3.3s
  SSC-TV-L21: ACC=0.7550  NMI=0.7612  ARI=0.6421  1.5s
  TKSS: ACC=0.7020  NMI=0.7501  ARI=0.6248  0.2s
  BDOSC: ACC=0.7550  NMI=0.8001  ARI=0.7154  2.1s

=== P1E_S2_C2 train[1] k=5  dim=9216  frames=148  σ=mixed ===
  OSC: ACC=0.9797  NMI=0.9511  ARI=0.9631  2.9s
  SSC-TV-L21: ACC=0.7973  NMI=0.8748  ARI=0.7645  1.4s
  TKSS: ACC=0.7297  NMI=0.7452  ARI=0.6674  1.8s
  BDOSC: ACC=0.8243  NMI=0.7233  ARI=0.6496  2.0s

=== P1E_S2_C2 train[2] k=5  dim=9216  frames=165  σ=mixed ===
  OSC: ACC=0.9879  NMI=0.9728  ARI=0.9775  3.6s
  SSC-TV-L21: ACC=0.9273  NMI=0.8655  ARI=0.8395  1.7s
  TKSS: ACC=0.8727  NMI=0.8130  ARI=0.7476  0.6s
  BDOSC: ACC=0.7879  NMI=0.7230  ARI=0.5812  2.4s

=== P1E_S2_C2 train[3] k=5  dim=9216  frames=172  σ=mixed ===
  OSC: ACC=0.6628  NMI=0.7599  ARI=0.6195  3.9s
  SSC-TV-L21: ACC=0.6512  NMI=0.7653  ARI=0.5810  1.8s
  TKSS: ACC=0.8140  NMI=0.7663  ARI=0.6598  1.1s
  BDOSC: ACC=0.6977  NMI=0.7097  ARI=0.6147  2.6s

=== P1E_S2_C3 train[0] k=5  dim=9216  frames=132  σ=mixed ===
  OSC: ACC=0.8106  NMI=0.8411  ARI=0.7359  2.9s
  SSC-TV-L21: ACC=0.8409  NMI=0.8391  ARI=0.7304  1.3s
  TKSS: ACC=0.8788  NMI=0.8690  ARI=0.7767  0.6s
  BDOSC: ACC=0.8485  NMI=0.8019  ARI=0.7041  1.7s

=== P1E_S2_C3 train[1] k=5  dim=9216  frames=148  σ=mixed ===
  OSC: ACC=1.0000  NMI=1.0000  ARI=1.0000  3.1s
  SSC-TV-L21: ACC=1.0000  NMI=1.0000  ARI=1.0000  1.4s
  TKSS: ACC=0.9662  NMI=0.9174  ARI=0.9135  1.0s
  BDOSC: ACC=0.9122  NMI=0.8320  ARI=0.7836  2.0s

=== P1E_S2_C3 train[2] k=5  dim=9216  frames=132  σ=mixed ===
  OSC: ACC=0.8485  NMI=0.8566  ARI=0.7813  2.9s
  SSC-TV-L21: ACC=0.8788  NMI=0.8336  ARI=0.7230  1.3s
  TKSS: ACC=0.7273  NMI=0.6809  ARI=0.5335  0.3s
  BDOSC: ACC=0.6970  NMI=0.6604  ARI=0.4865  1.6s

=== P1E_S2_C3 train[3] k=5  dim=9216  frames=153  σ=mixed ===
  OSC: ACC=0.7516  NMI=0.8452  ARI=0.7280  3.3s
  SSC-TV-L21: ACC=0.9673  NMI=0.9292  ARI=0.9229  1.5s
  TKSS: ACC=0.8889  NMI=0.8160  ARI=0.7686  1.4s
  BDOSC: ACC=0.6601  NMI=0.6756  ARI=0.5057  2.2s

=== P1E_S3_C1 train[0] k=5  dim=9216  frames=195  σ=mixed ===
  OSC: ACC=0.7282  NMI=0.7879  ARI=0.6462  4.7s
  SSC-TV-L21: ACC=0.6821  NMI=0.6767  ARI=0.4706  2.3s
  TKSS: ACC=0.7538  NMI=0.6801  ARI=0.5190  2.3s
  BDOSC: ACC=0.6359  NMI=0.6185  ARI=0.4102  3.4s

=== P1E_S3_C1 train[1] k=5  dim=9216  frames=194  σ=mixed ===
  OSC: ACC=0.9124  NMI=0.9069  ARI=0.8546  4.6s
  SSC-TV-L21: ACC=0.9330  NMI=0.9178  ARI=0.8801  2.2s
  TKSS: ACC=0.9536  NMI=0.9216  ARI=0.9058  1.9s
  BDOSC: ACC=0.9381  NMI=0.8809  ARI=0.8682  3.2s

=== P1E_S3_C1 train[2] k=5  dim=9216  frames=134  σ=mixed ===
  OSC: ACC=0.6642  NMI=0.7619  ARI=0.5771  2.8s
  SSC-TV-L21: ACC=0.6642  NMI=0.7619  ARI=0.5771  1.3s
  TKSS: ACC=0.5970  NMI=0.6462  ARI=0.4797  0.6s
  BDOSC: ACC=0.5075  NMI=0.5422  ARI=0.2968  1.7s

=== P1E_S3_C1 train[3] k=5  dim=9216  frames=180  σ=mixed ===
  OSC: ACC=0.8444  NMI=0.8938  ARI=0.8769  3.9s
  SSC-TV-L21: ACC=0.7278  NMI=0.7899  ARI=0.6469  1.9s
  TKSS: ACC=0.6611  NMI=0.6522  ARI=0.4946  2.0s
  BDOSC: ACC=0.8167  NMI=0.8669  ARI=0.7715  2.8s

=== P1E_S3_C2 train[0] k=5  dim=9216  frames=137  σ=mixed ===
  OSC: ACC=0.8248  NMI=0.8573  ARI=0.7730  3.0s
  SSC-TV-L21: ACC=0.7518  NMI=0.8609  ARI=0.7578  1.4s
  TKSS: ACC=0.7810  NMI=0.7723  ARI=0.6853  0.6s
  BDOSC: ACC=0.7518  NMI=0.7429  ARI=0.6317  1.8s

=== P1E_S3_C2 train[1] k=5  dim=9216  frames=181  σ=mixed ===
  OSC: ACC=0.8840  NMI=0.8266  ARI=0.7944  4.1s
  SSC-TV-L21: ACC=0.7017  NMI=0.7656  ARI=0.5741  1.9s
  TKSS: ACC=0.7293  NMI=0.6648  ARI=0.5272  4.4s
  BDOSC: ACC=0.7901  NMI=0.6861  ARI=0.5757  2.9s

=== P1E_S3_C2 train[2] k=5  dim=9216  frames=202  σ=mixed ===
  OSC: ACC=0.8168  NMI=0.8748  ARI=0.7641  4.8s
  SSC-TV-L21: ACC=0.7871  NMI=0.8478  ARI=0.7583  2.3s
  TKSS: ACC=0.8069  NMI=0.7662  ARI=0.6129  2.6s
  BDOSC: ACC=0.8119  NMI=0.8213  ARI=0.7432  3.5s

=== P1E_S3_C2 train[3] k=5  dim=9216  frames=179  σ=mixed ===
  OSC: ACC=0.6313  NMI=0.7229  ARI=0.4929  4.2s
  SSC-TV-L21: ACC=0.7207  NMI=0.7671  ARI=0.6090  2.0s
  TKSS: ACC=0.7095  NMI=0.7725  ARI=0.6545  1.3s
  BDOSC: ACC=0.7430  NMI=0.7100  ARI=0.5575  2.8s

=== P1E_S3_C3 train[0] k=5  dim=9216  frames=158  σ=mixed ===
  OSC: ACC=0.9810  NMI=0.9593  ARI=0.9507  3.5s
  SSC-TV-L21: ACC=0.9873  NMI=0.9697  ARI=0.9666  1.6s
  TKSS: ACC=0.9810  NMI=0.9519  ARI=0.9503  0.9s
  BDOSC: ACC=0.9430  NMI=0.8884  ARI=0.8772  2.3s

=== P1E_S3_C3 train[1] k=5  dim=9216  frames=122  σ=mixed ===
  OSC: ACC=1.0000  NMI=1.0000  ARI=1.0000  2.5s
  SSC-TV-L21: ACC=0.9918  NMI=0.9785  ARI=0.9845  1.2s
  TKSS: ACC=0.8770  NMI=0.8701  ARI=0.7976  0.6s
  BDOSC: ACC=0.7131  NMI=0.7707  ARI=0.5909  1.4s

=== P1E_S3_C3 train[2] k=5  dim=9216  frames=157  σ=mixed ===
  OSC: ACC=0.7197  NMI=0.8140  ARI=0.6413  3.4s
  SSC-TV-L21: ACC=0.6624  NMI=0.7830  ARI=0.6110  1.6s
  TKSS: ACC=0.7643  NMI=0.7613  ARI=0.6335  1.1s
  BDOSC: ACC=0.7643  NMI=0.6930  ARI=0.5405  2.2s

=== P1E_S3_C3 train[3] k=5  dim=9216  frames=167  σ=mixed ===
  OSC: ACC=0.7485  NMI=0.8712  ARI=0.7409  3.9s
  SSC-TV-L21: ACC=0.7605  NMI=0.8489  ARI=0.7350  1.8s
  TKSS: ACC=0.7725  NMI=0.7314  ARI=0.6118  2.5s
  BDOSC: ACC=0.8563  NMI=0.7871  ARI=0.6785  2.5s

=== P1E_S4_C1 train[0] k=5  dim=9216  frames=164  σ=mixed ===
  OSC: ACC=0.8780  NMI=0.8702  ARI=0.8463  3.6s
  SSC-TV-L21: ACC=0.8232  NMI=0.8209  ARI=0.7501  1.7s
  TKSS: ACC=0.7195  NMI=0.6295  ARI=0.4867  2.1s
  BDOSC: ACC=0.5427  NMI=0.6522  ARI=0.4386  2.4s

=== P1E_S4_C1 train[1] k=5  dim=9216  frames=159  σ=mixed ===
  OSC: ACC=0.7987  NMI=0.8651  ARI=0.7683  3.5s
  SSC-TV-L21: ACC=0.7987  NMI=0.8651  ARI=0.7683  1.7s
  TKSS: ACC=0.6352  NMI=0.6214  ARI=0.4266  1.7s
  BDOSC: ACC=0.7484  NMI=0.7637  ARI=0.6530  2.3s

=== P1E_S4_C1 train[2] k=5  dim=9216  frames=182  σ=mixed ===
  OSC: ACC=0.6264  NMI=0.7214  ARI=0.5002  4.1s
  SSC-TV-L21: ACC=0.9066  NMI=0.8838  ARI=0.8338  1.9s
  TKSS: ACC=0.7692  NMI=0.7201  ARI=0.6050  1.0s
  BDOSC: ACC=0.7088  NMI=0.7583  ARI=0.6245  2.9s

=== P1E_S4_C1 train[3] k=5  dim=9216  frames=196  σ=mixed ===
  OSC: ACC=0.6224  NMI=0.7623  ARI=0.5713  4.6s
  SSC-TV-L21: ACC=0.6122  NMI=0.7577  ARI=0.5604  2.3s
  TKSS: ACC=0.7857  NMI=0.6810  ARI=0.5625  2.0s
  BDOSC: ACC=0.7092  NMI=0.6769  ARI=0.5132  3.3s

=== P1E_S4_C2 train[0] k=5  dim=9216  frames=170  σ=mixed ===
  OSC: ACC=0.9529  NMI=0.9162  ARI=0.8929  3.9s
  SSC-TV-L21: ACC=0.9353  NMI=0.9004  ARI=0.8583  1.8s
  TKSS: ACC=0.9176  NMI=0.8533  ARI=0.8075  1.3s
  BDOSC: ACC=0.7824  NMI=0.7297  ARI=0.5821  2.5s

=== P1E_S4_C2 train[1] k=5  dim=9216  frames=121  σ=mixed ===
  OSC: ACC=0.9339  NMI=0.8787  ARI=0.8094  2.4s
  SSC-TV-L21: ACC=0.8926  NMI=0.8446  ARI=0.7902  1.2s
  TKSS: ACC=0.6612  NMI=0.7081  ARI=0.5662  0.3s
  BDOSC: ACC=0.6612  NMI=0.7202  ARI=0.5564  1.4s

=== P1E_S4_C2 train[2] k=5  dim=9216  frames=182  σ=mixed ===
  OSC: ACC=0.9176  NMI=0.8953  ARI=0.8157  4.1s
  SSC-TV-L21: ACC=0.9780  NMI=0.9567  ARI=0.9520  2.0s
  TKSS: ACC=0.8626  NMI=0.7799  ARI=0.6999  1.0s
  BDOSC: ACC=0.6484  NMI=0.6339  ARI=0.4363  2.9s

=== P1E_S4_C2 train[3] k=5  dim=9216  frames=155  σ=mixed ===
  OSC: ACC=0.7419  NMI=0.8765  ARI=0.7597  3.5s
  SSC-TV-L21: ACC=0.7290  NMI=0.8464  ARI=0.7305  1.6s
  TKSS: ACC=0.7161  NMI=0.7670  ARI=0.6715  1.1s
  BDOSC: ACC=0.6129  NMI=0.6580  ARI=0.4813  2.2s

=== P1E_S4_C3 train[0] k=5  dim=9216  frames=132  σ=mixed ===
  OSC: ACC=0.9848  NMI=0.9646  ARI=0.9579  2.9s
  SSC-TV-L21: ACC=0.9318  NMI=0.8674  ARI=0.8320  1.3s
  TKSS: ACC=0.9242  NMI=0.8811  ARI=0.8244  0.6s
  BDOSC: ACC=0.8182  NMI=0.7529  ARI=0.6400  1.7s

=== P1E_S4_C3 train[1] k=5  dim=9216  frames=138  σ=mixed ===
  OSC: ACC=0.9493  NMI=0.9248  ARI=0.8876  3.0s
  SSC-TV-L21: ACC=0.9855  NMI=0.9671  ARI=0.9639  1.4s
  TKSS: ACC=0.9638  NMI=0.9271  ARI=0.9121  0.6s
  BDOSC: ACC=0.9493  NMI=0.8951  ARI=0.8796  1.7s

=== P1E_S4_C3 train[2] k=5  dim=9216  frames=147  σ=mixed ===
  OSC: ACC=0.9252  NMI=0.8644  ARI=0.8260  3.1s
  SSC-TV-L21: ACC=0.9252  NMI=0.8608  ARI=0.8300  1.5s
  TKSS: ACC=0.9660  NMI=0.9133  ARI=0.9152  0.2s
  BDOSC: ACC=0.6190  NMI=0.6746  ARI=0.5189  2.0s

=== P1E_S4_C3 train[3] k=5  dim=9216  frames=85  σ=mixed ===
  OSC: ACC=0.9529  NMI=0.9275  ARI=0.8938  1.7s
  SSC-TV-L21: ACC=0.9647  NMI=0.9391  ARI=0.9172  0.8s
  TKSS: ACC=0.9176  NMI=0.8731  ARI=0.8166  0.2s
  BDOSC: ACC=0.5529  NMI=0.6316  ARI=0.4169  0.9s

=== P1L_S1_C1 train[0] k=5  dim=9216  frames=157  σ=mixed ===
  OSC: ACC=0.7643  NMI=0.8486  ARI=0.7167  3.4s
  SSC-TV-L21: ACC=0.7134  NMI=0.7513  ARI=0.5507  1.6s
  TKSS: ACC=0.6561  NMI=0.7565  ARI=0.5728  1.1s
  BDOSC: ACC=0.7134  NMI=0.6849  ARI=0.4719  2.2s

=== P1L_S1_C1 train[1] k=5  dim=9216  frames=111  σ=mixed ===
  OSC: ACC=0.8649  NMI=0.8865  ARI=0.8027  2.4s
  SSC-TV-L21: ACC=0.9009  NMI=0.8774  ARI=0.8176  1.1s
  TKSS: ACC=0.8378  NMI=0.8602  ARI=0.7721  0.6s
  BDOSC: ACC=0.9099  NMI=0.8634  ARI=0.8210  1.3s

=== P1L_S1_C1 train[2] k=5  dim=9216  frames=142  σ=mixed ===
  OSC: ACC=0.9014  NMI=0.8799  ARI=0.7690  3.2s
  SSC-TV-L21: ACC=1.0000  NMI=1.0000  ARI=1.0000  1.4s
  TKSS: ACC=0.7746  NMI=0.7517  ARI=0.6301  0.2s
  BDOSC: ACC=0.8944  NMI=0.8031  ARI=0.7476  1.9s

=== P1L_S1_C1 train[3] k=5  dim=9216  frames=178  σ=mixed ===
  OSC: ACC=1.0000  NMI=1.0000  ARI=1.0000  4.0s
  SSC-TV-L21: ACC=0.9944  NMI=0.9824  ARI=0.9833  1.8s
  TKSS: ACC=0.8146  NMI=0.8192  ARI=0.7541  1.4s
  BDOSC: ACC=0.6292  NMI=0.7120  ARI=0.5392  2.7s

=== P1L_S1_C2 train[0] k=5  dim=9216  frames=243  σ=mixed ===
  OSC: ACC=0.6049  NMI=0.7262  ARI=0.4793  6.5s
  SSC-TV-L21: ACC=0.9835  NMI=0.9589  ARI=0.9614  3.1s
  TKSS: ACC=0.8230  NMI=0.7997  ARI=0.7123  3.3s
  BDOSC: ACC=0.6214  NMI=0.7276  ARI=0.5571  4.9s

=== P1L_S1_C2 train[1] k=5  dim=9216  frames=131  σ=mixed ===
  OSC: ACC=1.0000  NMI=1.0000  ARI=1.0000  2.9s
  SSC-TV-L21: ACC=1.0000  NMI=1.0000  ARI=1.0000  1.3s
  TKSS: ACC=0.8321  NMI=0.7816  ARI=0.7047  0.9s
  BDOSC: ACC=0.9466  NMI=0.8917  ARI=0.8875  1.6s

=== P1L_S1_C2 train[2] k=5  dim=9216  frames=141  σ=mixed ===
  OSC: ACC=0.7943  NMI=0.8763  ARI=0.7611  3.1s
  SSC-TV-L21: ACC=0.7660  NMI=0.8250  ARI=0.7156  1.4s
  TKSS: ACC=0.7305  NMI=0.7587  ARI=0.6443  1.6s
  BDOSC: ACC=0.8865  NMI=0.8031  ARI=0.7145  1.8s

=== P1L_S1_C2 train[3] k=5  dim=9216  frames=184  σ=mixed ===
  OSC: ACC=0.6250  NMI=0.7562  ARI=0.5807  3.8s
  SSC-TV-L21: ACC=0.7120  NMI=0.7667  ARI=0.6551  1.9s
  TKSS: ACC=0.7935  NMI=0.7973  ARI=0.7194  1.2s
  BDOSC: ACC=0.5978  NMI=0.6557  ARI=0.4378  2.8s

=== P1L_S1_C3 train[0] k=5  dim=9216  frames=108  σ=mixed ===
  OSC: ACC=0.6296  NMI=0.7382  ARI=0.4995  2.3s
  SSC-TV-L21: ACC=0.6759  NMI=0.7789  ARI=0.5910  1.1s
  TKSS: ACC=0.9444  NMI=0.9005  ARI=0.8725  0.2s
  BDOSC: ACC=0.9537  NMI=0.8908  ARI=0.8849  1.2s

=== P1L_S1_C3 train[1] k=5  dim=9216  frames=105  σ=mixed ===
  OSC: ACC=0.7619  NMI=0.8232  ARI=0.6918  2.2s
  SSC-TV-L21: ACC=0.8000  NMI=0.8018  ARI=0.6570  1.0s
  TKSS: ACC=0.8857  NMI=0.8645  ARI=0.7654  0.7s
  BDOSC: ACC=0.6476  NMI=0.6848  ARI=0.5348  1.2s

=== P1L_S1_C3 train[2] k=5  dim=9216  frames=113  σ=mixed ===
  OSC: ACC=0.6283  NMI=0.7114  ARI=0.4393  2.4s
  SSC-TV-L21: ACC=0.8053  NMI=0.7940  ARI=0.6423  1.2s
  TKSS: ACC=0.8673  NMI=0.8162  ARI=0.7195  0.5s
  BDOSC: ACC=0.7611  NMI=0.7515  ARI=0.5888  1.3s

=== P1L_S1_C3 train[3] k=5  dim=9216  frames=90  σ=mixed ===
  OSC: ACC=0.7444  NMI=0.8659  ARI=0.7282  1.9s
  SSC-TV-L21: ACC=0.8778  NMI=0.8830  ARI=0.7821  0.9s
  TKSS: ACC=0.7778  NMI=0.7138  ARI=0.5721  0.1s
  BDOSC: ACC=0.8444  NMI=0.7532  ARI=0.6608  0.9s

=== P1L_S2_C1 train[0] k=5  dim=9216  frames=177  σ=mixed ===
  OSC: ACC=0.9492  NMI=0.9072  ARI=0.8819  4.1s
  SSC-TV-L21: ACC=0.9774  NMI=0.9542  ARI=0.9432  1.9s
  TKSS: ACC=0.8644  NMI=0.8071  ARI=0.7366  2.2s
  BDOSC: ACC=0.7062  NMI=0.6860  ARI=0.5109  2.7s

=== P1L_S2_C1 train[1] k=5  dim=9216  frames=191  σ=mixed ===
  OSC: ACC=1.0000  NMI=1.0000  ARI=1.0000  4.3s
  SSC-TV-L21: ACC=0.9791  NMI=0.9535  ARI=0.9408  2.1s
  TKSS: ACC=0.8639  NMI=0.8236  ARI=0.6911  2.2s
  BDOSC: ACC=0.7120  NMI=0.7917  ARI=0.6525  3.1s

=== P1L_S2_C1 train[2] k=5  dim=9216  frames=234  σ=mixed ===
  OSC: ACC=0.7521  NMI=0.8226  ARI=0.7283  6.2s
  SSC-TV-L21: ACC=0.7393  NMI=0.7862  ARI=0.6949  2.9s
  TKSS: ACC=0.7650  NMI=0.6592  ARI=0.5869  4.3s
  BDOSC: ACC=0.7393  NMI=0.6766  ARI=0.5153  4.6s

=== P1L_S2_C1 train[3] k=5  dim=9216  frames=157  σ=mixed ===
  OSC: ACC=0.8408  NMI=0.8180  ARI=0.6345  3.4s
  SSC-TV-L21: ACC=0.7389  NMI=0.8023  ARI=0.6865  1.6s
  TKSS: ACC=0.7325  NMI=0.7037  ARI=0.5454  1.1s
  BDOSC: ACC=0.8790  NMI=0.8145  ARI=0.7827  2.2s

=== P1L_S2_C2 train[0] k=5  dim=9216  frames=220  σ=mixed ===
  OSC: ACC=0.9955  NMI=0.9866  ARI=0.9894  5.1s
  SSC-TV-L21: ACC=0.9955  NMI=0.9866  ARI=0.9894  2.6s
  TKSS: ACC=0.9136  NMI=0.8702  ARI=0.8518  3.4s
  BDOSC: ACC=0.7727  NMI=0.7705  ARI=0.6563  4.1s

=== P1L_S2_C2 train[1] k=5  dim=9216  frames=196  σ=mixed ===
  OSC: ACC=0.8980  NMI=0.8928  ARI=0.8126  4.7s
  SSC-TV-L21: ACC=0.9490  NMI=0.9241  ARI=0.8882  2.3s
  TKSS: ACC=0.9949  NMI=0.9847  ARI=0.9859  2.0s
  BDOSC: ACC=0.8827  NMI=0.8146  ARI=0.7463  3.3s

=== P1L_S2_C2 train[2] k=5  dim=9216  frames=166  σ=mixed ===
  OSC: ACC=0.8313  NMI=0.8285  ARI=0.7756  3.7s
  SSC-TV-L21: ACC=0.8916  NMI=0.8768  ARI=0.8360  1.7s
  TKSS: ACC=0.5602  NMI=0.6895  ARI=0.4869  0.6s
  BDOSC: ACC=0.6265  NMI=0.6675  ARI=0.4813  2.5s

=== P1L_S2_C2 train[3] k=5  dim=9216  frames=208  σ=mixed ===
  OSC: ACC=0.7981  NMI=0.8693  ARI=0.7813  4.8s
  SSC-TV-L21: ACC=0.9231  NMI=0.9062  ARI=0.8875  2.4s
  TKSS: ACC=0.8365  NMI=0.8076  ARI=0.6880  2.5s
  BDOSC: ACC=0.9038  NMI=0.8788  ARI=0.8329  3.7s

=== P1L_S2_C3 train[0] k=5  dim=9216  frames=143  σ=mixed ===
  OSC: ACC=0.8531  NMI=0.8530  ARI=0.6896  3.2s
  SSC-TV-L21: ACC=0.8811  NMI=0.8644  ARI=0.7241  1.5s
  TKSS: ACC=0.8741  NMI=0.8612  ARI=0.7143  2.3s
  BDOSC: ACC=0.8112  NMI=0.7477  ARI=0.6027  1.9s

=== P1L_S2_C3 train[1] k=5  dim=9216  frames=126  σ=mixed ===
  OSC: ACC=1.0000  NMI=1.0000  ARI=1.0000  2.8s
  SSC-TV-L21: ACC=0.9524  NMI=0.9395  ARI=0.9411  1.3s
  TKSS: ACC=0.8492  NMI=0.8349  ARI=0.7532  1.0s
  BDOSC: ACC=0.6746  NMI=0.7187  ARI=0.5379  1.5s

=== P1L_S2_C3 train[2] k=5  dim=9216  frames=115  σ=mixed ===
  OSC: ACC=0.7217  NMI=0.8469  ARI=0.6668  2.3s
  SSC-TV-L21: ACC=0.6870  NMI=0.8437  ARI=0.6513  1.1s
  TKSS: ACC=0.6435  NMI=0.7160  ARI=0.5380  1.1s
  BDOSC: ACC=0.8261  NMI=0.7741  ARI=0.6052  1.3s

=== P1L_S2_C3 train[3] k=5  dim=9216  frames=128  σ=mixed ===
  OSC: ACC=0.6406  NMI=0.7633  ARI=0.5712  2.7s
  SSC-TV-L21: ACC=0.6719  NMI=0.7847  ARI=0.6256  1.3s
  TKSS: ACC=0.7344  NMI=0.8478  ARI=0.7584  0.7s
  BDOSC: ACC=0.6406  NMI=0.6397  ARI=0.4295  1.7s

=== P1L_S3_C1 train[0] k=5  dim=9216  frames=134  σ=mixed ===
  OSC: ACC=0.6940  NMI=0.7489  ARI=0.6189  2.8s
  SSC-TV-L21: ACC=0.7463  NMI=0.8278  ARI=0.7364  1.3s
  TKSS: ACC=0.6045  NMI=0.7227  ARI=0.5173  0.9s
  BDOSC: ACC=0.5522  NMI=0.6844  ARI=0.4891  1.7s

=== P1L_S3_C1 train[1] k=5  dim=9216  frames=156  σ=mixed ===
  OSC: ACC=1.0000  NMI=1.0000  ARI=1.0000  3.5s
  SSC-TV-L21: ACC=1.0000  NMI=1.0000  ARI=1.0000  1.5s
  TKSS: ACC=0.7500  NMI=0.8227  ARI=0.7327  2.5s
  BDOSC: ACC=0.8846  NMI=0.8151  ARI=0.7631  2.3s

=== P1L_S3_C1 train[2] k=5  dim=9216  frames=158  σ=mixed ===
  OSC: ACC=0.7405  NMI=0.7824  ARI=0.6257  3.6s
  SSC-TV-L21: ACC=0.7405  NMI=0.7664  ARI=0.6333  1.7s
  TKSS: ACC=0.6962  NMI=0.6707  ARI=0.5337  0.4s
  BDOSC: ACC=0.6392  NMI=0.6721  ARI=0.5236  2.3s

=== P1L_S3_C1 train[3] k=5  dim=9216  frames=127  σ=mixed ===
  OSC: ACC=0.9055  NMI=0.8814  ARI=0.7858  2.7s
  SSC-TV-L21: ACC=0.9134  NMI=0.8865  ARI=0.7998  1.3s
  TKSS: ACC=0.8819  NMI=0.8113  ARI=0.7317  1.5s
  BDOSC: ACC=0.8504  NMI=0.7629  ARI=0.7093  1.6s

=== P1L_S3_C2 train[0] k=5  dim=9216  frames=239  σ=mixed ===
  OSC: ACC=0.7071  NMI=0.8571  ARI=0.6948  6.4s
  SSC-TV-L21: ACC=0.9958  NMI=0.9878  ARI=0.9918  2.9s
  TKSS: ACC=0.7531  NMI=0.6569  ARI=0.5575  3.6s
  BDOSC: ACC=0.7992  NMI=0.7337  ARI=0.6479  4.9s

=== P1L_S3_C2 train[1] k=5  dim=9216  frames=143  σ=mixed ===
  OSC: ACC=0.7832  NMI=0.8731  ARI=0.7611  3.2s
  SSC-TV-L21: ACC=0.7902  NMI=0.8734  ARI=0.7617  1.5s
  TKSS: ACC=0.9231  NMI=0.9101  ARI=0.8646  1.0s
  BDOSC: ACC=0.7692  NMI=0.7370  ARI=0.6005  1.9s

=== P1L_S3_C2 train[2] k=5  dim=9216  frames=257  σ=mixed ===
  OSC: ACC=0.5331  NMI=0.6340  ARI=0.3713  6.9s
  SSC-TV-L21: ACC=0.9767  NMI=0.9555  ARI=0.9493  3.3s
  TKSS: ACC=0.9650  NMI=0.9296  ARI=0.9209  3.7s
  BDOSC: ACC=0.6420  NMI=0.7003  ARI=0.5359  6.0s

=== P1L_S3_C2 train[3] k=5  dim=9216  frames=187  σ=mixed ===
  OSC: ACC=0.9358  NMI=0.9236  ARI=0.9041  4.3s
  SSC-TV-L21: ACC=0.9358  NMI=0.9236  ARI=0.9041  2.1s
  TKSS: ACC=0.7433  NMI=0.7411  ARI=0.6442  2.4s
  BDOSC: ACC=0.6791  NMI=0.7081  ARI=0.5528  3.1s

=== P1L_S3_C3 train[0] k=5  dim=9216  frames=151  σ=mixed ===
  OSC: ACC=0.8344  NMI=0.8944  ARI=0.8223  3.5s
  SSC-TV-L21: ACC=0.8146  NMI=0.8923  ARI=0.8163  1.6s
  TKSS: ACC=0.7483  NMI=0.6980  ARI=0.5506  1.0s
  BDOSC: ACC=0.7682  NMI=0.8078  ARI=0.7381  2.1s

=== P1L_S3_C3 train[1] k=5  dim=9216  frames=180  σ=mixed ===
  OSC: ACC=1.0000  NMI=1.0000  ARI=1.0000  3.9s
  SSC-TV-L21: ACC=1.0000  NMI=1.0000  ARI=1.0000  1.9s
  TKSS: ACC=0.9389  NMI=0.9048  ARI=0.8677  0.5s
  BDOSC: ACC=0.8167  NMI=0.7803  ARI=0.6581  2.8s

=== P1L_S3_C3 train[2] k=5  dim=9216  frames=139  σ=mixed ===
  OSC: ACC=0.8777  NMI=0.8637  ARI=0.8308  3.1s
  SSC-TV-L21: ACC=0.8633  NMI=0.8413  ARI=0.8072  1.4s
  TKSS: ACC=0.6763  NMI=0.7726  ARI=0.6427  0.8s
  BDOSC: ACC=0.6259  NMI=0.7353  ARI=0.5743  1.8s

=== P1L_S3_C3 train[3] k=5  dim=9216  frames=165  σ=mixed ===
  OSC: ACC=0.5273  NMI=0.7252  ARI=0.4840  3.6s
  SSC-TV-L21: ACC=0.7818  NMI=0.8396  ARI=0.7637  1.7s
  TKSS: ACC=0.6242  NMI=0.6241  ARI=0.4597  2.0s
  BDOSC: ACC=0.7455  NMI=0.7835  ARI=0.6957  2.5s

=== P1L_S4_C1 train[0] k=5  dim=9216  frames=171  σ=mixed ===
  OSC: ACC=0.7895  NMI=0.7809  ARI=0.6566  4.0s
  SSC-TV-L21: ACC=0.6608  NMI=0.7257  ARI=0.4896  1.9s
  TKSS: ACC=0.8129  NMI=0.7744  ARI=0.6786  1.4s
  BDOSC: ACC=0.5906  NMI=0.6947  ARI=0.5046  2.7s

=== P1L_S4_C1 train[1] k=5  dim=9216  frames=169  σ=mixed ===
  OSC: ACC=1.0000  NMI=1.0000  ARI=1.0000  3.6s
  SSC-TV-L21: ACC=1.0000  NMI=1.0000  ARI=1.0000  1.7s
  TKSS: ACC=0.9586  NMI=0.9137  ARI=0.8778  2.8s
  BDOSC: ACC=0.9467  NMI=0.8831  ARI=0.8592  2.5s

=== P1L_S4_C1 train[2] k=5  dim=9216  frames=164  σ=mixed ===
  OSC: ACC=0.7317  NMI=0.7729  ARI=0.6372  3.6s
  SSC-TV-L21: ACC=0.6341  NMI=0.7780  ARI=0.5903  1.7s
  TKSS: ACC=0.7683  NMI=0.7590  ARI=0.6908  1.0s
  BDOSC: ACC=0.5854  NMI=0.6887  ARI=0.5003  2.3s

=== P1L_S4_C1 train[3] k=5  dim=9216  frames=177  σ=mixed ===
  OSC: ACC=0.7288  NMI=0.7443  ARI=0.5537  3.8s
  SSC-TV-L21: ACC=0.7288  NMI=0.7447  ARI=0.5555  1.8s
  TKSS: ACC=0.7571  NMI=0.7552  ARI=0.5821  2.7s
  BDOSC: ACC=0.6893  NMI=0.7044  ARI=0.5571  2.7s

=== P1L_S4_C2 train[0] k=5  dim=9216  frames=154  σ=mixed ===
  OSC: ACC=0.6753  NMI=0.7389  ARI=0.6179  3.4s
  SSC-TV-L21: ACC=0.9610  NMI=0.9211  ARI=0.9238  1.5s
  TKSS: ACC=0.7662  NMI=0.7821  ARI=0.7431  1.2s
  BDOSC: ACC=0.7013  NMI=0.7376  ARI=0.5986  2.1s

=== P1L_S4_C2 train[1] k=5  dim=9216  frames=136  σ=mixed ===
  OSC: ACC=0.7941  NMI=0.8269  ARI=0.6103  3.0s
  SSC-TV-L21: ACC=0.8750  NMI=0.8408  ARI=0.7057  1.3s
  TKSS: ACC=0.6912  NMI=0.7989  ARI=0.6314  0.9s
  BDOSC: ACC=0.8382  NMI=0.7565  ARI=0.6008  1.7s

=== P1L_S4_C2 train[2] k=5  dim=9216  frames=169  σ=mixed ===
  OSC: ACC=0.6627  NMI=0.6962  ARI=0.4754  3.8s
  SSC-TV-L21: ACC=0.7041  NMI=0.7516  ARI=0.6130  1.8s
  TKSS: ACC=0.7515  NMI=0.7819  ARI=0.6672  1.6s
  BDOSC: ACC=0.7337  NMI=0.7453  ARI=0.6153  2.5s

=== P1L_S4_C2 train[3] k=5  dim=9216  frames=195  σ=mixed ===
  OSC: ACC=0.8410  NMI=0.8474  ARI=0.7127  4.6s
  SSC-TV-L21: ACC=0.8410  NMI=0.8474  ARI=0.7127  2.2s
  TKSS: ACC=0.7744  NMI=0.7379  ARI=0.6026  2.0s
  BDOSC: ACC=0.7179  NMI=0.6761  ARI=0.4983  3.4s

=== P1L_S4_C3 train[0] k=5  dim=9216  frames=122  σ=mixed ===
  OSC: ACC=0.8197  NMI=0.8687  ARI=0.7473  2.5s
  SSC-TV-L21: ACC=0.8115  NMI=0.8668  ARI=0.7410  1.2s
  TKSS: ACC=0.7705  NMI=0.8012  ARI=0.6686  1.5s
  BDOSC: ACC=0.7787  NMI=0.7446  ARI=0.6114  1.4s

=== P1L_S4_C3 train[1] k=5  dim=9216  frames=152  σ=mixed ===
  OSC: ACC=1.0000  NMI=1.0000  ARI=1.0000  3.4s
  SSC-TV-L21: ACC=1.0000  NMI=1.0000  ARI=1.0000  1.5s
  TKSS: ACC=0.9868  NMI=0.9682  ARI=0.9651  1.5s
  BDOSC: ACC=0.8618  NMI=0.7604  ARI=0.6594  2.2s

=== P1L_S4_C3 train[2] k=5  dim=9216  frames=130  σ=mixed ===
  OSC: ACC=0.7538  NMI=0.8693  ARI=0.7308  2.8s
  SSC-TV-L21: ACC=0.7462  NMI=0.8691  ARI=0.7300  1.3s
  TKSS: ACC=0.7308  NMI=0.7910  ARI=0.6373  0.9s
  BDOSC: ACC=0.7538  NMI=0.8134  ARI=0.6978  1.6s

=== P1L_S4_C3 train[3] k=5  dim=9216  frames=136  σ=mixed ===
  OSC: ACC=0.8824  NMI=0.8856  ARI=0.7970  3.0s
  SSC-TV-L21: ACC=0.8897  NMI=0.8881  ARI=0.8040  1.3s
  TKSS: ACC=0.8456  NMI=0.7895  ARI=0.6941  0.3s
  BDOSC: ACC=0.9485  NMI=0.9055  ARI=0.8833  1.7s

=== P1E_S1_C1 test[0] k=5  dim=9216  frames=234  σ=mixed ===
  OSC: ACC=0.7650  NMI=0.7714  ARI=0.5970  6.0s
  SSC-TV-L21: ACC=0.9915  NMI=0.9779  ARI=0.9797  2.8s
  TKSS: ACC=0.8462  NMI=0.7640  ARI=0.6633  2.9s
  BDOSC: ACC=0.7393  NMI=0.6724  ARI=0.4933  4.5s

=== P1E_S1_C2 test[0] k=5  dim=9216  frames=120  σ=mixed ===
  OSC: ACC=0.8500  NMI=0.8473  ARI=0.7189  2.6s
  SSC-TV-L21: ACC=0.8083  NMI=0.7617  ARI=0.6397  1.2s
  TKSS: ACC=0.7583  NMI=0.7664  ARI=0.6416  1.2s
  BDOSC: ACC=0.7500  NMI=0.7336  ARI=0.6317  1.4s

=== P1E_S1_C3 test[0] k=5  dim=9216  frames=104  σ=mixed ===
  OSC: ACC=0.9615  NMI=0.9172  ARI=0.8961  2.2s
  SSC-TV-L21: ACC=0.9519  NMI=0.8949  ARI=0.8792  1.0s
  TKSS: ACC=0.8846  NMI=0.8179  ARI=0.7634  0.3s
  BDOSC: ACC=0.7692  NMI=0.7223  ARI=0.5818  1.2s

=== P1E_S2_C1 test[0] k=5  dim=9216  frames=137  σ=mixed ===
  OSC: ACC=0.8102  NMI=0.7902  ARI=0.6412  3.0s
  SSC-TV-L21: ACC=0.8248  NMI=0.7869  ARI=0.6572  1.4s
  TKSS: ACC=0.7883  NMI=0.7406  ARI=0.5866  1.1s
  BDOSC: ACC=0.8686  NMI=0.8090  ARI=0.7230  1.7s

=== P1E_S2_C2 test[0] k=5  dim=9216  frames=179  σ=mixed ===
  OSC: ACC=0.7989  NMI=0.8236  ARI=0.6872  4.1s
  SSC-TV-L21: ACC=0.9385  NMI=0.8869  ARI=0.8488  1.9s
  TKSS: ACC=0.7821  NMI=0.7216  ARI=0.5828  0.7s
  BDOSC: ACC=0.8603  NMI=0.8113  ARI=0.7294  2.7s

=== P1E_S2_C3 test[0] k=5  dim=9216  frames=139  σ=mixed ===
  OSC: ACC=0.9856  NMI=0.9594  ARI=0.9617  3.0s
  SSC-TV-L21: ACC=0.9856  NMI=0.9594  ARI=0.9617  1.4s
  TKSS: ACC=0.8849  NMI=0.8139  ARI=0.7719  0.9s
  BDOSC: ACC=0.7482  NMI=0.7731  ARI=0.6977  1.8s

=== P1E_S3_C1 test[0] k=5  dim=9216  frames=181  σ=mixed ===
  OSC: ACC=0.9006  NMI=0.8661  ARI=0.8167  4.2s
  SSC-TV-L21: ACC=0.9337  NMI=0.9038  ARI=0.8723  2.0s
  TKSS: ACC=0.7127  NMI=0.6260  ARI=0.4800  1.5s
  BDOSC: ACC=0.7514  NMI=0.7477  ARI=0.6130  2.9s

=== P1E_S3_C2 test[0] k=5  dim=9216  frames=153  σ=mixed ===
  OSC: ACC=0.9346  NMI=0.8896  ARI=0.8236  3.4s
  SSC-TV-L21: ACC=0.9346  NMI=0.8896  ARI=0.8236  1.6s
  TKSS: ACC=0.7908  NMI=0.7510  ARI=0.6325  0.9s
  BDOSC: ACC=0.8627  NMI=0.7890  ARI=0.6801  2.2s

=== P1E_S3_C3 test[0] k=5  dim=9216  frames=120  σ=mixed ===
  OSC: ACC=0.9833  NMI=0.9535  ARI=0.9583  2.6s
  SSC-TV-L21: ACC=0.9833  NMI=0.9609  ARI=0.9572  1.2s
  TKSS: ACC=0.8667  NMI=0.8195  ARI=0.7376  0.6s
  BDOSC: ACC=0.8167  NMI=0.7701  ARI=0.6221  1.4s

=== P1E_S4_C1 test[0] k=5  dim=9216  frames=125  σ=mixed ===
  OSC: ACC=0.7760  NMI=0.8285  ARI=0.7006  2.6s
  SSC-TV-L21: ACC=0.8560  NMI=0.8717  ARI=0.7353  1.2s
  TKSS: ACC=0.7920  NMI=0.8343  ARI=0.7091  0.6s
  BDOSC: ACC=0.7920  NMI=0.7854  ARI=0.7316  1.5s

=== P1E_S4_C2 test[0] k=5  dim=9216  frames=163  σ=mixed ===
  OSC: ACC=0.8344  NMI=0.8321  ARI=0.6880  3.6s
  SSC-TV-L21: ACC=0.8589  NMI=0.8399  ARI=0.7109  1.7s
  TKSS: ACC=0.8834  NMI=0.8225  ARI=0.7306  2.2s
  BDOSC: ACC=0.6503  NMI=0.7457  ARI=0.6075  2.4s

=== P1E_S4_C3 test[0] k=5  dim=9216  frames=118  σ=mixed ===
  OSC: ACC=0.8475  NMI=0.8654  ARI=0.7989  2.6s
  SSC-TV-L21: ACC=0.6356  NMI=0.6879  ARI=0.4773  1.2s
  TKSS: ACC=0.7373  NMI=0.7079  ARI=0.5776  0.7s
  BDOSC: ACC=0.6949  NMI=0.7144  ARI=0.5571  1.4s

=== P1L_S1_C1 test[0] k=5  dim=9216  frames=153  σ=mixed ===
  OSC: ACC=0.8301  NMI=0.8390  ARI=0.7463  3.4s
  SSC-TV-L21: ACC=0.6340  NMI=0.7441  ARI=0.5361  1.6s
  TKSS: ACC=0.6078  NMI=0.6704  ARI=0.4744  0.7s
  BDOSC: ACC=0.6667  NMI=0.7523  ARI=0.5583  2.2s

=== P1L_S1_C2 test[0] k=5  dim=9216  frames=188  σ=mixed ===
  OSC: ACC=0.9415  NMI=0.9161  ARI=0.8627  4.3s
  SSC-TV-L21: ACC=0.9415  NMI=0.9161  ARI=0.8627  2.0s
  TKSS: ACC=0.9362  NMI=0.8650  ARI=0.8441  1.5s
  BDOSC: ACC=0.9681  NMI=0.9356  ARI=0.9270  2.9s

=== P1L_S1_C3 test[0] k=5  dim=9216  frames=118  σ=mixed ===
  OSC: ACC=0.9915  NMI=0.9772  ARI=0.9760  2.3s
  SSC-TV-L21: ACC=0.9915  NMI=0.9772  ARI=0.9760  1.1s
  TKSS: ACC=0.9576  NMI=0.9043  ARI=0.8960  0.8s
  BDOSC: ACC=0.7203  NMI=0.7407  ARI=0.5968  1.3s

=== P1L_S2_C1 test[0] k=5  dim=9216  frames=190  σ=mixed ===
  OSC: ACC=0.9632  NMI=0.9499  ARI=0.9605  4.4s
  SSC-TV-L21: ACC=0.7579  NMI=0.7863  ARI=0.6873  2.0s
  TKSS: ACC=0.7737  NMI=0.8288  ARI=0.7364  1.3s
  BDOSC: ACC=0.8632  NMI=0.7874  ARI=0.7358  3.1s

=== P1L_S2_C2 test[0] k=5  dim=9216  frames=127  σ=mixed ===
  OSC: ACC=0.9921  NMI=0.9769  ARI=0.9773  2.8s
  SSC-TV-L21: ACC=0.7480  NMI=0.8449  ARI=0.7755  1.3s
  TKSS: ACC=0.6929  NMI=0.7517  ARI=0.6151  1.1s
  BDOSC: ACC=0.7244  NMI=0.7263  ARI=0.5671  1.5s

=== P1L_S2_C3 test[0] k=5  dim=9216  frames=148  σ=mixed ===
  OSC: ACC=0.9797  NMI=0.9590  ARI=0.9544  3.2s
  SSC-TV-L21: ACC=0.9865  NMI=0.9692  ARI=0.9689  1.5s
  TKSS: ACC=0.9797  NMI=0.9510  ARI=0.9541  1.0s
  BDOSC: ACC=0.9324  NMI=0.8866  ARI=0.8476  2.0s

=== P1L_S3_C1 test[0] k=5  dim=9216  frames=200  σ=mixed ===
  OSC: ACC=0.7650  NMI=0.8621  ARI=0.7080  4.5s
  SSC-TV-L21: ACC=0.9100  NMI=0.8947  ARI=0.8152  2.2s
  TKSS: ACC=0.8900  NMI=0.8154  ARI=0.7385  2.2s
  BDOSC: ACC=0.7900  NMI=0.7321  ARI=0.5771  3.4s

=== P1L_S3_C2 test[0] k=5  dim=9216  frames=201  σ=mixed ===
  OSC: ACC=0.7612  NMI=0.7940  ARI=0.6882  4.7s
  SSC-TV-L21: ACC=0.7562  NMI=0.7918  ARI=0.6832  2.3s
  TKSS: ACC=0.7512  NMI=0.6585  ARI=0.5684  3.7s
  BDOSC: ACC=0.7313  NMI=0.7012  ARI=0.5630  3.4s

=== P1L_S3_C3 test[0] k=5  dim=9216  frames=162  σ=mixed ===
  OSC: ACC=0.8457  NMI=0.8697  ARI=0.7937  3.6s
  SSC-TV-L21: ACC=0.8704  NMI=0.8747  ARI=0.8069  1.7s
  TKSS: ACC=0.8025  NMI=0.7745  ARI=0.6318  1.2s
  BDOSC: ACC=0.8704  NMI=0.7903  ARI=0.7235  2.4s

=== P1L_S4_C1 test[0] k=5  dim=9216  frames=152  σ=mixed ===
  OSC: ACC=1.0000  NMI=1.0000  ARI=1.0000  3.4s
  SSC-TV-L21: ACC=0.7829  NMI=0.8507  ARI=0.7531  1.5s
  TKSS: ACC=0.6974  NMI=0.6935  ARI=0.5677  0.6s
  BDOSC: ACC=0.6645  NMI=0.6466  ARI=0.4457  2.1s

=== P1L_S4_C2 test[0] k=5  dim=9216  frames=241  σ=mixed ===
  OSC: ACC=0.8631  NMI=0.8664  ARI=0.7877  6.2s
  SSC-TV-L21: ACC=0.9917  NMI=0.9786  ARI=0.9816  3.0s
  TKSS: ACC=0.8465  NMI=0.7506  ARI=0.6751  2.7s
  BDOSC: ACC=0.8465  NMI=0.7574  ARI=0.6560  4.9s

=== P1L_S4_C3 test[0] k=5  dim=9216  frames=164  σ=mixed ===
  OSC: ACC=0.9878  NMI=0.9707  ARI=0.9689  3.7s
  SSC-TV-L21: ACC=0.9878  NMI=0.9707  ARI=0.9689  1.7s
  TKSS: ACC=0.9451  NMI=0.8930  ARI=0.8742  1.1s
  BDOSC: ACC=0.9329  NMI=0.8719  ARI=0.8535  2.4s

=== mean over matrices ===
  OSC train σ=mixed: ACC=0.8207  NMI=0.8558  ARI=0.7557  n=96
  SSC-TV-L21 train σ=mixed: ACC=0.8461  NMI=0.8645  ARI=0.7820  n=96
  TKSS train σ=mixed: ACC=0.7954  NMI=0.7810  ARI=0.6774  n=96
  BDOSC train σ=mixed: ACC=0.7530  NMI=0.7480  ARI=0.6220  n=96
  OSC test σ=mixed: ACC=0.8903  NMI=0.8885  ARI=0.8213  n=24
  SSC-TV-L21 test σ=mixed: ACC=0.8776  NMI=0.8758  ARI=0.8066  n=24
  TKSS test σ=mixed: ACC=0.8170  NMI=0.7809  ARI=0.6855  n=24
  BDOSC test σ=mixed: ACC=0.7923  NMI=0.7668  ARI=0.6550  n=24

wrote /nfs/turbo/umms-minjilab/lpullela/surveillance_dataset/split_k5_hetero_trials40.csv
wrote /nfs/turbo/umms-minjilab/lpullela/surveillance_dataset/split_k5_hetero_trials40_params.json
end=Tue Sep  1 05:11:16 EDT 2026
