host=gl3064.arc-ts.umich.edu  python=/home/lpullela/miniconda3/envs/ssc_559/bin/python  start=Tue Sep  1 11:53:01 EDT 2026
Loading P1E_S1_C1
  Y: (9216, 872)  people=25  frames/person=[53, 42, 36, 23, 25, 12, 13, 10, 18, 49, 43, 50, 35, 38, 59, 47, 42, 37, 38, 43, 24, 51, 44, 10, 30]
Loading P1E_S1_C2
  Y: (9216, 702)  people=25  frames/person=[46, 38, 11, 40, 47, 45, 18, 14, 39, 11, 37, 14, 25, 33, 31, 30, 11, 10, 16, 10, 33, 36, 43, 23, 41]
Loading P1E_S1_C3
  Y: (9216, 450)  people=25  frames/person=[15, 22, 16, 16, 17, 13, 14, 19, 14, 25, 26, 12, 21, 18, 22, 16, 13, 19, 16, 15, 8, 15, 30, 20, 28]
Loading P1E_S2_C1
  Y: (9216, 823)  people=25  frames/person=[55, 13, 50, 37, 28, 44, 39, 22, 26, 46, 40, 35, 27, 32, 29, 26, 45, 23, 21, 46, 41, 12, 14, 29, 43]
Loading P1E_S2_C2
  Y: (9216, 815)  people=25  frames/person=[30, 48, 26, 22, 50, 51, 14, 12, 44, 27, 39, 17, 43, 25, 42, 41, 39, 21, 41, 12, 39, 30, 49, 20, 33]
Loading P1E_S2_C3
  Y: (9216, 704)  people=25  frames/person=[14, 36, 28, 32, 25, 37, 31, 36, 20, 23, 42, 12, 28, 20, 15, 33, 32, 32, 32, 29, 32, 34, 38, 19, 24]
Loading P1E_S3_C1
  Y: (9216, 884)  people=25  frames/person=[12, 31, 47, 41, 27, 60, 40, 43, 10, 33, 52, 48, 30, 34, 31, 36, 21, 50, 13, 31, 24, 47, 48, 38, 37]
Loading P1E_S3_C2
  Y: (9216, 852)  people=25  frames/person=[57, 19, 15, 16, 47, 59, 34, 44, 59, 26, 10, 16, 45, 14, 37, 43, 48, 28, 17, 33, 42, 28, 55, 29, 31]
Loading P1E_S3_C3
  Y: (9216, 724)  people=25  frames/person=[21, 34, 24, 21, 37, 47, 17, 37, 55, 18, 31, 37, 31, 22, 17, 39, 35, 12, 30, 28, 19, 41, 35, 11, 25]
Loading P1E_S4_C1
  Y: (9216, 826)  people=25  frames/person=[46, 25, 10, 14, 48, 17, 36, 55, 57, 23, 13, 35, 52, 41, 13, 43, 27, 21, 31, 45, 48, 17, 38, 48, 23]
Loading P1E_S4_C2
  Y: (9216, 791)  people=25  frames/person=[23, 22, 20, 46, 21, 21, 16, 16, 49, 24, 50, 39, 50, 35, 43, 36, 13, 38, 33, 24, 33, 31, 35, 37, 36]
Loading P1E_S4_C3
  Y: (9216, 620)  people=25  frames/person=[28, 29, 22, 29, 24, 14, 31, 21, 33, 11, 37, 19, 17, 21, 25, 12, 25, 41, 12, 29, 26, 31, 31, 29, 23]
Loading P1L_S1_C1
  Y: (9216, 741)  people=25  frames/person=[15, 10, 15, 28, 15, 14, 23, 43, 36, 23, 58, 45, 42, 49, 50, 16, 11, 54, 30, 13, 34, 29, 31, 31, 26]
Loading P1L_S1_C2
  Y: (9216, 887)  people=25  frames/person=[34, 35, 37, 45, 49, 10, 25, 54, 23, 36, 54, 42, 54, 18, 36, 42, 27, 39, 48, 47, 26, 13, 19, 23, 51]
Loading P1L_S1_C3
  Y: (9216, 534)  people=25  frames/person=[23, 29, 20, 26, 19, 25, 22, 12, 28, 25, 20, 25, 23, 18, 21, 17, 15, 26, 12, 21, 18, 18, 30, 18, 23]
Loading P1L_S2_C1
  Y: (9216, 949)  people=25  frames/person=[56, 39, 38, 46, 39, 48, 19, 49, 36, 48, 36, 25, 14, 36, 60, 11, 39, 32, 10, 37, 49, 47, 59, 36, 40]
Loading P1L_S2_C2
  Y: (9216, 917)  people=25  frames/person=[59, 26, 49, 19, 28, 44, 39, 19, 43, 39, 56, 40, 55, 52, 14, 13, 35, 35, 38, 47, 26, 19, 44, 29, 49]
Loading P1L_S2_C3
  Y: (9216, 660)  people=25  frames/person=[13, 36, 29, 23, 14, 26, 30, 36, 50, 21, 34, 40, 34, 16, 35, 32, 35, 24, 16, 29, 13, 16, 13, 19, 26]
Loading P1L_S3_C1
  Y: (9216, 775)  people=25  frames/person=[44, 42, 45, 35, 12, 18, 23, 44, 28, 26, 15, 46, 11, 33, 47, 35, 45, 50, 21, 14, 12, 39, 23, 20, 47]
Loading P1L_S3_C2
  Y: (9216, 1027)  people=25  frames/person=[51, 58, 34, 36, 60, 35, 19, 23, 59, 12, 50, 43, 34, 52, 51, 32, 40, 48, 43, 34, 56, 55, 13, 37, 52]
Loading P1L_S3_C3
  Y: (9216, 797)  people=25  frames/person=[14, 29, 35, 26, 39, 45, 28, 49, 15, 26, 10, 31, 10, 36, 47, 14, 46, 46, 25, 31, 34, 50, 45, 26, 40]
Loading P1L_S4_C1
  Y: (9216, 833)  people=25  frames/person=[50, 46, 21, 31, 28, 45, 31, 31, 37, 39, 15, 57, 30, 18, 10, 32, 47, 25, 53, 20, 17, 29, 45, 25, 51]
Loading P1L_S4_C2
  Y: (9216, 895)  people=25  frames/person=[11, 60, 12, 53, 10, 31, 25, 59, 43, 56, 31, 35, 35, 48, 35, 56, 19, 34, 22, 54, 17, 45, 56, 24, 24]
Loading P1L_S4_C3
  Y: (9216, 704)  people=25  frames/person=[41, 40, 23, 26, 14, 23, 22, 32, 13, 29, 34, 10, 31, 34, 31, 25, 39, 39, 16, 24, 25, 25, 41, 27, 40]
sequences=24  people=25  k=5
sigmas=(0.0,)  n_trials=40
train 0 k=5  people=['0006', '0013', '0014', '0022', '0027']
train 1 k=5  people=['0004', '0009', '0019', '0025', '0026']
train 2 k=5  people=['0001', '0005', '0011', '0023', '0024']
train 3 k=5  people=['0007', '0010', '0015', '0016', '0021']
test    k=5  people=['0003', '0012', '0017', '0018', '0020']
methods=['OSC', 'SSC-TV-L21', 'TKSS', 'BDOSC']  append=False  lda=False  hetero_noise=False  anchor_noise=False  no_tune=False
σ=0.0: train mats=96  test mats=24
pooled train mats for tuning=96

============================================================
BDOSC: skip tuning, fixed lambda_1=0.2, lambda_2=1, gamma_1=0.01, p=1.1, max_iter=50
  wrote /nfs/turbo/umms-minjilab/lpullela/icassp_ssc_tv2/surveillance_dataset/split_k5_clean_trials40_params.json

============================================================
--- tune OSC over 96 train mats ---
  OSC trial 0: mean ARI=0.7551  n=96  476.0s  lambda_1=0.1, lambda_2=0.1
  OSC trial 1: mean ARI=0.7512  n=96  405.5s  lambda_1=0.1568, lambda_2=0.7257
  OSC trial 2: mean ARI=0.7430  n=96  410.4s  lambda_1=0.2577, lambda_2=0.1512
  OSC trial 3: mean ARI=0.7610  n=96  391.4s  lambda_1=0.0495, lambda_2=0.3833
  OSC trial 4: mean ARI=0.7567  n=96  391.2s  lambda_1=0.05628, lambda_2=3.691
  OSC trial 5: mean ARI=0.0059  n=96  389.8s  lambda_1=7.156, lambda_2=0.03418
  OSC trial 6: mean ARI=0.0059  n=96  391.1s  lambda_1=1.469, lambda_2=0.1305
  OSC trial 7: mean ARI=0.7515  n=96  410.6s  lambda_1=0.1871, lambda_2=5.039
  OSC trial 8: mean ARI=0.7664  n=96  413.8s  lambda_1=0.001924, lambda_2=0.002231
  OSC trial 9: mean ARI=0.7652  n=96  407.6s  lambda_1=0.001205, lambda_2=2.14
  OSC trial 10: mean ARI=0.7655  n=96  408.7s  lambda_1=0.001206, lambda_2=0.001369
  OSC trial 11: mean ARI=0.7655  n=96  410.2s  lambda_1=0.001211, lambda_2=0.001203
  OSC trial 12: mean ARI=0.7659  n=96  392.7s  lambda_1=0.007272, lambda_2=0.001053
  OSC trial 13: mean ARI=0.7659  n=96  393.4s  lambda_1=0.00784, lambda_2=0.005676
  OSC trial 14: mean ARI=0.7661  n=96  394.9s  lambda_1=0.01266, lambda_2=0.005457
  OSC trial 15: mean ARI=0.7660  n=96  395.7s  lambda_1=0.008437, lambda_2=0.01136
  OSC trial 16: mean ARI=0.7659  n=96  397.9s  lambda_1=0.01665, lambda_2=0.005321
  OSC trial 17: mean ARI=0.7662  n=96  394.5s  lambda_1=0.003775, lambda_2=0.01694
  OSC trial 18: mean ARI=0.7662  n=96  394.6s  lambda_1=0.00314, lambda_2=0.02409
  OSC trial 19: mean ARI=0.7658  n=96  394.0s  lambda_1=0.004225, lambda_2=0.02331
  OSC trial 20: mean ARI=0.7641  n=96  398.0s  lambda_1=0.0243, lambda_2=0.002602
  OSC trial 21: mean ARI=0.7661  n=96  397.7s  lambda_1=0.003162, lambda_2=0.04018
  OSC trial 22: mean ARI=0.7664  n=96  398.6s  lambda_1=0.003009, lambda_2=0.01022
  OSC trial 23: mean ARI=0.7664  n=96  401.3s  lambda_1=0.002717, lambda_2=0.01155
  OSC trial 24: mean ARI=0.7664  n=96  399.9s  lambda_1=0.002145, lambda_2=0.002705
  OSC trial 25: mean ARI=0.7664  n=96  401.3s  lambda_1=0.001986, lambda_2=0.009919
  OSC trial 26: mean ARI=0.7639  n=96  403.8s  lambda_1=0.0284, lambda_2=0.009213
  OSC trial 27: mean ARI=0.7661  n=96  398.9s  lambda_1=0.00573, lambda_2=0.05832
  OSC trial 28: mean ARI=0.7664  n=96  401.1s  lambda_1=0.00206, lambda_2=0.01234
  OSC trial 29: mean ARI=0.7654  n=96  397.2s  lambda_1=0.004904, lambda_2=0.06561
  OSC trial 30: mean ARI=0.7620  n=96  400.7s  lambda_1=0.01436, lambda_2=0.2535
  OSC trial 31: mean ARI=0.7664  n=96  398.0s  lambda_1=0.002152, lambda_2=0.01052
  OSC trial 32: mean ARI=0.7662  n=96  393.8s  lambda_1=0.001028, lambda_2=0.01542
  OSC trial 33: mean ARI=0.7664  n=96  395.0s  lambda_1=0.002153, lambda_2=0.006149
  OSC trial 34: mean ARI=0.7664  n=96  396.2s  lambda_1=0.002083, lambda_2=0.00344
  OSC trial 35: mean ARI=0.7658  n=96  1177.8s  lambda_1=0.009439, lambda_2=0.03003
  OSC trial 36: mean ARI=0.7578  n=96  392.7s  lambda_1=0.07344, lambda_2=0.07535
  OSC trial 37: mean ARI=0.7265  n=96  410.6s  lambda_1=0.4167, lambda_2=0.008099
  OSC trial 38: mean ARI=0.7639  n=96  417.9s  lambda_1=0.03141, lambda_2=0.01634
  OSC trial 39: mean ARI=0.0059  n=96  415.9s  lambda_1=8.782, lambda_2=0.04391
  best mean ARI=0.7664  tune 16860.7s  lambda_1=0.003009, lambda_2=0.01022
  wrote /nfs/turbo/umms-minjilab/lpullela/icassp_ssc_tv2/surveillance_dataset/split_k5_clean_trials40_params.json

============================================================
--- tune SSC-TV-L21 over 96 train mats ---
  SSC-TV-L21 trial 0: mean ARI=0.6277  n=96  195.6s  lambda_e=1, lambda_z=0.1, gamma_p=0.1, gamma_q=0.1
  SSC-TV-L21 trial 1: mean ARI=0.7504  n=96  192.4s  lambda_e=0.443, lambda_z=0.7257, gamma_p=0.2577, gamma_q=0.1512
  SSC-TV-L21 trial 2: mean ARI=0.6034  n=96  195.2s  lambda_e=0.1866, lambda_z=0.3833, gamma_p=0.05628, gamma_q=3.691
  SSC-TV-L21 trial 3: mean ARI=0.0466  n=96  195.6s  lambda_e=7.78, lambda_z=0.03418, gamma_p=1.469, gamma_q=0.1305
  SSC-TV-L21 trial 4: mean ARI=0.5998  n=96  194.0s  lambda_e=0.506, lambda_z=5.039, gamma_p=0.001924, gamma_q=0.002231
  SSC-TV-L21 trial 5: mean ARI=0.7058  n=96  192.2s  lambda_e=0.0115, lambda_z=2.14, gamma_p=1.296, gamma_q=3.02
  SSC-TV-L21 trial 6: mean ARI=0.7298  n=96  193.4s  lambda_e=8.627, lambda_z=1.573, gamma_p=0.07013, gamma_q=1.325
  SSC-TV-L21 trial 7: mean ARI=0.5294  n=96  190.9s  lambda_e=0.02264, lambda_z=0.3628, gamma_p=0.003745, gamma_q=6.007
  SSC-TV-L21 trial 8: mean ARI=0.1308  n=96  191.4s  lambda_e=0.3677, lambda_z=0.04557, gamma_p=0.01143, gamma_q=1.25
  SSC-TV-L21 trial 9: mean ARI=0.6115  n=96  188.9s  lambda_e=0.2336, lambda_z=0.1878, gamma_p=0.001189, gamma_q=0.2955
  SSC-TV-L21 trial 10: mean ARI=0.0036  n=96  192.3s  lambda_e=0.05584, lambda_z=0.001665, gamma_p=6.473, gamma_q=0.006788
  SSC-TV-L21 trial 11: mean ARI=0.7214  n=96  192.7s  lambda_e=7.044, lambda_z=1.462, gamma_p=0.1154, gamma_q=0.02047
  SSC-TV-L21 trial 12: mean ARI=0.7447  n=96  191.1s  lambda_e=2.118, lambda_z=9.455, gamma_p=0.4364, gamma_q=0.439
  SSC-TV-L21 trial 13: mean ARI=0.7468  n=96  185.9s  lambda_e=2.313, lambda_z=8.19, gamma_p=0.4701, gamma_q=0.385
  SSC-TV-L21 trial 14: mean ARI=0.0025  n=96  185.8s  lambda_e=1.714, lambda_z=0.005487, gamma_p=0.4496, gamma_q=0.04263
  SSC-TV-L21 trial 15: mean ARI=0.6513  n=96  188.2s  lambda_e=0.09713, lambda_z=0.7598, gamma_p=6.902, gamma_q=0.5118
  SSC-TV-L21 trial 16: mean ARI=0.6058  n=96  185.5s  lambda_e=2.704, lambda_z=5.96, gamma_p=0.02026, gamma_q=0.04142
  SSC-TV-L21 trial 17: mean ARI=0.7502  n=96  135.1s  lambda_e=0.7772, lambda_z=3.555, gamma_p=0.3548, gamma_q=0.1359
  SSC-TV-L21 trial 18: mean ARI=0.7399  n=96  192.9s  lambda_e=0.7216, lambda_z=2.837, gamma_p=1.452, gamma_q=0.01126
  SSC-TV-L21 trial 19: mean ARI=0.7498  n=96  178.9s  lambda_e=0.08001, lambda_z=0.646, gamma_p=0.2163, gamma_q=0.1134
  SSC-TV-L21 trial 20: mean ARI=0.7306  n=96  188.0s  lambda_e=0.1784, lambda_z=0.01305, gamma_p=0.01439, gamma_q=0.001544
  SSC-TV-L21 trial 21: mean ARI=0.7500  n=96  173.3s  lambda_e=0.0508, lambda_z=0.6522, gamma_p=0.2072, gamma_q=0.1272
  SSC-TV-L21 trial 22: mean ARI=0.7519  n=96  177.4s  lambda_e=0.03607, lambda_z=0.7801, gamma_p=0.2287, gamma_q=0.1756
  SSC-TV-L21 trial 23: mean ARI=0.3258  n=96  205.0s  lambda_e=0.02391, lambda_z=0.107, gamma_p=0.8378, gamma_q=0.06302
  SSC-TV-L21 trial 24: mean ARI=0.7466  n=96  205.4s  lambda_e=1.006, lambda_z=3.166, gamma_p=0.03828, gamma_q=0.192
  SSC-TV-L21 trial 25: mean ARI=0.6603  n=96  204.6s  lambda_e=0.3393, lambda_z=1.027, gamma_p=3.829, gamma_q=0.8025
  SSC-TV-L21 trial 26: mean ARI=0.7323  n=96  203.4s  lambda_e=0.1139, lambda_z=0.2675, gamma_p=0.1973, gamma_q=0.02134
  SSC-TV-L21 trial 27: mean ARI=0.7432  n=96  202.7s  lambda_e=4.072, lambda_z=3.923, gamma_p=0.03125, gamma_q=0.238
  SSC-TV-L21 trial 28: mean ARI=0.4385  n=96  202.2s  lambda_e=1.211, lambda_z=0.1646, gamma_p=3.014, gamma_q=0.05797
  SSC-TV-L21 trial 29: mean ARI=0.5390  n=96  203.6s  lambda_e=0.6669, lambda_z=0.05886, gamma_p=0.1552, gamma_q=0.02352
  SSC-TV-L21 trial 30: mean ARI=0.7179  n=96  205.3s  lambda_e=0.03061, lambda_z=1.336, gamma_p=0.3564, gamma_q=0.8916
  SSC-TV-L21 trial 31: mean ARI=0.7468  n=96  202.5s  lambda_e=0.01183, lambda_z=0.5646, gamma_p=0.2633, gamma_q=0.1011
  SSC-TV-L21 trial 32: mean ARI=0.7515  n=96  198.3s  lambda_e=0.04501, lambda_z=0.4868, gamma_p=0.09023, gamma_q=0.1774
  SSC-TV-L21 trial 33: mean ARI=0.7139  n=96  206.2s  lambda_e=0.04035, lambda_z=0.3434, gamma_p=0.09735, gamma_q=0.2413
  SSC-TV-L21 trial 34: mean ARI=0.2407  n=96  206.7s  lambda_e=0.01728, lambda_z=0.1028, gamma_p=0.6856, gamma_q=0.1918
  SSC-TV-L21 trial 35: mean ARI=0.7451  n=96  204.9s  lambda_e=0.1721, lambda_z=1.804, gamma_p=0.06315, gamma_q=0.08141
  SSC-TV-L21 trial 36: mean ARI=0.6677  n=96  203.9s  lambda_e=0.293, lambda_z=1.06, gamma_p=0.7704, gamma_q=0.6355
  SSC-TV-L21 trial 37: mean ARI=0.7439  n=96  680.4s  lambda_e=0.4763, lambda_z=2.374, gamma_p=0.1215, gamma_q=1.572
  SSC-TV-L21 trial 38: mean ARI=0.7617  n=96  202.9s  lambda_e=0.1331, lambda_z=0.2261, gamma_p=0.04257, gamma_q=0.03141
  SSC-TV-L21 trial 39: mean ARI=0.7324  n=96  202.5s  lambda_e=0.1333, lambda_z=0.2099, gamma_p=0.005245, gamma_q=0.005253
  best mean ARI=0.7617  tune 8237.6s  lambda_e=0.1331, lambda_z=0.2261, gamma_p=0.04257, gamma_q=0.03141
  wrote /nfs/turbo/umms-minjilab/lpullela/icassp_ssc_tv2/surveillance_dataset/split_k5_clean_trials40_params.json

============================================================
--- tune TKSS over 96 train mats ---
  TKSS trial 0: mean ARI=0.6034  n=96  94.4s  d=5, lam=1, s=2
  TKSS trial 1: mean ARI=0.5925  n=96  105.0s  d=9, lam=1.398, s=4
  TKSS trial 2: mean ARI=0.6003  n=96  73.7s  d=9, lam=0.1866, s=4
  TKSS trial 3: mean ARI=0.5854  n=96  123.5s  d=7, lam=4.735, s=6
  TKSS trial 4: mean ARI=0.5906  n=96  124.4s  d=6, lam=2.372, s=4
  TKSS trial 5: mean ARI=0.6094  n=96  54.6s  d=9, lam=5.981, s=1
  TKSS trial 6: mean ARI=0.5866  n=96  145.9s  d=2, lam=0.0115, s=5
  TKSS trial 7: mean ARI=0.5903  n=96  336.6s  d=12, lam=4.074, s=6
  TKSS trial 8: mean ARI=0.5989  n=96  94.3s  d=12, lam=0.2423, s=5
  TKSS trial 9: mean ARI=0.5916  n=96  153.1s  d=2, lam=0.8313, s=1
  TKSS trial 10: mean ARI=0.6084  n=96  32.7s  d=15, lam=0.01456, s=2
  TKSS trial 11: mean ARI=0.6084  n=96  175.2s  d=15, lam=0.01211, s=2
  TKSS trial 12: mean ARI=0.6090  n=96  34.8s  d=14, lam=0.05395, s=1
  TKSS trial 13: mean ARI=0.6090  n=96  35.4s  d=12, lam=0.05607, s=1
  TKSS trial 14: mean ARI=0.6104  n=96  49.3s  d=11, lam=8.609, s=1
  TKSS trial 15: mean ARI=0.6040  n=96  74.8s  d=9, lam=8.352, s=2
  TKSS trial 16: mean ARI=0.5997  n=96  90.3s  d=10, lam=9.299, s=3
  TKSS trial 17: mean ARI=0.6103  n=96  65.2s  d=7, lam=2.946, s=1
  TKSS trial 18: mean ARI=0.5956  n=96  117.9s  d=4, lam=2.2, s=3
  TKSS trial 19: mean ARI=0.6100  n=96  59.0s  d=7, lam=0.4124, s=1
  TKSS trial 20: mean ARI=0.6024  n=96  92.0s  d=11, lam=2.872, s=3
  TKSS trial 21: mean ARI=0.6103  n=96  59.9s  d=7, lam=0.5161, s=1
  TKSS trial 22: mean ARI=0.6098  n=96  88.9s  d=4, lam=0.4685, s=1
  TKSS trial 23: mean ARI=0.6003  n=96  77.3s  d=7, lam=1.66, s=2
  TKSS trial 24: mean ARI=0.6082  n=96  45.1s  d=8, lam=0.112, s=1
  TKSS trial 25: mean ARI=0.6044  n=96  86.3s  d=6, lam=0.7821, s=2
  TKSS trial 26: mean ARI=0.6134  n=96  204.0s  d=1, lam=3.71, s=1
  TKSS trial 27: mean ARI=0.6133  n=96  193.4s  d=1, lam=9.748, s=2
  TKSS trial 28: mean ARI=0.6171  n=96  186.1s  d=1, lam=5.578, s=3
  TKSS trial 29: mean ARI=0.6169  n=96  187.3s  d=1, lam=4.738, s=3
  TKSS trial 30: mean ARI=0.6212  n=96  189.2s  d=1, lam=1.243, s=3
  TKSS trial 31: mean ARI=0.6212  n=96  186.3s  d=1, lam=1.252, s=3
  TKSS trial 32: mean ARI=0.5838  n=96  149.6s  d=3, lam=1.522, s=3
  TKSS trial 33: mean ARI=0.5883  n=96  342.1s  d=2, lam=1.126, s=4
  TKSS trial 34: mean ARI=0.6230  n=96  213.0s  d=1, lam=1.793, s=3
  TKSS trial 35: mean ARI=0.5824  n=96  158.8s  d=3, lam=1.88, s=4
  TKSS trial 36: mean ARI=0.5854  n=96  146.7s  d=3, lam=1.204, s=3
  TKSS trial 37: mean ARI=0.6276  n=96  215.0s  d=1, lam=0.8673, s=4
  TKSS trial 38: mean ARI=0.5892  n=96  135.1s  d=4, lam=0.6183, s=4
  TKSS trial 39: mean ARI=0.5904  n=96  163.8s  d=2, lam=0.3064, s=5
  best mean ARI=0.6276  tune 5160.3s  d=1, lam=0.8673, s=4
  wrote /nfs/turbo/umms-minjilab/lpullela/icassp_ssc_tv2/surveillance_dataset/split_k5_clean_trials40_params.json

=== P1E_S1_C1 train[0] k=5  dim=9216  frames=191  σ=0.0 ===
  OSC: ACC=0.8639  NMI=0.8253  ARI=0.7168  6.0s
  SSC-TV-L21: ACC=0.8639  NMI=0.8153  ARI=0.6945  2.9s
  TKSS: ACC=0.8063  NMI=0.6976  ARI=0.5940  1.6s
  BDOSC: ACC=0.8377  NMI=0.7751  ARI=0.6840  4.6s

=== P1E_S1_C1 train[1] k=5  dim=9216  frames=145  σ=0.0 ===
  OSC: ACC=0.7034  NMI=0.7695  ARI=0.6386  4.3s
  SSC-TV-L21: ACC=0.7034  NMI=0.7254  ARI=0.5149  2.0s
  TKSS: ACC=0.7517  NMI=0.7706  ARI=0.6506  1.1s
  BDOSC: ACC=0.6345  NMI=0.7236  ARI=0.5626  2.0s

=== P1E_S1_C1 train[2] k=5  dim=9216  frames=169  σ=0.0 ===
  OSC: ACC=0.4970  NMI=0.6309  ARI=0.3658  5.0s
  SSC-TV-L21: ACC=0.4793  NMI=0.7217  ARI=0.4672  2.3s
  TKSS: ACC=0.5444  NMI=0.5686  ARI=0.3739  2.0s
  BDOSC: ACC=0.5680  NMI=0.6189  ARI=0.3932  3.2s

=== P1E_S1_C1 train[3] k=5  dim=9216  frames=133  σ=0.0 ===
  OSC: ACC=0.5865  NMI=0.7415  ARI=0.5142  3.9s
  SSC-TV-L21: ACC=0.7970  NMI=0.8592  ARI=0.8290  1.8s
  TKSS: ACC=0.7669  NMI=0.7236  ARI=0.6433  2.0s
  BDOSC: ACC=0.7068  NMI=0.7666  ARI=0.6031  1.9s

=== P1E_S1_C2 train[0] k=5  dim=9216  frames=149  σ=0.0 ===
  OSC: ACC=0.8054  NMI=0.8463  ARI=0.7482  4.4s
  SSC-TV-L21: ACC=0.7584  NMI=0.8398  ARI=0.7268  2.0s
  TKSS: ACC=0.7517  NMI=0.7147  ARI=0.6136  1.6s
  BDOSC: ACC=0.7248  NMI=0.7754  ARI=0.6860  2.3s

=== P1E_S1_C2 train[1] k=5  dim=9216  frames=106  σ=0.0 ===
  OSC: ACC=1.0000  NMI=1.0000  ARI=1.0000  3.0s
  SSC-TV-L21: ACC=1.0000  NMI=1.0000  ARI=1.0000  1.3s
  TKSS: ACC=0.7264  NMI=0.7144  ARI=0.5940  1.1s
  BDOSC: ACC=0.9057  NMI=0.8431  ARI=0.7713  1.3s

=== P1E_S1_C2 train[2] k=5  dim=9216  frames=194  σ=0.0 ===
  OSC: ACC=0.5258  NMI=0.6450  ARI=0.3777  6.5s
  SSC-TV-L21: ACC=0.8351  NMI=0.7513  ARI=0.6376  3.2s
  TKSS: ACC=0.5412  NMI=0.4450  ARI=0.2407  3.8s
  BDOSC: ACC=0.9742  NMI=0.9400  ARI=0.9356  4.2s

=== P1E_S1_C2 train[3] k=5  dim=9216  frames=133  σ=0.0 ===
  OSC: ACC=0.9850  NMI=0.9586  ARI=0.9661  3.8s
  SSC-TV-L21: ACC=0.9323  NMI=0.8815  ARI=0.8703  1.7s
  TKSS: ACC=0.6917  NMI=0.7144  ARI=0.6066  1.1s
  BDOSC: ACC=0.7068  NMI=0.8078  ARI=0.6470  1.8s

=== P1E_S1_C3 train[0] k=5  dim=9216  frames=98  σ=0.0 ===
  OSC: ACC=0.9694  NMI=0.9420  ARI=0.9241  2.6s
  SSC-TV-L21: ACC=0.9490  NMI=0.8936  ARI=0.8850  1.2s
  TKSS: ACC=0.8673  NMI=0.8279  ARI=0.7304  1.5s
  BDOSC: ACC=0.9592  NMI=0.9173  ARI=0.9022  1.1s

=== P1E_S1_C3 train[1] k=5  dim=9216  frames=93  σ=0.0 ===
  OSC: ACC=0.9785  NMI=0.9546  ARI=0.9423  2.5s
  SSC-TV-L21: ACC=0.9785  NMI=0.9546  ARI=0.9423  1.1s
  TKSS: ACC=0.9032  NMI=0.8322  ARI=0.7569  0.6s
  BDOSC: ACC=0.6989  NMI=0.7369  ARI=0.6026  1.0s

=== P1E_S1_C3 train[2] k=5  dim=9216  frames=68  σ=0.0 ===
  OSC: ACC=0.9853  NMI=0.9656  ARI=0.9599  1.9s
  SSC-TV-L21: ACC=0.8676  NMI=0.8456  ARI=0.7822  0.8s
  TKSS: ACC=0.9265  NMI=0.8917  ARI=0.8584  0.5s
  BDOSC: ACC=0.7647  NMI=0.7369  ARI=0.6431  0.6s

=== P1E_S1_C3 train[3] k=5  dim=9216  frames=87  σ=0.0 ===
  OSC: ACC=0.9655  NMI=0.9425  ARI=0.9258  2.4s
  SSC-TV-L21: ACC=0.9540  NMI=0.9150  ARI=0.8976  1.0s
  TKSS: ACC=0.9310  NMI=0.8694  ARI=0.8401  0.4s
  BDOSC: ACC=0.8966  NMI=0.8132  ARI=0.7590  1.0s

=== P1E_S2_C1 train[0] k=5  dim=9216  frames=192  σ=0.0 ===
  OSC: ACC=0.9167  NMI=0.8765  ARI=0.8240  6.0s
  SSC-TV-L21: ACC=0.6146  NMI=0.7075  ARI=0.4337  2.8s
  TKSS: ACC=0.6146  NMI=0.4753  ARI=0.2537  3.0s
  BDOSC: ACC=0.7760  NMI=0.7162  ARI=0.5712  4.2s

=== P1E_S2_C1 train[1] k=5  dim=9216  frames=177  σ=0.0 ===
  OSC: ACC=0.8418  NMI=0.8989  ARI=0.8433  5.3s
  SSC-TV-L21: ACC=0.8249  NMI=0.8957  ARI=0.8347  2.4s
  TKSS: ACC=0.9096  NMI=0.8744  ARI=0.8525  1.8s
  BDOSC: ACC=0.6610  NMI=0.7104  ARI=0.5457  3.6s

=== P1E_S2_C1 train[2] k=5  dim=9216  frames=171  σ=0.0 ===
  OSC: ACC=0.6257  NMI=0.7252  ARI=0.4872  5.0s
  SSC-TV-L21: ACC=0.6082  NMI=0.7139  ARI=0.4634  2.4s
  TKSS: ACC=0.6433  NMI=0.6192  ARI=0.4348  2.0s
  BDOSC: ACC=0.6842  NMI=0.7336  ARI=0.6009  3.5s

=== P1E_S2_C1 train[3] k=5  dim=9216  frames=146  σ=0.0 ===
  OSC: ACC=0.7671  NMI=0.8771  ARI=0.7757  4.3s
  SSC-TV-L21: ACC=0.6370  NMI=0.7664  ARI=0.5717  2.0s
  TKSS: ACC=0.6644  NMI=0.5982  ARI=0.4034  1.9s
  BDOSC: ACC=0.7603  NMI=0.7449  ARI=0.5967  2.1s

=== P1E_S2_C2 train[0] k=5  dim=9216  frames=151  σ=0.0 ===
  OSC: ACC=0.9536  NMI=0.9118  ARI=0.8625  4.6s
  SSC-TV-L21: ACC=0.9073  NMI=0.8542  ARI=0.7578  2.0s
  TKSS: ACC=0.7815  NMI=0.6471  ARI=0.5600  1.1s
  BDOSC: ACC=0.7748  NMI=0.8216  ARI=0.7842  2.8s

=== P1E_S2_C2 train[1] k=5  dim=9216  frames=148  σ=0.0 ===
  OSC: ACC=0.9932  NMI=0.9802  ARI=0.9825  4.3s
  SSC-TV-L21: ACC=0.9324  NMI=0.8842  ARI=0.8673  2.0s
  TKSS: ACC=0.8311  NMI=0.8372  ARI=0.8132  1.8s
  BDOSC: ACC=0.8581  NMI=0.7625  ARI=0.6678  2.2s

=== P1E_S2_C2 train[2] k=5  dim=9216  frames=165  σ=0.0 ===
  OSC: ACC=1.0000  NMI=1.0000  ARI=1.0000  5.0s
  SSC-TV-L21: ACC=0.8424  NMI=0.8123  ARI=0.6930  2.3s
  TKSS: ACC=0.8788  NMI=0.8167  ARI=0.7504  2.3s
  BDOSC: ACC=0.9333  NMI=0.8867  ARI=0.8604  3.2s

=== P1E_S2_C2 train[3] k=5  dim=9216  frames=172  σ=0.0 ===
  OSC: ACC=0.8256  NMI=0.8147  ARI=0.7279  5.3s
  SSC-TV-L21: ACC=0.8198  NMI=0.8565  ARI=0.7755  2.5s
  TKSS: ACC=0.8140  NMI=0.7449  ARI=0.6455  2.0s
  BDOSC: ACC=0.7616  NMI=0.7772  ARI=0.6879  3.4s

=== P1E_S2_C3 train[0] k=5  dim=9216  frames=132  σ=0.0 ===
  OSC: ACC=0.9848  NMI=0.9681  ARI=0.9736  3.9s
  SSC-TV-L21: ACC=0.9015  NMI=0.8692  ARI=0.7992  1.7s
  TKSS: ACC=0.8409  NMI=0.7833  ARI=0.7077  0.7s
  BDOSC: ACC=0.8409  NMI=0.8051  ARI=0.7183  1.7s

=== P1E_S2_C3 train[1] k=5  dim=9216  frames=148  σ=0.0 ===
  OSC: ACC=1.0000  NMI=1.0000  ARI=1.0000  4.3s
  SSC-TV-L21: ACC=0.9189  NMI=0.8948  ARI=0.8095  1.9s
  TKSS: ACC=0.9730  NMI=0.9239  ARI=0.9279  0.8s
  BDOSC: ACC=0.9662  NMI=0.9127  ARI=0.9160  2.2s

=== P1E_S2_C3 train[2] k=5  dim=9216  frames=132  σ=0.0 ===
  OSC: ACC=0.9924  NMI=0.9795  ARI=0.9823  3.8s
  SSC-TV-L21: ACC=0.9924  NMI=0.9795  ARI=0.9823  1.7s
  TKSS: ACC=0.7197  NMI=0.6821  ARI=0.4987  1.9s
  BDOSC: ACC=0.7197  NMI=0.7844  ARI=0.6523  1.7s

=== P1E_S2_C3 train[3] k=5  dim=9216  frames=153  σ=0.0 ===
  OSC: ACC=0.7451  NMI=0.8433  ARI=0.7254  4.6s
  SSC-TV-L21: ACC=0.9804  NMI=0.9507  ARI=0.9497  2.0s
  TKSS: ACC=0.8693  NMI=0.7793  ARI=0.7060  2.1s
  BDOSC: ACC=0.9673  NMI=0.9261  ARI=0.9322  2.8s

=== P1E_S3_C1 train[0] k=5  dim=9216  frames=195  σ=0.0 ===
  OSC: ACC=0.6667  NMI=0.7568  ARI=0.5619  6.4s
  SSC-TV-L21: ACC=0.5795  NMI=0.6975  ARI=0.4083  3.2s
  TKSS: ACC=0.6667  NMI=0.6030  ARI=0.4214  2.5s
  BDOSC: ACC=0.8769  NMI=0.8846  ARI=0.7878  4.5s

=== P1E_S3_C1 train[1] k=5  dim=9216  frames=194  σ=0.0 ===
  OSC: ACC=0.9278  NMI=0.9148  ARI=0.8732  6.3s
  SSC-TV-L21: ACC=0.7629  NMI=0.7796  ARI=0.6130  3.2s
  TKSS: ACC=0.9021  NMI=0.8577  ARI=0.8219  2.2s
  BDOSC: ACC=0.8505  NMI=0.7855  ARI=0.6996  4.4s

=== P1E_S3_C1 train[2] k=5  dim=9216  frames=134  σ=0.0 ===
  OSC: ACC=0.6418  NMI=0.7559  ARI=0.5611  3.9s
  SSC-TV-L21: ACC=0.6343  NMI=0.7535  ARI=0.5551  1.8s
  TKSS: ACC=0.5970  NMI=0.6231  ARI=0.4141  1.8s
  BDOSC: ACC=0.6791  NMI=0.7415  ARI=0.5945  1.9s

=== P1E_S3_C1 train[3] k=5  dim=9216  frames=180  σ=0.0 ===
  OSC: ACC=0.7444  NMI=0.7918  ARI=0.6550  5.5s
  SSC-TV-L21: ACC=0.9278  NMI=0.8729  ARI=0.8364  2.5s
  TKSS: ACC=0.5722  NMI=0.5934  ARI=0.3875  2.8s
  BDOSC: ACC=0.7611  NMI=0.8431  ARI=0.7307  3.8s

=== P1E_S3_C2 train[0] k=5  dim=9216  frames=137  σ=0.0 ===
  OSC: ACC=0.7518  NMI=0.8475  ARI=0.7420  4.1s
  SSC-TV-L21: ACC=0.8102  NMI=0.8463  ARI=0.7729  1.8s
  TKSS: ACC=0.7591  NMI=0.6995  ARI=0.5709  1.4s
  BDOSC: ACC=0.7007  NMI=0.7186  ARI=0.5691  2.0s

=== P1E_S3_C2 train[1] k=5  dim=9216  frames=181  σ=0.0 ===
  OSC: ACC=0.9337  NMI=0.8895  ARI=0.8896  5.6s
  SSC-TV-L21: ACC=0.7017  NMI=0.7749  ARI=0.5957  2.6s
  TKSS: ACC=0.6354  NMI=0.6239  ARI=0.5065  2.1s
  BDOSC: ACC=0.8840  NMI=0.8042  ARI=0.7308  3.9s

=== P1E_S3_C2 train[2] k=5  dim=9216  frames=202  σ=0.0 ===
  OSC: ACC=0.5248  NMI=0.6550  ARI=0.4003  7.2s
  SSC-TV-L21: ACC=0.7624  NMI=0.7951  ARI=0.6498  3.5s
  TKSS: ACC=0.5446  NMI=0.5641  ARI=0.3780  3.8s
  BDOSC: ACC=0.7673  NMI=0.8167  ARI=0.7083  4.8s

=== P1E_S3_C2 train[3] k=5  dim=9216  frames=179  σ=0.0 ===
  OSC: ACC=0.6313  NMI=0.7229  ARI=0.4929  5.5s
  SSC-TV-L21: ACC=0.6425  NMI=0.6948  ARI=0.4750  2.5s
  TKSS: ACC=0.6089  NMI=0.6588  ARI=0.4906  1.8s
  BDOSC: ACC=0.6257  NMI=0.6825  ARI=0.5094  3.7s

=== P1E_S3_C3 train[0] k=5  dim=9216  frames=158  σ=0.0 ===
  OSC: ACC=0.9810  NMI=0.9593  ARI=0.9507  5.0s
  SSC-TV-L21: ACC=0.9684  NMI=0.9327  ARI=0.9199  2.3s
  TKSS: ACC=0.9494  NMI=0.8765  ARI=0.8730  1.5s
  BDOSC: ACC=0.9747  NMI=0.9416  ARI=0.9346  3.1s

=== P1E_S3_C3 train[1] k=5  dim=9216  frames=122  σ=0.0 ===
  OSC: ACC=1.0000  NMI=1.0000  ARI=1.0000  3.6s
  SSC-TV-L21: ACC=0.9918  NMI=0.9785  ARI=0.9845  1.6s
  TKSS: ACC=0.9836  NMI=0.9540  ARI=0.9577  0.9s
  BDOSC: ACC=0.9672  NMI=0.9212  ARI=0.9327  1.6s

=== P1E_S3_C3 train[2] k=5  dim=9216  frames=157  σ=0.0 ===
  OSC: ACC=0.7197  NMI=0.8140  ARI=0.6413  4.7s
  SSC-TV-L21: ACC=0.5796  NMI=0.7461  ARI=0.5286  2.1s
  TKSS: ACC=0.6433  NMI=0.6740  ARI=0.4719  2.3s
  BDOSC: ACC=0.6178  NMI=0.7337  ARI=0.5402  2.9s

=== P1E_S3_C3 train[3] k=5  dim=9216  frames=167  σ=0.0 ===
  OSC: ACC=0.7425  NMI=0.8708  ARI=0.7394  5.5s
  SSC-TV-L21: ACC=0.7545  NMI=0.8718  ARI=0.7429  2.5s
  TKSS: ACC=0.6527  NMI=0.6729  ARI=0.4549  3.0s
  BDOSC: ACC=0.9521  NMI=0.8890  ARI=0.8944  3.5s

=== P1E_S4_C1 train[0] k=5  dim=9216  frames=164  σ=0.0 ===
  OSC: ACC=0.9146  NMI=0.9161  ARI=0.8974  5.0s
  SSC-TV-L21: ACC=0.8963  NMI=0.9109  ARI=0.8868  2.2s
  TKSS: ACC=0.6646  NMI=0.5318  ARI=0.3714  2.2s
  BDOSC: ACC=0.8537  NMI=0.7961  ARI=0.7638  3.0s

=== P1E_S4_C1 train[1] k=5  dim=9216  frames=159  σ=0.0 ===
  OSC: ACC=0.7987  NMI=0.8525  ARI=0.7546  4.7s
  SSC-TV-L21: ACC=0.7987  NMI=0.8525  ARI=0.7546  2.2s
  TKSS: ACC=0.7862  NMI=0.7524  ARI=0.6630  2.5s
  BDOSC: ACC=0.7044  NMI=0.7607  ARI=0.6190  3.0s

=== P1E_S4_C1 train[2] k=5  dim=9216  frames=182  σ=0.0 ===
  OSC: ACC=0.6209  NMI=0.7222  ARI=0.5009  5.5s
  SSC-TV-L21: ACC=0.8077  NMI=0.8563  ARI=0.7683  2.5s
  TKSS: ACC=0.7967  NMI=0.7014  ARI=0.5894  2.2s
  BDOSC: ACC=0.8077  NMI=0.8408  ARI=0.7589  3.8s

=== P1E_S4_C1 train[3] k=5  dim=9216  frames=196  σ=0.0 ===
  OSC: ACC=0.6173  NMI=0.7599  ARI=0.5657  6.8s
  SSC-TV-L21: ACC=0.6173  NMI=0.7599  ARI=0.5657  3.5s
  TKSS: ACC=0.5102  NMI=0.4941  ARI=0.2955  8.7s
  BDOSC: ACC=0.8265  NMI=0.7556  ARI=0.6277  4.6s

=== P1E_S4_C2 train[0] k=5  dim=9216  frames=170  σ=0.0 ===
  OSC: ACC=0.9235  NMI=0.8846  ARI=0.8353  5.0s
  SSC-TV-L21: ACC=0.9353  NMI=0.9004  ARI=0.8583  2.3s
  TKSS: ACC=0.8059  NMI=0.6996  ARI=0.6169  1.7s
  BDOSC: ACC=0.9118  NMI=0.8479  ARI=0.7922  3.2s

=== P1E_S4_C2 train[1] k=5  dim=9216  frames=121  σ=0.0 ===
  OSC: ACC=0.9835  NMI=0.9541  ARI=0.9584  3.6s
  SSC-TV-L21: ACC=0.9917  NMI=0.9790  ARI=0.9863  1.7s
  TKSS: ACC=0.8678  NMI=0.8128  ARI=0.7283  3.5s
  BDOSC: ACC=0.8512  NMI=0.7936  ARI=0.7398  1.6s

=== P1E_S4_C2 train[2] k=5  dim=9216  frames=182  σ=0.0 ===
  OSC: ACC=1.0000  NMI=1.0000  ARI=1.0000  6.2s
  SSC-TV-L21: ACC=0.9945  NMI=0.9843  ARI=0.9875  2.8s
  TKSS: ACC=0.9286  NMI=0.9028  ARI=0.8351  1.9s
  BDOSC: ACC=0.8956  NMI=0.8032  ARI=0.7490  4.0s

=== P1E_S4_C2 train[3] k=5  dim=9216  frames=155  σ=0.0 ===
  OSC: ACC=0.7355  NMI=0.8765  ARI=0.7594  4.9s
  SSC-TV-L21: ACC=0.7290  NMI=0.8400  ARI=0.7284  2.3s
  TKSS: ACC=0.6903  NMI=0.7316  ARI=0.6124  1.2s
  BDOSC: ACC=0.6903  NMI=0.7645  ARI=0.6360  3.0s

=== P1E_S4_C3 train[0] k=5  dim=9216  frames=132  σ=0.0 ===
  OSC: ACC=0.9773  NMI=0.9447  ARI=0.9411  4.0s
  SSC-TV-L21: ACC=0.9773  NMI=0.9447  ARI=0.9411  1.8s
  TKSS: ACC=0.8636  NMI=0.7928  ARI=0.7087  1.3s
  BDOSC: ACC=0.9242  NMI=0.8456  ARI=0.8255  1.7s

=== P1E_S4_C3 train[1] k=5  dim=9216  frames=138  σ=0.0 ===
  OSC: ACC=0.9493  NMI=0.9047  ARI=0.8754  4.2s
  SSC-TV-L21: ACC=0.9710  NMI=0.9468  ARI=0.9311  1.9s
  TKSS: ACC=0.9275  NMI=0.8498  ARI=0.8215  1.4s
  BDOSC: ACC=0.8986  NMI=0.8408  ARI=0.7860  2.0s

=== P1E_S4_C3 train[2] k=5  dim=9216  frames=147  σ=0.0 ===
  OSC: ACC=0.9864  NMI=0.9683  ARI=0.9645  4.6s
  SSC-TV-L21: ACC=0.9660  NMI=0.9191  ARI=0.9159  2.1s
  TKSS: ACC=0.7211  NMI=0.6491  ARI=0.5077  2.4s
  BDOSC: ACC=0.8776  NMI=0.7936  ARI=0.7314  2.3s

=== P1E_S4_C3 train[3] k=5  dim=9216  frames=85  σ=0.0 ===
  OSC: ACC=0.9412  NMI=0.9179  ARI=0.8726  2.5s
  SSC-TV-L21: ACC=0.9647  NMI=0.9391  ARI=0.9172  1.1s
  TKSS: ACC=0.9176  NMI=0.8505  ARI=0.8071  0.7s
  BDOSC: ACC=0.8941  NMI=0.8670  ARI=0.7868  0.9s

=== P1L_S1_C1 train[0] k=5  dim=9216  frames=157  σ=0.0 ===
  OSC: ACC=0.7707  NMI=0.8488  ARI=0.7172  5.0s
  SSC-TV-L21: ACC=0.7643  NMI=0.8486  ARI=0.7167  2.4s
  TKSS: ACC=0.6879  NMI=0.6259  ARI=0.4032  4.5s
  BDOSC: ACC=0.6561  NMI=0.7565  ARI=0.5728  3.0s

=== P1L_S1_C1 train[1] k=5  dim=9216  frames=111  σ=0.0 ===
  OSC: ACC=0.8649  NMI=0.8865  ARI=0.8027  3.4s
  SSC-TV-L21: ACC=0.9009  NMI=0.8978  ARI=0.8328  1.6s
  TKSS: ACC=0.8559  NMI=0.8848  ARI=0.7980  1.1s
  BDOSC: ACC=0.9369  NMI=0.8990  ARI=0.8675  1.4s

=== P1L_S1_C1 train[2] k=5  dim=9216  frames=142  σ=0.0 ===
  OSC: ACC=0.9014  NMI=0.8799  ARI=0.7690  4.4s
  SSC-TV-L21: ACC=0.9789  NMI=0.9474  ARI=0.9460  2.0s
  TKSS: ACC=0.8239  NMI=0.7477  ARI=0.6298  1.7s
  BDOSC: ACC=0.7606  NMI=0.8218  ARI=0.7274  2.1s

=== P1L_S1_C1 train[3] k=5  dim=9216  frames=178  σ=0.0 ===
  OSC: ACC=1.0000  NMI=1.0000  ARI=1.0000  5.5s
  SSC-TV-L21: ACC=1.0000  NMI=1.0000  ARI=1.0000  2.6s
  TKSS: ACC=0.7978  NMI=0.7719  ARI=0.7026  1.8s
  BDOSC: ACC=0.8258  NMI=0.7829  ARI=0.6361  3.8s

=== P1L_S1_C2 train[0] k=5  dim=9216  frames=243  σ=0.0 ===
  OSC: ACC=0.6091  NMI=0.7292  ARI=0.4850  9.5s
  SSC-TV-L21: ACC=0.6872  NMI=0.8348  ARI=0.6709  4.7s
  TKSS: ACC=0.7284  NMI=0.6715  ARI=0.5129  4.9s
  BDOSC: ACC=0.6008  NMI=0.6504  ARI=0.4345  7.1s

=== P1L_S1_C2 train[1] k=5  dim=9216  frames=131  σ=0.0 ===
  OSC: ACC=1.0000  NMI=1.0000  ARI=1.0000  4.1s
  SSC-TV-L21: ACC=1.0000  NMI=1.0000  ARI=1.0000  1.9s
  TKSS: ACC=0.9542  NMI=0.9007  ARI=0.9045  1.6s
  BDOSC: ACC=0.7328  NMI=0.8434  ARI=0.6930  1.8s

=== P1L_S1_C2 train[2] k=5  dim=9216  frames=141  σ=0.0 ===
  OSC: ACC=0.7943  NMI=0.8763  ARI=0.7611  4.4s
  SSC-TV-L21: ACC=0.7872  NMI=0.8559  ARI=0.7429  2.0s
  TKSS: ACC=0.7305  NMI=0.7559  ARI=0.6359  1.2s
  BDOSC: ACC=0.7447  NMI=0.6718  ARI=0.5020  2.1s

=== P1L_S1_C2 train[3] k=5  dim=9216  frames=184  σ=0.0 ===
  OSC: ACC=0.7174  NMI=0.7811  ARI=0.6627  6.4s
  SSC-TV-L21: ACC=0.6793  NMI=0.7290  ARI=0.5305  3.0s
  TKSS: ACC=0.5000  NMI=0.5695  ARI=0.3676  4.6s
  BDOSC: ACC=0.6359  NMI=0.7445  ARI=0.5809  3.9s

=== P1L_S1_C3 train[0] k=5  dim=9216  frames=108  σ=0.0 ===
  OSC: ACC=0.6296  NMI=0.7382  ARI=0.4995  3.3s
  SSC-TV-L21: ACC=0.6759  NMI=0.7789  ARI=0.5910  1.5s
  TKSS: ACC=0.6296  NMI=0.7382  ARI=0.4995  2.4s
  BDOSC: ACC=0.7500  NMI=0.7110  ARI=0.5692  1.3s

=== P1L_S1_C3 train[1] k=5  dim=9216  frames=105  σ=0.0 ===
  OSC: ACC=0.8000  NMI=0.8727  ARI=0.7386  3.1s
  SSC-TV-L21: ACC=0.7810  NMI=0.8002  ARI=0.6517  1.4s
  TKSS: ACC=0.8381  NMI=0.8363  ARI=0.7058  0.9s
  BDOSC: ACC=0.7524  NMI=0.7374  ARI=0.5989  1.3s

=== P1L_S1_C3 train[2] k=5  dim=9216  frames=113  σ=0.0 ===
  OSC: ACC=0.6372  NMI=0.7175  ARI=0.4521  3.3s
  SSC-TV-L21: ACC=0.9027  NMI=0.8943  ARI=0.8101  1.5s
  TKSS: ACC=0.6903  NMI=0.6581  ARI=0.4752  1.9s
  BDOSC: ACC=0.8053  NMI=0.7802  ARI=0.6571  1.3s

=== P1L_S1_C3 train[3] k=5  dim=9216  frames=90  σ=0.0 ===
  OSC: ACC=0.7444  NMI=0.8659  ARI=0.7282  2.6s
  SSC-TV-L21: ACC=0.7333  NMI=0.8654  ARI=0.7265  1.2s
  TKSS: ACC=0.8778  NMI=0.8830  ARI=0.7821  0.7s
  BDOSC: ACC=0.6889  NMI=0.7331  ARI=0.5791  1.0s

=== P1L_S2_C1 train[0] k=5  dim=9216  frames=177  σ=0.0 ===
  OSC: ACC=0.9605  NMI=0.9337  ARI=0.9053  5.9s
  SSC-TV-L21: ACC=0.8927  NMI=0.8888  ARI=0.7968  2.8s
  TKSS: ACC=0.8475  NMI=0.7784  ARI=0.6992  2.2s
  BDOSC: ACC=0.9435  NMI=0.8936  ARI=0.8594  3.8s

=== P1L_S2_C1 train[1] k=5  dim=9216  frames=191  σ=0.0 ===
  OSC: ACC=1.0000  NMI=1.0000  ARI=1.0000  6.5s
  SSC-TV-L21: ACC=0.8168  NMI=0.8435  ARI=0.6599  3.0s
  TKSS: ACC=0.8796  NMI=0.8642  ARI=0.7229  2.1s
  BDOSC: ACC=0.7906  NMI=0.7683  ARI=0.6381  4.4s

=== P1L_S2_C1 train[2] k=5  dim=9216  frames=234  σ=0.0 ===
  OSC: ACC=0.7479  NMI=0.8225  ARI=0.7281  8.4s
  SSC-TV-L21: ACC=0.7564  NMI=0.8612  ARI=0.7436  4.0s
  TKSS: ACC=0.6966  NMI=0.6173  ARI=0.5310  10.0s
  BDOSC: ACC=0.8547  NMI=0.8048  ARI=0.6982  6.4s

=== P1L_S2_C1 train[3] k=5  dim=9216  frames=157  σ=0.0 ===
  OSC: ACC=0.8408  NMI=0.8180  ARI=0.6345  4.9s
  SSC-TV-L21: ACC=0.5669  NMI=0.7154  ARI=0.5052  2.3s
  TKSS: ACC=0.7006  NMI=0.6634  ARI=0.4906  2.5s
  BDOSC: ACC=0.5669  NMI=0.5938  ARI=0.3850  3.0s

=== P1L_S2_C2 train[0] k=5  dim=9216  frames=220  σ=0.0 ===
  OSC: ACC=0.9955  NMI=0.9866  ARI=0.9894  8.3s
  SSC-TV-L21: ACC=0.8000  NMI=0.8760  ARI=0.7573  4.2s
  TKSS: ACC=0.9000  NMI=0.8493  ARI=0.8232  2.6s
  BDOSC: ACC=0.7364  NMI=0.7783  ARI=0.6521  6.0s

=== P1L_S2_C2 train[1] k=5  dim=9216  frames=196  σ=0.0 ===
  OSC: ACC=0.9031  NMI=0.8949  ARI=0.8184  6.9s
  SSC-TV-L21: ACC=0.9949  NMI=0.9850  ARI=0.9873  3.6s
  TKSS: ACC=0.9184  NMI=0.9026  ARI=0.8383  4.1s
  BDOSC: ACC=0.9847  NMI=0.9551  ARI=0.9617  4.7s

=== P1L_S2_C2 train[2] k=5  dim=9216  frames=166  σ=0.0 ===
  OSC: ACC=0.8614  NMI=0.8413  ARI=0.7987  5.1s
  SSC-TV-L21: ACC=0.9036  NMI=0.8957  ARI=0.8505  2.5s
  TKSS: ACC=0.6265  NMI=0.6639  ARI=0.4650  2.3s
  BDOSC: ACC=0.7831  NMI=0.7595  ARI=0.6115  3.4s

=== P1L_S2_C2 train[3] k=5  dim=9216  frames=208  σ=0.0 ===
  OSC: ACC=0.7981  NMI=0.8848  ARI=0.7960  7.3s
  SSC-TV-L21: ACC=0.7788  NMI=0.8815  ARI=0.7824  3.6s
  TKSS: ACC=0.7452  NMI=0.6690  ARI=0.5342  4.6s
  BDOSC: ACC=0.6298  NMI=0.7383  ARI=0.5595  5.2s

=== P1L_S2_C3 train[0] k=5  dim=9216  frames=143  σ=0.0 ===
  OSC: ACC=0.8462  NMI=0.8508  ARI=0.6828  4.4s
  SSC-TV-L21: ACC=1.0000  NMI=1.0000  ARI=1.0000  1.9s
  TKSS: ACC=0.8601  NMI=0.8554  ARI=0.6971  1.2s
  BDOSC: ACC=0.7273  NMI=0.7845  ARI=0.6595  2.2s

=== P1L_S2_C3 train[1] k=5  dim=9216  frames=126  σ=0.0 ===
  OSC: ACC=1.0000  NMI=1.0000  ARI=1.0000  3.6s
  SSC-TV-L21: ACC=1.0000  NMI=1.0000  ARI=1.0000  1.6s
  TKSS: ACC=0.8730  NMI=0.8411  ARI=0.7705  1.9s
  BDOSC: ACC=0.9127  NMI=0.8536  ARI=0.8060  1.6s

=== P1L_S2_C3 train[2] k=5  dim=9216  frames=115  σ=0.0 ===
  OSC: ACC=0.7217  NMI=0.8469  ARI=0.6668  3.3s
  SSC-TV-L21: ACC=0.8000  NMI=0.8316  ARI=0.6198  1.6s
  TKSS: ACC=0.6957  NMI=0.7796  ARI=0.6127  1.5s
  BDOSC: ACC=0.6783  NMI=0.8057  ARI=0.5949  1.5s

=== P1L_S2_C3 train[3] k=5  dim=9216  frames=128  σ=0.0 ===
  OSC: ACC=0.6641  NMI=0.7732  ARI=0.5969  3.7s
  SSC-TV-L21: ACC=1.0000  NMI=1.0000  ARI=1.0000  1.7s
  TKSS: ACC=0.6250  NMI=0.6916  ARI=0.4786  1.6s
  BDOSC: ACC=0.9141  NMI=0.8475  ARI=0.8015  1.7s

=== P1L_S3_C1 train[0] k=5  dim=9216  frames=134  σ=0.0 ===
  OSC: ACC=0.6493  NMI=0.7245  ARI=0.5005  3.9s
  SSC-TV-L21: ACC=0.7090  NMI=0.7822  ARI=0.6406  1.8s
  TKSS: ACC=0.6194  NMI=0.6893  ARI=0.4945  2.2s
  BDOSC: ACC=0.5373  NMI=0.7082  ARI=0.4906  1.9s

=== P1L_S3_C1 train[1] k=5  dim=9216  frames=156  σ=0.0 ===
  OSC: ACC=1.0000  NMI=1.0000  ARI=1.0000  4.6s
  SSC-TV-L21: ACC=1.0000  NMI=1.0000  ARI=1.0000  2.2s
  TKSS: ACC=1.0000  NMI=1.0000  ARI=1.0000  1.9s
  BDOSC: ACC=0.8718  NMI=0.8572  ARI=0.7540  2.8s

=== P1L_S3_C1 train[2] k=5  dim=9216  frames=158  σ=0.0 ===
  OSC: ACC=0.8228  NMI=0.8192  ARI=0.7498  5.0s
  SSC-TV-L21: ACC=0.7785  NMI=0.8196  ARI=0.7070  2.3s
  TKSS: ACC=0.7848  NMI=0.7323  ARI=0.6436  1.7s
  BDOSC: ACC=0.7342  NMI=0.7971  ARI=0.6568  3.0s

=== P1L_S3_C1 train[3] k=5  dim=9216  frames=127  σ=0.0 ===
  OSC: ACC=0.9055  NMI=0.8814  ARI=0.7858  3.7s
  SSC-TV-L21: ACC=0.8976  NMI=0.8767  ARI=0.7725  1.7s
  TKSS: ACC=0.8819  NMI=0.7985  ARI=0.7264  1.6s
  BDOSC: ACC=0.8268  NMI=0.7778  ARI=0.6465  1.6s

=== P1L_S3_C2 train[0] k=5  dim=9216  frames=239  σ=0.0 ===
  OSC: ACC=0.7071  NMI=0.8571  ARI=0.6948  8.8s
  SSC-TV-L21: ACC=0.6946  NMI=0.8330  ARI=0.6715  4.1s
  TKSS: ACC=0.7322  NMI=0.6659  ARI=0.5715  5.4s
  BDOSC: ACC=0.6611  NMI=0.6809  ARI=0.4978  6.9s

=== P1L_S3_C2 train[1] k=5  dim=9216  frames=143  σ=0.0 ===
  OSC: ACC=0.7902  NMI=0.8734  ARI=0.7617  4.4s
  SSC-TV-L21: ACC=0.7902  NMI=0.8734  ARI=0.7617  2.0s
  TKSS: ACC=0.8531  NMI=0.8241  ARI=0.7464  2.3s
  BDOSC: ACC=0.8392  NMI=0.8320  ARI=0.7435  2.2s

=== P1L_S3_C2 train[2] k=5  dim=9216  frames=257  σ=0.0 ===
  OSC: ACC=0.5292  NMI=0.6328  ARI=0.3698  9.3s
  SSC-TV-L21: ACC=0.5292  NMI=0.6314  ARI=0.3666  4.5s
  TKSS: ACC=0.6148  NMI=0.5206  ARI=0.3660  6.6s
  BDOSC: ACC=0.8872  NMI=0.8502  ARI=0.7641  8.0s

=== P1L_S3_C2 train[3] k=5  dim=9216  frames=187  σ=0.0 ===
  OSC: ACC=0.7701  NMI=0.8816  ARI=0.7876  5.9s
  SSC-TV-L21: ACC=0.7059  NMI=0.7879  ARI=0.6350  2.9s
  TKSS: ACC=0.7112  NMI=0.6724  ARI=0.6095  2.0s
  BDOSC: ACC=0.7647  NMI=0.8815  ARI=0.7872  4.2s

=== P1L_S3_C3 train[0] k=5  dim=9216  frames=151  σ=0.0 ===
  OSC: ACC=0.8344  NMI=0.8944  ARI=0.8223  4.6s
  SSC-TV-L21: ACC=0.7152  NMI=0.7596  ARI=0.5772  2.1s
  TKSS: ACC=0.7219  NMI=0.6725  ARI=0.5359  1.2s
  BDOSC: ACC=0.7947  NMI=0.8529  ARI=0.7583  2.8s

=== P1L_S3_C3 train[1] k=5  dim=9216  frames=180  σ=0.0 ===
  OSC: ACC=1.0000  NMI=1.0000  ARI=1.0000  5.5s
  SSC-TV-L21: ACC=0.7556  NMI=0.8656  ARI=0.7280  2.6s
  TKSS: ACC=0.9500  NMI=0.8934  ARI=0.8883  1.4s
  BDOSC: ACC=0.9444  NMI=0.8817  ARI=0.8504  3.7s

=== P1L_S3_C3 train[2] k=5  dim=9216  frames=139  σ=0.0 ===
  OSC: ACC=0.8705  NMI=0.8540  ARI=0.8205  4.0s
  SSC-TV-L21: ACC=0.8633  NMI=0.8458  ARI=0.8108  1.8s
  TKSS: ACC=0.7770  NMI=0.7203  ARI=0.5608  1.8s
  BDOSC: ACC=0.9281  NMI=0.8896  ARI=0.8828  2.0s

=== P1L_S3_C3 train[3] k=5  dim=9216  frames=165  σ=0.0 ===
  OSC: ACC=0.7758  NMI=0.8315  ARI=0.7516  5.0s
  SSC-TV-L21: ACC=0.7939  NMI=0.8490  ARI=0.7768  2.3s
  TKSS: ACC=0.6424  NMI=0.6938  ARI=0.5048  3.1s
  BDOSC: ACC=0.7576  NMI=0.7636  ARI=0.6704  3.3s

=== P1L_S4_C1 train[0] k=5  dim=9216  frames=171  σ=0.0 ===
  OSC: ACC=0.6433  NMI=0.7217  ARI=0.4780  5.2s
  SSC-TV-L21: ACC=0.6374  NMI=0.7129  ARI=0.4557  2.4s
  TKSS: ACC=0.8129  NMI=0.7515  ARI=0.6672  1.7s
  BDOSC: ACC=0.6842  NMI=0.6815  ARI=0.4841  3.6s

=== P1L_S4_C1 train[1] k=5  dim=9216  frames=169  σ=0.0 ===
  OSC: ACC=1.0000  NMI=1.0000  ARI=1.0000  5.0s
  SSC-TV-L21: ACC=1.0000  NMI=1.0000  ARI=1.0000  2.3s
  TKSS: ACC=0.9586  NMI=0.9040  ARI=0.8784  2.0s
  BDOSC: ACC=0.9408  NMI=0.8744  ARI=0.8486  3.2s

=== P1L_S4_C1 train[2] k=5  dim=9216  frames=164  σ=0.0 ===
  OSC: ACC=0.7256  NMI=0.7721  ARI=0.6353  4.9s
  SSC-TV-L21: ACC=1.0000  NMI=1.0000  ARI=1.0000  2.3s
  TKSS: ACC=0.7988  NMI=0.8112  ARI=0.7340  1.6s
  BDOSC: ACC=0.7012  NMI=0.7763  ARI=0.5891  3.1s

=== P1L_S4_C1 train[3] k=5  dim=9216  frames=177  σ=0.0 ===
  OSC: ACC=0.7175  NMI=0.7412  ARI=0.5465  5.4s
  SSC-TV-L21: ACC=0.6836  NMI=0.8194  ARI=0.6274  2.5s
  TKSS: ACC=0.6780  NMI=0.6675  ARI=0.4888  1.8s
  BDOSC: ACC=0.5819  NMI=0.6608  ARI=0.4485  3.7s

=== P1L_S4_C2 train[0] k=5  dim=9216  frames=154  σ=0.0 ===
  OSC: ACC=0.5130  NMI=0.7070  ARI=0.4542  4.7s
  SSC-TV-L21: ACC=0.7727  NMI=0.8316  ARI=0.7048  2.1s
  TKSS: ACC=0.9156  NMI=0.8263  ARI=0.8373  2.7s
  BDOSC: ACC=0.7662  NMI=0.8558  ARI=0.7336  2.9s

=== P1L_S4_C2 train[1] k=5  dim=9216  frames=136  σ=0.0 ===
  OSC: ACC=0.8824  NMI=0.8593  ARI=0.7170  4.0s
  SSC-TV-L21: ACC=0.7868  NMI=0.8255  ARI=0.6061  1.9s
  TKSS: ACC=0.7059  NMI=0.8299  ARI=0.6524  1.1s
  BDOSC: ACC=0.9118  NMI=0.8264  ARI=0.7733  1.7s

=== P1L_S4_C2 train[2] k=5  dim=9216  frames=169  σ=0.0 ===
  OSC: ACC=0.8225  NMI=0.8822  ARI=0.7981  5.5s
  SSC-TV-L21: ACC=0.8107  NMI=0.8648  ARI=0.7848  2.4s
  TKSS: ACC=0.7160  NMI=0.7447  ARI=0.6405  1.7s
  BDOSC: ACC=0.7101  NMI=0.6745  ARI=0.4876  3.3s

=== P1L_S4_C2 train[3] k=5  dim=9216  frames=195  σ=0.0 ===
  OSC: ACC=0.8410  NMI=0.8474  ARI=0.7127  6.4s
  SSC-TV-L21: ACC=0.8564  NMI=0.8653  ARI=0.7311  3.1s
  TKSS: ACC=0.7026  NMI=0.6825  ARI=0.5005  3.0s
  BDOSC: ACC=0.6564  NMI=0.7653  ARI=0.5708  4.5s

=== P1L_S4_C3 train[0] k=5  dim=9216  frames=122  σ=0.0 ===
  OSC: ACC=0.8115  NMI=0.8668  ARI=0.7410  3.4s
  SSC-TV-L21: ACC=1.0000  NMI=1.0000  ARI=1.0000  1.5s
  TKSS: ACC=0.7541  NMI=0.8365  ARI=0.6962  2.1s
  BDOSC: ACC=0.8607  NMI=0.8540  ARI=0.8135  1.6s

=== P1L_S4_C3 train[1] k=5  dim=9216  frames=152  σ=0.0 ===
  OSC: ACC=1.0000  NMI=1.0000  ARI=1.0000  4.1s
  SSC-TV-L21: ACC=0.9803  NMI=0.9550  ARI=0.9391  1.9s
  TKSS: ACC=0.9737  NMI=0.9303  ARI=0.9288  1.2s
  BDOSC: ACC=0.9803  NMI=0.9550  ARI=0.9391  2.6s

=== P1L_S4_C3 train[2] k=5  dim=9216  frames=130  σ=0.0 ===
  OSC: ACC=0.7462  NMI=0.8691  ARI=0.7300  3.5s
  SSC-TV-L21: ACC=0.7308  NMI=0.8330  ARI=0.6913  1.6s
  TKSS: ACC=0.6077  NMI=0.5550  ARI=0.3621  4.2s
  BDOSC: ACC=0.7462  NMI=0.8293  ARI=0.7144  1.8s

=== P1L_S4_C3 train[3] k=5  dim=9216  frames=136  σ=0.0 ===
  OSC: ACC=0.8676  NMI=0.8816  ARI=0.7854  3.7s
  SSC-TV-L21: ACC=0.7353  NMI=0.8583  ARI=0.7063  1.7s
  TKSS: ACC=0.8750  NMI=0.8645  ARI=0.7761  0.9s
  BDOSC: ACC=0.9044  NMI=0.8443  ARI=0.7702  1.7s

=== P1E_S1_C1 test[0] k=5  dim=9216  frames=234  σ=0.0 ===
  OSC: ACC=0.8376  NMI=0.8669  ARI=0.7241  8.9s
  SSC-TV-L21: ACC=0.9274  NMI=0.9036  ARI=0.8332  4.2s
  TKSS: ACC=0.7863  NMI=0.7065  ARI=0.6327  7.4s
  BDOSC: ACC=0.6325  NMI=0.6930  ARI=0.5105  6.1s

=== P1E_S1_C2 test[0] k=5  dim=9216  frames=120  σ=0.0 ===
  OSC: ACC=0.8333  NMI=0.8078  ARI=0.6882  3.5s
  SSC-TV-L21: ACC=0.9583  NMI=0.8993  ARI=0.9049  1.6s
  TKSS: ACC=0.7250  NMI=0.7052  ARI=0.5151  1.0s
  BDOSC: ACC=0.6833  NMI=0.7187  ARI=0.5582  1.4s

=== P1E_S1_C3 test[0] k=5  dim=9216  frames=104  σ=0.0 ===
  OSC: ACC=0.9712  NMI=0.9336  ARI=0.9208  3.0s
  SSC-TV-L21: ACC=0.9712  NMI=0.9280  ARI=0.9301  1.4s
  TKSS: ACC=0.9327  NMI=0.8590  ARI=0.8378  0.5s
  BDOSC: ACC=0.9327  NMI=0.8708  ARI=0.8415  1.2s

=== P1E_S2_C1 test[0] k=5  dim=9216  frames=137  σ=0.0 ===
  OSC: ACC=0.8175  NMI=0.7920  ARI=0.6466  4.1s
  SSC-TV-L21: ACC=0.8102  NMI=0.7879  ARI=0.6422  1.9s
  TKSS: ACC=0.5912  NMI=0.5905  ARI=0.4345  1.6s
  BDOSC: ACC=0.8321  NMI=0.7590  ARI=0.6228  2.0s

=== P1E_S2_C2 test[0] k=5  dim=9216  frames=179  σ=0.0 ===
  OSC: ACC=0.9497  NMI=0.9027  ARI=0.8738  5.8s
  SSC-TV-L21: ACC=0.9497  NMI=0.9027  ARI=0.8738  2.6s
  TKSS: ACC=0.8771  NMI=0.8145  ARI=0.7906  3.0s
  BDOSC: ACC=0.9162  NMI=0.8484  ARI=0.8213  3.6s

=== P1E_S2_C3 test[0] k=5  dim=9216  frames=139  σ=0.0 ===
  OSC: ACC=0.9856  NMI=0.9594  ARI=0.9617  4.3s
  SSC-TV-L21: ACC=0.9856  NMI=0.9594  ARI=0.9617  2.1s
  TKSS: ACC=0.9784  NMI=0.9452  ARI=0.9423  0.9s
  BDOSC: ACC=0.7554  NMI=0.7786  ARI=0.6932  2.1s

=== P1E_S3_C1 test[0] k=5  dim=9216  frames=181  σ=0.0 ===
  OSC: ACC=0.9116  NMI=0.8828  ARI=0.8382  6.0s
  SSC-TV-L21: ACC=0.8729  NMI=0.8361  ARI=0.7723  2.9s
  TKSS: ACC=0.7238  NMI=0.6263  ARI=0.4792  1.8s
  BDOSC: ACC=0.6961  NMI=0.7768  ARI=0.6290  3.9s

=== P1E_S3_C2 test[0] k=5  dim=9216  frames=153  σ=0.0 ===
  OSC: ACC=0.9346  NMI=0.8896  ARI=0.8236  4.6s
  SSC-TV-L21: ACC=0.9281  NMI=0.8836  ARI=0.8082  2.1s
  TKSS: ACC=0.7908  NMI=0.7289  ARI=0.6299  2.8s
  BDOSC: ACC=0.6536  NMI=0.7390  ARI=0.5294  2.7s

=== P1E_S3_C3 test[0] k=5  dim=9216  frames=120  σ=0.0 ===
  OSC: ACC=0.9833  NMI=0.9535  ARI=0.9583  3.6s
  SSC-TV-L21: ACC=0.9833  NMI=0.9535  ARI=0.9583  1.7s
  TKSS: ACC=0.8833  NMI=0.8455  ARI=0.7709  0.6s
  BDOSC: ACC=0.8000  NMI=0.8082  ARI=0.6965  1.4s

=== P1E_S4_C1 test[0] k=5  dim=9216  frames=125  σ=0.0 ===
  OSC: ACC=0.7840  NMI=0.8297  ARI=0.7045  3.7s
  SSC-TV-L21: ACC=0.8480  NMI=0.8695  ARI=0.7284  1.8s
  TKSS: ACC=0.7840  NMI=0.8328  ARI=0.7037  0.9s
  BDOSC: ACC=0.8400  NMI=0.8524  ARI=0.7217  1.7s

=== P1E_S4_C2 test[0] k=5  dim=9216  frames=163  σ=0.0 ===
  OSC: ACC=0.8160  NMI=0.8284  ARI=0.6768  5.3s
  SSC-TV-L21: ACC=0.9816  NMI=0.9553  ARI=0.9630  2.5s
  TKSS: ACC=0.7301  NMI=0.6907  ARI=0.4954  2.2s
  BDOSC: ACC=0.9571  NMI=0.9075  ARI=0.8941  3.1s

=== P1E_S4_C3 test[0] k=5  dim=9216  frames=118  σ=0.0 ===
  OSC: ACC=0.8475  NMI=0.8654  ARI=0.7989  3.4s
  SSC-TV-L21: ACC=0.8475  NMI=0.8835  ARI=0.8004  1.6s
  TKSS: ACC=0.9407  NMI=0.8989  ARI=0.8677  0.8s
  BDOSC: ACC=0.7203  NMI=0.8101  ARI=0.6598  1.5s

=== P1L_S1_C1 test[0] k=5  dim=9216  frames=153  σ=0.0 ===
  OSC: ACC=0.8301  NMI=0.8595  ARI=0.7650  4.9s
  SSC-TV-L21: ACC=0.8301  NMI=0.8595  ARI=0.7650  2.3s
  TKSS: ACC=0.7320  NMI=0.7464  ARI=0.5845  1.6s
  BDOSC: ACC=0.6536  NMI=0.7482  ARI=0.5476  2.9s

=== P1L_S1_C2 test[0] k=5  dim=9216  frames=188  σ=0.0 ===
  OSC: ACC=0.9415  NMI=0.9161  ARI=0.8627  6.4s
  SSC-TV-L21: ACC=0.9468  NMI=0.9206  ARI=0.8731  3.3s
  TKSS: ACC=0.7394  NMI=0.7037  ARI=0.5824  1.8s
  BDOSC: ACC=0.9681  NMI=0.9341  ARI=0.9212  4.0s

=== P1L_S1_C3 test[0] k=5  dim=9216  frames=118  σ=0.0 ===
  OSC: ACC=0.9915  NMI=0.9772  ARI=0.9760  3.3s
  SSC-TV-L21: ACC=0.9915  NMI=0.9772  ARI=0.9760  1.5s
  TKSS: ACC=0.9322  NMI=0.8750  ARI=0.8260  1.1s
  BDOSC: ACC=0.9576  NMI=0.9205  ARI=0.9048  1.4s

=== P1L_S2_C1 test[0] k=5  dim=9216  frames=190  σ=0.0 ===
  OSC: ACC=0.8263  NMI=0.9006  ARI=0.8535  5.7s
  SSC-TV-L21: ACC=0.8211  NMI=0.9004  ARI=0.8530  2.9s
  TKSS: ACC=0.8684  NMI=0.8375  ARI=0.7652  3.4s
  BDOSC: ACC=0.6947  NMI=0.7493  ARI=0.6019  4.1s

=== P1L_S2_C2 test[0] k=5  dim=9216  frames=127  σ=0.0 ===
  OSC: ACC=0.7087  NMI=0.7832  ARI=0.6541  3.8s
  SSC-TV-L21: ACC=0.7480  NMI=0.8840  ARI=0.7930  1.7s
  TKSS: ACC=0.6929  NMI=0.7748  ARI=0.6351  1.8s
  BDOSC: ACC=0.7480  NMI=0.7598  ARI=0.6752  1.6s

=== P1L_S2_C3 test[0] k=5  dim=9216  frames=148  σ=0.0 ===
  OSC: ACC=0.9797  NMI=0.9590  ARI=0.9544  4.2s
  SSC-TV-L21: ACC=0.9865  NMI=0.9692  ARI=0.9689  1.9s
  TKSS: ACC=0.8716  NMI=0.8525  ARI=0.7745  1.9s
  BDOSC: ACC=0.9865  NMI=0.9626  ARI=0.9658  2.1s

=== P1L_S3_C1 test[0] k=5  dim=9216  frames=200  σ=0.0 ===
  OSC: ACC=1.0000  NMI=1.0000  ARI=1.0000  6.8s
  SSC-TV-L21: ACC=1.0000  NMI=1.0000  ARI=1.0000  3.4s
  TKSS: ACC=0.9350  NMI=0.8992  ARI=0.8503  1.2s
  BDOSC: ACC=0.8600  NMI=0.8121  ARI=0.7223  4.8s

=== P1L_S3_C2 test[0] k=5  dim=9216  frames=201  σ=0.0 ===
  OSC: ACC=0.7612  NMI=0.7940  ARI=0.6882  203.4s
  SSC-TV-L21: ACC=0.8607  NMI=0.9036  ARI=0.8589  3.2s
  TKSS: ACC=0.6269  NMI=0.5313  ARI=0.3616  4.4s
  BDOSC: ACC=0.6617  NMI=0.7133  ARI=0.5254  4.5s

=== P1L_S3_C3 test[0] k=5  dim=9216  frames=162  σ=0.0 ===
  OSC: ACC=0.8457  NMI=0.8697  ARI=0.7937  5.0s
  SSC-TV-L21: ACC=0.8333  NMI=0.8683  ARI=0.7901  2.4s
  TKSS: ACC=0.6728  NMI=0.6290  ARI=0.4079  1.7s
  BDOSC: ACC=0.8395  NMI=0.7739  ARI=0.6667  3.0s

=== P1L_S4_C1 test[0] k=5  dim=9216  frames=152  σ=0.0 ===
  OSC: ACC=1.0000  NMI=1.0000  ARI=1.0000  4.7s
  SSC-TV-L21: ACC=0.7697  NMI=0.8299  ARI=0.7240  2.4s
  TKSS: ACC=0.7829  NMI=0.7767  ARI=0.6749  2.5s
  BDOSC: ACC=0.7961  NMI=0.8791  ARI=0.7693  2.7s

=== P1L_S4_C2 test[0] k=5  dim=9216  frames=241  σ=0.0 ===
  OSC: ACC=0.6929  NMI=0.7798  ARI=0.6071  8.7s
  SSC-TV-L21: ACC=0.7427  NMI=0.8451  ARI=0.7199  4.1s
  TKSS: ACC=0.7303  NMI=0.6910  ARI=0.5485  6.2s
  BDOSC: ACC=0.7386  NMI=0.8206  ARI=0.6796  6.4s

=== P1L_S4_C3 test[0] k=5  dim=9216  frames=164  σ=0.0 ===
  OSC: ACC=0.9878  NMI=0.9707  ARI=0.9689  4.6s
  SSC-TV-L21: ACC=0.9939  NMI=0.9827  ARI=0.9842  2.3s
  TKSS: ACC=0.9512  NMI=0.9097  ARI=0.8876  1.1s
  BDOSC: ACC=0.9512  NMI=0.9157  ARI=0.8905  3.0s

=== mean over matrices ===
  OSC train σ=0.0: ACC=0.8256  NMI=0.8648  ARI=0.7664  n=96
  SSC-TV-L21 train σ=0.0: ACC=0.8259  NMI=0.8613  ARI=0.7617  n=96
  TKSS train σ=0.0: ACC=0.7710  NMI=0.7420  ARI=0.6276  n=96
  BDOSC train σ=0.0: ACC=0.7946  NMI=0.7978  ARI=0.6926  n=96
  OSC test σ=0.0: ACC=0.8849  NMI=0.8884  ARI=0.8225  n=24
  SSC-TV-L21 test σ=0.0: ACC=0.8995  NMI=0.9043  ARI=0.8534  n=24
  TKSS test σ=0.0: ACC=0.8033  NMI=0.7696  ARI=0.6666  n=24
  BDOSC test σ=0.0: ACC=0.8031  NMI=0.8146  ARI=0.7104  n=24

wrote /nfs/turbo/umms-minjilab/lpullela/icassp_ssc_tv2/surveillance_dataset/split_k5_clean_trials40.csv
wrote /nfs/turbo/umms-minjilab/lpullela/icassp_ssc_tv2/surveillance_dataset/split_k5_clean_trials40_params.json
end=Tue Sep  1 20:46:24 EDT 2026
