host=gl3023.arc-ts.umich.edu  python=/home/lpullela/miniconda3/envs/ssc_559/bin/python  start=Sun Aug 30 17:49:45 EDT 2026
Loading P1E_S1_C1
  Y: (9216, 872)  people=25  frames/person=[53, 42, 36, 23, 25, 12, 13, 10, 18, 49, 43, 50, 35, 38, 59, 47, 42, 37, 38, 43, 24, 51, 44, 10, 30]
Loading P1E_S1_C2
  Y: (9216, 702)  people=25  frames/person=[46, 38, 11, 40, 47, 45, 18, 14, 39, 11, 37, 14, 25, 33, 31, 30, 11, 10, 16, 10, 33, 36, 43, 23, 41]
Loading P1E_S1_C3
  Y: (9216, 450)  people=25  frames/person=[15, 22, 16, 16, 17, 13, 14, 19, 14, 25, 26, 12, 21, 18, 22, 16, 13, 19, 16, 15, 8, 15, 30, 20, 28]
Loading P1E_S2_C1
  Y: (9216, 823)  people=25  frames/person=[55, 13, 50, 37, 28, 44, 39, 22, 26, 46, 40, 35, 27, 32, 29, 26, 45, 23, 21, 46, 41, 12, 14, 29, 43]
Loading P1E_S2_C2
  Y: (9216, 815)  people=25  frames/person=[30, 48, 26, 22, 50, 51, 14, 12, 44, 27, 39, 17, 43, 25, 42, 41, 39, 21, 41, 12, 39, 30, 49, 20, 33]
Loading P1E_S2_C3
  Y: (9216, 704)  people=25  frames/person=[14, 36, 28, 32, 25, 37, 31, 36, 20, 23, 42, 12, 28, 20, 15, 33, 32, 32, 32, 29, 32, 34, 38, 19, 24]
Loading P1E_S3_C1
  Y: (9216, 884)  people=25  frames/person=[12, 31, 47, 41, 27, 60, 40, 43, 10, 33, 52, 48, 30, 34, 31, 36, 21, 50, 13, 31, 24, 47, 48, 38, 37]
Loading P1E_S3_C2
  Y: (9216, 852)  people=25  frames/person=[57, 19, 15, 16, 47, 59, 34, 44, 59, 26, 10, 16, 45, 14, 37, 43, 48, 28, 17, 33, 42, 28, 55, 29, 31]
Loading P1E_S3_C3
  Y: (9216, 724)  people=25  frames/person=[21, 34, 24, 21, 37, 47, 17, 37, 55, 18, 31, 37, 31, 22, 17, 39, 35, 12, 30, 28, 19, 41, 35, 11, 25]
Loading P1E_S4_C1
  Y: (9216, 826)  people=25  frames/person=[46, 25, 10, 14, 48, 17, 36, 55, 57, 23, 13, 35, 52, 41, 13, 43, 27, 21, 31, 45, 48, 17, 38, 48, 23]
Loading P1E_S4_C2
  Y: (9216, 791)  people=25  frames/person=[23, 22, 20, 46, 21, 21, 16, 16, 49, 24, 50, 39, 50, 35, 43, 36, 13, 38, 33, 24, 33, 31, 35, 37, 36]
Loading P1E_S4_C3
  Y: (9216, 620)  people=25  frames/person=[28, 29, 22, 29, 24, 14, 31, 21, 33, 11, 37, 19, 17, 21, 25, 12, 25, 41, 12, 29, 26, 31, 31, 29, 23]
Loading P1L_S1_C1
  Y: (9216, 741)  people=25  frames/person=[15, 10, 15, 28, 15, 14, 23, 43, 36, 23, 58, 45, 42, 49, 50, 16, 11, 54, 30, 13, 34, 29, 31, 31, 26]
Loading P1L_S1_C2
  Y: (9216, 887)  people=25  frames/person=[34, 35, 37, 45, 49, 10, 25, 54, 23, 36, 54, 42, 54, 18, 36, 42, 27, 39, 48, 47, 26, 13, 19, 23, 51]
Loading P1L_S1_C3
  Y: (9216, 534)  people=25  frames/person=[23, 29, 20, 26, 19, 25, 22, 12, 28, 25, 20, 25, 23, 18, 21, 17, 15, 26, 12, 21, 18, 18, 30, 18, 23]
Loading P1L_S2_C1
  Y: (9216, 949)  people=25  frames/person=[56, 39, 38, 46, 39, 48, 19, 49, 36, 48, 36, 25, 14, 36, 60, 11, 39, 32, 10, 37, 49, 47, 59, 36, 40]
Loading P1L_S2_C2
  Y: (9216, 917)  people=25  frames/person=[59, 26, 49, 19, 28, 44, 39, 19, 43, 39, 56, 40, 55, 52, 14, 13, 35, 35, 38, 47, 26, 19, 44, 29, 49]
Loading P1L_S2_C3
  Y: (9216, 660)  people=25  frames/person=[13, 36, 29, 23, 14, 26, 30, 36, 50, 21, 34, 40, 34, 16, 35, 32, 35, 24, 16, 29, 13, 16, 13, 19, 26]
Loading P1L_S3_C1
  Y: (9216, 775)  people=25  frames/person=[44, 42, 45, 35, 12, 18, 23, 44, 28, 26, 15, 46, 11, 33, 47, 35, 45, 50, 21, 14, 12, 39, 23, 20, 47]
Loading P1L_S3_C2
  Y: (9216, 1027)  people=25  frames/person=[51, 58, 34, 36, 60, 35, 19, 23, 59, 12, 50, 43, 34, 52, 51, 32, 40, 48, 43, 34, 56, 55, 13, 37, 52]
Loading P1L_S3_C3
  Y: (9216, 797)  people=25  frames/person=[14, 29, 35, 26, 39, 45, 28, 49, 15, 26, 10, 31, 10, 36, 47, 14, 46, 46, 25, 31, 34, 50, 45, 26, 40]
Loading P1L_S4_C1
  Y: (9216, 833)  people=25  frames/person=[50, 46, 21, 31, 28, 45, 31, 31, 37, 39, 15, 57, 30, 18, 10, 32, 47, 25, 53, 20, 17, 29, 45, 25, 51]
Loading P1L_S4_C2
  Y: (9216, 895)  people=25  frames/person=[11, 60, 12, 53, 10, 31, 25, 59, 43, 56, 31, 35, 35, 48, 35, 56, 19, 34, 22, 54, 17, 45, 56, 24, 24]
Loading P1L_S4_C3
  Y: (9216, 704)  people=25  frames/person=[41, 40, 23, 26, 14, 23, 22, 32, 13, 29, 34, 10, 31, 34, 31, 25, 39, 39, 16, 24, 25, 25, 41, 27, 40]
sequences=24  people=25  k=5
sigmas=(0.0, 0.25, 0.5, 0.75)  n_trials=40
hetero-noise: per-column σ ~ Unif(0.0, 0.25, 0.5, 0.75)  csv=split_k5_hetero_trials40.csv
train 0 k=5  people=['0006', '0013', '0014', '0022', '0027']
train 1 k=5  people=['0004', '0009', '0019', '0025', '0026']
train 2 k=5  people=['0001', '0005', '0011', '0023', '0024']
train 3 k=5  people=['0007', '0010', '0015', '0016', '0021']
test    k=5  people=['0003', '0012', '0017', '0018', '0020']
methods=['SSC-TV-L21', 'OSC', 'BDOSC', 'TKSS']  append=False  lda=False  hetero_noise=True
hetero mix over 18782 frames:  σ=0:24.3%  σ=0.25:25.5%  σ=0.5:25.2%  σ=0.75:25.0%
σ=mixed: train mats=96  test mats=24
pooled train mats for tuning=96

============================================================
BDOSC: skip tuning, fixed lambda_1=0.2, lambda_2=1, gamma_1=0.01, p=1.1, max_iter=50
  wrote /nfs/turbo/umms-minjilab/lpullela/surveillance_dataset/split_k5_hetero_trials40_params.json

============================================================
--- tune SSC-TV-L21 over 96 train mats ---
  SSC-TV-L21 trial 0: mean ARI=0.7019  n=96  164.0s  lambda_e=1, lambda_z=0.1, gamma=0.1
  SSC-TV-L21 trial 1: mean ARI=0.7661  n=96  159.0s  lambda_e=0.443, lambda_z=0.7257, gamma=0.2577
  SSC-TV-L21 trial 2: mean ARI=0.0127  n=96  158.3s  lambda_e=0.4312, lambda_z=0.0495, gamma=0.3833
  SSC-TV-L21 trial 3: mean ARI=0.7484  n=96  158.1s  lambda_e=0.2055, lambda_z=3.691, gamma=7.156
  SSC-TV-L21 trial 4: mean ARI=0.7399  n=96  157.4s  lambda_e=0.1414, lambda_z=1.469, gamma=0.1305
  SSC-TV-L21 trial 5: mean ARI=0.5713  n=96  157.5s  lambda_e=0.506, lambda_z=5.039, gamma=0.001924
  SSC-TV-L21 trial 6: mean ARI=0.0040  n=96  157.5s  lambda_e=0.01826, lambda_z=0.001205, gamma=2.14
  SSC-TV-L21 trial 7: mean ARI=0.7451  n=96  158.5s  lambda_e=2.16, lambda_z=3.02, gamma=8.212
  SSC-TV-L21 trial 8: mean ARI=0.0204  n=96  160.7s  lambda_e=2.497, lambda_z=0.07013, gamma=1.325
  SSC-TV-L21 trial 9: mean ARI=0.7064  n=96  159.5s  lambda_e=0.02264, lambda_z=0.3628, gamma=0.003745
  SSC-TV-L21 trial 10: mean ARI=0.0263  n=96  158.3s  lambda_e=6.638, lambda_z=0.003209, gamma=0.01543
  SSC-TV-L21 trial 11: mean ARI=0.5981  n=96  165.2s  lambda_e=0.09026, lambda_z=0.7801, gamma=9.04
  SSC-TV-L21 trial 12: mean ARI=0.5614  n=96  165.2s  lambda_e=0.1362, lambda_z=8.436, gamma=0.02589
  SSC-TV-L21 trial 13: mean ARI=0.4813  n=96  165.2s  lambda_e=0.06959, lambda_z=0.484, gamma=1.058
  SSC-TV-L21 trial 14: mean ARI=0.3695  n=96  165.9s  lambda_e=0.3482, lambda_z=0.2049, gamma=0.3924
  SSC-TV-L21 trial 15: mean ARI=0.0032  n=96  165.3s  lambda_e=0.2522, lambda_z=0.01077, gamma=3.133
  SSC-TV-L21 trial 16: mean ARI=0.6531  n=96  162.9s  lambda_e=0.04067, lambda_z=1.695, gamma=0.02334
  SSC-TV-L21 trial 17: mean ARI=0.6626  n=96  159.1s  lambda_e=1.003, lambda_z=8.724, gamma=0.3458
  SSC-TV-L21 trial 18: mean ARI=0.6947  n=96  161.3s  lambda_e=0.9571, lambda_z=1.549, gamma=0.06516
  SSC-TV-L21 trial 19: mean ARI=0.7393  n=96  164.9s  lambda_e=0.01113, lambda_z=0.01991, gamma=0.006547
  SSC-TV-L21 trial 20: mean ARI=0.7466  n=96  167.8s  lambda_e=0.1963, lambda_z=3.176, gamma=3.104
  SSC-TV-L21 trial 21: mean ARI=0.7492  n=96  165.3s  lambda_e=0.1454, lambda_z=3.537, gamma=4.064
  SSC-TV-L21 trial 22: mean ARI=0.6103  n=96  165.4s  lambda_e=0.05882, lambda_z=0.8208, gamma=5.898
  SSC-TV-L21 trial 23: mean ARI=0.2463  n=96  183.5s  lambda_e=0.6535, lambda_z=0.2411, gamma=0.9539
  SSC-TV-L21 trial 24: mean ARI=0.7400  n=96  154.7s  lambda_e=0.1771, lambda_z=2.625, gamma=4.451
  SSC-TV-L21 trial 25: mean ARI=0.7401  n=96  191.8s  lambda_e=2.113, lambda_z=0.7384, gamma=0.5287
  SSC-TV-L21 trial 26: mean ARI=0.6666  n=96  160.2s  lambda_e=0.3174, lambda_z=4.62, gamma=0.1841
  SSC-TV-L21 trial 27: mean ARI=0.7707  n=96  159.0s  lambda_e=0.1001, lambda_z=9.749, gamma=1.613
  SSC-TV-L21 trial 28: mean ARI=0.7733  n=96  159.5s  lambda_e=0.04116, lambda_z=8.798, gamma=1.714
  SSC-TV-L21 trial 29: mean ARI=0.6790  n=96  156.2s  lambda_e=0.02967, lambda_z=8.782, gamma=0.08021
  SSC-TV-L21 trial 30: mean ARI=0.0968  n=96  159.9s  lambda_e=0.04617, lambda_z=0.1271, gamma=1.715
  SSC-TV-L21 trial 31: mean ARI=0.7407  n=96  166.7s  lambda_e=0.1143, lambda_z=9.788, gamma=0.7113
  SSC-TV-L21 trial 32: mean ARI=0.7546  n=96  165.7s  lambda_e=0.08418, lambda_z=1.751, gamma=0.2128
  SSC-TV-L21 trial 33: mean ARI=0.7693  n=96  138.6s  lambda_e=0.03287, lambda_z=1.305, gamma=0.238
  SSC-TV-L21 trial 34: mean ARI=0.7359  n=96  161.2s  lambda_e=0.01204, lambda_z=1.129, gamma=0.05244
  SSC-TV-L21 trial 35: mean ARI=0.7647  n=96  155.1s  lambda_e=0.03062, lambda_z=0.4581, gamma=0.1725
  SSC-TV-L21 trial 36: mean ARI=0.7528  n=96  157.0s  lambda_e=0.04691, lambda_z=5.431, gamma=0.4004
  SSC-TV-L21 trial 37: mean ARI=0.7314  n=96  157.2s  lambda_e=0.01726, lambda_z=5.716, gamma=2.078
  SSC-TV-L21 trial 38: mean ARI=0.7685  n=96  160.6s  lambda_e=0.02655, lambda_z=2.223, gamma=0.74
  SSC-TV-L21 trial 39: mean ARI=0.7686  n=96  158.8s  lambda_e=0.03031, lambda_z=2.234, gamma=0.6851
  best mean ARI=0.7733  tune 6468.5s  lambda_e=0.04116, lambda_z=8.798, gamma=1.714
  wrote /nfs/turbo/umms-minjilab/lpullela/surveillance_dataset/split_k5_hetero_trials40_params.json

============================================================
--- tune OSC over 96 train mats ---
  OSC trial 0: mean ARI=0.7200  n=96  323.5s  lambda_1=0.1, lambda_2=0.1
  OSC trial 1: mean ARI=0.7064  n=96  317.9s  lambda_1=0.1568, lambda_2=0.7257
  OSC trial 2: mean ARI=0.7107  n=96  320.0s  lambda_1=0.2577, lambda_2=0.1512
  OSC trial 3: mean ARI=0.7401  n=96  303.5s  lambda_1=0.0495, lambda_2=0.3833
  OSC trial 4: mean ARI=0.7386  n=96  317.7s  lambda_1=0.05628, lambda_2=3.691
  OSC trial 5: mean ARI=0.0059  n=96  326.2s  lambda_1=7.156, lambda_2=0.03418
  OSC trial 6: mean ARI=0.0059  n=96  317.9s  lambda_1=1.469, lambda_2=0.1305
  OSC trial 7: mean ARI=0.7043  n=96  309.5s  lambda_1=0.1871, lambda_2=5.039
  OSC trial 8: mean ARI=0.7598  n=96  333.9s  lambda_1=0.001924, lambda_2=0.002231
  OSC trial 9: mean ARI=0.7589  n=96  327.0s  lambda_1=0.001205, lambda_2=2.14
  OSC trial 10: mean ARI=0.7603  n=96  330.7s  lambda_1=0.001206, lambda_2=0.001369
  OSC trial 11: mean ARI=0.7603  n=96  325.5s  lambda_1=0.001211, lambda_2=0.001203
  OSC trial 12: mean ARI=0.7673  n=96  324.1s  lambda_1=0.007272, lambda_2=0.001044
  OSC trial 13: mean ARI=0.7643  n=96  306.6s  lambda_1=0.006333, lambda_2=0.005656
  OSC trial 14: mean ARI=0.7681  n=96  300.0s  lambda_1=0.009138, lambda_2=0.01056
  OSC trial 15: mean ARI=0.7662  n=96  300.2s  lambda_1=0.01144, lambda_2=0.01091
  OSC trial 16: mean ARI=0.7658  n=96  308.8s  lambda_1=0.01332, lambda_2=0.01177
  OSC trial 17: mean ARI=0.7631  n=96  308.0s  lambda_1=0.004777, lambda_2=0.003971
  OSC trial 18: mean ARI=0.7531  n=96  308.0s  lambda_1=0.02349, lambda_2=0.02409
  OSC trial 19: mean ARI=0.7622  n=96  309.2s  lambda_1=0.005404, lambda_2=0.004226
  OSC trial 20: mean ARI=0.6441  n=96  306.3s  lambda_1=0.8267, lambda_2=0.03669
  OSC trial 21: mean ARI=0.7599  n=96  309.5s  lambda_1=0.01969, lambda_2=0.01302
  OSC trial 22: mean ARI=0.7670  n=96  306.5s  lambda_1=0.01027, lambda_2=0.01022
  OSC trial 23: mean ARI=0.7636  n=96  303.1s  lambda_1=0.002717, lambda_2=0.002779
  OSC trial 24: mean ARI=0.7449  n=96  300.4s  lambda_1=0.03891, lambda_2=0.006378
  OSC trial 25: mean ARI=0.7669  n=96  300.3s  lambda_1=0.01028, lambda_2=0.05306
  OSC trial 26: mean ARI=0.7623  n=96  300.6s  lambda_1=0.003358, lambda_2=0.01659
  OSC trial 27: mean ARI=0.7453  n=96  300.3s  lambda_1=0.0283, lambda_2=0.001038
  OSC trial 28: mean ARI=0.7681  n=96  299.9s  lambda_1=0.008916, lambda_2=0.007645
  OSC trial 29: mean ARI=0.7244  n=96  299.2s  lambda_1=0.08434, lambda_2=0.002167
  OSC trial 30: mean ARI=0.7636  n=96  300.3s  lambda_1=0.002535, lambda_2=0.006405
  OSC trial 31: mean ARI=0.7652  n=96  299.8s  lambda_1=0.0084, lambda_2=0.05001
  OSC trial 32: mean ARI=0.7593  n=96  299.3s  lambda_1=0.01871, lambda_2=0.0205
  OSC trial 33: mean ARI=0.7684  n=96  299.1s  lambda_1=0.004577, lambda_2=0.07849
  OSC trial 34: mean ARI=0.7599  n=96  297.0s  lambda_1=0.004555, lambda_2=0.3059
  OSC trial 35: mean ARI=0.7224  n=96  297.3s  lambda_1=0.09786, lambda_2=0.3404
  OSC trial 36: mean ARI=0.7584  n=96  297.7s  lambda_1=0.00656, lambda_2=0.0945
  OSC trial 37: mean ARI=0.7397  n=96  295.5s  lambda_1=0.0432, lambda_2=1.381
  OSC trial 38: mean ARI=0.7607  n=96  296.9s  lambda_1=0.002052, lambda_2=0.08407
  OSC trial 39: mean ARI=0.0059  n=96  295.0s  lambda_1=8.782, lambda_2=0.5814
  best mean ARI=0.7684  tune 12322.3s  lambda_1=0.004577, lambda_2=0.07849
  wrote /nfs/turbo/umms-minjilab/lpullela/surveillance_dataset/split_k5_hetero_trials40_params.json

============================================================
--- tune TKSS over 96 train mats ---
  TKSS trial 0: mean ARI=0.6102  n=96  56.6s  d=5, lam=1, s=2
  TKSS trial 1: mean ARI=0.6015  n=96  56.1s  d=9, lam=1.398, s=4
  TKSS trial 2: mean ARI=0.6071  n=96  56.1s  d=9, lam=0.1866, s=4
  TKSS trial 3: mean ARI=0.5995  n=96  65.0s  d=7, lam=4.735, s=6
  TKSS trial 4: mean ARI=0.6038  n=96  67.8s  d=6, lam=2.372, s=4
  TKSS trial 5: mean ARI=0.6087  n=96  40.1s  d=9, lam=5.981, s=1
  TKSS trial 6: mean ARI=0.6144  n=96  61.6s  d=2, lam=0.0115, s=5
  TKSS trial 7: mean ARI=0.5959  n=96  66.2s  d=12, lam=4.074, s=6
  TKSS trial 8: mean ARI=0.6048  n=96  57.0s  d=12, lam=0.2423, s=5
  TKSS trial 9: mean ARI=0.6182  n=96  65.5s  d=2, lam=0.8313, s=1
  TKSS trial 10: mean ARI=0.6108  n=96  40.5s  d=15, lam=0.01463, s=2
  TKSS trial 11: mean ARI=0.6247  n=96  94.6s  d=1, lam=0.01211, s=1
  TKSS trial 12: mean ARI=0.6311  n=96  98.3s  d=1, lam=0.05148, s=1
  TKSS trial 13: mean ARI=0.6374  n=96  99.2s  d=1, lam=0.04219, s=2
  TKSS trial 14: mean ARI=0.6169  n=96  53.0s  d=4, lam=0.05159, s=2
  TKSS trial 15: mean ARI=0.6196  n=96  55.7s  d=3, lam=0.0505, s=3
  TKSS trial 16: mean ARI=0.6421  n=96  95.6s  d=1, lam=0.04751, s=3
  TKSS trial 17: mean ARI=0.6170  n=96  61.9s  d=4, lam=0.1435, s=3
  TKSS trial 18: mean ARI=0.6373  n=96  98.2s  d=1, lam=0.03029, s=3
  TKSS trial 19: mean ARI=0.6180  n=96  63.4s  d=3, lam=0.4124, s=2
  TKSS trial 20: mean ARI=0.6147  n=96  51.6s  d=6, lam=0.1034, s=3
  TKSS trial 21: mean ARI=0.6374  n=96  97.4s  d=1, lam=0.02508, s=3
  TKSS trial 22: mean ARI=0.6154  n=96  55.4s  d=3, lam=0.02572, s=3
  TKSS trial 23: mean ARI=0.6453  n=96  97.3s  d=1, lam=0.08609, s=2
  TKSS trial 24: mean ARI=0.6182  n=96  63.4s  d=2, lam=0.0975, s=2
  TKSS trial 25: mean ARI=0.6151  n=96  54.3s  d=4, lam=0.3537, s=2
  TKSS trial 26: mean ARI=0.6197  n=96  63.5s  d=2, lam=0.08721, s=2
  TKSS trial 27: mean ARI=0.6500  n=96  95.9s  d=1, lam=0.03689, s=4
  TKSS trial 28: mean ARI=0.6188  n=96  59.4s  d=3, lam=0.07696, s=4
  TKSS trial 29: mean ARI=0.6194  n=96  55.2s  d=4, lam=0.01975, s=5
  TKSS trial 30: mean ARI=0.6076  n=96  64.2s  d=6, lam=0.3228, s=4
  TKSS trial 31: mean ARI=0.6378  n=96  100.2s  d=1, lam=0.04275, s=2
  TKSS trial 32: mean ARI=0.6208  n=96  63.9s  d=2, lam=0.07128, s=3
  TKSS trial 33: mean ARI=0.6670  n=96  115.2s  d=1, lam=0.1491, s=4
  TKSS trial 34: mean ARI=0.6208  n=96  75.2s  d=2, lam=0.136, s=4
  TKSS trial 35: mean ARI=0.6092  n=96  71.3s  d=5, lam=0.8149, s=4
  TKSS trial 36: mean ARI=0.6123  n=96  69.0s  d=3, lam=0.1704, s=5
  TKSS trial 37: mean ARI=0.6171  n=96  53.0s  d=5, lam=0.01896, s=4
  TKSS trial 38: mean ARI=0.6745  n=96  123.4s  d=1, lam=0.2279, s=4
  TKSS trial 39: mean ARI=0.6144  n=96  89.5s  d=2, lam=0.2265, s=5
  best mean ARI=0.6745  tune 2870.7s  d=1, lam=0.2279, s=4
  wrote /nfs/turbo/umms-minjilab/lpullela/surveillance_dataset/split_k5_hetero_trials40_params.json

=== P1E_S1_C1 train[0] k=5  dim=9216  frames=191  σ=mixed ===
  SSC-TV-L21: ACC=0.8586  NMI=0.8037  ARI=0.6983  1.9s
  OSC: ACC=0.8639  NMI=0.8253  ARI=0.7168  3.9s
  BDOSC: ACC=0.8586  NMI=0.7770  ARI=0.7065  3.2s
  TKSS: ACC=0.8168  NMI=0.7359  ARI=0.6216  1.5s

=== P1E_S1_C1 train[1] k=5  dim=9216  frames=145  σ=mixed ===
  SSC-TV-L21: ACC=0.8966  NMI=0.8599  ARI=0.8234  1.4s
  OSC: ACC=0.7034  NMI=0.7695  ARI=0.6386  2.8s
  BDOSC: ACC=0.7172  NMI=0.6729  ARI=0.5075  1.8s
  TKSS: ACC=0.7793  NMI=0.7659  ARI=0.6635  0.9s

=== P1E_S1_C1 train[2] k=5  dim=9216  frames=169  σ=mixed ===
  SSC-TV-L21: ACC=0.4911  NMI=0.7222  ARI=0.4697  1.7s
  OSC: ACC=0.4970  NMI=0.6309  ARI=0.3658  3.3s
  BDOSC: ACC=0.6213  NMI=0.7145  ARI=0.5213  2.5s
  TKSS: ACC=0.5385  NMI=0.5740  ARI=0.3820  2.1s

=== P1E_S1_C1 train[3] k=5  dim=9216  frames=133  σ=mixed ===
  SSC-TV-L21: ACC=0.7895  NMI=0.8389  ARI=0.8120  1.3s
  OSC: ACC=0.7970  NMI=0.8592  ARI=0.8290  2.6s
  BDOSC: ACC=0.6692  NMI=0.7197  ARI=0.5699  1.6s
  TKSS: ACC=0.8045  NMI=0.7818  ARI=0.7098  1.3s

=== P1E_S1_C2 train[0] k=5  dim=9216  frames=149  σ=mixed ===
  SSC-TV-L21: ACC=0.8121  NMI=0.8454  ARI=0.7908  1.4s
  OSC: ACC=0.8121  NMI=0.8481  ARI=0.7537  2.9s
  BDOSC: ACC=0.6711  NMI=0.6858  ARI=0.5686  1.9s
  TKSS: ACC=0.7114  NMI=0.6585  ARI=0.5408  1.1s

=== P1E_S1_C2 train[1] k=5  dim=9216  frames=106  σ=mixed ===
  SSC-TV-L21: ACC=0.9340  NMI=0.9022  ARI=0.8378  0.9s
  OSC: ACC=1.0000  NMI=1.0000  ARI=1.0000  1.9s
  BDOSC: ACC=0.8679  NMI=0.7668  ARI=0.6655  1.1s
  TKSS: ACC=0.6792  NMI=0.7494  ARI=0.6040  0.7s

=== P1E_S1_C2 train[2] k=5  dim=9216  frames=194  σ=mixed ===
  SSC-TV-L21: ACC=0.6701  NMI=0.7105  ARI=0.5422  2.1s
  OSC: ACC=0.6598  NMI=0.6947  ARI=0.5111  4.1s
  BDOSC: ACC=0.8196  NMI=0.7267  ARI=0.6163  3.1s
  TKSS: ACC=0.8041  NMI=0.6813  ARI=0.5506  2.8s

=== P1E_S1_C2 train[3] k=5  dim=9216  frames=133  σ=mixed ===
  SSC-TV-L21: ACC=0.8722  NMI=0.8361  ARI=0.7377  1.3s
  OSC: ACC=0.9850  NMI=0.9586  ARI=0.9661  2.6s
  BDOSC: ACC=0.7519  NMI=0.7863  ARI=0.6723  1.7s
  TKSS: ACC=0.7594  NMI=0.7410  ARI=0.5928  0.8s

=== P1E_S1_C3 train[0] k=5  dim=9216  frames=98  σ=mixed ===
  SSC-TV-L21: ACC=0.9490  NMI=0.8819  ARI=0.8818  0.8s
  OSC: ACC=0.9592  NMI=0.9186  ARI=0.9076  1.7s
  BDOSC: ACC=0.8571  NMI=0.7733  ARI=0.6850  1.0s
  TKSS: ACC=0.8776  NMI=0.7862  ARI=0.7385  0.4s

=== P1E_S1_C3 train[1] k=5  dim=9216  frames=93  σ=mixed ===
  SSC-TV-L21: ACC=0.9355  NMI=0.8867  ARI=0.8494  0.8s
  OSC: ACC=0.9785  NMI=0.9546  ARI=0.9423  1.6s
  BDOSC: ACC=0.7312  NMI=0.6611  ARI=0.4942  0.9s
  TKSS: ACC=0.8925  NMI=0.8545  ARI=0.7925  0.3s

=== P1E_S1_C3 train[2] k=5  dim=9216  frames=68  σ=mixed ===
  SSC-TV-L21: ACC=0.9265  NMI=0.8502  ARI=0.8316  0.6s
  OSC: ACC=0.8676  NMI=0.9096  ARI=0.8308  1.1s
  BDOSC: ACC=0.8529  NMI=0.7888  ARI=0.7261  0.5s
  TKSS: ACC=0.8235  NMI=0.7526  ARI=0.6530  0.1s

=== P1E_S1_C3 train[3] k=5  dim=9216  frames=87  σ=mixed ===
  SSC-TV-L21: ACC=0.9425  NMI=0.8973  ARI=0.8735  0.7s
  OSC: ACC=0.9425  NMI=0.8826  ARI=0.8640  1.5s
  BDOSC: ACC=0.8966  NMI=0.8264  ARI=0.7711  0.8s
  TKSS: ACC=0.9425  NMI=0.8974  ARI=0.8712  0.3s

=== P1E_S2_C1 train[0] k=5  dim=9216  frames=192  σ=mixed ===
  SSC-TV-L21: ACC=0.7969  NMI=0.7775  ARI=0.6404  1.9s
  OSC: ACC=0.9219  NMI=0.8942  ARI=0.8445  3.8s
  BDOSC: ACC=0.7812  NMI=0.7305  ARI=0.6141  3.1s
  TKSS: ACC=0.6615  NMI=0.5389  ARI=0.3257  2.0s

=== P1E_S2_C1 train[1] k=5  dim=9216  frames=177  σ=mixed ===
  SSC-TV-L21: ACC=0.9096  NMI=0.8732  ARI=0.8019  1.8s
  OSC: ACC=0.8362  NMI=0.8977  ARI=0.8400  3.6s
  BDOSC: ACC=0.7062  NMI=0.7333  ARI=0.6075  2.6s
  TKSS: ACC=0.9266  NMI=0.8919  ARI=0.8770  2.4s

=== P1E_S2_C1 train[2] k=5  dim=9216  frames=171  σ=mixed ===
  SSC-TV-L21: ACC=0.6374  NMI=0.7315  ARI=0.5007  1.8s
  OSC: ACC=0.6257  NMI=0.7252  ARI=0.4872  3.4s
  BDOSC: ACC=0.6316  NMI=0.6870  ARI=0.5105  2.6s
  TKSS: ACC=0.6433  NMI=0.6044  ARI=0.4184  1.2s

=== P1E_S2_C1 train[3] k=5  dim=9216  frames=146  σ=mixed ===
  SSC-TV-L21: ACC=0.6233  NMI=0.7417  ARI=0.5500  1.4s
  OSC: ACC=0.7671  NMI=0.8771  ARI=0.7757  2.9s
  BDOSC: ACC=0.8425  NMI=0.7961  ARI=0.6646  2.0s
  TKSS: ACC=0.6849  NMI=0.6151  ARI=0.4083  1.2s

=== P1E_S2_C2 train[0] k=5  dim=9216  frames=151  σ=mixed ===
  SSC-TV-L21: ACC=0.7748  NMI=0.8219  ARI=0.7343  1.4s
  OSC: ACC=0.8146  NMI=0.8334  ARI=0.7703  3.0s
  BDOSC: ACC=0.7417  NMI=0.8064  ARI=0.7151  2.0s
  TKSS: ACC=0.6821  NMI=0.6594  ARI=0.5057  0.8s

=== P1E_S2_C2 train[1] k=5  dim=9216  frames=148  σ=mixed ===
  SSC-TV-L21: ACC=0.9797  NMI=0.9481  ARI=0.9514  1.4s
  OSC: ACC=1.0000  NMI=1.0000  ARI=1.0000  2.9s
  BDOSC: ACC=0.6892  NMI=0.6971  ARI=0.5560  2.0s
  TKSS: ACC=0.7162  NMI=0.7626  ARI=0.6625  0.8s

=== P1E_S2_C2 train[2] k=5  dim=9216  frames=165  σ=mixed ===
  SSC-TV-L21: ACC=0.8424  NMI=0.7955  ARI=0.6948  1.6s
  OSC: ACC=1.0000  NMI=1.0000  ARI=1.0000  3.3s
  BDOSC: ACC=0.8485  NMI=0.7567  ARI=0.6668  2.3s
  TKSS: ACC=0.8970  NMI=0.8597  ARI=0.8005  0.4s

=== P1E_S2_C2 train[3] k=5  dim=9216  frames=172  σ=mixed ===
  SSC-TV-L21: ACC=0.7674  NMI=0.8013  ARI=0.6907  1.7s
  OSC: ACC=0.8140  NMI=0.8080  ARI=0.7140  3.4s
  BDOSC: ACC=0.6105  NMI=0.7427  ARI=0.5559  2.6s
  TKSS: ACC=0.8081  NMI=0.7737  ARI=0.6651  1.2s

=== P1E_S2_C3 train[0] k=5  dim=9216  frames=132  σ=mixed ===
  SSC-TV-L21: ACC=0.8939  NMI=0.8484  ARI=0.7797  1.2s
  OSC: ACC=0.9697  NMI=0.9311  ARI=0.9293  2.6s
  BDOSC: ACC=0.7803  NMI=0.8175  ARI=0.7458  1.6s
  TKSS: ACC=0.8409  NMI=0.7784  ARI=0.6853  0.6s

=== P1E_S2_C3 train[1] k=5  dim=9216  frames=148  σ=mixed ===
  SSC-TV-L21: ACC=0.9932  NMI=0.9806  ARI=0.9805  1.4s
  OSC: ACC=1.0000  NMI=1.0000  ARI=1.0000  2.9s
  BDOSC: ACC=0.7162  NMI=0.7176  ARI=0.5601  2.0s
  TKSS: ACC=0.9932  NMI=0.9806  ARI=0.9805  0.9s

=== P1E_S2_C3 train[2] k=5  dim=9216  frames=132  σ=mixed ===
  SSC-TV-L21: ACC=0.9242  NMI=0.8730  ARI=0.8108  1.2s
  OSC: ACC=0.8561  NMI=0.8526  ARI=0.7883  2.5s
  BDOSC: ACC=0.7500  NMI=0.6795  ARI=0.5095  1.5s
  TKSS: ACC=0.6742  NMI=0.6287  ARI=0.4647  0.5s

=== P1E_S2_C3 train[3] k=5  dim=9216  frames=153  σ=mixed ===
  SSC-TV-L21: ACC=0.9477  NMI=0.8963  ARI=0.8853  1.5s
  OSC: ACC=0.7582  NMI=0.8454  ARI=0.7291  3.1s
  BDOSC: ACC=0.9150  NMI=0.8539  ARI=0.8355  2.1s
  TKSS: ACC=0.9477  NMI=0.8793  ARI=0.8707  0.8s

=== P1E_S3_C1 train[0] k=5  dim=9216  frames=195  σ=mixed ===
  SSC-TV-L21: ACC=0.7590  NMI=0.7593  ARI=0.5875  2.1s
  OSC: ACC=0.7538  NMI=0.7942  ARI=0.6594  4.3s
  BDOSC: ACC=0.6051  NMI=0.6992  ARI=0.4567  3.3s
  TKSS: ACC=0.6564  NMI=0.6000  ARI=0.4124  2.9s

=== P1E_S3_C1 train[1] k=5  dim=9216  frames=194  σ=mixed ===
  SSC-TV-L21: ACC=0.9124  NMI=0.8778  ARI=0.8468  2.1s
  OSC: ACC=0.8093  NMI=0.8587  ARI=0.7632  4.1s
  BDOSC: ACC=0.6907  NMI=0.7191  ARI=0.6007  3.1s
  TKSS: ACC=0.9330  NMI=0.8960  ARI=0.8742  1.3s

=== P1E_S3_C1 train[2] k=5  dim=9216  frames=134  σ=mixed ===
  SSC-TV-L21: ACC=0.6343  NMI=0.7263  ARI=0.5435  1.3s
  OSC: ACC=0.6567  NMI=0.7615  ARI=0.5756  2.7s
  BDOSC: ACC=0.6716  NMI=0.6878  ARI=0.5540  1.6s
  TKSS: ACC=0.6567  NMI=0.7294  ARI=0.5681  0.7s

=== P1E_S3_C1 train[3] k=5  dim=9216  frames=180  σ=mixed ===
  SSC-TV-L21: ACC=0.7889  NMI=0.8612  ARI=0.7509  1.8s
  OSC: ACC=0.7278  NMI=0.7613  ARI=0.5959  3.7s
  BDOSC: ACC=0.6556  NMI=0.7071  ARI=0.5635  2.9s
  TKSS: ACC=0.6556  NMI=0.6736  ARI=0.4701  1.3s

=== P1E_S3_C2 train[0] k=5  dim=9216  frames=137  σ=mixed ===
  SSC-TV-L21: ACC=0.7591  NMI=0.8325  ARI=0.7381  1.3s
  OSC: ACC=0.8102  NMI=0.8779  ARI=0.7883  2.6s
  BDOSC: ACC=0.8248  NMI=0.8127  ARI=0.7998  1.7s
  TKSS: ACC=0.7591  NMI=0.7234  ARI=0.5999  0.7s

=== P1E_S3_C2 train[1] k=5  dim=9216  frames=181  σ=mixed ===
  SSC-TV-L21: ACC=0.8950  NMI=0.8452  ARI=0.8219  1.8s
  OSC: ACC=0.9448  NMI=0.9111  ARI=0.9135  3.8s
  BDOSC: ACC=0.6961  NMI=0.7348  ARI=0.6102  2.8s
  TKSS: ACC=0.8895  NMI=0.8073  ARI=0.7850  2.1s

=== P1E_S3_C2 train[2] k=5  dim=9216  frames=202  σ=mixed ===
  SSC-TV-L21: ACC=0.7970  NMI=0.8453  ARI=0.7325  2.2s
  OSC: ACC=0.8218  NMI=0.8757  ARI=0.7669  4.3s
  BDOSC: ACC=0.8465  NMI=0.8289  ARI=0.7697  3.5s
  TKSS: ACC=0.6584  NMI=0.6578  ARI=0.4788  3.0s

=== P1E_S3_C2 train[3] k=5  dim=9216  frames=179  σ=mixed ===
  SSC-TV-L21: ACC=0.6257  NMI=0.7222  ARI=0.4908  1.8s
  OSC: ACC=0.6313  NMI=0.7229  ARI=0.4929  3.7s
  BDOSC: ACC=0.6592  NMI=0.7166  ARI=0.5824  2.7s
  TKSS: ACC=0.6480  NMI=0.7100  ARI=0.5371  1.8s

=== P1E_S3_C3 train[0] k=5  dim=9216  frames=158  σ=mixed ===
  SSC-TV-L21: ACC=0.9747  NMI=0.9349  ARI=0.9372  1.5s
  OSC: ACC=0.9747  NMI=0.9503  ARI=0.9353  3.1s
  BDOSC: ACC=0.9367  NMI=0.8677  ARI=0.8444  2.2s
  TKSS: ACC=0.9747  NMI=0.9349  ARI=0.9373  0.8s

=== P1E_S3_C3 train[1] k=5  dim=9216  frames=122  σ=mixed ===
  SSC-TV-L21: ACC=1.0000  NMI=1.0000  ARI=1.0000  1.1s
  OSC: ACC=1.0000  NMI=1.0000  ARI=1.0000  2.2s
  BDOSC: ACC=0.8197  NMI=0.7476  ARI=0.6520  1.3s
  TKSS: ACC=0.8607  NMI=0.8460  ARI=0.7750  0.9s

=== P1E_S3_C3 train[2] k=5  dim=9216  frames=157  σ=mixed ===
  SSC-TV-L21: ACC=0.7134  NMI=0.8049  ARI=0.6332  1.5s
  OSC: ACC=0.7134  NMI=0.8049  ARI=0.6332  3.1s
  BDOSC: ACC=0.7134  NMI=0.6992  ARI=0.5147  2.2s
  TKSS: ACC=0.7261  NMI=0.8347  ARI=0.7195  1.1s

=== P1E_S3_C3 train[3] k=5  dim=9216  frames=167  σ=mixed ===
  SSC-TV-L21: ACC=0.7545  NMI=0.8554  ARI=0.7311  1.7s
  OSC: ACC=0.7425  NMI=0.8708  ARI=0.7394  3.4s
  BDOSC: ACC=0.6527  NMI=0.7097  ARI=0.5684  2.5s
  TKSS: ACC=0.7006  NMI=0.7521  ARI=0.5421  1.8s

=== P1E_S4_C1 train[0] k=5  dim=9216  frames=164  σ=mixed ===
  SSC-TV-L21: ACC=0.8780  NMI=0.8643  ARI=0.8461  1.6s
  OSC: ACC=0.8963  NMI=0.9109  ARI=0.8868  3.3s
  BDOSC: ACC=0.7439  NMI=0.7401  ARI=0.6152  2.3s
  TKSS: ACC=0.7622  NMI=0.6737  ARI=0.5332  1.1s

=== P1E_S4_C1 train[1] k=5  dim=9216  frames=159  σ=mixed ===
  SSC-TV-L21: ACC=0.8050  NMI=0.8532  ARI=0.7570  1.6s
  OSC: ACC=0.7987  NMI=0.8525  ARI=0.7546  3.2s
  BDOSC: ACC=0.5912  NMI=0.6375  ARI=0.4634  2.2s
  TKSS: ACC=0.6604  NMI=0.6428  ARI=0.4947  1.7s

=== P1E_S4_C1 train[2] k=5  dim=9216  frames=182  σ=mixed ===
  SSC-TV-L21: ACC=0.9011  NMI=0.8715  ARI=0.8192  1.8s
  OSC: ACC=0.6209  NMI=0.7203  ARI=0.4969  3.8s
  BDOSC: ACC=0.7418  NMI=0.6725  ARI=0.5395  2.8s
  TKSS: ACC=0.8022  NMI=0.7282  ARI=0.6070  1.8s

=== P1E_S4_C1 train[3] k=5  dim=9216  frames=196  σ=mixed ===
  SSC-TV-L21: ACC=0.6122  NMI=0.7463  ARI=0.5588  2.1s
  OSC: ACC=0.6224  NMI=0.7623  ARI=0.5713  4.1s
  BDOSC: ACC=0.5918  NMI=0.7092  ARI=0.5228  3.2s
  TKSS: ACC=0.7296  NMI=0.6184  ARI=0.4700  1.8s

=== P1E_S4_C2 train[0] k=5  dim=9216  frames=170  σ=mixed ===
  SSC-TV-L21: ACC=0.9353  NMI=0.8877  ARI=0.8526  1.7s
  OSC: ACC=0.9471  NMI=0.9048  ARI=0.8806  3.4s
  BDOSC: ACC=0.9353  NMI=0.8727  ARI=0.8391  2.4s
  TKSS: ACC=0.8647  NMI=0.7882  ARI=0.7066  1.1s

=== P1E_S4_C2 train[1] k=5  dim=9216  frames=121  σ=mixed ===
  SSC-TV-L21: ACC=0.8760  NMI=0.8340  ARI=0.7638  1.1s
  OSC: ACC=0.9835  NMI=0.9541  ARI=0.9584  2.3s
  BDOSC: ACC=0.6116  NMI=0.6697  ARI=0.4827  1.4s
  TKSS: ACC=0.6612  NMI=0.7191  ARI=0.5748  0.1s

=== P1E_S4_C2 train[2] k=5  dim=9216  frames=182  σ=mixed ===
  SSC-TV-L21: ACC=0.9890  NMI=0.9721  ARI=0.9706  1.8s
  OSC: ACC=1.0000  NMI=1.0000  ARI=1.0000  3.8s
  BDOSC: ACC=0.5824  NMI=0.6500  ARI=0.4651  2.7s
  TKSS: ACC=0.9341  NMI=0.8876  ARI=0.8498  2.0s

=== P1E_S4_C2 train[3] k=5  dim=9216  frames=155  σ=mixed ===
  SSC-TV-L21: ACC=0.6774  NMI=0.7777  ARI=0.6297  1.5s
  OSC: ACC=0.7484  NMI=0.8767  ARI=0.7606  3.1s
  BDOSC: ACC=0.6839  NMI=0.6957  ARI=0.5420  2.0s
  TKSS: ACC=0.6774  NMI=0.6869  ARI=0.5821  0.7s

=== P1E_S4_C3 train[0] k=5  dim=9216  frames=132  σ=mixed ===
  SSC-TV-L21: ACC=0.9470  NMI=0.8793  ARI=0.8663  1.3s
  OSC: ACC=0.9697  NMI=0.9244  ARI=0.9215  2.7s
  BDOSC: ACC=0.8106  NMI=0.7756  ARI=0.6673  1.6s
  TKSS: ACC=0.9091  NMI=0.8423  ARI=0.7850  0.4s

=== P1E_S4_C3 train[1] k=5  dim=9216  frames=138  σ=mixed ===
  SSC-TV-L21: ACC=0.9638  NMI=0.9384  ARI=0.9148  1.3s
  OSC: ACC=0.9420  NMI=0.8972  ARI=0.8600  2.7s
  BDOSC: ACC=0.8841  NMI=0.7926  ARI=0.7406  1.7s
  TKSS: ACC=0.9275  NMI=0.8639  ARI=0.8207  0.8s

=== P1E_S4_C3 train[2] k=5  dim=9216  frames=147  σ=mixed ===
  SSC-TV-L21: ACC=0.9660  NMI=0.9210  ARI=0.9151  1.5s
  OSC: ACC=0.9592  NMI=0.9068  ARI=0.9006  3.0s
  BDOSC: ACC=0.7959  NMI=0.7323  ARI=0.6213  1.9s
  TKSS: ACC=0.9796  NMI=0.9502  ARI=0.9487  0.3s

=== P1E_S4_C3 train[3] k=5  dim=9216  frames=85  σ=mixed ===
  SSC-TV-L21: ACC=0.9294  NMI=0.8794  ARI=0.8380  0.7s
  OSC: ACC=0.9647  NMI=0.9391  ARI=0.9172  1.5s
  BDOSC: ACC=0.6118  NMI=0.7060  ARI=0.5040  0.8s
  TKSS: ACC=0.9059  NMI=0.8450  ARI=0.7881  0.2s

=== P1L_S1_C1 train[0] k=5  dim=9216  frames=157  σ=mixed ===
  SSC-TV-L21: ACC=0.7134  NMI=0.7351  ARI=0.5426  1.5s
  OSC: ACC=0.7707  NMI=0.8488  ARI=0.7172  3.1s
  BDOSC: ACC=0.7771  NMI=0.7234  ARI=0.6025  2.2s
  TKSS: ACC=0.7261  NMI=0.7291  ARI=0.5484  0.8s

=== P1L_S1_C1 train[1] k=5  dim=9216  frames=111  σ=mixed ===
  SSC-TV-L21: ACC=0.8919  NMI=0.8943  ARI=0.8236  1.0s
  OSC: ACC=0.8739  NMI=0.8886  ARI=0.8086  2.1s
  BDOSC: ACC=0.7207  NMI=0.7484  ARI=0.6594  1.2s
  TKSS: ACC=0.8018  NMI=0.8197  ARI=0.7317  0.6s

=== P1L_S1_C1 train[2] k=5  dim=9216  frames=142  σ=mixed ===
  SSC-TV-L21: ACC=0.9014  NMI=0.8799  ARI=0.7690  1.3s
  OSC: ACC=0.9014  NMI=0.8799  ARI=0.7690  2.7s
  BDOSC: ACC=0.7042  NMI=0.7020  ARI=0.5401  1.8s
  TKSS: ACC=0.7394  NMI=0.8179  ARI=0.6969  1.7s

=== P1L_S1_C1 train[3] k=5  dim=9216  frames=178  σ=mixed ===
  SSC-TV-L21: ACC=0.9944  NMI=0.9830  ARI=0.9855  1.8s
  OSC: ACC=1.0000  NMI=1.0000  ARI=1.0000  3.6s
  BDOSC: ACC=0.9101  NMI=0.8259  ARI=0.7962  2.7s
  TKSS: ACC=0.8315  NMI=0.7966  ARI=0.7429  1.5s

=== P1L_S1_C2 train[0] k=5  dim=9216  frames=243  σ=mixed ===
  SSC-TV-L21: ACC=0.9877  NMI=0.9626  ARI=0.9694  2.9s
  OSC: ACC=0.6091  NMI=0.7292  ARI=0.4850  6.0s
  BDOSC: ACC=0.8107  NMI=0.7848  ARI=0.6936  4.8s
  TKSS: ACC=0.7901  NMI=0.7372  ARI=0.6561  3.4s

=== P1L_S1_C2 train[1] k=5  dim=9216  frames=131  σ=mixed ===
  SSC-TV-L21: ACC=0.9847  NMI=0.9600  ARI=0.9668  1.2s
  OSC: ACC=1.0000  NMI=1.0000  ARI=1.0000  2.5s
  BDOSC: ACC=0.9008  NMI=0.8241  ARI=0.7942  1.5s
  TKSS: ACC=0.9008  NMI=0.8564  ARI=0.8158  0.6s

=== P1L_S1_C2 train[2] k=5  dim=9216  frames=141  σ=mixed ===
  SSC-TV-L21: ACC=0.7660  NMI=0.8060  ARI=0.7038  1.3s
  OSC: ACC=0.7943  NMI=0.8763  ARI=0.7611  2.7s
  BDOSC: ACC=0.7660  NMI=0.8245  ARI=0.7161  1.7s
  TKSS: ACC=0.7376  NMI=0.7777  ARI=0.6539  0.9s

=== P1L_S1_C2 train[3] k=5  dim=9216  frames=184  σ=mixed ===
  SSC-TV-L21: ACC=0.7228  NMI=0.7820  ARI=0.6643  1.8s
  OSC: ACC=0.7228  NMI=0.7820  ARI=0.6643  3.6s
  BDOSC: ACC=0.7826  NMI=0.7361  ARI=0.6317  2.8s
  TKSS: ACC=0.7228  NMI=0.7820  ARI=0.6643  0.9s

=== P1L_S1_C3 train[0] k=5  dim=9216  frames=108  σ=mixed ===
  SSC-TV-L21: ACC=0.6759  NMI=0.7789  ARI=0.5910  0.9s
  OSC: ACC=0.6296  NMI=0.7382  ARI=0.4995  2.0s
  BDOSC: ACC=0.9074  NMI=0.8237  ARI=0.7808  1.1s
  TKSS: ACC=0.9352  NMI=0.8959  ARI=0.8472  0.3s

=== P1L_S1_C3 train[1] k=5  dim=9216  frames=105  σ=mixed ===
  SSC-TV-L21: ACC=0.7714  NMI=0.8002  ARI=0.6510  0.9s
  OSC: ACC=0.7905  NMI=0.8711  ARI=0.7357  1.9s
  BDOSC: ACC=0.8571  NMI=0.7700  ARI=0.6971  1.1s
  TKSS: ACC=0.8571  NMI=0.8748  ARI=0.7463  0.6s

=== P1L_S1_C3 train[2] k=5  dim=9216  frames=113  σ=mixed ===
  SSC-TV-L21: ACC=0.7168  NMI=0.7793  ARI=0.5846  1.0s
  OSC: ACC=0.9027  NMI=0.8846  ARI=0.7755  2.1s
  BDOSC: ACC=0.8496  NMI=0.7972  ARI=0.7107  1.2s
  TKSS: ACC=0.8053  NMI=0.7519  ARI=0.6384  0.7s

=== P1L_S1_C3 train[3] k=5  dim=9216  frames=90  σ=mixed ===
  SSC-TV-L21: ACC=0.7333  NMI=0.8388  ARI=0.7020  0.8s
  OSC: ACC=0.7444  NMI=0.8659  ARI=0.7282  1.6s
  BDOSC: ACC=0.6556  NMI=0.6527  ARI=0.4440  0.9s
  TKSS: ACC=0.8222  NMI=0.7637  ARI=0.6244  0.4s

=== P1L_S2_C1 train[0] k=5  dim=9216  frames=177  σ=mixed ===
  SSC-TV-L21: ACC=0.8814  NMI=0.8465  ARI=0.7630  1.7s
  OSC: ACC=0.8814  NMI=0.8542  ARI=0.7676  3.6s
  BDOSC: ACC=0.7797  NMI=0.7339  ARI=0.6190  2.6s
  TKSS: ACC=0.8362  NMI=0.7646  ARI=0.6840  2.0s

=== P1L_S2_C1 train[1] k=5  dim=9216  frames=191  σ=mixed ===
  SSC-TV-L21: ACC=0.9948  NMI=0.9837  ARI=0.9848  2.0s
  OSC: ACC=1.0000  NMI=1.0000  ARI=1.0000  4.1s
  BDOSC: ACC=0.7539  NMI=0.8509  ARI=0.7329  3.0s
  TKSS: ACC=0.7696  NMI=0.8314  ARI=0.7242  1.7s

=== P1L_S2_C1 train[2] k=5  dim=9216  frames=234  σ=mixed ===
  SSC-TV-L21: ACC=0.7479  NMI=0.8246  ARI=0.7302  2.7s
  OSC: ACC=0.7479  NMI=0.8225  ARI=0.7281  5.7s
  BDOSC: ACC=0.7991  NMI=0.7581  ARI=0.6567  4.5s
  TKSS: ACC=0.9530  NMI=0.9227  ARI=0.9068  1.6s

=== P1L_S2_C1 train[3] k=5  dim=9216  frames=157  σ=mixed ===
  SSC-TV-L21: ACC=0.5541  NMI=0.7149  ARI=0.5030  1.5s
  OSC: ACC=0.8408  NMI=0.8180  ARI=0.6345  3.1s
  BDOSC: ACC=0.7643  NMI=0.7569  ARI=0.6835  2.3s
  TKSS: ACC=0.7325  NMI=0.6518  ARI=0.4974  1.0s

=== P1L_S2_C2 train[0] k=5  dim=9216  frames=220  σ=mixed ===
  SSC-TV-L21: ACC=0.9909  NMI=0.9771  ARI=0.9791  2.5s
  OSC: ACC=0.9955  NMI=0.9866  ARI=0.9894  4.9s
  BDOSC: ACC=0.6864  NMI=0.7648  ARI=0.6181  4.0s
  TKSS: ACC=0.9000  NMI=0.8493  ARI=0.8155  1.6s

=== P1L_S2_C2 train[1] k=5  dim=9216  frames=196  σ=mixed ===
  SSC-TV-L21: ACC=0.9541  NMI=0.9286  ARI=0.8978  2.1s
  OSC: ACC=0.9031  NMI=0.8949  ARI=0.8184  4.2s
  BDOSC: ACC=0.9286  NMI=0.8529  ARI=0.8278  3.3s
  TKSS: ACC=0.9337  NMI=0.8958  ARI=0.8597  3.1s

=== P1L_S2_C2 train[2] k=5  dim=9216  frames=166  σ=mixed ===
  SSC-TV-L21: ACC=0.8735  NMI=0.8501  ARI=0.8112  1.6s
  OSC: ACC=0.8735  NMI=0.8462  ARI=0.8097  3.4s
  BDOSC: ACC=0.5723  NMI=0.6691  ARI=0.4806  2.4s
  TKSS: ACC=0.6145  NMI=0.7561  ARI=0.5506  1.4s

=== P1L_S2_C2 train[3] k=5  dim=9216  frames=208  σ=mixed ===
  SSC-TV-L21: ACC=0.8029  NMI=0.8577  ARI=0.7749  2.3s
  OSC: ACC=0.7933  NMI=0.8690  ARI=0.7802  4.4s
  BDOSC: ACC=0.7740  NMI=0.6823  ARI=0.5469  3.7s
  TKSS: ACC=0.7115  NMI=0.6556  ARI=0.4834  2.8s

=== P1L_S2_C3 train[0] k=5  dim=9216  frames=143  σ=mixed ===
  SSC-TV-L21: ACC=1.0000  NMI=1.0000  ARI=1.0000  1.4s
  OSC: ACC=0.8462  NMI=0.8508  ARI=0.6828  2.8s
  BDOSC: ACC=0.9301  NMI=0.8467  ARI=0.8293  1.8s
  TKSS: ACC=0.8811  NMI=0.8644  ARI=0.7241  1.2s

=== P1L_S2_C3 train[1] k=5  dim=9216  frames=126  σ=mixed ===
  SSC-TV-L21: ACC=0.9444  NMI=0.9350  ARI=0.9340  1.1s
  OSC: ACC=1.0000  NMI=1.0000  ARI=1.0000  2.3s
  BDOSC: ACC=0.9127  NMI=0.8467  ARI=0.8042  1.4s
  TKSS: ACC=0.8730  NMI=0.8400  ARI=0.7659  0.5s

=== P1L_S2_C3 train[2] k=5  dim=9216  frames=115  σ=mixed ===
  SSC-TV-L21: ACC=0.7043  NMI=0.8037  ARI=0.6342  1.1s
  OSC: ACC=0.7130  NMI=0.8458  ARI=0.6615  2.2s
  BDOSC: ACC=0.6870  NMI=0.7967  ARI=0.6182  1.3s
  TKSS: ACC=0.6087  NMI=0.7073  ARI=0.5024  0.8s

=== P1L_S2_C3 train[3] k=5  dim=9216  frames=128  σ=mixed ===
  SSC-TV-L21: ACC=0.6953  NMI=0.7746  ARI=0.6353  1.2s
  OSC: ACC=0.6484  NMI=0.7634  ARI=0.5717  2.4s
  BDOSC: ACC=0.8594  NMI=0.8142  ARI=0.6852  1.6s
  TKSS: ACC=0.7500  NMI=0.8626  ARI=0.7730  1.1s

=== P1L_S3_C1 train[0] k=5  dim=9216  frames=134  σ=mixed ===
  SSC-TV-L21: ACC=0.7612  NMI=0.8535  ARI=0.7730  1.3s
  OSC: ACC=0.6493  NMI=0.7245  ARI=0.5005  2.5s
  BDOSC: ACC=0.6567  NMI=0.7352  ARI=0.5788  1.6s
  TKSS: ACC=0.6269  NMI=0.7437  ARI=0.5352  0.4s

=== P1L_S3_C1 train[1] k=5  dim=9216  frames=156  σ=mixed ===
  SSC-TV-L21: ACC=0.9936  NMI=0.9815  ARI=0.9839  1.5s
  OSC: ACC=1.0000  NMI=1.0000  ARI=1.0000  3.1s
  BDOSC: ACC=0.9423  NMI=0.8960  ARI=0.8669  2.2s
  TKSS: ACC=0.7564  NMI=0.8757  ARI=0.7722  0.9s

=== P1L_S3_C1 train[2] k=5  dim=9216  frames=158  σ=mixed ===
  SSC-TV-L21: ACC=0.7468  NMI=0.7715  ARI=0.6379  1.5s
  OSC: ACC=0.8228  NMI=0.8192  ARI=0.7498  3.2s
  BDOSC: ACC=0.7848  NMI=0.7320  ARI=0.6481  2.2s
  TKSS: ACC=0.8228  NMI=0.7862  ARI=0.7384  1.2s

=== P1L_S3_C1 train[3] k=5  dim=9216  frames=127  σ=mixed ===
  SSC-TV-L21: ACC=0.8898  NMI=0.8412  ARI=0.7532  1.2s
  OSC: ACC=0.9055  NMI=0.8814  ARI=0.7858  2.5s
  BDOSC: ACC=0.6535  NMI=0.6687  ARI=0.4765  1.5s
  TKSS: ACC=0.9055  NMI=0.8516  ARI=0.7815  1.1s

=== P1L_S3_C2 train[0] k=5  dim=9216  frames=239  σ=mixed ===
  SSC-TV-L21: ACC=0.9916  NMI=0.9746  ARI=0.9800  3.0s
  OSC: ACC=0.7071  NMI=0.8571  ARI=0.6948  6.0s
  BDOSC: ACC=0.8410  NMI=0.7668  ARI=0.6848  4.8s
  TKSS: ACC=0.7322  NMI=0.6633  ARI=0.5537  4.5s

=== P1L_S3_C2 train[1] k=5  dim=9216  frames=143  σ=mixed ===
  SSC-TV-L21: ACC=0.7902  NMI=0.8545  ARI=0.7480  1.4s
  OSC: ACC=0.7902  NMI=0.8734  ARI=0.7617  2.9s
  BDOSC: ACC=0.7692  NMI=0.7354  ARI=0.5789  1.8s
  TKSS: ACC=0.8951  NMI=0.8973  ARI=0.8328  2.0s

=== P1L_S3_C2 train[2] k=5  dim=9216  frames=257  σ=mixed ===
  SSC-TV-L21: ACC=0.9728  NMI=0.9441  ARI=0.9418  4.0s
  OSC: ACC=0.5331  NMI=0.6348  ARI=0.3731  6.6s
  BDOSC: ACC=0.6537  NMI=0.7077  ARI=0.5337  5.6s
  TKSS: ACC=0.9650  NMI=0.9296  ARI=0.9209  3.0s

=== P1L_S3_C2 train[3] k=5  dim=9216  frames=187  σ=mixed ===
  SSC-TV-L21: ACC=0.7754  NMI=0.8506  ARI=0.7642  1.9s
  OSC: ACC=0.7754  NMI=0.8819  ARI=0.7883  3.9s
  BDOSC: ACC=0.6898  NMI=0.7499  ARI=0.6232  2.9s
  TKSS: ACC=0.7433  NMI=0.7569  ARI=0.6587  2.2s

=== P1L_S3_C3 train[0] k=5  dim=9216  frames=151  σ=mixed ===
  SSC-TV-L21: ACC=0.8146  NMI=0.8923  ARI=0.8163  1.5s
  OSC: ACC=0.8344  NMI=0.8944  ARI=0.8223  3.1s
  BDOSC: ACC=0.7417  NMI=0.7291  ARI=0.6370  2.1s
  TKSS: ACC=0.7219  NMI=0.6723  ARI=0.5164  0.8s

=== P1L_S3_C3 train[1] k=5  dim=9216  frames=180  σ=mixed ===
  SSC-TV-L21: ACC=1.0000  NMI=1.0000  ARI=1.0000  1.8s
  OSC: ACC=1.0000  NMI=1.0000  ARI=1.0000  3.7s
  BDOSC: ACC=0.8389  NMI=0.7797  ARI=0.6883  2.8s
  TKSS: ACC=0.9333  NMI=0.8731  ARI=0.8623  1.3s

=== P1L_S3_C3 train[2] k=5  dim=9216  frames=139  σ=mixed ===
  SSC-TV-L21: ACC=0.8705  NMI=0.8484  ARI=0.8163  1.3s
  OSC: ACC=0.8705  NMI=0.8484  ARI=0.8163  2.7s
  BDOSC: ACC=0.8129  NMI=0.7761  ARI=0.6172  1.7s
  TKSS: ACC=0.7626  NMI=0.7082  ARI=0.5366  2.5s

=== P1L_S3_C3 train[3] k=5  dim=9216  frames=165  σ=mixed ===
  SSC-TV-L21: ACC=0.7879  NMI=0.8488  ARI=0.7763  1.6s
  OSC: ACC=0.5333  NMI=0.7257  ARI=0.4860  3.2s
  BDOSC: ACC=0.7212  NMI=0.7279  ARI=0.6101  2.3s
  TKSS: ACC=0.6364  NMI=0.7016  ARI=0.5158  1.0s

=== P1L_S4_C1 train[0] k=5  dim=9216  frames=171  σ=mixed ===
  SSC-TV-L21: ACC=0.6316  NMI=0.7020  ARI=0.4587  1.7s
  OSC: ACC=0.6667  NMI=0.7366  ARI=0.5182  3.5s
  BDOSC: ACC=0.7193  NMI=0.7007  ARI=0.5219  2.6s
  TKSS: ACC=0.8129  NMI=0.7837  ARI=0.6818  2.7s

=== P1L_S4_C1 train[1] k=5  dim=9216  frames=169  σ=mixed ===
  SSC-TV-L21: ACC=1.0000  NMI=1.0000  ARI=1.0000  1.7s
  OSC: ACC=1.0000  NMI=1.0000  ARI=1.0000  3.4s
  BDOSC: ACC=0.7219  NMI=0.7292  ARI=0.6116  2.5s
  TKSS: ACC=0.9704  NMI=0.9390  ARI=0.9093  1.3s

=== P1L_S4_C1 train[2] k=5  dim=9216  frames=164  σ=mixed ===
  SSC-TV-L21: ACC=0.9085  NMI=0.8934  ARI=0.8622  1.6s
  OSC: ACC=0.7317  NMI=0.7729  ARI=0.6372  3.3s
  BDOSC: ACC=0.6463  NMI=0.6636  ARI=0.4827  2.4s
  TKSS: ACC=0.7805  NMI=0.7928  ARI=0.7163  0.8s

=== P1L_S4_C1 train[3] k=5  dim=9216  frames=177  σ=mixed ===
  SSC-TV-L21: ACC=0.7232  NMI=0.7429  ARI=0.5507  1.8s
  OSC: ACC=0.7175  NMI=0.7412  ARI=0.5465  3.6s
  BDOSC: ACC=0.7119  NMI=0.7155  ARI=0.5260  2.7s
  TKSS: ACC=0.7627  NMI=0.7568  ARI=0.5857  1.1s

=== P1L_S4_C2 train[0] k=5  dim=9216  frames=154  σ=mixed ===
  SSC-TV-L21: ACC=0.8312  NMI=0.8379  ARI=0.8120  1.5s
  OSC: ACC=0.7078  NMI=0.7615  ARI=0.6453  3.1s
  BDOSC: ACC=0.7403  NMI=0.7402  ARI=0.6253  2.1s
  TKSS: ACC=0.7792  NMI=0.7911  ARI=0.7460  1.0s

=== P1L_S4_C2 train[1] k=5  dim=9216  frames=136  σ=mixed ===
  SSC-TV-L21: ACC=0.8824  NMI=0.8593  ARI=0.7170  1.2s
  OSC: ACC=0.8824  NMI=0.8593  ARI=0.7170  2.6s
  BDOSC: ACC=0.6912  NMI=0.7378  ARI=0.5552  1.6s
  TKSS: ACC=0.7868  NMI=0.8321  ARI=0.6555  0.6s

=== P1L_S4_C2 train[2] k=5  dim=9216  frames=169  σ=mixed ===
  SSC-TV-L21: ACC=0.7515  NMI=0.8126  ARI=0.7035  1.7s
  OSC: ACC=0.8166  NMI=0.8649  ARI=0.7848  3.4s
  BDOSC: ACC=0.6627  NMI=0.6615  ARI=0.5119  2.5s
  TKSS: ACC=0.7396  NMI=0.7605  ARI=0.6409  1.0s

=== P1L_S4_C2 train[3] k=5  dim=9216  frames=195  σ=mixed ===
  SSC-TV-L21: ACC=0.8513  NMI=0.8503  ARI=0.7211  2.1s
  OSC: ACC=0.8410  NMI=0.8474  ARI=0.7127  4.2s
  BDOSC: ACC=0.9026  NMI=0.8264  ARI=0.7897  3.2s
  TKSS: ACC=0.6974  NMI=0.7043  ARI=0.5080  2.1s

=== P1L_S4_C3 train[0] k=5  dim=9216  frames=122  σ=mixed ===
  SSC-TV-L21: ACC=0.7787  NMI=0.8620  ARI=0.7238  1.1s
  OSC: ACC=0.8033  NMI=0.8652  ARI=0.7354  2.3s
  BDOSC: ACC=0.7131  NMI=0.7353  ARI=0.6208  1.3s
  TKSS: ACC=0.7623  NMI=0.8368  ARI=0.6975  0.9s

=== P1L_S4_C3 train[1] k=5  dim=9216  frames=152  σ=mixed ===
  SSC-TV-L21: ACC=0.9934  NMI=0.9804  ARI=0.9792  1.5s
  OSC: ACC=1.0000  NMI=1.0000  ARI=1.0000  3.0s
  BDOSC: ACC=0.9605  NMI=0.9004  ARI=0.9002  2.2s
  TKSS: ACC=1.0000  NMI=1.0000  ARI=1.0000  1.6s

=== P1L_S4_C3 train[2] k=5  dim=9216  frames=130  σ=mixed ===
  SSC-TV-L21: ACC=0.7077  NMI=0.7780  ARI=0.6345  1.2s
  OSC: ACC=0.6615  NMI=0.7519  ARI=0.5376  2.6s
  BDOSC: ACC=0.7538  NMI=0.8349  ARI=0.7173  1.5s
  TKSS: ACC=0.7385  NMI=0.8128  ARI=0.6975  0.8s

=== P1L_S4_C3 train[3] k=5  dim=9216  frames=136  σ=mixed ===
  SSC-TV-L21: ACC=0.8676  NMI=0.8537  ARI=0.7665  1.3s
  OSC: ACC=0.8750  NMI=0.8834  ARI=0.7908  2.7s
  BDOSC: ACC=0.6397  NMI=0.7005  ARI=0.5437  1.6s
  TKSS: ACC=0.8897  NMI=0.8715  ARI=0.7955  1.0s

=== P1E_S1_C1 test[0] k=5  dim=9216  frames=234  σ=mixed ===
  SSC-TV-L21: ACC=0.9231  NMI=0.8813  ARI=0.8233  3.1s
  OSC: ACC=0.8376  NMI=0.8669  ARI=0.7241  6.2s
  BDOSC: ACC=0.9060  NMI=0.8478  ARI=0.7936  4.6s
  TKSS: ACC=0.8034  NMI=0.7321  ARI=0.6277  9.0s

=== P1E_S1_C2 test[0] k=5  dim=9216  frames=120  σ=mixed ===
  SSC-TV-L21: ACC=0.8583  NMI=0.7930  ARI=0.7175  1.1s
  OSC: ACC=0.9583  NMI=0.9065  ARI=0.8981  2.2s
  BDOSC: ACC=0.6917  NMI=0.7026  ARI=0.5665  1.3s
  TKSS: ACC=0.6833  NMI=0.6975  ARI=0.5180  0.4s

=== P1E_S1_C3 test[0] k=5  dim=9216  frames=104  σ=mixed ===
  SSC-TV-L21: ACC=0.9808  NMI=0.9530  ARI=0.9574  0.9s
  OSC: ACC=0.9904  NMI=0.9750  ARI=0.9729  1.8s
  BDOSC: ACC=0.8942  NMI=0.8338  ARI=0.7727  1.1s
  TKSS: ACC=0.8846  NMI=0.8235  ARI=0.7556  0.4s

=== P1E_S2_C1 test[0] k=5  dim=9216  frames=137  σ=mixed ===
  SSC-TV-L21: ACC=0.8321  NMI=0.8014  ARI=0.6699  1.3s
  OSC: ACC=0.8321  NMI=0.8014  ARI=0.6699  2.7s
  BDOSC: ACC=0.6496  NMI=0.7188  ARI=0.5321  1.7s
  TKSS: ACC=0.7810  NMI=0.7211  ARI=0.5943  0.6s

=== P1E_S2_C2 test[0] k=5  dim=9216  frames=179  σ=mixed ===
  SSC-TV-L21: ACC=0.9497  NMI=0.9027  ARI=0.8738  2.2s
  OSC: ACC=0.8101  NMI=0.8337  ARI=0.6993  4.1s
  BDOSC: ACC=0.6425  NMI=0.7191  ARI=0.5570  2.8s
  TKSS: ACC=0.8492  NMI=0.8028  ARI=0.7281  1.4s

=== P1E_S2_C3 test[0] k=5  dim=9216  frames=139  σ=mixed ===
  SSC-TV-L21: ACC=0.9784  NMI=0.9452  ARI=0.9423  1.4s
  OSC: ACC=0.9856  NMI=0.9594  ARI=0.9617  2.8s
  BDOSC: ACC=0.9353  NMI=0.8806  ARI=0.8691  1.7s
  TKSS: ACC=0.9640  NMI=0.9148  ARI=0.9095  0.7s

=== P1E_S3_C1 test[0] k=5  dim=9216  frames=181  σ=mixed ===
  SSC-TV-L21: ACC=0.9282  NMI=0.8934  ARI=0.8626  2.2s
  OSC: ACC=0.9061  NMI=0.8800  ARI=0.8316  4.2s
  BDOSC: ACC=0.7901  NMI=0.7400  ARI=0.6156  2.9s
  TKSS: ACC=0.7182  NMI=0.6279  ARI=0.4681  1.4s

=== P1E_S3_C2 test[0] k=5  dim=9216  frames=153  σ=mixed ===
  SSC-TV-L21: ACC=0.9216  NMI=0.8692  ARI=0.8022  1.7s
  OSC: ACC=0.9346  NMI=0.8896  ARI=0.8236  3.2s
  BDOSC: ACC=0.7908  NMI=0.7207  ARI=0.6021  2.1s
  TKSS: ACC=0.9150  NMI=0.8614  ARI=0.7924  1.1s

=== P1E_S3_C3 test[0] k=5  dim=9216  frames=120  σ=mixed ===
  SSC-TV-L21: ACC=0.9917  NMI=0.9768  ARI=0.9800  1.1s
  OSC: ACC=0.9833  NMI=0.9535  ARI=0.9583  2.2s
  BDOSC: ACC=0.6000  NMI=0.6674  ARI=0.4800  1.3s
  TKSS: ACC=0.8917  NMI=0.8673  ARI=0.7888  0.7s

=== P1E_S4_C1 test[0] k=5  dim=9216  frames=125  σ=mixed ===
  SSC-TV-L21: ACC=0.8400  NMI=0.8332  ARI=0.7106  1.2s
  OSC: ACC=0.7840  NMI=0.8297  ARI=0.7045  2.4s
  BDOSC: ACC=0.8080  NMI=0.8326  ARI=0.7019  1.4s
  TKSS: ACC=0.7840  NMI=0.7965  ARI=0.6854  0.7s

=== P1E_S4_C2 test[0] k=5  dim=9216  frames=163  σ=mixed ===
  SSC-TV-L21: ACC=0.8282  NMI=0.8245  ARI=0.6819  1.9s
  OSC: ACC=0.8221  NMI=0.8395  ARI=0.6859  3.6s
  BDOSC: ACC=0.6871  NMI=0.7366  ARI=0.6224  2.4s
  TKSS: ACC=0.7607  NMI=0.7646  ARI=0.6222  1.9s

=== P1E_S4_C3 test[0] k=5  dim=9216  frames=118  σ=mixed ===
  SSC-TV-L21: ACC=0.9237  NMI=0.8574  ARI=0.8408  1.1s
  OSC: ACC=0.8475  NMI=0.8654  ARI=0.7989  2.2s
  BDOSC: ACC=0.6186  NMI=0.6584  ARI=0.4649  1.3s
  TKSS: ACC=0.7458  NMI=0.7187  ARI=0.5919  0.5s

=== P1L_S1_C1 test[0] k=5  dim=9216  frames=153  σ=mixed ===
  SSC-TV-L21: ACC=0.7647  NMI=0.8305  ARI=0.7672  1.7s
  OSC: ACC=0.8301  NMI=0.8595  ARI=0.7650  3.2s
  BDOSC: ACC=0.6471  NMI=0.7038  ARI=0.5322  2.1s
  TKSS: ACC=0.6275  NMI=0.6934  ARI=0.4985  0.6s

=== P1L_S1_C2 test[0] k=5  dim=9216  frames=188  σ=mixed ===
  SSC-TV-L21: ACC=0.9468  NMI=0.9206  ARI=0.8731  2.3s
  OSC: ACC=0.9415  NMI=0.9161  ARI=0.8627  4.3s
  BDOSC: ACC=0.9468  NMI=0.9251  ARI=0.8915  3.0s
  TKSS: ACC=0.7340  NMI=0.7018  ARI=0.5795  2.1s

=== P1L_S1_C3 test[0] k=5  dim=9216  frames=118  σ=mixed ===
  SSC-TV-L21: ACC=0.9831  NMI=0.9562  ARI=0.9592  1.1s
  OSC: ACC=0.9915  NMI=0.9772  ARI=0.9760  2.2s
  BDOSC: ACC=0.9661  NMI=0.9220  ARI=0.9276  1.3s
  TKSS: ACC=0.9831  NMI=0.9655  ARI=0.9673  0.5s

=== P1L_S2_C1 test[0] k=5  dim=9216  frames=190  σ=mixed ===
  SSC-TV-L21: ACC=0.8105  NMI=0.8678  ARI=0.8232  2.4s
  OSC: ACC=0.8263  NMI=0.9006  ARI=0.8535  4.5s
  BDOSC: ACC=0.7263  NMI=0.7071  ARI=0.5813  3.2s
  TKSS: ACC=0.8053  NMI=0.8622  ARI=0.7776  1.0s

=== P1L_S2_C2 test[0] k=5  dim=9216  frames=127  σ=mixed ===
  SSC-TV-L21: ACC=0.7638  NMI=0.8470  ARI=0.7852  1.2s
  OSC: ACC=0.9921  NMI=0.9769  ARI=0.9773  2.5s
  BDOSC: ACC=0.7323  NMI=0.7777  ARI=0.7047  1.5s
  TKSS: ACC=0.7244  NMI=0.7578  ARI=0.6214  0.8s

=== P1L_S2_C3 test[0] k=5  dim=9216  frames=148  σ=mixed ===
  SSC-TV-L21: ACC=0.9932  NMI=0.9816  ARI=0.9841  1.5s
  OSC: ACC=0.9797  NMI=0.9590  ARI=0.9544  3.0s
  BDOSC: ACC=0.9595  NMI=0.9239  ARI=0.9112  2.0s
  TKSS: ACC=1.0000  NMI=1.0000  ARI=1.0000  0.4s

=== P1L_S3_C1 test[0] k=5  dim=9216  frames=200  σ=mixed ===
  SSC-TV-L21: ACC=1.0000  NMI=1.0000  ARI=1.0000  2.7s
  OSC: ACC=1.0000  NMI=1.0000  ARI=1.0000  4.9s
  BDOSC: ACC=0.8100  NMI=0.7628  ARI=0.6582  3.6s
  TKSS: ACC=0.9350  NMI=0.8786  ARI=0.8467  1.3s

=== P1L_S3_C2 test[0] k=5  dim=9216  frames=201  σ=mixed ===
  SSC-TV-L21: ACC=0.7662  NMI=0.7708  ARI=0.6797  2.6s
  OSC: ACC=0.7164  NMI=0.7604  ARI=0.6295  4.8s
  BDOSC: ACC=0.6318  NMI=0.6253  ARI=0.4124  3.5s
  TKSS: ACC=0.7612  NMI=0.6776  ARI=0.5769  2.0s

=== P1L_S3_C3 test[0] k=5  dim=9216  frames=162  σ=mixed ===
  SSC-TV-L21: ACC=0.8395  NMI=0.8548  ARI=0.7858  1.8s
  OSC: ACC=0.8395  NMI=0.8548  ARI=0.7858  3.5s
  BDOSC: ACC=0.7222  NMI=0.6977  ARI=0.5374  2.4s
  TKSS: ACC=0.7901  NMI=0.7605  ARI=0.6144  0.9s

=== P1L_S4_C1 test[0] k=5  dim=9216  frames=152  σ=mixed ===
  SSC-TV-L21: ACC=0.9408  NMI=0.8854  ARI=0.8892  1.6s
  OSC: ACC=1.0000  NMI=1.0000  ARI=1.0000  3.1s
  BDOSC: ACC=0.7105  NMI=0.7599  ARI=0.6347  2.1s
  TKSS: ACC=0.7895  NMI=0.8504  ARI=0.7694  1.3s

=== P1L_S4_C2 test[0] k=5  dim=9216  frames=241  σ=mixed ===
  SSC-TV-L21: ACC=0.9959  NMI=0.9867  ARI=0.9879  3.5s
  OSC: ACC=0.6888  NMI=0.7757  ARI=0.5994  6.7s
  BDOSC: ACC=0.8714  NMI=0.7977  ARI=0.7307  5.2s
  TKSS: ACC=0.7344  NMI=0.6738  ARI=0.4892  2.9s

=== P1L_S4_C3 test[0] k=5  dim=9216  frames=164  σ=mixed ===
  SSC-TV-L21: ACC=0.9878  NMI=0.9657  ARI=0.9695  1.9s
  OSC: ACC=0.9878  NMI=0.9707  ARI=0.9689  3.6s
  BDOSC: ACC=0.9146  NMI=0.8393  ARI=0.8139  2.5s
  TKSS: ACC=0.9451  NMI=0.8935  ARI=0.8763  0.8s

=== mean over matrices ===
  SSC-TV-L21 train σ=mixed: ACC=0.8395  NMI=0.8557  ARI=0.7733  n=96
  OSC train σ=mixed: ACC=0.8289  NMI=0.8635  ARI=0.7684  n=96
  BDOSC train σ=mixed: ACC=0.7577  NMI=0.7504  ARI=0.6321  n=96
  TKSS train σ=mixed: ACC=0.7947  NMI=0.7803  ARI=0.6745  n=96
  SSC-TV-L21 test σ=mixed: ACC=0.9062  NMI=0.8916  ARI=0.8486  n=24
  OSC test σ=mixed: ACC=0.8952  NMI=0.8980  ARI=0.8376  n=24
  BDOSC test σ=mixed: ACC=0.7772  NMI=0.7709  ARI=0.6631  n=24
  TKSS test σ=mixed: ACC=0.8171  NMI=0.7935  ARI=0.6958  n=24

wrote /nfs/turbo/umms-minjilab/lpullela/surveillance_dataset/split_k5_hetero_trials40.csv
wrote /nfs/turbo/umms-minjilab/lpullela/surveillance_dataset/split_k5_hetero_trials40_params.json
end=Mon Aug 31 00:08:32 EDT 2026
