host=gl3407.arc-ts.umich.edu  python=/home/lpullela/miniconda3/envs/ssc_559/bin/python  start=Tue Sep  1 18:02:55 EDT 2026
=== Ballet Clustering Experiment ===
k=5  n_frames ~ Unif[10, 60]  seed=0
hetero_noise=True  append=True  no_tune=False

Loaded 5 sequences:
  seq_000001: 53 frames
  seq_000002: 14 frames
  seq_000003: 48 frames
  seq_000004: 17 frames
  seq_000005: 48 frames
Total frames: 180
Image dimension: 90601
hetero noise over 180 frames:  σ ~ Unif[0, 1]  mean=0.527  std=0.288  min=0.000  max=0.997  q25=0.290  q50=0.560  q75=0.775

Methods: ['SSC-TV-L21-col']

============================================================
--- Tuning SSC-TV-L21-col ---
  SSC-TV-L21-col trial 0: ARI=0.4832  ACC=0.6500  NMI=0.6430  20.7s  lambda_e=1, lambda_z=0.1, gamma_q=0.1
  SSC-TV-L21-col trial 1: ARI=0.4832  ACC=0.6500  NMI=0.6430  20.4s  lambda_e=0.443, lambda_z=0.7257, gamma_q=0.2577
  SSC-TV-L21-col trial 2: ARI=0.3666  ACC=0.5667  NMI=0.5711  20.1s  lambda_e=0.4312, lambda_z=0.0495, gamma_q=0.3833
  SSC-TV-L21-col trial 3: ARI=0.5549  ACC=0.6889  NMI=0.6989  19.7s  lambda_e=0.2055, lambda_z=3.691, gamma_q=7.156
  SSC-TV-L21-col trial 4: ARI=0.3526  ACC=0.5944  NMI=0.5713  20.4s  lambda_e=0.1414, lambda_z=1.469, gamma_q=0.1305
  SSC-TV-L21-col trial 5: ARI=0.3641  ACC=0.5944  NMI=0.5766  20.5s  lambda_e=0.506, lambda_z=5.039, gamma_q=0.001924
  SSC-TV-L21-col trial 6: ARI=-0.0020  ACC=0.3000  NMI=0.0370  20.6s  lambda_e=0.01826, lambda_z=0.001205, gamma_q=2.14
  SSC-TV-L21-col trial 7: ARI=0.5549  ACC=0.6889  NMI=0.6989  20.6s  lambda_e=2.16, lambda_z=3.02, gamma_q=8.212
  SSC-TV-L21-col trial 8: ARI=0.3666  ACC=0.5667  NMI=0.5711  20.2s  lambda_e=2.497, lambda_z=0.07013, gamma_q=1.325
  SSC-TV-L21-col trial 9: ARI=0.3590  ACC=0.6000  NMI=0.5730  20.2s  lambda_e=0.02264, lambda_z=0.3628, gamma_q=0.003745
  SSC-TV-L21-col trial 10: ARI=0.3599  ACC=0.5556  NMI=0.5674  20.2s  lambda_e=6.638, lambda_z=0.003192, gamma_q=0.01543
  SSC-TV-L21-col trial 11: ARI=0.4832  ACC=0.6500  NMI=0.6430  20.2s  lambda_e=0.09026, lambda_z=8.038, gamma_q=9.427
  SSC-TV-L21-col trial 12: ARI=0.5549  ACC=0.6889  NMI=0.6989  20.3s  lambda_e=5.039, lambda_z=2.83, gamma_q=9.706
  SSC-TV-L21-col trial 13: ARI=0.5988  ACC=0.7778  NMI=0.7144  20.2s  lambda_e=0.08764, lambda_z=0.408, gamma_q=2.284
  SSC-TV-L21-col trial 14: ARI=0.5850  ACC=0.7722  NMI=0.7061  20.2s  lambda_e=0.06982, lambda_z=0.2787, gamma_q=1.565
  SSC-TV-L21-col trial 15: ARI=0.5850  ACC=0.7722  NMI=0.7061  20.3s  lambda_e=0.05693, lambda_z=0.2348, gamma_q=0.8299
  SSC-TV-L21-col trial 16: ARI=0.3666  ACC=0.5667  NMI=0.5711  20.2s  lambda_e=0.04552, lambda_z=0.01661, gamma_q=2.294
  SSC-TV-L21-col trial 17: ARI=0.4785  ACC=0.6611  NMI=0.6397  20.2s  lambda_e=0.01117, lambda_z=0.02025, gamma_q=0.04018
  SSC-TV-L21-col trial 18: ARI=0.5588  ACC=0.7611  NMI=0.6908  20.2s  lambda_e=0.04102, lambda_z=0.3421, gamma_q=0.7477
  SSC-TV-L21-col trial 19: ARI=0.6348  ACC=0.7389  NMI=0.7257  20.3s  lambda_e=0.1633, lambda_z=0.9628, gamma_q=3.14
  SSC-TV-L21-col trial 20: ARI=0.5872  ACC=0.7278  NMI=0.7183  20.2s  lambda_e=0.2044, lambda_z=1.053, gamma_q=3.4
  SSC-TV-L21-col trial 21: ARI=0.5872  ACC=0.7278  NMI=0.7183  20.3s  lambda_e=0.1497, lambda_z=1.052, gamma_q=4.361
  SSC-TV-L21-col trial 22: ARI=0.6348  ACC=0.7389  NMI=0.7257  20.3s  lambda_e=0.2711, lambda_z=0.9246, gamma_q=2.556
  SSC-TV-L21-col trial 23: ARI=0.5588  ACC=0.7611  NMI=0.6908  20.2s  lambda_e=0.2996, lambda_z=0.1439, gamma_q=0.4769
  SSC-TV-L21-col trial 24: ARI=0.7134  ACC=0.8167  NMI=0.7670  20.2s  lambda_e=0.8156, lambda_z=0.6215, gamma_q=3.515
  SSC-TV-L21-col trial 25: ARI=0.5570  ACC=0.6889  NMI=0.7110  20.2s  lambda_e=0.8754, lambda_z=1.664, gamma_q=4.147
  SSC-TV-L21-col trial 26: ARI=0.4860  ACC=0.6611  NMI=0.6446  20.2s  lambda_e=0.9134, lambda_z=0.7216, gamma_q=0.967
  SSC-TV-L21-col trial 27: ARI=0.3590  ACC=0.6000  NMI=0.5730  20.2s  lambda_e=2.227, lambda_z=9.179, gamma_q=0.2241
  SSC-TV-L21-col trial 28: ARI=0.7134  ACC=0.8167  NMI=0.7670  20.2s  lambda_e=0.7919, lambda_z=0.5536, gamma_q=4.249
  SSC-TV-L21-col trial 29: ARI=0.5588  ACC=0.7611  NMI=0.6908  20.2s  lambda_e=0.7437, lambda_z=0.1287, gamma_q=5.026
  SSC-TV-L21-col trial 30: ARI=0.3666  ACC=0.5667  NMI=0.5711  20.3s  lambda_e=1.836, lambda_z=0.03358, gamma_q=0.5794
  SSC-TV-L21-col trial 31: ARI=0.5570  ACC=0.6889  NMI=0.7110  20.2s  lambda_e=1.508, lambda_z=1.862, gamma_q=2.924
  SSC-TV-L21-col trial 32: ARI=0.7134  ACC=0.8167  NMI=0.7670  20.2s  lambda_e=0.3071, lambda_z=0.6065, gamma_q=1.337
  SSC-TV-L21-col trial 33: ARI=0.7134  ACC=0.8167  NMI=0.7670  20.3s  lambda_e=0.5029, lambda_z=0.5632, gamma_q=1.258
  SSC-TV-L21-col trial 34: ARI=0.4785  ACC=0.6611  NMI=0.6397  20.2s  lambda_e=0.5443, lambda_z=0.1746, gamma_q=0.2544
  SSC-TV-L21-col trial 35: ARI=0.5850  ACC=0.7722  NMI=0.7061  20.2s  lambda_e=1.342, lambda_z=0.5092, gamma_q=1.474
  SSC-TV-L21-col trial 36: ARI=0.3510  ACC=0.5944  NMI=0.5836  20.3s  lambda_e=0.3407, lambda_z=0.5744, gamma_q=0.09689
  SSC-TV-L21-col trial 37: ARI=0.3736  ACC=0.5722  NMI=0.5749  20.3s  lambda_e=0.6716, lambda_z=0.07598, gamma_q=1.146
  SSC-TV-L21-col trial 38: ARI=0.3510  ACC=0.5944  NMI=0.5836  17.4s  lambda_e=3.615, lambda_z=2.313, gamma_q=0.3631
  SSC-TV-L21-col trial 39: ARI=0.3590  ACC=0.6000  NMI=0.5730  20.2s  lambda_e=0.4124, lambda_z=4.872, gamma_q=0.1317
  best ARI=0.7134  tune 807.7s  lambda_e=0.8156, lambda_z=0.6215, gamma_q=3.515
  wrote /nfs/turbo/umms-minjilab/lpullela/icassp_ssc_tv2/ballet_dataset/ballet_cluster_hetero_params.json

============================================================
=== Evaluation ===
  SSC-TV-L21-col: ACC=0.8167  NMI=0.7670  ARI=0.7134  20.3s

wrote /nfs/turbo/umms-minjilab/lpullela/icassp_ssc_tv2/ballet_dataset/ballet_cluster_hetero_results.csv
wrote /nfs/turbo/umms-minjilab/lpullela/icassp_ssc_tv2/ballet_dataset/ballet_cluster_hetero_params.json
end=Tue Sep  1 18:16:46 EDT 2026
