host=gl3099.arc-ts.umich.edu  python=/home/lpullela/miniconda3/envs/ssc_559/bin/python  start=Tue Sep  1 11:40:05 EDT 2026
=== Ballet Clustering Experiment ===
k=5  n_frames ~ Unif[10, 60]  seed=0
hetero_noise=False  no_tune=False

Loaded 5 sequences:
  seq_000001: 53 frames
  seq_000002: 14 frames
  seq_000003: 48 frames
  seq_000004: 17 frames
  seq_000005: 48 frames
Total frames: 180
Image dimension: 90601

Methods: ['OSC', 'TKSS', 'SSC-TV-L21', 'BDOSC']

BDOSC: fixed lambda_1=0.2, lambda_2=1, gamma_1=0.01, p=1.1, max_iter=50

============================================================
--- Tuning OSC ---
  OSC trial 0: ARI=0.4766  ACC=0.6556  NMI=0.6386  52.9s  lambda_1=0.1, lambda_2=0.1
  OSC trial 1: ARI=0.4766  ACC=0.6556  NMI=0.6386  52.8s  lambda_1=0.1568, lambda_2=0.7257
  OSC trial 2: ARI=0.4766  ACC=0.6556  NMI=0.6386  52.7s  lambda_1=0.2577, lambda_2=0.1512
  OSC trial 3: ARI=0.4766  ACC=0.6556  NMI=0.6386  52.7s  lambda_1=0.0495, lambda_2=0.3833
  OSC trial 4: ARI=0.4766  ACC=0.6556  NMI=0.6386  52.5s  lambda_1=0.05628, lambda_2=3.691
  OSC trial 5: ARI=-0.0054  ACC=0.2722  NMI=0.0342  52.5s  lambda_1=7.156, lambda_2=0.03418
  OSC trial 6: ARI=-0.0054  ACC=0.2722  NMI=0.0342  52.7s  lambda_1=1.469, lambda_2=0.1305
  OSC trial 7: ARI=0.4766  ACC=0.6556  NMI=0.6386  53.6s  lambda_1=0.1871, lambda_2=5.039
  OSC trial 8: ARI=0.4766  ACC=0.6556  NMI=0.6386  53.1s  lambda_1=0.001924, lambda_2=0.002231
  OSC trial 9: ARI=0.4766  ACC=0.6556  NMI=0.6386  52.7s  lambda_1=0.001205, lambda_2=2.14
  OSC trial 10: ARI=0.4766  ACC=0.6556  NMI=0.6386  52.8s  lambda_1=0.009211, lambda_2=0.003908
  OSC trial 11: ARI=0.4766  ACC=0.6556  NMI=0.6386  53.2s  lambda_1=0.5361, lambda_2=0.02113
  OSC trial 12: ARI=0.4766  ACC=0.6556  NMI=0.6386  53.1s  lambda_1=0.02754, lambda_2=0.5572
  OSC trial 13: ARI=-0.0054  ACC=0.2722  NMI=0.0342  53.0s  lambda_1=1.436, lambda_2=1.001
  OSC trial 14: ARI=0.4766  ACC=0.6556  NMI=0.6386  53.1s  lambda_1=0.009001, lambda_2=0.03282
  OSC trial 15: ARI=0.4766  ACC=0.6556  NMI=0.6386  52.7s  lambda_1=0.1095, lambda_2=0.1048
  OSC trial 16: ARI=0.4766  ACC=0.6556  NMI=0.6386  52.6s  lambda_1=0.01319, lambda_2=0.01259
  OSC trial 17: ARI=0.4785  ACC=0.6611  NMI=0.6397  52.5s  lambda_1=0.7784, lambda_2=1.261
  OSC trial 18: ARI=-0.0054  ACC=0.2722  NMI=0.0342  52.5s  lambda_1=7.866, lambda_2=1.584
  OSC trial 19: ARI=0.4785  ACC=0.6611  NMI=0.6397  53.1s  lambda_1=0.7464, lambda_2=0.2249
  OSC trial 20: ARI=-0.0054  ACC=0.2722  NMI=0.0342  53.3s  lambda_1=2.123, lambda_2=7.364
  OSC trial 21: ARI=0.4766  ACC=0.6556  NMI=0.6386  52.7s  lambda_1=0.4123, lambda_2=0.302
  OSC trial 22: ARI=0.5367  ACC=0.7111  NMI=0.6762  52.8s  lambda_1=0.8307, lambda_2=0.06911
  OSC trial 23: ARI=0.4785  ACC=0.6611  NMI=0.6397  52.7s  lambda_1=0.7908, lambda_2=0.009579
  OSC trial 24: ARI=-0.0054  ACC=0.2722  NMI=0.0342  53.3s  lambda_1=2.92, lambda_2=0.05885
  OSC trial 25: ARI=-0.0054  ACC=0.2722  NMI=0.0342  53.0s  lambda_1=3.695, lambda_2=0.2808
  OSC trial 26: ARI=0.4785  ACC=0.6611  NMI=0.6397  52.9s  lambda_1=0.7585, lambda_2=1.57
  OSC trial 27: ARI=0.4766  ACC=0.6556  NMI=0.6386  53.0s  lambda_1=0.3754, lambda_2=0.2296
  OSC trial 28: ARI=-0.0054  ACC=0.2722  NMI=0.0342  53.1s  lambda_1=1.079, lambda_2=0.001142
  OSC trial 29: ARI=-0.0054  ACC=0.2722  NMI=0.0342  52.9s  lambda_1=5.063, lambda_2=0.07136
  OSC trial 30: ARI=-0.0054  ACC=0.2722  NMI=0.0342  53.0s  lambda_1=1.965, lambda_2=0.6148
  OSC trial 31: ARI=0.5401  ACC=0.7167  NMI=0.6779  53.1s  lambda_1=0.8098, lambda_2=0.009043
  OSC trial 32: ARI=0.4766  ACC=0.6556  NMI=0.6386  53.0s  lambda_1=0.2962, lambda_2=0.04299
  OSC trial 33: ARI=0.4766  ACC=0.6556  NMI=0.6386  53.0s  lambda_1=0.6192, lambda_2=0.01903
  OSC trial 34: ARI=0.4766  ACC=0.6556  NMI=0.6386  52.9s  lambda_1=0.1769, lambda_2=0.007029
  OSC trial 35: ARI=-0.0054  ACC=0.2722  NMI=0.0342  52.4s  lambda_1=1.056, lambda_2=1.027
  OSC trial 36: ARI=0.4766  ACC=0.6556  NMI=0.6386  51.9s  lambda_1=0.07344, lambda_2=0.004857
  OSC trial 37: ARI=-0.0054  ACC=0.2722  NMI=0.0342  52.0s  lambda_1=3.004, lambda_2=0.152
  OSC trial 38: ARI=0.4766  ACC=0.6556  NMI=0.6386  51.8s  lambda_1=0.2396, lambda_2=3.103
  OSC trial 39: ARI=0.4766  ACC=0.6556  NMI=0.6386  51.8s  lambda_1=0.1301, lambda_2=0.08021
  best ARI=0.5401  tune 2111.5s  lambda_1=0.8098, lambda_2=0.009043
  wrote /nfs/turbo/umms-minjilab/lpullela/icassp_ssc_tv2/ballet_dataset/ballet_cluster_params.json

============================================================
--- Tuning TKSS ---
  TKSS trial 0: ARI=0.6030  ACC=0.7889  NMI=0.7126  0.1s  d=5, lam=1, s=2
  TKSS trial 1: ARI=0.6138  ACC=0.7889  NMI=0.7177  0.0s  d=9, lam=1.398, s=4
  TKSS trial 2: ARI=0.5914  ACC=0.7778  NMI=0.7048  0.0s  d=9, lam=0.1866, s=4
  TKSS trial 3: ARI=0.7630  ACC=0.8778  NMI=0.7860  0.1s  d=7, lam=4.735, s=6
  TKSS trial 4: ARI=0.7207  ACC=0.8556  NMI=0.7633  0.1s  d=6, lam=2.372, s=4
  TKSS trial 5: ARI=0.5600  ACC=0.7556  NMI=0.6707  0.0s  d=9, lam=5.981, s=1
  TKSS trial 6: ARI=0.4171  ACC=0.6556  NMI=0.5327  0.0s  d=2, lam=0.0115, s=5
  TKSS trial 7: ARI=0.6327  ACC=0.8000  NMI=0.7287  0.0s  d=12, lam=4.074, s=6
  TKSS trial 8: ARI=0.6019  ACC=0.7833  NMI=0.7102  0.0s  d=12, lam=0.2423, s=5
  TKSS trial 9: ARI=0.4031  ACC=0.6444  NMI=0.5196  0.0s  d=2, lam=0.8313, s=1
  TKSS trial 10: ARI=0.5799  ACC=0.7722  NMI=0.6974  0.0s  d=15, lam=0.01458, s=3
  TKSS trial 11: ARI=0.7050  ACC=0.8389  NMI=0.7820  0.1s  d=6, lam=8.489, s=6
  TKSS trial 12: ARI=0.6297  ACC=0.8056  NMI=0.7212  0.1s  d=5, lam=1.974, s=4
  TKSS trial 13: ARI=0.6477  ACC=0.8167  NMI=0.7256  0.1s  d=7, lam=0.2197, s=5
  TKSS trial 14: ARI=0.6109  ACC=0.7944  NMI=0.7125  0.0s  d=4, lam=3.21, s=3
  TKSS trial 15: ARI=0.7512  ACC=0.8722  NMI=0.7790  0.1s  d=7, lam=0.5999, s=6
  TKSS trial 16: ARI=0.5799  ACC=0.7722  NMI=0.6974  0.0s  d=8, lam=0.06965, s=6
  TKSS trial 17: ARI=0.6256  ACC=0.7944  NMI=0.7259  0.0s  d=11, lam=0.6792, s=6
  TKSS trial 18: ARI=0.5913  ACC=0.7833  NMI=0.6971  0.1s  d=3, lam=0.05714, s=5
  TKSS trial 19: ARI=0.6135  ACC=0.7889  NMI=0.7176  0.0s  d=11, lam=0.4124, s=6
  TKSS trial 20: ARI=0.6135  ACC=0.7889  NMI=0.7176  0.0s  d=15, lam=0.09355, s=5
  TKSS trial 21: ARI=0.6418  ACC=0.8111  NMI=0.7285  0.1s  d=6, lam=2.501, s=3
  TKSS trial 22: ARI=0.6580  ACC=0.8222  NMI=0.7328  0.1s  d=7, lam=9.215, s=4
  TKSS trial 23: ARI=0.6030  ACC=0.7889  NMI=0.7126  0.0s  d=4, lam=1.627, s=2
  TKSS trial 24: ARI=0.7630  ACC=0.8778  NMI=0.7860  0.1s  d=7, lam=4.421, s=6
  TKSS trial 25: ARI=0.6256  ACC=0.7944  NMI=0.7259  0.0s  d=8, lam=4.556, s=6
  TKSS trial 26: ARI=0.6018  ACC=0.7833  NMI=0.7107  0.0s  d=10, lam=0.5055, s=6
  TKSS trial 27: ARI=0.5871  ACC=0.7778  NMI=0.6875  0.0s  d=7, lam=0.03112, s=5
  TKSS trial 28: ARI=0.3929  ACC=0.6389  NMI=0.5712  0.1s  d=1, lam=5.527, s=6
  TKSS trial 29: ARI=0.6494  ACC=0.8167  NMI=0.7305  0.1s  d=5, lam=1.099, s=5
  TKSS trial 30: ARI=0.6642  ACC=0.8111  NMI=0.7629  0.1s  d=8, lam=0.3346, s=6
  TKSS trial 31: ARI=0.6201  ACC=0.8000  NMI=0.7148  0.1s  d=6, lam=2.55, s=2
  TKSS trial 32: ARI=0.6586  ACC=0.8222  NMI=0.7348  0.0s  d=4, lam=1.216, s=5
  TKSS trial 33: ARI=0.7312  ACC=0.8611  NMI=0.7693  0.1s  d=6, lam=3.097, s=4
  TKSS trial 34: ARI=0.6580  ACC=0.8222  NMI=0.7328  0.1s  d=7, lam=6.859, s=4
  TKSS trial 35: ARI=0.6206  ACC=0.7944  NMI=0.7204  0.0s  d=9, lam=4.466, s=6
  TKSS trial 36: ARI=0.6109  ACC=0.7944  NMI=0.7125  0.1s  d=5, lam=3.411, s=3
  TKSS trial 37: ARI=0.6686  ACC=0.8278  NMI=0.7389  0.1s  d=8, lam=1.438, s=4
  TKSS trial 38: ARI=0.6019  ACC=0.7833  NMI=0.7102  0.0s  d=10, lam=0.584, s=5
  TKSS trial 39: ARI=0.8203  ACC=0.9056  NMI=0.8379  0.1s  d=6, lam=1.949, s=6
  best ARI=0.8203  tune 2.4s  d=6, lam=1.949, s=6
  wrote /nfs/turbo/umms-minjilab/lpullela/icassp_ssc_tv2/ballet_dataset/ballet_cluster_params.json

============================================================
--- Tuning SSC-TV-L21 ---
  SSC-TV-L21 trial 0: ARI=0.4832  ACC=0.6500  NMI=0.6430  26.4s  lambda_e=1, lambda_z=0.1, gamma_p=0.1, gamma_q=0.1
  SSC-TV-L21 trial 1: ARI=0.4755  ACC=0.6500  NMI=0.6380  21.1s  lambda_e=0.443, lambda_z=0.7257, gamma_p=0.2577, gamma_q=0.1512
  SSC-TV-L21 trial 2: ARI=0.5862  ACC=0.7667  NMI=0.7076  26.4s  lambda_e=0.1866, lambda_z=0.3833, gamma_p=0.05628, gamma_q=3.691
  SSC-TV-L21 trial 3: ARI=0.4403  ACC=0.5722  NMI=0.6109  26.4s  lambda_e=7.78, lambda_z=0.03418, gamma_p=1.469, gamma_q=0.1305
  SSC-TV-L21 trial 4: ARI=0.3787  ACC=0.5444  NMI=0.5781  26.4s  lambda_e=0.506, lambda_z=5.039, gamma_p=0.001924, gamma_q=0.002231
  SSC-TV-L21 trial 5: ARI=0.5686  ACC=0.7056  NMI=0.6887  26.4s  lambda_e=0.0115, lambda_z=2.14, gamma_p=1.296, gamma_q=3.02
  SSC-TV-L21 trial 6: ARI=0.4755  ACC=0.6500  NMI=0.6380  26.3s  lambda_e=8.627, lambda_z=1.573, gamma_p=0.07013, gamma_q=1.325
  SSC-TV-L21 trial 7: ARI=0.5335  ACC=0.7278  NMI=0.6745  26.4s  lambda_e=0.02264, lambda_z=0.3628, gamma_p=0.003745, gamma_q=6.007
  SSC-TV-L21 trial 8: ARI=0.5725  ACC=0.7611  NMI=0.6993  26.5s  lambda_e=0.3677, lambda_z=0.04557, gamma_p=0.01143, gamma_q=1.25
  SSC-TV-L21 trial 9: ARI=0.4755  ACC=0.6500  NMI=0.6380  26.4s  lambda_e=0.2336, lambda_z=0.1878, gamma_p=0.001189, gamma_q=0.2955
  SSC-TV-L21 trial 10: ARI=-0.0054  ACC=0.2722  NMI=0.0342  26.3s  lambda_e=0.06304, lambda_z=0.001662, gamma_p=6.473, gamma_q=0.001203
  SSC-TV-L21 trial 11: ARI=0.3900  ACC=0.5667  NMI=0.5887  26.5s  lambda_e=0.09797, lambda_z=0.01492, gamma_p=0.01397, gamma_q=0.907
  SSC-TV-L21 trial 12: ARI=0.3933  ACC=0.5667  NMI=0.5747  26.5s  lambda_e=2.118, lambda_z=0.01131, gamma_p=0.01475, gamma_q=8.759
  SSC-TV-L21 trial 13: ARI=0.4755  ACC=0.6500  NMI=0.6380  26.5s  lambda_e=0.1165, lambda_z=0.0684, gamma_p=0.01587, gamma_q=0.01989
  SSC-TV-L21 trial 14: ARI=-0.0054  ACC=0.2722  NMI=0.0342  26.7s  lambda_e=1.591, lambda_z=0.002846, gamma_p=0.05661, gamma_q=0.6771
  SSC-TV-L21 trial 15: ARI=0.5725  ACC=0.7611  NMI=0.6993  26.5s  lambda_e=0.05124, lambda_z=0.3898, gamma_p=0.005388, gamma_q=2.404
  SSC-TV-L21 trial 16: ARI=0.4247  ACC=0.5667  NMI=0.5799  26.5s  lambda_e=0.2617, lambda_z=0.007917, gamma_p=0.4738, gamma_q=0.0404
  SSC-TV-L21 trial 17: ARI=0.4450  ACC=0.6778  NMI=0.6321  26.5s  lambda_e=0.1867, lambda_z=8.573, gamma_p=0.02047, gamma_q=0.4574
  SSC-TV-L21 trial 18: ARI=0.4359  ACC=0.5722  NMI=0.6062  26.5s  lambda_e=0.6731, lambda_z=0.03549, gamma_p=0.1871, gamma_q=3.925
  SSC-TV-L21 trial 19: ARI=0.6412  ACC=0.7944  NMI=0.7393  26.4s  lambda_e=3.21, lambda_z=0.1655, gamma_p=0.03545, gamma_q=2.072
  SSC-TV-L21 trial 20: ARI=0.6565  ACC=0.8000  NMI=0.7492  26.5s  lambda_e=3.606, lambda_z=0.1558, gamma_p=0.03898, gamma_q=8.729
  SSC-TV-L21 trial 21: ARI=0.6412  ACC=0.7944  NMI=0.7393  26.5s  lambda_e=3.953, lambda_z=0.1763, gamma_p=0.03953, gamma_q=9.526
  SSC-TV-L21 trial 22: ARI=0.6565  ACC=0.8000  NMI=0.7492  26.5s  lambda_e=3.382, lambda_z=0.1492, gamma_p=0.03511, gamma_q=9.246
  SSC-TV-L21 trial 23: ARI=0.6412  ACC=0.7944  NMI=0.7393  26.5s  lambda_e=3.73, lambda_z=0.1665, gamma_p=0.03237, gamma_q=1.827
  SSC-TV-L21 trial 24: ARI=0.5364  ACC=0.7222  NMI=0.6755  26.4s  lambda_e=3.1, lambda_z=0.5815, gamma_p=0.006337, gamma_q=5.067
  SSC-TV-L21 trial 25: ARI=0.3963  ACC=0.6111  NMI=0.6238  26.5s  lambda_e=5.611, lambda_z=1.179, gamma_p=0.1645, gamma_q=2.109
  SSC-TV-L21 trial 26: ARI=0.7609  ACC=0.8333  NMI=0.7833  26.4s  lambda_e=1.188, lambda_z=0.09825, gamma_p=0.529, gamma_q=9.632
  SSC-TV-L21 trial 27: ARI=0.4048  ACC=0.5667  NMI=0.5415  26.4s  lambda_e=1.221, lambda_z=0.02679, gamma_p=0.7258, gamma_q=7.229
  SSC-TV-L21 trial 28: ARI=0.4403  ACC=0.5722  NMI=0.6109  26.4s  lambda_e=0.8391, lambda_z=0.07188, gamma_p=3.701, gamma_q=9.361
  SSC-TV-L21 trial 29: ARI=0.7574  ACC=0.8333  NMI=0.8213  26.3s  lambda_e=2.129, lambda_z=0.09359, gamma_p=0.1058, gamma_q=4.319
  SSC-TV-L21 trial 30: ARI=-0.0054  ACC=0.2722  NMI=0.0342  26.3s  lambda_e=1.84, lambda_z=0.006071, gamma_p=0.107, gamma_q=0.4912
  SSC-TV-L21 trial 31: ARI=0.7610  ACC=0.8333  NMI=0.8040  26.4s  lambda_e=1.109, lambda_z=0.1143, gamma_p=0.3348, gamma_q=4.791
  SSC-TV-L21 trial 32: ARI=0.7478  ACC=0.8278  NMI=0.7861  26.4s  lambda_e=1.158, lambda_z=0.09393, gamma_p=0.378, gamma_q=4.299
  SSC-TV-L21 trial 33: ARI=0.7478  ACC=0.8278  NMI=0.7861  26.3s  lambda_e=0.9744, lambda_z=0.09064, gamma_p=0.3943, gamma_q=3.899
  SSC-TV-L21 trial 34: ARI=0.3876  ACC=0.5667  NMI=0.5162  26.3s  lambda_e=1.26, lambda_z=0.02064, gamma_p=0.9086, gamma_q=4.065
  SSC-TV-L21 trial 35: ARI=0.4403  ACC=0.5722  NMI=0.6109  26.3s  lambda_e=0.5795, lambda_z=0.05414, gamma_p=0.2928, gamma_q=1.159
  SSC-TV-L21 trial 36: ARI=0.6412  ACC=0.7944  NMI=0.7393  26.4s  lambda_e=2.097, lambda_z=0.3565, gamma_p=0.1135, gamma_q=4.01
  SSC-TV-L21 trial 37: ARI=0.7410  ACC=0.8278  NMI=0.7841  26.5s  lambda_e=0.3634, lambda_z=0.09877, gamma_p=2.397, gamma_q=0.2489
  SSC-TV-L21 trial 38: ARI=0.7722  ACC=0.8778  NMI=0.8083  26.3s  lambda_e=0.8006, lambda_z=0.7062, gamma_p=0.557, gamma_q=2.707
  SSC-TV-L21 trial 39: ARI=0.4832  ACC=0.6500  NMI=0.6430  26.3s  lambda_e=0.7574, lambda_z=2.576, gamma_p=0.6128, gamma_q=1.827
  best ARI=0.7722  tune 1051.6s  lambda_e=0.8006, lambda_z=0.7062, gamma_p=0.557, gamma_q=2.707
  wrote /nfs/turbo/umms-minjilab/lpullela/icassp_ssc_tv2/ballet_dataset/ballet_cluster_params.json

============================================================
=== Evaluation ===
  OSC: ACC=0.7167  NMI=0.6779  ARI=0.5401  52.0s
  TKSS: ACC=0.9056  NMI=0.8379  ARI=0.8203  0.1s
  SSC-TV-L21: ACC=0.8778  NMI=0.8083  ARI=0.7722  26.4s
  BDOSC: ACC=0.6111  NMI=0.6183  ARI=0.3962  9.5s

wrote /nfs/turbo/umms-minjilab/lpullela/icassp_ssc_tv2/ballet_dataset/ballet_cluster_results.csv
wrote /nfs/turbo/umms-minjilab/lpullela/icassp_ssc_tv2/ballet_dataset/ballet_cluster_params.json
end=Tue Sep  1 12:34:22 EDT 2026
