host=gl3419.arc-ts.umich.edu  python=/home/lpullela/miniconda3/envs/ssc_559/bin/python  start=Wed Sep  2 10:06:23 EDT 2026  SIGMA=0.25
=== Ballet Clustering Experiment ===
k=5  n_test=15  n_train_combos=24  n_test_combos=18  n_trials=10  pca_dim=256  full_data=False  n_frames ~ Unif[10, 60]  seed=0
hetero_noise=False  sigmas=(0.25,)  append=False  no_tune=False  csv=ballet_cluster_sigmas_0.25_results.csv
sequences=44  train_pool=29  test_pool=15  train_combos=24  test_combos=18
train pool: ['seq_000003', 'seq_000035', 'seq_000005', 'seq_000019', 'seq_000024', 'seq_000033', 'seq_000012', 'seq_000002', 'seq_000023', 'seq_000020', 'seq_000022', 'seq_000028', 'seq_000042', 'seq_000011', 'seq_000004', 'seq_000039', 'seq_000017', 'seq_000031', 'seq_000021', 'seq_000029', 'seq_000009', 'seq_000036', 'seq_000043', 'seq_000018', 'seq_000001', 'seq_000025', 'seq_000026', 'seq_000041', 'seq_000027']
test  pool: ['seq_000040', 'seq_000010', 'seq_000007', 'seq_000037', 'seq_000038', 'seq_000014', 'seq_000013', 'seq_000008', 'seq_000044', 'seq_000006', 'seq_000015', 'seq_000030', 'seq_000034', 'seq_000016', 'seq_000032']
train 0 k=5  sequences=['seq_000002', 'seq_000011', 'seq_000017', 'seq_000023', 'seq_000036']
train 1 k=5  sequences=['seq_000001', 'seq_000004', 'seq_000009', 'seq_000017', 'seq_000031']
train 2 k=5  sequences=['seq_000001', 'seq_000002', 'seq_000011', 'seq_000029', 'seq_000043']
train 3 k=5  sequences=['seq_000003', 'seq_000018', 'seq_000026', 'seq_000029', 'seq_000033']
train 4 k=5  sequences=['seq_000002', 'seq_000005', 'seq_000027', 'seq_000028', 'seq_000042']
train 5 k=5  sequences=['seq_000002', 'seq_000011', 'seq_000017', 'seq_000027', 'seq_000031']
train 6 k=5  sequences=['seq_000009', 'seq_000022', 'seq_000025', 'seq_000029', 'seq_000041']
train 7 k=5  sequences=['seq_000009', 'seq_000017', 'seq_000019', 'seq_000020', 'seq_000043']
train 8 k=5  sequences=['seq_000001', 'seq_000005', 'seq_000022', 'seq_000029', 'seq_000042']
train 9 k=5  sequences=['seq_000004', 'seq_000009', 'seq_000012', 'seq_000023', 'seq_000031']
train 10 k=5  sequences=['seq_000002', 'seq_000009', 'seq_000012', 'seq_000018', 'seq_000023']
train 11 k=5  sequences=['seq_000009', 'seq_000012', 'seq_000022', 'seq_000023', 'seq_000036']
train 12 k=5  sequences=['seq_000001', 'seq_000017', 'seq_000023', 'seq_000024', 'seq_000039']
train 13 k=5  sequences=['seq_000028', 'seq_000029', 'seq_000033', 'seq_000035', 'seq_000039']
train 14 k=5  sequences=['seq_000001', 'seq_000023', 'seq_000025', 'seq_000026', 'seq_000039']
train 15 k=5  sequences=['seq_000018', 'seq_000019', 'seq_000020', 'seq_000031', 'seq_000035']
train 16 k=5  sequences=['seq_000022', 'seq_000026', 'seq_000028', 'seq_000033', 'seq_000042']
train 17 k=5  sequences=['seq_000017', 'seq_000020', 'seq_000026', 'seq_000039', 'seq_000041']
train 18 k=5  sequences=['seq_000004', 'seq_000012', 'seq_000022', 'seq_000028', 'seq_000042']
train 19 k=5  sequences=['seq_000021', 'seq_000025', 'seq_000026', 'seq_000029', 'seq_000041']
train 20 k=5  sequences=['seq_000001', 'seq_000021', 'seq_000025', 'seq_000027', 'seq_000041']
train 21 k=5  sequences=['seq_000001', 'seq_000022', 'seq_000024', 'seq_000025', 'seq_000036']
train 22 k=5  sequences=['seq_000011', 'seq_000012', 'seq_000020', 'seq_000027', 'seq_000036']
train 23 k=5  sequences=['seq_000002', 'seq_000018', 'seq_000025', 'seq_000028', 'seq_000039']
test  0 k=5  sequences=['seq_000007', 'seq_000008', 'seq_000015', 'seq_000016', 'seq_000040']
test  1 k=5  sequences=['seq_000008', 'seq_000010', 'seq_000030', 'seq_000037', 'seq_000040']
test  2 k=5  sequences=['seq_000006', 'seq_000007', 'seq_000013', 'seq_000030', 'seq_000040']
test  3 k=5  sequences=['seq_000010', 'seq_000015', 'seq_000034', 'seq_000038', 'seq_000044']
test  4 k=5  sequences=['seq_000007', 'seq_000010', 'seq_000015', 'seq_000034', 'seq_000037']
test  5 k=5  sequences=['seq_000008', 'seq_000013', 'seq_000015', 'seq_000016', 'seq_000034']
test  6 k=5  sequences=['seq_000013', 'seq_000016', 'seq_000030', 'seq_000034', 'seq_000038']
test  7 k=5  sequences=['seq_000008', 'seq_000037', 'seq_000038', 'seq_000040', 'seq_000044']
test  8 k=5  sequences=['seq_000006', 'seq_000032', 'seq_000034', 'seq_000038', 'seq_000040']
test  9 k=5  sequences=['seq_000010', 'seq_000015', 'seq_000034', 'seq_000038', 'seq_000040']
test  10 k=5  sequences=['seq_000007', 'seq_000008', 'seq_000013', 'seq_000032', 'seq_000037']
test  11 k=5  sequences=['seq_000010', 'seq_000014', 'seq_000030', 'seq_000032', 'seq_000040']
test  12 k=5  sequences=['seq_000013', 'seq_000014', 'seq_000015', 'seq_000016', 'seq_000037']
test  13 k=5  sequences=['seq_000007', 'seq_000013', 'seq_000016', 'seq_000030', 'seq_000044']
test  14 k=5  sequences=['seq_000006', 'seq_000013', 'seq_000030', 'seq_000038', 'seq_000040']
test  15 k=5  sequences=['seq_000008', 'seq_000032', 'seq_000034', 'seq_000037', 'seq_000044']
test  16 k=5  sequences=['seq_000013', 'seq_000015', 'seq_000034', 'seq_000037', 'seq_000044']
test  17 k=5  sequences=['seq_000006', 'seq_000007', 'seq_000008', 'seq_000014', 'seq_000016']

Loading 44 sequences once (reused across combinations)
  seq_000001: frames=34  dim=90601
  seq_000002: frames=28  dim=90601
  seq_000003: frames=52  dim=90601
  seq_000004: frames=18  dim=90601
  seq_000005: frames=17  dim=90601
  seq_000006: frames=56  dim=90601
  seq_000007: frames=19  dim=90601
  seq_000008: frames=47  dim=90601
  seq_000009: frames=16  dim=90601
  seq_000010: frames=33  dim=90601
  seq_000011: frames=54  dim=90601
  seq_000012: frames=58  dim=90601
  seq_000013: frames=11  dim=90601
  seq_000014: frames=37  dim=90601
  seq_000015: frames=28  dim=90601
  seq_000016: frames=41  dim=90601
  seq_000017: frames=45  dim=90601
  seq_000018: frames=58  dim=90601
  seq_000019: frames=22  dim=90601
  seq_000020: frames=51  dim=90601
  seq_000021: frames=43  dim=90601
  seq_000022: frames=57  dim=90601
  seq_000023: frames=22  dim=90601
  seq_000024: frames=20  dim=90601
  seq_000025: frames=48  dim=90601
  seq_000026: frames=58  dim=90601
  seq_000027: frames=28  dim=90601
  seq_000028: frames=29  dim=90601
  seq_000029: frames=33  dim=90601
  seq_000030: frames=22  dim=90601
  seq_000031: frames=44  dim=90601
  seq_000032: frames=38  dim=90601
  seq_000033: frames=32  dim=90601
  seq_000034: frames=37  dim=90601
  seq_000035: frames=47  dim=90601
  seq_000036: frames=59  dim=90601
  seq_000037: frames=35  dim=90601
  seq_000038: frames=47  dim=90601
  seq_000039: frames=38  dim=90601
  seq_000040: frames=58  dim=90601
  seq_000041: frames=21  dim=90601
  seq_000042: frames=22  dim=90601
  seq_000043: frames=20  dim=90601
  seq_000044: frames=31  dim=90601

Building train combinations
  train[0]: frames=208  dim=90601  n_kept=[28, 54, 45, 22, 59]  seqs=['seq_000002', 'seq_000011', 'seq_000017', 'seq_000023', 'seq_000036']
  train[1]: frames=157  dim=90601  n_kept=[34, 18, 16, 45, 44]  seqs=['seq_000001', 'seq_000004', 'seq_000009', 'seq_000017', 'seq_000031']
  train[2]: frames=169  dim=90601  n_kept=[34, 28, 54, 33, 20]  seqs=['seq_000001', 'seq_000002', 'seq_000011', 'seq_000029', 'seq_000043']
  train[3]: frames=233  dim=90601  n_kept=[52, 58, 58, 33, 32]  seqs=['seq_000003', 'seq_000018', 'seq_000026', 'seq_000029', 'seq_000033']
  train[4]: frames=124  dim=90601  n_kept=[28, 17, 28, 29, 22]  seqs=['seq_000002', 'seq_000005', 'seq_000027', 'seq_000028', 'seq_000042']
  train[5]: frames=199  dim=90601  n_kept=[28, 54, 45, 28, 44]  seqs=['seq_000002', 'seq_000011', 'seq_000017', 'seq_000027', 'seq_000031']
  train[6]: frames=175  dim=90601  n_kept=[16, 57, 48, 33, 21]  seqs=['seq_000009', 'seq_000022', 'seq_000025', 'seq_000029', 'seq_000041']
  train[7]: frames=154  dim=90601  n_kept=[16, 45, 22, 51, 20]  seqs=['seq_000009', 'seq_000017', 'seq_000019', 'seq_000020', 'seq_000043']
  train[8]: frames=163  dim=90601  n_kept=[34, 17, 57, 33, 22]  seqs=['seq_000001', 'seq_000005', 'seq_000022', 'seq_000029', 'seq_000042']
  train[9]: frames=158  dim=90601  n_kept=[18, 16, 58, 22, 44]  seqs=['seq_000004', 'seq_000009', 'seq_000012', 'seq_000023', 'seq_000031']
  train[10]: frames=182  dim=90601  n_kept=[28, 16, 58, 58, 22]  seqs=['seq_000002', 'seq_000009', 'seq_000012', 'seq_000018', 'seq_000023']
  train[11]: frames=212  dim=90601  n_kept=[16, 58, 57, 22, 59]  seqs=['seq_000009', 'seq_000012', 'seq_000022', 'seq_000023', 'seq_000036']
  train[12]: frames=159  dim=90601  n_kept=[34, 45, 22, 20, 38]  seqs=['seq_000001', 'seq_000017', 'seq_000023', 'seq_000024', 'seq_000039']
  train[13]: frames=179  dim=90601  n_kept=[29, 33, 32, 47, 38]  seqs=['seq_000028', 'seq_000029', 'seq_000033', 'seq_000035', 'seq_000039']
  train[14]: frames=200  dim=90601  n_kept=[34, 22, 48, 58, 38]  seqs=['seq_000001', 'seq_000023', 'seq_000025', 'seq_000026', 'seq_000039']
  train[15]: frames=222  dim=90601  n_kept=[58, 22, 51, 44, 47]  seqs=['seq_000018', 'seq_000019', 'seq_000020', 'seq_000031', 'seq_000035']
  train[16]: frames=198  dim=90601  n_kept=[57, 58, 29, 32, 22]  seqs=['seq_000022', 'seq_000026', 'seq_000028', 'seq_000033', 'seq_000042']
  train[17]: frames=213  dim=90601  n_kept=[45, 51, 58, 38, 21]  seqs=['seq_000017', 'seq_000020', 'seq_000026', 'seq_000039', 'seq_000041']
  train[18]: frames=184  dim=90601  n_kept=[18, 58, 57, 29, 22]  seqs=['seq_000004', 'seq_000012', 'seq_000022', 'seq_000028', 'seq_000042']
  train[19]: frames=203  dim=90601  n_kept=[43, 48, 58, 33, 21]  seqs=['seq_000021', 'seq_000025', 'seq_000026', 'seq_000029', 'seq_000041']
  train[20]: frames=174  dim=90601  n_kept=[34, 43, 48, 28, 21]  seqs=['seq_000001', 'seq_000021', 'seq_000025', 'seq_000027', 'seq_000041']
  train[21]: frames=218  dim=90601  n_kept=[34, 57, 20, 48, 59]  seqs=['seq_000001', 'seq_000022', 'seq_000024', 'seq_000025', 'seq_000036']
  train[22]: frames=250  dim=90601  n_kept=[54, 58, 51, 28, 59]  seqs=['seq_000011', 'seq_000012', 'seq_000020', 'seq_000027', 'seq_000036']
  train[23]: frames=201  dim=90601  n_kept=[28, 58, 48, 29, 38]  seqs=['seq_000002', 'seq_000018', 'seq_000025', 'seq_000028', 'seq_000039']
Building test combinations
  test[0]: frames=193  dim=90601  n_kept=[19, 47, 28, 41, 58]  seqs=['seq_000007', 'seq_000008', 'seq_000015', 'seq_000016', 'seq_000040']
  test[1]: frames=195  dim=90601  n_kept=[47, 33, 22, 35, 58]  seqs=['seq_000008', 'seq_000010', 'seq_000030', 'seq_000037', 'seq_000040']
  test[2]: frames=166  dim=90601  n_kept=[56, 19, 11, 22, 58]  seqs=['seq_000006', 'seq_000007', 'seq_000013', 'seq_000030', 'seq_000040']
  test[3]: frames=176  dim=90601  n_kept=[33, 28, 37, 47, 31]  seqs=['seq_000010', 'seq_000015', 'seq_000034', 'seq_000038', 'seq_000044']
  test[4]: frames=152  dim=90601  n_kept=[19, 33, 28, 37, 35]  seqs=['seq_000007', 'seq_000010', 'seq_000015', 'seq_000034', 'seq_000037']
  test[5]: frames=164  dim=90601  n_kept=[47, 11, 28, 41, 37]  seqs=['seq_000008', 'seq_000013', 'seq_000015', 'seq_000016', 'seq_000034']
  test[6]: frames=158  dim=90601  n_kept=[11, 41, 22, 37, 47]  seqs=['seq_000013', 'seq_000016', 'seq_000030', 'seq_000034', 'seq_000038']
  test[7]: frames=218  dim=90601  n_kept=[47, 35, 47, 58, 31]  seqs=['seq_000008', 'seq_000037', 'seq_000038', 'seq_000040', 'seq_000044']
  test[8]: frames=236  dim=90601  n_kept=[56, 38, 37, 47, 58]  seqs=['seq_000006', 'seq_000032', 'seq_000034', 'seq_000038', 'seq_000040']
  test[9]: frames=203  dim=90601  n_kept=[33, 28, 37, 47, 58]  seqs=['seq_000010', 'seq_000015', 'seq_000034', 'seq_000038', 'seq_000040']
  test[10]: frames=150  dim=90601  n_kept=[19, 47, 11, 38, 35]  seqs=['seq_000007', 'seq_000008', 'seq_000013', 'seq_000032', 'seq_000037']
  test[11]: frames=188  dim=90601  n_kept=[33, 37, 22, 38, 58]  seqs=['seq_000010', 'seq_000014', 'seq_000030', 'seq_000032', 'seq_000040']
  test[12]: frames=152  dim=90601  n_kept=[11, 37, 28, 41, 35]  seqs=['seq_000013', 'seq_000014', 'seq_000015', 'seq_000016', 'seq_000037']
  test[13]: frames=124  dim=90601  n_kept=[19, 11, 41, 22, 31]  seqs=['seq_000007', 'seq_000013', 'seq_000016', 'seq_000030', 'seq_000044']
  test[14]: frames=194  dim=90601  n_kept=[56, 11, 22, 47, 58]  seqs=['seq_000006', 'seq_000013', 'seq_000030', 'seq_000038', 'seq_000040']
  test[15]: frames=188  dim=90601  n_kept=[47, 38, 37, 35, 31]  seqs=['seq_000008', 'seq_000032', 'seq_000034', 'seq_000037', 'seq_000044']
  test[16]: frames=142  dim=90601  n_kept=[11, 28, 37, 35, 31]  seqs=['seq_000013', 'seq_000015', 'seq_000034', 'seq_000037', 'seq_000044']
  test[17]: frames=200  dim=90601  n_kept=[56, 19, 47, 37, 41]  seqs=['seq_000006', 'seq_000007', 'seq_000008', 'seq_000014', 'seq_000016']
σ=0.25: train mats=24  test mats=18
clustering Y dim=208  (requested pca_dim=256)

Methods: ['OSC', 'TKSS', 'SSC-TV-L21', 'SSC-TV-L21-col', 'BDOSC']
per-σ tuning: 1 levels × 10 trials  (24 train mats per σ)

============================================================
--- Tuning OSC at σ=0.25 over 24 train mats ---
  OSC trial 0: mean ARI=0.5031  n=24  5.5s  lambda_1=0.1, lambda_2=0.1
  OSC trial 1: mean ARI=0.3218  n=24  5.6s  lambda_1=0.1568, lambda_2=0.7257
  OSC trial 2: mean ARI=0.3165  n=24  5.1s  lambda_1=0.2577, lambda_2=0.1512
  OSC trial 3: mean ARI=0.4934  n=24  5.1s  lambda_1=0.0495, lambda_2=0.3833
  OSC trial 4: mean ARI=0.5112  n=24  5.1s  lambda_1=0.05628, lambda_2=3.691
  OSC trial 5: mean ARI=0.0067  n=24  4.8s  lambda_1=7.156, lambda_2=0.03418
  OSC trial 6: mean ARI=0.0067  n=24  4.8s  lambda_1=1.469, lambda_2=0.1305
  OSC trial 7: mean ARI=0.3615  n=24  5.0s  lambda_1=0.1871, lambda_2=5.039
  OSC trial 8: mean ARI=0.2651  n=24  5.6s  lambda_1=0.001924, lambda_2=0.002231
  OSC trial 9: mean ARI=0.1720  n=24  5.0s  lambda_1=0.001205, lambda_2=2.14
  best mean ARI=0.5112  tune 51.6s  lambda_1=0.05628, lambda_2=3.691
  wrote /nfs/turbo/umms-minjilab/lpullela/icassp_ssc_tv2/ballet_dataset/ballet_cluster_sigmas_0.25_params.json

============================================================
--- Tuning TKSS at σ=0.25 over 24 train mats ---
  TKSS trial 0: mean ARI=0.6234  n=24  0.8s  d=5, lam=1, s=2
  TKSS trial 1: mean ARI=0.6195  n=24  1.0s  d=9, lam=1.398, s=4
  TKSS trial 2: mean ARI=0.6118  n=24  0.6s  d=9, lam=0.1866, s=4
  TKSS trial 3: mean ARI=0.6209  n=24  1.4s  d=7, lam=4.735, s=6
  TKSS trial 4: mean ARI=0.6240  n=24  1.1s  d=6, lam=2.372, s=4
  TKSS trial 5: mean ARI=0.6079  n=24  0.4s  d=9, lam=5.981, s=1
  TKSS trial 6: mean ARI=0.5483  n=24  1.6s  d=2, lam=0.0115, s=5
  TKSS trial 7: mean ARI=0.6051  n=24  1.3s  d=12, lam=4.074, s=6
  TKSS trial 8: mean ARI=0.6060  n=24  0.9s  d=12, lam=0.2423, s=5
  TKSS trial 9: mean ARI=0.5413  n=24  2.0s  d=2, lam=0.8313, s=1
  best mean ARI=0.6240  tune 11.2s  d=6, lam=2.372, s=4
  wrote /nfs/turbo/umms-minjilab/lpullela/icassp_ssc_tv2/ballet_dataset/ballet_cluster_sigmas_0.25_params.json

============================================================
--- Tuning SSC-TV-L21 at σ=0.25 over 24 train mats ---
  SSC-TV-L21 trial 0: mean ARI=0.0370  n=24  3.6s  lambda_e=1, lambda_z=0.1, gamma_p=0.1, gamma_q=0.1
  SSC-TV-L21 trial 1: mean ARI=0.0218  n=24  3.6s  lambda_e=0.443, lambda_z=0.7257, gamma_p=0.2577, gamma_q=0.1512
  SSC-TV-L21 trial 2: mean ARI=0.0053  n=24  3.6s  lambda_e=0.1866, lambda_z=0.3833, gamma_p=0.05628, gamma_q=3.691
  SSC-TV-L21 trial 3: mean ARI=0.0070  n=24  3.6s  lambda_e=7.78, lambda_z=0.03418, gamma_p=1.469, gamma_q=0.1305
  SSC-TV-L21 trial 4: mean ARI=0.6140  n=24  3.6s  lambda_e=0.506, lambda_z=5.039, gamma_p=0.001924, gamma_q=0.002231
  SSC-TV-L21 trial 5: mean ARI=0.0062  n=24  3.6s  lambda_e=0.0115, lambda_z=2.14, gamma_p=1.296, gamma_q=3.02
  SSC-TV-L21 trial 6: mean ARI=0.0048  n=24  3.6s  lambda_e=8.627, lambda_z=1.573, gamma_p=0.07013, gamma_q=1.325
  SSC-TV-L21 trial 7: mean ARI=0.0067  n=24  3.6s  lambda_e=0.02264, lambda_z=0.3628, gamma_p=0.003745, gamma_q=6.007
  SSC-TV-L21 trial 8: mean ARI=0.0070  n=24  3.6s  lambda_e=0.3677, lambda_z=0.04557, gamma_p=0.01143, gamma_q=1.25
  SSC-TV-L21 trial 9: mean ARI=0.0175  n=24  3.6s  lambda_e=0.2336, lambda_z=0.1878, gamma_p=0.001189, gamma_q=0.2955
  best mean ARI=0.6140  tune 36.1s  lambda_e=0.506, lambda_z=5.039, gamma_p=0.001924, gamma_q=0.002231
  wrote /nfs/turbo/umms-minjilab/lpullela/icassp_ssc_tv2/ballet_dataset/ballet_cluster_sigmas_0.25_params.json

============================================================
--- Tuning SSC-TV-L21-col at σ=0.25 over 24 train mats ---
  SSC-TV-L21-col trial 0: mean ARI=0.0950  n=24  2.9s  lambda_e=1, lambda_z=0.1, gamma_q=0.1
  SSC-TV-L21-col trial 1: mean ARI=0.0108  n=24  2.9s  lambda_e=0.443, lambda_z=0.7257, gamma_q=0.2577
  SSC-TV-L21-col trial 2: mean ARI=0.0064  n=24  2.9s  lambda_e=0.4312, lambda_z=0.0495, gamma_q=0.3833
  SSC-TV-L21-col trial 3: mean ARI=0.0063  n=24  2.9s  lambda_e=0.2055, lambda_z=3.691, gamma_q=7.156
  SSC-TV-L21-col trial 4: mean ARI=0.3692  n=24  2.9s  lambda_e=0.1414, lambda_z=1.469, gamma_q=0.1305
  SSC-TV-L21-col trial 5: mean ARI=0.4853  n=24  2.9s  lambda_e=0.506, lambda_z=5.039, gamma_q=0.001924
  SSC-TV-L21-col trial 6: mean ARI=0.0322  n=24  2.9s  lambda_e=0.01826, lambda_z=0.001205, gamma_q=2.14
  SSC-TV-L21-col trial 7: mean ARI=0.0073  n=24  2.9s  lambda_e=2.16, lambda_z=3.02, gamma_q=8.212
  SSC-TV-L21-col trial 8: mean ARI=0.0062  n=24  2.9s  lambda_e=2.497, lambda_z=0.07013, gamma_q=1.325
  SSC-TV-L21-col trial 9: mean ARI=0.7124  n=24  2.9s  lambda_e=0.02264, lambda_z=0.3628, gamma_q=0.003745
  best mean ARI=0.7124  tune 29.0s  lambda_e=0.02264, lambda_z=0.3628, gamma_q=0.003745
  wrote /nfs/turbo/umms-minjilab/lpullela/icassp_ssc_tv2/ballet_dataset/ballet_cluster_sigmas_0.25_params.json

σ=0.25 BDOSC: fixed lambda_1=0.2, lambda_2=1, gamma_1=0.01, p=1.1, max_iter=50

=== train[0] k=5  dim=208  frames=208  σ=0.25  seqs=['seq_000002', 'seq_000011', 'seq_000017', 'seq_000023', 'seq_000036'] ===
  OSC: ACC=0.5385  NMI=0.5270  ARI=0.2049  0.2s
  TKSS: ACC=0.8413  NMI=0.7817  ARI=0.6859  0.1s
  SSC-TV-L21: ACC=0.7644  NMI=0.7611  ARI=0.6158  0.2s
  SSC-TV-L21-col: ACC=0.6154  NMI=0.7196  ARI=0.5142  0.1s
  BDOSC: ACC=0.6971  NMI=0.7415  ARI=0.5735  4.4s

=== train[1] k=5  dim=157  frames=157  σ=0.25  seqs=['seq_000001', 'seq_000004', 'seq_000009', 'seq_000017', 'seq_000031'] ===
  OSC: ACC=0.7771  NMI=0.8182  ARI=0.6828  0.2s
  TKSS: ACC=0.7070  NMI=0.7212  ARI=0.6099  0.0s
  SSC-TV-L21: ACC=0.6369  NMI=0.6669  ARI=0.5012  0.1s
  SSC-TV-L21-col: ACC=0.8025  NMI=0.7928  ARI=0.6742  0.1s
  BDOSC: ACC=0.6943  NMI=0.7465  ARI=0.6285  1.4s

=== train[2] k=5  dim=169  frames=169  σ=0.25  seqs=['seq_000001', 'seq_000002', 'seq_000011', 'seq_000029', 'seq_000043'] ===
  OSC: ACC=0.5621  NMI=0.6988  ARI=0.5040  0.2s
  TKSS: ACC=0.8107  NMI=0.7410  ARI=0.6227  0.0s
  SSC-TV-L21: ACC=0.6982  NMI=0.7458  ARI=0.5728  0.1s
  SSC-TV-L21-col: ACC=0.7396  NMI=0.8361  ARI=0.6761  0.1s
  BDOSC: ACC=0.4911  NMI=0.5805  ARI=0.3505  1.7s

=== train[3] k=5  dim=233  frames=233  σ=0.25  seqs=['seq_000003', 'seq_000018', 'seq_000026', 'seq_000029', 'seq_000033'] ===
  OSC: ACC=0.7167  NMI=0.7982  ARI=0.6760  0.3s
  TKSS: ACC=0.6652  NMI=0.6922  ARI=0.5507  0.1s
  SSC-TV-L21: ACC=0.8240  NMI=0.9019  ARI=0.8391  0.2s
  SSC-TV-L21-col: ACC=0.8240  NMI=0.9019  ARI=0.8391  0.2s
  BDOSC: ACC=0.5494  NMI=0.6185  ARI=0.3941  3.1s

=== train[4] k=5  dim=124  frames=124  σ=0.25  seqs=['seq_000002', 'seq_000005', 'seq_000027', 'seq_000028', 'seq_000042'] ===
  OSC: ACC=0.6694  NMI=0.6534  ARI=0.4912  0.1s
  TKSS: ACC=0.9516  NMI=0.8873  ARI=0.8832  0.0s
  SSC-TV-L21: ACC=0.6774  NMI=0.7191  ARI=0.5393  0.1s
  SSC-TV-L21-col: ACC=0.6290  NMI=0.6861  ARI=0.4818  0.1s
  BDOSC: ACC=0.4597  NMI=0.6136  ARI=0.3224  0.9s

=== train[5] k=5  dim=199  frames=199  σ=0.25  seqs=['seq_000002', 'seq_000011', 'seq_000017', 'seq_000027', 'seq_000031'] ===
  OSC: ACC=0.6432  NMI=0.7360  ARI=0.5377  0.2s
  TKSS: ACC=0.8693  NMI=0.7814  ARI=0.7117  0.0s
  SSC-TV-L21: ACC=0.6482  NMI=0.6776  ARI=0.4878  0.2s
  SSC-TV-L21-col: ACC=0.8090  NMI=0.7418  ARI=0.6277  0.1s
  BDOSC: ACC=0.5628  NMI=0.6279  ARI=0.4297  2.4s

=== train[6] k=5  dim=175  frames=175  σ=0.25  seqs=['seq_000009', 'seq_000022', 'seq_000025', 'seq_000029', 'seq_000041'] ===
  OSC: ACC=0.6057  NMI=0.6865  ARI=0.5402  0.2s
  TKSS: ACC=0.7257  NMI=0.6820  ARI=0.5196  0.0s
  SSC-TV-L21: ACC=0.6400  NMI=0.7550  ARI=0.5786  0.1s
  SSC-TV-L21-col: ACC=0.8400  NMI=0.8734  ARI=0.7656  0.1s
  BDOSC: ACC=0.7257  NMI=0.6921  ARI=0.5126  1.8s

=== train[7] k=5  dim=154  frames=154  σ=0.25  seqs=['seq_000009', 'seq_000017', 'seq_000019', 'seq_000020', 'seq_000043'] ===
  OSC: ACC=0.7987  NMI=0.7814  ARI=0.6588  0.1s
  TKSS: ACC=0.7792  NMI=0.7176  ARI=0.5521  0.0s
  SSC-TV-L21: ACC=0.6364  NMI=0.6098  ARI=0.4213  0.1s
  SSC-TV-L21-col: ACC=0.6364  NMI=0.6098  ARI=0.4213  0.1s
  BDOSC: ACC=0.6234  NMI=0.6294  ARI=0.4223  1.3s

=== train[8] k=5  dim=163  frames=163  σ=0.25  seqs=['seq_000001', 'seq_000005', 'seq_000022', 'seq_000029', 'seq_000042'] ===
  OSC: ACC=0.7730  NMI=0.7601  ARI=0.7131  0.2s
  TKSS: ACC=0.7853  NMI=0.7094  ARI=0.5707  0.0s
  SSC-TV-L21: ACC=0.6442  NMI=0.6862  ARI=0.3953  0.1s
  SSC-TV-L21-col: ACC=0.8282  NMI=0.8217  ARI=0.6701  0.1s
  BDOSC: ACC=0.7485  NMI=0.7620  ARI=0.6715  1.6s

=== train[9] k=5  dim=158  frames=158  σ=0.25  seqs=['seq_000004', 'seq_000009', 'seq_000012', 'seq_000023', 'seq_000031'] ===
  OSC: ACC=0.6013  NMI=0.6513  ARI=0.4456  0.2s
  TKSS: ACC=0.6582  NMI=0.7393  ARI=0.5875  0.0s
  SSC-TV-L21: ACC=0.7658  NMI=0.8024  ARI=0.7096  0.1s
  SSC-TV-L21-col: ACC=0.9430  NMI=0.9389  ARI=0.9522  0.1s
  BDOSC: ACC=0.9177  NMI=0.8380  ARI=0.8600  1.4s

=== train[10] k=5  dim=182  frames=182  σ=0.25  seqs=['seq_000002', 'seq_000009', 'seq_000012', 'seq_000018', 'seq_000023'] ===
  OSC: ACC=0.7912  NMI=0.7675  ARI=0.6039  0.2s
  TKSS: ACC=0.7198  NMI=0.6927  ARI=0.5528  0.1s
  SSC-TV-L21: ACC=0.9286  NMI=0.9363  ARI=0.9356  0.1s
  SSC-TV-L21-col: ACC=1.0000  NMI=1.0000  ARI=1.0000  0.1s
  BDOSC: ACC=0.7637  NMI=0.8104  ARI=0.7078  1.9s

=== train[11] k=5  dim=212  frames=212  σ=0.25  seqs=['seq_000009', 'seq_000012', 'seq_000022', 'seq_000023', 'seq_000036'] ===
  OSC: ACC=0.6226  NMI=0.6673  ARI=0.5159  0.3s
  TKSS: ACC=0.7453  NMI=0.7012  ARI=0.5769  0.1s
  SSC-TV-L21: ACC=0.6887  NMI=0.7282  ARI=0.5993  0.2s
  SSC-TV-L21-col: ACC=0.8491  NMI=0.8603  ARI=0.7929  0.1s
  BDOSC: ACC=0.8302  NMI=0.8283  ARI=0.7721  2.6s

=== train[12] k=5  dim=159  frames=159  σ=0.25  seqs=['seq_000001', 'seq_000017', 'seq_000023', 'seq_000024', 'seq_000039'] ===
  OSC: ACC=0.7233  NMI=0.7457  ARI=0.6068  0.2s
  TKSS: ACC=0.7925  NMI=0.7247  ARI=0.6146  0.0s
  SSC-TV-L21: ACC=0.4969  NMI=0.4837  ARI=0.2481  0.1s
  SSC-TV-L21-col: ACC=0.6038  NMI=0.6196  ARI=0.4338  0.1s
  BDOSC: ACC=0.6164  NMI=0.6881  ARI=0.4896  1.4s

=== train[13] k=5  dim=179  frames=179  σ=0.25  seqs=['seq_000028', 'seq_000029', 'seq_000033', 'seq_000035', 'seq_000039'] ===
  OSC: ACC=0.6927  NMI=0.7283  ARI=0.5430  0.2s
  TKSS: ACC=0.8380  NMI=0.7709  ARI=0.6850  0.0s
  SSC-TV-L21: ACC=0.6704  NMI=0.7682  ARI=0.5920  0.1s
  SSC-TV-L21-col: ACC=0.8547  NMI=0.8998  ARI=0.8290  0.1s
  BDOSC: ACC=0.8212  NMI=0.7642  ARI=0.6237  1.8s

=== train[14] k=5  dim=200  frames=200  σ=0.25  seqs=['seq_000001', 'seq_000023', 'seq_000025', 'seq_000026', 'seq_000039'] ===
  OSC: ACC=0.5550  NMI=0.5879  ARI=0.3730  0.2s
  TKSS: ACC=0.7650  NMI=0.7470  ARI=0.6316  0.0s
  SSC-TV-L21: ACC=0.6900  NMI=0.7497  ARI=0.5735  0.2s
  SSC-TV-L21-col: ACC=0.7150  NMI=0.7700  ARI=0.6050  0.1s
  BDOSC: ACC=0.7000  NMI=0.6923  ARI=0.5423  2.3s

=== train[15] k=5  dim=222  frames=222  σ=0.25  seqs=['seq_000018', 'seq_000019', 'seq_000020', 'seq_000031', 'seq_000035'] ===
  OSC: ACC=0.7252  NMI=0.7459  ARI=0.5447  0.3s
  TKSS: ACC=0.9099  NMI=0.8564  ARI=0.8173  0.1s
  SSC-TV-L21: ACC=0.6982  NMI=0.7184  ARI=0.5379  0.2s
  SSC-TV-L21-col: ACC=0.7072  NMI=0.6983  ARI=0.4942  0.2s
  BDOSC: ACC=0.5856  NMI=0.6313  ARI=0.4092  2.9s

=== train[16] k=5  dim=198  frames=198  σ=0.25  seqs=['seq_000022', 'seq_000026', 'seq_000028', 'seq_000033', 'seq_000042'] ===
  OSC: ACC=0.6212  NMI=0.6718  ARI=0.4937  0.2s
  TKSS: ACC=0.6364  NMI=0.7040  ARI=0.5471  0.0s
  SSC-TV-L21: ACC=0.5808  NMI=0.7361  ARI=0.5261  0.2s
  SSC-TV-L21-col: ACC=0.8081  NMI=0.8864  ARI=0.8062  0.1s
  BDOSC: ACC=0.6919  NMI=0.7606  ARI=0.6249  2.2s

=== train[17] k=5  dim=213  frames=213  σ=0.25  seqs=['seq_000017', 'seq_000020', 'seq_000026', 'seq_000039', 'seq_000041'] ===
  OSC: ACC=0.6291  NMI=0.6641  ARI=0.4538  0.3s
  TKSS: ACC=0.7042  NMI=0.7086  ARI=0.5778  0.0s
  SSC-TV-L21: ACC=0.5446  NMI=0.6376  ARI=0.4120  0.2s
  SSC-TV-L21-col: ACC=0.5305  NMI=0.6301  ARI=0.3993  0.2s
  BDOSC: ACC=0.6854  NMI=0.6415  ARI=0.4888  2.6s

=== train[18] k=5  dim=184  frames=184  σ=0.25  seqs=['seq_000004', 'seq_000012', 'seq_000022', 'seq_000028', 'seq_000042'] ===
  OSC: ACC=0.5163  NMI=0.5097  ARI=0.2631  0.2s
  TKSS: ACC=0.6793  NMI=0.6647  ARI=0.4860  0.0s
  SSC-TV-L21: ACC=0.7609  NMI=0.8115  ARI=0.6617  0.1s
  SSC-TV-L21-col: ACC=0.9402  NMI=0.8946  ARI=0.8673  0.1s
  BDOSC: ACC=0.5924  NMI=0.6210  ARI=0.4451  1.9s

=== train[19] k=5  dim=203  frames=203  σ=0.25  seqs=['seq_000021', 'seq_000025', 'seq_000026', 'seq_000029', 'seq_000041'] ===
  OSC: ACC=0.5616  NMI=0.5966  ARI=0.3974  0.2s
  TKSS: ACC=0.6946  NMI=0.7138  ARI=0.5852  0.0s
  SSC-TV-L21: ACC=0.9212  NMI=0.8636  ARI=0.8430  0.2s
  SSC-TV-L21-col: ACC=1.0000  NMI=1.0000  ARI=1.0000  0.1s
  BDOSC: ACC=0.5419  NMI=0.5737  ARI=0.3607  2.4s

=== train[20] k=5  dim=174  frames=174  σ=0.25  seqs=['seq_000001', 'seq_000021', 'seq_000025', 'seq_000027', 'seq_000041'] ===
  OSC: ACC=0.6897  NMI=0.7560  ARI=0.6035  0.2s
  TKSS: ACC=0.7414  NMI=0.7210  ARI=0.5940  0.0s
  SSC-TV-L21: ACC=0.9023  NMI=0.8680  ARI=0.8451  0.1s
  SSC-TV-L21-col: ACC=0.9023  NMI=0.8680  ARI=0.8451  0.1s
  BDOSC: ACC=0.5862  NMI=0.6348  ARI=0.4610  1.7s

=== train[21] k=5  dim=218  frames=218  σ=0.25  seqs=['seq_000001', 'seq_000022', 'seq_000024', 'seq_000025', 'seq_000036'] ===
  OSC: ACC=0.7248  NMI=0.7384  ARI=0.5662  0.3s
  TKSS: ACC=0.7890  NMI=0.7218  ARI=0.6093  0.1s
  SSC-TV-L21: ACC=0.8028  NMI=0.8005  ARI=0.6943  0.2s
  SSC-TV-L21-col: ACC=0.6927  NMI=0.7896  ARI=0.6208  0.2s
  BDOSC: ACC=0.5642  NMI=0.6634  ARI=0.4337  2.8s

=== train[22] k=5  dim=250  frames=250  σ=0.25  seqs=['seq_000011', 'seq_000012', 'seq_000020', 'seq_000027', 'seq_000036'] ===
  OSC: ACC=0.5640  NMI=0.5667  ARI=0.3356  0.3s
  TKSS: ACC=0.8640  NMI=0.7787  ARI=0.7231  0.1s
  SSC-TV-L21: ACC=0.8400  NMI=0.8720  ARI=0.8108  0.3s
  SSC-TV-L21-col: ACC=0.8440  NMI=0.8735  ARI=0.8140  0.2s
  BDOSC: ACC=0.4080  NMI=0.4445  ARI=0.1553  3.6s

=== train[23] k=5  dim=201  frames=201  σ=0.25  seqs=['seq_000002', 'seq_000018', 'seq_000025', 'seq_000028', 'seq_000039'] ===
  OSC: ACC=0.7214  NMI=0.7358  ARI=0.5128  0.2s
  TKSS: ACC=0.8507  NMI=0.7724  ARI=0.6806  0.1s
  SSC-TV-L21: ACC=0.8159  NMI=0.8868  ARI=0.7946  0.2s
  SSC-TV-L21-col: ACC=0.9851  NMI=0.9665  ARI=0.9672  0.1s
  BDOSC: ACC=0.6517  NMI=0.6382  ARI=0.4838  2.3s

=== test[0] k=5  dim=193  frames=193  σ=0.25  seqs=['seq_000007', 'seq_000008', 'seq_000015', 'seq_000016', 'seq_000040'] ===
  OSC: ACC=0.5544  NMI=0.6081  ARI=0.3293  0.2s
  TKSS: ACC=0.6477  NMI=0.6450  ARI=0.4685  0.0s
  SSC-TV-L21: ACC=0.5337  NMI=0.6166  ARI=0.3567  0.2s
  SSC-TV-L21-col: ACC=0.4819  NMI=0.6049  ARI=0.3247  0.1s
  BDOSC: ACC=0.6684  NMI=0.7434  ARI=0.5643  2.1s

=== test[1] k=5  dim=195  frames=195  σ=0.25  seqs=['seq_000008', 'seq_000010', 'seq_000030', 'seq_000037', 'seq_000040'] ===
  OSC: ACC=0.5282  NMI=0.6424  ARI=0.4140  0.2s
  TKSS: ACC=0.7538  NMI=0.7444  ARI=0.6123  0.1s
  SSC-TV-L21: ACC=0.7333  NMI=0.8124  ARI=0.6289  0.2s
  SSC-TV-L21-col: ACC=0.7333  NMI=0.8124  ARI=0.6289  0.1s
  BDOSC: ACC=0.5846  NMI=0.6569  ARI=0.4920  2.3s

=== test[2] k=5  dim=166  frames=166  σ=0.25  seqs=['seq_000006', 'seq_000007', 'seq_000013', 'seq_000030', 'seq_000040'] ===
  OSC: ACC=0.3795  NMI=0.3954  ARI=0.0928  0.2s
  TKSS: ACC=0.5723  NMI=0.6394  ARI=0.4650  0.0s
  SSC-TV-L21: ACC=0.7349  NMI=0.7381  ARI=0.6791  0.1s
  SSC-TV-L21-col: ACC=0.7771  NMI=0.8795  ARI=0.7944  0.1s
  BDOSC: ACC=0.6928  NMI=0.6788  ARI=0.5370  1.6s

=== test[3] k=5  dim=176  frames=176  σ=0.25  seqs=['seq_000010', 'seq_000015', 'seq_000034', 'seq_000038', 'seq_000044'] ===
  OSC: ACC=0.6989  NMI=0.6912  ARI=0.5287  0.2s
  TKSS: ACC=0.8864  NMI=0.8110  ARI=0.7566  0.1s
  SSC-TV-L21: ACC=0.3295  NMI=0.4066  ARI=0.1352  0.1s
  SSC-TV-L21-col: ACC=0.3295  NMI=0.4072  ARI=0.1357  0.1s
  BDOSC: ACC=0.5852  NMI=0.6102  ARI=0.4072  1.7s

=== test[4] k=5  dim=152  frames=152  σ=0.25  seqs=['seq_000007', 'seq_000010', 'seq_000015', 'seq_000034', 'seq_000037'] ===
  OSC: ACC=0.5526  NMI=0.6109  ARI=0.3920  0.1s
  TKSS: ACC=0.7961  NMI=0.7235  ARI=0.6129  0.0s
  SSC-TV-L21: ACC=0.3224  NMI=0.2301  ARI=0.0430  0.1s
  SSC-TV-L21-col: ACC=0.4079  NMI=0.4872  ARI=0.1867  0.1s
  BDOSC: ACC=0.7303  NMI=0.7671  ARI=0.6253  1.3s

=== test[5] k=5  dim=164  frames=164  σ=0.25  seqs=['seq_000008', 'seq_000013', 'seq_000015', 'seq_000016', 'seq_000034'] ===
  OSC: ACC=0.4329  NMI=0.5188  ARI=0.2087  0.2s
  TKSS: ACC=0.7561  NMI=0.6994  ARI=0.5752  0.0s
  SSC-TV-L21: ACC=0.4329  NMI=0.5150  ARI=0.2051  0.1s
  SSC-TV-L21-col: ACC=0.4268  NMI=0.5147  ARI=0.2042  0.1s
  BDOSC: ACC=0.6098  NMI=0.7084  ARI=0.5521  1.6s

=== test[6] k=5  dim=158  frames=158  σ=0.25  seqs=['seq_000013', 'seq_000016', 'seq_000030', 'seq_000034', 'seq_000038'] ===
  OSC: ACC=0.8608  NMI=0.8957  ARI=0.8356  0.2s
  TKSS: ACC=0.6139  NMI=0.6339  ARI=0.4524  0.0s
  SSC-TV-L21: ACC=0.6266  NMI=0.7083  ARI=0.5503  0.1s
  SSC-TV-L21-col: ACC=0.7278  NMI=0.7184  ARI=0.5608  0.1s
  BDOSC: ACC=0.7468  NMI=0.7334  ARI=0.6665  1.4s

=== test[7] k=5  dim=218  frames=218  σ=0.25  seqs=['seq_000008', 'seq_000037', 'seq_000038', 'seq_000040', 'seq_000044'] ===
  OSC: ACC=0.5000  NMI=0.5874  ARI=0.3176  0.3s
  TKSS: ACC=0.8716  NMI=0.7910  ARI=0.7155  0.1s
  SSC-TV-L21: ACC=0.6239  NMI=0.6955  ARI=0.4091  0.2s
  SSC-TV-L21-col: ACC=0.7202  NMI=0.8443  ARI=0.6486  0.2s
  BDOSC: ACC=0.6193  NMI=0.6978  ARI=0.4884  2.8s

=== test[8] k=5  dim=236  frames=236  σ=0.25  seqs=['seq_000006', 'seq_000032', 'seq_000034', 'seq_000038', 'seq_000040'] ===
  OSC: ACC=0.7203  NMI=0.7475  ARI=0.6080  0.3s
  TKSS: ACC=0.8517  NMI=0.7884  ARI=0.7029  0.1s
  SSC-TV-L21: ACC=0.5847  NMI=0.6503  ARI=0.4274  0.2s
  SSC-TV-L21-col: ACC=0.7627  NMI=0.7620  ARI=0.6366  0.2s
  BDOSC: ACC=0.7034  NMI=0.6691  ARI=0.4615  3.0s

=== test[9] k=5  dim=203  frames=203  σ=0.25  seqs=['seq_000010', 'seq_000015', 'seq_000034', 'seq_000038', 'seq_000040'] ===
  OSC: ACC=0.6404  NMI=0.7160  ARI=0.5499  0.2s
  TKSS: ACC=0.6946  NMI=0.6822  ARI=0.5426  0.1s
  SSC-TV-L21: ACC=0.5517  NMI=0.5900  ARI=0.3744  0.2s
  SSC-TV-L21-col: ACC=0.5419  NMI=0.6070  ARI=0.3621  0.1s
  BDOSC: ACC=0.7734  NMI=0.7256  ARI=0.6149  2.4s

=== test[10] k=5  dim=150  frames=150  σ=0.25  seqs=['seq_000007', 'seq_000008', 'seq_000013', 'seq_000032', 'seq_000037'] ===
  OSC: ACC=0.6533  NMI=0.6607  ARI=0.4527  0.1s
  TKSS: ACC=0.7667  NMI=0.6888  ARI=0.5560  0.0s
  SSC-TV-L21: ACC=0.6533  NMI=0.7460  ARI=0.5805  0.1s
  SSC-TV-L21-col: ACC=0.8200  NMI=0.8601  ARI=0.7355  0.1s
  BDOSC: ACC=0.6333  NMI=0.7337  ARI=0.5816  1.3s

=== test[11] k=5  dim=188  frames=188  σ=0.25  seqs=['seq_000010', 'seq_000014', 'seq_000030', 'seq_000032', 'seq_000040'] ===
  OSC: ACC=0.6809  NMI=0.6718  ARI=0.4599  0.2s
  TKSS: ACC=0.7713  NMI=0.7629  ARI=0.6414  0.1s
  SSC-TV-L21: ACC=0.6915  NMI=0.6980  ARI=0.6102  0.1s
  SSC-TV-L21-col: ACC=0.4947  NMI=0.6831  ARI=0.4114  0.1s
  BDOSC: ACC=0.7287  NMI=0.6842  ARI=0.5581  2.0s

=== test[12] k=5  dim=152  frames=152  σ=0.25  seqs=['seq_000013', 'seq_000014', 'seq_000015', 'seq_000016', 'seq_000037'] ===
  OSC: ACC=0.7697  NMI=0.7276  ARI=0.6246  0.1s
  TKSS: ACC=0.6908  NMI=0.6905  ARI=0.5474  0.0s
  SSC-TV-L21: ACC=0.5658  NMI=0.6189  ARI=0.3715  0.1s
  SSC-TV-L21-col: ACC=0.5724  NMI=0.6254  ARI=0.3832  0.1s
  BDOSC: ACC=0.7697  NMI=0.6980  ARI=0.5700  1.3s

=== test[13] k=5  dim=124  frames=124  σ=0.25  seqs=['seq_000007', 'seq_000013', 'seq_000016', 'seq_000030', 'seq_000044'] ===
  OSC: ACC=0.8548  NMI=0.8563  ARI=0.7832  0.1s
  TKSS: ACC=0.7500  NMI=0.7222  ARI=0.5937  0.0s
  SSC-TV-L21: ACC=0.6613  NMI=0.6872  ARI=0.5123  0.1s
  SSC-TV-L21-col: ACC=0.5968  NMI=0.7026  ARI=0.4663  0.1s
  BDOSC: ACC=0.7419  NMI=0.6860  ARI=0.5505  0.9s

=== test[14] k=5  dim=194  frames=194  σ=0.25  seqs=['seq_000006', 'seq_000013', 'seq_000030', 'seq_000038', 'seq_000040'] ===
  OSC: ACC=0.6495  NMI=0.6652  ARI=0.5069  0.2s
  TKSS: ACC=0.6443  NMI=0.6583  ARI=0.5199  0.1s
  SSC-TV-L21: ACC=0.6753  NMI=0.6913  ARI=0.5653  0.2s
  SSC-TV-L21-col: ACC=0.5464  NMI=0.7193  ARI=0.5031  0.1s
  BDOSC: ACC=0.7113  NMI=0.7433  ARI=0.6347  2.1s

=== test[15] k=5  dim=188  frames=188  σ=0.25  seqs=['seq_000008', 'seq_000032', 'seq_000034', 'seq_000037', 'seq_000044'] ===
  OSC: ACC=0.6223  NMI=0.7002  ARI=0.4892  0.2s
  TKSS: ACC=0.8032  NMI=0.7217  ARI=0.6138  0.0s
  SSC-TV-L21: ACC=0.7500  NMI=0.8050  ARI=0.6828  0.1s
  SSC-TV-L21-col: ACC=0.7074  NMI=0.7977  ARI=0.6583  0.1s
  BDOSC: ACC=0.4734  NMI=0.6364  ARI=0.3735  2.0s

=== test[16] k=5  dim=142  frames=142  σ=0.25  seqs=['seq_000013', 'seq_000015', 'seq_000034', 'seq_000037', 'seq_000044'] ===
  OSC: ACC=0.6268  NMI=0.6433  ARI=0.4406  0.1s
  TKSS: ACC=0.6831  NMI=0.7002  ARI=0.5636  0.0s
  SSC-TV-L21: ACC=0.4577  NMI=0.5039  ARI=0.2401  0.1s
  SSC-TV-L21-col: ACC=0.4930  NMI=0.5233  ARI=0.2623  0.1s
  BDOSC: ACC=0.6338  NMI=0.6376  ARI=0.4282  1.2s

=== test[17] k=5  dim=200  frames=200  σ=0.25  seqs=['seq_000006', 'seq_000007', 'seq_000008', 'seq_000014', 'seq_000016'] ===
  OSC: ACC=0.6200  NMI=0.7268  ARI=0.5981  0.2s
  TKSS: ACC=0.8400  NMI=0.7584  ARI=0.6763  0.1s
  SSC-TV-L21: ACC=0.8350  NMI=0.8984  ARI=0.8401  0.2s
  SSC-TV-L21-col: ACC=0.8450  NMI=0.8978  ARI=0.8397  0.1s
  BDOSC: ACC=0.8050  NMI=0.7552  ARI=0.6726  2.3s

=== mean over matrices ===
  OSC train σ=0.25: ACC=0.6593  NMI=0.6913  ARI=0.5112  n=24
  TKSS train σ=0.25: ACC=0.7718  NMI=0.7388  ARI=0.6240  n=24
  SSC-TV-L21 train σ=0.25: ACC=0.7199  NMI=0.7578  ARI=0.6140  n=24
  SSC-TV-L21-col train σ=0.25: ACC=0.7958  NMI=0.8199  ARI=0.7124  n=24
  BDOSC train σ=0.25: ACC=0.6462  NMI=0.6768  ARI=0.5068  n=24
  OSC test σ=0.25: ACC=0.6303  NMI=0.6703  ARI=0.4795  n=18
  TKSS test σ=0.25: ACC=0.7441  NMI=0.7145  ARI=0.5898  n=18
  SSC-TV-L21 test σ=0.25: ACC=0.5980  NMI=0.6451  ARI=0.4562  n=18
  SSC-TV-L21-col test σ=0.25: ACC=0.6103  NMI=0.6915  ARI=0.4857  n=18
  BDOSC test σ=0.25: ACC=0.6784  NMI=0.6981  ARI=0.5433  n=18

wrote /nfs/turbo/umms-minjilab/lpullela/icassp_ssc_tv2/ballet_dataset/ballet_cluster_sigmas_0.25_results.csv
wrote /nfs/turbo/umms-minjilab/lpullela/icassp_ssc_tv2/ballet_dataset/ballet_cluster_sigmas_0.25_params.json
end=Wed Sep  2 10:11:01 EDT 2026
