host=gl3431.arc-ts.umich.edu  python=/home/lpullela/miniconda3/envs/ssc_559/bin/python  start=Tue Sep  1 21:32:20 EDT 2026
=== Ballet Clustering Experiment ===
k=5  n_frames ~ Unif[10, 60]  seed=0
hetero_noise=False  sigmas=(0.0, 0.25, 0.5, 0.75)  append=False  no_tune=False  csv=ballet_cluster_sigmas_results.csv

Loaded 5 sequences:
  seq_000001: 53 frames
  seq_000002: 14 frames
  seq_000003: 48 frames
  seq_000004: 17 frames
  seq_000005: 48 frames
Total frames: 180
Image dimension: 90601
σ=0.0: frames=180  dim=90601
σ=0.25: frames=180  dim=90601
σ=0.5: frames=180  dim=90601
σ=0.75: frames=180  dim=90601

Methods: ['OSC', 'TKSS', 'SSC-TV-L21', 'SSC-TV-L21-col', 'BDOSC']

BDOSC: fixed lambda_1=0.2, lambda_2=1, gamma_1=0.01, p=1.1, max_iter=50

============================================================
--- Tuning OSC over 4 matrices ---
  OSC trial 0: mean ARI=0.4989  n=4  162.9s  lambda_1=0.1, lambda_2=0.1
  OSC trial 1: mean ARI=0.4572  n=4  161.3s  lambda_1=0.1568, lambda_2=0.7257
  OSC trial 2: mean ARI=0.4172  n=4  162.0s  lambda_1=0.2577, lambda_2=0.1512
  OSC trial 3: mean ARI=0.4758  n=4  170.9s  lambda_1=0.0495, lambda_2=0.3833
  OSC trial 4: mean ARI=0.4756  n=4  176.4s  lambda_1=0.05628, lambda_2=3.691
  OSC trial 5: mean ARI=-0.0054  n=4  176.7s  lambda_1=7.156, lambda_2=0.03418
  OSC trial 6: mean ARI=-0.0054  n=4  184.9s  lambda_1=1.469, lambda_2=0.1305
  OSC trial 7: mean ARI=0.3898  n=4  194.3s  lambda_1=0.1871, lambda_2=5.039
  OSC trial 8: mean ARI=0.4763  n=4  178.8s  lambda_1=0.001924, lambda_2=0.002231
  OSC trial 9: mean ARI=0.4761  n=4  177.3s  lambda_1=0.001205, lambda_2=2.14
  best mean ARI=0.4989  tune 1745.6s  lambda_1=0.1, lambda_2=0.1
  wrote /nfs/turbo/umms-minjilab/lpullela/icassp_ssc_tv2/ballet_dataset/ballet_cluster_sigmas_params.json

============================================================
--- Tuning TKSS over 4 matrices ---
  TKSS trial 0: mean ARI=0.5965  n=4  29.6s  d=5, lam=1, s=2
  TKSS trial 1: mean ARI=0.6056  n=4  33.1s  d=9, lam=1.398, s=4
  TKSS trial 2: mean ARI=0.5864  n=4  17.2s  d=9, lam=0.1866, s=4
  TKSS trial 3: mean ARI=0.6292  n=4  49.7s  d=7, lam=4.735, s=6
  TKSS trial 4: mean ARI=0.6583  n=4  54.8s  d=6, lam=2.372, s=4
  TKSS trial 5: mean ARI=0.5773  n=4  12.2s  d=9, lam=5.981, s=1
  TKSS trial 6: mean ARI=0.5557  n=4  21.6s  d=2, lam=0.0115, s=5
  TKSS trial 7: mean ARI=0.6076  n=4  28.0s  d=12, lam=4.074, s=6
  TKSS trial 8: mean ARI=0.5932  n=4  24.2s  d=12, lam=0.2423, s=5
  TKSS trial 9: mean ARI=0.5516  n=4  35.3s  d=2, lam=0.8313, s=1
  best mean ARI=0.6583  tune 305.9s  d=6, lam=2.372, s=4
  wrote /nfs/turbo/umms-minjilab/lpullela/icassp_ssc_tv2/ballet_dataset/ballet_cluster_sigmas_params.json

============================================================
--- Tuning SSC-TV-L21 over 4 matrices ---
  SSC-TV-L21 trial 0: mean ARI=0.5361  n=4  86.8s  lambda_e=1, lambda_z=0.1, gamma_p=0.1, gamma_q=0.1
  SSC-TV-L21 trial 1: mean ARI=0.5109  n=4  54.7s  lambda_e=0.443, lambda_z=0.7257, gamma_p=0.2577, gamma_q=0.1512
  SSC-TV-L21 trial 2: mean ARI=0.6897  n=4  87.5s  lambda_e=0.1866, lambda_z=0.3833, gamma_p=0.05628, gamma_q=3.691
  SSC-TV-L21 trial 3: mean ARI=0.3230  n=4  87.4s  lambda_e=7.78, lambda_z=0.03418, gamma_p=1.469, gamma_q=0.1305
  SSC-TV-L21 trial 4: mean ARI=0.4081  n=4  86.9s  lambda_e=0.506, lambda_z=5.039, gamma_p=0.001924, gamma_q=0.002231
  SSC-TV-L21 trial 5: mean ARI=0.5528  n=4  87.6s  lambda_e=0.0115, lambda_z=2.14, gamma_p=1.296, gamma_q=3.02
  SSC-TV-L21 trial 6: mean ARI=0.5272  n=4  87.3s  lambda_e=8.627, lambda_z=1.573, gamma_p=0.07013, gamma_q=1.325
  SSC-TV-L21 trial 7: mean ARI=0.6617  n=4  87.5s  lambda_e=0.02264, lambda_z=0.3628, gamma_p=0.003745, gamma_q=6.007
  SSC-TV-L21 trial 8: mean ARI=0.4383  n=4  87.5s  lambda_e=0.3677, lambda_z=0.04557, gamma_p=0.01143, gamma_q=1.25
  SSC-TV-L21 trial 9: mean ARI=0.5094  n=4  87.4s  lambda_e=0.2336, lambda_z=0.1878, gamma_p=0.001189, gamma_q=0.2955
  best mean ARI=0.6897  tune 840.6s  lambda_e=0.1866, lambda_z=0.3833, gamma_p=0.05628, gamma_q=3.691
  wrote /nfs/turbo/umms-minjilab/lpullela/icassp_ssc_tv2/ballet_dataset/ballet_cluster_sigmas_params.json

============================================================
--- Tuning SSC-TV-L21-col over 4 matrices ---
  SSC-TV-L21-col trial 0: mean ARI=0.5502  n=4  87.2s  lambda_e=1, lambda_z=0.1, gamma_q=0.1
  SSC-TV-L21-col trial 1: mean ARI=0.5474  n=4  60.3s  lambda_e=0.443, lambda_z=0.7257, gamma_q=0.2577
  SSC-TV-L21-col trial 2: mean ARI=0.3781  n=4  87.4s  lambda_e=0.4312, lambda_z=0.0495, gamma_q=0.3833
  SSC-TV-L21-col trial 3: mean ARI=0.5310  n=4  87.6s  lambda_e=0.2055, lambda_z=3.691, gamma_q=7.156
  SSC-TV-L21-col trial 4: mean ARI=0.4575  n=4  60.3s  lambda_e=0.1414, lambda_z=1.469, gamma_q=0.1305
  SSC-TV-L21-col trial 5: mean ARI=0.4479  n=4  86.4s  lambda_e=0.506, lambda_z=5.039, gamma_q=0.001924
  SSC-TV-L21-col trial 6: mean ARI=-0.0028  n=4  87.2s  lambda_e=0.01826, lambda_z=0.001205, gamma_q=2.14
  SSC-TV-L21-col trial 7: mean ARI=0.5334  n=4  87.4s  lambda_e=2.16, lambda_z=3.02, gamma_q=8.212
  SSC-TV-L21-col trial 8: mean ARI=0.3840  n=4  87.1s  lambda_e=2.497, lambda_z=0.07013, gamma_q=1.325
  SSC-TV-L21-col trial 9: mean ARI=0.4998  n=4  87.3s  lambda_e=0.02264, lambda_z=0.3628, gamma_q=0.003745
  best mean ARI=0.5502  tune 818.3s  lambda_e=1, lambda_z=0.1, gamma_q=0.1
  wrote /nfs/turbo/umms-minjilab/lpullela/icassp_ssc_tv2/ballet_dataset/ballet_cluster_sigmas_params.json

============================================================
=== eval σ=0.0  dim=90601  frames=180 ===
  OSC: ACC=0.6556  NMI=0.6386  ARI=0.4766  43.8s
  TKSS: ACC=0.8889  NMI=0.8139  ARI=0.7936  26.4s
  SSC-TV-L21: ACC=0.7667  NMI=0.7076  ARI=0.5862  21.9s
  SSC-TV-L21-col: ACC=0.6500  NMI=0.6380  ARI=0.4755  22.1s
  BDOSC: ACC=0.6111  NMI=0.6183  ARI=0.3962  9.3s

============================================================
=== eval σ=0.25  dim=90601  frames=180 ===
