========================================
Job: ssc_base_ballet_k8
Dataset: ballet
K: 8
known_k: True
extra_args: (none)
Methods: OSC TKSS BDOSC
========================================
host=gl3273.arc-ts.umich.edu  python=/home/lpullela/miniconda3/envs/ssc_559/bin/python  start=Sat Sep  5 00:47:30 EDT 2026
=== Ballet Clustering Experiment ===
k=8  n_test=15  n_train_combos=24  n_test_combos=18  n_trials=100  down_hw=30  full_data=False  n_frames ~ Unif[10, 100]  seed=0
hetero_noise=False  sigmas=None  append=False  no_tune=False  known_k=True  csv=ballet_cluster_knownk_scaled_results_k8_baselines.csv
SSC-Block-TV block_size searched in [2, 12]

Loading 44 sequences once (reused across combinations)
  seq_000001: frames=53  dim=900
  seq_000002: frames=78  dim=900
  seq_000003: frames=13  dim=900
  seq_000004: frames=84  dim=900
  seq_000005: frames=32  dim=900
  seq_000006: frames=89  dim=900
  seq_000007: frames=34  dim=900
  seq_000008: frames=33  dim=900
  seq_000009: frames=68  dim=900
  seq_000010: frames=17  dim=900
  seq_000011: frames=88  dim=900
  seq_000012: frames=86  dim=900
  seq_000013: frames=84  dim=900
  seq_000014: frames=51  dim=900
  seq_000015: frames=21  dim=900
  seq_000016: frames=21  dim=900
  seq_000017: frames=98  dim=900
  seq_000018: frames=44  dim=900
  seq_000019: frames=92  dim=900
  seq_000020: frames=55  dim=900
  seq_000021: frames=11  dim=900
  seq_000022: frames=15  dim=900
  seq_000023: frames=55  dim=900
  seq_000024: frames=20  dim=900
  seq_000025: frames=78  dim=900
  seq_000026: frames=18  dim=900
  seq_000027: frames=36  dim=900
  seq_000028: frames=94  dim=900
  seq_000029: frames=76  dim=900
  seq_000030: frames=39  dim=900
  seq_000031: frames=48  dim=900
  seq_000032: frames=36  dim=900
  seq_000033: frames=48  dim=900
  seq_000034: frames=51  dim=900
  seq_000035: frames=43  dim=900
  seq_000036: frames=80  dim=900
  seq_000037: frames=48  dim=900
  seq_000038: frames=75  dim=900
  seq_000039: frames=89  dim=900
  seq_000040: frames=43  dim=900
  seq_000041: frames=51  dim=900
  seq_000042: frames=80  dim=900
  seq_000043: frames=29  dim=900
  seq_000044: frames=83  dim=900
sequences=44  train_pool=29  test_pool=15  train_combos=24  test_combos=18
train pool: ['seq_000003', 'seq_000035', 'seq_000005', 'seq_000019', 'seq_000024', 'seq_000033', 'seq_000012', 'seq_000002', 'seq_000023', 'seq_000020', 'seq_000022', 'seq_000028', 'seq_000042', 'seq_000011', 'seq_000004', 'seq_000039', 'seq_000017', 'seq_000031', 'seq_000021', 'seq_000029', 'seq_000009', 'seq_000036', 'seq_000043', 'seq_000018', 'seq_000001', 'seq_000025', 'seq_000026', 'seq_000041', 'seq_000027']
test  pool: ['seq_000040', 'seq_000010', 'seq_000007', 'seq_000037', 'seq_000038', 'seq_000014', 'seq_000013', 'seq_000008', 'seq_000044', 'seq_000006', 'seq_000015', 'seq_000030', 'seq_000034', 'seq_000016', 'seq_000032']
train 0 k=8  sequences=['seq_000003', 'seq_000004', 'seq_000005', 'seq_000012', 'seq_000021', 'seq_000023', 'seq_000035', 'seq_000042']
train 1 k=8  sequences=['seq_000001', 'seq_000002', 'seq_000004', 'seq_000011', 'seq_000017', 'seq_000025', 'seq_000029', 'seq_000043']
train 2 k=8  sequences=['seq_000003', 'seq_000004', 'seq_000005', 'seq_000021', 'seq_000023', 'seq_000024', 'seq_000036', 'seq_000041']
train 3 k=8  sequences=['seq_000004', 'seq_000009', 'seq_000011', 'seq_000012', 'seq_000017', 'seq_000022', 'seq_000039', 'seq_000042']
train 4 k=8  sequences=['seq_000009', 'seq_000017', 'seq_000019', 'seq_000020', 'seq_000021', 'seq_000039', 'seq_000041', 'seq_000043']
train 5 k=8  sequences=['seq_000002', 'seq_000011', 'seq_000017', 'seq_000020', 'seq_000021', 'seq_000029', 'seq_000035', 'seq_000043']
train 6 k=8  sequences=['seq_000002', 'seq_000005', 'seq_000009', 'seq_000012', 'seq_000017', 'seq_000021', 'seq_000033', 'seq_000035']
train 7 k=8  sequences=['seq_000001', 'seq_000017', 'seq_000018', 'seq_000023', 'seq_000024', 'seq_000029', 'seq_000035', 'seq_000039']
train 8 k=8  sequences=['seq_000001', 'seq_000005', 'seq_000017', 'seq_000018', 'seq_000020', 'seq_000024', 'seq_000031', 'seq_000042']
train 9 k=8  sequences=['seq_000005', 'seq_000009', 'seq_000011', 'seq_000023', 'seq_000031', 'seq_000035', 'seq_000039', 'seq_000043']
train 10 k=8  sequences=['seq_000017', 'seq_000020', 'seq_000025', 'seq_000026', 'seq_000035', 'seq_000039', 'seq_000041', 'seq_000043']
train 11 k=8  sequences=['seq_000002', 'seq_000009', 'seq_000021', 'seq_000022', 'seq_000028', 'seq_000033', 'seq_000035', 'seq_000036']
train 12 k=8  sequences=['seq_000001', 'seq_000003', 'seq_000017', 'seq_000019', 'seq_000025', 'seq_000027', 'seq_000036', 'seq_000043']
train 13 k=8  sequences=['seq_000011', 'seq_000012', 'seq_000018', 'seq_000020', 'seq_000023', 'seq_000025', 'seq_000027', 'seq_000036']
train 14 k=8  sequences=['seq_000019', 'seq_000020', 'seq_000025', 'seq_000028', 'seq_000029', 'seq_000035', 'seq_000039', 'seq_000042']
train 15 k=8  sequences=['seq_000002', 'seq_000003', 'seq_000004', 'seq_000005', 'seq_000024', 'seq_000026', 'seq_000029', 'seq_000039']
train 16 k=8  sequences=['seq_000002', 'seq_000004', 'seq_000017', 'seq_000019', 'seq_000022', 'seq_000026', 'seq_000033', 'seq_000043']
train 17 k=8  sequences=['seq_000001', 'seq_000002', 'seq_000005', 'seq_000017', 'seq_000018', 'seq_000024', 'seq_000029', 'seq_000036']
train 18 k=8  sequences=['seq_000009', 'seq_000017', 'seq_000020', 'seq_000028', 'seq_000029', 'seq_000036', 'seq_000041', 'seq_000043']
train 19 k=8  sequences=['seq_000009', 'seq_000019', 'seq_000021', 'seq_000022', 'seq_000025', 'seq_000035', 'seq_000036', 'seq_000041']
train 20 k=8  sequences=['seq_000002', 'seq_000003', 'seq_000005', 'seq_000018', 'seq_000020', 'seq_000021', 'seq_000025', 'seq_000026']
train 21 k=8  sequences=['seq_000003', 'seq_000005', 'seq_000009', 'seq_000022', 'seq_000027', 'seq_000035', 'seq_000041', 'seq_000042']
train 22 k=8  sequences=['seq_000002', 'seq_000003', 'seq_000011', 'seq_000012', 'seq_000018', 'seq_000025', 'seq_000026', 'seq_000031']
train 23 k=8  sequences=['seq_000001', 'seq_000002', 'seq_000012', 'seq_000024', 'seq_000027', 'seq_000035', 'seq_000041', 'seq_000043']
test  0 k=8  sequences=['seq_000006', 'seq_000007', 'seq_000008', 'seq_000010', 'seq_000013', 'seq_000014', 'seq_000015', 'seq_000016']
test  1 k=8  sequences=['seq_000006', 'seq_000007', 'seq_000008', 'seq_000013', 'seq_000014', 'seq_000015', 'seq_000030', 'seq_000034']
test  2 k=8  sequences=['seq_000013', 'seq_000014', 'seq_000015', 'seq_000016', 'seq_000032', 'seq_000034', 'seq_000038', 'seq_000040']
test  3 k=8  sequences=['seq_000008', 'seq_000010', 'seq_000013', 'seq_000014', 'seq_000016', 'seq_000030', 'seq_000032', 'seq_000044']
test  4 k=8  sequences=['seq_000006', 'seq_000007', 'seq_000010', 'seq_000013', 'seq_000015', 'seq_000030', 'seq_000038', 'seq_000040']
test  5 k=8  sequences=['seq_000006', 'seq_000010', 'seq_000014', 'seq_000016', 'seq_000030', 'seq_000034', 'seq_000037', 'seq_000038']
test  6 k=8  sequences=['seq_000006', 'seq_000007', 'seq_000014', 'seq_000015', 'seq_000032', 'seq_000037', 'seq_000040', 'seq_000044']
test  7 k=8  sequences=['seq_000007', 'seq_000008', 'seq_000010', 'seq_000013', 'seq_000037', 'seq_000038', 'seq_000040', 'seq_000044']
test  8 k=8  sequences=['seq_000006', 'seq_000007', 'seq_000008', 'seq_000010', 'seq_000015', 'seq_000034', 'seq_000038', 'seq_000040']
test  9 k=8  sequences=['seq_000008', 'seq_000010', 'seq_000013', 'seq_000014', 'seq_000015', 'seq_000032', 'seq_000040', 'seq_000044']
test  10 k=8  sequences=['seq_000006', 'seq_000010', 'seq_000015', 'seq_000016', 'seq_000030', 'seq_000032', 'seq_000037', 'seq_000040']
test  11 k=8  sequences=['seq_000006', 'seq_000007', 'seq_000013', 'seq_000014', 'seq_000030', 'seq_000032', 'seq_000038', 'seq_000044']
test  12 k=8  sequences=['seq_000006', 'seq_000007', 'seq_000010', 'seq_000013', 'seq_000014', 'seq_000015', 'seq_000030', 'seq_000037']
test  13 k=8  sequences=['seq_000006', 'seq_000007', 'seq_000008', 'seq_000014', 'seq_000016', 'seq_000030', 'seq_000032', 'seq_000037']
test  14 k=8  sequences=['seq_000006', 'seq_000010', 'seq_000013', 'seq_000030', 'seq_000032', 'seq_000034', 'seq_000037', 'seq_000044']
test  15 k=8  sequences=['seq_000008', 'seq_000014', 'seq_000032', 'seq_000034', 'seq_000037', 'seq_000038', 'seq_000040', 'seq_000044']
test  16 k=8  sequences=['seq_000010', 'seq_000013', 'seq_000014', 'seq_000015', 'seq_000032', 'seq_000038', 'seq_000040', 'seq_000044']
test  17 k=8  sequences=['seq_000006', 'seq_000007', 'seq_000013', 'seq_000015', 'seq_000030', 'seq_000032', 'seq_000037', 'seq_000038']

Building train combinations
  train[0]: frames=404  dim=900  n_kept=[13, 84, 32, 86, 11, 55, 43, 80]  seqs=['seq_000003', 'seq_000004', 'seq_000005', 'seq_000012', 'seq_000021', 'seq_000023', 'seq_000035', 'seq_000042']
  train[1]: frames=584  dim=900  n_kept=[53, 78, 84, 88, 98, 78, 76, 29]  seqs=['seq_000001', 'seq_000002', 'seq_000004', 'seq_000011', 'seq_000017', 'seq_000025', 'seq_000029', 'seq_000043']
  train[2]: frames=346  dim=900  n_kept=[13, 84, 32, 11, 55, 20, 80, 51]  seqs=['seq_000003', 'seq_000004', 'seq_000005', 'seq_000021', 'seq_000023', 'seq_000024', 'seq_000036', 'seq_000041']
  train[3]: frames=608  dim=900  n_kept=[84, 68, 88, 86, 98, 15, 89, 80]  seqs=['seq_000004', 'seq_000009', 'seq_000011', 'seq_000012', 'seq_000017', 'seq_000022', 'seq_000039', 'seq_000042']
  train[4]: frames=493  dim=900  n_kept=[68, 98, 92, 55, 11, 89, 51, 29]  seqs=['seq_000009', 'seq_000017', 'seq_000019', 'seq_000020', 'seq_000021', 'seq_000039', 'seq_000041', 'seq_000043']
  train[5]: frames=478  dim=900  n_kept=[78, 88, 98, 55, 11, 76, 43, 29]  seqs=['seq_000002', 'seq_000011', 'seq_000017', 'seq_000020', 'seq_000021', 'seq_000029', 'seq_000035', 'seq_000043']
  train[6]: frames=464  dim=900  n_kept=[78, 32, 68, 86, 98, 11, 48, 43]  seqs=['seq_000002', 'seq_000005', 'seq_000009', 'seq_000012', 'seq_000017', 'seq_000021', 'seq_000033', 'seq_000035']
  train[7]: frames=478  dim=900  n_kept=[53, 98, 44, 55, 20, 76, 43, 89]  seqs=['seq_000001', 'seq_000017', 'seq_000018', 'seq_000023', 'seq_000024', 'seq_000029', 'seq_000035', 'seq_000039']
  train[8]: frames=430  dim=900  n_kept=[53, 32, 98, 44, 55, 20, 48, 80]  seqs=['seq_000001', 'seq_000005', 'seq_000017', 'seq_000018', 'seq_000020', 'seq_000024', 'seq_000031', 'seq_000042']
  train[9]: frames=452  dim=900  n_kept=[32, 68, 88, 55, 48, 43, 89, 29]  seqs=['seq_000005', 'seq_000009', 'seq_000011', 'seq_000023', 'seq_000031', 'seq_000035', 'seq_000039', 'seq_000043']
  train[10]: frames=461  dim=900  n_kept=[98, 55, 78, 18, 43, 89, 51, 29]  seqs=['seq_000017', 'seq_000020', 'seq_000025', 'seq_000026', 'seq_000035', 'seq_000039', 'seq_000041', 'seq_000043']
  train[11]: frames=437  dim=900  n_kept=[78, 68, 11, 15, 94, 48, 43, 80]  seqs=['seq_000002', 'seq_000009', 'seq_000021', 'seq_000022', 'seq_000028', 'seq_000033', 'seq_000035', 'seq_000036']
  train[12]: frames=479  dim=900  n_kept=[53, 13, 98, 92, 78, 36, 80, 29]  seqs=['seq_000001', 'seq_000003', 'seq_000017', 'seq_000019', 'seq_000025', 'seq_000027', 'seq_000036', 'seq_000043']
  train[13]: frames=522  dim=900  n_kept=[88, 86, 44, 55, 55, 78, 36, 80]  seqs=['seq_000011', 'seq_000012', 'seq_000018', 'seq_000020', 'seq_000023', 'seq_000025', 'seq_000027', 'seq_000036']
  train[14]: frames=607  dim=900  n_kept=[92, 55, 78, 94, 76, 43, 89, 80]  seqs=['seq_000019', 'seq_000020', 'seq_000025', 'seq_000028', 'seq_000029', 'seq_000035', 'seq_000039', 'seq_000042']
  train[15]: frames=410  dim=900  n_kept=[78, 13, 84, 32, 20, 18, 76, 89]  seqs=['seq_000002', 'seq_000003', 'seq_000004', 'seq_000005', 'seq_000024', 'seq_000026', 'seq_000029', 'seq_000039']
  train[16]: frames=462  dim=900  n_kept=[78, 84, 98, 92, 15, 18, 48, 29]  seqs=['seq_000002', 'seq_000004', 'seq_000017', 'seq_000019', 'seq_000022', 'seq_000026', 'seq_000033', 'seq_000043']
  train[17]: frames=481  dim=900  n_kept=[53, 78, 32, 98, 44, 20, 76, 80]  seqs=['seq_000001', 'seq_000002', 'seq_000005', 'seq_000017', 'seq_000018', 'seq_000024', 'seq_000029', 'seq_000036']
  train[18]: frames=551  dim=900  n_kept=[68, 98, 55, 94, 76, 80, 51, 29]  seqs=['seq_000009', 'seq_000017', 'seq_000020', 'seq_000028', 'seq_000029', 'seq_000036', 'seq_000041', 'seq_000043']
  train[19]: frames=438  dim=900  n_kept=[68, 92, 11, 15, 78, 43, 80, 51]  seqs=['seq_000009', 'seq_000019', 'seq_000021', 'seq_000022', 'seq_000025', 'seq_000035', 'seq_000036', 'seq_000041']
  train[20]: frames=329  dim=900  n_kept=[78, 13, 32, 44, 55, 11, 78, 18]  seqs=['seq_000002', 'seq_000003', 'seq_000005', 'seq_000018', 'seq_000020', 'seq_000021', 'seq_000025', 'seq_000026']
  train[21]: frames=338  dim=900  n_kept=[13, 32, 68, 15, 36, 43, 51, 80]  seqs=['seq_000003', 'seq_000005', 'seq_000009', 'seq_000022', 'seq_000027', 'seq_000035', 'seq_000041', 'seq_000042']
  train[22]: frames=453  dim=900  n_kept=[78, 13, 88, 86, 44, 78, 18, 48]  seqs=['seq_000002', 'seq_000003', 'seq_000011', 'seq_000012', 'seq_000018', 'seq_000025', 'seq_000026', 'seq_000031']
  train[23]: frames=396  dim=900  n_kept=[53, 78, 86, 20, 36, 43, 51, 29]  seqs=['seq_000001', 'seq_000002', 'seq_000012', 'seq_000024', 'seq_000027', 'seq_000035', 'seq_000041', 'seq_000043']
Building test combinations
  test[0]: frames=350  dim=900  n_kept=[89, 34, 33, 17, 84, 51, 21, 21]  seqs=['seq_000006', 'seq_000007', 'seq_000008', 'seq_000010', 'seq_000013', 'seq_000014', 'seq_000015', 'seq_000016']
  test[1]: frames=402  dim=900  n_kept=[89, 34, 33, 84, 51, 21, 39, 51]  seqs=['seq_000006', 'seq_000007', 'seq_000008', 'seq_000013', 'seq_000014', 'seq_000015', 'seq_000030', 'seq_000034']
  test[2]: frames=382  dim=900  n_kept=[84, 51, 21, 21, 36, 51, 75, 43]  seqs=['seq_000013', 'seq_000014', 'seq_000015', 'seq_000016', 'seq_000032', 'seq_000034', 'seq_000038', 'seq_000040']
  test[3]: frames=364  dim=900  n_kept=[33, 17, 84, 51, 21, 39, 36, 83]  seqs=['seq_000008', 'seq_000010', 'seq_000013', 'seq_000014', 'seq_000016', 'seq_000030', 'seq_000032', 'seq_000044']
  test[4]: frames=402  dim=900  n_kept=[89, 34, 17, 84, 21, 39, 75, 43]  seqs=['seq_000006', 'seq_000007', 'seq_000010', 'seq_000013', 'seq_000015', 'seq_000030', 'seq_000038', 'seq_000040']
  test[5]: frames=391  dim=900  n_kept=[89, 17, 51, 21, 39, 51, 48, 75]  seqs=['seq_000006', 'seq_000010', 'seq_000014', 'seq_000016', 'seq_000030', 'seq_000034', 'seq_000037', 'seq_000038']
  test[6]: frames=405  dim=900  n_kept=[89, 34, 51, 21, 36, 48, 43, 83]  seqs=['seq_000006', 'seq_000007', 'seq_000014', 'seq_000015', 'seq_000032', 'seq_000037', 'seq_000040', 'seq_000044']
  test[7]: frames=417  dim=900  n_kept=[34, 33, 17, 84, 48, 75, 43, 83]  seqs=['seq_000007', 'seq_000008', 'seq_000010', 'seq_000013', 'seq_000037', 'seq_000038', 'seq_000040', 'seq_000044']
  test[8]: frames=363  dim=900  n_kept=[89, 34, 33, 17, 21, 51, 75, 43]  seqs=['seq_000006', 'seq_000007', 'seq_000008', 'seq_000010', 'seq_000015', 'seq_000034', 'seq_000038', 'seq_000040']
  test[9]: frames=368  dim=900  n_kept=[33, 17, 84, 51, 21, 36, 43, 83]  seqs=['seq_000008', 'seq_000010', 'seq_000013', 'seq_000014', 'seq_000015', 'seq_000032', 'seq_000040', 'seq_000044']
  test[10]: frames=314  dim=900  n_kept=[89, 17, 21, 21, 39, 36, 48, 43]  seqs=['seq_000006', 'seq_000010', 'seq_000015', 'seq_000016', 'seq_000030', 'seq_000032', 'seq_000037', 'seq_000040']
  test[11]: frames=491  dim=900  n_kept=[89, 34, 84, 51, 39, 36, 75, 83]  seqs=['seq_000006', 'seq_000007', 'seq_000013', 'seq_000014', 'seq_000030', 'seq_000032', 'seq_000038', 'seq_000044']
  test[12]: frames=383  dim=900  n_kept=[89, 34, 17, 84, 51, 21, 39, 48]  seqs=['seq_000006', 'seq_000007', 'seq_000010', 'seq_000013', 'seq_000014', 'seq_000015', 'seq_000030', 'seq_000037']
  test[13]: frames=351  dim=900  n_kept=[89, 34, 33, 51, 21, 39, 36, 48]  seqs=['seq_000006', 'seq_000007', 'seq_000008', 'seq_000014', 'seq_000016', 'seq_000030', 'seq_000032', 'seq_000037']
  test[14]: frames=447  dim=900  n_kept=[89, 17, 84, 39, 36, 51, 48, 83]  seqs=['seq_000006', 'seq_000010', 'seq_000013', 'seq_000030', 'seq_000032', 'seq_000034', 'seq_000037', 'seq_000044']
  test[15]: frames=420  dim=900  n_kept=[33, 51, 36, 51, 48, 75, 43, 83]  seqs=['seq_000008', 'seq_000014', 'seq_000032', 'seq_000034', 'seq_000037', 'seq_000038', 'seq_000040', 'seq_000044']
  test[16]: frames=410  dim=900  n_kept=[17, 84, 51, 21, 36, 75, 43, 83]  seqs=['seq_000010', 'seq_000013', 'seq_000014', 'seq_000015', 'seq_000032', 'seq_000038', 'seq_000040', 'seq_000044']
  test[17]: frames=426  dim=900  n_kept=[89, 34, 84, 21, 39, 36, 48, 75]  seqs=['seq_000006', 'seq_000007', 'seq_000013', 'seq_000015', 'seq_000030', 'seq_000032', 'seq_000037', 'seq_000038']
clustering Y dim=900  (downsampled 30x30)

Methods: ['OSC', 'TKSS', 'BDOSC']
pooled train mats for tuning=24

BDOSC: fixed lambda_1=0.2, lambda_2=1, gamma_1=0.01, p=1.1, max_iter=50

============================================================
--- Tuning OSC over 24 train mats  n_trials=100 (2 params) ---
  OSC trial 0: mean ARI=0.7420  n=24  56.0s  lambda_1=0.1, lambda_2=0.1
  OSC trial 1: mean ARI=0.7439  n=24  55.6s  lambda_1=0.1568, lambda_2=0.7257
  OSC trial 2: mean ARI=0.7319  n=24  55.6s  lambda_1=0.2577, lambda_2=0.1512
  OSC trial 3: mean ARI=0.7275  n=24  55.6s  lambda_1=0.0495, lambda_2=0.3833
  OSC trial 4: mean ARI=0.7272  n=24  55.7s  lambda_1=0.05628, lambda_2=3.691
  OSC trial 5: mean ARI=0.0020  n=24  54.1s  lambda_1=7.156, lambda_2=0.03418
  OSC trial 6: mean ARI=0.0020  n=24  54.0s  lambda_1=1.469, lambda_2=0.1305
  OSC trial 7: mean ARI=0.7341  n=24  55.5s  lambda_1=0.1871, lambda_2=5.039
  OSC trial 8: mean ARI=0.7182  n=24  57.7s  lambda_1=0.001924, lambda_2=0.002231
  OSC trial 9: mean ARI=0.7183  n=24  55.7s  lambda_1=0.001205, lambda_2=2.14
  OSC trial 10: mean ARI=0.7159  n=24  57.8s  lambda_1=0.009907, lambda_2=0.001665
  OSC trial 11: mean ARI=0.7212  n=24  56.7s  lambda_1=0.5361, lambda_2=0.01879
  OSC trial 12: mean ARI=0.7141  n=24  55.9s  lambda_1=0.02754, lambda_2=0.5572
  OSC trial 13: mean ARI=0.0020  n=24  54.2s  lambda_1=1.436, lambda_2=0.01456
  OSC trial 14: mean ARI=0.7183  n=24  55.6s  lambda_1=0.009001, lambda_2=0.9382
  OSC trial 15: mean ARI=0.7446  n=24  55.7s  lambda_1=0.1095, lambda_2=0.07259
  OSC trial 16: mean ARI=0.7169  n=24  57.2s  lambda_1=0.01906, lambda_2=0.00614
  OSC trial 17: mean ARI=0.7182  n=24  55.8s  lambda_1=0.5844, lambda_2=9.263
  OSC trial 18: mean ARI=0.0020  n=24  54.0s  lambda_1=7.866, lambda_2=0.06543
  OSC trial 19: mean ARI=0.7182  n=24  55.8s  lambda_1=0.005404, lambda_2=0.2865
  OSC trial 20: mean ARI=0.7443  n=24  55.7s  lambda_1=0.129, lambda_2=0.7598
  OSC trial 21: mean ARI=0.7369  n=24  55.6s  lambda_1=0.1717, lambda_2=1.117
  OSC trial 22: mean ARI=0.7311  n=24  55.6s  lambda_1=0.08017, lambda_2=1.549
  OSC trial 23: mean ARI=0.7202  n=24  55.7s  lambda_1=0.4738, lambda_2=0.2604
  OSC trial 24: mean ARI=0.0020  n=24  53.9s  lambda_1=1.851, lambda_2=0.0446
  OSC trial 25: mean ARI=0.7141  n=24  55.6s  lambda_1=0.02702, lambda_2=0.6698
  OSC trial 26: mean ARI=0.7445  n=24  55.9s  lambda_1=0.1165, lambda_2=2.798
  OSC trial 27: mean ARI=0.7265  n=24  55.5s  lambda_1=0.3221, lambda_2=4.514
  OSC trial 28: mean ARI=0.7189  n=24  55.7s  lambda_1=0.04264, lambda_2=2.315
  OSC trial 29: mean ARI=0.7447  n=24  57.1s  lambda_1=0.09902, lambda_2=0.007631
  OSC trial 30: mean ARI=0.7460  n=24  57.1s  lambda_1=0.09472, lambda_2=0.005146
  OSC trial 31: mean ARI=0.7445  n=24  57.3s  lambda_1=0.1073, lambda_2=0.004203
  OSC trial 32: mean ARI=0.7412  n=24  57.2s  lambda_1=0.08128, lambda_2=0.006921
  OSC trial 33: mean ARI=0.7318  n=24  57.2s  lambda_1=0.2606, lambda_2=0.003422
  OSC trial 34: mean ARI=0.7412  n=24  57.1s  lambda_1=0.07164, lambda_2=0.007411
  OSC trial 35: mean ARI=0.6632  n=24  56.4s  lambda_1=0.8214, lambda_2=0.001124
  OSC trial 36: mean ARI=0.7126  n=24  56.9s  lambda_1=0.0333, lambda_2=0.01514
  OSC trial 37: mean ARI=0.7155  n=24  57.2s  lambda_1=0.01445, lambda_2=0.003191
  OSC trial 38: mean ARI=0.7267  n=24  56.5s  lambda_1=0.311, lambda_2=0.02186
  OSC trial 39: mean ARI=0.7272  n=24  57.5s  lambda_1=0.05, lambda_2=0.004346
  OSC trial 40: mean ARI=0.7356  n=24  57.1s  lambda_1=0.1693, lambda_2=0.009866
  OSC trial 41: mean ARI=0.7445  n=24  55.8s  lambda_1=0.1168, lambda_2=0.1042
  OSC trial 42: mean ARI=0.7412  n=24  55.8s  lambda_1=0.09186, lambda_2=0.07801
  OSC trial 43: mean ARI=0.7272  n=24  56.0s  lambda_1=0.05588, lambda_2=0.04975
  OSC trial 44: mean ARI=0.7370  n=24  55.8s  lambda_1=0.2022, lambda_2=0.111
  OSC trial 45: mean ARI=0.7444  n=24  56.5s  lambda_1=0.1158, lambda_2=0.0271
  OSC trial 46: mean ARI=0.7268  n=24  55.8s  lambda_1=0.4019, lambda_2=0.1746
  OSC trial 47: mean ARI=0.0020  n=24  54.1s  lambda_1=1.037, lambda_2=0.001868
  OSC trial 48: mean ARI=0.0020  n=24  54.1s  lambda_1=3.217, lambda_2=0.001033
  OSC trial 49: mean ARI=0.7189  n=24  57.2s  lambda_1=0.03917, lambda_2=0.01098
  OSC trial 50: mean ARI=0.7374  n=24  57.3s  lambda_1=0.2389, lambda_2=0.004511
  OSC trial 51: mean ARI=0.7445  n=24  57.6s  lambda_1=0.1121, lambda_2=0.003056
  OSC trial 52: mean ARI=0.7443  n=24  57.5s  lambda_1=0.1352, lambda_2=0.002026
  OSC trial 53: mean ARI=0.7169  n=24  57.5s  lambda_1=0.02251, lambda_2=0.002939
  OSC trial 54: mean ARI=0.7311  n=24  57.4s  lambda_1=0.06424, lambda_2=0.005434
  OSC trial 55: mean ARI=0.7451  n=24  57.4s  lambda_1=0.08741, lambda_2=0.009799
  OSC trial 56: mean ARI=0.7356  n=24  57.4s  lambda_1=0.177, lambda_2=0.009635
  OSC trial 57: mean ARI=0.7451  n=24  56.5s  lambda_1=0.09131, lambda_2=0.03475
  OSC trial 58: mean ARI=0.7169  n=24  56.6s  lambda_1=0.01749, lambda_2=0.03647
  OSC trial 59: mean ARI=0.7159  n=24  57.1s  lambda_1=0.01131, lambda_2=0.01441
  OSC trial 60: mean ARI=0.7272  n=24  56.7s  lambda_1=0.05461, lambda_2=0.03108
  OSC trial 61: mean ARI=0.7451  n=24  57.8s  lambda_1=0.09034, lambda_2=0.001422
  OSC trial 62: mean ARI=0.7451  n=24  57.0s  lambda_1=0.08719, lambda_2=0.01948
  OSC trial 63: mean ARI=0.7412  n=24  56.8s  lambda_1=0.08065, lambda_2=0.02068
  OSC trial 64: mean ARI=0.7126  n=24  56.2s  lambda_1=0.03305, lambda_2=0.06065
  OSC trial 65: mean ARI=0.7182  n=24  57.7s  lambda_1=0.004858, lambda_2=0.01337
  OSC trial 66: mean ARI=0.7359  n=24  58.3s  lambda_1=0.1526, lambda_2=0.001366
  OSC trial 67: mean ARI=0.7228  n=24  58.0s  lambda_1=0.04228, lambda_2=0.008285
  OSC trial 68: mean ARI=0.7272  n=24  57.5s  lambda_1=0.06409, lambda_2=0.02387
  OSC trial 69: mean ARI=0.7356  n=24  56.8s  lambda_1=0.227, lambda_2=0.152
  OSC trial 70: mean ARI=0.7202  n=24  57.3s  lambda_1=0.3363, lambda_2=0.03673
  OSC trial 71: mean ARI=0.7460  n=24  58.8s  lambda_1=0.09529, lambda_2=0.00549
  OSC trial 72: mean ARI=0.7451  n=24  58.5s  lambda_1=0.09122, lambda_2=0.00583
  OSC trial 73: mean ARI=0.7412  n=24  58.6s  lambda_1=0.07749, lambda_2=0.005533
  OSC trial 74: mean ARI=0.7126  n=24  58.5s  lambda_1=0.03067, lambda_2=0.012
  OSC trial 75: mean ARI=0.7460  n=24  58.7s  lambda_1=0.09531, lambda_2=0.00248
  OSC trial 76: mean ARI=0.7359  n=24  58.6s  lambda_1=0.149, lambda_2=0.001714
  OSC trial 77: mean ARI=0.7228  n=24  58.6s  lambda_1=0.04415, lambda_2=0.002209
  OSC trial 78: mean ARI=0.7272  n=24  58.7s  lambda_1=0.06288, lambda_2=0.00261
  OSC trial 79: mean ARI=0.7460  n=24  58.5s  lambda_1=0.0964, lambda_2=0.001443
  OSC trial 80: mean ARI=0.7318  n=24  59.4s  lambda_1=0.2674, lambda_2=0.001427
  OSC trial 81: mean ARI=0.7460  n=24  60.1s  lambda_1=0.0923, lambda_2=0.004002
  OSC trial 82: mean ARI=0.7460  n=24  60.0s  lambda_1=0.09354, lambda_2=0.004665
  OSC trial 83: mean ARI=0.7346  n=24  60.0s  lambda_1=0.1615, lambda_2=0.003735
  OSC trial 84: mean ARI=0.7443  n=24  60.2s  lambda_1=0.1306, lambda_2=0.002456
  OSC trial 85: mean ARI=0.7361  n=24  60.3s  lambda_1=0.2015, lambda_2=0.001484
  OSC trial 86: mean ARI=0.7412  n=24  60.2s  lambda_1=0.06901, lambda_2=0.004532
  OSC trial 87: mean ARI=0.7272  n=24  59.9s  lambda_1=0.05164, lambda_2=0.001274
  OSC trial 88: mean ARI=0.7169  n=24  59.3s  lambda_1=0.02376, lambda_2=0.003699
  OSC trial 89: mean ARI=0.7447  n=24  59.4s  lambda_1=0.1017, lambda_2=0.001934
  OSC trial 90: mean ARI=0.7189  n=24  59.4s  lambda_1=0.03783, lambda_2=0.002513
  OSC trial 91: mean ARI=0.7451  n=24  59.2s  lambda_1=0.08923, lambda_2=0.004927
  OSC trial 92: mean ARI=0.7412  n=24  59.1s  lambda_1=0.07436, lambda_2=0.006885
  OSC trial 93: mean ARI=0.7443  n=24  58.8s  lambda_1=0.1289, lambda_2=0.01693
  OSC trial 94: mean ARI=0.7447  n=24  59.1s  lambda_1=0.1009, lambda_2=0.008987
  OSC trial 95: mean ARI=0.7272  n=24  59.5s  lambda_1=0.05775, lambda_2=0.003125
  OSC trial 96: mean ARI=0.7338  n=24  59.5s  lambda_1=0.1901, lambda_2=0.001046
  OSC trial 97: mean ARI=0.7238  n=24  59.4s  lambda_1=0.04735, lambda_2=0.003885
  OSC trial 98: mean ARI=0.7451  n=24  59.3s  lambda_1=0.08865, lambda_2=0.006322
  OSC trial 99: mean ARI=0.7443  n=24  59.1s  lambda_1=0.1393, lambda_2=0.01077
  best mean ARI=0.7460  tune 5720.7s  lambda_1=0.09472, lambda_2=0.005146
  wrote /nfs/turbo/umms-minjilab/lpullela/icassp_ssc_tv2/ballet_dataset/ballet_cluster_knownk_scaled_params_k8_baselines.json

============================================================
--- Tuning TKSS over 24 train mats  n_trials=150 (3 params) ---
  TKSS trial 0: mean ARI=0.5835  n=24  54.1s  d=5, lam=1, s=2
  TKSS trial 1: mean ARI=0.5808  n=24  68.2s  d=9, lam=1.398, s=4
  TKSS trial 2: mean ARI=0.5793  n=24  72.1s  d=9, lam=0.1866, s=4
  TKSS trial 3: mean ARI=0.5812  n=24  72.0s  d=7, lam=4.735, s=6
  TKSS trial 4: mean ARI=0.5799  n=24  65.2s  d=6, lam=2.372, s=4
  TKSS trial 5: mean ARI=0.5752  n=24  74.0s  d=9, lam=5.981, s=1
  TKSS trial 6: mean ARI=0.5385  n=24  64.7s  d=2, lam=0.0115, s=5
  TKSS trial 7: mean ARI=0.5772  n=24  82.7s  d=12, lam=4.074, s=6
  TKSS trial 8: mean ARI=0.5737  n=24  84.2s  d=12, lam=0.2423, s=5
  TKSS trial 9: mean ARI=0.5377  n=24  70.6s  d=2, lam=0.8313, s=1
  TKSS trial 10: mean ARI=0.5761  n=24  46.7s  d=15, lam=0.01465, s=2
  TKSS trial 11: mean ARI=0.5797  n=24  61.5s  d=5, lam=0.3913, s=3
  TKSS trial 12: mean ARI=0.5912  n=24  64.7s  d=5, lam=8.802, s=6
  TKSS trial 13: mean ARI=0.5732  n=24  53.9s  d=4, lam=0.04351, s=2
  TKSS trial 14: mean ARI=0.5867  n=24  66.4s  d=4, lam=8.609, s=3
  TKSS trial 15: mean ARI=0.5297  n=24  68.5s  d=1, lam=8.567, s=5
  TKSS trial 16: mean ARI=0.5724  n=24  70.8s  d=3, lam=9.417, s=3
  TKSS trial 17: mean ARI=0.5813  n=24  72.0s  d=7, lam=2.196, s=6
  TKSS trial 18: mean ARI=0.5841  n=24  66.4s  d=4, lam=3.073, s=3
  TKSS trial 19: mean ARI=0.5832  n=24  76.1s  d=7, lam=8.784, s=5
  TKSS trial 20: mean ARI=0.5334  n=24  68.4s  d=1, lam=2.217, s=4
  TKSS trial 21: mean ARI=0.5842  n=24  65.5s  d=4, lam=3.398, s=3
  TKSS trial 22: mean ARI=0.5745  n=24  68.3s  d=3, lam=4.874, s=3
  TKSS trial 23: mean ARI=0.5830  n=24  53.6s  d=5, lam=1.372, s=2
  TKSS trial 24: mean ARI=0.5722  n=24  68.1s  d=3, lam=5.468, s=3
  TKSS trial 25: mean ARI=0.5789  n=24  61.4s  d=6, lam=9.905, s=1
  TKSS trial 26: mean ARI=0.5887  n=24  62.1s  d=4, lam=2.789, s=4
  TKSS trial 27: mean ARI=0.5794  n=24  68.4s  d=6, lam=0.5413, s=4
  TKSS trial 28: mean ARI=0.5779  n=24  64.3s  d=8, lam=1.608, s=6
  TKSS trial 29: mean ARI=0.5831  n=24  54.0s  d=5, lam=1.073, s=2
  TKSS trial 30: mean ARI=0.5736  n=24  53.6s  d=2, lam=6.825, s=5
  TKSS trial 31: mean ARI=0.5842  n=24  64.6s  d=4, lam=3.747, s=3
  TKSS trial 32: mean ARI=0.5889  n=24  61.9s  d=4, lam=3.279, s=4
  TKSS trial 33: mean ARI=0.5823  n=24  67.8s  d=3, lam=2.66, s=4
  TKSS trial 34: mean ARI=0.5799  n=24  67.8s  d=6, lam=0.7314, s=4
  TKSS trial 35: mean ARI=0.5803  n=24  75.9s  d=8, lam=1.732, s=5
  TKSS trial 36: mean ARI=0.5875  n=24  64.6s  d=5, lam=5.969, s=4
  TKSS trial 37: mean ARI=0.5877  n=24  66.2s  d=5, lam=4.393, s=4
  TKSS trial 38: mean ARI=0.5784  n=24  85.0s  d=10, lam=1.158, s=4
  TKSS trial 39: mean ARI=0.5811  n=24  64.4s  d=6, lam=3.88, s=5
  TKSS trial 40: mean ARI=0.5780  n=24  64.4s  d=8, lam=1.908, s=6
  TKSS trial 41: mean ARI=0.5875  n=24  64.8s  d=5, lam=5.477, s=4
  TKSS trial 42: mean ARI=0.5875  n=24  65.2s  d=5, lam=4.627, s=4
  TKSS trial 43: mean ARI=0.5809  n=24  68.8s  d=7, lam=2.764, s=4
  TKSS trial 44: mean ARI=0.5738  n=24  53.4s  d=2, lam=6.456, s=5
  TKSS trial 45: mean ARI=0.5877  n=24  66.0s  d=5, lam=4.35, s=4
  TKSS trial 46: mean ARI=0.5890  n=24  54.1s  d=4, lam=0.07566, s=5
  TKSS trial 47: mean ARI=0.5912  n=24  57.1s  d=4, lam=0.06265, s=6
  TKSS trial 48: mean ARI=0.5828  n=24  68.0s  d=3, lam=0.07538, s=6
  TKSS trial 49: mean ARI=0.5923  n=24  53.7s  d=4, lam=0.03358, s=6
  TKSS trial 50: mean ARI=0.5349  n=24  69.7s  d=1, lam=0.03126, s=6
  TKSS trial 51: mean ARI=0.5920  n=24  61.3s  d=4, lam=0.1078, s=6
  TKSS trial 52: mean ARI=0.5776  n=24  57.2s  d=2, lam=0.09429, s=6
  TKSS trial 53: mean ARI=0.5897  n=24  57.2s  d=4, lam=0.02459, s=6
  TKSS trial 54: mean ARI=0.5685  n=24  66.8s  d=3, lam=0.02262, s=6
  TKSS trial 55: mean ARI=0.5930  n=24  58.2s  d=4, lam=0.06681, s=6
  TKSS trial 56: mean ARI=0.5766  n=24  56.4s  d=6, lam=0.04829, s=6
  TKSS trial 57: mean ARI=0.5781  n=24  85.9s  d=14, lam=0.1482, s=6
  TKSS trial 58: mean ARI=0.5638  n=24  65.6s  d=3, lam=0.01479, s=6
  TKSS trial 59: mean ARI=0.5897  n=24  53.7s  d=4, lam=0.04692, s=6
  TKSS trial 60: mean ARI=0.5711  n=24  67.3s  d=3, lam=0.02696, s=6
  TKSS trial 61: mean ARI=0.5896  n=24  53.8s  d=4, lam=0.0461, s=6
  TKSS trial 62: mean ARI=0.5906  n=24  53.3s  d=4, lam=0.05859, s=6
  TKSS trial 63: mean ARI=0.5841  n=24  62.3s  d=5, lam=0.1167, s=6
  TKSS trial 64: mean ARI=0.5820  n=24  61.5s  d=6, lam=0.2371, s=6
  TKSS trial 65: mean ARI=0.5909  n=24  55.2s  d=4, lam=0.06202, s=6
  TKSS trial 66: mean ARI=0.5781  n=24  68.8s  d=3, lam=0.06562, s=5
  TKSS trial 67: mean ARI=0.5314  n=24  71.8s  d=1, lam=0.03937, s=6
  TKSS trial 68: mean ARI=0.5731  n=24  61.5s  d=2, lam=0.05757, s=6
  TKSS trial 69: mean ARI=0.5758  n=24  64.6s  d=6, lam=0.1114, s=5
  TKSS trial 70: mean ARI=0.5793  n=24  53.8s  d=2, lam=0.3708, s=6
  TKSS trial 71: mean ARI=0.5871  n=24  52.5s  d=4, lam=0.02165, s=6
  TKSS trial 72: mean ARI=0.5925  n=24  53.7s  d=4, lam=0.03378, s=6
  TKSS trial 73: mean ARI=0.5916  n=24  53.6s  d=4, lam=0.03408, s=6
  TKSS trial 74: mean ARI=0.5811  n=24  60.2s  d=5, lam=0.03225, s=6
  TKSS trial 75: mean ARI=0.5822  n=24  51.5s  d=4, lam=0.01915, s=5
  TKSS trial 76: mean ARI=0.5809  n=24  58.9s  d=5, lam=0.03682, s=6
  TKSS trial 77: mean ARI=0.5621  n=24  67.1s  d=3, lam=0.01447, s=6
  TKSS trial 78: mean ARI=0.5861  n=24  64.0s  d=3, lam=0.1638, s=6
  TKSS trial 79: mean ARI=0.5765  n=24  54.6s  d=4, lam=0.01012, s=5
  TKSS trial 80: mean ARI=0.5847  n=24  61.0s  d=5, lam=0.08851, s=6
  TKSS trial 81: mean ARI=0.5906  n=24  52.8s  d=4, lam=0.05788, s=6
  TKSS trial 82: mean ARI=0.5891  n=24  55.0s  d=4, lam=0.05352, s=6
  TKSS trial 83: mean ARI=0.5814  n=24  58.6s  d=5, lam=0.02936, s=6
  TKSS trial 84: mean ARI=0.5905  n=24  54.5s  d=4, lam=0.03748, s=6
  TKSS trial 85: mean ARI=0.5607  n=24  66.4s  d=3, lam=0.01721, s=6
  TKSS trial 86: mean ARI=0.5786  n=24  58.8s  d=7, lam=0.06522, s=6
  TKSS trial 87: mean ARI=0.5936  n=24  56.3s  d=4, lam=0.1202, s=5
  TKSS trial 88: mean ARI=0.5769  n=24  58.1s  d=6, lam=0.0973, s=5
  TKSS trial 89: mean ARI=0.5834  n=24  64.0s  d=5, lam=0.08296, s=5
  TKSS trial 90: mean ARI=0.5832  n=24  71.4s  d=3, lam=0.1255, s=5
  TKSS trial 91: mean ARI=0.5921  n=24  56.3s  d=4, lam=0.06385, s=6
  TKSS trial 92: mean ARI=0.5855  n=24  56.3s  d=5, lam=0.07033, s=6
  TKSS trial 93: mean ARI=0.5923  n=24  52.8s  d=4, lam=0.03312, s=6
  TKSS trial 94: mean ARI=0.5907  n=24  52.4s  d=4, lam=0.03445, s=6
  TKSS trial 95: mean ARI=0.5528  n=24  60.3s  d=2, lam=0.02732, s=6
  TKSS trial 96: mean ARI=0.5898  n=24  59.8s  d=3, lam=0.2088, s=6
  TKSS trial 97: mean ARI=0.5823  n=24  59.1s  d=5, lam=0.04017, s=6
  TKSS trial 98: mean ARI=0.5711  n=24  72.8s  d=3, lam=0.04574, s=5
  TKSS trial 99: mean ARI=0.5815  n=24  52.6s  d=11, lam=0.3243, s=1
  TKSS trial 100: mean ARI=0.5927  n=24  62.2s  d=4, lam=0.142, s=6
  TKSS trial 101: mean ARI=0.5924  n=24  63.6s  d=4, lam=0.1295, s=6
  TKSS trial 102: mean ARI=0.5928  n=24  62.9s  d=4, lam=0.1338, s=6
  TKSS trial 103: mean ARI=0.5924  n=24  63.4s  d=4, lam=0.1302, s=6
  TKSS trial 104: mean ARI=0.5901  n=24  61.3s  d=4, lam=0.1451, s=6
  TKSS trial 105: mean ARI=0.5910  n=24  60.8s  d=3, lam=0.1857, s=6
  TKSS trial 106: mean ARI=0.5843  n=24  59.8s  d=5, lam=0.1041, s=6
  TKSS trial 107: mean ARI=0.5917  n=24  63.8s  d=4, lam=0.1244, s=6
  TKSS trial 108: mean ARI=0.5892  n=24  63.3s  d=3, lam=0.2794, s=6
  TKSS trial 109: mean ARI=0.5930  n=24  63.4s  d=4, lam=0.1388, s=6
  TKSS trial 110: mean ARI=0.5878  n=24  62.5s  d=5, lam=0.1468, s=5
  TKSS trial 111: mean ARI=0.5918  n=24  63.3s  d=4, lam=0.1917, s=6
  TKSS trial 112: mean ARI=0.5929  n=24  62.6s  d=4, lam=0.1327, s=6
  TKSS trial 113: mean ARI=0.5914  n=24  65.1s  d=4, lam=0.1675, s=6
  TKSS trial 114: mean ARI=0.5866  n=24  63.4s  d=3, lam=0.1344, s=6
  TKSS trial 115: mean ARI=0.5919  n=24  55.2s  d=4, lam=0.08013, s=6
  TKSS trial 116: mean ARI=0.5862  n=24  64.0s  d=5, lam=0.2293, s=6
  TKSS trial 117: mean ARI=0.5907  n=24  64.3s  d=4, lam=0.1737, s=6
  TKSS trial 118: mean ARI=0.5815  n=24  65.6s  d=3, lam=0.0962, s=6
  TKSS trial 119: mean ARI=0.5905  n=24  63.9s  d=4, lam=0.26, s=6
  TKSS trial 120: mean ARI=0.5847  n=24  62.7s  d=5, lam=0.1127, s=6
  TKSS trial 121: mean ARI=0.5929  n=24  62.6s  d=4, lam=0.1326, s=6
  TKSS trial 122: mean ARI=0.5928  n=24  63.0s  d=4, lam=0.1344, s=6
  TKSS trial 123: mean ARI=0.5901  n=24  62.4s  d=4, lam=0.1465, s=6
  TKSS trial 124: mean ARI=0.5900  n=24  59.8s  d=3, lam=0.2085, s=6
  TKSS trial 125: mean ARI=0.5924  n=24  63.4s  d=4, lam=0.1313, s=6
  TKSS trial 126: mean ARI=0.5924  n=24  62.9s  d=4, lam=0.1276, s=6
  TKSS trial 127: mean ARI=0.5848  n=24  60.4s  d=5, lam=0.121, s=6
  TKSS trial 128: mean ARI=0.5859  n=24  62.9s  d=3, lam=0.154, s=6
  TKSS trial 129: mean ARI=0.5928  n=24  63.0s  d=4, lam=0.1343, s=6
  TKSS trial 130: mean ARI=0.5806  n=24  67.6s  d=3, lam=0.08743, s=5
  TKSS trial 131: mean ARI=0.5924  n=24  63.6s  d=4, lam=0.129, s=6
  TKSS trial 132: mean ARI=0.5918  n=24  63.4s  d=4, lam=0.1878, s=6
  TKSS trial 133: mean ARI=0.5934  n=24  60.6s  d=4, lam=0.1049, s=6
  TKSS trial 134: mean ARI=0.5847  n=24  61.9s  d=5, lam=0.1077, s=6
  TKSS trial 135: mean ARI=0.5911  n=24  58.6s  d=4, lam=0.09937, s=6
  TKSS trial 136: mean ARI=0.5861  n=24  63.2s  d=3, lam=0.1626, s=6
  TKSS trial 137: mean ARI=0.5722  n=24  74.7s  d=14, lam=0.07748, s=6
  TKSS trial 138: mean ARI=0.5841  n=24  57.7s  d=5, lam=0.1389, s=6
  TKSS trial 139: mean ARI=0.5922  n=24  63.5s  d=4, lam=0.2065, s=6
  TKSS trial 140: mean ARI=0.5848  n=24  59.7s  d=5, lam=0.09013, s=6
  TKSS trial 141: mean ARI=0.5920  n=24  60.3s  d=4, lam=0.107, s=6
  TKSS trial 142: mean ARI=0.5928  n=24  63.0s  d=4, lam=0.1373, s=6
  TKSS trial 143: mean ARI=0.5900  n=24  61.8s  d=4, lam=0.1541, s=6
  TKSS trial 144: mean ARI=0.5917  n=24  62.7s  d=4, lam=0.119, s=6
  TKSS trial 145: mean ARI=0.5876  n=24  64.0s  d=3, lam=0.1391, s=6
  TKSS trial 146: mean ARI=0.5908  n=24  64.2s  d=4, lam=0.1743, s=6
  TKSS trial 147: mean ARI=0.5915  n=24  62.1s  d=3, lam=0.2296, s=6
  TKSS trial 148: mean ARI=0.5844  n=24  58.9s  d=5, lam=0.09576, s=6
  TKSS trial 149: mean ARI=0.5834  n=24  58.3s  d=5, lam=0.1335, s=6
  best mean ARI=0.5936  tune 9406.0s  d=4, lam=0.1202, s=5
  wrote /nfs/turbo/umms-minjilab/lpullela/icassp_ssc_tv2/ballet_dataset/ballet_cluster_knownk_scaled_params_k8_baselines.json

=== train[0] k=8  dim=900  frames=404  σ=clean  seqs=['seq_000003', 'seq_000004', 'seq_000005', 'seq_000012', 'seq_000021', 'seq_000023', 'seq_000035', 'seq_000042'] ===
  OSC: k_hat=8  ACC=0.7797  NMI=0.8231  ARI=0.7374  1.7s
  TKSS: k_hat=8  ACC=0.6312  NMI=0.7097  ARI=0.5098  1.2s
  BDOSC: k_hat=8  ACC=0.6015  NMI=0.7411  ARI=0.5629  12.8s

=== train[1] k=8  dim=900  frames=584  σ=clean  seqs=['seq_000001', 'seq_000002', 'seq_000004', 'seq_000011', 'seq_000017', 'seq_000025', 'seq_000029', 'seq_000043'] ===
  OSC: k_hat=8  ACC=0.7791  NMI=0.8923  ARI=0.7429  3.4s
  TKSS: k_hat=8  ACC=0.6541  NMI=0.7038  ARI=0.5021  4.0s
  BDOSC: k_hat=8  ACC=0.6387  NMI=0.7844  ARI=0.5999  29.5s

=== train[2] k=8  dim=900  frames=346  σ=clean  seqs=['seq_000003', 'seq_000004', 'seq_000005', 'seq_000021', 'seq_000023', 'seq_000024', 'seq_000036', 'seq_000041'] ===
  OSC: k_hat=8  ACC=0.7283  NMI=0.7940  ARI=0.6588  1.4s
  TKSS: k_hat=8  ACC=0.6850  NMI=0.7676  ARI=0.5698  1.6s
  BDOSC: k_hat=8  ACC=0.6561  NMI=0.7763  ARI=0.5913  7.4s

=== train[3] k=8  dim=900  frames=608  σ=clean  seqs=['seq_000004', 'seq_000009', 'seq_000011', 'seq_000012', 'seq_000017', 'seq_000022', 'seq_000039', 'seq_000042'] ===
  OSC: k_hat=8  ACC=0.9276  NMI=0.9390  ARI=0.9032  3.6s
  TKSS: k_hat=8  ACC=0.6859  NMI=0.7297  ARI=0.5677  3.3s
  BDOSC: k_hat=8  ACC=0.6118  NMI=0.7035  ARI=0.4706  35.1s

=== train[4] k=8  dim=900  frames=493  σ=clean  seqs=['seq_000009', 'seq_000017', 'seq_000019', 'seq_000020', 'seq_000021', 'seq_000039', 'seq_000041', 'seq_000043'] ===
  OSC: k_hat=8  ACC=0.6978  NMI=0.8269  ARI=0.6491  2.5s
  TKSS: k_hat=8  ACC=0.6836  NMI=0.7679  ARI=0.5987  2.1s
  BDOSC: k_hat=8  ACC=0.6146  NMI=0.7879  ARI=0.5802  18.4s

=== train[5] k=8  dim=900  frames=478  σ=clean  seqs=['seq_000002', 'seq_000011', 'seq_000017', 'seq_000020', 'seq_000021', 'seq_000029', 'seq_000035', 'seq_000043'] ===
  OSC: k_hat=8  ACC=0.7259  NMI=0.7925  ARI=0.6133  2.4s
  TKSS: k_hat=8  ACC=0.5690  NMI=0.6818  ARI=0.4621  2.8s
  BDOSC: k_hat=8  ACC=0.6506  NMI=0.7564  ARI=0.5736  16.2s

=== train[6] k=8  dim=900  frames=464  σ=clean  seqs=['seq_000002', 'seq_000005', 'seq_000009', 'seq_000012', 'seq_000017', 'seq_000021', 'seq_000033', 'seq_000035'] ===
  OSC: k_hat=8  ACC=0.7543  NMI=0.8698  ARI=0.7431  2.2s
  TKSS: k_hat=8  ACC=0.7931  NMI=0.8193  ARI=0.7231  2.8s
  BDOSC: k_hat=8  ACC=0.5237  NMI=0.7200  ARI=0.4635  16.3s

=== train[7] k=8  dim=900  frames=478  σ=clean  seqs=['seq_000001', 'seq_000017', 'seq_000018', 'seq_000023', 'seq_000024', 'seq_000029', 'seq_000035', 'seq_000039'] ===
  OSC: k_hat=8  ACC=0.8828  NMI=0.8906  ARI=0.7800  2.4s
  TKSS: k_hat=8  ACC=0.6925  NMI=0.7333  ARI=0.5458  2.3s
  BDOSC: k_hat=8  ACC=0.6506  NMI=0.7689  ARI=0.5167  16.1s

=== train[8] k=8  dim=900  frames=430  σ=clean  seqs=['seq_000001', 'seq_000005', 'seq_000017', 'seq_000018', 'seq_000020', 'seq_000024', 'seq_000031', 'seq_000042'] ===
  OSC: k_hat=8  ACC=0.8070  NMI=0.9125  ARI=0.7917  2.0s
  TKSS: k_hat=8  ACC=0.7884  NMI=0.7930  ARI=0.6580  3.5s
  BDOSC: k_hat=8  ACC=0.7535  NMI=0.8399  ARI=0.6811  12.5s

=== train[9] k=8  dim=900  frames=452  σ=clean  seqs=['seq_000005', 'seq_000009', 'seq_000011', 'seq_000023', 'seq_000031', 'seq_000035', 'seq_000039', 'seq_000043'] ===
  OSC: k_hat=8  ACC=0.8628  NMI=0.9067  ARI=0.8048  2.1s
  TKSS: k_hat=8  ACC=0.8296  NMI=0.8072  ARI=0.6767  3.3s
  BDOSC: k_hat=8  ACC=0.6106  NMI=0.7635  ARI=0.5535  14.3s

=== train[10] k=8  dim=900  frames=461  σ=clean  seqs=['seq_000017', 'seq_000020', 'seq_000025', 'seq_000026', 'seq_000035', 'seq_000039', 'seq_000041', 'seq_000043'] ===
  OSC: k_hat=8  ACC=0.8655  NMI=0.8824  ARI=0.7598  2.2s
  TKSS: k_hat=8  ACC=0.6811  NMI=0.7825  ARI=0.6069  3.2s
  BDOSC: k_hat=8  ACC=0.5770  NMI=0.7753  ARI=0.5466  15.4s

=== train[11] k=8  dim=900  frames=437  σ=clean  seqs=['seq_000002', 'seq_000009', 'seq_000021', 'seq_000022', 'seq_000028', 'seq_000033', 'seq_000035', 'seq_000036'] ===
  OSC: k_hat=8  ACC=0.6476  NMI=0.8067  ARI=0.5903  2.0s
  TKSS: k_hat=8  ACC=0.6545  NMI=0.7477  ARI=0.5789  1.7s
  BDOSC: k_hat=8  ACC=0.5126  NMI=0.6912  ARI=0.4213  13.5s

=== train[12] k=8  dim=900  frames=479  σ=clean  seqs=['seq_000001', 'seq_000003', 'seq_000017', 'seq_000019', 'seq_000025', 'seq_000027', 'seq_000036', 'seq_000043'] ===
  OSC: k_hat=8  ACC=0.8330  NMI=0.8886  ARI=0.7805  2.3s
  TKSS: k_hat=8  ACC=0.6660  NMI=0.7377  ARI=0.5513  1.8s
  BDOSC: k_hat=8  ACC=0.7119  NMI=0.8140  ARI=0.6389  16.6s

=== train[13] k=8  dim=900  frames=522  σ=clean  seqs=['seq_000011', 'seq_000012', 'seq_000018', 'seq_000020', 'seq_000023', 'seq_000025', 'seq_000027', 'seq_000036'] ===
  OSC: k_hat=8  ACC=0.7011  NMI=0.8739  ARI=0.7182  2.7s
  TKSS: k_hat=8  ACC=0.7318  NMI=0.7625  ARI=0.6073  1.4s
  BDOSC: k_hat=8  ACC=0.6379  NMI=0.7951  ARI=0.6262  20.5s

=== train[14] k=8  dim=900  frames=607  σ=clean  seqs=['seq_000019', 'seq_000020', 'seq_000025', 'seq_000028', 'seq_000029', 'seq_000035', 'seq_000039', 'seq_000042'] ===
  OSC: k_hat=8  ACC=0.7858  NMI=0.8562  ARI=0.7418  3.6s
  TKSS: k_hat=8  ACC=0.9209  NMI=0.8882  ARI=0.8423  1.7s
  BDOSC: k_hat=8  ACC=0.5404  NMI=0.7024  ARI=0.4101  33.7s

=== train[15] k=8  dim=900  frames=410  σ=clean  seqs=['seq_000002', 'seq_000003', 'seq_000004', 'seq_000005', 'seq_000024', 'seq_000026', 'seq_000029', 'seq_000039'] ===
  OSC: k_hat=8  ACC=0.8585  NMI=0.8770  ARI=0.8011  1.8s
  TKSS: k_hat=8  ACC=0.6610  NMI=0.7422  ARI=0.5571  0.9s
  BDOSC: k_hat=8  ACC=0.7220  NMI=0.7903  ARI=0.5719  11.5s

=== train[16] k=8  dim=900  frames=462  σ=clean  seqs=['seq_000002', 'seq_000004', 'seq_000017', 'seq_000019', 'seq_000022', 'seq_000026', 'seq_000033', 'seq_000043'] ===
  OSC: k_hat=8  ACC=0.6710  NMI=0.8450  ARI=0.6296  2.2s
  TKSS: k_hat=8  ACC=0.5996  NMI=0.7355  ARI=0.5348  2.4s
  BDOSC: k_hat=8  ACC=0.6580  NMI=0.7820  ARI=0.5755  15.2s

=== train[17] k=8  dim=900  frames=481  σ=clean  seqs=['seq_000001', 'seq_000002', 'seq_000005', 'seq_000017', 'seq_000018', 'seq_000024', 'seq_000029', 'seq_000036'] ===
  OSC: k_hat=8  ACC=0.8067  NMI=0.9071  ARI=0.7935  2.4s
  TKSS: k_hat=8  ACC=0.8254  NMI=0.8141  ARI=0.7087  2.1s
  BDOSC: k_hat=8  ACC=0.6216  NMI=0.7794  ARI=0.5789  16.4s

=== train[18] k=8  dim=900  frames=551  σ=clean  seqs=['seq_000009', 'seq_000017', 'seq_000020', 'seq_000028', 'seq_000029', 'seq_000036', 'seq_000041', 'seq_000043'] ===
  OSC: k_hat=8  ACC=0.7151  NMI=0.7922  ARI=0.5967  3.0s
  TKSS: k_hat=8  ACC=0.5735  NMI=0.7013  ARI=0.5022  4.3s
  BDOSC: k_hat=8  ACC=0.5935  NMI=0.7675  ARI=0.5231  24.2s

=== train[19] k=8  dim=900  frames=438  σ=clean  seqs=['seq_000009', 'seq_000019', 'seq_000021', 'seq_000022', 'seq_000025', 'seq_000035', 'seq_000036', 'seq_000041'] ===
  OSC: k_hat=8  ACC=0.7648  NMI=0.8500  ARI=0.7462  2.0s
  TKSS: k_hat=8  ACC=0.7557  NMI=0.7991  ARI=0.6769  1.5s
  BDOSC: k_hat=8  ACC=0.5594  NMI=0.7452  ARI=0.5365  13.1s

=== train[20] k=8  dim=900  frames=329  σ=clean  seqs=['seq_000002', 'seq_000003', 'seq_000005', 'seq_000018', 'seq_000020', 'seq_000021', 'seq_000025', 'seq_000026'] ===
  OSC: k_hat=8  ACC=0.8237  NMI=0.8732  ARI=0.7816  1.3s
  TKSS: k_hat=8  ACC=0.6687  NMI=0.7222  ARI=0.5462  2.9s
  BDOSC: k_hat=8  ACC=0.7112  NMI=0.8102  ARI=0.6648  6.6s

=== train[21] k=8  dim=900  frames=338  σ=clean  seqs=['seq_000003', 'seq_000005', 'seq_000009', 'seq_000022', 'seq_000027', 'seq_000035', 'seq_000041', 'seq_000042'] ===
  OSC: k_hat=8  ACC=0.8817  NMI=0.9147  ARI=0.8809  1.3s
  TKSS: k_hat=8  ACC=0.6598  NMI=0.7781  ARI=0.6081  1.1s
  BDOSC: k_hat=8  ACC=0.7130  NMI=0.8080  ARI=0.6594  7.2s

=== train[22] k=8  dim=900  frames=453  σ=clean  seqs=['seq_000002', 'seq_000003', 'seq_000011', 'seq_000012', 'seq_000018', 'seq_000025', 'seq_000026', 'seq_000031'] ===
  OSC: k_hat=8  ACC=0.9272  NMI=0.9523  ARI=0.9119  2.2s
  TKSS: k_hat=8  ACC=0.7241  NMI=0.7870  ARI=0.6692  1.9s
  BDOSC: k_hat=8  ACC=0.7969  NMI=0.8283  ARI=0.6609  14.5s

=== train[23] k=8  dim=900  frames=396  σ=clean  seqs=['seq_000001', 'seq_000002', 'seq_000012', 'seq_000024', 'seq_000027', 'seq_000035', 'seq_000041', 'seq_000043'] ===
  OSC: k_hat=8  ACC=0.8131  NMI=0.8792  ARI=0.7469  1.7s
  TKSS: k_hat=8  ACC=0.5808  NMI=0.6403  ARI=0.4421  1.8s
  BDOSC: k_hat=8  ACC=0.7904  NMI=0.8714  ARI=0.7567  10.1s

=== test[0] k=8  dim=900  frames=350  σ=clean  seqs=['seq_000006', 'seq_000007', 'seq_000008', 'seq_000010', 'seq_000013', 'seq_000014', 'seq_000015', 'seq_000016'] ===
  OSC: k_hat=8  ACC=0.7429  NMI=0.8727  ARI=0.7534  1.4s
  TKSS: k_hat=8  ACC=0.6114  NMI=0.7157  ARI=0.5171  1.2s
  BDOSC: k_hat=8  ACC=0.7171  NMI=0.8271  ARI=0.6718  7.7s

=== test[1] k=8  dim=900  frames=402  σ=clean  seqs=['seq_000006', 'seq_000007', 'seq_000008', 'seq_000013', 'seq_000014', 'seq_000015', 'seq_000030', 'seq_000034'] ===
  OSC: k_hat=8  ACC=0.7438  NMI=0.8358  ARI=0.6789  1.8s
  TKSS: k_hat=8  ACC=0.7040  NMI=0.8079  ARI=0.6680  3.0s
  BDOSC: k_hat=8  ACC=0.7886  NMI=0.8431  ARI=0.7551  10.8s

=== test[2] k=8  dim=900  frames=382  σ=clean  seqs=['seq_000013', 'seq_000014', 'seq_000015', 'seq_000016', 'seq_000032', 'seq_000034', 'seq_000038', 'seq_000040'] ===
  OSC: k_hat=8  ACC=0.6021  NMI=0.7578  ARI=0.4862  1.7s
  TKSS: k_hat=8  ACC=0.5628  NMI=0.5963  ARI=0.3982  1.7s
  BDOSC: k_hat=8  ACC=0.7120  NMI=0.8685  ARI=0.7469  9.6s

=== test[3] k=8  dim=900  frames=364  σ=clean  seqs=['seq_000008', 'seq_000010', 'seq_000013', 'seq_000014', 'seq_000016', 'seq_000030', 'seq_000032', 'seq_000044'] ===
  OSC: k_hat=8  ACC=0.5604  NMI=0.7675  ARI=0.4670  1.5s
  TKSS: k_hat=8  ACC=0.6126  NMI=0.7044  ARI=0.5106  1.9s
  BDOSC: k_hat=8  ACC=0.6538  NMI=0.7690  ARI=0.5419  8.5s

=== test[4] k=8  dim=900  frames=402  σ=clean  seqs=['seq_000006', 'seq_000007', 'seq_000010', 'seq_000013', 'seq_000015', 'seq_000030', 'seq_000038', 'seq_000040'] ===
  OSC: k_hat=8  ACC=0.7363  NMI=0.7926  ARI=0.5774  1.7s
  TKSS: k_hat=8  ACC=0.5522  NMI=0.6106  ARI=0.4132  3.0s
  BDOSC: k_hat=8  ACC=0.5796  NMI=0.7104  ARI=0.3912  10.7s

=== test[5] k=8  dim=900  frames=391  σ=clean  seqs=['seq_000006', 'seq_000010', 'seq_000014', 'seq_000016', 'seq_000030', 'seq_000034', 'seq_000037', 'seq_000038'] ===
  OSC: k_hat=8  ACC=0.7928  NMI=0.8417  ARI=0.7155  1.7s
  TKSS: k_hat=8  ACC=0.6240  NMI=0.7133  ARI=0.5416  1.0s
  BDOSC: k_hat=8  ACC=0.6650  NMI=0.7554  ARI=0.5543  9.9s

=== test[6] k=8  dim=900  frames=405  σ=clean  seqs=['seq_000006', 'seq_000007', 'seq_000014', 'seq_000015', 'seq_000032', 'seq_000037', 'seq_000040', 'seq_000044'] ===
  OSC: k_hat=8  ACC=0.7481  NMI=0.8459  ARI=0.7156  1.7s
  TKSS: k_hat=8  ACC=0.6593  NMI=0.7359  ARI=0.6271  3.3s
  BDOSC: k_hat=8  ACC=0.5481  NMI=0.7356  ARI=0.4873  10.8s

=== test[7] k=8  dim=900  frames=417  σ=clean  seqs=['seq_000007', 'seq_000008', 'seq_000010', 'seq_000013', 'seq_000037', 'seq_000038', 'seq_000040', 'seq_000044'] ===
  OSC: k_hat=8  ACC=0.7290  NMI=0.8291  ARI=0.5673  1.8s
  TKSS: k_hat=8  ACC=0.5659  NMI=0.6545  ARI=0.4830  2.3s
  BDOSC: k_hat=8  ACC=0.7002  NMI=0.7862  ARI=0.5423  11.4s

=== test[8] k=8  dim=900  frames=363  σ=clean  seqs=['seq_000006', 'seq_000007', 'seq_000008', 'seq_000010', 'seq_000015', 'seq_000034', 'seq_000038', 'seq_000040'] ===
  OSC: k_hat=8  ACC=0.8099  NMI=0.8863  ARI=0.7817  1.5s
  TKSS: k_hat=8  ACC=0.5978  NMI=0.7138  ARI=0.5379  1.6s
  BDOSC: k_hat=8  ACC=0.8044  NMI=0.8787  ARI=0.8111  8.3s

=== test[9] k=8  dim=900  frames=368  σ=clean  seqs=['seq_000008', 'seq_000010', 'seq_000013', 'seq_000014', 'seq_000015', 'seq_000032', 'seq_000040', 'seq_000044'] ===
  OSC: k_hat=8  ACC=0.6902  NMI=0.8033  ARI=0.5806  1.5s
  TKSS: k_hat=8  ACC=0.6467  NMI=0.7137  ARI=0.5740  1.7s
  BDOSC: k_hat=8  ACC=0.6223  NMI=0.7466  ARI=0.5058  8.8s

=== test[10] k=8  dim=900  frames=314  σ=clean  seqs=['seq_000006', 'seq_000010', 'seq_000015', 'seq_000016', 'seq_000030', 'seq_000032', 'seq_000037', 'seq_000040'] ===
  OSC: k_hat=8  ACC=0.8790  NMI=0.9260  ARI=0.9132  1.2s
  TKSS: k_hat=8  ACC=0.6561  NMI=0.7197  ARI=0.5293  1.0s
  BDOSC: k_hat=8  ACC=0.5669  NMI=0.7564  ARI=0.5226  5.9s

=== test[11] k=8  dim=900  frames=491  σ=clean  seqs=['seq_000006', 'seq_000007', 'seq_000013', 'seq_000014', 'seq_000030', 'seq_000032', 'seq_000038', 'seq_000044'] ===
  OSC: k_hat=8  ACC=0.7637  NMI=0.8520  ARI=0.7221  2.5s
  TKSS: k_hat=8  ACC=0.7291  NMI=0.6876  ARI=0.5606  2.8s
  BDOSC: k_hat=8  ACC=0.7882  NMI=0.8488  ARI=0.7419  17.9s

=== test[12] k=8  dim=900  frames=383  σ=clean  seqs=['seq_000006', 'seq_000007', 'seq_000010', 'seq_000013', 'seq_000014', 'seq_000015', 'seq_000030', 'seq_000037'] ===
  OSC: k_hat=8  ACC=0.7650  NMI=0.8719  ARI=0.7394  1.7s
  TKSS: k_hat=8  ACC=0.6319  NMI=0.7721  ARI=0.5944  1.2s
  BDOSC: k_hat=8  ACC=0.8590  NMI=0.8935  ARI=0.8243  9.6s

=== test[13] k=8  dim=900  frames=351  σ=clean  seqs=['seq_000006', 'seq_000007', 'seq_000008', 'seq_000014', 'seq_000016', 'seq_000030', 'seq_000032', 'seq_000037'] ===
  OSC: k_hat=8  ACC=0.8148  NMI=0.9042  ARI=0.8245  1.4s
  TKSS: k_hat=8  ACC=0.6410  NMI=0.7522  ARI=0.5669  2.2s
  BDOSC: k_hat=8  ACC=0.8917  NMI=0.9027  ARI=0.8736  7.7s

=== test[14] k=8  dim=900  frames=447  σ=clean  seqs=['seq_000006', 'seq_000010', 'seq_000013', 'seq_000030', 'seq_000032', 'seq_000034', 'seq_000037', 'seq_000044'] ===
  OSC: k_hat=8  ACC=0.6309  NMI=0.8320  ARI=0.6749  2.1s
  TKSS: k_hat=8  ACC=0.7919  NMI=0.7969  ARI=0.6928  2.8s
  BDOSC: k_hat=8  ACC=0.4989  NMI=0.7237  ARI=0.4530  13.9s

=== test[15] k=8  dim=900  frames=420  σ=clean  seqs=['seq_000008', 'seq_000014', 'seq_000032', 'seq_000034', 'seq_000037', 'seq_000038', 'seq_000040', 'seq_000044'] ===
  OSC: k_hat=8  ACC=0.7190  NMI=0.8261  ARI=0.6499  1.8s
  TKSS: k_hat=8  ACC=0.6524  NMI=0.7501  ARI=0.5993  2.2s
  BDOSC: k_hat=8  ACC=0.6024  NMI=0.7634  ARI=0.5066  11.8s

=== test[16] k=8  dim=900  frames=410  σ=clean  seqs=['seq_000010', 'seq_000013', 'seq_000014', 'seq_000015', 'seq_000032', 'seq_000038', 'seq_000040', 'seq_000044'] ===
  OSC: k_hat=8  ACC=0.7780  NMI=0.8362  ARI=0.7080  1.8s
  TKSS: k_hat=8  ACC=0.5902  NMI=0.6612  ARI=0.5075  2.4s
  BDOSC: k_hat=8  ACC=0.7927  NMI=0.8722  ARI=0.7465  11.2s

=== test[17] k=8  dim=900  frames=426  σ=clean  seqs=['seq_000006', 'seq_000007', 'seq_000013', 'seq_000015', 'seq_000030', 'seq_000032', 'seq_000037', 'seq_000038'] ===
  OSC: k_hat=8  ACC=0.7981  NMI=0.8917  ARI=0.7902  1.9s
  TKSS: k_hat=8  ACC=0.5775  NMI=0.6859  ARI=0.5098  3.7s
  BDOSC: k_hat=8  ACC=0.6995  NMI=0.7720  ARI=0.5793  12.4s

=== mean over matrices ===
  OSC train σ=clean: ACC=0.7933  NMI=0.8686  ARI=0.7460  n=24
  TKSS train σ=clean: ACC=0.6965  NMI=0.7563  ARI=0.5936  n=24
  BDOSC train σ=clean: ACC=0.6441  NMI=0.7751  ARI=0.5735  n=24
  OSC test σ=clean: ACC=0.7391  NMI=0.8429  ARI=0.6859  n=18
  TKSS test σ=clean: ACC=0.6337  NMI=0.7106  ARI=0.5462  n=18
  BDOSC test σ=clean: ACC=0.6939  NMI=0.8030  ARI=0.6253  n=18

wrote /nfs/turbo/umms-minjilab/lpullela/icassp_ssc_tv2/ballet_dataset/ballet_cluster_knownk_scaled_results_k8_baselines.csv
wrote /nfs/turbo/umms-minjilab/lpullela/icassp_ssc_tv2/ballet_dataset/ballet_cluster_knownk_scaled_params_k8_baselines.json
end=Sat Sep  5 05:12:28 EDT 2026
Experiment completed!
