========================================
Job: cv_bdosc_k5_s0
Method: BDOSC  k: 5  sigma: 0.0
========================================
host=gl3209.arc-ts.umich.edu  python=/home/lpullela/miniconda3/envs/ssc_559/bin/python  start=Sat Sep  5 19:18:08 EDT 2026
Loading P1E_S1_C1
  Y: (576, 1236)  people=25  frames/person=[60, 61, 50, 48, 51, 35, 41, 56, 55, 49, 65, 50, 63, 38, 61, 48, 50, 49, 50, 30, 42, 60, 32, 39, 53]  min=30
Loading P1E_S1_C2
  Y: (576, 1031)  people=25  frames/person=[42, 48, 31, 35, 50, 45, 30, 32, 38, 40, 61, 41, 47, 33, 46, 36, 41, 45, 42, 36, 33, 50, 53, 33, 43]  min=30
Loading P1E_S1_C3
  Y: (576, 453)  people=25  frames/person=[15, 22, 16, 16, 17, 13, 14, 19, 14, 25, 26, 12, 21, 18, 22, 19, 13, 19, 16, 15, 8, 15, 30, 20, 28]  min=8
  warning: 24 people have fewer than 30 available frames (kept all)
Loading P1E_S2_C1
  Y: (576, 1256)  people=25  frames/person=[65, 50, 50, 51, 53, 48, 49, 60, 33, 48, 61, 58, 52, 32, 55, 35, 45, 53, 40, 53, 51, 65, 64, 42, 43]  min=32
Loading P1E_S2_C2
  Y: (576, 1042)  people=25  frames/person=[33, 48, 38, 41, 53, 36, 39, 47, 51, 36, 55, 44, 43, 25, 42, 41, 37, 45, 41, 38, 40, 54, 49, 33, 33]  min=25
  warning: 1 people have fewer than 30 available frames (kept all)
Loading P1E_S2_C3
  Y: (576, 816)  people=25  frames/person=[36, 33, 28, 32, 42, 37, 31, 36, 31, 23, 42, 36, 35, 20, 33, 33, 32, 32, 32, 29, 32, 42, 38, 27, 24]  min=20
  warning: 6 people have fewer than 30 available frames (kept all)
Loading P1E_S3_C1
  Y: (576, 1255)  people=25  frames/person=[43, 39, 47, 52, 58, 96, 42, 31, 79, 33, 67, 55, 44, 34, 40, 48, 54, 77, 45, 41, 46, 53, 56, 38, 37]  min=31
Loading P1E_S3_C2
  Y: (576, 1126)  people=25  frames/person=[57, 56, 35, 40, 49, 75, 34, 40, 70, 26, 65, 54, 43, 28, 32, 43, 48, 31, 36, 33, 42, 71, 57, 30, 31]  min=26
  warning: 2 people have fewer than 30 available frames (kept all)
Loading P1E_S3_C3
  Y: (576, 866)  people=25  frames/person=[43, 36, 24, 33, 37, 47, 29, 37, 55, 18, 40, 40, 31, 22, 30, 39, 35, 45, 30, 28, 30, 50, 42, 20, 25]  min=18
  warning: 7 people have fewer than 30 available frames (kept all)
Loading P1E_S4_C1
  Y: (576, 1247)  people=25  frames/person=[58, 54, 34, 56, 50, 59, 50, 56, 74, 38, 75, 35, 46, 31, 53, 40, 57, 32, 56, 33, 48, 67, 59, 48, 38]  min=31
Loading P1E_S4_C2
  Y: (576, 1051)  people=25  frames/person=[37, 37, 41, 46, 41, 49, 38, 45, 65, 30, 39, 48, 50, 34, 43, 36, 47, 52, 45, 37, 38, 50, 30, 37, 36]  min=30
Loading P1E_S4_C3
  Y: (576, 719)  people=25  frames/person=[28, 29, 22, 29, 24, 36, 31, 29, 33, 25, 37, 19, 28, 21, 25, 27, 25, 41, 27, 29, 26, 31, 45, 29, 23]  min=19
  warning: 18 people have fewer than 30 available frames (kept all)
Loading P1L_S1_C1
  Y: (576, 1391)  people=25  frames/person=[65, 68, 43, 64, 47, 40, 58, 33, 75, 41, 58, 72, 58, 49, 66, 67, 65, 43, 59, 57, 58, 51, 67, 32, 55]  min=32
Loading P1L_S1_C2
  Y: (576, 1309)  people=25  frames/person=[30, 65, 37, 63, 66, 54, 52, 52, 43, 49, 71, 49, 58, 48, 54, 66, 56, 36, 48, 49, 55, 66, 52, 39, 51]  min=30
Loading P1L_S1_C3
  Y: (576, 565)  people=25  frames/person=[27, 29, 20, 26, 19, 25, 22, 12, 28, 25, 20, 25, 23, 18, 21, 23, 25, 26, 23, 21, 18, 18, 30, 18, 23]  min=12
  warning: 24 people have fewer than 30 available frames (kept all)
Loading P1L_S2_C1
  Y: (576, 1470)  people=25  frames/person=[73, 68, 53, 64, 65, 41, 73, 55, 37, 31, 82, 75, 63, 45, 34, 48, 74, 84, 71, 64, 62, 65, 48, 33, 62]  min=31
Loading P1L_S2_C2
  Y: (576, 1393)  people=25  frames/person=[64, 65, 49, 62, 69, 69, 63, 61, 80, 34, 89, 57, 53, 52, 55, 38, 30, 30, 66, 36, 57, 51, 73, 41, 49]  min=30
Loading P1L_S2_C3
  Y: (576, 897)  people=25  frames/person=[40, 36, 29, 28, 35, 37, 36, 36, 50, 28, 55, 46, 34, 31, 35, 32, 30, 48, 37, 29, 36, 39, 45, 19, 26]  min=19
  warning: 6 people have fewer than 30 available frames (kept all)
Loading P1L_S3_C1
  Y: (576, 1329)  people=25  frames/person=[31, 33, 30, 51, 74, 75, 59, 65, 66, 43, 47, 39, 65, 50, 58, 71, 67, 36, 57, 35, 62, 31, 74, 59, 51]  min=30
Loading P1L_S3_C2
  Y: (576, 1472)  people=25  frames/person=[78, 38, 48, 51, 54, 71, 61, 71, 32, 50, 75, 38, 72, 63, 48, 67, 49, 87, 52, 56, 58, 85, 73, 56, 39]  min=32
Loading P1L_S3_C3
  Y: (576, 1105)  people=25  frames/person=[48, 44, 38, 38, 39, 45, 35, 55, 52, 26, 81, 39, 36, 36, 44, 54, 42, 61, 38, 31, 34, 53, 51, 44, 41]  min=26
  warning: 1 people have fewer than 30 available frames (kept all)
Loading P1L_S4_C1
  Y: (576, 1443)  people=25  frames/person=[50, 69, 44, 41, 78, 43, 32, 71, 45, 65, 59, 39, 56, 57, 68, 69, 70, 73, 51, 63, 47, 70, 57, 52, 74]  min=32
Loading P1L_S4_C2
  Y: (576, 1327)  people=25  frames/person=[71, 34, 39, 54, 63, 67, 52, 39, 52, 56, 59, 50, 51, 53, 63, 50, 71, 63, 48, 35, 31, 71, 43, 52, 60]  min=31
Loading P1L_S4_C3
  Y: (576, 880)  people=25  frames/person=[37, 41, 23, 26, 32, 34, 22, 32, 50, 29, 38, 44, 31, 34, 37, 39, 39, 39, 38, 26, 25, 50, 41, 33, 40]  min=22
  warning: 6 people have fewer than 30 available frames (kept all)
sequences=24  people=25  k=5
frames/person ~ Unif[30, 100]
down_hw=24  sigmas=(0.0,)  n_trials=20  known_k=True  csv=split_k5_clean_min30_trials20_knownk_scaled_cv_bdosc_k5_sigma0.csv
SSC-Block-TV block_size searched in [2, 12]
CV mode: 5 folds of size 5, each rotated as test
  group 0: ['0006', '0013', '0014', '0022', '0027']
  group 1: ['0004', '0009', '0019', '0025', '0026']
  group 2: ['0001', '0005', '0011', '0023', '0024']
  group 3: ['0007', '0010', '0015', '0016', '0021']
  group 4: ['0003', '0012', '0017', '0018', '0020']
methods=['BDOSC']  append=False  hetero_noise=False  no_tune=False

============================================================
σ=0.0 fold=0  test=['0006', '0013', '0014', '0022', '0027']  train mats=96  test mats=24
  BDOSC: skip tuning, fixed lambda_1=0.2, lambda_2=1, gamma_1=0.01, p=1.1, max_iter=50
  wrote /nfs/turbo/umms-minjilab/lpullela/icassp_ssc_tv2/block_ssc_benchmark/cv/params/surveillance/split_k5_clean_min30_trials20_knownk_scaled_params_cv_bdosc_k5_sigma0_sigma0_fold0.json

=== P1E_S1_C1 train[0] k=5  dim=576  frames=212  σ=0.0  fold=0 ===
  BDOSC: k_hat=5  ACC=0.8868  NMI=0.8030  ARI=0.7534  3.7s

=== P1E_S1_C1 train[1] k=5  dim=576  frames=265  σ=0.0  fold=0 ===
  BDOSC: k_hat=5  ACC=0.8340  NMI=0.7842  ARI=0.6694  4.4s

=== P1E_S1_C1 train[2] k=5  dim=576  frames=242  σ=0.0  fold=0 ===
  BDOSC: k_hat=5  ACC=0.6529  NMI=0.7082  ARI=0.5514  3.7s

=== P1E_S1_C1 train[3] k=5  dim=576  frames=268  σ=0.0  fold=0 ===
  BDOSC: k_hat=5  ACC=0.7537  NMI=0.7207  ARI=0.5146  4.3s

=== P1E_S1_C2 train[0] k=5  dim=576  frames=188  σ=0.0  fold=0 ===
  BDOSC: k_hat=5  ACC=0.9096  NMI=0.8455  ARI=0.7742  2.1s

=== P1E_S1_C2 train[1] k=5  dim=576  frames=198  σ=0.0  fold=0 ===
  BDOSC: k_hat=5  ACC=0.8030  NMI=0.7643  ARI=0.6177  2.4s

=== P1E_S1_C2 train[2] k=5  dim=576  frames=199  σ=0.0  fold=0 ===
  BDOSC: k_hat=5  ACC=0.7186  NMI=0.8363  ARI=0.7019  2.5s

=== P1E_S1_C2 train[3] k=5  dim=576  frames=215  σ=0.0  fold=0 ===
  BDOSC: k_hat=5  ACC=0.9628  NMI=0.9177  ARI=0.9129  2.9s

=== P1E_S1_C3 train[0] k=5  dim=576  frames=93  σ=0.0  fold=0 ===
  BDOSC: k_hat=5  ACC=0.9140  NMI=0.8456  ARI=0.7820  0.6s

=== P1E_S1_C3 train[1] k=5  dim=576  frames=68  σ=0.0  fold=0 ===
  BDOSC: k_hat=5  ACC=0.7206  NMI=0.7713  ARI=0.6209  0.4s

=== P1E_S1_C3 train[2] k=5  dim=576  frames=87  σ=0.0  fold=0 ===
  BDOSC: k_hat=5  ACC=0.9310  NMI=0.8756  ARI=0.8451  0.6s

=== P1E_S1_C3 train[3] k=5  dim=576  frames=107  σ=0.0  fold=0 ===
  BDOSC: k_hat=5  ACC=0.9159  NMI=0.8393  ARI=0.8053  0.8s

=== P1E_S2_C1 train[0] k=5  dim=576  frames=250  σ=0.0  fold=0 ===
  BDOSC: k_hat=5  ACC=0.7240  NMI=0.6813  ARI=0.4763  3.9s

=== P1E_S2_C1 train[1] k=5  dim=576  frames=265  σ=0.0  fold=0 ===
  BDOSC: k_hat=5  ACC=0.8717  NMI=0.8107  ARI=0.7639  4.4s

=== P1E_S2_C1 train[2] k=5  dim=576  frames=232  σ=0.0  fold=0 ===
  BDOSC: k_hat=5  ACC=0.6293  NMI=0.6925  ARI=0.5198  3.3s

=== P1E_S2_C1 train[3] k=5  dim=576  frames=241  σ=0.0  fold=0 ===
  BDOSC: k_hat=5  ACC=0.8963  NMI=0.8709  ARI=0.7889  3.7s

=== P1E_S2_C2 train[0] k=5  dim=576  frames=196  σ=0.0  fold=0 ===
  BDOSC: k_hat=5  ACC=0.9796  NMI=0.9492  ARI=0.9494  2.4s

=== P1E_S2_C2 train[1] k=5  dim=576  frames=219  σ=0.0  fold=0 ===
  BDOSC: k_hat=5  ACC=0.8995  NMI=0.8309  ARI=0.7666  3.0s

=== P1E_S2_C2 train[2] k=5  dim=576  frames=192  σ=0.0  fold=0 ===
  BDOSC: k_hat=5  ACC=0.8958  NMI=0.8491  ARI=0.7792  2.3s

=== P1E_S2_C2 train[3] k=5  dim=576  frames=212  σ=0.0  fold=0 ===
  BDOSC: k_hat=5  ACC=0.9057  NMI=0.8337  ARI=0.7899  2.8s

=== P1E_S2_C3 train[0] k=5  dim=576  frames=156  σ=0.0  fold=0 ===
  BDOSC: k_hat=5  ACC=0.9679  NMI=0.9159  ARI=0.9170  1.5s

=== P1E_S2_C3 train[1] k=5  dim=576  frames=173  σ=0.0  fold=0 ===
  BDOSC: k_hat=5  ACC=0.6879  NMI=0.8017  ARI=0.6393  1.9s

=== P1E_S2_C3 train[2] k=5  dim=576  frames=160  σ=0.0  fold=0 ===
  BDOSC: k_hat=5  ACC=0.8812  NMI=0.8275  ARI=0.7842  1.6s

=== P1E_S2_C3 train[3] k=5  dim=576  frames=154  σ=0.0  fold=0 ===
  BDOSC: k_hat=5  ACC=0.9740  NMI=0.9341  ARI=0.9362  1.5s

=== P1E_S3_C1 train[0] k=5  dim=576  frames=237  σ=0.0  fold=0 ===
  BDOSC: k_hat=5  ACC=0.7890  NMI=0.7901  ARI=0.6900  3.6s

=== P1E_S3_C1 train[1] k=5  dim=576  frames=273  σ=0.0  fold=0 ===
  BDOSC: k_hat=5  ACC=0.6337  NMI=0.6752  ARI=0.4474  4.8s

=== P1E_S3_C1 train[2] k=5  dim=576  frames=250  σ=0.0  fold=0 ===
  BDOSC: k_hat=5  ACC=0.7080  NMI=0.8246  ARI=0.6590  3.9s

=== P1E_S3_C1 train[3] k=5  dim=576  frames=237  σ=0.0  fold=0 ===
  BDOSC: k_hat=5  ACC=0.6540  NMI=0.7563  ARI=0.5580  3.6s

=== P1E_S3_C2 train[0] k=5  dim=576  frames=204  σ=0.0  fold=0 ===
  BDOSC: k_hat=5  ACC=0.9510  NMI=0.9042  ARI=0.9004  2.7s

=== P1E_S3_C2 train[1] k=5  dim=576  frames=280  σ=0.0  fold=0 ===
  BDOSC: k_hat=5  ACC=0.8536  NMI=0.7884  ARI=0.7201  5.0s

=== P1E_S3_C2 train[2] k=5  dim=576  frames=222  σ=0.0  fold=0 ===
  BDOSC: k_hat=5  ACC=0.7027  NMI=0.7705  ARI=0.6220  3.1s

=== P1E_S3_C2 train[3] k=5  dim=576  frames=188  σ=0.0  fold=0 ===
  BDOSC: k_hat=5  ACC=0.6862  NMI=0.8113  ARI=0.6288  2.2s

=== P1E_S3_C3 train[0] k=5  dim=576  frames=150  σ=0.0  fold=0 ===
  BDOSC: k_hat=5  ACC=0.9733  NMI=0.9363  ARI=0.9315  1.4s

=== P1E_S3_C3 train[1] k=5  dim=576  frames=211  σ=0.0  fold=0 ===
  BDOSC: k_hat=5  ACC=0.8957  NMI=0.8493  ARI=0.7891  2.8s

=== P1E_S3_C3 train[2] k=5  dim=576  frames=167  σ=0.0  fold=0 ===
  BDOSC: k_hat=5  ACC=0.9401  NMI=0.8844  ARI=0.8758  1.8s

=== P1E_S3_C3 train[3] k=5  dim=576  frames=168  σ=0.0  fold=0 ===
  BDOSC: k_hat=5  ACC=1.0000  NMI=1.0000  ARI=1.0000  1.7s

=== P1E_S4_C1 train[0] k=5  dim=576  frames=248  σ=0.0  fold=0 ===
  BDOSC: k_hat=5  ACC=0.8347  NMI=0.8006  ARI=0.6884  3.8s

=== P1E_S4_C1 train[1] k=5  dim=576  frames=303  σ=0.0  fold=0 ===
  BDOSC: k_hat=5  ACC=0.7591  NMI=0.7284  ARI=0.5968  6.0s

=== P1E_S4_C1 train[2] k=5  dim=576  frames=248  σ=0.0  fold=0 ===
  BDOSC: k_hat=5  ACC=0.6935  NMI=0.7343  ARI=0.6150  3.7s

=== P1E_S4_C1 train[3] k=5  dim=576  frames=217  σ=0.0  fold=0 ===
  BDOSC: k_hat=5  ACC=0.9217  NMI=0.8630  ARI=0.8320  2.9s

=== P1E_S4_C2 train[0] k=5  dim=576  frames=193  σ=0.0  fold=0 ===
  BDOSC: k_hat=5  ACC=0.9845  NMI=0.9553  ARI=0.9631  2.2s

=== P1E_S4_C2 train[1] k=5  dim=576  frames=236  σ=0.0  fold=0 ===
  BDOSC: k_hat=5  ACC=0.9831  NMI=0.9563  ARI=0.9549  3.3s

=== P1E_S4_C2 train[2] k=5  dim=576  frames=223  σ=0.0  fold=0 ===
  BDOSC: k_hat=5  ACC=0.9372  NMI=0.8738  ARI=0.8575  3.1s

=== P1E_S4_C2 train[3] k=5  dim=576  frames=198  σ=0.0  fold=0 ===
  BDOSC: k_hat=5  ACC=0.8939  NMI=0.8535  ARI=0.7696  2.4s

=== P1E_S4_C3 train[0] k=5  dim=576  frames=152  σ=0.0  fold=0 ===
  BDOSC: k_hat=5  ACC=0.9671  NMI=0.9235  ARI=0.9270  1.5s

=== P1E_S4_C3 train[1] k=5  dim=576  frames=147  σ=0.0  fold=0 ===
  BDOSC: k_hat=5  ACC=0.8095  NMI=0.7660  ARI=0.6667  1.4s

=== P1E_S4_C3 train[2] k=5  dim=576  frames=141  σ=0.0  fold=0 ===
  BDOSC: k_hat=5  ACC=0.9007  NMI=0.8401  ARI=0.7687  1.3s

=== P1E_S4_C3 train[3] k=5  dim=576  frames=147  σ=0.0  fold=0 ===
  BDOSC: k_hat=5  ACC=1.0000  NMI=1.0000  ARI=1.0000  1.4s

=== P1L_S1_C1 train[0] k=5  dim=576  frames=265  σ=0.0  fold=0 ===
  BDOSC: k_hat=5  ACC=0.8528  NMI=0.7804  ARI=0.6712  4.4s

=== P1L_S1_C1 train[1] k=5  dim=576  frames=313  σ=0.0  fold=0 ===
  BDOSC: k_hat=5  ACC=0.7540  NMI=0.6715  ARI=0.5020  6.3s

=== P1L_S1_C1 train[2] k=5  dim=576  frames=239  σ=0.0  fold=0 ===
  BDOSC: k_hat=5  ACC=0.5774  NMI=0.6316  ARI=0.4262  3.6s

=== P1L_S1_C1 train[3] k=5  dim=576  frames=285  σ=0.0  fold=0 ===
  BDOSC: k_hat=5  ACC=0.8982  NMI=0.8529  ARI=0.7704  5.2s

=== P1L_S1_C2 train[0] k=5  dim=576  frames=236  σ=0.0  fold=0 ===
  BDOSC: k_hat=5  ACC=0.7246  NMI=0.8110  ARI=0.6796  3.3s

=== P1L_S1_C2 train[1] k=5  dim=576  frames=257  σ=0.0  fold=0 ===
  BDOSC: k_hat=5  ACC=0.9222  NMI=0.8723  ARI=0.8142  4.3s

=== P1L_S1_C2 train[2] k=5  dim=576  frames=260  σ=0.0  fold=0 ===
  BDOSC: k_hat=5  ACC=0.8077  NMI=0.7489  ARI=0.6292  4.2s

=== P1L_S1_C2 train[3] k=5  dim=576  frames=270  σ=0.0  fold=0 ===
  BDOSC: k_hat=5  ACC=0.7185  NMI=0.7985  ARI=0.6628  4.6s

=== P1L_S1_C3 train[0] k=5  dim=576  frames=115  σ=0.0  fold=0 ===
  BDOSC: k_hat=5  ACC=0.9130  NMI=0.8662  ARI=0.7865  0.8s

=== P1L_S1_C3 train[1] k=5  dim=576  frames=117  σ=0.0  fold=0 ===
  BDOSC: k_hat=5  ACC=0.8376  NMI=0.7987  ARI=0.7223  0.9s

=== P1L_S1_C3 train[2] k=5  dim=576  frames=101  σ=0.0  fold=0 ===
  BDOSC: k_hat=5  ACC=0.8416  NMI=0.8216  ARI=0.7125  0.7s

=== P1L_S1_C3 train[3] k=5  dim=576  frames=124  σ=0.0  fold=0 ===
  BDOSC: k_hat=5  ACC=0.7742  NMI=0.8044  ARI=0.6899  0.9s

=== P1L_S2_C1 train[0] k=5  dim=576  frames=281  σ=0.0  fold=0 ===
  BDOSC: k_hat=5  ACC=0.7794  NMI=0.7097  ARI=0.5971  5.0s

=== P1L_S2_C1 train[1] k=5  dim=576  frames=301  σ=0.0  fold=0 ===
  BDOSC: k_hat=5  ACC=0.7309  NMI=0.7159  ARI=0.5700  5.7s

=== P1L_S2_C1 train[2] k=5  dim=576  frames=275  σ=0.0  fold=0 ===
  BDOSC: k_hat=5  ACC=0.7309  NMI=0.8133  ARI=0.7114  4.8s

=== P1L_S2_C1 train[3] k=5  dim=576  frames=265  σ=0.0  fold=0 ===
  BDOSC: k_hat=5  ACC=0.7660  NMI=0.8308  ARI=0.7330  4.4s

=== P1L_S2_C2 train[0] k=5  dim=576  frames=256  σ=0.0  fold=0 ===
  BDOSC: k_hat=5  ACC=0.8672  NMI=0.8559  ARI=0.7991  4.7s

=== P1L_S2_C2 train[1] k=5  dim=576  frames=314  σ=0.0  fold=0 ===
  BDOSC: k_hat=5  ACC=0.6369  NMI=0.6959  ARI=0.5110  6.2s

=== P1L_S2_C2 train[2] k=5  dim=576  frames=301  σ=0.0  fold=0 ===
  BDOSC: k_hat=5  ACC=0.7209  NMI=0.6712  ARI=0.4895  5.7s

=== P1L_S2_C2 train[3] k=5  dim=576  frames=222  σ=0.0  fold=0 ===
  BDOSC: k_hat=5  ACC=0.8559  NMI=0.8190  ARI=0.7145  3.1s

=== P1L_S2_C3 train[0] k=5  dim=576  frames=159  σ=0.0  fold=0 ===
  BDOSC: k_hat=5  ACC=0.9623  NMI=0.9205  ARI=0.9119  1.5s

=== P1L_S2_C3 train[1] k=5  dim=576  frames=193  σ=0.0  fold=0 ===
  BDOSC: k_hat=5  ACC=0.9119  NMI=0.8810  ARI=0.7988  2.2s

=== P1L_S2_C3 train[2] k=5  dim=576  frames=175  σ=0.0  fold=0 ===
  BDOSC: k_hat=5  ACC=0.9429  NMI=0.8800  ARI=0.8592  1.9s

=== P1L_S2_C3 train[3] k=5  dim=576  frames=179  σ=0.0  fold=0 ===
  BDOSC: k_hat=5  ACC=0.9665  NMI=0.9171  ARI=0.9249  1.9s

=== P1L_S3_C1 train[0] k=5  dim=576  frames=289  σ=0.0  fold=0 ===
  BDOSC: k_hat=5  ACC=0.4948  NMI=0.6860  ARI=0.4172  5.3s

=== P1L_S3_C1 train[1] k=5  dim=576  frames=241  σ=0.0  fold=0 ===
  BDOSC: k_hat=5  ACC=0.6515  NMI=0.6665  ARI=0.4586  3.7s

=== P1L_S3_C1 train[2] k=5  dim=576  frames=312  σ=0.0  fold=0 ===
  BDOSC: k_hat=5  ACC=0.6603  NMI=0.7726  ARI=0.6067  6.3s

=== P1L_S3_C1 train[3] k=5  dim=576  frames=241  σ=0.0  fold=0 ===
  BDOSC: k_hat=5  ACC=0.7178  NMI=0.8408  ARI=0.7116  3.8s

=== P1L_S3_C2 train[0] k=5  dim=576  frames=287  σ=0.0  fold=0 ===
  BDOSC: k_hat=5  ACC=0.7875  NMI=0.7724  ARI=0.5829  5.3s

=== P1L_S3_C2 train[1] k=5  dim=576  frames=304  σ=0.0  fold=0 ===
  BDOSC: k_hat=5  ACC=0.6645  NMI=0.7199  ARI=0.6039  5.9s

=== P1L_S3_C2 train[2] k=5  dim=576  frames=329  σ=0.0  fold=0 ===
  BDOSC: k_hat=5  ACC=0.6900  NMI=0.6866  ARI=0.5133  7.1s

=== P1L_S3_C2 train[3] k=5  dim=576  frames=290  σ=0.0  fold=0 ===
  BDOSC: k_hat=5  ACC=0.6483  NMI=0.7132  ARI=0.5106  5.4s

=== P1L_S3_C3 train[0] k=5  dim=576  frames=210  σ=0.0  fold=0 ===
  BDOSC: k_hat=5  ACC=0.9095  NMI=0.8512  ARI=0.8000  2.7s

=== P1L_S3_C3 train[1] k=5  dim=576  frames=225  σ=0.0  fold=0 ===
  BDOSC: k_hat=5  ACC=0.9022  NMI=0.8477  ARI=0.7995  3.2s

=== P1L_S3_C3 train[2] k=5  dim=576  frames=210  σ=0.0  fold=0 ===
  BDOSC: k_hat=5  ACC=0.8667  NMI=0.8055  ARI=0.7070  2.8s

=== P1L_S3_C3 train[3] k=5  dim=576  frames=229  σ=0.0  fold=0 ===
  BDOSC: k_hat=5  ACC=0.8559  NMI=0.8231  ARI=0.6950  3.3s

=== P1L_S4_C1 train[0] k=5  dim=576  frames=255  σ=0.0  fold=0 ===
  BDOSC: k_hat=5  ACC=0.9373  NMI=0.8811  ARI=0.8399  4.2s

=== P1L_S4_C1 train[1] k=5  dim=576  frames=253  σ=0.0  fold=0 ===
  BDOSC: k_hat=5  ACC=0.9051  NMI=0.8513  ARI=0.8128  4.1s

=== P1L_S4_C1 train[2] k=5  dim=576  frames=278  σ=0.0  fold=0 ===
  BDOSC: k_hat=5  ACC=0.8633  NMI=0.8222  ARI=0.7044  4.9s

=== P1L_S4_C1 train[3] k=5  dim=576  frames=344  σ=0.0  fold=0 ===
  BDOSC: k_hat=5  ACC=0.7035  NMI=0.8139  ARI=0.6681  7.8s

=== P1L_S4_C2 train[0] k=5  dim=576  frames=257  σ=0.0  fold=0 ===
  BDOSC: k_hat=5  ACC=0.8093  NMI=0.7517  ARI=0.5990  4.4s

=== P1L_S4_C2 train[1] k=5  dim=576  frames=279  σ=0.0  fold=0 ===
  BDOSC: k_hat=5  ACC=0.5878  NMI=0.6760  ARI=0.4889  5.0s

=== P1L_S4_C2 train[2] k=5  dim=576  frames=258  σ=0.0  fold=0 ===
  BDOSC: k_hat=5  ACC=0.6550  NMI=0.7287  ARI=0.5671  4.2s

=== P1L_S4_C2 train[3] k=5  dim=576  frames=266  σ=0.0  fold=0 ===
  BDOSC: k_hat=5  ACC=0.7820  NMI=0.7098  ARI=0.5362  4.4s

=== P1L_S4_C3 train[0] k=5  dim=576  frames=158  σ=0.0  fold=0 ===
  BDOSC: k_hat=5  ACC=0.9494  NMI=0.8911  ARI=0.8644  1.6s

=== P1L_S4_C3 train[1] k=5  dim=576  frames=188  σ=0.0  fold=0 ===
  BDOSC: k_hat=5  ACC=0.6223  NMI=0.7066  ARI=0.5341  2.2s

=== P1L_S4_C3 train[2] k=5  dim=576  frames=169  σ=0.0  fold=0 ===
  BDOSC: k_hat=5  ACC=0.7041  NMI=0.8275  ARI=0.6770  1.8s

=== P1L_S4_C3 train[3] k=5  dim=576  frames=185  σ=0.0  fold=0 ===
  BDOSC: k_hat=5  ACC=0.9892  NMI=0.9741  ARI=0.9749  2.1s

=== P1E_S1_C1 test[0] k=5  dim=576  frames=249  σ=0.0  fold=0 ===
  BDOSC: k_hat=5  ACC=0.8112  NMI=0.8083  ARI=0.6709  3.9s

=== P1E_S1_C2 test[0] k=5  dim=576  frames=231  σ=0.0  fold=0 ===
  BDOSC: k_hat=5  ACC=0.8528  NMI=0.8034  ARI=0.6848  3.3s

=== P1E_S1_C3 test[0] k=5  dim=576  frames=98  σ=0.0  fold=0 ===
  BDOSC: k_hat=5  ACC=0.9592  NMI=0.9173  ARI=0.9022  0.7s

=== P1E_S2_C1 test[0] k=5  dim=576  frames=268  σ=0.0  fold=0 ===
  BDOSC: k_hat=5  ACC=0.9067  NMI=0.8847  ARI=0.8065  4.2s

=== P1E_S2_C2 test[0] k=5  dim=576  frames=223  σ=0.0  fold=0 ===
  BDOSC: k_hat=5  ACC=0.9103  NMI=0.8426  ARI=0.7814  3.1s

=== P1E_S2_C3 test[0] k=5  dim=576  frames=173  σ=0.0  fold=0 ===
  BDOSC: k_hat=5  ACC=0.9827  NMI=0.9503  ARI=0.9563  1.9s

=== P1E_S3_C1 test[0] k=5  dim=576  frames=258  σ=0.0  fold=0 ===
  BDOSC: k_hat=5  ACC=0.4884  NMI=0.6282  ARI=0.3660  4.3s

=== P1E_S3_C2 test[0] k=5  dim=576  frames=232  σ=0.0  fold=0 ===
  BDOSC: k_hat=5  ACC=0.8879  NMI=0.8032  ARI=0.7338  3.3s

=== P1E_S3_C3 test[0] k=5  dim=576  frames=170  σ=0.0  fold=0 ===
  BDOSC: k_hat=5  ACC=0.9824  NMI=0.9549  ARI=0.9564  1.8s

=== P1E_S4_C1 test[0] k=5  dim=576  frames=231  σ=0.0  fold=0 ===
  BDOSC: k_hat=5  ACC=0.8571  NMI=0.7754  ARI=0.6640  3.3s

=== P1E_S4_C2 test[0] k=5  dim=576  frames=201  σ=0.0  fold=0 ===
  BDOSC: k_hat=5  ACC=0.9502  NMI=0.8936  ARI=0.8793  2.5s

=== P1E_S4_C3 test[0] k=5  dim=576  frames=132  σ=0.0  fold=0 ===
  BDOSC: k_hat=5  ACC=0.9091  NMI=0.8362  ARI=0.7941  1.1s

=== P1L_S1_C1 test[0] k=5  dim=576  frames=289  σ=0.0  fold=0 ===
  BDOSC: k_hat=5  ACC=0.6436  NMI=0.7094  ARI=0.5238  5.3s

=== P1L_S1_C2 test[0] k=5  dim=576  frames=286  σ=0.0  fold=0 ===
  BDOSC: k_hat=5  ACC=0.8846  NMI=0.8586  ARI=0.7421  5.3s

=== P1L_S1_C3 test[0] k=5  dim=576  frames=108  σ=0.0  fold=0 ===
  BDOSC: k_hat=5  ACC=0.7222  NMI=0.8162  ARI=0.7089  0.7s

=== P1L_S2_C1 test[0] k=5  dim=576  frames=348  σ=0.0  fold=0 ===
  BDOSC: k_hat=5  ACC=0.7126  NMI=0.6999  ARI=0.5534  8.1s

=== P1L_S2_C2 test[0] k=5  dim=576  frames=300  σ=0.0  fold=0 ===
  BDOSC: k_hat=5  ACC=0.8600  NMI=0.7905  ARI=0.6619  5.5s

=== P1L_S2_C3 test[0] k=5  dim=576  frames=191  σ=0.0  fold=0 ===
  BDOSC: k_hat=5  ACC=0.9895  NMI=0.9727  ARI=0.9709  2.2s

=== P1L_S3_C1 test[0] k=5  dim=576  frames=246  σ=0.0  fold=0 ===
  BDOSC: k_hat=5  ACC=0.4959  NMI=0.6330  ARI=0.3584  3.8s

=== P1L_S3_C2 test[0] k=5  dim=576  frames=262  σ=0.0  fold=0 ===
  BDOSC: k_hat=5  ACC=0.7099  NMI=0.6875  ARI=0.4916  4.3s

=== P1L_S3_C3 test[0] k=5  dim=576  frames=231  σ=0.0  fold=0 ===
  BDOSC: k_hat=5  ACC=0.8658  NMI=0.8136  ARI=0.6793  3.3s

=== P1L_S4_C1 test[0] k=5  dim=576  frames=313  σ=0.0  fold=0 ===
  BDOSC: k_hat=5  ACC=0.6486  NMI=0.6582  ARI=0.4857  6.4s

=== P1L_S4_C2 test[0] k=5  dim=576  frames=267  σ=0.0  fold=0 ===
  BDOSC: k_hat=5  ACC=0.8614  NMI=0.8405  ARI=0.7606  4.5s

=== P1L_S4_C3 test[0] k=5  dim=576  frames=180  σ=0.0  fold=0 ===
  BDOSC: k_hat=5  ACC=0.9278  NMI=0.8680  ARI=0.8183  2.0s

============================================================
σ=0.0 fold=1  test=['0004', '0009', '0019', '0025', '0026']  train mats=96  test mats=24
  BDOSC: skip tuning, fixed lambda_1=0.2, lambda_2=1, gamma_1=0.01, p=1.1, max_iter=50
  wrote /nfs/turbo/umms-minjilab/lpullela/icassp_ssc_tv2/block_ssc_benchmark/cv/params/surveillance/split_k5_clean_min30_trials20_knownk_scaled_params_cv_bdosc_k5_sigma0_sigma0_fold1.json

=== P1E_S1_C1 train[0] k=5  dim=576  frames=249  σ=0.0  fold=1 ===
  BDOSC: k_hat=5  ACC=0.8112  NMI=0.8083  ARI=0.6709  3.9s

=== P1E_S1_C1 train[1] k=5  dim=576  frames=265  σ=0.0  fold=1 ===
  BDOSC: k_hat=5  ACC=0.8340  NMI=0.7842  ARI=0.6694  4.4s

=== P1E_S1_C1 train[2] k=5  dim=576  frames=242  σ=0.0  fold=1 ===
  BDOSC: k_hat=5  ACC=0.6529  NMI=0.7082  ARI=0.5514  3.7s

=== P1E_S1_C1 train[3] k=5  dim=576  frames=268  σ=0.0  fold=1 ===
  BDOSC: k_hat=5  ACC=0.7537  NMI=0.7207  ARI=0.5146  4.3s

=== P1E_S1_C2 train[0] k=5  dim=576  frames=231  σ=0.0  fold=1 ===
  BDOSC: k_hat=5  ACC=0.8528  NMI=0.8034  ARI=0.6848  3.3s

=== P1E_S1_C2 train[1] k=5  dim=576  frames=198  σ=0.0  fold=1 ===
  BDOSC: k_hat=5  ACC=0.8030  NMI=0.7643  ARI=0.6177  2.4s

=== P1E_S1_C2 train[2] k=5  dim=576  frames=199  σ=0.0  fold=1 ===
  BDOSC: k_hat=5  ACC=0.7186  NMI=0.8363  ARI=0.7019  2.5s

=== P1E_S1_C2 train[3] k=5  dim=576  frames=215  σ=0.0  fold=1 ===
  BDOSC: k_hat=5  ACC=0.9628  NMI=0.9177  ARI=0.9129  2.9s

=== P1E_S1_C3 train[0] k=5  dim=576  frames=98  σ=0.0  fold=1 ===
  BDOSC: k_hat=5  ACC=0.9592  NMI=0.9173  ARI=0.9022  0.7s

=== P1E_S1_C3 train[1] k=5  dim=576  frames=68  σ=0.0  fold=1 ===
  BDOSC: k_hat=5  ACC=0.7206  NMI=0.7713  ARI=0.6209  0.4s

=== P1E_S1_C3 train[2] k=5  dim=576  frames=87  σ=0.0  fold=1 ===
  BDOSC: k_hat=5  ACC=0.9310  NMI=0.8756  ARI=0.8451  0.6s

=== P1E_S1_C3 train[3] k=5  dim=576  frames=107  σ=0.0  fold=1 ===
  BDOSC: k_hat=5  ACC=0.9159  NMI=0.8393  ARI=0.8053  0.8s

=== P1E_S2_C1 train[0] k=5  dim=576  frames=268  σ=0.0  fold=1 ===
  BDOSC: k_hat=5  ACC=0.9067  NMI=0.8847  ARI=0.8065  4.3s

=== P1E_S2_C1 train[1] k=5  dim=576  frames=265  σ=0.0  fold=1 ===
  BDOSC: k_hat=5  ACC=0.8717  NMI=0.8107  ARI=0.7639  4.4s

=== P1E_S2_C1 train[2] k=5  dim=576  frames=232  σ=0.0  fold=1 ===
  BDOSC: k_hat=5  ACC=0.6293  NMI=0.6925  ARI=0.5198  3.3s

=== P1E_S2_C1 train[3] k=5  dim=576  frames=241  σ=0.0  fold=1 ===
  BDOSC: k_hat=5  ACC=0.8963  NMI=0.8709  ARI=0.7889  3.7s

=== P1E_S2_C2 train[0] k=5  dim=576  frames=223  σ=0.0  fold=1 ===
  BDOSC: k_hat=5  ACC=0.9103  NMI=0.8426  ARI=0.7814  3.1s

=== P1E_S2_C2 train[1] k=5  dim=576  frames=219  σ=0.0  fold=1 ===
  BDOSC: k_hat=5  ACC=0.8995  NMI=0.8309  ARI=0.7666  3.0s

=== P1E_S2_C2 train[2] k=5  dim=576  frames=192  σ=0.0  fold=1 ===
  BDOSC: k_hat=5  ACC=0.8958  NMI=0.8491  ARI=0.7792  2.3s

=== P1E_S2_C2 train[3] k=5  dim=576  frames=212  σ=0.0  fold=1 ===
  BDOSC: k_hat=5  ACC=0.9057  NMI=0.8337  ARI=0.7899  2.8s

=== P1E_S2_C3 train[0] k=5  dim=576  frames=173  σ=0.0  fold=1 ===
  BDOSC: k_hat=5  ACC=0.9827  NMI=0.9503  ARI=0.9563  1.9s

=== P1E_S2_C3 train[1] k=5  dim=576  frames=173  σ=0.0  fold=1 ===
  BDOSC: k_hat=5  ACC=0.6879  NMI=0.8017  ARI=0.6393  1.9s

=== P1E_S2_C3 train[2] k=5  dim=576  frames=160  σ=0.0  fold=1 ===
  BDOSC: k_hat=5  ACC=0.8812  NMI=0.8275  ARI=0.7842  1.6s

=== P1E_S2_C3 train[3] k=5  dim=576  frames=154  σ=0.0  fold=1 ===
  BDOSC: k_hat=5  ACC=0.9740  NMI=0.9341  ARI=0.9362  1.5s

=== P1E_S3_C1 train[0] k=5  dim=576  frames=258  σ=0.0  fold=1 ===
  BDOSC: k_hat=5  ACC=0.4884  NMI=0.6282  ARI=0.3660  4.3s

=== P1E_S3_C1 train[1] k=5  dim=576  frames=273  σ=0.0  fold=1 ===
  BDOSC: k_hat=5  ACC=0.6337  NMI=0.6752  ARI=0.4474  4.8s

=== P1E_S3_C1 train[2] k=5  dim=576  frames=250  σ=0.0  fold=1 ===
  BDOSC: k_hat=5  ACC=0.7080  NMI=0.8246  ARI=0.6590  3.9s

=== P1E_S3_C1 train[3] k=5  dim=576  frames=237  σ=0.0  fold=1 ===
  BDOSC: k_hat=5  ACC=0.6540  NMI=0.7563  ARI=0.5580  3.6s

=== P1E_S3_C2 train[0] k=5  dim=576  frames=232  σ=0.0  fold=1 ===
  BDOSC: k_hat=5  ACC=0.8879  NMI=0.8032  ARI=0.7338  3.3s

=== P1E_S3_C2 train[1] k=5  dim=576  frames=280  σ=0.0  fold=1 ===
  BDOSC: k_hat=5  ACC=0.8536  NMI=0.7884  ARI=0.7201  5.0s

=== P1E_S3_C2 train[2] k=5  dim=576  frames=222  σ=0.0  fold=1 ===
  BDOSC: k_hat=5  ACC=0.7027  NMI=0.7705  ARI=0.6220  3.1s

=== P1E_S3_C2 train[3] k=5  dim=576  frames=188  σ=0.0  fold=1 ===
  BDOSC: k_hat=5  ACC=0.6862  NMI=0.8113  ARI=0.6288  2.2s

=== P1E_S3_C3 train[0] k=5  dim=576  frames=170  σ=0.0  fold=1 ===
  BDOSC: k_hat=5  ACC=0.9824  NMI=0.9549  ARI=0.9564  1.8s

=== P1E_S3_C3 train[1] k=5  dim=576  frames=211  σ=0.0  fold=1 ===
  BDOSC: k_hat=5  ACC=0.8957  NMI=0.8493  ARI=0.7891  2.8s

=== P1E_S3_C3 train[2] k=5  dim=576  frames=167  σ=0.0  fold=1 ===
  BDOSC: k_hat=5  ACC=0.9401  NMI=0.8844  ARI=0.8758  1.8s

=== P1E_S3_C3 train[3] k=5  dim=576  frames=168  σ=0.0  fold=1 ===
  BDOSC: k_hat=5  ACC=1.0000  NMI=1.0000  ARI=1.0000  1.7s

=== P1E_S4_C1 train[0] k=5  dim=576  frames=231  σ=0.0  fold=1 ===
  BDOSC: k_hat=5  ACC=0.8571  NMI=0.7754  ARI=0.6640  3.3s

=== P1E_S4_C1 train[1] k=5  dim=576  frames=303  σ=0.0  fold=1 ===
  BDOSC: k_hat=5  ACC=0.7591  NMI=0.7284  ARI=0.5968  6.0s

=== P1E_S4_C1 train[2] k=5  dim=576  frames=248  σ=0.0  fold=1 ===
  BDOSC: k_hat=5  ACC=0.6935  NMI=0.7343  ARI=0.6150  3.7s

=== P1E_S4_C1 train[3] k=5  dim=576  frames=217  σ=0.0  fold=1 ===
  BDOSC: k_hat=5  ACC=0.9217  NMI=0.8630  ARI=0.8320  2.9s

=== P1E_S4_C2 train[0] k=5  dim=576  frames=201  σ=0.0  fold=1 ===
  BDOSC: k_hat=5  ACC=0.9502  NMI=0.8936  ARI=0.8793  2.5s

=== P1E_S4_C2 train[1] k=5  dim=576  frames=236  σ=0.0  fold=1 ===
  BDOSC: k_hat=5  ACC=0.9831  NMI=0.9563  ARI=0.9549  3.3s

=== P1E_S4_C2 train[2] k=5  dim=576  frames=223  σ=0.0  fold=1 ===
  BDOSC: k_hat=5  ACC=0.9372  NMI=0.8738  ARI=0.8575  3.1s

=== P1E_S4_C2 train[3] k=5  dim=576  frames=198  σ=0.0  fold=1 ===
  BDOSC: k_hat=5  ACC=0.8939  NMI=0.8535  ARI=0.7696  2.4s

=== P1E_S4_C3 train[0] k=5  dim=576  frames=132  σ=0.0  fold=1 ===
  BDOSC: k_hat=5  ACC=0.9091  NMI=0.8362  ARI=0.7941  1.1s

=== P1E_S4_C3 train[1] k=5  dim=576  frames=147  σ=0.0  fold=1 ===
  BDOSC: k_hat=5  ACC=0.8095  NMI=0.7660  ARI=0.6667  1.4s

=== P1E_S4_C3 train[2] k=5  dim=576  frames=141  σ=0.0  fold=1 ===
  BDOSC: k_hat=5  ACC=0.9007  NMI=0.8401  ARI=0.7687  1.2s

=== P1E_S4_C3 train[3] k=5  dim=576  frames=147  σ=0.0  fold=1 ===
  BDOSC: k_hat=5  ACC=1.0000  NMI=1.0000  ARI=1.0000  1.4s

=== P1L_S1_C1 train[0] k=5  dim=576  frames=289  σ=0.0  fold=1 ===
  BDOSC: k_hat=5  ACC=0.6436  NMI=0.7094  ARI=0.5238  5.3s

=== P1L_S1_C1 train[1] k=5  dim=576  frames=313  σ=0.0  fold=1 ===
  BDOSC: k_hat=5  ACC=0.7540  NMI=0.6715  ARI=0.5020  6.4s

=== P1L_S1_C1 train[2] k=5  dim=576  frames=239  σ=0.0  fold=1 ===
  BDOSC: k_hat=5  ACC=0.5774  NMI=0.6316  ARI=0.4262  3.7s

=== P1L_S1_C1 train[3] k=5  dim=576  frames=285  σ=0.0  fold=1 ===
  BDOSC: k_hat=5  ACC=0.8982  NMI=0.8529  ARI=0.7704  5.3s

=== P1L_S1_C2 train[0] k=5  dim=576  frames=286  σ=0.0  fold=1 ===
  BDOSC: k_hat=5  ACC=0.8846  NMI=0.8586  ARI=0.7421  5.3s

=== P1L_S1_C2 train[1] k=5  dim=576  frames=257  σ=0.0  fold=1 ===
  BDOSC: k_hat=5  ACC=0.9222  NMI=0.8723  ARI=0.8142  4.4s

=== P1L_S1_C2 train[2] k=5  dim=576  frames=260  σ=0.0  fold=1 ===
  BDOSC: k_hat=5  ACC=0.8077  NMI=0.7489  ARI=0.6292  4.3s

=== P1L_S1_C2 train[3] k=5  dim=576  frames=270  σ=0.0  fold=1 ===
  BDOSC: k_hat=5  ACC=0.7185  NMI=0.7985  ARI=0.6628  4.6s

=== P1L_S1_C3 train[0] k=5  dim=576  frames=108  σ=0.0  fold=1 ===
  BDOSC: k_hat=5  ACC=0.7222  NMI=0.8162  ARI=0.7089  0.8s

=== P1L_S1_C3 train[1] k=5  dim=576  frames=117  σ=0.0  fold=1 ===
  BDOSC: k_hat=5  ACC=0.8376  NMI=0.7987  ARI=0.7223  0.9s

=== P1L_S1_C3 train[2] k=5  dim=576  frames=101  σ=0.0  fold=1 ===
  BDOSC: k_hat=5  ACC=0.8416  NMI=0.8216  ARI=0.7125  0.7s

=== P1L_S1_C3 train[3] k=5  dim=576  frames=124  σ=0.0  fold=1 ===
  BDOSC: k_hat=5  ACC=0.7742  NMI=0.8044  ARI=0.6899  0.9s

=== P1L_S2_C1 train[0] k=5  dim=576  frames=348  σ=0.0  fold=1 ===
  BDOSC: k_hat=5  ACC=0.7126  NMI=0.6999  ARI=0.5534  8.1s

=== P1L_S2_C1 train[1] k=5  dim=576  frames=301  σ=0.0  fold=1 ===
  BDOSC: k_hat=5  ACC=0.7309  NMI=0.7159  ARI=0.5700  5.8s

=== P1L_S2_C1 train[2] k=5  dim=576  frames=275  σ=0.0  fold=1 ===
  BDOSC: k_hat=5  ACC=0.7309  NMI=0.8133  ARI=0.7114  4.8s

=== P1L_S2_C1 train[3] k=5  dim=576  frames=265  σ=0.0  fold=1 ===
  BDOSC: k_hat=5  ACC=0.7660  NMI=0.8308  ARI=0.7330  4.4s

=== P1L_S2_C2 train[0] k=5  dim=576  frames=300  σ=0.0  fold=1 ===
  BDOSC: k_hat=5  ACC=0.8600  NMI=0.7905  ARI=0.6619  5.5s

=== P1L_S2_C2 train[1] k=5  dim=576  frames=314  σ=0.0  fold=1 ===
  BDOSC: k_hat=5  ACC=0.6369  NMI=0.6959  ARI=0.5110  6.3s

=== P1L_S2_C2 train[2] k=5  dim=576  frames=301  σ=0.0  fold=1 ===
  BDOSC: k_hat=5  ACC=0.7209  NMI=0.6712  ARI=0.4895  5.8s

=== P1L_S2_C2 train[3] k=5  dim=576  frames=222  σ=0.0  fold=1 ===
  BDOSC: k_hat=5  ACC=0.8559  NMI=0.8190  ARI=0.7145  3.1s

=== P1L_S2_C3 train[0] k=5  dim=576  frames=191  σ=0.0  fold=1 ===
  BDOSC: k_hat=5  ACC=0.9895  NMI=0.9727  ARI=0.9709  2.2s

=== P1L_S2_C3 train[1] k=5  dim=576  frames=193  σ=0.0  fold=1 ===
  BDOSC: k_hat=5  ACC=0.9119  NMI=0.8810  ARI=0.7988  2.2s

=== P1L_S2_C3 train[2] k=5  dim=576  frames=175  σ=0.0  fold=1 ===
  BDOSC: k_hat=5  ACC=0.9429  NMI=0.8800  ARI=0.8592  1.9s

=== P1L_S2_C3 train[3] k=5  dim=576  frames=179  σ=0.0  fold=1 ===
  BDOSC: k_hat=5  ACC=0.9665  NMI=0.9171  ARI=0.9249  1.9s

=== P1L_S3_C1 train[0] k=5  dim=576  frames=246  σ=0.0  fold=1 ===
  BDOSC: k_hat=5  ACC=0.4959  NMI=0.6330  ARI=0.3584  3.8s

=== P1L_S3_C1 train[1] k=5  dim=576  frames=241  σ=0.0  fold=1 ===
  BDOSC: k_hat=5  ACC=0.6515  NMI=0.6665  ARI=0.4586  3.7s

=== P1L_S3_C1 train[2] k=5  dim=576  frames=312  σ=0.0  fold=1 ===
  BDOSC: k_hat=5  ACC=0.6603  NMI=0.7726  ARI=0.6067  6.3s

=== P1L_S3_C1 train[3] k=5  dim=576  frames=241  σ=0.0  fold=1 ===
  BDOSC: k_hat=5  ACC=0.7178  NMI=0.8408  ARI=0.7116  3.7s

=== P1L_S3_C2 train[0] k=5  dim=576  frames=262  σ=0.0  fold=1 ===
  BDOSC: k_hat=5  ACC=0.7099  NMI=0.6875  ARI=0.4916  4.3s

=== P1L_S3_C2 train[1] k=5  dim=576  frames=304  σ=0.0  fold=1 ===
  BDOSC: k_hat=5  ACC=0.6645  NMI=0.7199  ARI=0.6039  5.9s

=== P1L_S3_C2 train[2] k=5  dim=576  frames=329  σ=0.0  fold=1 ===
  BDOSC: k_hat=5  ACC=0.6900  NMI=0.6866  ARI=0.5133  7.1s

=== P1L_S3_C2 train[3] k=5  dim=576  frames=290  σ=0.0  fold=1 ===
  BDOSC: k_hat=5  ACC=0.6483  NMI=0.7132  ARI=0.5106  5.4s

=== P1L_S3_C3 train[0] k=5  dim=576  frames=231  σ=0.0  fold=1 ===
  BDOSC: k_hat=5  ACC=0.8658  NMI=0.8136  ARI=0.6793  3.3s

=== P1L_S3_C3 train[1] k=5  dim=576  frames=225  σ=0.0  fold=1 ===
  BDOSC: k_hat=5  ACC=0.9022  NMI=0.8477  ARI=0.7995  3.2s

=== P1L_S3_C3 train[2] k=5  dim=576  frames=210  σ=0.0  fold=1 ===
  BDOSC: k_hat=5  ACC=0.8667  NMI=0.8055  ARI=0.7070  2.7s

=== P1L_S3_C3 train[3] k=5  dim=576  frames=229  σ=0.0  fold=1 ===
  BDOSC: k_hat=5  ACC=0.8559  NMI=0.8231  ARI=0.6950  3.3s

=== P1L_S4_C1 train[0] k=5  dim=576  frames=313  σ=0.0  fold=1 ===
  BDOSC: k_hat=5  ACC=0.6486  NMI=0.6582  ARI=0.4857  6.4s

=== P1L_S4_C1 train[1] k=5  dim=576  frames=253  σ=0.0  fold=1 ===
  BDOSC: k_hat=5  ACC=0.9051  NMI=0.8513  ARI=0.8128  4.1s

=== P1L_S4_C1 train[2] k=5  dim=576  frames=278  σ=0.0  fold=1 ===
  BDOSC: k_hat=5  ACC=0.8633  NMI=0.8222  ARI=0.7044  4.9s

=== P1L_S4_C1 train[3] k=5  dim=576  frames=344  σ=0.0  fold=1 ===
  BDOSC: k_hat=5  ACC=0.7035  NMI=0.8139  ARI=0.6681  7.8s

=== P1L_S4_C2 train[0] k=5  dim=576  frames=267  σ=0.0  fold=1 ===
  BDOSC: k_hat=5  ACC=0.8614  NMI=0.8405  ARI=0.7606  4.5s

=== P1L_S4_C2 train[1] k=5  dim=576  frames=279  σ=0.0  fold=1 ===
  BDOSC: k_hat=5  ACC=0.5878  NMI=0.6760  ARI=0.4889  5.0s

=== P1L_S4_C2 train[2] k=5  dim=576  frames=258  σ=0.0  fold=1 ===
  BDOSC: k_hat=5  ACC=0.6550  NMI=0.7287  ARI=0.5671  4.3s

=== P1L_S4_C2 train[3] k=5  dim=576  frames=266  σ=0.0  fold=1 ===
  BDOSC: k_hat=5  ACC=0.7820  NMI=0.7098  ARI=0.5362  4.4s

=== P1L_S4_C3 train[0] k=5  dim=576  frames=180  σ=0.0  fold=1 ===
  BDOSC: k_hat=5  ACC=0.9278  NMI=0.8680  ARI=0.8183  2.0s

=== P1L_S4_C3 train[1] k=5  dim=576  frames=188  σ=0.0  fold=1 ===
  BDOSC: k_hat=5  ACC=0.6223  NMI=0.7066  ARI=0.5341  2.2s

=== P1L_S4_C3 train[2] k=5  dim=576  frames=169  σ=0.0  fold=1 ===
  BDOSC: k_hat=5  ACC=0.7041  NMI=0.8275  ARI=0.6770  1.8s

=== P1L_S4_C3 train[3] k=5  dim=576  frames=185  σ=0.0  fold=1 ===
  BDOSC: k_hat=5  ACC=0.9892  NMI=0.9741  ARI=0.9749  2.1s

=== P1E_S1_C1 test[0] k=5  dim=576  frames=212  σ=0.0  fold=1 ===
  BDOSC: k_hat=5  ACC=0.8868  NMI=0.8030  ARI=0.7534  2.8s

=== P1E_S1_C2 test[0] k=5  dim=576  frames=188  σ=0.0  fold=1 ===
  BDOSC: k_hat=5  ACC=0.9096  NMI=0.8455  ARI=0.7742  2.1s

=== P1E_S1_C3 test[0] k=5  dim=576  frames=93  σ=0.0  fold=1 ===
  BDOSC: k_hat=5  ACC=0.9140  NMI=0.8456  ARI=0.7820  0.6s

=== P1E_S2_C1 test[0] k=5  dim=576  frames=250  σ=0.0  fold=1 ===
  BDOSC: k_hat=5  ACC=0.7240  NMI=0.6813  ARI=0.4763  3.9s

=== P1E_S2_C2 test[0] k=5  dim=576  frames=196  σ=0.0  fold=1 ===
  BDOSC: k_hat=5  ACC=0.9796  NMI=0.9492  ARI=0.9494  2.4s

=== P1E_S2_C3 test[0] k=5  dim=576  frames=156  σ=0.0  fold=1 ===
  BDOSC: k_hat=5  ACC=0.9679  NMI=0.9159  ARI=0.9170  1.5s

=== P1E_S3_C1 test[0] k=5  dim=576  frames=237  σ=0.0  fold=1 ===
  BDOSC: k_hat=5  ACC=0.7890  NMI=0.7901  ARI=0.6900  3.6s

=== P1E_S3_C2 test[0] k=5  dim=576  frames=204  σ=0.0  fold=1 ===
  BDOSC: k_hat=5  ACC=0.9510  NMI=0.9042  ARI=0.9004  2.7s

=== P1E_S3_C3 test[0] k=5  dim=576  frames=150  σ=0.0  fold=1 ===
  BDOSC: k_hat=5  ACC=0.9733  NMI=0.9363  ARI=0.9315  1.4s

=== P1E_S4_C1 test[0] k=5  dim=576  frames=248  σ=0.0  fold=1 ===
  BDOSC: k_hat=5  ACC=0.8347  NMI=0.8006  ARI=0.6884  3.7s

=== P1E_S4_C2 test[0] k=5  dim=576  frames=193  σ=0.0  fold=1 ===
  BDOSC: k_hat=5  ACC=0.9845  NMI=0.9553  ARI=0.9631  2.2s

=== P1E_S4_C3 test[0] k=5  dim=576  frames=152  σ=0.0  fold=1 ===
  BDOSC: k_hat=5  ACC=0.9671  NMI=0.9235  ARI=0.9270  1.5s

=== P1L_S1_C1 test[0] k=5  dim=576  frames=265  σ=0.0  fold=1 ===
  BDOSC: k_hat=5  ACC=0.8528  NMI=0.7804  ARI=0.6712  4.4s

=== P1L_S1_C2 test[0] k=5  dim=576  frames=236  σ=0.0  fold=1 ===
  BDOSC: k_hat=5  ACC=0.7246  NMI=0.8110  ARI=0.6796  3.3s

=== P1L_S1_C3 test[0] k=5  dim=576  frames=115  σ=0.0  fold=1 ===
  BDOSC: k_hat=5  ACC=0.9130  NMI=0.8662  ARI=0.7865  0.8s

=== P1L_S2_C1 test[0] k=5  dim=576  frames=281  σ=0.0  fold=1 ===
  BDOSC: k_hat=5  ACC=0.7794  NMI=0.7097  ARI=0.5971  5.1s

=== P1L_S2_C2 test[0] k=5  dim=576  frames=256  σ=0.0  fold=1 ===
  BDOSC: k_hat=5  ACC=0.8672  NMI=0.8559  ARI=0.7991  4.7s

=== P1L_S2_C3 test[0] k=5  dim=576  frames=159  σ=0.0  fold=1 ===
  BDOSC: k_hat=5  ACC=0.9623  NMI=0.9205  ARI=0.9119  1.6s

=== P1L_S3_C1 test[0] k=5  dim=576  frames=289  σ=0.0  fold=1 ===
  BDOSC: k_hat=5  ACC=0.4948  NMI=0.6860  ARI=0.4172  5.3s

=== P1L_S3_C2 test[0] k=5  dim=576  frames=287  σ=0.0  fold=1 ===
  BDOSC: k_hat=5  ACC=0.7875  NMI=0.7724  ARI=0.5829  5.3s

=== P1L_S3_C3 test[0] k=5  dim=576  frames=210  σ=0.0  fold=1 ===
  BDOSC: k_hat=5  ACC=0.9095  NMI=0.8512  ARI=0.8000  2.7s

=== P1L_S4_C1 test[0] k=5  dim=576  frames=255  σ=0.0  fold=1 ===
  BDOSC: k_hat=5  ACC=0.9373  NMI=0.8811  ARI=0.8399  4.2s

=== P1L_S4_C2 test[0] k=5  dim=576  frames=257  σ=0.0  fold=1 ===
  BDOSC: k_hat=5  ACC=0.8093  NMI=0.7517  ARI=0.5990  4.4s

=== P1L_S4_C3 test[0] k=5  dim=576  frames=158  σ=0.0  fold=1 ===
  BDOSC: k_hat=5  ACC=0.9494  NMI=0.8911  ARI=0.8644  1.6s

============================================================
σ=0.0 fold=2  test=['0001', '0005', '0011', '0023', '0024']  train mats=96  test mats=24
  BDOSC: skip tuning, fixed lambda_1=0.2, lambda_2=1, gamma_1=0.01, p=1.1, max_iter=50
  wrote /nfs/turbo/umms-minjilab/lpullela/icassp_ssc_tv2/block_ssc_benchmark/cv/params/surveillance/split_k5_clean_min30_trials20_knownk_scaled_params_cv_bdosc_k5_sigma0_sigma0_fold2.json

=== P1E_S1_C1 train[0] k=5  dim=576  frames=249  σ=0.0  fold=2 ===
  BDOSC: k_hat=5  ACC=0.8112  NMI=0.8083  ARI=0.6709  3.9s

=== P1E_S1_C1 train[1] k=5  dim=576  frames=212  σ=0.0  fold=2 ===
  BDOSC: k_hat=5  ACC=0.8868  NMI=0.8030  ARI=0.7534  2.8s

=== P1E_S1_C1 train[2] k=5  dim=576  frames=242  σ=0.0  fold=2 ===
  BDOSC: k_hat=5  ACC=0.6529  NMI=0.7082  ARI=0.5514  3.7s

=== P1E_S1_C1 train[3] k=5  dim=576  frames=268  σ=0.0  fold=2 ===
  BDOSC: k_hat=5  ACC=0.7537  NMI=0.7207  ARI=0.5146  4.2s

=== P1E_S1_C2 train[0] k=5  dim=576  frames=231  σ=0.0  fold=2 ===
  BDOSC: k_hat=5  ACC=0.8528  NMI=0.8034  ARI=0.6848  3.3s

=== P1E_S1_C2 train[1] k=5  dim=576  frames=188  σ=0.0  fold=2 ===
  BDOSC: k_hat=5  ACC=0.9096  NMI=0.8455  ARI=0.7742  2.1s

=== P1E_S1_C2 train[2] k=5  dim=576  frames=199  σ=0.0  fold=2 ===
  BDOSC: k_hat=5  ACC=0.7186  NMI=0.8363  ARI=0.7019  2.5s

=== P1E_S1_C2 train[3] k=5  dim=576  frames=215  σ=0.0  fold=2 ===
  BDOSC: k_hat=5  ACC=0.9628  NMI=0.9177  ARI=0.9129  2.9s

=== P1E_S1_C3 train[0] k=5  dim=576  frames=98  σ=0.0  fold=2 ===
  BDOSC: k_hat=5  ACC=0.9592  NMI=0.9173  ARI=0.9022  0.7s

=== P1E_S1_C3 train[1] k=5  dim=576  frames=93  σ=0.0  fold=2 ===
  BDOSC: k_hat=5  ACC=0.9140  NMI=0.8456  ARI=0.7820  0.6s

=== P1E_S1_C3 train[2] k=5  dim=576  frames=87  σ=0.0  fold=2 ===
  BDOSC: k_hat=5  ACC=0.9310  NMI=0.8756  ARI=0.8451  0.6s

=== P1E_S1_C3 train[3] k=5  dim=576  frames=107  σ=0.0  fold=2 ===
  BDOSC: k_hat=5  ACC=0.9159  NMI=0.8393  ARI=0.8053  0.8s

=== P1E_S2_C1 train[0] k=5  dim=576  frames=268  σ=0.0  fold=2 ===
  BDOSC: k_hat=5  ACC=0.9067  NMI=0.8847  ARI=0.8065  4.3s

=== P1E_S2_C1 train[1] k=5  dim=576  frames=250  σ=0.0  fold=2 ===
  BDOSC: k_hat=5  ACC=0.7240  NMI=0.6813  ARI=0.4763  3.9s

=== P1E_S2_C1 train[2] k=5  dim=576  frames=232  σ=0.0  fold=2 ===
  BDOSC: k_hat=5  ACC=0.6293  NMI=0.6925  ARI=0.5198  3.3s

=== P1E_S2_C1 train[3] k=5  dim=576  frames=241  σ=0.0  fold=2 ===
  BDOSC: k_hat=5  ACC=0.8963  NMI=0.8709  ARI=0.7889  3.7s

=== P1E_S2_C2 train[0] k=5  dim=576  frames=223  σ=0.0  fold=2 ===
  BDOSC: k_hat=5  ACC=0.9103  NMI=0.8426  ARI=0.7814  3.1s

=== P1E_S2_C2 train[1] k=5  dim=576  frames=196  σ=0.0  fold=2 ===
  BDOSC: k_hat=5  ACC=0.9796  NMI=0.9492  ARI=0.9494  2.4s

=== P1E_S2_C2 train[2] k=5  dim=576  frames=192  σ=0.0  fold=2 ===
  BDOSC: k_hat=5  ACC=0.8958  NMI=0.8491  ARI=0.7792  2.3s

=== P1E_S2_C2 train[3] k=5  dim=576  frames=212  σ=0.0  fold=2 ===
  BDOSC: k_hat=5  ACC=0.9057  NMI=0.8337  ARI=0.7899  2.8s

=== P1E_S2_C3 train[0] k=5  dim=576  frames=173  σ=0.0  fold=2 ===
  BDOSC: k_hat=5  ACC=0.9827  NMI=0.9503  ARI=0.9563  1.8s

=== P1E_S2_C3 train[1] k=5  dim=576  frames=156  σ=0.0  fold=2 ===
  BDOSC: k_hat=5  ACC=0.9679  NMI=0.9159  ARI=0.9170  1.5s

=== P1E_S2_C3 train[2] k=5  dim=576  frames=160  σ=0.0  fold=2 ===
  BDOSC: k_hat=5  ACC=0.8812  NMI=0.8275  ARI=0.7842  1.6s

=== P1E_S2_C3 train[3] k=5  dim=576  frames=154  σ=0.0  fold=2 ===
  BDOSC: k_hat=5  ACC=0.9740  NMI=0.9341  ARI=0.9362  1.4s

=== P1E_S3_C1 train[0] k=5  dim=576  frames=258  σ=0.0  fold=2 ===
  BDOSC: k_hat=5  ACC=0.4884  NMI=0.6282  ARI=0.3660  4.2s

=== P1E_S3_C1 train[1] k=5  dim=576  frames=237  σ=0.0  fold=2 ===
  BDOSC: k_hat=5  ACC=0.7890  NMI=0.7901  ARI=0.6900  3.5s

=== P1E_S3_C1 train[2] k=5  dim=576  frames=250  σ=0.0  fold=2 ===
  BDOSC: k_hat=5  ACC=0.7080  NMI=0.8246  ARI=0.6590  3.9s

=== P1E_S3_C1 train[3] k=5  dim=576  frames=237  σ=0.0  fold=2 ===
  BDOSC: k_hat=5  ACC=0.6540  NMI=0.7563  ARI=0.5580  3.5s

=== P1E_S3_C2 train[0] k=5  dim=576  frames=232  σ=0.0  fold=2 ===
  BDOSC: k_hat=5  ACC=0.8879  NMI=0.8032  ARI=0.7338  3.3s

=== P1E_S3_C2 train[1] k=5  dim=576  frames=204  σ=0.0  fold=2 ===
  BDOSC: k_hat=5  ACC=0.9510  NMI=0.9042  ARI=0.9004  2.7s

=== P1E_S3_C2 train[2] k=5  dim=576  frames=222  σ=0.0  fold=2 ===
  BDOSC: k_hat=5  ACC=0.7027  NMI=0.7705  ARI=0.6220  3.1s

=== P1E_S3_C2 train[3] k=5  dim=576  frames=188  σ=0.0  fold=2 ===
  BDOSC: k_hat=5  ACC=0.6862  NMI=0.8113  ARI=0.6288  2.2s

=== P1E_S3_C3 train[0] k=5  dim=576  frames=170  σ=0.0  fold=2 ===
  BDOSC: k_hat=5  ACC=0.9824  NMI=0.9549  ARI=0.9564  1.8s

=== P1E_S3_C3 train[1] k=5  dim=576  frames=150  σ=0.0  fold=2 ===
  BDOSC: k_hat=5  ACC=0.9733  NMI=0.9363  ARI=0.9315  1.4s

=== P1E_S3_C3 train[2] k=5  dim=576  frames=167  σ=0.0  fold=2 ===
  BDOSC: k_hat=5  ACC=0.9401  NMI=0.8844  ARI=0.8758  1.7s

=== P1E_S3_C3 train[3] k=5  dim=576  frames=168  σ=0.0  fold=2 ===
  BDOSC: k_hat=5  ACC=1.0000  NMI=1.0000  ARI=1.0000  1.7s

=== P1E_S4_C1 train[0] k=5  dim=576  frames=231  σ=0.0  fold=2 ===
  BDOSC: k_hat=5  ACC=0.8571  NMI=0.7754  ARI=0.6640  3.3s

=== P1E_S4_C1 train[1] k=5  dim=576  frames=248  σ=0.0  fold=2 ===
  BDOSC: k_hat=5  ACC=0.8347  NMI=0.8006  ARI=0.6884  3.7s

=== P1E_S4_C1 train[2] k=5  dim=576  frames=248  σ=0.0  fold=2 ===
  BDOSC: k_hat=5  ACC=0.6935  NMI=0.7343  ARI=0.6150  3.7s

=== P1E_S4_C1 train[3] k=5  dim=576  frames=217  σ=0.0  fold=2 ===
  BDOSC: k_hat=5  ACC=0.9217  NMI=0.8630  ARI=0.8320  2.9s

=== P1E_S4_C2 train[0] k=5  dim=576  frames=201  σ=0.0  fold=2 ===
  BDOSC: k_hat=5  ACC=0.9502  NMI=0.8936  ARI=0.8793  2.4s

=== P1E_S4_C2 train[1] k=5  dim=576  frames=193  σ=0.0  fold=2 ===
  BDOSC: k_hat=5  ACC=0.9845  NMI=0.9553  ARI=0.9631  2.2s

=== P1E_S4_C2 train[2] k=5  dim=576  frames=223  σ=0.0  fold=2 ===
  BDOSC: k_hat=5  ACC=0.9372  NMI=0.8738  ARI=0.8575  3.1s

=== P1E_S4_C2 train[3] k=5  dim=576  frames=198  σ=0.0  fold=2 ===
  BDOSC: k_hat=5  ACC=0.8939  NMI=0.8535  ARI=0.7696  2.4s

=== P1E_S4_C3 train[0] k=5  dim=576  frames=132  σ=0.0  fold=2 ===
  BDOSC: k_hat=5  ACC=0.9091  NMI=0.8362  ARI=0.7941  1.1s

=== P1E_S4_C3 train[1] k=5  dim=576  frames=152  σ=0.0  fold=2 ===
  BDOSC: k_hat=5  ACC=0.9671  NMI=0.9235  ARI=0.9270  1.5s

=== P1E_S4_C3 train[2] k=5  dim=576  frames=141  σ=0.0  fold=2 ===
  BDOSC: k_hat=5  ACC=0.9007  NMI=0.8401  ARI=0.7687  1.2s

=== P1E_S4_C3 train[3] k=5  dim=576  frames=147  σ=0.0  fold=2 ===
  BDOSC: k_hat=5  ACC=1.0000  NMI=1.0000  ARI=1.0000  1.4s

=== P1L_S1_C1 train[0] k=5  dim=576  frames=289  σ=0.0  fold=2 ===
  BDOSC: k_hat=5  ACC=0.6436  NMI=0.7094  ARI=0.5238  5.3s

=== P1L_S1_C1 train[1] k=5  dim=576  frames=265  σ=0.0  fold=2 ===
  BDOSC: k_hat=5  ACC=0.8528  NMI=0.7804  ARI=0.6712  4.4s

=== P1L_S1_C1 train[2] k=5  dim=576  frames=239  σ=0.0  fold=2 ===
  BDOSC: k_hat=5  ACC=0.5774  NMI=0.6316  ARI=0.4262  3.6s

=== P1L_S1_C1 train[3] k=5  dim=576  frames=285  σ=0.0  fold=2 ===
  BDOSC: k_hat=5  ACC=0.8982  NMI=0.8529  ARI=0.7704  5.2s

=== P1L_S1_C2 train[0] k=5  dim=576  frames=286  σ=0.0  fold=2 ===
  BDOSC: k_hat=5  ACC=0.8846  NMI=0.8586  ARI=0.7421  5.2s

=== P1L_S1_C2 train[1] k=5  dim=576  frames=236  σ=0.0  fold=2 ===
  BDOSC: k_hat=5  ACC=0.7246  NMI=0.8110  ARI=0.6796  3.3s

=== P1L_S1_C2 train[2] k=5  dim=576  frames=260  σ=0.0  fold=2 ===
  BDOSC: k_hat=5  ACC=0.8077  NMI=0.7489  ARI=0.6292  4.3s

=== P1L_S1_C2 train[3] k=5  dim=576  frames=270  σ=0.0  fold=2 ===
  BDOSC: k_hat=5  ACC=0.7185  NMI=0.7985  ARI=0.6628  4.6s

=== P1L_S1_C3 train[0] k=5  dim=576  frames=108  σ=0.0  fold=2 ===
  BDOSC: k_hat=5  ACC=0.7222  NMI=0.8162  ARI=0.7089  0.7s

=== P1L_S1_C3 train[1] k=5  dim=576  frames=115  σ=0.0  fold=2 ===
  BDOSC: k_hat=5  ACC=0.9130  NMI=0.8662  ARI=0.7865  0.8s

=== P1L_S1_C3 train[2] k=5  dim=576  frames=101  σ=0.0  fold=2 ===
  BDOSC: k_hat=5  ACC=0.8416  NMI=0.8216  ARI=0.7125  0.7s

=== P1L_S1_C3 train[3] k=5  dim=576  frames=124  σ=0.0  fold=2 ===
  BDOSC: k_hat=5  ACC=0.7742  NMI=0.8044  ARI=0.6899  1.0s

=== P1L_S2_C1 train[0] k=5  dim=576  frames=348  σ=0.0  fold=2 ===
  BDOSC: k_hat=5  ACC=0.7126  NMI=0.6999  ARI=0.5534  8.1s

=== P1L_S2_C1 train[1] k=5  dim=576  frames=281  σ=0.0  fold=2 ===
  BDOSC: k_hat=5  ACC=0.7794  NMI=0.7097  ARI=0.5971  5.1s

=== P1L_S2_C1 train[2] k=5  dim=576  frames=275  σ=0.0  fold=2 ===
  BDOSC: k_hat=5  ACC=0.7309  NMI=0.8133  ARI=0.7114  4.8s

=== P1L_S2_C1 train[3] k=5  dim=576  frames=265  σ=0.0  fold=2 ===
  BDOSC: k_hat=5  ACC=0.7660  NMI=0.8308  ARI=0.7330  4.4s

=== P1L_S2_C2 train[0] k=5  dim=576  frames=300  σ=0.0  fold=2 ===
  BDOSC: k_hat=5  ACC=0.8600  NMI=0.7905  ARI=0.6619  5.4s

=== P1L_S2_C2 train[1] k=5  dim=576  frames=256  σ=0.0  fold=2 ===
  BDOSC: k_hat=5  ACC=0.8672  NMI=0.8559  ARI=0.7991  4.7s

=== P1L_S2_C2 train[2] k=5  dim=576  frames=301  σ=0.0  fold=2 ===
  BDOSC: k_hat=5  ACC=0.7209  NMI=0.6712  ARI=0.4895  5.8s

=== P1L_S2_C2 train[3] k=5  dim=576  frames=222  σ=0.0  fold=2 ===
  BDOSC: k_hat=5  ACC=0.8559  NMI=0.8190  ARI=0.7145  3.1s

=== P1L_S2_C3 train[0] k=5  dim=576  frames=191  σ=0.0  fold=2 ===
  BDOSC: k_hat=5  ACC=0.9895  NMI=0.9727  ARI=0.9709  2.2s

=== P1L_S2_C3 train[1] k=5  dim=576  frames=159  σ=0.0  fold=2 ===
  BDOSC: k_hat=5  ACC=0.9623  NMI=0.9205  ARI=0.9119  1.6s

=== P1L_S2_C3 train[2] k=5  dim=576  frames=175  σ=0.0  fold=2 ===
  BDOSC: k_hat=5  ACC=0.9429  NMI=0.8800  ARI=0.8592  1.9s

=== P1L_S2_C3 train[3] k=5  dim=576  frames=179  σ=0.0  fold=2 ===
  BDOSC: k_hat=5  ACC=0.9665  NMI=0.9171  ARI=0.9249  1.9s

=== P1L_S3_C1 train[0] k=5  dim=576  frames=246  σ=0.0  fold=2 ===
  BDOSC: k_hat=5  ACC=0.4959  NMI=0.6330  ARI=0.3584  3.7s

=== P1L_S3_C1 train[1] k=5  dim=576  frames=289  σ=0.0  fold=2 ===
  BDOSC: k_hat=5  ACC=0.4948  NMI=0.6860  ARI=0.4172  5.3s

=== P1L_S3_C1 train[2] k=5  dim=576  frames=312  σ=0.0  fold=2 ===
  BDOSC: k_hat=5  ACC=0.6603  NMI=0.7726  ARI=0.6067  6.2s

=== P1L_S3_C1 train[3] k=5  dim=576  frames=241  σ=0.0  fold=2 ===
  BDOSC: k_hat=5  ACC=0.7178  NMI=0.8408  ARI=0.7116  3.7s

=== P1L_S3_C2 train[0] k=5  dim=576  frames=262  σ=0.0  fold=2 ===
  BDOSC: k_hat=5  ACC=0.7099  NMI=0.6875  ARI=0.4916  4.3s

=== P1L_S3_C2 train[1] k=5  dim=576  frames=287  σ=0.0  fold=2 ===
  BDOSC: k_hat=5  ACC=0.7875  NMI=0.7724  ARI=0.5829  5.3s

=== P1L_S3_C2 train[2] k=5  dim=576  frames=329  σ=0.0  fold=2 ===
  BDOSC: k_hat=5  ACC=0.6900  NMI=0.6866  ARI=0.5133  7.0s

=== P1L_S3_C2 train[3] k=5  dim=576  frames=290  σ=0.0  fold=2 ===
  BDOSC: k_hat=5  ACC=0.6483  NMI=0.7132  ARI=0.5106  5.4s

=== P1L_S3_C3 train[0] k=5  dim=576  frames=231  σ=0.0  fold=2 ===
  BDOSC: k_hat=5  ACC=0.8658  NMI=0.8136  ARI=0.6793  3.3s

=== P1L_S3_C3 train[1] k=5  dim=576  frames=210  σ=0.0  fold=2 ===
  BDOSC: k_hat=5  ACC=0.9095  NMI=0.8512  ARI=0.8000  2.7s

=== P1L_S3_C3 train[2] k=5  dim=576  frames=210  σ=0.0  fold=2 ===
  BDOSC: k_hat=5  ACC=0.8667  NMI=0.8055  ARI=0.7070  2.7s

=== P1L_S3_C3 train[3] k=5  dim=576  frames=229  σ=0.0  fold=2 ===
  BDOSC: k_hat=5  ACC=0.8559  NMI=0.8231  ARI=0.6950  3.3s

=== P1L_S4_C1 train[0] k=5  dim=576  frames=313  σ=0.0  fold=2 ===
  BDOSC: k_hat=5  ACC=0.6486  NMI=0.6582  ARI=0.4857  6.3s

=== P1L_S4_C1 train[1] k=5  dim=576  frames=255  σ=0.0  fold=2 ===
  BDOSC: k_hat=5  ACC=0.9373  NMI=0.8811  ARI=0.8399  4.2s

=== P1L_S4_C1 train[2] k=5  dim=576  frames=278  σ=0.0  fold=2 ===
  BDOSC: k_hat=5  ACC=0.8633  NMI=0.8222  ARI=0.7044  4.9s

=== P1L_S4_C1 train[3] k=5  dim=576  frames=344  σ=0.0  fold=2 ===
  BDOSC: k_hat=5  ACC=0.7035  NMI=0.8139  ARI=0.6681  7.7s

=== P1L_S4_C2 train[0] k=5  dim=576  frames=267  σ=0.0  fold=2 ===
  BDOSC: k_hat=5  ACC=0.8614  NMI=0.8405  ARI=0.7606  4.5s

=== P1L_S4_C2 train[1] k=5  dim=576  frames=257  σ=0.0  fold=2 ===
  BDOSC: k_hat=5  ACC=0.8093  NMI=0.7517  ARI=0.5990  4.4s

=== P1L_S4_C2 train[2] k=5  dim=576  frames=258  σ=0.0  fold=2 ===
  BDOSC: k_hat=5  ACC=0.6550  NMI=0.7287  ARI=0.5671  4.2s

=== P1L_S4_C2 train[3] k=5  dim=576  frames=266  σ=0.0  fold=2 ===
  BDOSC: k_hat=5  ACC=0.7820  NMI=0.7098  ARI=0.5362  4.4s

=== P1L_S4_C3 train[0] k=5  dim=576  frames=180  σ=0.0  fold=2 ===
  BDOSC: k_hat=5  ACC=0.9278  NMI=0.8680  ARI=0.8183  2.0s

=== P1L_S4_C3 train[1] k=5  dim=576  frames=158  σ=0.0  fold=2 ===
  BDOSC: k_hat=5  ACC=0.9494  NMI=0.8911  ARI=0.8644  1.6s

=== P1L_S4_C3 train[2] k=5  dim=576  frames=169  σ=0.0  fold=2 ===
  BDOSC: k_hat=5  ACC=0.7041  NMI=0.8275  ARI=0.6770  1.8s

=== P1L_S4_C3 train[3] k=5  dim=576  frames=185  σ=0.0  fold=2 ===
  BDOSC: k_hat=5  ACC=0.9892  NMI=0.9741  ARI=0.9749  2.1s

=== P1E_S1_C1 test[0] k=5  dim=576  frames=265  σ=0.0  fold=2 ===
  BDOSC: k_hat=5  ACC=0.8340  NMI=0.7842  ARI=0.6694  4.3s

=== P1E_S1_C2 test[0] k=5  dim=576  frames=198  σ=0.0  fold=2 ===
  BDOSC: k_hat=5  ACC=0.8030  NMI=0.7643  ARI=0.6177  2.4s

=== P1E_S1_C3 test[0] k=5  dim=576  frames=68  σ=0.0  fold=2 ===
  BDOSC: k_hat=5  ACC=0.7206  NMI=0.7713  ARI=0.6209  0.4s

=== P1E_S2_C1 test[0] k=5  dim=576  frames=265  σ=0.0  fold=2 ===
  BDOSC: k_hat=5  ACC=0.8717  NMI=0.8107  ARI=0.7639  4.3s

=== P1E_S2_C2 test[0] k=5  dim=576  frames=219  σ=0.0  fold=2 ===
  BDOSC: k_hat=5  ACC=0.8995  NMI=0.8309  ARI=0.7666  3.0s

=== P1E_S2_C3 test[0] k=5  dim=576  frames=173  σ=0.0  fold=2 ===
  BDOSC: k_hat=5  ACC=0.6879  NMI=0.8017  ARI=0.6393  1.8s

=== P1E_S3_C1 test[0] k=5  dim=576  frames=273  σ=0.0  fold=2 ===
  BDOSC: k_hat=5  ACC=0.6337  NMI=0.6752  ARI=0.4474  4.8s

=== P1E_S3_C2 test[0] k=5  dim=576  frames=280  σ=0.0  fold=2 ===
  BDOSC: k_hat=5  ACC=0.8536  NMI=0.7884  ARI=0.7201  4.9s

=== P1E_S3_C3 test[0] k=5  dim=576  frames=211  σ=0.0  fold=2 ===
  BDOSC: k_hat=5  ACC=0.8957  NMI=0.8493  ARI=0.7891  2.7s

=== P1E_S4_C1 test[0] k=5  dim=576  frames=303  σ=0.0  fold=2 ===
  BDOSC: k_hat=5  ACC=0.7591  NMI=0.7284  ARI=0.5968  5.9s

=== P1E_S4_C2 test[0] k=5  dim=576  frames=236  σ=0.0  fold=2 ===
  BDOSC: k_hat=5  ACC=0.9831  NMI=0.9563  ARI=0.9549  3.3s

=== P1E_S4_C3 test[0] k=5  dim=576  frames=147  σ=0.0  fold=2 ===
  BDOSC: k_hat=5  ACC=0.8095  NMI=0.7660  ARI=0.6667  1.3s

=== P1L_S1_C1 test[0] k=5  dim=576  frames=313  σ=0.0  fold=2 ===
  BDOSC: k_hat=5  ACC=0.7540  NMI=0.6715  ARI=0.5020  6.3s

=== P1L_S1_C2 test[0] k=5  dim=576  frames=257  σ=0.0  fold=2 ===
  BDOSC: k_hat=5  ACC=0.9222  NMI=0.8723  ARI=0.8142  4.3s

=== P1L_S1_C3 test[0] k=5  dim=576  frames=117  σ=0.0  fold=2 ===
  BDOSC: k_hat=5  ACC=0.8376  NMI=0.7987  ARI=0.7223  0.9s

=== P1L_S2_C1 test[0] k=5  dim=576  frames=301  σ=0.0  fold=2 ===
  BDOSC: k_hat=5  ACC=0.7309  NMI=0.7159  ARI=0.5700  5.8s

=== P1L_S2_C2 test[0] k=5  dim=576  frames=314  σ=0.0  fold=2 ===
  BDOSC: k_hat=5  ACC=0.6369  NMI=0.6959  ARI=0.5110  6.2s

=== P1L_S2_C3 test[0] k=5  dim=576  frames=193  σ=0.0  fold=2 ===
  BDOSC: k_hat=5  ACC=0.9119  NMI=0.8810  ARI=0.7988  2.2s

=== P1L_S3_C1 test[0] k=5  dim=576  frames=241  σ=0.0  fold=2 ===
  BDOSC: k_hat=5  ACC=0.6515  NMI=0.6665  ARI=0.4586  3.7s

=== P1L_S3_C2 test[0] k=5  dim=576  frames=304  σ=0.0  fold=2 ===
  BDOSC: k_hat=5  ACC=0.6645  NMI=0.7199  ARI=0.6039  5.9s

=== P1L_S3_C3 test[0] k=5  dim=576  frames=225  σ=0.0  fold=2 ===
  BDOSC: k_hat=5  ACC=0.9022  NMI=0.8477  ARI=0.7995  3.1s

=== P1L_S4_C1 test[0] k=5  dim=576  frames=253  σ=0.0  fold=2 ===
  BDOSC: k_hat=5  ACC=0.9051  NMI=0.8513  ARI=0.8128  4.0s

=== P1L_S4_C2 test[0] k=5  dim=576  frames=279  σ=0.0  fold=2 ===
  BDOSC: k_hat=5  ACC=0.5878  NMI=0.6760  ARI=0.4889  5.0s

=== P1L_S4_C3 test[0] k=5  dim=576  frames=188  σ=0.0  fold=2 ===
  BDOSC: k_hat=5  ACC=0.6223  NMI=0.7066  ARI=0.5341  2.1s

============================================================
σ=0.0 fold=3  test=['0007', '0010', '0015', '0016', '0021']  train mats=96  test mats=24
  BDOSC: skip tuning, fixed lambda_1=0.2, lambda_2=1, gamma_1=0.01, p=1.1, max_iter=50
  wrote /nfs/turbo/umms-minjilab/lpullela/icassp_ssc_tv2/block_ssc_benchmark/cv/params/surveillance/split_k5_clean_min30_trials20_knownk_scaled_params_cv_bdosc_k5_sigma0_sigma0_fold3.json

=== P1E_S1_C1 train[0] k=5  dim=576  frames=249  σ=0.0  fold=3 ===
  BDOSC: k_hat=5  ACC=0.8112  NMI=0.8083  ARI=0.6709  3.8s

=== P1E_S1_C1 train[1] k=5  dim=576  frames=212  σ=0.0  fold=3 ===
  BDOSC: k_hat=5  ACC=0.8868  NMI=0.8030  ARI=0.7534  2.8s

=== P1E_S1_C1 train[2] k=5  dim=576  frames=265  σ=0.0  fold=3 ===
  BDOSC: k_hat=5  ACC=0.8340  NMI=0.7842  ARI=0.6694  4.3s

=== P1E_S1_C1 train[3] k=5  dim=576  frames=268  σ=0.0  fold=3 ===
  BDOSC: k_hat=5  ACC=0.7537  NMI=0.7207  ARI=0.5146  4.2s

=== P1E_S1_C2 train[0] k=5  dim=576  frames=231  σ=0.0  fold=3 ===
  BDOSC: k_hat=5  ACC=0.8528  NMI=0.8034  ARI=0.6848  3.3s

=== P1E_S1_C2 train[1] k=5  dim=576  frames=188  σ=0.0  fold=3 ===
  BDOSC: k_hat=5  ACC=0.9096  NMI=0.8455  ARI=0.7742  2.1s

=== P1E_S1_C2 train[2] k=5  dim=576  frames=198  σ=0.0  fold=3 ===
  BDOSC: k_hat=5  ACC=0.8030  NMI=0.7643  ARI=0.6177  2.4s

=== P1E_S1_C2 train[3] k=5  dim=576  frames=215  σ=0.0  fold=3 ===
  BDOSC: k_hat=5  ACC=0.9628  NMI=0.9177  ARI=0.9129  2.8s

=== P1E_S1_C3 train[0] k=5  dim=576  frames=98  σ=0.0  fold=3 ===
  BDOSC: k_hat=5  ACC=0.9592  NMI=0.9173  ARI=0.9022  0.6s

=== P1E_S1_C3 train[1] k=5  dim=576  frames=93  σ=0.0  fold=3 ===
  BDOSC: k_hat=5  ACC=0.9140  NMI=0.8456  ARI=0.7820  0.6s

=== P1E_S1_C3 train[2] k=5  dim=576  frames=68  σ=0.0  fold=3 ===
  BDOSC: k_hat=5  ACC=0.7206  NMI=0.7713  ARI=0.6209  0.4s

=== P1E_S1_C3 train[3] k=5  dim=576  frames=107  σ=0.0  fold=3 ===
  BDOSC: k_hat=5  ACC=0.9159  NMI=0.8393  ARI=0.8053  0.7s

=== P1E_S2_C1 train[0] k=5  dim=576  frames=268  σ=0.0  fold=3 ===
  BDOSC: k_hat=5  ACC=0.9067  NMI=0.8847  ARI=0.8065  4.2s

=== P1E_S2_C1 train[1] k=5  dim=576  frames=250  σ=0.0  fold=3 ===
  BDOSC: k_hat=5  ACC=0.7240  NMI=0.6813  ARI=0.4763  3.8s

=== P1E_S2_C1 train[2] k=5  dim=576  frames=265  σ=0.0  fold=3 ===
  BDOSC: k_hat=5  ACC=0.8717  NMI=0.8107  ARI=0.7639  4.3s

=== P1E_S2_C1 train[3] k=5  dim=576  frames=241  σ=0.0  fold=3 ===
  BDOSC: k_hat=5  ACC=0.8963  NMI=0.8709  ARI=0.7889  3.7s

=== P1E_S2_C2 train[0] k=5  dim=576  frames=223  σ=0.0  fold=3 ===
  BDOSC: k_hat=5  ACC=0.9103  NMI=0.8426  ARI=0.7814  3.1s

=== P1E_S2_C2 train[1] k=5  dim=576  frames=196  σ=0.0  fold=3 ===
  BDOSC: k_hat=5  ACC=0.9796  NMI=0.9492  ARI=0.9494  2.4s

=== P1E_S2_C2 train[2] k=5  dim=576  frames=219  σ=0.0  fold=3 ===
  BDOSC: k_hat=5  ACC=0.8995  NMI=0.8309  ARI=0.7666  3.0s

=== P1E_S2_C2 train[3] k=5  dim=576  frames=212  σ=0.0  fold=3 ===
  BDOSC: k_hat=5  ACC=0.9057  NMI=0.8337  ARI=0.7899  2.7s

=== P1E_S2_C3 train[0] k=5  dim=576  frames=173  σ=0.0  fold=3 ===
  BDOSC: k_hat=5  ACC=0.9827  NMI=0.9503  ARI=0.9563  1.8s

=== P1E_S2_C3 train[1] k=5  dim=576  frames=156  σ=0.0  fold=3 ===
  BDOSC: k_hat=5  ACC=0.9679  NMI=0.9159  ARI=0.9170  1.5s

=== P1E_S2_C3 train[2] k=5  dim=576  frames=173  σ=0.0  fold=3 ===
  BDOSC: k_hat=5  ACC=0.6879  NMI=0.8017  ARI=0.6393  1.8s

=== P1E_S2_C3 train[3] k=5  dim=576  frames=154  σ=0.0  fold=3 ===
  BDOSC: k_hat=5  ACC=0.9740  NMI=0.9341  ARI=0.9362  1.4s

=== P1E_S3_C1 train[0] k=5  dim=576  frames=258  σ=0.0  fold=3 ===
  BDOSC: k_hat=5  ACC=0.4884  NMI=0.6282  ARI=0.3660  4.3s

=== P1E_S3_C1 train[1] k=5  dim=576  frames=237  σ=0.0  fold=3 ===
  BDOSC: k_hat=5  ACC=0.7890  NMI=0.7901  ARI=0.6900  3.5s

=== P1E_S3_C1 train[2] k=5  dim=576  frames=273  σ=0.0  fold=3 ===
  BDOSC: k_hat=5  ACC=0.6337  NMI=0.6752  ARI=0.4474  4.8s

=== P1E_S3_C1 train[3] k=5  dim=576  frames=237  σ=0.0  fold=3 ===
  BDOSC: k_hat=5  ACC=0.6540  NMI=0.7563  ARI=0.5580  3.5s

=== P1E_S3_C2 train[0] k=5  dim=576  frames=232  σ=0.0  fold=3 ===
  BDOSC: k_hat=5  ACC=0.8879  NMI=0.8032  ARI=0.7338  3.3s

=== P1E_S3_C2 train[1] k=5  dim=576  frames=204  σ=0.0  fold=3 ===
  BDOSC: k_hat=5  ACC=0.9510  NMI=0.9042  ARI=0.9004  2.7s

=== P1E_S3_C2 train[2] k=5  dim=576  frames=280  σ=0.0  fold=3 ===
  BDOSC: k_hat=5  ACC=0.8536  NMI=0.7884  ARI=0.7201  4.9s

=== P1E_S3_C2 train[3] k=5  dim=576  frames=188  σ=0.0  fold=3 ===
  BDOSC: k_hat=5  ACC=0.6862  NMI=0.8113  ARI=0.6288  2.2s

=== P1E_S3_C3 train[0] k=5  dim=576  frames=170  σ=0.0  fold=3 ===
  BDOSC: k_hat=5  ACC=0.9824  NMI=0.9549  ARI=0.9564  1.8s

=== P1E_S3_C3 train[1] k=5  dim=576  frames=150  σ=0.0  fold=3 ===
  BDOSC: k_hat=5  ACC=0.9733  NMI=0.9363  ARI=0.9315  1.4s

=== P1E_S3_C3 train[2] k=5  dim=576  frames=211  σ=0.0  fold=3 ===
  BDOSC: k_hat=5  ACC=0.8957  NMI=0.8493  ARI=0.7891  2.7s

=== P1E_S3_C3 train[3] k=5  dim=576  frames=168  σ=0.0  fold=3 ===
  BDOSC: k_hat=5  ACC=1.0000  NMI=1.0000  ARI=1.0000  1.7s

=== P1E_S4_C1 train[0] k=5  dim=576  frames=231  σ=0.0  fold=3 ===
  BDOSC: k_hat=5  ACC=0.8571  NMI=0.7754  ARI=0.6640  3.3s

=== P1E_S4_C1 train[1] k=5  dim=576  frames=248  σ=0.0  fold=3 ===
  BDOSC: k_hat=5  ACC=0.8347  NMI=0.8006  ARI=0.6884  3.7s

=== P1E_S4_C1 train[2] k=5  dim=576  frames=303  σ=0.0  fold=3 ===
  BDOSC: k_hat=5  ACC=0.7591  NMI=0.7284  ARI=0.5968  5.9s

=== P1E_S4_C1 train[3] k=5  dim=576  frames=217  σ=0.0  fold=3 ===
  BDOSC: k_hat=5  ACC=0.9217  NMI=0.8630  ARI=0.8320  2.9s

=== P1E_S4_C2 train[0] k=5  dim=576  frames=201  σ=0.0  fold=3 ===
  BDOSC: k_hat=5  ACC=0.9502  NMI=0.8936  ARI=0.8793  2.4s

=== P1E_S4_C2 train[1] k=5  dim=576  frames=193  σ=0.0  fold=3 ===
  BDOSC: k_hat=5  ACC=0.9845  NMI=0.9553  ARI=0.9631  2.2s

=== P1E_S4_C2 train[2] k=5  dim=576  frames=236  σ=0.0  fold=3 ===
  BDOSC: k_hat=5  ACC=0.9831  NMI=0.9563  ARI=0.9549  3.3s

=== P1E_S4_C2 train[3] k=5  dim=576  frames=198  σ=0.0  fold=3 ===
  BDOSC: k_hat=5  ACC=0.8939  NMI=0.8535  ARI=0.7696  2.4s

=== P1E_S4_C3 train[0] k=5  dim=576  frames=132  σ=0.0  fold=3 ===
  BDOSC: k_hat=5  ACC=0.9091  NMI=0.8362  ARI=0.7941  1.1s

=== P1E_S4_C3 train[1] k=5  dim=576  frames=152  σ=0.0  fold=3 ===
  BDOSC: k_hat=5  ACC=0.9671  NMI=0.9235  ARI=0.9270  1.5s

=== P1E_S4_C3 train[2] k=5  dim=576  frames=147  σ=0.0  fold=3 ===
  BDOSC: k_hat=5  ACC=0.8095  NMI=0.7660  ARI=0.6667  1.3s

=== P1E_S4_C3 train[3] k=5  dim=576  frames=147  σ=0.0  fold=3 ===
  BDOSC: k_hat=5  ACC=1.0000  NMI=1.0000  ARI=1.0000  1.3s

=== P1L_S1_C1 train[0] k=5  dim=576  frames=289  σ=0.0  fold=3 ===
  BDOSC: k_hat=5  ACC=0.6436  NMI=0.7094  ARI=0.5238  5.3s

=== P1L_S1_C1 train[1] k=5  dim=576  frames=265  σ=0.0  fold=3 ===
  BDOSC: k_hat=5  ACC=0.8528  NMI=0.7804  ARI=0.6712  4.4s

=== P1L_S1_C1 train[2] k=5  dim=576  frames=313  σ=0.0  fold=3 ===
  BDOSC: k_hat=5  ACC=0.7540  NMI=0.6715  ARI=0.5020  6.3s

=== P1L_S1_C1 train[3] k=5  dim=576  frames=285  σ=0.0  fold=3 ===
  BDOSC: k_hat=5  ACC=0.8982  NMI=0.8529  ARI=0.7704  5.2s

=== P1L_S1_C2 train[0] k=5  dim=576  frames=286  σ=0.0  fold=3 ===
  BDOSC: k_hat=5  ACC=0.8846  NMI=0.8586  ARI=0.7421  5.2s

=== P1L_S1_C2 train[1] k=5  dim=576  frames=236  σ=0.0  fold=3 ===
  BDOSC: k_hat=5  ACC=0.7246  NMI=0.8110  ARI=0.6796  3.3s

=== P1L_S1_C2 train[2] k=5  dim=576  frames=257  σ=0.0  fold=3 ===
  BDOSC: k_hat=5  ACC=0.9222  NMI=0.8723  ARI=0.8142  4.3s

=== P1L_S1_C2 train[3] k=5  dim=576  frames=270  σ=0.0  fold=3 ===
  BDOSC: k_hat=5  ACC=0.7185  NMI=0.7985  ARI=0.6628  4.6s

=== P1L_S1_C3 train[0] k=5  dim=576  frames=108  σ=0.0  fold=3 ===
  BDOSC: k_hat=5  ACC=0.7222  NMI=0.8162  ARI=0.7089  0.7s

=== P1L_S1_C3 train[1] k=5  dim=576  frames=115  σ=0.0  fold=3 ===
  BDOSC: k_hat=5  ACC=0.9130  NMI=0.8662  ARI=0.7865  0.8s

=== P1L_S1_C3 train[2] k=5  dim=576  frames=117  σ=0.0  fold=3 ===
  BDOSC: k_hat=5  ACC=0.8376  NMI=0.7987  ARI=0.7223  0.9s

=== P1L_S1_C3 train[3] k=5  dim=576  frames=124  σ=0.0  fold=3 ===
  BDOSC: k_hat=5  ACC=0.7742  NMI=0.8044  ARI=0.6899  0.9s

=== P1L_S2_C1 train[0] k=5  dim=576  frames=348  σ=0.0  fold=3 ===
  BDOSC: k_hat=5  ACC=0.7126  NMI=0.6999  ARI=0.5534  8.0s

=== P1L_S2_C1 train[1] k=5  dim=576  frames=281  σ=0.0  fold=3 ===
  BDOSC: k_hat=5  ACC=0.7794  NMI=0.7097  ARI=0.5971  5.1s

=== P1L_S2_C1 train[2] k=5  dim=576  frames=301  σ=0.0  fold=3 ===
  BDOSC: k_hat=5  ACC=0.7309  NMI=0.7159  ARI=0.5700  5.7s

=== P1L_S2_C1 train[3] k=5  dim=576  frames=265  σ=0.0  fold=3 ===
  BDOSC: k_hat=5  ACC=0.7660  NMI=0.8308  ARI=0.7330  4.4s

=== P1L_S2_C2 train[0] k=5  dim=576  frames=300  σ=0.0  fold=3 ===
  BDOSC: k_hat=5  ACC=0.8600  NMI=0.7905  ARI=0.6619  5.4s

=== P1L_S2_C2 train[1] k=5  dim=576  frames=256  σ=0.0  fold=3 ===
  BDOSC: k_hat=5  ACC=0.8672  NMI=0.8559  ARI=0.7991  4.7s

=== P1L_S2_C2 train[2] k=5  dim=576  frames=314  σ=0.0  fold=3 ===
  BDOSC: k_hat=5  ACC=0.6369  NMI=0.6959  ARI=0.5110  6.3s

=== P1L_S2_C2 train[3] k=5  dim=576  frames=222  σ=0.0  fold=3 ===
  BDOSC: k_hat=5  ACC=0.8559  NMI=0.8190  ARI=0.7145  3.1s

=== P1L_S2_C3 train[0] k=5  dim=576  frames=191  σ=0.0  fold=3 ===
  BDOSC: k_hat=5  ACC=0.9895  NMI=0.9727  ARI=0.9709  2.2s

=== P1L_S2_C3 train[1] k=5  dim=576  frames=159  σ=0.0  fold=3 ===
  BDOSC: k_hat=5  ACC=0.9623  NMI=0.9205  ARI=0.9119  1.6s

=== P1L_S2_C3 train[2] k=5  dim=576  frames=193  σ=0.0  fold=3 ===
  BDOSC: k_hat=5  ACC=0.9119  NMI=0.8810  ARI=0.7988  2.2s

=== P1L_S2_C3 train[3] k=5  dim=576  frames=179  σ=0.0  fold=3 ===
  BDOSC: k_hat=5  ACC=0.9665  NMI=0.9171  ARI=0.9249  1.9s

=== P1L_S3_C1 train[0] k=5  dim=576  frames=246  σ=0.0  fold=3 ===
  BDOSC: k_hat=5  ACC=0.4959  NMI=0.6330  ARI=0.3584  3.8s

=== P1L_S3_C1 train[1] k=5  dim=576  frames=289  σ=0.0  fold=3 ===
  BDOSC: k_hat=5  ACC=0.4948  NMI=0.6860  ARI=0.4172  5.3s

=== P1L_S3_C1 train[2] k=5  dim=576  frames=241  σ=0.0  fold=3 ===
  BDOSC: k_hat=5  ACC=0.6515  NMI=0.6665  ARI=0.4586  3.7s

=== P1L_S3_C1 train[3] k=5  dim=576  frames=241  σ=0.0  fold=3 ===
  BDOSC: k_hat=5  ACC=0.7178  NMI=0.8408  ARI=0.7116  3.7s

=== P1L_S3_C2 train[0] k=5  dim=576  frames=262  σ=0.0  fold=3 ===
  BDOSC: k_hat=5  ACC=0.7099  NMI=0.6875  ARI=0.4916  4.3s

=== P1L_S3_C2 train[1] k=5  dim=576  frames=287  σ=0.0  fold=3 ===
  BDOSC: k_hat=5  ACC=0.7875  NMI=0.7724  ARI=0.5829  5.3s

=== P1L_S3_C2 train[2] k=5  dim=576  frames=304  σ=0.0  fold=3 ===
  BDOSC: k_hat=5  ACC=0.6645  NMI=0.7199  ARI=0.6039  5.9s

=== P1L_S3_C2 train[3] k=5  dim=576  frames=290  σ=0.0  fold=3 ===
  BDOSC: k_hat=5  ACC=0.6483  NMI=0.7132  ARI=0.5106  5.4s

=== P1L_S3_C3 train[0] k=5  dim=576  frames=231  σ=0.0  fold=3 ===
  BDOSC: k_hat=5  ACC=0.8658  NMI=0.8136  ARI=0.6793  3.3s

=== P1L_S3_C3 train[1] k=5  dim=576  frames=210  σ=0.0  fold=3 ===
  BDOSC: k_hat=5  ACC=0.9095  NMI=0.8512  ARI=0.8000  2.7s

=== P1L_S3_C3 train[2] k=5  dim=576  frames=225  σ=0.0  fold=3 ===
  BDOSC: k_hat=5  ACC=0.9022  NMI=0.8477  ARI=0.7995  3.1s

=== P1L_S3_C3 train[3] k=5  dim=576  frames=229  σ=0.0  fold=3 ===
  BDOSC: k_hat=5  ACC=0.8559  NMI=0.8231  ARI=0.6950  3.3s

=== P1L_S4_C1 train[0] k=5  dim=576  frames=313  σ=0.0  fold=3 ===
  BDOSC: k_hat=5  ACC=0.6486  NMI=0.6582  ARI=0.4857  6.3s

=== P1L_S4_C1 train[1] k=5  dim=576  frames=255  σ=0.0  fold=3 ===
  BDOSC: k_hat=5  ACC=0.9373  NMI=0.8811  ARI=0.8399  4.2s

=== P1L_S4_C1 train[2] k=5  dim=576  frames=253  σ=0.0  fold=3 ===
  BDOSC: k_hat=5  ACC=0.9051  NMI=0.8513  ARI=0.8128  4.0s

=== P1L_S4_C1 train[3] k=5  dim=576  frames=344  σ=0.0  fold=3 ===
  BDOSC: k_hat=5  ACC=0.7035  NMI=0.8139  ARI=0.6681  7.7s

=== P1L_S4_C2 train[0] k=5  dim=576  frames=267  σ=0.0  fold=3 ===
  BDOSC: k_hat=5  ACC=0.8614  NMI=0.8405  ARI=0.7606  4.5s

=== P1L_S4_C2 train[1] k=5  dim=576  frames=257  σ=0.0  fold=3 ===
  BDOSC: k_hat=5  ACC=0.8093  NMI=0.7517  ARI=0.5990  4.4s

=== P1L_S4_C2 train[2] k=5  dim=576  frames=279  σ=0.0  fold=3 ===
  BDOSC: k_hat=5  ACC=0.5878  NMI=0.6760  ARI=0.4889  5.0s

=== P1L_S4_C2 train[3] k=5  dim=576  frames=266  σ=0.0  fold=3 ===
  BDOSC: k_hat=5  ACC=0.7820  NMI=0.7098  ARI=0.5362  4.4s

=== P1L_S4_C3 train[0] k=5  dim=576  frames=180  σ=0.0  fold=3 ===
  BDOSC: k_hat=5  ACC=0.9278  NMI=0.8680  ARI=0.8183  2.0s

=== P1L_S4_C3 train[1] k=5  dim=576  frames=158  σ=0.0  fold=3 ===
  BDOSC: k_hat=5  ACC=0.9494  NMI=0.8911  ARI=0.8644  1.6s

=== P1L_S4_C3 train[2] k=5  dim=576  frames=188  σ=0.0  fold=3 ===
  BDOSC: k_hat=5  ACC=0.6223  NMI=0.7066  ARI=0.5341  2.1s

=== P1L_S4_C3 train[3] k=5  dim=576  frames=185  σ=0.0  fold=3 ===
  BDOSC: k_hat=5  ACC=0.9892  NMI=0.9741  ARI=0.9749  2.1s

=== P1E_S1_C1 test[0] k=5  dim=576  frames=242  σ=0.0  fold=3 ===
  BDOSC: k_hat=5  ACC=0.6529  NMI=0.7082  ARI=0.5514  3.6s

=== P1E_S1_C2 test[0] k=5  dim=576  frames=199  σ=0.0  fold=3 ===
  BDOSC: k_hat=5  ACC=0.7186  NMI=0.8363  ARI=0.7019  2.5s

=== P1E_S1_C3 test[0] k=5  dim=576  frames=87  σ=0.0  fold=3 ===
  BDOSC: k_hat=5  ACC=0.9310  NMI=0.8756  ARI=0.8451  0.6s

=== P1E_S2_C1 test[0] k=5  dim=576  frames=232  σ=0.0  fold=3 ===
  BDOSC: k_hat=5  ACC=0.6293  NMI=0.6925  ARI=0.5198  3.3s

=== P1E_S2_C2 test[0] k=5  dim=576  frames=192  σ=0.0  fold=3 ===
  BDOSC: k_hat=5  ACC=0.8958  NMI=0.8491  ARI=0.7792  2.3s

=== P1E_S2_C3 test[0] k=5  dim=576  frames=160  σ=0.0  fold=3 ===
  BDOSC: k_hat=5  ACC=0.8812  NMI=0.8275  ARI=0.7842  1.6s

=== P1E_S3_C1 test[0] k=5  dim=576  frames=250  σ=0.0  fold=3 ===
  BDOSC: k_hat=5  ACC=0.7080  NMI=0.8246  ARI=0.6590  3.9s

=== P1E_S3_C2 test[0] k=5  dim=576  frames=222  σ=0.0  fold=3 ===
  BDOSC: k_hat=5  ACC=0.7027  NMI=0.7705  ARI=0.6220  3.1s

=== P1E_S3_C3 test[0] k=5  dim=576  frames=167  σ=0.0  fold=3 ===
  BDOSC: k_hat=5  ACC=0.9401  NMI=0.8844  ARI=0.8758  1.7s

=== P1E_S4_C1 test[0] k=5  dim=576  frames=248  σ=0.0  fold=3 ===
  BDOSC: k_hat=5  ACC=0.6935  NMI=0.7343  ARI=0.6150  3.7s

=== P1E_S4_C2 test[0] k=5  dim=576  frames=223  σ=0.0  fold=3 ===
  BDOSC: k_hat=5  ACC=0.9372  NMI=0.8738  ARI=0.8575  3.1s

=== P1E_S4_C3 test[0] k=5  dim=576  frames=141  σ=0.0  fold=3 ===
  BDOSC: k_hat=5  ACC=0.9007  NMI=0.8401  ARI=0.7687  1.2s

=== P1L_S1_C1 test[0] k=5  dim=576  frames=239  σ=0.0  fold=3 ===
  BDOSC: k_hat=5  ACC=0.5774  NMI=0.6316  ARI=0.4262  3.6s

=== P1L_S1_C2 test[0] k=5  dim=576  frames=260  σ=0.0  fold=3 ===
  BDOSC: k_hat=5  ACC=0.8077  NMI=0.7489  ARI=0.6292  4.2s

=== P1L_S1_C3 test[0] k=5  dim=576  frames=101  σ=0.0  fold=3 ===
  BDOSC: k_hat=5  ACC=0.8416  NMI=0.8216  ARI=0.7125  0.7s

=== P1L_S2_C1 test[0] k=5  dim=576  frames=275  σ=0.0  fold=3 ===
  BDOSC: k_hat=5  ACC=0.7309  NMI=0.8133  ARI=0.7114  4.8s

=== P1L_S2_C2 test[0] k=5  dim=576  frames=301  σ=0.0  fold=3 ===
  BDOSC: k_hat=5  ACC=0.7209  NMI=0.6712  ARI=0.4895  5.8s

=== P1L_S2_C3 test[0] k=5  dim=576  frames=175  σ=0.0  fold=3 ===
  BDOSC: k_hat=5  ACC=0.9429  NMI=0.8800  ARI=0.8592  1.9s

=== P1L_S3_C1 test[0] k=5  dim=576  frames=312  σ=0.0  fold=3 ===
  BDOSC: k_hat=5  ACC=0.6603  NMI=0.7726  ARI=0.6067  6.2s

=== P1L_S3_C2 test[0] k=5  dim=576  frames=329  σ=0.0  fold=3 ===
  BDOSC: k_hat=5  ACC=0.6900  NMI=0.6866  ARI=0.5133  7.0s

=== P1L_S3_C3 test[0] k=5  dim=576  frames=210  σ=0.0  fold=3 ===
  BDOSC: k_hat=5  ACC=0.8667  NMI=0.8055  ARI=0.7070  2.7s

=== P1L_S4_C1 test[0] k=5  dim=576  frames=278  σ=0.0  fold=3 ===
  BDOSC: k_hat=5  ACC=0.8633  NMI=0.8222  ARI=0.7044  4.9s

=== P1L_S4_C2 test[0] k=5  dim=576  frames=258  σ=0.0  fold=3 ===
  BDOSC: k_hat=5  ACC=0.6550  NMI=0.7287  ARI=0.5671  4.2s

=== P1L_S4_C3 test[0] k=5  dim=576  frames=169  σ=0.0  fold=3 ===
  BDOSC: k_hat=5  ACC=0.7041  NMI=0.8275  ARI=0.6770  1.8s

============================================================
σ=0.0 fold=4  test=['0003', '0012', '0017', '0018', '0020']  train mats=96  test mats=24
  BDOSC: skip tuning, fixed lambda_1=0.2, lambda_2=1, gamma_1=0.01, p=1.1, max_iter=50
  wrote /nfs/turbo/umms-minjilab/lpullela/icassp_ssc_tv2/block_ssc_benchmark/cv/params/surveillance/split_k5_clean_min30_trials20_knownk_scaled_params_cv_bdosc_k5_sigma0_sigma0_fold4.json

=== P1E_S1_C1 train[0] k=5  dim=576  frames=249  σ=0.0  fold=4 ===
  BDOSC: k_hat=5  ACC=0.8112  NMI=0.8083  ARI=0.6709  3.8s

=== P1E_S1_C1 train[1] k=5  dim=576  frames=212  σ=0.0  fold=4 ===
  BDOSC: k_hat=5  ACC=0.8868  NMI=0.8030  ARI=0.7534  2.8s

=== P1E_S1_C1 train[2] k=5  dim=576  frames=265  σ=0.0  fold=4 ===
  BDOSC: k_hat=5  ACC=0.8340  NMI=0.7842  ARI=0.6694  4.3s

=== P1E_S1_C1 train[3] k=5  dim=576  frames=242  σ=0.0  fold=4 ===
  BDOSC: k_hat=5  ACC=0.6529  NMI=0.7082  ARI=0.5514  3.6s

=== P1E_S1_C2 train[0] k=5  dim=576  frames=231  σ=0.0  fold=4 ===
  BDOSC: k_hat=5  ACC=0.8528  NMI=0.8034  ARI=0.6848  3.3s

=== P1E_S1_C2 train[1] k=5  dim=576  frames=188  σ=0.0  fold=4 ===
  BDOSC: k_hat=5  ACC=0.9096  NMI=0.8455  ARI=0.7742  2.1s

=== P1E_S1_C2 train[2] k=5  dim=576  frames=198  σ=0.0  fold=4 ===
  BDOSC: k_hat=5  ACC=0.8030  NMI=0.7643  ARI=0.6177  2.4s

=== P1E_S1_C2 train[3] k=5  dim=576  frames=199  σ=0.0  fold=4 ===
  BDOSC: k_hat=5  ACC=0.7186  NMI=0.8363  ARI=0.7019  2.5s

=== P1E_S1_C3 train[0] k=5  dim=576  frames=98  σ=0.0  fold=4 ===
  BDOSC: k_hat=5  ACC=0.9592  NMI=0.9173  ARI=0.9022  0.7s

=== P1E_S1_C3 train[1] k=5  dim=576  frames=93  σ=0.0  fold=4 ===
  BDOSC: k_hat=5  ACC=0.9140  NMI=0.8456  ARI=0.7820  0.6s

=== P1E_S1_C3 train[2] k=5  dim=576  frames=68  σ=0.0  fold=4 ===
  BDOSC: k_hat=5  ACC=0.7206  NMI=0.7713  ARI=0.6209  0.4s

=== P1E_S1_C3 train[3] k=5  dim=576  frames=87  σ=0.0  fold=4 ===
  BDOSC: k_hat=5  ACC=0.9310  NMI=0.8756  ARI=0.8451  0.6s

=== P1E_S2_C1 train[0] k=5  dim=576  frames=268  σ=0.0  fold=4 ===
  BDOSC: k_hat=5  ACC=0.9067  NMI=0.8847  ARI=0.8065  4.2s

=== P1E_S2_C1 train[1] k=5  dim=576  frames=250  σ=0.0  fold=4 ===
  BDOSC: k_hat=5  ACC=0.7240  NMI=0.6813  ARI=0.4763  3.8s

=== P1E_S2_C1 train[2] k=5  dim=576  frames=265  σ=0.0  fold=4 ===
  BDOSC: k_hat=5  ACC=0.8717  NMI=0.8107  ARI=0.7639  4.3s

=== P1E_S2_C1 train[3] k=5  dim=576  frames=232  σ=0.0  fold=4 ===
  BDOSC: k_hat=5  ACC=0.6293  NMI=0.6925  ARI=0.5198  3.3s

=== P1E_S2_C2 train[0] k=5  dim=576  frames=223  σ=0.0  fold=4 ===
  BDOSC: k_hat=5  ACC=0.9103  NMI=0.8426  ARI=0.7814  3.1s

=== P1E_S2_C2 train[1] k=5  dim=576  frames=196  σ=0.0  fold=4 ===
  BDOSC: k_hat=5  ACC=0.9796  NMI=0.9492  ARI=0.9494  2.4s

=== P1E_S2_C2 train[2] k=5  dim=576  frames=219  σ=0.0  fold=4 ===
  BDOSC: k_hat=5  ACC=0.8995  NMI=0.8309  ARI=0.7666  3.0s

=== P1E_S2_C2 train[3] k=5  dim=576  frames=192  σ=0.0  fold=4 ===
  BDOSC: k_hat=5  ACC=0.8958  NMI=0.8491  ARI=0.7792  2.3s

=== P1E_S2_C3 train[0] k=5  dim=576  frames=173  σ=0.0  fold=4 ===
  BDOSC: k_hat=5  ACC=0.9827  NMI=0.9503  ARI=0.9563  1.8s

=== P1E_S2_C3 train[1] k=5  dim=576  frames=156  σ=0.0  fold=4 ===
  BDOSC: k_hat=5  ACC=0.9679  NMI=0.9159  ARI=0.9170  1.5s

=== P1E_S2_C3 train[2] k=5  dim=576  frames=173  σ=0.0  fold=4 ===
  BDOSC: k_hat=5  ACC=0.6879  NMI=0.8017  ARI=0.6393  1.8s

=== P1E_S2_C3 train[3] k=5  dim=576  frames=160  σ=0.0  fold=4 ===
  BDOSC: k_hat=5  ACC=0.8812  NMI=0.8275  ARI=0.7842  1.6s

=== P1E_S3_C1 train[0] k=5  dim=576  frames=258  σ=0.0  fold=4 ===
  BDOSC: k_hat=5  ACC=0.4884  NMI=0.6282  ARI=0.3660  4.2s

=== P1E_S3_C1 train[1] k=5  dim=576  frames=237  σ=0.0  fold=4 ===
  BDOSC: k_hat=5  ACC=0.7890  NMI=0.7901  ARI=0.6900  3.5s

=== P1E_S3_C1 train[2] k=5  dim=576  frames=273  σ=0.0  fold=4 ===
  BDOSC: k_hat=5  ACC=0.6337  NMI=0.6752  ARI=0.4474  4.8s

=== P1E_S3_C1 train[3] k=5  dim=576  frames=250  σ=0.0  fold=4 ===
  BDOSC: k_hat=5  ACC=0.7080  NMI=0.8246  ARI=0.6590  3.9s

=== P1E_S3_C2 train[0] k=5  dim=576  frames=232  σ=0.0  fold=4 ===
  BDOSC: k_hat=5  ACC=0.8879  NMI=0.8032  ARI=0.7338  3.3s

=== P1E_S3_C2 train[1] k=5  dim=576  frames=204  σ=0.0  fold=4 ===
  BDOSC: k_hat=5  ACC=0.9510  NMI=0.9042  ARI=0.9004  2.7s

=== P1E_S3_C2 train[2] k=5  dim=576  frames=280  σ=0.0  fold=4 ===
  BDOSC: k_hat=5  ACC=0.8536  NMI=0.7884  ARI=0.7201  5.0s

=== P1E_S3_C2 train[3] k=5  dim=576  frames=222  σ=0.0  fold=4 ===
  BDOSC: k_hat=5  ACC=0.7027  NMI=0.7705  ARI=0.6220  3.1s

=== P1E_S3_C3 train[0] k=5  dim=576  frames=170  σ=0.0  fold=4 ===
  BDOSC: k_hat=5  ACC=0.9824  NMI=0.9549  ARI=0.9564  1.8s

=== P1E_S3_C3 train[1] k=5  dim=576  frames=150  σ=0.0  fold=4 ===
  BDOSC: k_hat=5  ACC=0.9733  NMI=0.9363  ARI=0.9315  1.4s

=== P1E_S3_C3 train[2] k=5  dim=576  frames=211  σ=0.0  fold=4 ===
  BDOSC: k_hat=5  ACC=0.8957  NMI=0.8493  ARI=0.7891  2.8s

=== P1E_S3_C3 train[3] k=5  dim=576  frames=167  σ=0.0  fold=4 ===
  BDOSC: k_hat=5  ACC=0.9401  NMI=0.8844  ARI=0.8758  1.7s

=== P1E_S4_C1 train[0] k=5  dim=576  frames=231  σ=0.0  fold=4 ===
  BDOSC: k_hat=5  ACC=0.8571  NMI=0.7754  ARI=0.6640  3.3s

=== P1E_S4_C1 train[1] k=5  dim=576  frames=248  σ=0.0  fold=4 ===
  BDOSC: k_hat=5  ACC=0.8347  NMI=0.8006  ARI=0.6884  3.7s

=== P1E_S4_C1 train[2] k=5  dim=576  frames=303  σ=0.0  fold=4 ===
  BDOSC: k_hat=5  ACC=0.7591  NMI=0.7284  ARI=0.5968  5.9s

=== P1E_S4_C1 train[3] k=5  dim=576  frames=248  σ=0.0  fold=4 ===
  BDOSC: k_hat=5  ACC=0.6935  NMI=0.7343  ARI=0.6150  3.7s

=== P1E_S4_C2 train[0] k=5  dim=576  frames=201  σ=0.0  fold=4 ===
  BDOSC: k_hat=5  ACC=0.9502  NMI=0.8936  ARI=0.8793  2.4s

=== P1E_S4_C2 train[1] k=5  dim=576  frames=193  σ=0.0  fold=4 ===
  BDOSC: k_hat=5  ACC=0.9845  NMI=0.9553  ARI=0.9631  2.2s

=== P1E_S4_C2 train[2] k=5  dim=576  frames=236  σ=0.0  fold=4 ===
  BDOSC: k_hat=5  ACC=0.9831  NMI=0.9563  ARI=0.9549  3.3s

=== P1E_S4_C2 train[3] k=5  dim=576  frames=223  σ=0.0  fold=4 ===
  BDOSC: k_hat=5  ACC=0.9372  NMI=0.8738  ARI=0.8575  3.1s

=== P1E_S4_C3 train[0] k=5  dim=576  frames=132  σ=0.0  fold=4 ===
  BDOSC: k_hat=5  ACC=0.9091  NMI=0.8362  ARI=0.7941  1.1s

=== P1E_S4_C3 train[1] k=5  dim=576  frames=152  σ=0.0  fold=4 ===
  BDOSC: k_hat=5  ACC=0.9671  NMI=0.9235  ARI=0.9270  1.5s

=== P1E_S4_C3 train[2] k=5  dim=576  frames=147  σ=0.0  fold=4 ===
  BDOSC: k_hat=5  ACC=0.8095  NMI=0.7660  ARI=0.6667  1.3s

=== P1E_S4_C3 train[3] k=5  dim=576  frames=141  σ=0.0  fold=4 ===
  BDOSC: k_hat=5  ACC=0.9007  NMI=0.8401  ARI=0.7687  1.2s

=== P1L_S1_C1 train[0] k=5  dim=576  frames=289  σ=0.0  fold=4 ===
  BDOSC: k_hat=5  ACC=0.6436  NMI=0.7094  ARI=0.5238  5.3s

=== P1L_S1_C1 train[1] k=5  dim=576  frames=265  σ=0.0  fold=4 ===
  BDOSC: k_hat=5  ACC=0.8528  NMI=0.7804  ARI=0.6712  4.4s

=== P1L_S1_C1 train[2] k=5  dim=576  frames=313  σ=0.0  fold=4 ===
  BDOSC: k_hat=5  ACC=0.7540  NMI=0.6715  ARI=0.5020  6.3s

=== P1L_S1_C1 train[3] k=5  dim=576  frames=239  σ=0.0  fold=4 ===
  BDOSC: k_hat=5  ACC=0.5774  NMI=0.6316  ARI=0.4262  3.6s

=== P1L_S1_C2 train[0] k=5  dim=576  frames=286  σ=0.0  fold=4 ===
  BDOSC: k_hat=5  ACC=0.8846  NMI=0.8586  ARI=0.7421  5.2s

=== P1L_S1_C2 train[1] k=5  dim=576  frames=236  σ=0.0  fold=4 ===
  BDOSC: k_hat=5  ACC=0.7246  NMI=0.8110  ARI=0.6796  3.3s

=== P1L_S1_C2 train[2] k=5  dim=576  frames=257  σ=0.0  fold=4 ===
  BDOSC: k_hat=5  ACC=0.9222  NMI=0.8723  ARI=0.8142  4.3s

=== P1L_S1_C2 train[3] k=5  dim=576  frames=260  σ=0.0  fold=4 ===
  BDOSC: k_hat=5  ACC=0.8077  NMI=0.7489  ARI=0.6292  4.2s

=== P1L_S1_C3 train[0] k=5  dim=576  frames=108  σ=0.0  fold=4 ===
  BDOSC: k_hat=5  ACC=0.7222  NMI=0.8162  ARI=0.7089  0.7s

=== P1L_S1_C3 train[1] k=5  dim=576  frames=115  σ=0.0  fold=4 ===
  BDOSC: k_hat=5  ACC=0.9130  NMI=0.8662  ARI=0.7865  0.8s

=== P1L_S1_C3 train[2] k=5  dim=576  frames=117  σ=0.0  fold=4 ===
  BDOSC: k_hat=5  ACC=0.8376  NMI=0.7987  ARI=0.7223  0.9s

=== P1L_S1_C3 train[3] k=5  dim=576  frames=101  σ=0.0  fold=4 ===
  BDOSC: k_hat=5  ACC=0.8416  NMI=0.8216  ARI=0.7125  0.7s

=== P1L_S2_C1 train[0] k=5  dim=576  frames=348  σ=0.0  fold=4 ===
  BDOSC: k_hat=5  ACC=0.7126  NMI=0.6999  ARI=0.5534  8.0s

=== P1L_S2_C1 train[1] k=5  dim=576  frames=281  σ=0.0  fold=4 ===
  BDOSC: k_hat=5  ACC=0.7794  NMI=0.7097  ARI=0.5971  5.0s

=== P1L_S2_C1 train[2] k=5  dim=576  frames=301  σ=0.0  fold=4 ===
  BDOSC: k_hat=5  ACC=0.7309  NMI=0.7159  ARI=0.5700  5.7s

=== P1L_S2_C1 train[3] k=5  dim=576  frames=275  σ=0.0  fold=4 ===
  BDOSC: k_hat=5  ACC=0.7309  NMI=0.8133  ARI=0.7114  4.8s

=== P1L_S2_C2 train[0] k=5  dim=576  frames=300  σ=0.0  fold=4 ===
  BDOSC: k_hat=5  ACC=0.8600  NMI=0.7905  ARI=0.6619  5.4s

=== P1L_S2_C2 train[1] k=5  dim=576  frames=256  σ=0.0  fold=4 ===
  BDOSC: k_hat=5  ACC=0.8672  NMI=0.8559  ARI=0.7991  4.7s

=== P1L_S2_C2 train[2] k=5  dim=576  frames=314  σ=0.0  fold=4 ===
  BDOSC: k_hat=5  ACC=0.6369  NMI=0.6959  ARI=0.5110  6.2s

=== P1L_S2_C2 train[3] k=5  dim=576  frames=301  σ=0.0  fold=4 ===
  BDOSC: k_hat=5  ACC=0.7209  NMI=0.6712  ARI=0.4895  5.8s

=== P1L_S2_C3 train[0] k=5  dim=576  frames=191  σ=0.0  fold=4 ===
  BDOSC: k_hat=5  ACC=0.9895  NMI=0.9727  ARI=0.9709  2.2s

=== P1L_S2_C3 train[1] k=5  dim=576  frames=159  σ=0.0  fold=4 ===
  BDOSC: k_hat=5  ACC=0.9623  NMI=0.9205  ARI=0.9119  1.6s

=== P1L_S2_C3 train[2] k=5  dim=576  frames=193  σ=0.0  fold=4 ===
  BDOSC: k_hat=5  ACC=0.9119  NMI=0.8810  ARI=0.7988  2.2s

=== P1L_S2_C3 train[3] k=5  dim=576  frames=175  σ=0.0  fold=4 ===
  BDOSC: k_hat=5  ACC=0.9429  NMI=0.8800  ARI=0.8592  1.9s

=== P1L_S3_C1 train[0] k=5  dim=576  frames=246  σ=0.0  fold=4 ===
  BDOSC: k_hat=5  ACC=0.4959  NMI=0.6330  ARI=0.3584  3.7s

=== P1L_S3_C1 train[1] k=5  dim=576  frames=289  σ=0.0  fold=4 ===
  BDOSC: k_hat=5  ACC=0.4948  NMI=0.6860  ARI=0.4172  5.3s

=== P1L_S3_C1 train[2] k=5  dim=576  frames=241  σ=0.0  fold=4 ===
  BDOSC: k_hat=5  ACC=0.6515  NMI=0.6665  ARI=0.4586  3.7s

=== P1L_S3_C1 train[3] k=5  dim=576  frames=312  σ=0.0  fold=4 ===
  BDOSC: k_hat=5  ACC=0.6603  NMI=0.7726  ARI=0.6067  6.2s

=== P1L_S3_C2 train[0] k=5  dim=576  frames=262  σ=0.0  fold=4 ===
  BDOSC: k_hat=5  ACC=0.7099  NMI=0.6875  ARI=0.4916  4.3s

=== P1L_S3_C2 train[1] k=5  dim=576  frames=287  σ=0.0  fold=4 ===
  BDOSC: k_hat=5  ACC=0.7875  NMI=0.7724  ARI=0.5829  5.3s

=== P1L_S3_C2 train[2] k=5  dim=576  frames=304  σ=0.0  fold=4 ===
  BDOSC: k_hat=5  ACC=0.6645  NMI=0.7199  ARI=0.6039  5.9s

=== P1L_S3_C2 train[3] k=5  dim=576  frames=329  σ=0.0  fold=4 ===
  BDOSC: k_hat=5  ACC=0.6900  NMI=0.6866  ARI=0.5133  7.0s

=== P1L_S3_C3 train[0] k=5  dim=576  frames=231  σ=0.0  fold=4 ===
  BDOSC: k_hat=5  ACC=0.8658  NMI=0.8136  ARI=0.6793  3.3s

=== P1L_S3_C3 train[1] k=5  dim=576  frames=210  σ=0.0  fold=4 ===
  BDOSC: k_hat=5  ACC=0.9095  NMI=0.8512  ARI=0.8000  2.7s

=== P1L_S3_C3 train[2] k=5  dim=576  frames=225  σ=0.0  fold=4 ===
  BDOSC: k_hat=5  ACC=0.9022  NMI=0.8477  ARI=0.7995  3.1s

=== P1L_S3_C3 train[3] k=5  dim=576  frames=210  σ=0.0  fold=4 ===
  BDOSC: k_hat=5  ACC=0.8667  NMI=0.8055  ARI=0.7070  2.7s

=== P1L_S4_C1 train[0] k=5  dim=576  frames=313  σ=0.0  fold=4 ===
  BDOSC: k_hat=5  ACC=0.6486  NMI=0.6582  ARI=0.4857  6.3s

=== P1L_S4_C1 train[1] k=5  dim=576  frames=255  σ=0.0  fold=4 ===
  BDOSC: k_hat=5  ACC=0.9373  NMI=0.8811  ARI=0.8399  4.2s

=== P1L_S4_C1 train[2] k=5  dim=576  frames=253  σ=0.0  fold=4 ===
  BDOSC: k_hat=5  ACC=0.9051  NMI=0.8513  ARI=0.8128  4.0s

=== P1L_S4_C1 train[3] k=5  dim=576  frames=278  σ=0.0  fold=4 ===
  BDOSC: k_hat=5  ACC=0.8633  NMI=0.8222  ARI=0.7044  4.9s

=== P1L_S4_C2 train[0] k=5  dim=576  frames=267  σ=0.0  fold=4 ===
  BDOSC: k_hat=5  ACC=0.8614  NMI=0.8405  ARI=0.7606  4.5s

=== P1L_S4_C2 train[1] k=5  dim=576  frames=257  σ=0.0  fold=4 ===
  BDOSC: k_hat=5  ACC=0.8093  NMI=0.7517  ARI=0.5990  4.4s

=== P1L_S4_C2 train[2] k=5  dim=576  frames=279  σ=0.0  fold=4 ===
  BDOSC: k_hat=5  ACC=0.5878  NMI=0.6760  ARI=0.4889  5.0s

=== P1L_S4_C2 train[3] k=5  dim=576  frames=258  σ=0.0  fold=4 ===
  BDOSC: k_hat=5  ACC=0.6550  NMI=0.7287  ARI=0.5671  4.2s

=== P1L_S4_C3 train[0] k=5  dim=576  frames=180  σ=0.0  fold=4 ===
  BDOSC: k_hat=5  ACC=0.9278  NMI=0.8680  ARI=0.8183  2.0s

=== P1L_S4_C3 train[1] k=5  dim=576  frames=158  σ=0.0  fold=4 ===
  BDOSC: k_hat=5  ACC=0.9494  NMI=0.8911  ARI=0.8644  1.6s

=== P1L_S4_C3 train[2] k=5  dim=576  frames=188  σ=0.0  fold=4 ===
  BDOSC: k_hat=5  ACC=0.6223  NMI=0.7066  ARI=0.5341  2.1s

=== P1L_S4_C3 train[3] k=5  dim=576  frames=169  σ=0.0  fold=4 ===
  BDOSC: k_hat=5  ACC=0.7041  NMI=0.8275  ARI=0.6770  1.8s

=== P1E_S1_C1 test[0] k=5  dim=576  frames=268  σ=0.0  fold=4 ===
  BDOSC: k_hat=5  ACC=0.7537  NMI=0.7207  ARI=0.5146  4.2s

=== P1E_S1_C2 test[0] k=5  dim=576  frames=215  σ=0.0  fold=4 ===
  BDOSC: k_hat=5  ACC=0.9628  NMI=0.9177  ARI=0.9129  2.8s

=== P1E_S1_C3 test[0] k=5  dim=576  frames=107  σ=0.0  fold=4 ===
  BDOSC: k_hat=5  ACC=0.9159  NMI=0.8393  ARI=0.8053  0.7s

=== P1E_S2_C1 test[0] k=5  dim=576  frames=241  σ=0.0  fold=4 ===
  BDOSC: k_hat=5  ACC=0.8963  NMI=0.8709  ARI=0.7889  3.7s

=== P1E_S2_C2 test[0] k=5  dim=576  frames=212  σ=0.0  fold=4 ===
  BDOSC: k_hat=5  ACC=0.9057  NMI=0.8337  ARI=0.7899  2.7s

=== P1E_S2_C3 test[0] k=5  dim=576  frames=154  σ=0.0  fold=4 ===
  BDOSC: k_hat=5  ACC=0.9740  NMI=0.9341  ARI=0.9362  1.4s

=== P1E_S3_C1 test[0] k=5  dim=576  frames=237  σ=0.0  fold=4 ===
  BDOSC: k_hat=5  ACC=0.6540  NMI=0.7563  ARI=0.5580  3.5s

=== P1E_S3_C2 test[0] k=5  dim=576  frames=188  σ=0.0  fold=4 ===
  BDOSC: k_hat=5  ACC=0.6862  NMI=0.8113  ARI=0.6288  2.1s

=== P1E_S3_C3 test[0] k=5  dim=576  frames=168  σ=0.0  fold=4 ===
  BDOSC: k_hat=5  ACC=1.0000  NMI=1.0000  ARI=1.0000  1.7s

=== P1E_S4_C1 test[0] k=5  dim=576  frames=217  σ=0.0  fold=4 ===
  BDOSC: k_hat=5  ACC=0.9217  NMI=0.8630  ARI=0.8320  2.9s

=== P1E_S4_C2 test[0] k=5  dim=576  frames=198  σ=0.0  fold=4 ===
  BDOSC: k_hat=5  ACC=0.8939  NMI=0.8535  ARI=0.7696  2.4s

=== P1E_S4_C3 test[0] k=5  dim=576  frames=147  σ=0.0  fold=4 ===
  BDOSC: k_hat=5  ACC=1.0000  NMI=1.0000  ARI=1.0000  1.3s

=== P1L_S1_C1 test[0] k=5  dim=576  frames=285  σ=0.0  fold=4 ===
  BDOSC: k_hat=5  ACC=0.8982  NMI=0.8529  ARI=0.7704  5.2s

=== P1L_S1_C2 test[0] k=5  dim=576  frames=270  σ=0.0  fold=4 ===
  BDOSC: k_hat=5  ACC=0.7185  NMI=0.7985  ARI=0.6628  4.6s

=== P1L_S1_C3 test[0] k=5  dim=576  frames=124  σ=0.0  fold=4 ===
  BDOSC: k_hat=5  ACC=0.7742  NMI=0.8044  ARI=0.6899  0.9s

=== P1L_S2_C1 test[0] k=5  dim=576  frames=265  σ=0.0  fold=4 ===
  BDOSC: k_hat=5  ACC=0.7660  NMI=0.8308  ARI=0.7330  4.4s

=== P1L_S2_C2 test[0] k=5  dim=576  frames=222  σ=0.0  fold=4 ===
  BDOSC: k_hat=5  ACC=0.8559  NMI=0.8190  ARI=0.7145  3.1s

=== P1L_S2_C3 test[0] k=5  dim=576  frames=179  σ=0.0  fold=4 ===
  BDOSC: k_hat=5  ACC=0.9665  NMI=0.9171  ARI=0.9249  1.9s

=== P1L_S3_C1 test[0] k=5  dim=576  frames=241  σ=0.0  fold=4 ===
  BDOSC: k_hat=5  ACC=0.7178  NMI=0.8408  ARI=0.7116  3.7s

=== P1L_S3_C2 test[0] k=5  dim=576  frames=290  σ=0.0  fold=4 ===
  BDOSC: k_hat=5  ACC=0.6483  NMI=0.7132  ARI=0.5106  5.4s

=== P1L_S3_C3 test[0] k=5  dim=576  frames=229  σ=0.0  fold=4 ===
  BDOSC: k_hat=5  ACC=0.8559  NMI=0.8231  ARI=0.6950  3.3s

=== P1L_S4_C1 test[0] k=5  dim=576  frames=344  σ=0.0  fold=4 ===
  BDOSC: k_hat=5  ACC=0.7035  NMI=0.8139  ARI=0.6681  7.8s

=== P1L_S4_C2 test[0] k=5  dim=576  frames=266  σ=0.0  fold=4 ===
  BDOSC: k_hat=5  ACC=0.7820  NMI=0.7098  ARI=0.5362  4.4s

=== P1L_S4_C3 test[0] k=5  dim=576  frames=185  σ=0.0  fold=4 ===
  BDOSC: k_hat=5  ACC=0.9892  NMI=0.9741  ARI=0.9749  2.1s

=== inference time per method ===
  BDOSC: mean=3.3392s  std=1.6515s  total=2003.5s  n=600
wrote /nfs/turbo/umms-minjilab/lpullela/icassp_ssc_tv2/block_ssc_benchmark/cv/results/surveillance/split_k5_clean_min30_trials20_knownk_scaled_cv_bdosc_k5_sigma0_timing.json

=== mean over matrices ===
  BDOSC train σ=0.0: ACC=0.8205  NMI=0.8119  ARI=0.7119  n=480
  BDOSC test σ=0.0: ACC=0.8205  NMI=0.8119  ARI=0.7119  n=120

wrote /nfs/turbo/umms-minjilab/lpullela/icassp_ssc_tv2/block_ssc_benchmark/cv/results/surveillance/split_k5_clean_min30_trials20_knownk_scaled_cv_bdosc_k5_sigma0.csv
end=Sat Sep  5 19:52:13 EDT 2026
Experiment completed!
