========================================
Job: cv_gram_ncut_k8_s0p5
Method: Gram-NCut  k: 8  sigma: 0.5
========================================
host=gl3089.arc-ts.umich.edu  python=/home/lpullela/miniconda3/envs/ssc_559/bin/python  start=Sat Sep  5 19:18:23 EDT 2026
Loading P1E_S1_C1
  Y: (576, 1236)  people=25  frames/person=[60, 61, 50, 48, 51, 35, 41, 56, 55, 49, 65, 50, 63, 38, 61, 48, 50, 49, 50, 30, 42, 60, 32, 39, 53]  min=30
Loading P1E_S1_C2
  Y: (576, 1031)  people=25  frames/person=[42, 48, 31, 35, 50, 45, 30, 32, 38, 40, 61, 41, 47, 33, 46, 36, 41, 45, 42, 36, 33, 50, 53, 33, 43]  min=30
Loading P1E_S1_C3
  Y: (576, 453)  people=25  frames/person=[15, 22, 16, 16, 17, 13, 14, 19, 14, 25, 26, 12, 21, 18, 22, 19, 13, 19, 16, 15, 8, 15, 30, 20, 28]  min=8
  warning: 24 people have fewer than 30 available frames (kept all)
Loading P1E_S2_C1
  Y: (576, 1256)  people=25  frames/person=[65, 50, 50, 51, 53, 48, 49, 60, 33, 48, 61, 58, 52, 32, 55, 35, 45, 53, 40, 53, 51, 65, 64, 42, 43]  min=32
Loading P1E_S2_C2
  Y: (576, 1042)  people=25  frames/person=[33, 48, 38, 41, 53, 36, 39, 47, 51, 36, 55, 44, 43, 25, 42, 41, 37, 45, 41, 38, 40, 54, 49, 33, 33]  min=25
  warning: 1 people have fewer than 30 available frames (kept all)
Loading P1E_S2_C3
  Y: (576, 816)  people=25  frames/person=[36, 33, 28, 32, 42, 37, 31, 36, 31, 23, 42, 36, 35, 20, 33, 33, 32, 32, 32, 29, 32, 42, 38, 27, 24]  min=20
  warning: 6 people have fewer than 30 available frames (kept all)
Loading P1E_S3_C1
  Y: (576, 1255)  people=25  frames/person=[43, 39, 47, 52, 58, 96, 42, 31, 79, 33, 67, 55, 44, 34, 40, 48, 54, 77, 45, 41, 46, 53, 56, 38, 37]  min=31
Loading P1E_S3_C2
  Y: (576, 1126)  people=25  frames/person=[57, 56, 35, 40, 49, 75, 34, 40, 70, 26, 65, 54, 43, 28, 32, 43, 48, 31, 36, 33, 42, 71, 57, 30, 31]  min=26
  warning: 2 people have fewer than 30 available frames (kept all)
Loading P1E_S3_C3
  Y: (576, 866)  people=25  frames/person=[43, 36, 24, 33, 37, 47, 29, 37, 55, 18, 40, 40, 31, 22, 30, 39, 35, 45, 30, 28, 30, 50, 42, 20, 25]  min=18
  warning: 7 people have fewer than 30 available frames (kept all)
Loading P1E_S4_C1
  Y: (576, 1247)  people=25  frames/person=[58, 54, 34, 56, 50, 59, 50, 56, 74, 38, 75, 35, 46, 31, 53, 40, 57, 32, 56, 33, 48, 67, 59, 48, 38]  min=31
Loading P1E_S4_C2
  Y: (576, 1051)  people=25  frames/person=[37, 37, 41, 46, 41, 49, 38, 45, 65, 30, 39, 48, 50, 34, 43, 36, 47, 52, 45, 37, 38, 50, 30, 37, 36]  min=30
Loading P1E_S4_C3
  Y: (576, 719)  people=25  frames/person=[28, 29, 22, 29, 24, 36, 31, 29, 33, 25, 37, 19, 28, 21, 25, 27, 25, 41, 27, 29, 26, 31, 45, 29, 23]  min=19
  warning: 18 people have fewer than 30 available frames (kept all)
Loading P1L_S1_C1
  Y: (576, 1391)  people=25  frames/person=[65, 68, 43, 64, 47, 40, 58, 33, 75, 41, 58, 72, 58, 49, 66, 67, 65, 43, 59, 57, 58, 51, 67, 32, 55]  min=32
Loading P1L_S1_C2
  Y: (576, 1309)  people=25  frames/person=[30, 65, 37, 63, 66, 54, 52, 52, 43, 49, 71, 49, 58, 48, 54, 66, 56, 36, 48, 49, 55, 66, 52, 39, 51]  min=30
Loading P1L_S1_C3
  Y: (576, 565)  people=25  frames/person=[27, 29, 20, 26, 19, 25, 22, 12, 28, 25, 20, 25, 23, 18, 21, 23, 25, 26, 23, 21, 18, 18, 30, 18, 23]  min=12
  warning: 24 people have fewer than 30 available frames (kept all)
Loading P1L_S2_C1
  Y: (576, 1470)  people=25  frames/person=[73, 68, 53, 64, 65, 41, 73, 55, 37, 31, 82, 75, 63, 45, 34, 48, 74, 84, 71, 64, 62, 65, 48, 33, 62]  min=31
Loading P1L_S2_C2
  Y: (576, 1393)  people=25  frames/person=[64, 65, 49, 62, 69, 69, 63, 61, 80, 34, 89, 57, 53, 52, 55, 38, 30, 30, 66, 36, 57, 51, 73, 41, 49]  min=30
Loading P1L_S2_C3
  Y: (576, 897)  people=25  frames/person=[40, 36, 29, 28, 35, 37, 36, 36, 50, 28, 55, 46, 34, 31, 35, 32, 30, 48, 37, 29, 36, 39, 45, 19, 26]  min=19
  warning: 6 people have fewer than 30 available frames (kept all)
Loading P1L_S3_C1
  Y: (576, 1329)  people=25  frames/person=[31, 33, 30, 51, 74, 75, 59, 65, 66, 43, 47, 39, 65, 50, 58, 71, 67, 36, 57, 35, 62, 31, 74, 59, 51]  min=30
Loading P1L_S3_C2
  Y: (576, 1472)  people=25  frames/person=[78, 38, 48, 51, 54, 71, 61, 71, 32, 50, 75, 38, 72, 63, 48, 67, 49, 87, 52, 56, 58, 85, 73, 56, 39]  min=32
Loading P1L_S3_C3
  Y: (576, 1105)  people=25  frames/person=[48, 44, 38, 38, 39, 45, 35, 55, 52, 26, 81, 39, 36, 36, 44, 54, 42, 61, 38, 31, 34, 53, 51, 44, 41]  min=26
  warning: 1 people have fewer than 30 available frames (kept all)
Loading P1L_S4_C1
  Y: (576, 1443)  people=25  frames/person=[50, 69, 44, 41, 78, 43, 32, 71, 45, 65, 59, 39, 56, 57, 68, 69, 70, 73, 51, 63, 47, 70, 57, 52, 74]  min=32
Loading P1L_S4_C2
  Y: (576, 1327)  people=25  frames/person=[71, 34, 39, 54, 63, 67, 52, 39, 52, 56, 59, 50, 51, 53, 63, 50, 71, 63, 48, 35, 31, 71, 43, 52, 60]  min=31
Loading P1L_S4_C3
  Y: (576, 880)  people=25  frames/person=[37, 41, 23, 26, 32, 34, 22, 32, 50, 29, 38, 44, 31, 34, 37, 39, 39, 39, 38, 26, 25, 50, 41, 33, 40]  min=22
  warning: 6 people have fewer than 30 available frames (kept all)
sequences=24  people=25  k=8
frames/person ~ Unif[30, 100]
down_hw=24  sigmas=(0.5,)  n_trials=20  known_k=True  csv=split_k8_sigmas_min30_trials20_knownk_cv_gram_ncut_k8_sigma0p5.csv
SSC-Block-TV block_size searched in [2, 12]
CV mode: 3 folds of size 8, each rotated as test
  1 people unused (remainder dropped)
  group 0: ['0004', '0006', '0009', '0013', '0014', '0022', '0026', '0027']
  group 1: ['0001', '0005', '0011', '0015', '0019', '0023', '0024', '0025']
  group 2: ['0003', '0007', '0010', '0012', '0016', '0017', '0020', '0021']
methods=['Gram-NCut']  append=False  hetero_noise=False  no_tune=False

============================================================
σ=0.5 fold=0  test=['0004', '0006', '0009', '0013', '0014', '0022', '0026', '0027']  train mats=48  test mats=24
  Gram-NCut: skip tuning, fixed 
  wrote /nfs/turbo/umms-minjilab/lpullela/icassp_ssc_tv2/block_ssc_benchmark/cv/params/surveillance/split_k8_sigmas_min30_trials20_params_knownk_cv_gram_ncut_k8_sigma0p5_sigma0.5_fold0.json

=== P1E_S1_C1 train[0] k=8  dim=576  frames=410  σ=0.5  fold=0 ===
  Gram-NCut: k_hat=8  ACC=0.5610  NMI=0.7811  ARI=0.5296  0.3s

=== P1E_S1_C1 train[1] k=8  dim=576  frames=399  σ=0.5  fold=0 ===
  Gram-NCut: k_hat=8  ACC=0.7419  NMI=0.8295  ARI=0.6308  0.3s

=== P1E_S1_C2 train[0] k=8  dim=576  frames=339  σ=0.5  fold=0 ===
  Gram-NCut: k_hat=8  ACC=0.4926  NMI=0.7321  ARI=0.4592  0.2s

=== P1E_S1_C2 train[1] k=8  dim=576  frames=331  σ=0.5  fold=0 ===
  Gram-NCut: k_hat=8  ACC=0.7946  NMI=0.8341  ARI=0.7110  0.2s

=== P1E_S1_C3 train[0] k=8  dim=576  frames=132  σ=0.5  fold=0 ===
  Gram-NCut: k_hat=8  ACC=0.6439  NMI=0.7582  ARI=0.5343  0.0s

=== P1E_S1_C3 train[1] k=8  dim=576  frames=154  σ=0.5  fold=0 ===
  Gram-NCut: k_hat=8  ACC=0.7013  NMI=0.7902  ARI=0.5998  0.0s

=== P1E_S2_C1 train[0] k=8  dim=576  frames=426  σ=0.5  fold=0 ===
  Gram-NCut: k_hat=8  ACC=0.5446  NMI=0.7715  ARI=0.4703  0.4s

=== P1E_S2_C1 train[1] k=8  dim=576  frames=386  σ=0.5  fold=0 ===
  Gram-NCut: k_hat=8  ACC=0.6736  NMI=0.7739  ARI=0.5411  0.3s

=== P1E_S2_C2 train[0] k=8  dim=576  frames=348  σ=0.5  fold=0 ===
  Gram-NCut: k_hat=8  ACC=0.8333  NMI=0.8694  ARI=0.7635  0.2s

=== P1E_S2_C2 train[1] k=8  dim=576  frames=320  σ=0.5  fold=0 ===
  Gram-NCut: k_hat=8  ACC=0.6469  NMI=0.7634  ARI=0.5761  0.2s

=== P1E_S2_C3 train[0] k=8  dim=576  frames=278  σ=0.5  fold=0 ===
  Gram-NCut: k_hat=8  ACC=0.7230  NMI=0.7806  ARI=0.6159  0.1s

=== P1E_S2_C3 train[1] k=8  dim=576  frames=246  σ=0.5  fold=0 ===
  Gram-NCut: k_hat=8  ACC=0.8293  NMI=0.8831  ARI=0.7754  0.1s

=== P1E_S3_C1 train[0] k=8  dim=576  frames=427  σ=0.5  fold=0 ===
  Gram-NCut: k_hat=8  ACC=0.6276  NMI=0.7909  ARI=0.5976  0.3s

=== P1E_S3_C1 train[1] k=8  dim=576  frames=395  σ=0.5  fold=0 ===
  Gram-NCut: k_hat=8  ACC=0.7190  NMI=0.8058  ARI=0.6078  0.3s

=== P1E_S3_C2 train[0] k=8  dim=576  frames=428  σ=0.5  fold=0 ===
  Gram-NCut: k_hat=8  ACC=0.7150  NMI=0.7953  ARI=0.6331  0.3s

=== P1E_S3_C2 train[1] k=8  dim=576  frames=324  σ=0.5  fold=0 ===
  Gram-NCut: k_hat=8  ACC=0.6914  NMI=0.7911  ARI=0.5977  0.2s

=== P1E_S3_C3 train[0] k=8  dim=576  frames=319  σ=0.5  fold=0 ===
  Gram-NCut: k_hat=8  ACC=0.7994  NMI=0.8627  ARI=0.7215  0.2s

=== P1E_S3_C3 train[1] k=8  dim=576  frames=265  σ=0.5  fold=0 ===
  Gram-NCut: k_hat=8  ACC=0.7245  NMI=0.8461  ARI=0.6796  0.1s

=== P1E_S4_C1 train[0] k=8  dim=576  frames=465  σ=0.5  fold=0 ===
  Gram-NCut: k_hat=8  ACC=0.5462  NMI=0.7846  ARI=0.5169  0.4s

=== P1E_S4_C1 train[1] k=8  dim=576  frames=379  σ=0.5  fold=0 ===
  Gram-NCut: k_hat=8  ACC=0.7045  NMI=0.7930  ARI=0.6121  0.3s

=== P1E_S4_C2 train[0] k=8  dim=576  frames=363  σ=0.5  fold=0 ===
  Gram-NCut: k_hat=8  ACC=0.7879  NMI=0.8579  ARI=0.7466  0.2s

=== P1E_S4_C2 train[1] k=8  dim=576  frames=335  σ=0.5  fold=0 ===
  Gram-NCut: k_hat=8  ACC=0.7821  NMI=0.8593  ARI=0.7039  0.2s

=== P1E_S4_C3 train[0] k=8  dim=576  frames=245  σ=0.5  fold=0 ===
  Gram-NCut: k_hat=8  ACC=0.6204  NMI=0.7199  ARI=0.4563  0.1s

=== P1E_S4_C3 train[1] k=8  dim=576  frames=233  σ=0.5  fold=0 ===
  Gram-NCut: k_hat=8  ACC=0.6009  NMI=0.7573  ARI=0.5431  0.1s

=== P1L_S1_C1 train[0] k=8  dim=576  frames=503  σ=0.5  fold=0 ===
  Gram-NCut: k_hat=8  ACC=0.8489  NMI=0.9160  ARI=0.8071  0.5s

=== P1L_S1_C1 train[1] k=8  dim=576  frames=399  σ=0.5  fold=0 ===
  Gram-NCut: k_hat=8  ACC=0.8221  NMI=0.8652  ARI=0.7619  0.3s

=== P1L_S1_C2 train[0] k=8  dim=576  frames=423  σ=0.5  fold=0 ===
  Gram-NCut: k_hat=8  ACC=0.6548  NMI=0.7909  ARI=0.5847  0.3s

=== P1L_S1_C2 train[1] k=8  dim=576  frames=406  σ=0.5  fold=0 ===
  Gram-NCut: k_hat=8  ACC=0.5320  NMI=0.7378  ARI=0.4277  0.3s

=== P1L_S1_C3 train[0] k=8  dim=576  frames=195  σ=0.5  fold=0 ===
  Gram-NCut: k_hat=8  ACC=0.6615  NMI=0.8576  ARI=0.6669  0.1s

=== P1L_S1_C3 train[1] k=8  dim=576  frames=179  σ=0.5  fold=0 ===
  Gram-NCut: k_hat=8  ACC=0.6760  NMI=0.7956  ARI=0.5876  0.1s

=== P1L_S2_C1 train[0] k=8  dim=576  frames=486  σ=0.5  fold=0 ===
  Gram-NCut: k_hat=8  ACC=0.7305  NMI=0.8381  ARI=0.6837  0.4s

=== P1L_S2_C1 train[1] k=8  dim=576  frames=429  σ=0.5  fold=0 ===
  Gram-NCut: k_hat=8  ACC=0.8834  NMI=0.8771  ARI=0.7758  0.3s

=== P1L_S2_C2 train[0] k=8  dim=576  frames=470  σ=0.5  fold=0 ===
  Gram-NCut: k_hat=8  ACC=0.8915  NMI=0.8909  ARI=0.8053  0.4s

=== P1L_S2_C2 train[1] k=8  dim=576  frames=432  σ=0.5  fold=0 ===
  Gram-NCut: k_hat=8  ACC=0.7523  NMI=0.8157  ARI=0.6663  0.3s

=== P1L_S2_C3 train[0] k=8  dim=576  frames=302  σ=0.5  fold=0 ===
  Gram-NCut: k_hat=8  ACC=0.7152  NMI=0.8476  ARI=0.6979  0.2s

=== P1L_S2_C3 train[1] k=8  dim=576  frames=288  σ=0.5  fold=0 ===
  Gram-NCut: k_hat=8  ACC=0.7535  NMI=0.8412  ARI=0.6771  0.1s

=== P1L_S3_C1 train[0] k=8  dim=576  frames=447  σ=0.5  fold=0 ===
  Gram-NCut: k_hat=8  ACC=0.7069  NMI=0.7933  ARI=0.6023  0.4s

=== P1L_S3_C1 train[1] k=8  dim=576  frames=417  σ=0.5  fold=0 ===
  Gram-NCut: k_hat=8  ACC=0.6691  NMI=0.8145  ARI=0.5793  0.3s

=== P1L_S3_C2 train[0] k=8  dim=576  frames=498  σ=0.5  fold=0 ===
  Gram-NCut: k_hat=8  ACC=0.6526  NMI=0.7570  ARI=0.5814  0.4s

=== P1L_S3_C2 train[1] k=8  dim=576  frames=480  σ=0.5  fold=0 ===
  Gram-NCut: k_hat=8  ACC=0.7333  NMI=0.7796  ARI=0.6033  0.4s

=== P1L_S3_C3 train[0] k=8  dim=576  frames=354  σ=0.5  fold=0 ===
  Gram-NCut: k_hat=8  ACC=0.6582  NMI=0.8001  ARI=0.6005  0.2s

=== P1L_S3_C3 train[1] k=8  dim=576  frames=349  σ=0.5  fold=0 ===
  Gram-NCut: k_hat=8  ACC=0.8481  NMI=0.8446  ARI=0.7218  0.2s

=== P1L_S4_C1 train[0] k=8  dim=576  frames=436  σ=0.5  fold=0 ===
  Gram-NCut: k_hat=8  ACC=0.8188  NMI=0.9084  ARI=0.7909  0.3s

=== P1L_S4_C1 train[1] k=8  dim=576  frames=497  σ=0.5  fold=0 ===
  Gram-NCut: k_hat=8  ACC=0.6378  NMI=0.8132  ARI=0.6041  0.4s

=== P1L_S4_C2 train[0] k=8  dim=576  frames=444  σ=0.5  fold=0 ===
  Gram-NCut: k_hat=8  ACC=0.8986  NMI=0.8846  ARI=0.8187  0.3s

=== P1L_S4_C2 train[1] k=8  dim=576  frames=423  σ=0.5  fold=0 ===
  Gram-NCut: k_hat=8  ACC=0.7258  NMI=0.8224  ARI=0.6512  0.3s

=== P1L_S4_C3 train[0] k=8  dim=576  frames=299  σ=0.5  fold=0 ===
  Gram-NCut: k_hat=8  ACC=0.6355  NMI=0.7889  ARI=0.5643  0.2s

=== P1L_S4_C3 train[1] k=8  dim=576  frames=284  σ=0.5  fold=0 ===
  Gram-NCut: k_hat=8  ACC=0.7465  NMI=0.8413  ARI=0.6990  0.1s

=== P1E_S1_C1 test[0] k=8  dim=576  frames=379  σ=0.5  fold=0 ===
  Gram-NCut: k_hat=8  ACC=0.7045  NMI=0.8632  ARI=0.6924  0.3s

=== P1E_S1_C2 test[0] k=8  dim=576  frames=325  σ=0.5  fold=0 ===
  Gram-NCut: k_hat=8  ACC=0.8185  NMI=0.8562  ARI=0.7230  0.2s

=== P1E_S1_C3 test[0] k=8  dim=576  frames=148  σ=0.5  fold=0 ===
  Gram-NCut: k_hat=8  ACC=0.6689  NMI=0.8067  ARI=0.6027  0.0s

=== P1E_S2_C1 test[0] k=8  dim=576  frames=409  σ=0.5  fold=0 ===
  Gram-NCut: k_hat=8  ACC=0.7677  NMI=0.8450  ARI=0.7185  0.3s

=== P1E_S2_C2 test[0] k=8  dim=576  frames=333  σ=0.5  fold=0 ===
  Gram-NCut: k_hat=8  ACC=0.8138  NMI=0.8884  ARI=0.7529  0.2s

=== P1E_S2_C3 test[0] k=8  dim=576  frames=259  σ=0.5  fold=0 ===
  Gram-NCut: k_hat=8  ACC=0.9266  NMI=0.9061  ARI=0.8314  0.1s

=== P1E_S3_C1 test[0] k=8  dim=576  frames=385  σ=0.5  fold=0 ===
  Gram-NCut: k_hat=8  ACC=0.6338  NMI=0.7970  ARI=0.6069  0.3s

=== P1E_S3_C2 test[0] k=8  dim=576  frames=331  σ=0.5  fold=0 ===
  Gram-NCut: k_hat=8  ACC=0.7492  NMI=0.8257  ARI=0.6188  0.2s

=== P1E_S3_C3 test[0] k=8  dim=576  frames=243  σ=0.5  fold=0 ===
  Gram-NCut: k_hat=8  ACC=0.9959  NMI=0.9917  ARI=0.9929  0.1s

=== P1E_S4_C1 test[0] k=8  dim=576  frames=363  σ=0.5  fold=0 ===
  Gram-NCut: k_hat=8  ACC=0.6612  NMI=0.8222  ARI=0.6175  0.2s

=== P1E_S4_C2 test[0] k=8  dim=576  frames=317  σ=0.5  fold=0 ===
  Gram-NCut: k_hat=8  ACC=0.9338  NMI=0.9103  ARI=0.8597  0.2s

=== P1E_S4_C3 test[0] k=8  dim=576  frames=214  σ=0.5  fold=0 ===
  Gram-NCut: k_hat=8  ACC=0.8131  NMI=0.8630  ARI=0.7290  0.1s

=== P1L_S1_C1 test[0] k=8  dim=576  frames=422  σ=0.5  fold=0 ===
  Gram-NCut: k_hat=8  ACC=0.9218  NMI=0.9319  ARI=0.8416  0.3s

=== P1L_S1_C2 test[0] k=8  dim=576  frames=414  σ=0.5  fold=0 ===
  Gram-NCut: k_hat=8  ACC=0.7585  NMI=0.8732  ARI=0.7156  0.3s

=== P1L_S1_C3 test[0] k=8  dim=576  frames=168  σ=0.5  fold=0 ===
  Gram-NCut: k_hat=8  ACC=0.8393  NMI=0.9367  ARI=0.8254  0.0s

=== P1L_S2_C1 test[0] k=8  dim=576  frames=507  σ=0.5  fold=0 ===
  Gram-NCut: k_hat=8  ACC=0.8895  NMI=0.9427  ARI=0.8841  0.5s

=== P1L_S2_C2 test[0] k=8  dim=576  frames=453  σ=0.5  fold=0 ===
  Gram-NCut: k_hat=8  ACC=0.7947  NMI=0.8666  ARI=0.7582  0.4s

=== P1L_S2_C3 test[0] k=8  dim=576  frames=275  σ=0.5  fold=0 ===
  Gram-NCut: k_hat=8  ACC=0.8473  NMI=0.8818  ARI=0.7400  0.1s

=== P1L_S3_C1 test[0] k=8  dim=576  frames=394  σ=0.5  fold=0 ===
  Gram-NCut: k_hat=8  ACC=0.7690  NMI=0.8291  ARI=0.6654  0.3s

=== P1L_S3_C2 test[0] k=8  dim=576  frames=427  σ=0.5  fold=0 ===
  Gram-NCut: k_hat=8  ACC=0.8501  NMI=0.9098  ARI=0.8186  0.3s

=== P1L_S3_C3 test[0] k=8  dim=576  frames=348  σ=0.5  fold=0 ===
  Gram-NCut: k_hat=8  ACC=0.8190  NMI=0.8834  ARI=0.7668  0.2s

=== P1L_S4_C1 test[0] k=8  dim=576  frames=441  σ=0.5  fold=0 ===
  Gram-NCut: k_hat=8  ACC=0.8549  NMI=0.9307  ARI=0.8403  0.3s

=== P1L_S4_C2 test[0] k=8  dim=576  frames=410  σ=0.5  fold=0 ===
  Gram-NCut: k_hat=8  ACC=0.9780  NMI=0.9668  ARI=0.9521  0.3s

=== P1L_S4_C3 test[0] k=8  dim=576  frames=258  σ=0.5  fold=0 ===
  Gram-NCut: k_hat=8  ACC=0.8837  NMI=0.9286  ARI=0.8041  0.1s

============================================================
σ=0.5 fold=1  test=['0001', '0005', '0011', '0015', '0019', '0023', '0024', '0025']  train mats=48  test mats=24
  Gram-NCut: skip tuning, fixed 
  wrote /nfs/turbo/umms-minjilab/lpullela/icassp_ssc_tv2/block_ssc_benchmark/cv/params/surveillance/split_k8_sigmas_min30_trials20_params_knownk_cv_gram_ncut_k8_sigma0p5_sigma0.5_fold1.json

=== P1E_S1_C1 train[0] k=8  dim=576  frames=379  σ=0.5  fold=1 ===
  Gram-NCut: k_hat=8  ACC=0.7045  NMI=0.8632  ARI=0.6924  0.3s

=== P1E_S1_C1 train[1] k=8  dim=576  frames=399  σ=0.5  fold=1 ===
  Gram-NCut: k_hat=8  ACC=0.7419  NMI=0.8295  ARI=0.6308  0.3s

=== P1E_S1_C2 train[0] k=8  dim=576  frames=325  σ=0.5  fold=1 ===
  Gram-NCut: k_hat=8  ACC=0.8185  NMI=0.8562  ARI=0.7230  0.2s

=== P1E_S1_C2 train[1] k=8  dim=576  frames=331  σ=0.5  fold=1 ===
  Gram-NCut: k_hat=8  ACC=0.7946  NMI=0.8341  ARI=0.7110  0.2s

=== P1E_S1_C3 train[0] k=8  dim=576  frames=148  σ=0.5  fold=1 ===
  Gram-NCut: k_hat=8  ACC=0.6689  NMI=0.8067  ARI=0.6027  0.0s

=== P1E_S1_C3 train[1] k=8  dim=576  frames=154  σ=0.5  fold=1 ===
  Gram-NCut: k_hat=8  ACC=0.7013  NMI=0.7902  ARI=0.5998  0.0s

=== P1E_S2_C1 train[0] k=8  dim=576  frames=409  σ=0.5  fold=1 ===
  Gram-NCut: k_hat=8  ACC=0.7677  NMI=0.8450  ARI=0.7185  0.3s

=== P1E_S2_C1 train[1] k=8  dim=576  frames=386  σ=0.5  fold=1 ===
  Gram-NCut: k_hat=8  ACC=0.6736  NMI=0.7739  ARI=0.5411  0.3s

=== P1E_S2_C2 train[0] k=8  dim=576  frames=333  σ=0.5  fold=1 ===
  Gram-NCut: k_hat=8  ACC=0.8138  NMI=0.8884  ARI=0.7529  0.2s

=== P1E_S2_C2 train[1] k=8  dim=576  frames=320  σ=0.5  fold=1 ===
  Gram-NCut: k_hat=8  ACC=0.6469  NMI=0.7634  ARI=0.5761  0.2s

=== P1E_S2_C3 train[0] k=8  dim=576  frames=259  σ=0.5  fold=1 ===
  Gram-NCut: k_hat=8  ACC=0.9266  NMI=0.9061  ARI=0.8314  0.1s

=== P1E_S2_C3 train[1] k=8  dim=576  frames=246  σ=0.5  fold=1 ===
  Gram-NCut: k_hat=8  ACC=0.8293  NMI=0.8831  ARI=0.7754  0.1s

=== P1E_S3_C1 train[0] k=8  dim=576  frames=385  σ=0.5  fold=1 ===
  Gram-NCut: k_hat=8  ACC=0.6338  NMI=0.7970  ARI=0.6069  0.3s

=== P1E_S3_C1 train[1] k=8  dim=576  frames=395  σ=0.5  fold=1 ===
  Gram-NCut: k_hat=8  ACC=0.7190  NMI=0.8058  ARI=0.6078  0.3s

=== P1E_S3_C2 train[0] k=8  dim=576  frames=331  σ=0.5  fold=1 ===
  Gram-NCut: k_hat=8  ACC=0.7492  NMI=0.8257  ARI=0.6188  0.2s

=== P1E_S3_C2 train[1] k=8  dim=576  frames=324  σ=0.5  fold=1 ===
  Gram-NCut: k_hat=8  ACC=0.6914  NMI=0.7911  ARI=0.5977  0.2s

=== P1E_S3_C3 train[0] k=8  dim=576  frames=243  σ=0.5  fold=1 ===
  Gram-NCut: k_hat=8  ACC=0.9959  NMI=0.9917  ARI=0.9929  0.1s

=== P1E_S3_C3 train[1] k=8  dim=576  frames=265  σ=0.5  fold=1 ===
  Gram-NCut: k_hat=8  ACC=0.7245  NMI=0.8461  ARI=0.6796  0.1s

=== P1E_S4_C1 train[0] k=8  dim=576  frames=363  σ=0.5  fold=1 ===
  Gram-NCut: k_hat=8  ACC=0.6612  NMI=0.8222  ARI=0.6175  0.2s

=== P1E_S4_C1 train[1] k=8  dim=576  frames=379  σ=0.5  fold=1 ===
  Gram-NCut: k_hat=8  ACC=0.7045  NMI=0.7930  ARI=0.6121  0.3s

=== P1E_S4_C2 train[0] k=8  dim=576  frames=317  σ=0.5  fold=1 ===
  Gram-NCut: k_hat=8  ACC=0.9338  NMI=0.9103  ARI=0.8597  0.2s

=== P1E_S4_C2 train[1] k=8  dim=576  frames=335  σ=0.5  fold=1 ===
  Gram-NCut: k_hat=8  ACC=0.7821  NMI=0.8593  ARI=0.7039  0.2s

=== P1E_S4_C3 train[0] k=8  dim=576  frames=214  σ=0.5  fold=1 ===
  Gram-NCut: k_hat=8  ACC=0.8131  NMI=0.8630  ARI=0.7290  0.1s

=== P1E_S4_C3 train[1] k=8  dim=576  frames=233  σ=0.5  fold=1 ===
  Gram-NCut: k_hat=8  ACC=0.6009  NMI=0.7573  ARI=0.5431  0.1s

=== P1L_S1_C1 train[0] k=8  dim=576  frames=422  σ=0.5  fold=1 ===
  Gram-NCut: k_hat=8  ACC=0.9218  NMI=0.9319  ARI=0.8416  0.3s

=== P1L_S1_C1 train[1] k=8  dim=576  frames=399  σ=0.5  fold=1 ===
  Gram-NCut: k_hat=8  ACC=0.8221  NMI=0.8652  ARI=0.7619  0.3s

=== P1L_S1_C2 train[0] k=8  dim=576  frames=414  σ=0.5  fold=1 ===
  Gram-NCut: k_hat=8  ACC=0.7585  NMI=0.8732  ARI=0.7156  0.3s

=== P1L_S1_C2 train[1] k=8  dim=576  frames=406  σ=0.5  fold=1 ===
  Gram-NCut: k_hat=8  ACC=0.5320  NMI=0.7378  ARI=0.4277  0.3s

=== P1L_S1_C3 train[0] k=8  dim=576  frames=168  σ=0.5  fold=1 ===
  Gram-NCut: k_hat=8  ACC=0.8393  NMI=0.9367  ARI=0.8254  0.0s

=== P1L_S1_C3 train[1] k=8  dim=576  frames=179  σ=0.5  fold=1 ===
  Gram-NCut: k_hat=8  ACC=0.6760  NMI=0.7956  ARI=0.5876  0.1s

=== P1L_S2_C1 train[0] k=8  dim=576  frames=507  σ=0.5  fold=1 ===
  Gram-NCut: k_hat=8  ACC=0.8895  NMI=0.9427  ARI=0.8841  0.5s

=== P1L_S2_C1 train[1] k=8  dim=576  frames=429  σ=0.5  fold=1 ===
  Gram-NCut: k_hat=8  ACC=0.8834  NMI=0.8771  ARI=0.7758  0.3s

=== P1L_S2_C2 train[0] k=8  dim=576  frames=453  σ=0.5  fold=1 ===
  Gram-NCut: k_hat=8  ACC=0.7947  NMI=0.8666  ARI=0.7582  0.4s

=== P1L_S2_C2 train[1] k=8  dim=576  frames=432  σ=0.5  fold=1 ===
  Gram-NCut: k_hat=8  ACC=0.7523  NMI=0.8157  ARI=0.6663  0.3s

=== P1L_S2_C3 train[0] k=8  dim=576  frames=275  σ=0.5  fold=1 ===
  Gram-NCut: k_hat=8  ACC=0.8473  NMI=0.8818  ARI=0.7400  0.1s

=== P1L_S2_C3 train[1] k=8  dim=576  frames=288  σ=0.5  fold=1 ===
  Gram-NCut: k_hat=8  ACC=0.7535  NMI=0.8412  ARI=0.6771  0.1s

=== P1L_S3_C1 train[0] k=8  dim=576  frames=394  σ=0.5  fold=1 ===
  Gram-NCut: k_hat=8  ACC=0.7690  NMI=0.8291  ARI=0.6654  0.3s

=== P1L_S3_C1 train[1] k=8  dim=576  frames=417  σ=0.5  fold=1 ===
  Gram-NCut: k_hat=8  ACC=0.6691  NMI=0.8145  ARI=0.5793  0.3s

=== P1L_S3_C2 train[0] k=8  dim=576  frames=427  σ=0.5  fold=1 ===
  Gram-NCut: k_hat=8  ACC=0.8501  NMI=0.9098  ARI=0.8186  0.3s

=== P1L_S3_C2 train[1] k=8  dim=576  frames=480  σ=0.5  fold=1 ===
  Gram-NCut: k_hat=8  ACC=0.7333  NMI=0.7796  ARI=0.6033  0.4s

=== P1L_S3_C3 train[0] k=8  dim=576  frames=348  σ=0.5  fold=1 ===
  Gram-NCut: k_hat=8  ACC=0.8190  NMI=0.8834  ARI=0.7668  0.2s

=== P1L_S3_C3 train[1] k=8  dim=576  frames=349  σ=0.5  fold=1 ===
  Gram-NCut: k_hat=8  ACC=0.8481  NMI=0.8446  ARI=0.7218  0.2s

=== P1L_S4_C1 train[0] k=8  dim=576  frames=441  σ=0.5  fold=1 ===
  Gram-NCut: k_hat=8  ACC=0.8549  NMI=0.9307  ARI=0.8403  0.3s

=== P1L_S4_C1 train[1] k=8  dim=576  frames=497  σ=0.5  fold=1 ===
  Gram-NCut: k_hat=8  ACC=0.6378  NMI=0.8132  ARI=0.6041  0.4s

=== P1L_S4_C2 train[0] k=8  dim=576  frames=410  σ=0.5  fold=1 ===
  Gram-NCut: k_hat=8  ACC=0.9780  NMI=0.9668  ARI=0.9521  0.3s

=== P1L_S4_C2 train[1] k=8  dim=576  frames=423  σ=0.5  fold=1 ===
  Gram-NCut: k_hat=8  ACC=0.7258  NMI=0.8224  ARI=0.6512  0.3s

=== P1L_S4_C3 train[0] k=8  dim=576  frames=258  σ=0.5  fold=1 ===
  Gram-NCut: k_hat=8  ACC=0.8837  NMI=0.9286  ARI=0.8041  0.1s

=== P1L_S4_C3 train[1] k=8  dim=576  frames=284  σ=0.5  fold=1 ===
  Gram-NCut: k_hat=8  ACC=0.7465  NMI=0.8413  ARI=0.6990  0.1s

=== P1E_S1_C1 test[0] k=8  dim=576  frames=410  σ=0.5  fold=1 ===
  Gram-NCut: k_hat=8  ACC=0.5610  NMI=0.7811  ARI=0.5296  0.3s

=== P1E_S1_C2 test[0] k=8  dim=576  frames=339  σ=0.5  fold=1 ===
  Gram-NCut: k_hat=8  ACC=0.4926  NMI=0.7321  ARI=0.4592  0.2s

=== P1E_S1_C3 test[0] k=8  dim=576  frames=132  σ=0.5  fold=1 ===
  Gram-NCut: k_hat=8  ACC=0.6439  NMI=0.7582  ARI=0.5343  0.0s

=== P1E_S2_C1 test[0] k=8  dim=576  frames=426  σ=0.5  fold=1 ===
  Gram-NCut: k_hat=8  ACC=0.5446  NMI=0.7715  ARI=0.4703  0.3s

=== P1E_S2_C2 test[0] k=8  dim=576  frames=348  σ=0.5  fold=1 ===
  Gram-NCut: k_hat=8  ACC=0.8333  NMI=0.8694  ARI=0.7635  0.2s

=== P1E_S2_C3 test[0] k=8  dim=576  frames=278  σ=0.5  fold=1 ===
  Gram-NCut: k_hat=8  ACC=0.7230  NMI=0.7806  ARI=0.6159  0.1s

=== P1E_S3_C1 test[0] k=8  dim=576  frames=427  σ=0.5  fold=1 ===
  Gram-NCut: k_hat=8  ACC=0.6276  NMI=0.7909  ARI=0.5976  0.3s

=== P1E_S3_C2 test[0] k=8  dim=576  frames=428  σ=0.5  fold=1 ===
  Gram-NCut: k_hat=8  ACC=0.7150  NMI=0.7953  ARI=0.6331  0.3s

=== P1E_S3_C3 test[0] k=8  dim=576  frames=319  σ=0.5  fold=1 ===
  Gram-NCut: k_hat=8  ACC=0.7994  NMI=0.8627  ARI=0.7215  0.2s

=== P1E_S4_C1 test[0] k=8  dim=576  frames=465  σ=0.5  fold=1 ===
  Gram-NCut: k_hat=8  ACC=0.5462  NMI=0.7846  ARI=0.5169  0.4s

=== P1E_S4_C2 test[0] k=8  dim=576  frames=363  σ=0.5  fold=1 ===
  Gram-NCut: k_hat=8  ACC=0.7879  NMI=0.8579  ARI=0.7466  0.2s

=== P1E_S4_C3 test[0] k=8  dim=576  frames=245  σ=0.5  fold=1 ===
  Gram-NCut: k_hat=8  ACC=0.6204  NMI=0.7199  ARI=0.4563  0.1s

=== P1L_S1_C1 test[0] k=8  dim=576  frames=503  σ=0.5  fold=1 ===
  Gram-NCut: k_hat=8  ACC=0.8489  NMI=0.9160  ARI=0.8071  0.5s

=== P1L_S1_C2 test[0] k=8  dim=576  frames=423  σ=0.5  fold=1 ===
  Gram-NCut: k_hat=8  ACC=0.6548  NMI=0.7909  ARI=0.5847  0.3s

=== P1L_S1_C3 test[0] k=8  dim=576  frames=195  σ=0.5  fold=1 ===
  Gram-NCut: k_hat=8  ACC=0.6615  NMI=0.8576  ARI=0.6669  0.1s

=== P1L_S2_C1 test[0] k=8  dim=576  frames=486  σ=0.5  fold=1 ===
  Gram-NCut: k_hat=8  ACC=0.7305  NMI=0.8381  ARI=0.6837  0.4s

=== P1L_S2_C2 test[0] k=8  dim=576  frames=470  σ=0.5  fold=1 ===
  Gram-NCut: k_hat=8  ACC=0.8915  NMI=0.8909  ARI=0.8053  0.4s

=== P1L_S2_C3 test[0] k=8  dim=576  frames=302  σ=0.5  fold=1 ===
  Gram-NCut: k_hat=8  ACC=0.7152  NMI=0.8476  ARI=0.6979  0.2s

=== P1L_S3_C1 test[0] k=8  dim=576  frames=447  σ=0.5  fold=1 ===
  Gram-NCut: k_hat=8  ACC=0.7069  NMI=0.7933  ARI=0.6023  0.4s

=== P1L_S3_C2 test[0] k=8  dim=576  frames=498  σ=0.5  fold=1 ===
  Gram-NCut: k_hat=8  ACC=0.6526  NMI=0.7570  ARI=0.5814  0.4s

=== P1L_S3_C3 test[0] k=8  dim=576  frames=354  σ=0.5  fold=1 ===
  Gram-NCut: k_hat=8  ACC=0.6582  NMI=0.8001  ARI=0.6005  0.2s

=== P1L_S4_C1 test[0] k=8  dim=576  frames=436  σ=0.5  fold=1 ===
  Gram-NCut: k_hat=8  ACC=0.8188  NMI=0.9084  ARI=0.7909  0.3s

=== P1L_S4_C2 test[0] k=8  dim=576  frames=444  σ=0.5  fold=1 ===
  Gram-NCut: k_hat=8  ACC=0.8986  NMI=0.8846  ARI=0.8187  0.3s

=== P1L_S4_C3 test[0] k=8  dim=576  frames=299  σ=0.5  fold=1 ===
  Gram-NCut: k_hat=8  ACC=0.6355  NMI=0.7889  ARI=0.5643  0.2s

============================================================
σ=0.5 fold=2  test=['0003', '0007', '0010', '0012', '0016', '0017', '0020', '0021']  train mats=48  test mats=24
  Gram-NCut: skip tuning, fixed 
  wrote /nfs/turbo/umms-minjilab/lpullela/icassp_ssc_tv2/block_ssc_benchmark/cv/params/surveillance/split_k8_sigmas_min30_trials20_params_knownk_cv_gram_ncut_k8_sigma0p5_sigma0.5_fold2.json

=== P1E_S1_C1 train[0] k=8  dim=576  frames=379  σ=0.5  fold=2 ===
  Gram-NCut: k_hat=8  ACC=0.7045  NMI=0.8632  ARI=0.6924  0.3s

=== P1E_S1_C1 train[1] k=8  dim=576  frames=410  σ=0.5  fold=2 ===
  Gram-NCut: k_hat=8  ACC=0.5610  NMI=0.7811  ARI=0.5296  0.3s

=== P1E_S1_C2 train[0] k=8  dim=576  frames=325  σ=0.5  fold=2 ===
  Gram-NCut: k_hat=8  ACC=0.8185  NMI=0.8562  ARI=0.7230  0.2s

=== P1E_S1_C2 train[1] k=8  dim=576  frames=339  σ=0.5  fold=2 ===
  Gram-NCut: k_hat=8  ACC=0.4926  NMI=0.7321  ARI=0.4592  0.2s

=== P1E_S1_C3 train[0] k=8  dim=576  frames=148  σ=0.5  fold=2 ===
  Gram-NCut: k_hat=8  ACC=0.6689  NMI=0.8067  ARI=0.6027  0.0s

=== P1E_S1_C3 train[1] k=8  dim=576  frames=132  σ=0.5  fold=2 ===
  Gram-NCut: k_hat=8  ACC=0.6439  NMI=0.7582  ARI=0.5343  0.0s

=== P1E_S2_C1 train[0] k=8  dim=576  frames=409  σ=0.5  fold=2 ===
  Gram-NCut: k_hat=8  ACC=0.7677  NMI=0.8450  ARI=0.7185  0.3s

=== P1E_S2_C1 train[1] k=8  dim=576  frames=426  σ=0.5  fold=2 ===
  Gram-NCut: k_hat=8  ACC=0.5446  NMI=0.7715  ARI=0.4703  0.3s

=== P1E_S2_C2 train[0] k=8  dim=576  frames=333  σ=0.5  fold=2 ===
  Gram-NCut: k_hat=8  ACC=0.8138  NMI=0.8884  ARI=0.7529  0.2s

=== P1E_S2_C2 train[1] k=8  dim=576  frames=348  σ=0.5  fold=2 ===
  Gram-NCut: k_hat=8  ACC=0.8333  NMI=0.8694  ARI=0.7635  0.2s

=== P1E_S2_C3 train[0] k=8  dim=576  frames=259  σ=0.5  fold=2 ===
  Gram-NCut: k_hat=8  ACC=0.9266  NMI=0.9061  ARI=0.8314  0.1s

=== P1E_S2_C3 train[1] k=8  dim=576  frames=278  σ=0.5  fold=2 ===
  Gram-NCut: k_hat=8  ACC=0.7230  NMI=0.7806  ARI=0.6159  0.1s

=== P1E_S3_C1 train[0] k=8  dim=576  frames=385  σ=0.5  fold=2 ===
  Gram-NCut: k_hat=8  ACC=0.6338  NMI=0.7970  ARI=0.6069  0.3s

=== P1E_S3_C1 train[1] k=8  dim=576  frames=427  σ=0.5  fold=2 ===
  Gram-NCut: k_hat=8  ACC=0.6276  NMI=0.7909  ARI=0.5976  0.3s

=== P1E_S3_C2 train[0] k=8  dim=576  frames=331  σ=0.5  fold=2 ===
  Gram-NCut: k_hat=8  ACC=0.7492  NMI=0.8257  ARI=0.6188  0.2s

=== P1E_S3_C2 train[1] k=8  dim=576  frames=428  σ=0.5  fold=2 ===
  Gram-NCut: k_hat=8  ACC=0.7150  NMI=0.7953  ARI=0.6331  0.3s

=== P1E_S3_C3 train[0] k=8  dim=576  frames=243  σ=0.5  fold=2 ===
  Gram-NCut: k_hat=8  ACC=0.9959  NMI=0.9917  ARI=0.9929  0.1s

=== P1E_S3_C3 train[1] k=8  dim=576  frames=319  σ=0.5  fold=2 ===
  Gram-NCut: k_hat=8  ACC=0.7994  NMI=0.8627  ARI=0.7215  0.2s

=== P1E_S4_C1 train[0] k=8  dim=576  frames=363  σ=0.5  fold=2 ===
  Gram-NCut: k_hat=8  ACC=0.6612  NMI=0.8222  ARI=0.6175  0.2s

=== P1E_S4_C1 train[1] k=8  dim=576  frames=465  σ=0.5  fold=2 ===
  Gram-NCut: k_hat=8  ACC=0.5462  NMI=0.7846  ARI=0.5169  0.4s

=== P1E_S4_C2 train[0] k=8  dim=576  frames=317  σ=0.5  fold=2 ===
  Gram-NCut: k_hat=8  ACC=0.9338  NMI=0.9103  ARI=0.8597  0.2s

=== P1E_S4_C2 train[1] k=8  dim=576  frames=363  σ=0.5  fold=2 ===
  Gram-NCut: k_hat=8  ACC=0.7879  NMI=0.8579  ARI=0.7466  0.2s

=== P1E_S4_C3 train[0] k=8  dim=576  frames=214  σ=0.5  fold=2 ===
  Gram-NCut: k_hat=8  ACC=0.8131  NMI=0.8630  ARI=0.7290  0.1s

=== P1E_S4_C3 train[1] k=8  dim=576  frames=245  σ=0.5  fold=2 ===
  Gram-NCut: k_hat=8  ACC=0.6204  NMI=0.7199  ARI=0.4563  0.1s

=== P1L_S1_C1 train[0] k=8  dim=576  frames=422  σ=0.5  fold=2 ===
  Gram-NCut: k_hat=8  ACC=0.9218  NMI=0.9319  ARI=0.8416  0.3s

=== P1L_S1_C1 train[1] k=8  dim=576  frames=503  σ=0.5  fold=2 ===
  Gram-NCut: k_hat=8  ACC=0.8489  NMI=0.9160  ARI=0.8071  0.5s

=== P1L_S1_C2 train[0] k=8  dim=576  frames=414  σ=0.5  fold=2 ===
  Gram-NCut: k_hat=8  ACC=0.7585  NMI=0.8732  ARI=0.7156  0.3s

=== P1L_S1_C2 train[1] k=8  dim=576  frames=423  σ=0.5  fold=2 ===
  Gram-NCut: k_hat=8  ACC=0.6548  NMI=0.7909  ARI=0.5847  0.3s

=== P1L_S1_C3 train[0] k=8  dim=576  frames=168  σ=0.5  fold=2 ===
  Gram-NCut: k_hat=8  ACC=0.8393  NMI=0.9367  ARI=0.8254  0.0s

=== P1L_S1_C3 train[1] k=8  dim=576  frames=195  σ=0.5  fold=2 ===
  Gram-NCut: k_hat=8  ACC=0.6615  NMI=0.8576  ARI=0.6669  0.1s

=== P1L_S2_C1 train[0] k=8  dim=576  frames=507  σ=0.5  fold=2 ===
  Gram-NCut: k_hat=8  ACC=0.8895  NMI=0.9427  ARI=0.8841  0.5s

=== P1L_S2_C1 train[1] k=8  dim=576  frames=486  σ=0.5  fold=2 ===
  Gram-NCut: k_hat=8  ACC=0.7305  NMI=0.8381  ARI=0.6837  0.4s

=== P1L_S2_C2 train[0] k=8  dim=576  frames=453  σ=0.5  fold=2 ===
  Gram-NCut: k_hat=8  ACC=0.7947  NMI=0.8666  ARI=0.7582  0.4s

=== P1L_S2_C2 train[1] k=8  dim=576  frames=470  σ=0.5  fold=2 ===
  Gram-NCut: k_hat=8  ACC=0.8915  NMI=0.8909  ARI=0.8053  0.4s

=== P1L_S2_C3 train[0] k=8  dim=576  frames=275  σ=0.5  fold=2 ===
  Gram-NCut: k_hat=8  ACC=0.8473  NMI=0.8818  ARI=0.7400  0.1s

=== P1L_S2_C3 train[1] k=8  dim=576  frames=302  σ=0.5  fold=2 ===
  Gram-NCut: k_hat=8  ACC=0.7152  NMI=0.8476  ARI=0.6979  0.2s

=== P1L_S3_C1 train[0] k=8  dim=576  frames=394  σ=0.5  fold=2 ===
  Gram-NCut: k_hat=8  ACC=0.7690  NMI=0.8291  ARI=0.6654  0.3s

=== P1L_S3_C1 train[1] k=8  dim=576  frames=447  σ=0.5  fold=2 ===
  Gram-NCut: k_hat=8  ACC=0.7069  NMI=0.7933  ARI=0.6023  0.4s

=== P1L_S3_C2 train[0] k=8  dim=576  frames=427  σ=0.5  fold=2 ===
  Gram-NCut: k_hat=8  ACC=0.8501  NMI=0.9098  ARI=0.8186  0.3s

=== P1L_S3_C2 train[1] k=8  dim=576  frames=498  σ=0.5  fold=2 ===
  Gram-NCut: k_hat=8  ACC=0.6526  NMI=0.7570  ARI=0.5814  0.4s

=== P1L_S3_C3 train[0] k=8  dim=576  frames=348  σ=0.5  fold=2 ===
  Gram-NCut: k_hat=8  ACC=0.8190  NMI=0.8834  ARI=0.7668  0.2s

=== P1L_S3_C3 train[1] k=8  dim=576  frames=354  σ=0.5  fold=2 ===
  Gram-NCut: k_hat=8  ACC=0.6582  NMI=0.8001  ARI=0.6005  0.2s

=== P1L_S4_C1 train[0] k=8  dim=576  frames=441  σ=0.5  fold=2 ===
  Gram-NCut: k_hat=8  ACC=0.8549  NMI=0.9307  ARI=0.8403  0.3s

=== P1L_S4_C1 train[1] k=8  dim=576  frames=436  σ=0.5  fold=2 ===
  Gram-NCut: k_hat=8  ACC=0.8188  NMI=0.9084  ARI=0.7909  0.3s

=== P1L_S4_C2 train[0] k=8  dim=576  frames=410  σ=0.5  fold=2 ===
  Gram-NCut: k_hat=8  ACC=0.9780  NMI=0.9668  ARI=0.9521  0.3s

=== P1L_S4_C2 train[1] k=8  dim=576  frames=444  σ=0.5  fold=2 ===
  Gram-NCut: k_hat=8  ACC=0.8986  NMI=0.8846  ARI=0.8187  0.3s

=== P1L_S4_C3 train[0] k=8  dim=576  frames=258  σ=0.5  fold=2 ===
  Gram-NCut: k_hat=8  ACC=0.8837  NMI=0.9286  ARI=0.8041  0.1s

=== P1L_S4_C3 train[1] k=8  dim=576  frames=299  σ=0.5  fold=2 ===
  Gram-NCut: k_hat=8  ACC=0.6355  NMI=0.7889  ARI=0.5643  0.2s

=== P1E_S1_C1 test[0] k=8  dim=576  frames=399  σ=0.5  fold=2 ===
  Gram-NCut: k_hat=8  ACC=0.7419  NMI=0.8295  ARI=0.6308  0.3s

=== P1E_S1_C2 test[0] k=8  dim=576  frames=331  σ=0.5  fold=2 ===
  Gram-NCut: k_hat=8  ACC=0.7946  NMI=0.8341  ARI=0.7110  0.2s

=== P1E_S1_C3 test[0] k=8  dim=576  frames=154  σ=0.5  fold=2 ===
  Gram-NCut: k_hat=8  ACC=0.7013  NMI=0.7902  ARI=0.5998  0.0s

=== P1E_S2_C1 test[0] k=8  dim=576  frames=386  σ=0.5  fold=2 ===
  Gram-NCut: k_hat=8  ACC=0.6736  NMI=0.7739  ARI=0.5411  0.3s

=== P1E_S2_C2 test[0] k=8  dim=576  frames=320  σ=0.5  fold=2 ===
  Gram-NCut: k_hat=8  ACC=0.6469  NMI=0.7634  ARI=0.5761  0.2s

=== P1E_S2_C3 test[0] k=8  dim=576  frames=246  σ=0.5  fold=2 ===
  Gram-NCut: k_hat=8  ACC=0.8293  NMI=0.8831  ARI=0.7754  0.1s

=== P1E_S3_C1 test[0] k=8  dim=576  frames=395  σ=0.5  fold=2 ===
  Gram-NCut: k_hat=8  ACC=0.7190  NMI=0.8058  ARI=0.6078  0.3s

=== P1E_S3_C2 test[0] k=8  dim=576  frames=324  σ=0.5  fold=2 ===
  Gram-NCut: k_hat=8  ACC=0.6914  NMI=0.7911  ARI=0.5977  0.2s

=== P1E_S3_C3 test[0] k=8  dim=576  frames=265  σ=0.5  fold=2 ===
  Gram-NCut: k_hat=8  ACC=0.7245  NMI=0.8461  ARI=0.6796  0.1s

=== P1E_S4_C1 test[0] k=8  dim=576  frames=379  σ=0.5  fold=2 ===
  Gram-NCut: k_hat=8  ACC=0.7045  NMI=0.7930  ARI=0.6121  0.3s

=== P1E_S4_C2 test[0] k=8  dim=576  frames=335  σ=0.5  fold=2 ===
  Gram-NCut: k_hat=8  ACC=0.7821  NMI=0.8593  ARI=0.7039  0.2s

=== P1E_S4_C3 test[0] k=8  dim=576  frames=233  σ=0.5  fold=2 ===
  Gram-NCut: k_hat=8  ACC=0.6009  NMI=0.7573  ARI=0.5431  0.1s

=== P1L_S1_C1 test[0] k=8  dim=576  frames=399  σ=0.5  fold=2 ===
  Gram-NCut: k_hat=8  ACC=0.8221  NMI=0.8652  ARI=0.7619  0.3s

=== P1L_S1_C2 test[0] k=8  dim=576  frames=406  σ=0.5  fold=2 ===
  Gram-NCut: k_hat=8  ACC=0.5320  NMI=0.7378  ARI=0.4277  0.3s

=== P1L_S1_C3 test[0] k=8  dim=576  frames=179  σ=0.5  fold=2 ===
  Gram-NCut: k_hat=8  ACC=0.6760  NMI=0.7956  ARI=0.5876  0.1s

=== P1L_S2_C1 test[0] k=8  dim=576  frames=429  σ=0.5  fold=2 ===
  Gram-NCut: k_hat=8  ACC=0.8834  NMI=0.8771  ARI=0.7758  0.3s

=== P1L_S2_C2 test[0] k=8  dim=576  frames=432  σ=0.5  fold=2 ===
  Gram-NCut: k_hat=8  ACC=0.7523  NMI=0.8157  ARI=0.6663  0.3s

=== P1L_S2_C3 test[0] k=8  dim=576  frames=288  σ=0.5  fold=2 ===
  Gram-NCut: k_hat=8  ACC=0.7535  NMI=0.8412  ARI=0.6771  0.1s

=== P1L_S3_C1 test[0] k=8  dim=576  frames=417  σ=0.5  fold=2 ===
  Gram-NCut: k_hat=8  ACC=0.6691  NMI=0.8145  ARI=0.5793  0.3s

=== P1L_S3_C2 test[0] k=8  dim=576  frames=480  σ=0.5  fold=2 ===
  Gram-NCut: k_hat=8  ACC=0.7333  NMI=0.7796  ARI=0.6033  0.4s

=== P1L_S3_C3 test[0] k=8  dim=576  frames=349  σ=0.5  fold=2 ===
  Gram-NCut: k_hat=8  ACC=0.8481  NMI=0.8446  ARI=0.7218  0.2s

=== P1L_S4_C1 test[0] k=8  dim=576  frames=497  σ=0.5  fold=2 ===
  Gram-NCut: k_hat=8  ACC=0.6378  NMI=0.8132  ARI=0.6041  0.4s

=== P1L_S4_C2 test[0] k=8  dim=576  frames=423  σ=0.5  fold=2 ===
  Gram-NCut: k_hat=8  ACC=0.7258  NMI=0.8224  ARI=0.6512  0.3s

=== P1L_S4_C3 test[0] k=8  dim=576  frames=284  σ=0.5  fold=2 ===
  Gram-NCut: k_hat=8  ACC=0.7465  NMI=0.8413  ARI=0.6990  0.2s

=== inference time per method ===
  Gram-NCut: mean=0.2393s  std=0.1111s  total=51.7s  n=216
wrote /nfs/turbo/umms-minjilab/lpullela/icassp_ssc_tv2/block_ssc_benchmark/cv/results/surveillance/split_k8_sigmas_min30_trials20_knownk_cv_gram_ncut_k8_sigma0p5_timing.json

=== mean over matrices ===
  Gram-NCut train σ=0.5: ACC=0.7479  NMI=0.8390  ARI=0.6797  n=144
  Gram-NCut test σ=0.5: ACC=0.7479  NMI=0.8390  ARI=0.6797  n=72

wrote /nfs/turbo/umms-minjilab/lpullela/icassp_ssc_tv2/block_ssc_benchmark/cv/results/surveillance/split_k8_sigmas_min30_trials20_knownk_cv_gram_ncut_k8_sigma0p5.csv
end=Sat Sep  5 19:19:52 EDT 2026
Experiment completed!
