========================================
Job: cv_osc_k5_s0p25
Method: OSC  k: 5  sigma: 0.25
========================================
host=gl3070.arc-ts.umich.edu  python=/home/lpullela/miniconda3/envs/ssc_559/bin/python  start=Sat Sep  5 19:18:09 EDT 2026
Loading P1E_S1_C1
  Y: (576, 1236)  people=25  frames/person=[60, 61, 50, 48, 51, 35, 41, 56, 55, 49, 65, 50, 63, 38, 61, 48, 50, 49, 50, 30, 42, 60, 32, 39, 53]  min=30
Loading P1E_S1_C2
  Y: (576, 1031)  people=25  frames/person=[42, 48, 31, 35, 50, 45, 30, 32, 38, 40, 61, 41, 47, 33, 46, 36, 41, 45, 42, 36, 33, 50, 53, 33, 43]  min=30
Loading P1E_S1_C3
  Y: (576, 453)  people=25  frames/person=[15, 22, 16, 16, 17, 13, 14, 19, 14, 25, 26, 12, 21, 18, 22, 19, 13, 19, 16, 15, 8, 15, 30, 20, 28]  min=8
  warning: 24 people have fewer than 30 available frames (kept all)
Loading P1E_S2_C1
  Y: (576, 1256)  people=25  frames/person=[65, 50, 50, 51, 53, 48, 49, 60, 33, 48, 61, 58, 52, 32, 55, 35, 45, 53, 40, 53, 51, 65, 64, 42, 43]  min=32
Loading P1E_S2_C2
  Y: (576, 1042)  people=25  frames/person=[33, 48, 38, 41, 53, 36, 39, 47, 51, 36, 55, 44, 43, 25, 42, 41, 37, 45, 41, 38, 40, 54, 49, 33, 33]  min=25
  warning: 1 people have fewer than 30 available frames (kept all)
Loading P1E_S2_C3
  Y: (576, 816)  people=25  frames/person=[36, 33, 28, 32, 42, 37, 31, 36, 31, 23, 42, 36, 35, 20, 33, 33, 32, 32, 32, 29, 32, 42, 38, 27, 24]  min=20
  warning: 6 people have fewer than 30 available frames (kept all)
Loading P1E_S3_C1
  Y: (576, 1255)  people=25  frames/person=[43, 39, 47, 52, 58, 96, 42, 31, 79, 33, 67, 55, 44, 34, 40, 48, 54, 77, 45, 41, 46, 53, 56, 38, 37]  min=31
Loading P1E_S3_C2
  Y: (576, 1126)  people=25  frames/person=[57, 56, 35, 40, 49, 75, 34, 40, 70, 26, 65, 54, 43, 28, 32, 43, 48, 31, 36, 33, 42, 71, 57, 30, 31]  min=26
  warning: 2 people have fewer than 30 available frames (kept all)
Loading P1E_S3_C3
  Y: (576, 866)  people=25  frames/person=[43, 36, 24, 33, 37, 47, 29, 37, 55, 18, 40, 40, 31, 22, 30, 39, 35, 45, 30, 28, 30, 50, 42, 20, 25]  min=18
  warning: 7 people have fewer than 30 available frames (kept all)
Loading P1E_S4_C1
  Y: (576, 1247)  people=25  frames/person=[58, 54, 34, 56, 50, 59, 50, 56, 74, 38, 75, 35, 46, 31, 53, 40, 57, 32, 56, 33, 48, 67, 59, 48, 38]  min=31
Loading P1E_S4_C2
  Y: (576, 1051)  people=25  frames/person=[37, 37, 41, 46, 41, 49, 38, 45, 65, 30, 39, 48, 50, 34, 43, 36, 47, 52, 45, 37, 38, 50, 30, 37, 36]  min=30
Loading P1E_S4_C3
  Y: (576, 719)  people=25  frames/person=[28, 29, 22, 29, 24, 36, 31, 29, 33, 25, 37, 19, 28, 21, 25, 27, 25, 41, 27, 29, 26, 31, 45, 29, 23]  min=19
  warning: 18 people have fewer than 30 available frames (kept all)
Loading P1L_S1_C1
  Y: (576, 1391)  people=25  frames/person=[65, 68, 43, 64, 47, 40, 58, 33, 75, 41, 58, 72, 58, 49, 66, 67, 65, 43, 59, 57, 58, 51, 67, 32, 55]  min=32
Loading P1L_S1_C2
  Y: (576, 1309)  people=25  frames/person=[30, 65, 37, 63, 66, 54, 52, 52, 43, 49, 71, 49, 58, 48, 54, 66, 56, 36, 48, 49, 55, 66, 52, 39, 51]  min=30
Loading P1L_S1_C3
  Y: (576, 565)  people=25  frames/person=[27, 29, 20, 26, 19, 25, 22, 12, 28, 25, 20, 25, 23, 18, 21, 23, 25, 26, 23, 21, 18, 18, 30, 18, 23]  min=12
  warning: 24 people have fewer than 30 available frames (kept all)
Loading P1L_S2_C1
  Y: (576, 1470)  people=25  frames/person=[73, 68, 53, 64, 65, 41, 73, 55, 37, 31, 82, 75, 63, 45, 34, 48, 74, 84, 71, 64, 62, 65, 48, 33, 62]  min=31
Loading P1L_S2_C2
  Y: (576, 1393)  people=25  frames/person=[64, 65, 49, 62, 69, 69, 63, 61, 80, 34, 89, 57, 53, 52, 55, 38, 30, 30, 66, 36, 57, 51, 73, 41, 49]  min=30
Loading P1L_S2_C3
  Y: (576, 897)  people=25  frames/person=[40, 36, 29, 28, 35, 37, 36, 36, 50, 28, 55, 46, 34, 31, 35, 32, 30, 48, 37, 29, 36, 39, 45, 19, 26]  min=19
  warning: 6 people have fewer than 30 available frames (kept all)
Loading P1L_S3_C1
  Y: (576, 1329)  people=25  frames/person=[31, 33, 30, 51, 74, 75, 59, 65, 66, 43, 47, 39, 65, 50, 58, 71, 67, 36, 57, 35, 62, 31, 74, 59, 51]  min=30
Loading P1L_S3_C2
  Y: (576, 1472)  people=25  frames/person=[78, 38, 48, 51, 54, 71, 61, 71, 32, 50, 75, 38, 72, 63, 48, 67, 49, 87, 52, 56, 58, 85, 73, 56, 39]  min=32
Loading P1L_S3_C3
  Y: (576, 1105)  people=25  frames/person=[48, 44, 38, 38, 39, 45, 35, 55, 52, 26, 81, 39, 36, 36, 44, 54, 42, 61, 38, 31, 34, 53, 51, 44, 41]  min=26
  warning: 1 people have fewer than 30 available frames (kept all)
Loading P1L_S4_C1
  Y: (576, 1443)  people=25  frames/person=[50, 69, 44, 41, 78, 43, 32, 71, 45, 65, 59, 39, 56, 57, 68, 69, 70, 73, 51, 63, 47, 70, 57, 52, 74]  min=32
Loading P1L_S4_C2
  Y: (576, 1327)  people=25  frames/person=[71, 34, 39, 54, 63, 67, 52, 39, 52, 56, 59, 50, 51, 53, 63, 50, 71, 63, 48, 35, 31, 71, 43, 52, 60]  min=31
Loading P1L_S4_C3
  Y: (576, 880)  people=25  frames/person=[37, 41, 23, 26, 32, 34, 22, 32, 50, 29, 38, 44, 31, 34, 37, 39, 39, 39, 38, 26, 25, 50, 41, 33, 40]  min=22
  warning: 6 people have fewer than 30 available frames (kept all)
sequences=24  people=25  k=5
frames/person ~ Unif[30, 100]
down_hw=24  sigmas=(0.25,)  n_trials=20  known_k=True  csv=split_k5_sigmas_min30_trials20_knownk_cv_osc_k5_sigma0p25.csv
SSC-Block-TV block_size searched in [2, 12]
CV mode: 5 folds of size 5, each rotated as test
  group 0: ['0006', '0013', '0014', '0022', '0027']
  group 1: ['0004', '0009', '0019', '0025', '0026']
  group 2: ['0001', '0005', '0011', '0023', '0024']
  group 3: ['0007', '0010', '0015', '0016', '0021']
  group 4: ['0003', '0012', '0017', '0018', '0020']
methods=['OSC']  append=False  hetero_noise=False  no_tune=False

============================================================
σ=0.25 fold=0  test=['0006', '0013', '0014', '0022', '0027']  train mats=96  test mats=24
  --- tune OSC over 96 train mats  n_trials=20 (2 params) ---
  OSC trial 0: mean ARI=0.7209  n=96  49.8s  lambda_1=0.1, lambda_2=0.1
  OSC trial 1: mean ARI=0.7139  n=96  49.1s  lambda_1=0.1568, lambda_2=0.7257
  OSC trial 2: mean ARI=0.6799  n=96  49.1s  lambda_1=0.2577, lambda_2=0.1512
  OSC trial 3: mean ARI=0.7317  n=96  49.1s  lambda_1=0.0495, lambda_2=0.3833
  OSC trial 4: mean ARI=0.7311  n=96  49.0s  lambda_1=0.05628, lambda_2=3.691
  OSC trial 5: mean ARI=0.0014  n=96  47.3s  lambda_1=7.156, lambda_2=0.03418
  OSC trial 6: mean ARI=0.0014  n=96  47.1s  lambda_1=1.469, lambda_2=0.1305
  OSC trial 7: mean ARI=0.7025  n=96  49.0s  lambda_1=0.1871, lambda_2=5.039
  OSC trial 8: mean ARI=0.7335  n=96  52.0s  lambda_1=0.001924, lambda_2=0.002231
  OSC trial 9: mean ARI=0.7350  n=96  48.9s  lambda_1=0.001205, lambda_2=2.14
  OSC trial 10: mean ARI=0.7337  n=96  52.0s  lambda_1=0.001206, lambda_2=0.001659
  OSC trial 11: mean ARI=0.7337  n=96  52.2s  lambda_1=0.001211, lambda_2=0.001203
  OSC trial 12: mean ARI=0.7348  n=96  51.8s  lambda_1=0.007272, lambda_2=0.009069
  OSC trial 13: mean ARI=0.7347  n=96  51.5s  lambda_1=0.00633, lambda_2=0.01055
  OSC trial 14: mean ARI=0.7351  n=96  51.7s  lambda_1=0.009944, lambda_2=0.008466
  OSC trial 15: mean ARI=0.7329  n=96  49.0s  lambda_1=0.01208, lambda_2=1.046
  OSC trial 16: mean ARI=0.7327  n=96  49.0s  lambda_1=0.0217, lambda_2=8.19
  OSC trial 17: mean ARI=0.7341  n=96  51.2s  lambda_1=0.00337, lambda_2=0.01989
  OSC trial 18: mean ARI=0.7360  n=96  51.8s  lambda_1=0.02259, lambda_2=0.003928
  OSC trial 19: mean ARI=0.7360  n=96  51.8s  lambda_1=0.023, lambda_2=0.004787
    best mean ARI=0.7360  tune 1002.5s  lambda_1=0.02259, lambda_2=0.003928
  wrote /nfs/turbo/umms-minjilab/lpullela/icassp_ssc_tv2/block_ssc_benchmark/cv/params/surveillance/split_k5_sigmas_min30_trials20_params_knownk_cv_osc_k5_sigma0p25_sigma0.25_fold0.json

=== P1E_S1_C1 train[0] k=5  dim=576  frames=212  σ=0.25  fold=0 ===
  OSC: k_hat=5  ACC=1.0000  NMI=1.0000  ARI=1.0000  0.4s

=== P1E_S1_C1 train[1] k=5  dim=576  frames=265  σ=0.25  fold=0 ===
  OSC: k_hat=5  ACC=0.4943  NMI=0.6913  ARI=0.3996  0.7s

=== P1E_S1_C1 train[2] k=5  dim=576  frames=242  σ=0.25  fold=0 ===
  OSC: k_hat=5  ACC=0.6818  NMI=0.7756  ARI=0.5979  0.6s

=== P1E_S1_C1 train[3] k=5  dim=576  frames=268  σ=0.25  fold=0 ===
  OSC: k_hat=5  ACC=0.5709  NMI=0.7076  ARI=0.4341  0.7s

=== P1E_S1_C2 train[0] k=5  dim=576  frames=188  σ=0.25  fold=0 ===
  OSC: k_hat=5  ACC=0.9574  NMI=0.9258  ARI=0.8824  0.4s

=== P1E_S1_C2 train[1] k=5  dim=576  frames=198  σ=0.25  fold=0 ===
  OSC: k_hat=5  ACC=0.5909  NMI=0.6050  ARI=0.4208  0.4s

=== P1E_S1_C2 train[2] k=5  dim=576  frames=199  σ=0.25  fold=0 ===
  OSC: k_hat=5  ACC=0.7035  NMI=0.8020  ARI=0.6631  0.4s

=== P1E_S1_C2 train[3] k=5  dim=576  frames=215  σ=0.25  fold=0 ===
  OSC: k_hat=5  ACC=0.9767  NMI=0.9447  ARI=0.9435  0.5s

=== P1E_S1_C3 train[0] k=5  dim=576  frames=93  σ=0.25  fold=0 ===
  OSC: k_hat=5  ACC=0.9785  NMI=0.9546  ARI=0.9423  0.1s

=== P1E_S1_C3 train[1] k=5  dim=576  frames=68  σ=0.25  fold=0 ===
  OSC: k_hat=5  ACC=0.7206  NMI=0.7371  ARI=0.5601  0.1s

=== P1E_S1_C3 train[2] k=5  dim=576  frames=87  σ=0.25  fold=0 ===
  OSC: k_hat=5  ACC=0.9655  NMI=0.9274  ARI=0.9163  0.1s

=== P1E_S1_C3 train[3] k=5  dim=576  frames=107  σ=0.25  fold=0 ===
  OSC: k_hat=5  ACC=0.9346  NMI=0.8602  ARI=0.8347  0.2s

=== P1E_S2_C1 train[0] k=5  dim=576  frames=250  σ=0.25  fold=0 ===
  OSC: k_hat=5  ACC=0.9400  NMI=0.9199  ARI=0.8836  0.7s

=== P1E_S2_C1 train[1] k=5  dim=576  frames=265  σ=0.25  fold=0 ===
  OSC: k_hat=5  ACC=0.5208  NMI=0.6936  ARI=0.4313  0.7s

=== P1E_S2_C1 train[2] k=5  dim=576  frames=232  σ=0.25  fold=0 ===
  OSC: k_hat=5  ACC=0.5259  NMI=0.7312  ARI=0.5274  0.6s

=== P1E_S2_C1 train[3] k=5  dim=576  frames=241  σ=0.25  fold=0 ===
  OSC: k_hat=5  ACC=0.6432  NMI=0.7163  ARI=0.4647  0.6s

=== P1E_S2_C2 train[0] k=5  dim=576  frames=196  σ=0.25  fold=0 ===
  OSC: k_hat=5  ACC=0.9847  NMI=0.9598  ARI=0.9622  0.4s

=== P1E_S2_C2 train[1] k=5  dim=576  frames=219  σ=0.25  fold=0 ===
  OSC: k_hat=5  ACC=0.9361  NMI=0.8738  ARI=0.8475  0.5s

=== P1E_S2_C2 train[2] k=5  dim=576  frames=192  σ=0.25  fold=0 ===
  OSC: k_hat=5  ACC=0.7552  NMI=0.7905  ARI=0.6459  0.4s

=== P1E_S2_C2 train[3] k=5  dim=576  frames=212  σ=0.25  fold=0 ===
  OSC: k_hat=5  ACC=0.9481  NMI=0.9056  ARI=0.8825  0.5s

=== P1E_S2_C3 train[0] k=5  dim=576  frames=156  σ=0.25  fold=0 ===
  OSC: k_hat=5  ACC=1.0000  NMI=1.0000  ARI=1.0000  0.3s

=== P1E_S2_C3 train[1] k=5  dim=576  frames=173  σ=0.25  fold=0 ===
  OSC: k_hat=5  ACC=0.8092  NMI=0.7591  ARI=0.6277  0.4s

=== P1E_S2_C3 train[2] k=5  dim=576  frames=160  σ=0.25  fold=0 ===
  OSC: k_hat=5  ACC=0.7688  NMI=0.8509  ARI=0.7491  0.3s

=== P1E_S2_C3 train[3] k=5  dim=576  frames=154  σ=0.25  fold=0 ===
  OSC: k_hat=5  ACC=0.9740  NMI=0.9398  ARI=0.9378  0.3s

=== P1E_S3_C1 train[0] k=5  dim=576  frames=237  σ=0.25  fold=0 ===
  OSC: k_hat=5  ACC=0.8608  NMI=0.8322  ARI=0.7407  0.6s

=== P1E_S3_C1 train[1] k=5  dim=576  frames=273  σ=0.25  fold=0 ===
  OSC: k_hat=5  ACC=0.5238  NMI=0.6630  ARI=0.3719  0.8s

=== P1E_S3_C1 train[2] k=5  dim=576  frames=250  σ=0.25  fold=0 ===
  OSC: k_hat=5  ACC=0.5320  NMI=0.6495  ARI=0.4241  0.6s

=== P1E_S3_C1 train[3] k=5  dim=576  frames=237  σ=0.25  fold=0 ===
  OSC: k_hat=5  ACC=0.6667  NMI=0.7526  ARI=0.5985  0.5s

=== P1E_S3_C2 train[0] k=5  dim=576  frames=204  σ=0.25  fold=0 ===
  OSC: k_hat=5  ACC=0.9510  NMI=0.8882  ARI=0.8861  0.4s

=== P1E_S3_C2 train[1] k=5  dim=576  frames=280  σ=0.25  fold=0 ===
  OSC: k_hat=5  ACC=0.5821  NMI=0.6801  ARI=0.4486  0.7s

=== P1E_S3_C2 train[2] k=5  dim=576  frames=222  σ=0.25  fold=0 ===
  OSC: k_hat=5  ACC=0.5856  NMI=0.7249  ARI=0.4934  0.5s

=== P1E_S3_C2 train[3] k=5  dim=576  frames=188  σ=0.25  fold=0 ===
  OSC: k_hat=5  ACC=0.9255  NMI=0.8936  ARI=0.8499  0.4s

=== P1E_S3_C3 train[0] k=5  dim=576  frames=150  σ=0.25  fold=0 ===
  OSC: k_hat=5  ACC=0.9933  NMI=0.9815  ARI=0.9835  0.3s

=== P1E_S3_C3 train[1] k=5  dim=576  frames=211  σ=0.25  fold=0 ===
  OSC: k_hat=5  ACC=0.7393  NMI=0.8374  ARI=0.6914  0.5s

=== P1E_S3_C3 train[2] k=5  dim=576  frames=167  σ=0.25  fold=0 ===
  OSC: k_hat=5  ACC=0.7305  NMI=0.8704  ARI=0.7379  0.3s

=== P1E_S3_C3 train[3] k=5  dim=576  frames=168  σ=0.25  fold=0 ===
  OSC: k_hat=5  ACC=0.9881  NMI=0.9667  ARI=0.9741  0.3s

=== P1E_S4_C1 train[0] k=5  dim=576  frames=248  σ=0.25  fold=0 ===
  OSC: k_hat=5  ACC=0.7863  NMI=0.8580  ARI=0.7519  0.6s

=== P1E_S4_C1 train[1] k=5  dim=576  frames=303  σ=0.25  fold=0 ===
  OSC: k_hat=5  ACC=0.5347  NMI=0.6859  ARI=0.3990  0.9s

=== P1E_S4_C1 train[2] k=5  dim=576  frames=248  σ=0.25  fold=0 ===
  OSC: k_hat=5  ACC=0.6573  NMI=0.7438  ARI=0.5537  0.6s

=== P1E_S4_C1 train[3] k=5  dim=576  frames=217  σ=0.25  fold=0 ===
  OSC: k_hat=5  ACC=0.7604  NMI=0.7912  ARI=0.6997  0.5s

=== P1E_S4_C2 train[0] k=5  dim=576  frames=193  σ=0.25  fold=0 ===
  OSC: k_hat=5  ACC=0.9585  NMI=0.9267  ARI=0.9160  0.5s

=== P1E_S4_C2 train[1] k=5  dim=576  frames=236  σ=0.25  fold=0 ===
  OSC: k_hat=5  ACC=0.7119  NMI=0.8432  ARI=0.6806  0.6s

=== P1E_S4_C2 train[2] k=5  dim=576  frames=223  σ=0.25  fold=0 ===
  OSC: k_hat=5  ACC=0.7130  NMI=0.8138  ARI=0.6754  0.5s

=== P1E_S4_C2 train[3] k=5  dim=576  frames=198  σ=0.25  fold=0 ===
  OSC: k_hat=5  ACC=0.8535  NMI=0.8686  ARI=0.7759  0.4s

=== P1E_S4_C3 train[0] k=5  dim=576  frames=152  σ=0.25  fold=0 ===
  OSC: k_hat=5  ACC=0.9605  NMI=0.9321  ARI=0.9010  0.3s

=== P1E_S4_C3 train[1] k=5  dim=576  frames=147  σ=0.25  fold=0 ===
  OSC: k_hat=5  ACC=0.6327  NMI=0.6979  ARI=0.5258  0.3s

=== P1E_S4_C3 train[2] k=5  dim=576  frames=141  σ=0.25  fold=0 ===
  OSC: k_hat=5  ACC=0.9504  NMI=0.9039  ARI=0.8816  0.2s

=== P1E_S4_C3 train[3] k=5  dim=576  frames=147  σ=0.25  fold=0 ===
  OSC: k_hat=5  ACC=0.7891  NMI=0.8661  ARI=0.7590  0.3s

=== P1L_S1_C1 train[0] k=5  dim=576  frames=265  σ=0.25  fold=0 ===
  OSC: k_hat=5  ACC=1.0000  NMI=1.0000  ARI=1.0000  0.7s

=== P1L_S1_C1 train[1] k=5  dim=576  frames=313  σ=0.25  fold=0 ===
  OSC: k_hat=5  ACC=0.8307  NMI=0.8741  ARI=0.7477  1.0s

=== P1L_S1_C1 train[2] k=5  dim=576  frames=239  σ=0.25  fold=0 ===
  OSC: k_hat=5  ACC=0.9079  NMI=0.9138  ARI=0.8817  0.7s

=== P1L_S1_C1 train[3] k=5  dim=576  frames=285  σ=0.25  fold=0 ===
  OSC: k_hat=5  ACC=0.8632  NMI=0.8698  ARI=0.7414  0.8s

=== P1L_S1_C2 train[0] k=5  dim=576  frames=236  σ=0.25  fold=0 ===
  OSC: k_hat=5  ACC=0.8686  NMI=0.8733  ARI=0.7470  0.6s

=== P1L_S1_C2 train[1] k=5  dim=576  frames=257  σ=0.25  fold=0 ===
  OSC: k_hat=5  ACC=0.7626  NMI=0.7471  ARI=0.5770  0.6s

=== P1L_S1_C2 train[2] k=5  dim=576  frames=260  σ=0.25  fold=0 ===
  OSC: k_hat=5  ACC=0.6115  NMI=0.7587  ARI=0.5687  0.6s

=== P1L_S1_C2 train[3] k=5  dim=576  frames=270  σ=0.25  fold=0 ===
  OSC: k_hat=5  ACC=0.6407  NMI=0.7270  ARI=0.4855  0.7s

=== P1L_S1_C3 train[0] k=5  dim=576  frames=115  σ=0.25  fold=0 ===
  OSC: k_hat=5  ACC=0.7217  NMI=0.8534  ARI=0.6691  0.2s

=== P1L_S1_C3 train[1] k=5  dim=576  frames=117  σ=0.25  fold=0 ===
  OSC: k_hat=5  ACC=0.6923  NMI=0.7398  ARI=0.5026  0.2s

=== P1L_S1_C3 train[2] k=5  dim=576  frames=101  σ=0.25  fold=0 ===
  OSC: k_hat=5  ACC=0.8020  NMI=0.7928  ARI=0.6476  0.2s

=== P1L_S1_C3 train[3] k=5  dim=576  frames=124  σ=0.25  fold=0 ===
  OSC: k_hat=5  ACC=0.9919  NMI=0.9784  ARI=0.9780  0.2s

=== P1L_S2_C1 train[0] k=5  dim=576  frames=281  σ=0.25  fold=0 ===
  OSC: k_hat=5  ACC=0.9253  NMI=0.9021  ARI=0.8382  0.8s

=== P1L_S2_C1 train[1] k=5  dim=576  frames=301  σ=0.25  fold=0 ===
  OSC: k_hat=5  ACC=0.6512  NMI=0.7316  ARI=0.5138  0.9s

=== P1L_S2_C1 train[2] k=5  dim=576  frames=275  σ=0.25  fold=0 ===
  OSC: k_hat=5  ACC=0.9018  NMI=0.9077  ARI=0.8561  0.8s

=== P1L_S2_C1 train[3] k=5  dim=576  frames=265  σ=0.25  fold=0 ===
  OSC: k_hat=5  ACC=0.7962  NMI=0.8736  ARI=0.7660  0.6s

=== P1L_S2_C2 train[0] k=5  dim=576  frames=256  σ=0.25  fold=0 ===
  OSC: k_hat=5  ACC=1.0000  NMI=1.0000  ARI=1.0000  0.7s

=== P1L_S2_C2 train[1] k=5  dim=576  frames=314  σ=0.25  fold=0 ===
  OSC: k_hat=5  ACC=0.8025  NMI=0.7969  ARI=0.6664  1.0s

=== P1L_S2_C2 train[2] k=5  dim=576  frames=301  σ=0.25  fold=0 ===
  OSC: k_hat=5  ACC=0.7209  NMI=0.8442  ARI=0.6969  0.9s

=== P1L_S2_C2 train[3] k=5  dim=576  frames=222  σ=0.25  fold=0 ===
  OSC: k_hat=5  ACC=1.0000  NMI=1.0000  ARI=1.0000  0.5s

=== P1L_S2_C3 train[0] k=5  dim=576  frames=159  σ=0.25  fold=0 ===
  OSC: k_hat=5  ACC=1.0000  NMI=1.0000  ARI=1.0000  0.3s

=== P1L_S2_C3 train[1] k=5  dim=576  frames=193  σ=0.25  fold=0 ===
  OSC: k_hat=5  ACC=0.8964  NMI=0.8854  ARI=0.7821  0.4s

=== P1L_S2_C3 train[2] k=5  dim=576  frames=175  σ=0.25  fold=0 ===
  OSC: k_hat=5  ACC=0.6743  NMI=0.7838  ARI=0.6161  0.3s

=== P1L_S2_C3 train[3] k=5  dim=576  frames=179  σ=0.25  fold=0 ===
  OSC: k_hat=5  ACC=0.9777  NMI=0.9488  ARI=0.9518  0.3s

=== P1L_S3_C1 train[0] k=5  dim=576  frames=289  σ=0.25  fold=0 ===
  OSC: k_hat=5  ACC=0.8028  NMI=0.8593  ARI=0.7702  0.8s

=== P1L_S3_C1 train[1] k=5  dim=576  frames=241  σ=0.25  fold=0 ===
  OSC: k_hat=5  ACC=0.7925  NMI=0.7535  ARI=0.6041  0.6s

=== P1L_S3_C1 train[2] k=5  dim=576  frames=312  σ=0.25  fold=0 ===
  OSC: k_hat=5  ACC=0.7436  NMI=0.7695  ARI=0.5925  1.0s

=== P1L_S3_C1 train[3] k=5  dim=576  frames=241  σ=0.25  fold=0 ===
  OSC: k_hat=5  ACC=0.8008  NMI=0.7853  ARI=0.6385  0.6s

=== P1L_S3_C2 train[0] k=5  dim=576  frames=287  σ=0.25  fold=0 ===
  OSC: k_hat=5  ACC=1.0000  NMI=1.0000  ARI=1.0000  0.8s

=== P1L_S3_C2 train[1] k=5  dim=576  frames=304  σ=0.25  fold=0 ===
  OSC: k_hat=5  ACC=0.5066  NMI=0.6372  ARI=0.3856  0.8s

=== P1L_S3_C2 train[2] k=5  dim=576  frames=329  σ=0.25  fold=0 ===
  OSC: k_hat=5  ACC=0.6413  NMI=0.7580  ARI=0.5708  0.9s

=== P1L_S3_C2 train[3] k=5  dim=576  frames=290  σ=0.25  fold=0 ===
  OSC: k_hat=5  ACC=0.6828  NMI=0.8326  ARI=0.6475  0.8s

=== P1L_S3_C3 train[0] k=5  dim=576  frames=210  σ=0.25  fold=0 ===
  OSC: k_hat=5  ACC=0.9667  NMI=0.9399  ARI=0.9150  0.5s

=== P1L_S3_C3 train[1] k=5  dim=576  frames=225  σ=0.25  fold=0 ===
  OSC: k_hat=5  ACC=0.8044  NMI=0.7826  ARI=0.6197  0.5s

=== P1L_S3_C3 train[2] k=5  dim=576  frames=210  σ=0.25  fold=0 ===
  OSC: k_hat=5  ACC=0.8048  NMI=0.7851  ARI=0.6376  0.5s

=== P1L_S3_C3 train[3] k=5  dim=576  frames=229  σ=0.25  fold=0 ===
  OSC: k_hat=5  ACC=0.9825  NMI=0.9555  ARI=0.9622  0.6s

=== P1L_S4_C1 train[0] k=5  dim=576  frames=255  σ=0.25  fold=0 ===
  OSC: k_hat=5  ACC=0.9882  NMI=0.9698  ARI=0.9652  0.6s

=== P1L_S4_C1 train[1] k=5  dim=576  frames=253  σ=0.25  fold=0 ===
  OSC: k_hat=5  ACC=0.9644  NMI=0.9363  ARI=0.9079  0.6s

=== P1L_S4_C1 train[2] k=5  dim=576  frames=278  σ=0.25  fold=0 ===
  OSC: k_hat=5  ACC=0.7770  NMI=0.8708  ARI=0.7365  0.8s

=== P1L_S4_C1 train[3] k=5  dim=576  frames=344  σ=0.25  fold=0 ===
  OSC: k_hat=5  ACC=1.0000  NMI=1.0000  ARI=1.0000  1.2s

=== P1L_S4_C2 train[0] k=5  dim=576  frames=257  σ=0.25  fold=0 ===
  OSC: k_hat=5  ACC=1.0000  NMI=1.0000  ARI=1.0000  0.6s

=== P1L_S4_C2 train[1] k=5  dim=576  frames=279  σ=0.25  fold=0 ===
  OSC: k_hat=5  ACC=0.9140  NMI=0.8723  ARI=0.8375  0.7s

=== P1L_S4_C2 train[2] k=5  dim=576  frames=258  σ=0.25  fold=0 ===
  OSC: k_hat=5  ACC=0.6783  NMI=0.7659  ARI=0.5961  0.6s

=== P1L_S4_C2 train[3] k=5  dim=576  frames=266  σ=0.25  fold=0 ===
  OSC: k_hat=5  ACC=0.7180  NMI=0.8328  ARI=0.6680  0.7s

=== P1L_S4_C3 train[0] k=5  dim=576  frames=158  σ=0.25  fold=0 ===
  OSC: k_hat=5  ACC=1.0000  NMI=1.0000  ARI=1.0000  0.3s

=== P1L_S4_C3 train[1] k=5  dim=576  frames=188  σ=0.25  fold=0 ===
  OSC: k_hat=5  ACC=0.6436  NMI=0.7524  ARI=0.5501  0.4s

=== P1L_S4_C3 train[2] k=5  dim=576  frames=169  σ=0.25  fold=0 ===
  OSC: k_hat=5  ACC=0.6509  NMI=0.7614  ARI=0.5718  0.4s

=== P1L_S4_C3 train[3] k=5  dim=576  frames=185  σ=0.25  fold=0 ===
  OSC: k_hat=5  ACC=0.9892  NMI=0.9741  ARI=0.9749  0.4s

=== P1E_S1_C1 test[0] k=5  dim=576  frames=249  σ=0.25  fold=0 ===
  OSC: k_hat=5  ACC=0.7390  NMI=0.8317  ARI=0.6659  0.6s

=== P1E_S1_C2 test[0] k=5  dim=576  frames=231  σ=0.25  fold=0 ===
  OSC: k_hat=5  ACC=0.9307  NMI=0.8733  ARI=0.8283  0.5s

=== P1E_S1_C3 test[0] k=5  dim=576  frames=98  σ=0.25  fold=0 ===
  OSC: k_hat=5  ACC=0.9490  NMI=0.9014  ARI=0.8815  0.1s

=== P1E_S2_C1 test[0] k=5  dim=576  frames=268  σ=0.25  fold=0 ===
  OSC: k_hat=5  ACC=0.8284  NMI=0.7435  ARI=0.6275  0.7s

=== P1E_S2_C2 test[0] k=5  dim=576  frames=223  σ=0.25  fold=0 ===
  OSC: k_hat=5  ACC=0.8744  NMI=0.8020  ARI=0.7283  0.5s

=== P1E_S2_C3 test[0] k=5  dim=576  frames=173  σ=0.25  fold=0 ===
  OSC: k_hat=5  ACC=1.0000  NMI=1.0000  ARI=1.0000  0.3s

=== P1E_S3_C1 test[0] k=5  dim=576  frames=258  σ=0.25  fold=0 ===
  OSC: k_hat=5  ACC=0.6589  NMI=0.7638  ARI=0.5816  0.6s

=== P1E_S3_C2 test[0] k=5  dim=576  frames=232  σ=0.25  fold=0 ===
  OSC: k_hat=5  ACC=0.9052  NMI=0.8718  ARI=0.7741  0.6s

=== P1E_S3_C3 test[0] k=5  dim=576  frames=170  σ=0.25  fold=0 ===
  OSC: k_hat=5  ACC=1.0000  NMI=1.0000  ARI=1.0000  0.4s

=== P1E_S4_C1 test[0] k=5  dim=576  frames=231  σ=0.25  fold=0 ===
  OSC: k_hat=5  ACC=0.7792  NMI=0.8516  ARI=0.6803  0.6s

=== P1E_S4_C2 test[0] k=5  dim=576  frames=201  σ=0.25  fold=0 ===
  OSC: k_hat=5  ACC=0.9751  NMI=0.9414  ARI=0.9381  0.5s

=== P1E_S4_C3 test[0] k=5  dim=576  frames=132  σ=0.25  fold=0 ===
  OSC: k_hat=5  ACC=0.9545  NMI=0.9115  ARI=0.8995  0.2s

=== P1L_S1_C1 test[0] k=5  dim=576  frames=289  σ=0.25  fold=0 ===
  OSC: k_hat=5  ACC=0.7543  NMI=0.8686  ARI=0.7291  0.8s

=== P1L_S1_C2 test[0] k=5  dim=576  frames=286  σ=0.25  fold=0 ===
  OSC: k_hat=5  ACC=0.6084  NMI=0.7233  ARI=0.4743  0.7s

=== P1L_S1_C3 test[0] k=5  dim=576  frames=108  σ=0.25  fold=0 ===
  OSC: k_hat=5  ACC=0.6296  NMI=0.7382  ARI=0.4995  0.2s

=== P1L_S2_C1 test[0] k=5  dim=576  frames=348  σ=0.25  fold=0 ===
  OSC: k_hat=5  ACC=0.7385  NMI=0.7667  ARI=0.6031  1.2s

=== P1L_S2_C2 test[0] k=5  dim=576  frames=300  σ=0.25  fold=0 ===
  OSC: k_hat=5  ACC=0.8067  NMI=0.7533  ARI=0.5532  0.9s

=== P1L_S2_C3 test[0] k=5  dim=576  frames=191  σ=0.25  fold=0 ===
  OSC: k_hat=5  ACC=0.8429  NMI=0.8521  ARI=0.6838  0.4s

=== P1L_S3_C1 test[0] k=5  dim=576  frames=246  σ=0.25  fold=0 ===
  OSC: k_hat=5  ACC=0.7683  NMI=0.8379  ARI=0.6656  0.6s

=== P1L_S3_C2 test[0] k=5  dim=576  frames=262  σ=0.25  fold=0 ===
  OSC: k_hat=5  ACC=0.8855  NMI=0.8197  ARI=0.7369  0.6s

=== P1L_S3_C3 test[0] k=5  dim=576  frames=231  σ=0.25  fold=0 ===
  OSC: k_hat=5  ACC=0.9351  NMI=0.9018  ARI=0.8265  0.5s

=== P1L_S4_C1 test[0] k=5  dim=576  frames=313  σ=0.25  fold=0 ===
  OSC: k_hat=5  ACC=0.8243  NMI=0.8685  ARI=0.7377  1.0s

=== P1L_S4_C2 test[0] k=5  dim=576  frames=267  σ=0.25  fold=0 ===
  OSC: k_hat=5  ACC=0.8052  NMI=0.7730  ARI=0.5934  0.8s

=== P1L_S4_C3 test[0] k=5  dim=576  frames=180  σ=0.25  fold=0 ===
  OSC: k_hat=5  ACC=0.8333  NMI=0.8662  ARI=0.7223  0.4s

============================================================
σ=0.25 fold=1  test=['0004', '0009', '0019', '0025', '0026']  train mats=96  test mats=24
  --- tune OSC over 96 train mats  n_trials=20 (2 params) ---
  OSC trial 0: mean ARI=0.6779  n=96  51.4s  lambda_1=0.1, lambda_2=0.1
  OSC trial 1: mean ARI=0.6742  n=96  51.0s  lambda_1=0.1568, lambda_2=0.7257
  OSC trial 2: mean ARI=0.6494  n=96  51.0s  lambda_1=0.2577, lambda_2=0.1512
  OSC trial 3: mean ARI=0.6873  n=96  51.0s  lambda_1=0.0495, lambda_2=0.3833
  OSC trial 4: mean ARI=0.6868  n=96  50.9s  lambda_1=0.05628, lambda_2=3.691
  OSC trial 5: mean ARI=0.0005  n=96  49.1s  lambda_1=7.156, lambda_2=0.03418
  OSC trial 6: mean ARI=0.0005  n=96  49.2s  lambda_1=1.469, lambda_2=0.1305
  OSC trial 7: mean ARI=0.6669  n=96  50.8s  lambda_1=0.1871, lambda_2=5.039
  OSC trial 8: mean ARI=0.6903  n=96  54.1s  lambda_1=0.001924, lambda_2=0.002231
  OSC trial 9: mean ARI=0.6908  n=96  50.9s  lambda_1=0.001205, lambda_2=2.14
  OSC trial 10: mean ARI=0.6906  n=96  54.0s  lambda_1=0.001206, lambda_2=0.001659
  OSC trial 11: mean ARI=0.6897  n=96  54.1s  lambda_1=0.001211, lambda_2=0.001203
  OSC trial 12: mean ARI=0.6903  n=96  53.6s  lambda_1=0.007272, lambda_2=0.009069
  OSC trial 13: mean ARI=0.6905  n=96  53.8s  lambda_1=0.00633, lambda_2=0.00958
  OSC trial 14: mean ARI=0.6909  n=96  51.2s  lambda_1=0.008924, lambda_2=0.9382
  OSC trial 15: mean ARI=0.6887  n=96  50.9s  lambda_1=0.01127, lambda_2=1.765
  OSC trial 16: mean ARI=0.6908  n=96  51.0s  lambda_1=0.0217, lambda_2=8.19
  OSC trial 17: mean ARI=0.6909  n=96  50.9s  lambda_1=0.01964, lambda_2=9.359
  OSC trial 18: mean ARI=0.6906  n=96  51.1s  lambda_1=0.004193, lambda_2=0.8299
  OSC trial 19: mean ARI=0.6908  n=96  50.9s  lambda_1=0.023, lambda_2=8.128
    best mean ARI=0.6909  tune 1030.9s  lambda_1=0.008924, lambda_2=0.9382
  wrote /nfs/turbo/umms-minjilab/lpullela/icassp_ssc_tv2/block_ssc_benchmark/cv/params/surveillance/split_k5_sigmas_min30_trials20_params_knownk_cv_osc_k5_sigma0p25_sigma0.25_fold1.json

=== P1E_S1_C1 train[0] k=5  dim=576  frames=249  σ=0.25  fold=1 ===
  OSC: k_hat=5  ACC=0.7349  NMI=0.8305  ARI=0.6632  0.6s

=== P1E_S1_C1 train[1] k=5  dim=576  frames=265  σ=0.25  fold=1 ===
  OSC: k_hat=5  ACC=0.4943  NMI=0.6913  ARI=0.3996  0.6s

=== P1E_S1_C1 train[2] k=5  dim=576  frames=242  σ=0.25  fold=1 ===
  OSC: k_hat=5  ACC=0.6818  NMI=0.7756  ARI=0.5979  0.6s

=== P1E_S1_C1 train[3] k=5  dim=576  frames=268  σ=0.25  fold=1 ===
  OSC: k_hat=5  ACC=0.5709  NMI=0.7076  ARI=0.4341  0.8s

=== P1E_S1_C2 train[0] k=5  dim=576  frames=231  σ=0.25  fold=1 ===
  OSC: k_hat=5  ACC=0.9307  NMI=0.8733  ARI=0.8283  0.6s

=== P1E_S1_C2 train[1] k=5  dim=576  frames=198  σ=0.25  fold=1 ===
  OSC: k_hat=5  ACC=0.6061  NMI=0.6180  ARI=0.4356  0.4s

=== P1E_S1_C2 train[2] k=5  dim=576  frames=199  σ=0.25  fold=1 ===
  OSC: k_hat=5  ACC=0.7035  NMI=0.8020  ARI=0.6631  0.4s

=== P1E_S1_C2 train[3] k=5  dim=576  frames=215  σ=0.25  fold=1 ===
  OSC: k_hat=5  ACC=0.9767  NMI=0.9447  ARI=0.9435  0.4s

=== P1E_S1_C3 train[0] k=5  dim=576  frames=98  σ=0.25  fold=1 ===
  OSC: k_hat=5  ACC=0.9490  NMI=0.9014  ARI=0.8815  0.1s

=== P1E_S1_C3 train[1] k=5  dim=576  frames=68  σ=0.25  fold=1 ===
  OSC: k_hat=5  ACC=0.6618  NMI=0.6650  ARI=0.4613  0.1s

=== P1E_S1_C3 train[2] k=5  dim=576  frames=87  σ=0.25  fold=1 ===
  OSC: k_hat=5  ACC=0.9540  NMI=0.9001  ARI=0.8889  0.1s

=== P1E_S1_C3 train[3] k=5  dim=576  frames=107  σ=0.25  fold=1 ===
  OSC: k_hat=5  ACC=0.8879  NMI=0.8133  ARI=0.7522  0.2s

=== P1E_S2_C1 train[0] k=5  dim=576  frames=268  σ=0.25  fold=1 ===
  OSC: k_hat=5  ACC=0.8284  NMI=0.7435  ARI=0.6275  0.6s

=== P1E_S2_C1 train[1] k=5  dim=576  frames=265  σ=0.25  fold=1 ===
  OSC: k_hat=5  ACC=0.5208  NMI=0.6936  ARI=0.4313  0.6s

=== P1E_S2_C1 train[2] k=5  dim=576  frames=232  σ=0.25  fold=1 ===
  OSC: k_hat=5  ACC=0.5259  NMI=0.7312  ARI=0.5274  0.5s

=== P1E_S2_C1 train[3] k=5  dim=576  frames=241  σ=0.25  fold=1 ===
  OSC: k_hat=5  ACC=0.6432  NMI=0.7163  ARI=0.4647  0.6s

=== P1E_S2_C2 train[0] k=5  dim=576  frames=223  σ=0.25  fold=1 ===
  OSC: k_hat=5  ACC=0.9013  NMI=0.8405  ARI=0.7723  0.5s

=== P1E_S2_C2 train[1] k=5  dim=576  frames=219  σ=0.25  fold=1 ===
  OSC: k_hat=5  ACC=0.9361  NMI=0.8738  ARI=0.8475  0.5s

=== P1E_S2_C2 train[2] k=5  dim=576  frames=192  σ=0.25  fold=1 ===
  OSC: k_hat=5  ACC=0.7500  NMI=0.7869  ARI=0.6381  0.4s

=== P1E_S2_C2 train[3] k=5  dim=576  frames=212  σ=0.25  fold=1 ===
  OSC: k_hat=5  ACC=0.9481  NMI=0.9056  ARI=0.8825  0.4s

=== P1E_S2_C3 train[0] k=5  dim=576  frames=173  σ=0.25  fold=1 ===
  OSC: k_hat=5  ACC=0.9942  NMI=0.9830  ARI=0.9841  0.3s

=== P1E_S2_C3 train[1] k=5  dim=576  frames=173  σ=0.25  fold=1 ===
  OSC: k_hat=5  ACC=0.8092  NMI=0.7591  ARI=0.6277  0.3s

=== P1E_S2_C3 train[2] k=5  dim=576  frames=160  σ=0.25  fold=1 ===
  OSC: k_hat=5  ACC=0.7750  NMI=0.8515  ARI=0.7507  0.3s

=== P1E_S2_C3 train[3] k=5  dim=576  frames=154  σ=0.25  fold=1 ===
  OSC: k_hat=5  ACC=0.9805  NMI=0.9524  ARI=0.9542  0.3s

=== P1E_S3_C1 train[0] k=5  dim=576  frames=258  σ=0.25  fold=1 ===
  OSC: k_hat=5  ACC=0.6589  NMI=0.7638  ARI=0.5816  0.7s

=== P1E_S3_C1 train[1] k=5  dim=576  frames=273  σ=0.25  fold=1 ===
  OSC: k_hat=5  ACC=0.5238  NMI=0.6630  ARI=0.3719  0.8s

=== P1E_S3_C1 train[2] k=5  dim=576  frames=250  σ=0.25  fold=1 ===
  OSC: k_hat=5  ACC=0.5320  NMI=0.6495  ARI=0.4241  0.6s

=== P1E_S3_C1 train[3] k=5  dim=576  frames=237  σ=0.25  fold=1 ===
  OSC: k_hat=5  ACC=0.6414  NMI=0.7643  ARI=0.5840  0.5s

=== P1E_S3_C2 train[0] k=5  dim=576  frames=232  σ=0.25  fold=1 ===
  OSC: k_hat=5  ACC=0.9009  NMI=0.8583  ARI=0.7634  0.5s

=== P1E_S3_C2 train[1] k=5  dim=576  frames=280  σ=0.25  fold=1 ===
  OSC: k_hat=5  ACC=0.5786  NMI=0.6780  ARI=0.4447  0.7s

=== P1E_S3_C2 train[2] k=5  dim=576  frames=222  σ=0.25  fold=1 ===
  OSC: k_hat=5  ACC=0.5856  NMI=0.7249  ARI=0.4934  0.5s

=== P1E_S3_C2 train[3] k=5  dim=576  frames=188  σ=0.25  fold=1 ===
  OSC: k_hat=5  ACC=0.9202  NMI=0.8781  ARI=0.8385  0.4s

=== P1E_S3_C3 train[0] k=5  dim=576  frames=170  σ=0.25  fold=1 ===
  OSC: k_hat=5  ACC=1.0000  NMI=1.0000  ARI=1.0000  0.3s

=== P1E_S3_C3 train[1] k=5  dim=576  frames=211  σ=0.25  fold=1 ===
  OSC: k_hat=5  ACC=0.7393  NMI=0.8374  ARI=0.6914  0.5s

=== P1E_S3_C3 train[2] k=5  dim=576  frames=167  σ=0.25  fold=1 ===
  OSC: k_hat=5  ACC=0.7305  NMI=0.8704  ARI=0.7379  0.4s

=== P1E_S3_C3 train[3] k=5  dim=576  frames=168  σ=0.25  fold=1 ===
  OSC: k_hat=5  ACC=0.9881  NMI=0.9667  ARI=0.9741  0.4s

=== P1E_S4_C1 train[0] k=5  dim=576  frames=231  σ=0.25  fold=1 ===
  OSC: k_hat=5  ACC=0.7619  NMI=0.8157  ARI=0.6517  0.6s

=== P1E_S4_C1 train[1] k=5  dim=576  frames=303  σ=0.25  fold=1 ===
  OSC: k_hat=5  ACC=0.5347  NMI=0.6859  ARI=0.3990  0.8s

=== P1E_S4_C1 train[2] k=5  dim=576  frames=248  σ=0.25  fold=1 ===
  OSC: k_hat=5  ACC=0.7379  NMI=0.7830  ARI=0.6385  0.5s

=== P1E_S4_C1 train[3] k=5  dim=576  frames=217  σ=0.25  fold=1 ===
  OSC: k_hat=5  ACC=0.7604  NMI=0.7895  ARI=0.6970  0.4s

=== P1E_S4_C2 train[0] k=5  dim=576  frames=201  σ=0.25  fold=1 ===
  OSC: k_hat=5  ACC=0.9751  NMI=0.9414  ARI=0.9381  0.4s

=== P1E_S4_C2 train[1] k=5  dim=576  frames=236  σ=0.25  fold=1 ===
  OSC: k_hat=5  ACC=0.7119  NMI=0.8432  ARI=0.6806  0.5s

=== P1E_S4_C2 train[2] k=5  dim=576  frames=223  σ=0.25  fold=1 ===
  OSC: k_hat=5  ACC=0.7175  NMI=0.8195  ARI=0.6846  0.5s

=== P1E_S4_C2 train[3] k=5  dim=576  frames=198  σ=0.25  fold=1 ===
  OSC: k_hat=5  ACC=0.8586  NMI=0.8694  ARI=0.7785  0.4s

=== P1E_S4_C3 train[0] k=5  dim=576  frames=132  σ=0.25  fold=1 ===
  OSC: k_hat=5  ACC=0.9242  NMI=0.8562  ARI=0.8147  0.2s

=== P1E_S4_C3 train[1] k=5  dim=576  frames=147  σ=0.25  fold=1 ===
  OSC: k_hat=5  ACC=0.6327  NMI=0.6979  ARI=0.5258  0.3s

=== P1E_S4_C3 train[2] k=5  dim=576  frames=141  σ=0.25  fold=1 ===
  OSC: k_hat=5  ACC=0.9504  NMI=0.9039  ARI=0.8816  0.2s

=== P1E_S4_C3 train[3] k=5  dim=576  frames=147  σ=0.25  fold=1 ===
  OSC: k_hat=5  ACC=0.7891  NMI=0.8661  ARI=0.7590  0.3s

=== P1L_S1_C1 train[0] k=5  dim=576  frames=289  σ=0.25  fold=1 ===
  OSC: k_hat=5  ACC=0.7543  NMI=0.8686  ARI=0.7291  0.8s

=== P1L_S1_C1 train[1] k=5  dim=576  frames=313  σ=0.25  fold=1 ===
  OSC: k_hat=5  ACC=0.8307  NMI=0.8741  ARI=0.7477  0.9s

=== P1L_S1_C1 train[2] k=5  dim=576  frames=239  σ=0.25  fold=1 ===
  OSC: k_hat=5  ACC=0.9079  NMI=0.9138  ARI=0.8817  0.5s

=== P1L_S1_C1 train[3] k=5  dim=576  frames=285  σ=0.25  fold=1 ===
  OSC: k_hat=5  ACC=0.8632  NMI=0.8698  ARI=0.7414  0.8s

=== P1L_S1_C2 train[0] k=5  dim=576  frames=286  σ=0.25  fold=1 ===
  OSC: k_hat=5  ACC=0.6084  NMI=0.7233  ARI=0.4743  0.8s

=== P1L_S1_C2 train[1] k=5  dim=576  frames=257  σ=0.25  fold=1 ===
  OSC: k_hat=5  ACC=0.7665  NMI=0.7493  ARI=0.5817  0.6s

=== P1L_S1_C2 train[2] k=5  dim=576  frames=260  σ=0.25  fold=1 ===
  OSC: k_hat=5  ACC=0.6115  NMI=0.7587  ARI=0.5687  0.6s

=== P1L_S1_C2 train[3] k=5  dim=576  frames=270  σ=0.25  fold=1 ===
  OSC: k_hat=5  ACC=0.6407  NMI=0.7270  ARI=0.4855  0.7s

=== P1L_S1_C3 train[0] k=5  dim=576  frames=108  σ=0.25  fold=1 ===
  OSC: k_hat=5  ACC=0.6389  NMI=0.7450  ARI=0.5147  0.2s

=== P1L_S1_C3 train[1] k=5  dim=576  frames=117  σ=0.25  fold=1 ===
  OSC: k_hat=5  ACC=0.6923  NMI=0.7398  ARI=0.5026  0.2s

=== P1L_S1_C3 train[2] k=5  dim=576  frames=101  σ=0.25  fold=1 ===
  OSC: k_hat=5  ACC=0.8020  NMI=0.7928  ARI=0.6476  0.1s

=== P1L_S1_C3 train[3] k=5  dim=576  frames=124  σ=0.25  fold=1 ===
  OSC: k_hat=5  ACC=0.9919  NMI=0.9784  ARI=0.9780  0.2s

=== P1L_S2_C1 train[0] k=5  dim=576  frames=348  σ=0.25  fold=1 ===
  OSC: k_hat=5  ACC=0.7385  NMI=0.7667  ARI=0.6031  1.1s

=== P1L_S2_C1 train[1] k=5  dim=576  frames=301  σ=0.25  fold=1 ===
  OSC: k_hat=5  ACC=0.6512  NMI=0.7316  ARI=0.5138  0.9s

=== P1L_S2_C1 train[2] k=5  dim=576  frames=275  σ=0.25  fold=1 ===
  OSC: k_hat=5  ACC=0.9018  NMI=0.9077  ARI=0.8561  0.8s

=== P1L_S2_C1 train[3] k=5  dim=576  frames=265  σ=0.25  fold=1 ===
  OSC: k_hat=5  ACC=0.7962  NMI=0.8736  ARI=0.7660  0.6s

=== P1L_S2_C2 train[0] k=5  dim=576  frames=300  σ=0.25  fold=1 ===
  OSC: k_hat=5  ACC=0.8067  NMI=0.7533  ARI=0.5532  0.8s

=== P1L_S2_C2 train[1] k=5  dim=576  frames=314  σ=0.25  fold=1 ===
  OSC: k_hat=5  ACC=0.8949  NMI=0.8510  ARI=0.7653  0.8s

=== P1L_S2_C2 train[2] k=5  dim=576  frames=301  σ=0.25  fold=1 ===
  OSC: k_hat=5  ACC=0.7209  NMI=0.8442  ARI=0.6969  0.8s

=== P1L_S2_C2 train[3] k=5  dim=576  frames=222  σ=0.25  fold=1 ===
  OSC: k_hat=5  ACC=1.0000  NMI=1.0000  ARI=1.0000  0.5s

=== P1L_S2_C3 train[0] k=5  dim=576  frames=191  σ=0.25  fold=1 ===
  OSC: k_hat=5  ACC=0.8482  NMI=0.8534  ARI=0.6882  0.4s

=== P1L_S2_C3 train[1] k=5  dim=576  frames=193  σ=0.25  fold=1 ===
  OSC: k_hat=5  ACC=0.8964  NMI=0.8854  ARI=0.7821  0.4s

=== P1L_S2_C3 train[2] k=5  dim=576  frames=175  σ=0.25  fold=1 ===
  OSC: k_hat=5  ACC=0.6743  NMI=0.7838  ARI=0.6161  0.4s

=== P1L_S2_C3 train[3] k=5  dim=576  frames=179  σ=0.25  fold=1 ===
  OSC: k_hat=5  ACC=0.9777  NMI=0.9488  ARI=0.9518  0.4s

=== P1L_S3_C1 train[0] k=5  dim=576  frames=246  σ=0.25  fold=1 ===
  OSC: k_hat=5  ACC=0.7683  NMI=0.8379  ARI=0.6656  0.6s

=== P1L_S3_C1 train[1] k=5  dim=576  frames=241  σ=0.25  fold=1 ===
  OSC: k_hat=5  ACC=0.7925  NMI=0.7535  ARI=0.6041  0.5s

=== P1L_S3_C1 train[2] k=5  dim=576  frames=312  σ=0.25  fold=1 ===
  OSC: k_hat=5  ACC=0.7436  NMI=0.7695  ARI=0.5925  0.9s

=== P1L_S3_C1 train[3] k=5  dim=576  frames=241  σ=0.25  fold=1 ===
  OSC: k_hat=5  ACC=0.8382  NMI=0.8420  ARI=0.7157  0.6s

=== P1L_S3_C2 train[0] k=5  dim=576  frames=262  σ=0.25  fold=1 ===
  OSC: k_hat=5  ACC=0.8855  NMI=0.8197  ARI=0.7369  0.7s

=== P1L_S3_C2 train[1] k=5  dim=576  frames=304  σ=0.25  fold=1 ===
  OSC: k_hat=5  ACC=0.5066  NMI=0.6372  ARI=0.3856  0.8s

=== P1L_S3_C2 train[2] k=5  dim=576  frames=329  σ=0.25  fold=1 ===
  OSC: k_hat=5  ACC=0.6413  NMI=0.7580  ARI=0.5708  0.9s

=== P1L_S3_C2 train[3] k=5  dim=576  frames=290  σ=0.25  fold=1 ===
  OSC: k_hat=5  ACC=0.6828  NMI=0.8326  ARI=0.6475  0.7s

=== P1L_S3_C3 train[0] k=5  dim=576  frames=231  σ=0.25  fold=1 ===
  OSC: k_hat=5  ACC=0.9307  NMI=0.8882  ARI=0.8147  0.5s

=== P1L_S3_C3 train[1] k=5  dim=576  frames=225  σ=0.25  fold=1 ===
  OSC: k_hat=5  ACC=0.8044  NMI=0.7826  ARI=0.6197  0.5s

=== P1L_S3_C3 train[2] k=5  dim=576  frames=210  σ=0.25  fold=1 ===
  OSC: k_hat=5  ACC=0.8048  NMI=0.7851  ARI=0.6376  0.5s

=== P1L_S3_C3 train[3] k=5  dim=576  frames=229  σ=0.25  fold=1 ===
  OSC: k_hat=5  ACC=0.9869  NMI=0.9642  ARI=0.9699  0.6s

=== P1L_S4_C1 train[0] k=5  dim=576  frames=313  σ=0.25  fold=1 ===
  OSC: k_hat=5  ACC=0.8243  NMI=0.8685  ARI=0.7377  0.9s

=== P1L_S4_C1 train[1] k=5  dim=576  frames=253  σ=0.25  fold=1 ===
  OSC: k_hat=5  ACC=0.9644  NMI=0.9363  ARI=0.9079  0.6s

=== P1L_S4_C1 train[2] k=5  dim=576  frames=278  σ=0.25  fold=1 ===
  OSC: k_hat=5  ACC=0.7770  NMI=0.8708  ARI=0.7365  0.7s

=== P1L_S4_C1 train[3] k=5  dim=576  frames=344  σ=0.25  fold=1 ===
  OSC: k_hat=5  ACC=1.0000  NMI=1.0000  ARI=1.0000  1.0s

=== P1L_S4_C2 train[0] k=5  dim=576  frames=267  σ=0.25  fold=1 ===
  OSC: k_hat=5  ACC=0.8165  NMI=0.7841  ARI=0.6159  0.7s

=== P1L_S4_C2 train[1] k=5  dim=576  frames=279  σ=0.25  fold=1 ===
  OSC: k_hat=5  ACC=0.9104  NMI=0.8601  ARI=0.8268  0.8s

=== P1L_S4_C2 train[2] k=5  dim=576  frames=258  σ=0.25  fold=1 ===
  OSC: k_hat=5  ACC=0.6783  NMI=0.7659  ARI=0.5961  0.6s

=== P1L_S4_C2 train[3] k=5  dim=576  frames=266  σ=0.25  fold=1 ===
  OSC: k_hat=5  ACC=0.7180  NMI=0.8328  ARI=0.6680  0.7s

=== P1L_S4_C3 train[0] k=5  dim=576  frames=180  σ=0.25  fold=1 ===
  OSC: k_hat=5  ACC=0.8333  NMI=0.8662  ARI=0.7223  0.4s

=== P1L_S4_C3 train[1] k=5  dim=576  frames=188  σ=0.25  fold=1 ===
  OSC: k_hat=5  ACC=0.6436  NMI=0.7524  ARI=0.5501  0.4s

=== P1L_S4_C3 train[2] k=5  dim=576  frames=169  σ=0.25  fold=1 ===
  OSC: k_hat=5  ACC=0.6509  NMI=0.7614  ARI=0.5718  0.3s

=== P1L_S4_C3 train[3] k=5  dim=576  frames=185  σ=0.25  fold=1 ===
  OSC: k_hat=5  ACC=0.9892  NMI=0.9741  ARI=0.9749  0.4s

=== P1E_S1_C1 test[0] k=5  dim=576  frames=212  σ=0.25  fold=1 ===
  OSC: k_hat=5  ACC=0.9953  NMI=0.9861  ARI=0.9888  0.5s

=== P1E_S1_C2 test[0] k=5  dim=576  frames=188  σ=0.25  fold=1 ===
  OSC: k_hat=5  ACC=0.9574  NMI=0.9258  ARI=0.8824  0.4s

=== P1E_S1_C3 test[0] k=5  dim=576  frames=93  σ=0.25  fold=1 ===
  OSC: k_hat=5  ACC=0.9785  NMI=0.9546  ARI=0.9423  0.1s

=== P1E_S2_C1 test[0] k=5  dim=576  frames=250  σ=0.25  fold=1 ===
  OSC: k_hat=5  ACC=0.9400  NMI=0.9199  ARI=0.8836  0.7s

=== P1E_S2_C2 test[0] k=5  dim=576  frames=196  σ=0.25  fold=1 ===
  OSC: k_hat=5  ACC=0.9847  NMI=0.9598  ARI=0.9622  0.4s

=== P1E_S2_C3 test[0] k=5  dim=576  frames=156  σ=0.25  fold=1 ===
  OSC: k_hat=5  ACC=1.0000  NMI=1.0000  ARI=1.0000  0.3s

=== P1E_S3_C1 test[0] k=5  dim=576  frames=237  σ=0.25  fold=1 ===
  OSC: k_hat=5  ACC=0.8608  NMI=0.8322  ARI=0.7407  0.5s

=== P1E_S3_C2 test[0] k=5  dim=576  frames=204  σ=0.25  fold=1 ===
  OSC: k_hat=5  ACC=0.9510  NMI=0.8882  ARI=0.8861  0.4s

=== P1E_S3_C3 test[0] k=5  dim=576  frames=150  σ=0.25  fold=1 ===
  OSC: k_hat=5  ACC=0.9933  NMI=0.9815  ARI=0.9835  0.2s

=== P1E_S4_C1 test[0] k=5  dim=576  frames=248  σ=0.25  fold=1 ===
  OSC: k_hat=5  ACC=0.7863  NMI=0.8580  ARI=0.7519  0.6s

=== P1E_S4_C2 test[0] k=5  dim=576  frames=193  σ=0.25  fold=1 ===
  OSC: k_hat=5  ACC=0.9585  NMI=0.9267  ARI=0.9160  0.4s

=== P1E_S4_C3 test[0] k=5  dim=576  frames=152  σ=0.25  fold=1 ===
  OSC: k_hat=5  ACC=0.9474  NMI=0.9027  ARI=0.8758  0.3s

=== P1L_S1_C1 test[0] k=5  dim=576  frames=265  σ=0.25  fold=1 ===
  OSC: k_hat=5  ACC=1.0000  NMI=1.0000  ARI=1.0000  0.7s

=== P1L_S1_C2 test[0] k=5  dim=576  frames=236  σ=0.25  fold=1 ===
  OSC: k_hat=5  ACC=0.8686  NMI=0.8733  ARI=0.7470  0.6s

=== P1L_S1_C3 test[0] k=5  dim=576  frames=115  σ=0.25  fold=1 ===
  OSC: k_hat=5  ACC=0.7217  NMI=0.8121  ARI=0.6450  0.2s

=== P1L_S2_C1 test[0] k=5  dim=576  frames=281  σ=0.25  fold=1 ===
  OSC: k_hat=5  ACC=0.9253  NMI=0.9021  ARI=0.8382  0.8s

=== P1L_S2_C2 test[0] k=5  dim=576  frames=256  σ=0.25  fold=1 ===
  OSC: k_hat=5  ACC=0.9180  NMI=0.9033  ARI=0.8398  0.6s

=== P1L_S2_C3 test[0] k=5  dim=576  frames=159  σ=0.25  fold=1 ===
  OSC: k_hat=5  ACC=1.0000  NMI=1.0000  ARI=1.0000  0.3s

=== P1L_S3_C1 test[0] k=5  dim=576  frames=289  σ=0.25  fold=1 ===
  OSC: k_hat=5  ACC=0.7993  NMI=0.8534  ARI=0.7638  0.7s

=== P1L_S3_C2 test[0] k=5  dim=576  frames=287  σ=0.25  fold=1 ===
  OSC: k_hat=5  ACC=1.0000  NMI=1.0000  ARI=1.0000  0.7s

=== P1L_S3_C3 test[0] k=5  dim=576  frames=210  σ=0.25  fold=1 ===
  OSC: k_hat=5  ACC=0.9952  NMI=0.9856  ARI=0.9869  0.4s

=== P1L_S4_C1 test[0] k=5  dim=576  frames=255  σ=0.25  fold=1 ===
  OSC: k_hat=5  ACC=0.9882  NMI=0.9698  ARI=0.9652  0.6s

=== P1L_S4_C2 test[0] k=5  dim=576  frames=257  σ=0.25  fold=1 ===
  OSC: k_hat=5  ACC=1.0000  NMI=1.0000  ARI=1.0000  0.7s

=== P1L_S4_C3 test[0] k=5  dim=576  frames=158  σ=0.25  fold=1 ===
  OSC: k_hat=5  ACC=1.0000  NMI=1.0000  ARI=1.0000  0.3s

============================================================
σ=0.25 fold=2  test=['0001', '0005', '0011', '0023', '0024']  train mats=96  test mats=24
  --- tune OSC over 96 train mats  n_trials=20 (2 params) ---
  OSC trial 0: mean ARI=0.7595  n=96  49.5s  lambda_1=0.1, lambda_2=0.1
  OSC trial 1: mean ARI=0.7522  n=96  48.7s  lambda_1=0.1568, lambda_2=0.7257
  OSC trial 2: mean ARI=0.7108  n=96  48.8s  lambda_1=0.2577, lambda_2=0.1512
  OSC trial 3: mean ARI=0.7684  n=96  48.9s  lambda_1=0.0495, lambda_2=0.3833
  OSC trial 4: mean ARI=0.7682  n=96  49.0s  lambda_1=0.05628, lambda_2=3.691
  OSC trial 5: mean ARI=0.0014  n=96  47.3s  lambda_1=7.156, lambda_2=0.03418
  OSC trial 6: mean ARI=0.0014  n=96  47.2s  lambda_1=1.469, lambda_2=0.1305
  OSC trial 7: mean ARI=0.7401  n=96  49.0s  lambda_1=0.1871, lambda_2=5.039
  OSC trial 8: mean ARI=0.7661  n=96  51.9s  lambda_1=0.001924, lambda_2=0.002231
  OSC trial 9: mean ARI=0.7677  n=96  48.8s  lambda_1=0.001205, lambda_2=2.14
  OSC trial 10: mean ARI=0.7692  n=96  51.9s  lambda_1=0.01165, lambda_2=0.001662
  OSC trial 11: mean ARI=0.7691  n=96  51.9s  lambda_1=0.01233, lambda_2=0.001203
  OSC trial 12: mean ARI=0.7688  n=96  51.8s  lambda_1=0.009762, lambda_2=0.001047
  OSC trial 13: mean ARI=0.7691  n=96  51.5s  lambda_1=0.009684, lambda_2=0.005996
  OSC trial 14: mean ARI=0.7646  n=96  51.6s  lambda_1=0.005512, lambda_2=0.00523
  OSC trial 15: mean ARI=0.7705  n=96  51.5s  lambda_1=0.01921, lambda_2=0.009737
  OSC trial 16: mean ARI=0.7702  n=96  51.2s  lambda_1=0.02491, lambda_2=0.01343
  OSC trial 17: mean ARI=0.7690  n=96  51.3s  lambda_1=0.03251, lambda_2=0.01989
  OSC trial 18: mean ARI=0.5611  n=96  49.2s  lambda_1=0.6414, lambda_2=0.01788
  OSC trial 19: mean ARI=0.7648  n=96  51.7s  lambda_1=0.003223, lambda_2=0.007322
    best mean ARI=0.7705  tune 1002.7s  lambda_1=0.01921, lambda_2=0.009737
  wrote /nfs/turbo/umms-minjilab/lpullela/icassp_ssc_tv2/block_ssc_benchmark/cv/params/surveillance/split_k5_sigmas_min30_trials20_params_knownk_cv_osc_k5_sigma0p25_sigma0.25_fold2.json

=== P1E_S1_C1 train[0] k=5  dim=576  frames=249  σ=0.25  fold=2 ===
  OSC: k_hat=5  ACC=0.7349  NMI=0.8305  ARI=0.6632  0.7s

=== P1E_S1_C1 train[1] k=5  dim=576  frames=212  σ=0.25  fold=2 ===
  OSC: k_hat=5  ACC=1.0000  NMI=1.0000  ARI=1.0000  0.4s

=== P1E_S1_C1 train[2] k=5  dim=576  frames=242  σ=0.25  fold=2 ===
  OSC: k_hat=5  ACC=0.6818  NMI=0.7756  ARI=0.5979  0.6s

=== P1E_S1_C1 train[3] k=5  dim=576  frames=268  σ=0.25  fold=2 ===
  OSC: k_hat=5  ACC=0.5709  NMI=0.7076  ARI=0.4341  0.7s

=== P1E_S1_C2 train[0] k=5  dim=576  frames=231  σ=0.25  fold=2 ===
  OSC: k_hat=5  ACC=0.9307  NMI=0.8733  ARI=0.8283  0.5s

=== P1E_S1_C2 train[1] k=5  dim=576  frames=188  σ=0.25  fold=2 ===
  OSC: k_hat=5  ACC=0.9574  NMI=0.9258  ARI=0.8824  0.4s

=== P1E_S1_C2 train[2] k=5  dim=576  frames=199  σ=0.25  fold=2 ===
  OSC: k_hat=5  ACC=0.7035  NMI=0.8020  ARI=0.6631  0.4s

=== P1E_S1_C2 train[3] k=5  dim=576  frames=215  σ=0.25  fold=2 ===
  OSC: k_hat=5  ACC=0.9767  NMI=0.9447  ARI=0.9435  0.5s

=== P1E_S1_C3 train[0] k=5  dim=576  frames=98  σ=0.25  fold=2 ===
  OSC: k_hat=5  ACC=0.9490  NMI=0.9014  ARI=0.8815  0.2s

=== P1E_S1_C3 train[1] k=5  dim=576  frames=93  σ=0.25  fold=2 ===
  OSC: k_hat=5  ACC=0.9785  NMI=0.9546  ARI=0.9423  0.1s

=== P1E_S1_C3 train[2] k=5  dim=576  frames=87  σ=0.25  fold=2 ===
  OSC: k_hat=5  ACC=0.9655  NMI=0.9274  ARI=0.9163  0.1s

=== P1E_S1_C3 train[3] k=5  dim=576  frames=107  σ=0.25  fold=2 ===
  OSC: k_hat=5  ACC=0.9346  NMI=0.8602  ARI=0.8347  0.2s

=== P1E_S2_C1 train[0] k=5  dim=576  frames=268  σ=0.25  fold=2 ===
  OSC: k_hat=5  ACC=0.8284  NMI=0.7435  ARI=0.6275  0.7s

=== P1E_S2_C1 train[1] k=5  dim=576  frames=250  σ=0.25  fold=2 ===
  OSC: k_hat=5  ACC=0.9400  NMI=0.9199  ARI=0.8836  0.6s

=== P1E_S2_C1 train[2] k=5  dim=576  frames=232  σ=0.25  fold=2 ===
  OSC: k_hat=5  ACC=0.5259  NMI=0.7312  ARI=0.5274  0.5s

=== P1E_S2_C1 train[3] k=5  dim=576  frames=241  σ=0.25  fold=2 ===
  OSC: k_hat=5  ACC=0.6432  NMI=0.7163  ARI=0.4647  0.6s

=== P1E_S2_C2 train[0] k=5  dim=576  frames=223  σ=0.25  fold=2 ===
  OSC: k_hat=5  ACC=0.8744  NMI=0.8020  ARI=0.7283  0.6s

=== P1E_S2_C2 train[1] k=5  dim=576  frames=196  σ=0.25  fold=2 ===
  OSC: k_hat=5  ACC=0.9847  NMI=0.9598  ARI=0.9622  0.5s

=== P1E_S2_C2 train[2] k=5  dim=576  frames=192  σ=0.25  fold=2 ===
  OSC: k_hat=5  ACC=0.7500  NMI=0.7869  ARI=0.6381  0.4s

=== P1E_S2_C2 train[3] k=5  dim=576  frames=212  σ=0.25  fold=2 ===
  OSC: k_hat=5  ACC=0.9481  NMI=0.9056  ARI=0.8825  0.5s

=== P1E_S2_C3 train[0] k=5  dim=576  frames=173  σ=0.25  fold=2 ===
  OSC: k_hat=5  ACC=1.0000  NMI=1.0000  ARI=1.0000  0.3s

=== P1E_S2_C3 train[1] k=5  dim=576  frames=156  σ=0.25  fold=2 ===
  OSC: k_hat=5  ACC=1.0000  NMI=1.0000  ARI=1.0000  0.3s

=== P1E_S2_C3 train[2] k=5  dim=576  frames=160  σ=0.25  fold=2 ===
  OSC: k_hat=5  ACC=0.7688  NMI=0.8509  ARI=0.7491  0.3s

=== P1E_S2_C3 train[3] k=5  dim=576  frames=154  σ=0.25  fold=2 ===
  OSC: k_hat=5  ACC=0.9740  NMI=0.9398  ARI=0.9378  0.3s

=== P1E_S3_C1 train[0] k=5  dim=576  frames=258  σ=0.25  fold=2 ===
  OSC: k_hat=5  ACC=0.6589  NMI=0.7638  ARI=0.5816  0.6s

=== P1E_S3_C1 train[1] k=5  dim=576  frames=237  σ=0.25  fold=2 ===
  OSC: k_hat=5  ACC=0.8608  NMI=0.8322  ARI=0.7407  0.5s

=== P1E_S3_C1 train[2] k=5  dim=576  frames=250  σ=0.25  fold=2 ===
  OSC: k_hat=5  ACC=0.5320  NMI=0.6495  ARI=0.4241  0.7s

=== P1E_S3_C1 train[3] k=5  dim=576  frames=237  σ=0.25  fold=2 ===
  OSC: k_hat=5  ACC=0.5949  NMI=0.7420  ARI=0.5525  0.6s

=== P1E_S3_C2 train[0] k=5  dim=576  frames=232  σ=0.25  fold=2 ===
  OSC: k_hat=5  ACC=0.9052  NMI=0.8718  ARI=0.7741  0.6s

=== P1E_S3_C2 train[1] k=5  dim=576  frames=204  σ=0.25  fold=2 ===
  OSC: k_hat=5  ACC=0.9510  NMI=0.8882  ARI=0.8861  0.5s

=== P1E_S3_C2 train[2] k=5  dim=576  frames=222  σ=0.25  fold=2 ===
  OSC: k_hat=5  ACC=0.5856  NMI=0.7249  ARI=0.4934  0.5s

=== P1E_S3_C2 train[3] k=5  dim=576  frames=188  σ=0.25  fold=2 ===
  OSC: k_hat=5  ACC=0.9255  NMI=0.8936  ARI=0.8499  0.4s

=== P1E_S3_C3 train[0] k=5  dim=576  frames=170  σ=0.25  fold=2 ===
  OSC: k_hat=5  ACC=1.0000  NMI=1.0000  ARI=1.0000  0.3s

=== P1E_S3_C3 train[1] k=5  dim=576  frames=150  σ=0.25  fold=2 ===
  OSC: k_hat=5  ACC=0.9933  NMI=0.9815  ARI=0.9835  0.3s

=== P1E_S3_C3 train[2] k=5  dim=576  frames=167  σ=0.25  fold=2 ===
  OSC: k_hat=5  ACC=0.7305  NMI=0.8704  ARI=0.7379  0.3s

=== P1E_S3_C3 train[3] k=5  dim=576  frames=168  σ=0.25  fold=2 ===
  OSC: k_hat=5  ACC=0.9881  NMI=0.9667  ARI=0.9741  0.3s

=== P1E_S4_C1 train[0] k=5  dim=576  frames=231  σ=0.25  fold=2 ===
  OSC: k_hat=5  ACC=0.7792  NMI=0.8516  ARI=0.6803  0.5s

=== P1E_S4_C1 train[1] k=5  dim=576  frames=248  σ=0.25  fold=2 ===
  OSC: k_hat=5  ACC=0.7863  NMI=0.8580  ARI=0.7519  0.6s

=== P1E_S4_C1 train[2] k=5  dim=576  frames=248  σ=0.25  fold=2 ===
  OSC: k_hat=5  ACC=0.6653  NMI=0.7459  ARI=0.5576  0.6s

=== P1E_S4_C1 train[3] k=5  dim=576  frames=217  σ=0.25  fold=2 ===
  OSC: k_hat=5  ACC=0.7604  NMI=0.7912  ARI=0.6997  0.5s

=== P1E_S4_C2 train[0] k=5  dim=576  frames=201  σ=0.25  fold=2 ===
  OSC: k_hat=5  ACC=0.9751  NMI=0.9414  ARI=0.9381  0.4s

=== P1E_S4_C2 train[1] k=5  dim=576  frames=193  σ=0.25  fold=2 ===
  OSC: k_hat=5  ACC=0.9585  NMI=0.9267  ARI=0.9160  0.4s

=== P1E_S4_C2 train[2] k=5  dim=576  frames=223  σ=0.25  fold=2 ===
  OSC: k_hat=5  ACC=0.7130  NMI=0.8138  ARI=0.6754  0.5s

=== P1E_S4_C2 train[3] k=5  dim=576  frames=198  σ=0.25  fold=2 ===
  OSC: k_hat=5  ACC=0.8535  NMI=0.8686  ARI=0.7759  0.4s

=== P1E_S4_C3 train[0] k=5  dim=576  frames=132  σ=0.25  fold=2 ===
  OSC: k_hat=5  ACC=0.9545  NMI=0.9115  ARI=0.8995  0.2s

=== P1E_S4_C3 train[1] k=5  dim=576  frames=152  σ=0.25  fold=2 ===
  OSC: k_hat=5  ACC=0.9605  NMI=0.9321  ARI=0.9010  0.3s

=== P1E_S4_C3 train[2] k=5  dim=576  frames=141  σ=0.25  fold=2 ===
  OSC: k_hat=5  ACC=0.9504  NMI=0.9039  ARI=0.8816  0.3s

=== P1E_S4_C3 train[3] k=5  dim=576  frames=147  σ=0.25  fold=2 ===
  OSC: k_hat=5  ACC=0.7891  NMI=0.8661  ARI=0.7590  0.3s

=== P1L_S1_C1 train[0] k=5  dim=576  frames=289  σ=0.25  fold=2 ===
  OSC: k_hat=5  ACC=0.7543  NMI=0.8686  ARI=0.7291  0.9s

=== P1L_S1_C1 train[1] k=5  dim=576  frames=265  σ=0.25  fold=2 ===
  OSC: k_hat=5  ACC=1.0000  NMI=1.0000  ARI=1.0000  0.8s

=== P1L_S1_C1 train[2] k=5  dim=576  frames=239  σ=0.25  fold=2 ===
  OSC: k_hat=5  ACC=0.9079  NMI=0.9138  ARI=0.8817  0.6s

=== P1L_S1_C1 train[3] k=5  dim=576  frames=285  σ=0.25  fold=2 ===
  OSC: k_hat=5  ACC=0.8632  NMI=0.8698  ARI=0.7414  0.7s

=== P1L_S1_C2 train[0] k=5  dim=576  frames=286  σ=0.25  fold=2 ===
  OSC: k_hat=5  ACC=0.6084  NMI=0.7233  ARI=0.4743  0.7s

=== P1L_S1_C2 train[1] k=5  dim=576  frames=236  σ=0.25  fold=2 ===
  OSC: k_hat=5  ACC=0.8686  NMI=0.8733  ARI=0.7470  0.6s

=== P1L_S1_C2 train[2] k=5  dim=576  frames=260  σ=0.25  fold=2 ===
  OSC: k_hat=5  ACC=0.6115  NMI=0.7587  ARI=0.5687  0.7s

=== P1L_S1_C2 train[3] k=5  dim=576  frames=270  σ=0.25  fold=2 ===
  OSC: k_hat=5  ACC=0.6407  NMI=0.7270  ARI=0.4855  0.8s

=== P1L_S1_C3 train[0] k=5  dim=576  frames=108  σ=0.25  fold=2 ===
  OSC: k_hat=5  ACC=0.6296  NMI=0.7382  ARI=0.4995  0.2s

=== P1L_S1_C3 train[1] k=5  dim=576  frames=115  σ=0.25  fold=2 ===
  OSC: k_hat=5  ACC=0.7217  NMI=0.8534  ARI=0.6691  0.2s

=== P1L_S1_C3 train[2] k=5  dim=576  frames=101  σ=0.25  fold=2 ===
  OSC: k_hat=5  ACC=0.8020  NMI=0.7928  ARI=0.6476  0.2s

=== P1L_S1_C3 train[3] k=5  dim=576  frames=124  σ=0.25  fold=2 ===
  OSC: k_hat=5  ACC=0.9919  NMI=0.9784  ARI=0.9780  0.2s

=== P1L_S2_C1 train[0] k=5  dim=576  frames=348  σ=0.25  fold=2 ===
  OSC: k_hat=5  ACC=0.7385  NMI=0.7667  ARI=0.6031  1.1s

=== P1L_S2_C1 train[1] k=5  dim=576  frames=281  σ=0.25  fold=2 ===
  OSC: k_hat=5  ACC=0.9253  NMI=0.9021  ARI=0.8382  0.7s

=== P1L_S2_C1 train[2] k=5  dim=576  frames=275  σ=0.25  fold=2 ===
  OSC: k_hat=5  ACC=0.9018  NMI=0.9077  ARI=0.8561  0.7s

=== P1L_S2_C1 train[3] k=5  dim=576  frames=265  σ=0.25  fold=2 ===
  OSC: k_hat=5  ACC=0.7962  NMI=0.8736  ARI=0.7660  0.7s

=== P1L_S2_C2 train[0] k=5  dim=576  frames=300  σ=0.25  fold=2 ===
  OSC: k_hat=5  ACC=0.8067  NMI=0.7533  ARI=0.5532  0.9s

=== P1L_S2_C2 train[1] k=5  dim=576  frames=256  σ=0.25  fold=2 ===
  OSC: k_hat=5  ACC=1.0000  NMI=1.0000  ARI=1.0000  0.7s

=== P1L_S2_C2 train[2] k=5  dim=576  frames=301  σ=0.25  fold=2 ===
  OSC: k_hat=5  ACC=0.7209  NMI=0.8442  ARI=0.6969  0.9s

=== P1L_S2_C2 train[3] k=5  dim=576  frames=222  σ=0.25  fold=2 ===
  OSC: k_hat=5  ACC=1.0000  NMI=1.0000  ARI=1.0000  0.5s

=== P1L_S2_C3 train[0] k=5  dim=576  frames=191  σ=0.25  fold=2 ===
  OSC: k_hat=5  ACC=0.8429  NMI=0.8521  ARI=0.6838  0.4s

=== P1L_S2_C3 train[1] k=5  dim=576  frames=159  σ=0.25  fold=2 ===
  OSC: k_hat=5  ACC=1.0000  NMI=1.0000  ARI=1.0000  0.3s

=== P1L_S2_C3 train[2] k=5  dim=576  frames=175  σ=0.25  fold=2 ===
  OSC: k_hat=5  ACC=0.6743  NMI=0.7838  ARI=0.6161  0.4s

=== P1L_S2_C3 train[3] k=5  dim=576  frames=179  σ=0.25  fold=2 ===
  OSC: k_hat=5  ACC=0.9777  NMI=0.9488  ARI=0.9518  0.4s

=== P1L_S3_C1 train[0] k=5  dim=576  frames=246  σ=0.25  fold=2 ===
  OSC: k_hat=5  ACC=0.7683  NMI=0.8379  ARI=0.6656  0.7s

=== P1L_S3_C1 train[1] k=5  dim=576  frames=289  σ=0.25  fold=2 ===
  OSC: k_hat=5  ACC=0.8028  NMI=0.8593  ARI=0.7702  0.8s

=== P1L_S3_C1 train[2] k=5  dim=576  frames=312  σ=0.25  fold=2 ===
  OSC: k_hat=5  ACC=0.7436  NMI=0.7695  ARI=0.5925  0.9s

=== P1L_S3_C1 train[3] k=5  dim=576  frames=241  σ=0.25  fold=2 ===
  OSC: k_hat=5  ACC=0.8008  NMI=0.7853  ARI=0.6385  0.6s

=== P1L_S3_C2 train[0] k=5  dim=576  frames=262  σ=0.25  fold=2 ===
  OSC: k_hat=5  ACC=0.8855  NMI=0.8197  ARI=0.7369  0.6s

=== P1L_S3_C2 train[1] k=5  dim=576  frames=287  σ=0.25  fold=2 ===
  OSC: k_hat=5  ACC=1.0000  NMI=1.0000  ARI=1.0000  0.8s

=== P1L_S3_C2 train[2] k=5  dim=576  frames=329  σ=0.25  fold=2 ===
  OSC: k_hat=5  ACC=0.6413  NMI=0.7580  ARI=0.5708  1.1s

=== P1L_S3_C2 train[3] k=5  dim=576  frames=290  σ=0.25  fold=2 ===
  OSC: k_hat=5  ACC=0.6828  NMI=0.8326  ARI=0.6475  0.8s

=== P1L_S3_C3 train[0] k=5  dim=576  frames=231  σ=0.25  fold=2 ===
  OSC: k_hat=5  ACC=0.9351  NMI=0.9018  ARI=0.8265  0.5s

=== P1L_S3_C3 train[1] k=5  dim=576  frames=210  σ=0.25  fold=2 ===
  OSC: k_hat=5  ACC=0.9667  NMI=0.9399  ARI=0.9150  0.4s

=== P1L_S3_C3 train[2] k=5  dim=576  frames=210  σ=0.25  fold=2 ===
  OSC: k_hat=5  ACC=0.8048  NMI=0.7851  ARI=0.6376  0.4s

=== P1L_S3_C3 train[3] k=5  dim=576  frames=229  σ=0.25  fold=2 ===
  OSC: k_hat=5  ACC=0.9869  NMI=0.9642  ARI=0.9699  0.5s

=== P1L_S4_C1 train[0] k=5  dim=576  frames=313  σ=0.25  fold=2 ===
  OSC: k_hat=5  ACC=0.8243  NMI=0.8685  ARI=0.7377  0.9s

=== P1L_S4_C1 train[1] k=5  dim=576  frames=255  σ=0.25  fold=2 ===
  OSC: k_hat=5  ACC=0.9882  NMI=0.9698  ARI=0.9652  0.7s

=== P1L_S4_C1 train[2] k=5  dim=576  frames=278  σ=0.25  fold=2 ===
  OSC: k_hat=5  ACC=0.7770  NMI=0.8708  ARI=0.7365  0.8s

=== P1L_S4_C1 train[3] k=5  dim=576  frames=344  σ=0.25  fold=2 ===
  OSC: k_hat=5  ACC=1.0000  NMI=1.0000  ARI=1.0000  1.1s

=== P1L_S4_C2 train[0] k=5  dim=576  frames=267  σ=0.25  fold=2 ===
  OSC: k_hat=5  ACC=0.8165  NMI=0.7841  ARI=0.6159  0.7s

=== P1L_S4_C2 train[1] k=5  dim=576  frames=257  σ=0.25  fold=2 ===
  OSC: k_hat=5  ACC=1.0000  NMI=1.0000  ARI=1.0000  0.6s

=== P1L_S4_C2 train[2] k=5  dim=576  frames=258  σ=0.25  fold=2 ===
  OSC: k_hat=5  ACC=0.6783  NMI=0.7659  ARI=0.5961  0.7s

=== P1L_S4_C2 train[3] k=5  dim=576  frames=266  σ=0.25  fold=2 ===
  OSC: k_hat=5  ACC=0.7180  NMI=0.8328  ARI=0.6680  0.8s

=== P1L_S4_C3 train[0] k=5  dim=576  frames=180  σ=0.25  fold=2 ===
  OSC: k_hat=5  ACC=0.8333  NMI=0.8662  ARI=0.7223  0.4s

=== P1L_S4_C3 train[1] k=5  dim=576  frames=158  σ=0.25  fold=2 ===
  OSC: k_hat=5  ACC=1.0000  NMI=1.0000  ARI=1.0000  0.3s

=== P1L_S4_C3 train[2] k=5  dim=576  frames=169  σ=0.25  fold=2 ===
  OSC: k_hat=5  ACC=0.6509  NMI=0.7614  ARI=0.5718  0.3s

=== P1L_S4_C3 train[3] k=5  dim=576  frames=185  σ=0.25  fold=2 ===
  OSC: k_hat=5  ACC=0.9892  NMI=0.9741  ARI=0.9749  0.4s

=== P1E_S1_C1 test[0] k=5  dim=576  frames=265  σ=0.25  fold=2 ===
  OSC: k_hat=5  ACC=0.4943  NMI=0.6913  ARI=0.3996  0.6s

=== P1E_S1_C2 test[0] k=5  dim=576  frames=198  σ=0.25  fold=2 ===
  OSC: k_hat=5  ACC=0.5909  NMI=0.6050  ARI=0.4208  0.4s

=== P1E_S1_C3 test[0] k=5  dim=576  frames=68  σ=0.25  fold=2 ===
  OSC: k_hat=5  ACC=0.7206  NMI=0.7355  ARI=0.5503  0.1s

=== P1E_S2_C1 test[0] k=5  dim=576  frames=265  σ=0.25  fold=2 ===
  OSC: k_hat=5  ACC=0.5208  NMI=0.6936  ARI=0.4313  0.7s

=== P1E_S2_C2 test[0] k=5  dim=576  frames=219  σ=0.25  fold=2 ===
  OSC: k_hat=5  ACC=0.9361  NMI=0.8738  ARI=0.8475  0.5s

=== P1E_S2_C3 test[0] k=5  dim=576  frames=173  σ=0.25  fold=2 ===
  OSC: k_hat=5  ACC=0.8092  NMI=0.7591  ARI=0.6277  0.4s

=== P1E_S3_C1 test[0] k=5  dim=576  frames=273  σ=0.25  fold=2 ===
  OSC: k_hat=5  ACC=0.5238  NMI=0.6630  ARI=0.3719  0.8s

=== P1E_S3_C2 test[0] k=5  dim=576  frames=280  σ=0.25  fold=2 ===
  OSC: k_hat=5  ACC=0.5821  NMI=0.6801  ARI=0.4486  0.8s

=== P1E_S3_C3 test[0] k=5  dim=576  frames=211  σ=0.25  fold=2 ===
  OSC: k_hat=5  ACC=0.7393  NMI=0.8374  ARI=0.6914  0.4s

=== P1E_S4_C1 test[0] k=5  dim=576  frames=303  σ=0.25  fold=2 ===
  OSC: k_hat=5  ACC=0.5347  NMI=0.6859  ARI=0.3990  0.8s

=== P1E_S4_C2 test[0] k=5  dim=576  frames=236  σ=0.25  fold=2 ===
  OSC: k_hat=5  ACC=0.7119  NMI=0.8432  ARI=0.6806  0.5s

=== P1E_S4_C3 test[0] k=5  dim=576  frames=147  σ=0.25  fold=2 ===
  OSC: k_hat=5  ACC=0.6327  NMI=0.6979  ARI=0.5258  0.3s

=== P1L_S1_C1 test[0] k=5  dim=576  frames=313  σ=0.25  fold=2 ===
  OSC: k_hat=5  ACC=0.8307  NMI=0.8741  ARI=0.7477  0.9s

=== P1L_S1_C2 test[0] k=5  dim=576  frames=257  σ=0.25  fold=2 ===
  OSC: k_hat=5  ACC=0.7626  NMI=0.7471  ARI=0.5770  0.7s

=== P1L_S1_C3 test[0] k=5  dim=576  frames=117  σ=0.25  fold=2 ===
  OSC: k_hat=5  ACC=0.6923  NMI=0.7398  ARI=0.5026  0.2s

=== P1L_S2_C1 test[0] k=5  dim=576  frames=301  σ=0.25  fold=2 ===
  OSC: k_hat=5  ACC=0.6512  NMI=0.7316  ARI=0.5138  0.9s

=== P1L_S2_C2 test[0] k=5  dim=576  frames=314  σ=0.25  fold=2 ===
  OSC: k_hat=5  ACC=0.8025  NMI=0.7969  ARI=0.6664  0.9s

=== P1L_S2_C3 test[0] k=5  dim=576  frames=193  σ=0.25  fold=2 ===
  OSC: k_hat=5  ACC=0.8964  NMI=0.8854  ARI=0.7821  0.4s

=== P1L_S3_C1 test[0] k=5  dim=576  frames=241  σ=0.25  fold=2 ===
  OSC: k_hat=5  ACC=0.7925  NMI=0.7535  ARI=0.6041  0.6s

=== P1L_S3_C2 test[0] k=5  dim=576  frames=304  σ=0.25  fold=2 ===
  OSC: k_hat=5  ACC=0.5066  NMI=0.6372  ARI=0.3856  0.9s

=== P1L_S3_C3 test[0] k=5  dim=576  frames=225  σ=0.25  fold=2 ===
  OSC: k_hat=5  ACC=0.8044  NMI=0.7826  ARI=0.6197  0.6s

=== P1L_S4_C1 test[0] k=5  dim=576  frames=253  σ=0.25  fold=2 ===
  OSC: k_hat=5  ACC=0.9644  NMI=0.9363  ARI=0.9079  0.6s

=== P1L_S4_C2 test[0] k=5  dim=576  frames=279  σ=0.25  fold=2 ===
  OSC: k_hat=5  ACC=0.9140  NMI=0.8723  ARI=0.8375  0.7s

=== P1L_S4_C3 test[0] k=5  dim=576  frames=188  σ=0.25  fold=2 ===
  OSC: k_hat=5  ACC=0.6436  NMI=0.7524  ARI=0.5501  0.4s

============================================================
σ=0.25 fold=3  test=['0007', '0010', '0015', '0016', '0021']  train mats=96  test mats=24
  --- tune OSC over 96 train mats  n_trials=20 (2 params) ---
  OSC trial 0: mean ARI=0.7368  n=96  50.6s  lambda_1=0.1, lambda_2=0.1
  OSC trial 1: mean ARI=0.7302  n=96  50.0s  lambda_1=0.1568, lambda_2=0.7257
  OSC trial 2: mean ARI=0.6962  n=96  50.1s  lambda_1=0.2577, lambda_2=0.1512
  OSC trial 3: mean ARI=0.7504  n=96  50.0s  lambda_1=0.0495, lambda_2=0.3833
  OSC trial 4: mean ARI=0.7497  n=96  50.1s  lambda_1=0.05628, lambda_2=3.691
  OSC trial 5: mean ARI=0.0019  n=96  48.5s  lambda_1=7.156, lambda_2=0.03418
  OSC trial 6: mean ARI=0.0019  n=96  48.5s  lambda_1=1.469, lambda_2=0.1305
  OSC trial 7: mean ARI=0.7211  n=96  50.3s  lambda_1=0.1871, lambda_2=5.039
  OSC trial 8: mean ARI=0.7476  n=96  52.9s  lambda_1=0.001924, lambda_2=0.002231
  OSC trial 9: mean ARI=0.7495  n=96  50.2s  lambda_1=0.001205, lambda_2=2.14
  OSC trial 10: mean ARI=0.7495  n=96  53.1s  lambda_1=0.01165, lambda_2=0.001662
  OSC trial 11: mean ARI=0.7525  n=96  50.2s  lambda_1=0.01856, lambda_2=0.9349
  OSC trial 12: mean ARI=0.7488  n=96  50.2s  lambda_1=0.01288, lambda_2=0.5626
  OSC trial 13: mean ARI=0.7484  n=96  50.2s  lambda_1=0.01483, lambda_2=0.7505
  OSC trial 14: mean ARI=0.7508  n=96  52.2s  lambda_1=0.03324, lambda_2=0.02161
  OSC trial 15: mean ARI=0.7463  n=96  52.9s  lambda_1=0.003408, lambda_2=0.006577
  OSC trial 16: mean ARI=0.7494  n=96  52.6s  lambda_1=0.006143, lambda_2=0.0152
  OSC trial 17: mean ARI=0.7533  n=96  50.9s  lambda_1=0.03251, lambda_2=9.37
  OSC trial 18: mean ARI=0.5666  n=96  51.6s  lambda_1=0.6233, lambda_2=7.883
  OSC trial 19: mean ARI=0.7516  n=96  51.2s  lambda_1=0.02464, lambda_2=1.695
    best mean ARI=0.7533  tune 1016.5s  lambda_1=0.03251, lambda_2=9.37
  wrote /nfs/turbo/umms-minjilab/lpullela/icassp_ssc_tv2/block_ssc_benchmark/cv/params/surveillance/split_k5_sigmas_min30_trials20_params_knownk_cv_osc_k5_sigma0p25_sigma0.25_fold3.json

=== P1E_S1_C1 train[0] k=5  dim=576  frames=249  σ=0.25  fold=3 ===
  OSC: k_hat=5  ACC=0.7390  NMI=0.8317  ARI=0.6659  0.6s

=== P1E_S1_C1 train[1] k=5  dim=576  frames=212  σ=0.25  fold=3 ===
  OSC: k_hat=5  ACC=1.0000  NMI=1.0000  ARI=1.0000  0.4s

=== P1E_S1_C1 train[2] k=5  dim=576  frames=265  σ=0.25  fold=3 ===
  OSC: k_hat=5  ACC=0.4943  NMI=0.6913  ARI=0.3996  0.7s

=== P1E_S1_C1 train[3] k=5  dim=576  frames=268  σ=0.25  fold=3 ===
  OSC: k_hat=5  ACC=0.5709  NMI=0.7076  ARI=0.4341  0.8s

=== P1E_S1_C2 train[0] k=5  dim=576  frames=231  σ=0.25  fold=3 ===
  OSC: k_hat=5  ACC=0.9307  NMI=0.8733  ARI=0.8283  0.6s

=== P1E_S1_C2 train[1] k=5  dim=576  frames=188  σ=0.25  fold=3 ===
  OSC: k_hat=5  ACC=0.9574  NMI=0.9258  ARI=0.8824  0.4s

=== P1E_S1_C2 train[2] k=5  dim=576  frames=198  σ=0.25  fold=3 ===
  OSC: k_hat=5  ACC=0.5960  NMI=0.6093  ARI=0.4259  0.4s

=== P1E_S1_C2 train[3] k=5  dim=576  frames=215  σ=0.25  fold=3 ===
  OSC: k_hat=5  ACC=0.9767  NMI=0.9447  ARI=0.9435  0.5s

=== P1E_S1_C3 train[0] k=5  dim=576  frames=98  σ=0.25  fold=3 ===
  OSC: k_hat=5  ACC=0.9490  NMI=0.9014  ARI=0.8815  0.1s

=== P1E_S1_C3 train[1] k=5  dim=576  frames=93  σ=0.25  fold=3 ===
  OSC: k_hat=5  ACC=0.9785  NMI=0.9546  ARI=0.9423  0.1s

=== P1E_S1_C3 train[2] k=5  dim=576  frames=68  σ=0.25  fold=3 ===
  OSC: k_hat=5  ACC=0.6618  NMI=0.6650  ARI=0.4613  0.1s

=== P1E_S1_C3 train[3] k=5  dim=576  frames=107  σ=0.25  fold=3 ===
  OSC: k_hat=5  ACC=0.8879  NMI=0.8133  ARI=0.7522  0.2s

=== P1E_S2_C1 train[0] k=5  dim=576  frames=268  σ=0.25  fold=3 ===
  OSC: k_hat=5  ACC=0.8284  NMI=0.7435  ARI=0.6275  0.7s

=== P1E_S2_C1 train[1] k=5  dim=576  frames=250  σ=0.25  fold=3 ===
  OSC: k_hat=5  ACC=0.9560  NMI=0.9326  ARI=0.9097  0.6s

=== P1E_S2_C1 train[2] k=5  dim=576  frames=265  σ=0.25  fold=3 ===
  OSC: k_hat=5  ACC=0.5208  NMI=0.6936  ARI=0.4313  0.7s

=== P1E_S2_C1 train[3] k=5  dim=576  frames=241  σ=0.25  fold=3 ===
  OSC: k_hat=5  ACC=0.6432  NMI=0.7163  ARI=0.4647  0.6s

=== P1E_S2_C2 train[0] k=5  dim=576  frames=223  σ=0.25  fold=3 ===
  OSC: k_hat=5  ACC=0.9552  NMI=0.9125  ARI=0.8961  0.6s

=== P1E_S2_C2 train[1] k=5  dim=576  frames=196  σ=0.25  fold=3 ===
  OSC: k_hat=5  ACC=0.9694  NMI=0.9235  ARI=0.9225  0.4s

=== P1E_S2_C2 train[2] k=5  dim=576  frames=219  σ=0.25  fold=3 ===
  OSC: k_hat=5  ACC=0.9361  NMI=0.8738  ARI=0.8475  0.5s

=== P1E_S2_C2 train[3] k=5  dim=576  frames=212  σ=0.25  fold=3 ===
  OSC: k_hat=5  ACC=0.9481  NMI=0.9056  ARI=0.8825  0.4s

=== P1E_S2_C3 train[0] k=5  dim=576  frames=173  σ=0.25  fold=3 ===
  OSC: k_hat=5  ACC=0.9942  NMI=0.9837  ARI=0.9868  0.3s

=== P1E_S2_C3 train[1] k=5  dim=576  frames=156  σ=0.25  fold=3 ===
  OSC: k_hat=5  ACC=1.0000  NMI=1.0000  ARI=1.0000  0.3s

=== P1E_S2_C3 train[2] k=5  dim=576  frames=173  σ=0.25  fold=3 ===
  OSC: k_hat=5  ACC=0.8092  NMI=0.7591  ARI=0.6277  0.3s

=== P1E_S2_C3 train[3] k=5  dim=576  frames=154  σ=0.25  fold=3 ===
  OSC: k_hat=5  ACC=0.9805  NMI=0.9524  ARI=0.9542  0.3s

=== P1E_S3_C1 train[0] k=5  dim=576  frames=258  σ=0.25  fold=3 ===
  OSC: k_hat=5  ACC=0.6589  NMI=0.7638  ARI=0.5816  0.6s

=== P1E_S3_C1 train[1] k=5  dim=576  frames=237  σ=0.25  fold=3 ===
  OSC: k_hat=5  ACC=0.8608  NMI=0.8322  ARI=0.7407  0.6s

=== P1E_S3_C1 train[2] k=5  dim=576  frames=273  σ=0.25  fold=3 ===
  OSC: k_hat=5  ACC=0.5238  NMI=0.6630  ARI=0.3719  0.7s

=== P1E_S3_C1 train[3] k=5  dim=576  frames=237  σ=0.25  fold=3 ===
  OSC: k_hat=5  ACC=0.5949  NMI=0.7420  ARI=0.5525  0.6s

=== P1E_S3_C2 train[0] k=5  dim=576  frames=232  σ=0.25  fold=3 ===
  OSC: k_hat=5  ACC=0.9052  NMI=0.8611  ARI=0.7710  0.5s

=== P1E_S3_C2 train[1] k=5  dim=576  frames=204  σ=0.25  fold=3 ===
  OSC: k_hat=5  ACC=0.9363  NMI=0.8594  ARI=0.8444  0.4s

=== P1E_S3_C2 train[2] k=5  dim=576  frames=280  σ=0.25  fold=3 ===
  OSC: k_hat=5  ACC=0.5821  NMI=0.6796  ARI=0.4478  0.7s

=== P1E_S3_C2 train[3] k=5  dim=576  frames=188  σ=0.25  fold=3 ===
  OSC: k_hat=5  ACC=0.9202  NMI=0.8781  ARI=0.8385  0.4s

=== P1E_S3_C3 train[0] k=5  dim=576  frames=170  σ=0.25  fold=3 ===
  OSC: k_hat=5  ACC=1.0000  NMI=1.0000  ARI=1.0000  0.4s

=== P1E_S3_C3 train[1] k=5  dim=576  frames=150  σ=0.25  fold=3 ===
  OSC: k_hat=5  ACC=0.9933  NMI=0.9815  ARI=0.9835  0.3s

=== P1E_S3_C3 train[2] k=5  dim=576  frames=211  σ=0.25  fold=3 ===
  OSC: k_hat=5  ACC=0.7393  NMI=0.8374  ARI=0.6914  0.5s

=== P1E_S3_C3 train[3] k=5  dim=576  frames=168  σ=0.25  fold=3 ===
  OSC: k_hat=5  ACC=0.9881  NMI=0.9667  ARI=0.9741  0.4s

=== P1E_S4_C1 train[0] k=5  dim=576  frames=231  σ=0.25  fold=3 ===
  OSC: k_hat=5  ACC=0.7792  NMI=0.8516  ARI=0.6803  0.6s

=== P1E_S4_C1 train[1] k=5  dim=576  frames=248  σ=0.25  fold=3 ===
  OSC: k_hat=5  ACC=0.7863  NMI=0.8580  ARI=0.7519  0.6s

=== P1E_S4_C1 train[2] k=5  dim=576  frames=303  σ=0.25  fold=3 ===
  OSC: k_hat=5  ACC=0.5347  NMI=0.6859  ARI=0.3990  0.8s

=== P1E_S4_C1 train[3] k=5  dim=576  frames=217  σ=0.25  fold=3 ===
  OSC: k_hat=5  ACC=0.7604  NMI=0.7912  ARI=0.6997  0.5s

=== P1E_S4_C2 train[0] k=5  dim=576  frames=201  σ=0.25  fold=3 ===
  OSC: k_hat=5  ACC=0.9801  NMI=0.9501  ARI=0.9498  0.4s

=== P1E_S4_C2 train[1] k=5  dim=576  frames=193  σ=0.25  fold=3 ===
  OSC: k_hat=5  ACC=0.9585  NMI=0.9267  ARI=0.9160  0.4s

=== P1E_S4_C2 train[2] k=5  dim=576  frames=236  σ=0.25  fold=3 ===
  OSC: k_hat=5  ACC=0.7119  NMI=0.8248  ARI=0.6594  0.6s

=== P1E_S4_C2 train[3] k=5  dim=576  frames=198  σ=0.25  fold=3 ===
  OSC: k_hat=5  ACC=0.8535  NMI=0.8686  ARI=0.7759  0.5s

=== P1E_S4_C3 train[0] k=5  dim=576  frames=132  σ=0.25  fold=3 ===
  OSC: k_hat=5  ACC=0.9242  NMI=0.8562  ARI=0.8147  0.2s

=== P1E_S4_C3 train[1] k=5  dim=576  frames=152  σ=0.25  fold=3 ===
  OSC: k_hat=5  ACC=0.9474  NMI=0.9027  ARI=0.8758  0.3s

=== P1E_S4_C3 train[2] k=5  dim=576  frames=147  σ=0.25  fold=3 ===
  OSC: k_hat=5  ACC=0.6327  NMI=0.6979  ARI=0.5258  0.3s

=== P1E_S4_C3 train[3] k=5  dim=576  frames=147  σ=0.25  fold=3 ===
  OSC: k_hat=5  ACC=0.7891  NMI=0.8661  ARI=0.7590  0.3s

=== P1L_S1_C1 train[0] k=5  dim=576  frames=289  σ=0.25  fold=3 ===
  OSC: k_hat=5  ACC=0.7543  NMI=0.8686  ARI=0.7291  0.7s

=== P1L_S1_C1 train[1] k=5  dim=576  frames=265  σ=0.25  fold=3 ===
  OSC: k_hat=5  ACC=1.0000  NMI=1.0000  ARI=1.0000  0.6s

=== P1L_S1_C1 train[2] k=5  dim=576  frames=313  σ=0.25  fold=3 ===
  OSC: k_hat=5  ACC=0.8307  NMI=0.8741  ARI=0.7477  0.8s

=== P1L_S1_C1 train[3] k=5  dim=576  frames=285  σ=0.25  fold=3 ===
  OSC: k_hat=5  ACC=0.7614  NMI=0.8657  ARI=0.7278  0.7s

=== P1L_S1_C2 train[0] k=5  dim=576  frames=286  σ=0.25  fold=3 ===
  OSC: k_hat=5  ACC=0.6084  NMI=0.7233  ARI=0.4743  0.8s

=== P1L_S1_C2 train[1] k=5  dim=576  frames=236  σ=0.25  fold=3 ===
  OSC: k_hat=5  ACC=0.8686  NMI=0.8733  ARI=0.7470  0.6s

=== P1L_S1_C2 train[2] k=5  dim=576  frames=257  σ=0.25  fold=3 ===
  OSC: k_hat=5  ACC=0.7626  NMI=0.7471  ARI=0.5770  0.7s

=== P1L_S1_C2 train[3] k=5  dim=576  frames=270  σ=0.25  fold=3 ===
  OSC: k_hat=5  ACC=0.6407  NMI=0.7270  ARI=0.4855  0.7s

=== P1L_S1_C3 train[0] k=5  dim=576  frames=108  σ=0.25  fold=3 ===
  OSC: k_hat=5  ACC=0.6296  NMI=0.7382  ARI=0.4995  0.2s

=== P1L_S1_C3 train[1] k=5  dim=576  frames=115  σ=0.25  fold=3 ===
  OSC: k_hat=5  ACC=0.7304  NMI=0.8548  ARI=0.6715  0.2s

=== P1L_S1_C3 train[2] k=5  dim=576  frames=117  σ=0.25  fold=3 ===
  OSC: k_hat=5  ACC=0.6923  NMI=0.7398  ARI=0.5026  0.2s

=== P1L_S1_C3 train[3] k=5  dim=576  frames=124  σ=0.25  fold=3 ===
  OSC: k_hat=5  ACC=0.9919  NMI=0.9784  ARI=0.9780  0.2s

=== P1L_S2_C1 train[0] k=5  dim=576  frames=348  σ=0.25  fold=3 ===
  OSC: k_hat=5  ACC=0.7385  NMI=0.7667  ARI=0.6031  1.1s

=== P1L_S2_C1 train[1] k=5  dim=576  frames=281  σ=0.25  fold=3 ===
  OSC: k_hat=5  ACC=0.9253  NMI=0.9021  ARI=0.8382  0.8s

=== P1L_S2_C1 train[2] k=5  dim=576  frames=301  σ=0.25  fold=3 ===
  OSC: k_hat=5  ACC=0.6512  NMI=0.7316  ARI=0.5138  0.8s

=== P1L_S2_C1 train[3] k=5  dim=576  frames=265  σ=0.25  fold=3 ===
  OSC: k_hat=5  ACC=0.7962  NMI=0.8736  ARI=0.7660  0.6s

=== P1L_S2_C2 train[0] k=5  dim=576  frames=300  σ=0.25  fold=3 ===
  OSC: k_hat=5  ACC=0.8067  NMI=0.7533  ARI=0.5532  0.8s

=== P1L_S2_C2 train[1] k=5  dim=576  frames=256  σ=0.25  fold=3 ===
  OSC: k_hat=5  ACC=1.0000  NMI=1.0000  ARI=1.0000  0.6s

=== P1L_S2_C2 train[2] k=5  dim=576  frames=314  σ=0.25  fold=3 ===
  OSC: k_hat=5  ACC=0.8057  NMI=0.7975  ARI=0.6677  1.0s

=== P1L_S2_C2 train[3] k=5  dim=576  frames=222  σ=0.25  fold=3 ===
  OSC: k_hat=5  ACC=1.0000  NMI=1.0000  ARI=1.0000  0.5s

=== P1L_S2_C3 train[0] k=5  dim=576  frames=191  σ=0.25  fold=3 ===
  OSC: k_hat=5  ACC=0.8429  NMI=0.8521  ARI=0.6838  0.4s

=== P1L_S2_C3 train[1] k=5  dim=576  frames=159  σ=0.25  fold=3 ===
  OSC: k_hat=5  ACC=1.0000  NMI=1.0000  ARI=1.0000  0.3s

=== P1L_S2_C3 train[2] k=5  dim=576  frames=193  σ=0.25  fold=3 ===
  OSC: k_hat=5  ACC=0.8964  NMI=0.8854  ARI=0.7821  0.4s

=== P1L_S2_C3 train[3] k=5  dim=576  frames=179  σ=0.25  fold=3 ===
  OSC: k_hat=5  ACC=0.9777  NMI=0.9488  ARI=0.9518  0.3s

=== P1L_S3_C1 train[0] k=5  dim=576  frames=246  σ=0.25  fold=3 ===
  OSC: k_hat=5  ACC=0.7683  NMI=0.8379  ARI=0.6656  0.6s

=== P1L_S3_C1 train[1] k=5  dim=576  frames=289  σ=0.25  fold=3 ===
  OSC: k_hat=5  ACC=0.9792  NMI=0.9496  ARI=0.9467  0.7s

=== P1L_S3_C1 train[2] k=5  dim=576  frames=241  σ=0.25  fold=3 ===
  OSC: k_hat=5  ACC=0.7925  NMI=0.7535  ARI=0.6041  0.5s

=== P1L_S3_C1 train[3] k=5  dim=576  frames=241  σ=0.25  fold=3 ===
  OSC: k_hat=5  ACC=0.8174  NMI=0.8051  ARI=0.6702  0.6s

=== P1L_S3_C2 train[0] k=5  dim=576  frames=262  σ=0.25  fold=3 ===
  OSC: k_hat=5  ACC=0.9427  NMI=0.9081  ARI=0.8657  0.7s

=== P1L_S3_C2 train[1] k=5  dim=576  frames=287  σ=0.25  fold=3 ===
  OSC: k_hat=5  ACC=0.9965  NMI=0.9889  ARI=0.9909  0.8s

=== P1L_S3_C2 train[2] k=5  dim=576  frames=304  σ=0.25  fold=3 ===
  OSC: k_hat=5  ACC=0.5066  NMI=0.6372  ARI=0.3856  0.9s

=== P1L_S3_C2 train[3] k=5  dim=576  frames=290  σ=0.25  fold=3 ===
  OSC: k_hat=5  ACC=0.6828  NMI=0.8326  ARI=0.6475  0.8s

=== P1L_S3_C3 train[0] k=5  dim=576  frames=231  σ=0.25  fold=3 ===
  OSC: k_hat=5  ACC=0.9307  NMI=0.8882  ARI=0.8147  0.5s

=== P1L_S3_C3 train[1] k=5  dim=576  frames=210  σ=0.25  fold=3 ===
  OSC: k_hat=5  ACC=0.9667  NMI=0.9399  ARI=0.9150  0.5s

=== P1L_S3_C3 train[2] k=5  dim=576  frames=225  σ=0.25  fold=3 ===
  OSC: k_hat=5  ACC=0.8044  NMI=0.7826  ARI=0.6197  0.6s

=== P1L_S3_C3 train[3] k=5  dim=576  frames=229  σ=0.25  fold=3 ===
  OSC: k_hat=5  ACC=0.9825  NMI=0.9555  ARI=0.9622  0.6s

=== P1L_S4_C1 train[0] k=5  dim=576  frames=313  σ=0.25  fold=3 ===
  OSC: k_hat=5  ACC=0.8243  NMI=0.8685  ARI=0.7377  0.9s

=== P1L_S4_C1 train[1] k=5  dim=576  frames=255  σ=0.25  fold=3 ===
  OSC: k_hat=5  ACC=0.9882  NMI=0.9698  ARI=0.9652  0.6s

=== P1L_S4_C1 train[2] k=5  dim=576  frames=253  σ=0.25  fold=3 ===
  OSC: k_hat=5  ACC=0.9644  NMI=0.9363  ARI=0.9079  0.6s

=== P1L_S4_C1 train[3] k=5  dim=576  frames=344  σ=0.25  fold=3 ===
  OSC: k_hat=5  ACC=0.9971  NMI=0.9905  ARI=0.9925  1.0s

=== P1L_S4_C2 train[0] k=5  dim=576  frames=267  σ=0.25  fold=3 ===
  OSC: k_hat=5  ACC=0.8165  NMI=0.7841  ARI=0.6159  0.7s

=== P1L_S4_C2 train[1] k=5  dim=576  frames=257  σ=0.25  fold=3 ===
  OSC: k_hat=5  ACC=1.0000  NMI=1.0000  ARI=1.0000  0.7s

=== P1L_S4_C2 train[2] k=5  dim=576  frames=279  σ=0.25  fold=3 ===
  OSC: k_hat=5  ACC=0.9104  NMI=0.8601  ARI=0.8268  0.8s

=== P1L_S4_C2 train[3] k=5  dim=576  frames=266  σ=0.25  fold=3 ===
  OSC: k_hat=5  ACC=0.7180  NMI=0.8328  ARI=0.6680  0.7s

=== P1L_S4_C3 train[0] k=5  dim=576  frames=180  σ=0.25  fold=3 ===
  OSC: k_hat=5  ACC=0.8333  NMI=0.8662  ARI=0.7223  0.3s

=== P1L_S4_C3 train[1] k=5  dim=576  frames=158  σ=0.25  fold=3 ===
  OSC: k_hat=5  ACC=1.0000  NMI=1.0000  ARI=1.0000  0.3s

=== P1L_S4_C3 train[2] k=5  dim=576  frames=188  σ=0.25  fold=3 ===
  OSC: k_hat=5  ACC=0.6436  NMI=0.7524  ARI=0.5501  0.4s

=== P1L_S4_C3 train[3] k=5  dim=576  frames=185  σ=0.25  fold=3 ===
  OSC: k_hat=5  ACC=0.9892  NMI=0.9741  ARI=0.9749  0.3s

=== P1E_S1_C1 test[0] k=5  dim=576  frames=242  σ=0.25  fold=3 ===
  OSC: k_hat=5  ACC=0.6818  NMI=0.7637  ARI=0.5923  0.5s

=== P1E_S1_C2 test[0] k=5  dim=576  frames=199  σ=0.25  fold=3 ===
  OSC: k_hat=5  ACC=0.7035  NMI=0.8020  ARI=0.6631  0.4s

=== P1E_S1_C3 test[0] k=5  dim=576  frames=87  σ=0.25  fold=3 ===
  OSC: k_hat=5  ACC=0.9540  NMI=0.9001  ARI=0.8889  0.1s

=== P1E_S2_C1 test[0] k=5  dim=576  frames=232  σ=0.25  fold=3 ===
  OSC: k_hat=5  ACC=0.5259  NMI=0.7312  ARI=0.5274  0.5s

=== P1E_S2_C2 test[0] k=5  dim=576  frames=192  σ=0.25  fold=3 ===
  OSC: k_hat=5  ACC=0.7552  NMI=0.7905  ARI=0.6459  0.4s

=== P1E_S2_C3 test[0] k=5  dim=576  frames=160  σ=0.25  fold=3 ===
  OSC: k_hat=5  ACC=0.7688  NMI=0.8509  ARI=0.7491  0.3s

=== P1E_S3_C1 test[0] k=5  dim=576  frames=250  σ=0.25  fold=3 ===
  OSC: k_hat=5  ACC=0.5320  NMI=0.6495  ARI=0.4241  0.6s

=== P1E_S3_C2 test[0] k=5  dim=576  frames=222  σ=0.25  fold=3 ===
  OSC: k_hat=5  ACC=0.5856  NMI=0.7249  ARI=0.4934  0.5s

=== P1E_S3_C3 test[0] k=5  dim=576  frames=167  σ=0.25  fold=3 ===
  OSC: k_hat=5  ACC=0.7425  NMI=0.8708  ARI=0.7394  0.3s

=== P1E_S4_C1 test[0] k=5  dim=576  frames=248  σ=0.25  fold=3 ===
  OSC: k_hat=5  ACC=0.6573  NMI=0.7438  ARI=0.5537  0.6s

=== P1E_S4_C2 test[0] k=5  dim=576  frames=223  σ=0.25  fold=3 ===
  OSC: k_hat=5  ACC=0.7175  NMI=0.8195  ARI=0.6846  0.5s

=== P1E_S4_C3 test[0] k=5  dim=576  frames=141  σ=0.25  fold=3 ===
  OSC: k_hat=5  ACC=0.9504  NMI=0.9039  ARI=0.8816  0.3s

=== P1L_S1_C1 test[0] k=5  dim=576  frames=239  σ=0.25  fold=3 ===
  OSC: k_hat=5  ACC=0.9079  NMI=0.9138  ARI=0.8817  0.7s

=== P1L_S1_C2 test[0] k=5  dim=576  frames=260  σ=0.25  fold=3 ===
  OSC: k_hat=5  ACC=0.6115  NMI=0.7587  ARI=0.5687  0.7s

=== P1L_S1_C3 test[0] k=5  dim=576  frames=101  σ=0.25  fold=3 ===
  OSC: k_hat=5  ACC=0.8020  NMI=0.7928  ARI=0.6476  0.2s

=== P1L_S2_C1 test[0] k=5  dim=576  frames=275  σ=0.25  fold=3 ===
  OSC: k_hat=5  ACC=0.9018  NMI=0.9077  ARI=0.8561  0.7s

=== P1L_S2_C2 test[0] k=5  dim=576  frames=301  σ=0.25  fold=3 ===
  OSC: k_hat=5  ACC=0.7209  NMI=0.8442  ARI=0.6969  0.9s

=== P1L_S2_C3 test[0] k=5  dim=576  frames=175  σ=0.25  fold=3 ===
  OSC: k_hat=5  ACC=0.6743  NMI=0.7838  ARI=0.6161  0.3s

=== P1L_S3_C1 test[0] k=5  dim=576  frames=312  σ=0.25  fold=3 ===
  OSC: k_hat=5  ACC=0.7436  NMI=0.7695  ARI=0.5925  0.9s

=== P1L_S3_C2 test[0] k=5  dim=576  frames=329  σ=0.25  fold=3 ===
  OSC: k_hat=5  ACC=0.6413  NMI=0.7580  ARI=0.5708  1.0s

=== P1L_S3_C3 test[0] k=5  dim=576  frames=210  σ=0.25  fold=3 ===
  OSC: k_hat=5  ACC=0.8048  NMI=0.7851  ARI=0.6376  0.5s

=== P1L_S4_C1 test[0] k=5  dim=576  frames=278  σ=0.25  fold=3 ===
  OSC: k_hat=5  ACC=0.7374  NMI=0.8261  ARI=0.6942  0.8s

=== P1L_S4_C2 test[0] k=5  dim=576  frames=258  σ=0.25  fold=3 ===
  OSC: k_hat=5  ACC=0.6783  NMI=0.7659  ARI=0.5961  0.6s

=== P1L_S4_C3 test[0] k=5  dim=576  frames=169  σ=0.25  fold=3 ===
  OSC: k_hat=5  ACC=0.6509  NMI=0.7614  ARI=0.5718  0.3s

============================================================
σ=0.25 fold=4  test=['0003', '0012', '0017', '0018', '0020']  train mats=96  test mats=24
  --- tune OSC over 96 train mats  n_trials=20 (2 params) ---
  OSC trial 0: mean ARI=0.7081  n=96  51.9s  lambda_1=0.1, lambda_2=0.1
  OSC trial 1: mean ARI=0.7083  n=96  52.0s  lambda_1=0.1568, lambda_2=0.7257
  OSC trial 2: mean ARI=0.6759  n=96  52.0s  lambda_1=0.2577, lambda_2=0.1512
  OSC trial 3: mean ARI=0.7173  n=96  52.0s  lambda_1=0.0495, lambda_2=0.3833
  OSC trial 4: mean ARI=0.7164  n=96  52.1s  lambda_1=0.05628, lambda_2=3.691
  OSC trial 5: mean ARI=0.0017  n=96  50.5s  lambda_1=7.156, lambda_2=0.03418
  OSC trial 6: mean ARI=0.0017  n=96  50.6s  lambda_1=1.469, lambda_2=0.1305
  OSC trial 7: mean ARI=0.6996  n=96  51.9s  lambda_1=0.1871, lambda_2=5.039
  OSC trial 8: mean ARI=0.7135  n=96  56.0s  lambda_1=0.001924, lambda_2=0.002231
  OSC trial 9: mean ARI=0.7160  n=96  52.7s  lambda_1=0.001205, lambda_2=2.14
  OSC trial 10: mean ARI=0.7158  n=96  55.9s  lambda_1=0.01165, lambda_2=0.001662
  OSC trial 11: mean ARI=0.7205  n=96  52.8s  lambda_1=0.01856, lambda_2=0.9349
  OSC trial 12: mean ARI=0.7165  n=96  51.8s  lambda_1=0.01288, lambda_2=0.5626
  OSC trial 13: mean ARI=0.7160  n=96  51.4s  lambda_1=0.01483, lambda_2=0.7505
  OSC trial 14: mean ARI=0.7187  n=96  53.4s  lambda_1=0.03324, lambda_2=0.02161
  OSC trial 15: mean ARI=0.7151  n=96  53.8s  lambda_1=0.003408, lambda_2=0.006577
  OSC trial 16: mean ARI=0.7157  n=96  53.1s  lambda_1=0.006143, lambda_2=0.0152
  OSC trial 17: mean ARI=0.7212  n=96  50.9s  lambda_1=0.03251, lambda_2=9.37
  OSC trial 18: mean ARI=0.5687  n=96  50.9s  lambda_1=0.6233, lambda_2=7.883
  OSC trial 19: mean ARI=0.7196  n=96  50.7s  lambda_1=0.02464, lambda_2=1.695
    best mean ARI=0.7212  tune 1046.6s  lambda_1=0.03251, lambda_2=9.37
  wrote /nfs/turbo/umms-minjilab/lpullela/icassp_ssc_tv2/block_ssc_benchmark/cv/params/surveillance/split_k5_sigmas_min30_trials20_params_knownk_cv_osc_k5_sigma0p25_sigma0.25_fold4.json

=== P1E_S1_C1 train[0] k=5  dim=576  frames=249  σ=0.25  fold=4 ===
  OSC: k_hat=5  ACC=0.7390  NMI=0.8317  ARI=0.6659  0.6s

=== P1E_S1_C1 train[1] k=5  dim=576  frames=212  σ=0.25  fold=4 ===
  OSC: k_hat=5  ACC=1.0000  NMI=1.0000  ARI=1.0000  0.4s

=== P1E_S1_C1 train[2] k=5  dim=576  frames=265  σ=0.25  fold=4 ===
  OSC: k_hat=5  ACC=0.4943  NMI=0.6913  ARI=0.3996  0.6s

=== P1E_S1_C1 train[3] k=5  dim=576  frames=242  σ=0.25  fold=4 ===
  OSC: k_hat=5  ACC=0.6818  NMI=0.7637  ARI=0.5923  0.6s

=== P1E_S1_C2 train[0] k=5  dim=576  frames=231  σ=0.25  fold=4 ===
  OSC: k_hat=5  ACC=0.9307  NMI=0.8733  ARI=0.8283  0.6s

=== P1E_S1_C2 train[1] k=5  dim=576  frames=188  σ=0.25  fold=4 ===
  OSC: k_hat=5  ACC=0.9574  NMI=0.9258  ARI=0.8824  0.4s

=== P1E_S1_C2 train[2] k=5  dim=576  frames=198  σ=0.25  fold=4 ===
  OSC: k_hat=5  ACC=0.5960  NMI=0.6093  ARI=0.4259  0.5s

=== P1E_S1_C2 train[3] k=5  dim=576  frames=199  σ=0.25  fold=4 ===
  OSC: k_hat=5  ACC=0.7035  NMI=0.8020  ARI=0.6631  0.5s

=== P1E_S1_C3 train[0] k=5  dim=576  frames=98  σ=0.25  fold=4 ===
  OSC: k_hat=5  ACC=0.9490  NMI=0.9014  ARI=0.8815  0.2s

=== P1E_S1_C3 train[1] k=5  dim=576  frames=93  σ=0.25  fold=4 ===
  OSC: k_hat=5  ACC=0.9785  NMI=0.9546  ARI=0.9423  0.1s

=== P1E_S1_C3 train[2] k=5  dim=576  frames=68  σ=0.25  fold=4 ===
  OSC: k_hat=5  ACC=0.6618  NMI=0.6650  ARI=0.4613  0.1s

=== P1E_S1_C3 train[3] k=5  dim=576  frames=87  σ=0.25  fold=4 ===
  OSC: k_hat=5  ACC=0.9540  NMI=0.9001  ARI=0.8889  0.1s

=== P1E_S2_C1 train[0] k=5  dim=576  frames=268  σ=0.25  fold=4 ===
  OSC: k_hat=5  ACC=0.8284  NMI=0.7435  ARI=0.6275  0.6s

=== P1E_S2_C1 train[1] k=5  dim=576  frames=250  σ=0.25  fold=4 ===
  OSC: k_hat=5  ACC=0.9560  NMI=0.9326  ARI=0.9097  0.6s

=== P1E_S2_C1 train[2] k=5  dim=576  frames=265  σ=0.25  fold=4 ===
  OSC: k_hat=5  ACC=0.5208  NMI=0.6936  ARI=0.4313  0.6s

=== P1E_S2_C1 train[3] k=5  dim=576  frames=232  σ=0.25  fold=4 ===
  OSC: k_hat=5  ACC=0.5259  NMI=0.7312  ARI=0.5274  0.5s

=== P1E_S2_C2 train[0] k=5  dim=576  frames=223  σ=0.25  fold=4 ===
  OSC: k_hat=5  ACC=0.9552  NMI=0.9125  ARI=0.8961  0.5s

=== P1E_S2_C2 train[1] k=5  dim=576  frames=196  σ=0.25  fold=4 ===
  OSC: k_hat=5  ACC=0.9694  NMI=0.9235  ARI=0.9225  0.4s

=== P1E_S2_C2 train[2] k=5  dim=576  frames=219  σ=0.25  fold=4 ===
  OSC: k_hat=5  ACC=0.9361  NMI=0.8738  ARI=0.8475  0.5s

=== P1E_S2_C2 train[3] k=5  dim=576  frames=192  σ=0.25  fold=4 ===
  OSC: k_hat=5  ACC=0.7552  NMI=0.7905  ARI=0.6459  0.4s

=== P1E_S2_C3 train[0] k=5  dim=576  frames=173  σ=0.25  fold=4 ===
  OSC: k_hat=5  ACC=0.9942  NMI=0.9837  ARI=0.9868  0.3s

=== P1E_S2_C3 train[1] k=5  dim=576  frames=156  σ=0.25  fold=4 ===
  OSC: k_hat=5  ACC=1.0000  NMI=1.0000  ARI=1.0000  0.3s

=== P1E_S2_C3 train[2] k=5  dim=576  frames=173  σ=0.25  fold=4 ===
  OSC: k_hat=5  ACC=0.8092  NMI=0.7591  ARI=0.6277  0.3s

=== P1E_S2_C3 train[3] k=5  dim=576  frames=160  σ=0.25  fold=4 ===
  OSC: k_hat=5  ACC=0.7688  NMI=0.8509  ARI=0.7491  0.3s

=== P1E_S3_C1 train[0] k=5  dim=576  frames=258  σ=0.25  fold=4 ===
  OSC: k_hat=5  ACC=0.6589  NMI=0.7638  ARI=0.5816  0.6s

=== P1E_S3_C1 train[1] k=5  dim=576  frames=237  σ=0.25  fold=4 ===
  OSC: k_hat=5  ACC=0.8608  NMI=0.8322  ARI=0.7407  0.5s

=== P1E_S3_C1 train[2] k=5  dim=576  frames=273  σ=0.25  fold=4 ===
  OSC: k_hat=5  ACC=0.5238  NMI=0.6630  ARI=0.3719  0.8s

=== P1E_S3_C1 train[3] k=5  dim=576  frames=250  σ=0.25  fold=4 ===
  OSC: k_hat=5  ACC=0.5320  NMI=0.6495  ARI=0.4241  0.7s

=== P1E_S3_C2 train[0] k=5  dim=576  frames=232  σ=0.25  fold=4 ===
  OSC: k_hat=5  ACC=0.9052  NMI=0.8611  ARI=0.7710  0.6s

=== P1E_S3_C2 train[1] k=5  dim=576  frames=204  σ=0.25  fold=4 ===
  OSC: k_hat=5  ACC=0.9363  NMI=0.8594  ARI=0.8444  0.4s

=== P1E_S3_C2 train[2] k=5  dim=576  frames=280  σ=0.25  fold=4 ===
  OSC: k_hat=5  ACC=0.5821  NMI=0.6796  ARI=0.4478  0.7s

=== P1E_S3_C2 train[3] k=5  dim=576  frames=222  σ=0.25  fold=4 ===
  OSC: k_hat=5  ACC=0.5856  NMI=0.7249  ARI=0.4934  0.5s

=== P1E_S3_C3 train[0] k=5  dim=576  frames=170  σ=0.25  fold=4 ===
  OSC: k_hat=5  ACC=1.0000  NMI=1.0000  ARI=1.0000  0.3s

=== P1E_S3_C3 train[1] k=5  dim=576  frames=150  σ=0.25  fold=4 ===
  OSC: k_hat=5  ACC=0.9933  NMI=0.9815  ARI=0.9835  0.2s

=== P1E_S3_C3 train[2] k=5  dim=576  frames=211  σ=0.25  fold=4 ===
  OSC: k_hat=5  ACC=0.7393  NMI=0.8374  ARI=0.6914  0.4s

=== P1E_S3_C3 train[3] k=5  dim=576  frames=167  σ=0.25  fold=4 ===
  OSC: k_hat=5  ACC=0.7425  NMI=0.8708  ARI=0.7394  0.3s

=== P1E_S4_C1 train[0] k=5  dim=576  frames=231  σ=0.25  fold=4 ===
  OSC: k_hat=5  ACC=0.7792  NMI=0.8516  ARI=0.6803  0.6s

=== P1E_S4_C1 train[1] k=5  dim=576  frames=248  σ=0.25  fold=4 ===
  OSC: k_hat=5  ACC=0.7863  NMI=0.8580  ARI=0.7519  0.7s

=== P1E_S4_C1 train[2] k=5  dim=576  frames=303  σ=0.25  fold=4 ===
  OSC: k_hat=5  ACC=0.5347  NMI=0.6859  ARI=0.3990  0.9s

=== P1E_S4_C1 train[3] k=5  dim=576  frames=248  σ=0.25  fold=4 ===
  OSC: k_hat=5  ACC=0.6573  NMI=0.7438  ARI=0.5537  0.6s

=== P1E_S4_C2 train[0] k=5  dim=576  frames=201  σ=0.25  fold=4 ===
  OSC: k_hat=5  ACC=0.9801  NMI=0.9501  ARI=0.9498  0.4s

=== P1E_S4_C2 train[1] k=5  dim=576  frames=193  σ=0.25  fold=4 ===
  OSC: k_hat=5  ACC=0.9585  NMI=0.9267  ARI=0.9160  0.4s

=== P1E_S4_C2 train[2] k=5  dim=576  frames=236  σ=0.25  fold=4 ===
  OSC: k_hat=5  ACC=0.7119  NMI=0.8248  ARI=0.6594  0.5s

=== P1E_S4_C2 train[3] k=5  dim=576  frames=223  σ=0.25  fold=4 ===
  OSC: k_hat=5  ACC=0.7175  NMI=0.8195  ARI=0.6846  0.5s

=== P1E_S4_C3 train[0] k=5  dim=576  frames=132  σ=0.25  fold=4 ===
  OSC: k_hat=5  ACC=0.9242  NMI=0.8562  ARI=0.8147  0.2s

=== P1E_S4_C3 train[1] k=5  dim=576  frames=152  σ=0.25  fold=4 ===
  OSC: k_hat=5  ACC=0.9474  NMI=0.9027  ARI=0.8758  0.3s

=== P1E_S4_C3 train[2] k=5  dim=576  frames=147  σ=0.25  fold=4 ===
  OSC: k_hat=5  ACC=0.6327  NMI=0.6979  ARI=0.5258  0.3s

=== P1E_S4_C3 train[3] k=5  dim=576  frames=141  σ=0.25  fold=4 ===
  OSC: k_hat=5  ACC=0.9504  NMI=0.9039  ARI=0.8816  0.2s

=== P1L_S1_C1 train[0] k=5  dim=576  frames=289  σ=0.25  fold=4 ===
  OSC: k_hat=5  ACC=0.7543  NMI=0.8686  ARI=0.7291  0.8s

=== P1L_S1_C1 train[1] k=5  dim=576  frames=265  σ=0.25  fold=4 ===
  OSC: k_hat=5  ACC=1.0000  NMI=1.0000  ARI=1.0000  0.7s

=== P1L_S1_C1 train[2] k=5  dim=576  frames=313  σ=0.25  fold=4 ===
  OSC: k_hat=5  ACC=0.8307  NMI=0.8741  ARI=0.7477  0.9s

=== P1L_S1_C1 train[3] k=5  dim=576  frames=239  σ=0.25  fold=4 ===
  OSC: k_hat=5  ACC=0.9079  NMI=0.9138  ARI=0.8817  0.5s

=== P1L_S1_C2 train[0] k=5  dim=576  frames=286  σ=0.25  fold=4 ===
  OSC: k_hat=5  ACC=0.6084  NMI=0.7233  ARI=0.4743  0.8s

=== P1L_S1_C2 train[1] k=5  dim=576  frames=236  σ=0.25  fold=4 ===
  OSC: k_hat=5  ACC=0.8686  NMI=0.8733  ARI=0.7470  0.6s

=== P1L_S1_C2 train[2] k=5  dim=576  frames=257  σ=0.25  fold=4 ===
  OSC: k_hat=5  ACC=0.7626  NMI=0.7471  ARI=0.5770  0.7s

=== P1L_S1_C2 train[3] k=5  dim=576  frames=260  σ=0.25  fold=4 ===
  OSC: k_hat=5  ACC=0.6115  NMI=0.7587  ARI=0.5687  0.6s

=== P1L_S1_C3 train[0] k=5  dim=576  frames=108  σ=0.25  fold=4 ===
  OSC: k_hat=5  ACC=0.6296  NMI=0.7382  ARI=0.4995  0.2s

=== P1L_S1_C3 train[1] k=5  dim=576  frames=115  σ=0.25  fold=4 ===
  OSC: k_hat=5  ACC=0.7304  NMI=0.8548  ARI=0.6715  0.2s

=== P1L_S1_C3 train[2] k=5  dim=576  frames=117  σ=0.25  fold=4 ===
  OSC: k_hat=5  ACC=0.6923  NMI=0.7398  ARI=0.5026  0.2s

=== P1L_S1_C3 train[3] k=5  dim=576  frames=101  σ=0.25  fold=4 ===
  OSC: k_hat=5  ACC=0.8020  NMI=0.7928  ARI=0.6476  0.1s

=== P1L_S2_C1 train[0] k=5  dim=576  frames=348  σ=0.25  fold=4 ===
  OSC: k_hat=5  ACC=0.7385  NMI=0.7667  ARI=0.6031  1.0s

=== P1L_S2_C1 train[1] k=5  dim=576  frames=281  σ=0.25  fold=4 ===
  OSC: k_hat=5  ACC=0.9253  NMI=0.9021  ARI=0.8382  0.7s

=== P1L_S2_C1 train[2] k=5  dim=576  frames=301  σ=0.25  fold=4 ===
  OSC: k_hat=5  ACC=0.6512  NMI=0.7316  ARI=0.5138  0.9s

=== P1L_S2_C1 train[3] k=5  dim=576  frames=275  σ=0.25  fold=4 ===
  OSC: k_hat=5  ACC=0.9018  NMI=0.9077  ARI=0.8561  0.8s

=== P1L_S2_C2 train[0] k=5  dim=576  frames=300  σ=0.25  fold=4 ===
  OSC: k_hat=5  ACC=0.8067  NMI=0.7533  ARI=0.5532  0.8s

=== P1L_S2_C2 train[1] k=5  dim=576  frames=256  σ=0.25  fold=4 ===
  OSC: k_hat=5  ACC=1.0000  NMI=1.0000  ARI=1.0000  0.6s

=== P1L_S2_C2 train[2] k=5  dim=576  frames=314  σ=0.25  fold=4 ===
  OSC: k_hat=5  ACC=0.8057  NMI=0.7975  ARI=0.6677  0.8s

=== P1L_S2_C2 train[3] k=5  dim=576  frames=301  σ=0.25  fold=4 ===
  OSC: k_hat=5  ACC=0.7209  NMI=0.8442  ARI=0.6969  0.8s

=== P1L_S2_C3 train[0] k=5  dim=576  frames=191  σ=0.25  fold=4 ===
  OSC: k_hat=5  ACC=0.8429  NMI=0.8521  ARI=0.6838  0.4s

=== P1L_S2_C3 train[1] k=5  dim=576  frames=159  σ=0.25  fold=4 ===
  OSC: k_hat=5  ACC=1.0000  NMI=1.0000  ARI=1.0000  0.3s

=== P1L_S2_C3 train[2] k=5  dim=576  frames=193  σ=0.25  fold=4 ===
  OSC: k_hat=5  ACC=0.8964  NMI=0.8854  ARI=0.7821  0.4s

=== P1L_S2_C3 train[3] k=5  dim=576  frames=175  σ=0.25  fold=4 ===
  OSC: k_hat=5  ACC=0.6743  NMI=0.7838  ARI=0.6161  0.4s

=== P1L_S3_C1 train[0] k=5  dim=576  frames=246  σ=0.25  fold=4 ===
  OSC: k_hat=5  ACC=0.7683  NMI=0.8379  ARI=0.6656  0.6s

=== P1L_S3_C1 train[1] k=5  dim=576  frames=289  σ=0.25  fold=4 ===
  OSC: k_hat=5  ACC=0.9792  NMI=0.9496  ARI=0.9467  0.8s

=== P1L_S3_C1 train[2] k=5  dim=576  frames=241  σ=0.25  fold=4 ===
  OSC: k_hat=5  ACC=0.7925  NMI=0.7535  ARI=0.6041  0.6s

=== P1L_S3_C1 train[3] k=5  dim=576  frames=312  σ=0.25  fold=4 ===
  OSC: k_hat=5  ACC=0.7436  NMI=0.7695  ARI=0.5925  0.9s

=== P1L_S3_C2 train[0] k=5  dim=576  frames=262  σ=0.25  fold=4 ===
  OSC: k_hat=5  ACC=0.9427  NMI=0.9081  ARI=0.8657  0.7s

=== P1L_S3_C2 train[1] k=5  dim=576  frames=287  σ=0.25  fold=4 ===
  OSC: k_hat=5  ACC=0.9965  NMI=0.9889  ARI=0.9909  0.8s

=== P1L_S3_C2 train[2] k=5  dim=576  frames=304  σ=0.25  fold=4 ===
  OSC: k_hat=5  ACC=0.5066  NMI=0.6372  ARI=0.3856  0.8s

=== P1L_S3_C2 train[3] k=5  dim=576  frames=329  σ=0.25  fold=4 ===
  OSC: k_hat=5  ACC=0.6413  NMI=0.7580  ARI=0.5708  0.9s

=== P1L_S3_C3 train[0] k=5  dim=576  frames=231  σ=0.25  fold=4 ===
  OSC: k_hat=5  ACC=0.9307  NMI=0.8882  ARI=0.8147  0.5s

=== P1L_S3_C3 train[1] k=5  dim=576  frames=210  σ=0.25  fold=4 ===
  OSC: k_hat=5  ACC=0.9667  NMI=0.9399  ARI=0.9150  0.4s

=== P1L_S3_C3 train[2] k=5  dim=576  frames=225  σ=0.25  fold=4 ===
  OSC: k_hat=5  ACC=0.8044  NMI=0.7826  ARI=0.6197  0.5s

=== P1L_S3_C3 train[3] k=5  dim=576  frames=210  σ=0.25  fold=4 ===
  OSC: k_hat=5  ACC=0.8048  NMI=0.7851  ARI=0.6376  0.5s

=== P1L_S4_C1 train[0] k=5  dim=576  frames=313  σ=0.25  fold=4 ===
  OSC: k_hat=5  ACC=0.8243  NMI=0.8685  ARI=0.7377  0.9s

=== P1L_S4_C1 train[1] k=5  dim=576  frames=255  σ=0.25  fold=4 ===
  OSC: k_hat=5  ACC=0.9882  NMI=0.9698  ARI=0.9652  0.7s

=== P1L_S4_C1 train[2] k=5  dim=576  frames=253  σ=0.25  fold=4 ===
  OSC: k_hat=5  ACC=0.9644  NMI=0.9363  ARI=0.9079  0.6s

=== P1L_S4_C1 train[3] k=5  dim=576  frames=278  σ=0.25  fold=4 ===
  OSC: k_hat=5  ACC=0.7374  NMI=0.8261  ARI=0.6942  0.7s

=== P1L_S4_C2 train[0] k=5  dim=576  frames=267  σ=0.25  fold=4 ===
  OSC: k_hat=5  ACC=0.8165  NMI=0.7841  ARI=0.6159  0.6s

=== P1L_S4_C2 train[1] k=5  dim=576  frames=257  σ=0.25  fold=4 ===
  OSC: k_hat=5  ACC=1.0000  NMI=1.0000  ARI=1.0000  0.6s

=== P1L_S4_C2 train[2] k=5  dim=576  frames=279  σ=0.25  fold=4 ===
  OSC: k_hat=5  ACC=0.9104  NMI=0.8601  ARI=0.8268  0.7s

=== P1L_S4_C2 train[3] k=5  dim=576  frames=258  σ=0.25  fold=4 ===
  OSC: k_hat=5  ACC=0.6783  NMI=0.7659  ARI=0.5961  0.7s

=== P1L_S4_C3 train[0] k=5  dim=576  frames=180  σ=0.25  fold=4 ===
  OSC: k_hat=5  ACC=0.8333  NMI=0.8662  ARI=0.7223  0.4s

=== P1L_S4_C3 train[1] k=5  dim=576  frames=158  σ=0.25  fold=4 ===
  OSC: k_hat=5  ACC=1.0000  NMI=1.0000  ARI=1.0000  0.3s

=== P1L_S4_C3 train[2] k=5  dim=576  frames=188  σ=0.25  fold=4 ===
  OSC: k_hat=5  ACC=0.6436  NMI=0.7524  ARI=0.5501  0.4s

=== P1L_S4_C3 train[3] k=5  dim=576  frames=169  σ=0.25  fold=4 ===
  OSC: k_hat=5  ACC=0.6509  NMI=0.7614  ARI=0.5718  0.3s

=== P1E_S1_C1 test[0] k=5  dim=576  frames=268  σ=0.25  fold=4 ===
  OSC: k_hat=5  ACC=0.5709  NMI=0.7076  ARI=0.4341  0.7s

=== P1E_S1_C2 test[0] k=5  dim=576  frames=215  σ=0.25  fold=4 ===
  OSC: k_hat=5  ACC=0.9767  NMI=0.9447  ARI=0.9435  0.4s

=== P1E_S1_C3 test[0] k=5  dim=576  frames=107  σ=0.25  fold=4 ===
  OSC: k_hat=5  ACC=0.8879  NMI=0.8133  ARI=0.7522  0.2s

=== P1E_S2_C1 test[0] k=5  dim=576  frames=241  σ=0.25  fold=4 ===
  OSC: k_hat=5  ACC=0.6432  NMI=0.7163  ARI=0.4647  0.6s

=== P1E_S2_C2 test[0] k=5  dim=576  frames=212  σ=0.25  fold=4 ===
  OSC: k_hat=5  ACC=0.9481  NMI=0.9056  ARI=0.8825  0.5s

=== P1E_S2_C3 test[0] k=5  dim=576  frames=154  σ=0.25  fold=4 ===
  OSC: k_hat=5  ACC=0.9805  NMI=0.9524  ARI=0.9542  0.3s

=== P1E_S3_C1 test[0] k=5  dim=576  frames=237  σ=0.25  fold=4 ===
  OSC: k_hat=5  ACC=0.5949  NMI=0.7420  ARI=0.5525  0.6s

=== P1E_S3_C2 test[0] k=5  dim=576  frames=188  σ=0.25  fold=4 ===
  OSC: k_hat=5  ACC=0.9202  NMI=0.8781  ARI=0.8385  0.4s

=== P1E_S3_C3 test[0] k=5  dim=576  frames=168  σ=0.25  fold=4 ===
  OSC: k_hat=5  ACC=0.9881  NMI=0.9667  ARI=0.9741  0.3s

=== P1E_S4_C1 test[0] k=5  dim=576  frames=217  σ=0.25  fold=4 ===
  OSC: k_hat=5  ACC=0.7604  NMI=0.7912  ARI=0.6997  0.4s

=== P1E_S4_C2 test[0] k=5  dim=576  frames=198  σ=0.25  fold=4 ===
  OSC: k_hat=5  ACC=0.8535  NMI=0.8686  ARI=0.7759  0.4s

=== P1E_S4_C3 test[0] k=5  dim=576  frames=147  σ=0.25  fold=4 ===
  OSC: k_hat=5  ACC=0.7891  NMI=0.8661  ARI=0.7590  0.2s

=== P1L_S1_C1 test[0] k=5  dim=576  frames=285  σ=0.25  fold=4 ===
  OSC: k_hat=5  ACC=0.7614  NMI=0.8657  ARI=0.7278  0.8s

=== P1L_S1_C2 test[0] k=5  dim=576  frames=270  σ=0.25  fold=4 ===
  OSC: k_hat=5  ACC=0.6407  NMI=0.7270  ARI=0.4855  0.7s

=== P1L_S1_C3 test[0] k=5  dim=576  frames=124  σ=0.25  fold=4 ===
  OSC: k_hat=5  ACC=0.9919  NMI=0.9784  ARI=0.9780  0.2s

=== P1L_S2_C1 test[0] k=5  dim=576  frames=265  σ=0.25  fold=4 ===
  OSC: k_hat=5  ACC=0.7962  NMI=0.8736  ARI=0.7660  0.7s

=== P1L_S2_C2 test[0] k=5  dim=576  frames=222  σ=0.25  fold=4 ===
  OSC: k_hat=5  ACC=1.0000  NMI=1.0000  ARI=1.0000  0.6s

=== P1L_S2_C3 test[0] k=5  dim=576  frames=179  σ=0.25  fold=4 ===
  OSC: k_hat=5  ACC=0.9777  NMI=0.9488  ARI=0.9518  0.3s

=== P1L_S3_C1 test[0] k=5  dim=576  frames=241  σ=0.25  fold=4 ===
  OSC: k_hat=5  ACC=0.8174  NMI=0.8051  ARI=0.6702  0.6s

=== P1L_S3_C2 test[0] k=5  dim=576  frames=290  σ=0.25  fold=4 ===
  OSC: k_hat=5  ACC=0.6828  NMI=0.8326  ARI=0.6475  0.7s

=== P1L_S3_C3 test[0] k=5  dim=576  frames=229  σ=0.25  fold=4 ===
  OSC: k_hat=5  ACC=0.9825  NMI=0.9555  ARI=0.9622  0.5s

=== P1L_S4_C1 test[0] k=5  dim=576  frames=344  σ=0.25  fold=4 ===
  OSC: k_hat=5  ACC=0.9971  NMI=0.9905  ARI=0.9925  1.0s

=== P1L_S4_C2 test[0] k=5  dim=576  frames=266  σ=0.25  fold=4 ===
  OSC: k_hat=5  ACC=0.7180  NMI=0.8328  ARI=0.6680  0.7s

=== P1L_S4_C3 test[0] k=5  dim=576  frames=185  σ=0.25  fold=4 ===
  OSC: k_hat=5  ACC=0.9892  NMI=0.9741  ARI=0.9749  0.4s

=== inference time per method ===
  OSC: mean=0.5338s  std=0.2199s  total=320.3s  n=600
wrote /nfs/turbo/umms-minjilab/lpullela/icassp_ssc_tv2/block_ssc_benchmark/cv/results/surveillance/split_k5_sigmas_min30_trials20_knownk_cv_osc_k5_sigma0p25_timing.json

=== mean over matrices ===
  OSC train σ=0.25: ACC=0.8145  NMI=0.8447  ARI=0.7344  n=480
  OSC test σ=0.25: ACC=0.8114  NMI=0.8427  ARI=0.7312  n=120

wrote /nfs/turbo/umms-minjilab/lpullela/icassp_ssc_tv2/block_ssc_benchmark/cv/results/surveillance/split_k5_sigmas_min30_trials20_knownk_cv_osc_k5_sigma0p25.csv
end=Sat Sep  5 20:48:58 EDT 2026
Experiment completed!
