========================================
Job: cv_ssc_block_tv_col21_k8_s0p5
Method: SSC-Block-TV-Col21  k: 8  sigma: 0.5
========================================
host=gl3072.arc-ts.umich.edu  python=/home/lpullela/miniconda3/envs/ssc_559/bin/python  start=Sat Sep  5 19:18:08 EDT 2026
Loading P1E_S1_C1
  Y: (576, 1236)  people=25  frames/person=[60, 61, 50, 48, 51, 35, 41, 56, 55, 49, 65, 50, 63, 38, 61, 48, 50, 49, 50, 30, 42, 60, 32, 39, 53]  min=30
Loading P1E_S1_C2
  Y: (576, 1031)  people=25  frames/person=[42, 48, 31, 35, 50, 45, 30, 32, 38, 40, 61, 41, 47, 33, 46, 36, 41, 45, 42, 36, 33, 50, 53, 33, 43]  min=30
Loading P1E_S1_C3
  Y: (576, 453)  people=25  frames/person=[15, 22, 16, 16, 17, 13, 14, 19, 14, 25, 26, 12, 21, 18, 22, 19, 13, 19, 16, 15, 8, 15, 30, 20, 28]  min=8
  warning: 24 people have fewer than 30 available frames (kept all)
Loading P1E_S2_C1
  Y: (576, 1256)  people=25  frames/person=[65, 50, 50, 51, 53, 48, 49, 60, 33, 48, 61, 58, 52, 32, 55, 35, 45, 53, 40, 53, 51, 65, 64, 42, 43]  min=32
Loading P1E_S2_C2
  Y: (576, 1042)  people=25  frames/person=[33, 48, 38, 41, 53, 36, 39, 47, 51, 36, 55, 44, 43, 25, 42, 41, 37, 45, 41, 38, 40, 54, 49, 33, 33]  min=25
  warning: 1 people have fewer than 30 available frames (kept all)
Loading P1E_S2_C3
  Y: (576, 816)  people=25  frames/person=[36, 33, 28, 32, 42, 37, 31, 36, 31, 23, 42, 36, 35, 20, 33, 33, 32, 32, 32, 29, 32, 42, 38, 27, 24]  min=20
  warning: 6 people have fewer than 30 available frames (kept all)
Loading P1E_S3_C1
  Y: (576, 1255)  people=25  frames/person=[43, 39, 47, 52, 58, 96, 42, 31, 79, 33, 67, 55, 44, 34, 40, 48, 54, 77, 45, 41, 46, 53, 56, 38, 37]  min=31
Loading P1E_S3_C2
  Y: (576, 1126)  people=25  frames/person=[57, 56, 35, 40, 49, 75, 34, 40, 70, 26, 65, 54, 43, 28, 32, 43, 48, 31, 36, 33, 42, 71, 57, 30, 31]  min=26
  warning: 2 people have fewer than 30 available frames (kept all)
Loading P1E_S3_C3
  Y: (576, 866)  people=25  frames/person=[43, 36, 24, 33, 37, 47, 29, 37, 55, 18, 40, 40, 31, 22, 30, 39, 35, 45, 30, 28, 30, 50, 42, 20, 25]  min=18
  warning: 7 people have fewer than 30 available frames (kept all)
Loading P1E_S4_C1
  Y: (576, 1247)  people=25  frames/person=[58, 54, 34, 56, 50, 59, 50, 56, 74, 38, 75, 35, 46, 31, 53, 40, 57, 32, 56, 33, 48, 67, 59, 48, 38]  min=31
Loading P1E_S4_C2
  Y: (576, 1051)  people=25  frames/person=[37, 37, 41, 46, 41, 49, 38, 45, 65, 30, 39, 48, 50, 34, 43, 36, 47, 52, 45, 37, 38, 50, 30, 37, 36]  min=30
Loading P1E_S4_C3
  Y: (576, 719)  people=25  frames/person=[28, 29, 22, 29, 24, 36, 31, 29, 33, 25, 37, 19, 28, 21, 25, 27, 25, 41, 27, 29, 26, 31, 45, 29, 23]  min=19
  warning: 18 people have fewer than 30 available frames (kept all)
Loading P1L_S1_C1
  Y: (576, 1391)  people=25  frames/person=[65, 68, 43, 64, 47, 40, 58, 33, 75, 41, 58, 72, 58, 49, 66, 67, 65, 43, 59, 57, 58, 51, 67, 32, 55]  min=32
Loading P1L_S1_C2
  Y: (576, 1309)  people=25  frames/person=[30, 65, 37, 63, 66, 54, 52, 52, 43, 49, 71, 49, 58, 48, 54, 66, 56, 36, 48, 49, 55, 66, 52, 39, 51]  min=30
Loading P1L_S1_C3
  Y: (576, 565)  people=25  frames/person=[27, 29, 20, 26, 19, 25, 22, 12, 28, 25, 20, 25, 23, 18, 21, 23, 25, 26, 23, 21, 18, 18, 30, 18, 23]  min=12
  warning: 24 people have fewer than 30 available frames (kept all)
Loading P1L_S2_C1
  Y: (576, 1470)  people=25  frames/person=[73, 68, 53, 64, 65, 41, 73, 55, 37, 31, 82, 75, 63, 45, 34, 48, 74, 84, 71, 64, 62, 65, 48, 33, 62]  min=31
Loading P1L_S2_C2
  Y: (576, 1393)  people=25  frames/person=[64, 65, 49, 62, 69, 69, 63, 61, 80, 34, 89, 57, 53, 52, 55, 38, 30, 30, 66, 36, 57, 51, 73, 41, 49]  min=30
Loading P1L_S2_C3
  Y: (576, 897)  people=25  frames/person=[40, 36, 29, 28, 35, 37, 36, 36, 50, 28, 55, 46, 34, 31, 35, 32, 30, 48, 37, 29, 36, 39, 45, 19, 26]  min=19
  warning: 6 people have fewer than 30 available frames (kept all)
Loading P1L_S3_C1
  Y: (576, 1329)  people=25  frames/person=[31, 33, 30, 51, 74, 75, 59, 65, 66, 43, 47, 39, 65, 50, 58, 71, 67, 36, 57, 35, 62, 31, 74, 59, 51]  min=30
Loading P1L_S3_C2
  Y: (576, 1472)  people=25  frames/person=[78, 38, 48, 51, 54, 71, 61, 71, 32, 50, 75, 38, 72, 63, 48, 67, 49, 87, 52, 56, 58, 85, 73, 56, 39]  min=32
Loading P1L_S3_C3
  Y: (576, 1105)  people=25  frames/person=[48, 44, 38, 38, 39, 45, 35, 55, 52, 26, 81, 39, 36, 36, 44, 54, 42, 61, 38, 31, 34, 53, 51, 44, 41]  min=26
  warning: 1 people have fewer than 30 available frames (kept all)
Loading P1L_S4_C1
  Y: (576, 1443)  people=25  frames/person=[50, 69, 44, 41, 78, 43, 32, 71, 45, 65, 59, 39, 56, 57, 68, 69, 70, 73, 51, 63, 47, 70, 57, 52, 74]  min=32
Loading P1L_S4_C2
  Y: (576, 1327)  people=25  frames/person=[71, 34, 39, 54, 63, 67, 52, 39, 52, 56, 59, 50, 51, 53, 63, 50, 71, 63, 48, 35, 31, 71, 43, 52, 60]  min=31
Loading P1L_S4_C3
  Y: (576, 880)  people=25  frames/person=[37, 41, 23, 26, 32, 34, 22, 32, 50, 29, 38, 44, 31, 34, 37, 39, 39, 39, 38, 26, 25, 50, 41, 33, 40]  min=22
  warning: 6 people have fewer than 30 available frames (kept all)
sequences=24  people=25  k=8
frames/person ~ Unif[30, 100]
down_hw=24  sigmas=(0.5,)  n_trials=20  known_k=True  csv=split_k8_sigmas_min30_trials20_knownk_cv_ssc_block_tv_col21_k8_sigma0p5.csv
SSC-Block-TV block_size searched in [2, 12]
CV mode: 3 folds of size 8, each rotated as test
  1 people unused (remainder dropped)
  group 0: ['0004', '0006', '0009', '0013', '0014', '0022', '0026', '0027']
  group 1: ['0001', '0005', '0011', '0015', '0019', '0023', '0024', '0025']
  group 2: ['0003', '0007', '0010', '0012', '0016', '0017', '0020', '0021']
methods=['SSC-Block-TV-Col21']  append=False  hetero_noise=False  no_tune=False

============================================================
σ=0.5 fold=0  test=['0004', '0006', '0009', '0013', '0014', '0022', '0026', '0027']  train mats=48  test mats=24
  --- tune SSC-Block-TV-Col21 over 48 train mats  n_trials=40 (4 params) ---
  SSC-Block-TV-Col21 trial 0: mean ARI=0.3938  n=48  45.6s  lambda_e=1, lambda_z=0.1, gamma_q=0.1, block_size=5
  SSC-Block-TV-Col21 trial 1: mean ARI=0.3949  n=48  43.3s  lambda_e=0.443, lambda_z=0.7257, gamma_q=0.2577, block_size=7
  SSC-Block-TV-Col21 trial 2: mean ARI=0.4217  n=48  42.7s  lambda_e=0.1866, lambda_z=0.3833, gamma_q=0.05628, block_size=11
  SSC-Block-TV-Col21 trial 3: mean ARI=0.3492  n=48  43.0s  lambda_e=7.78, lambda_z=0.03418, gamma_q=1.469, block_size=7
  SSC-Block-TV-Col21 trial 4: mean ARI=0.5181  n=48  46.2s  lambda_e=0.506, lambda_z=5.039, gamma_q=0.001924, block_size=2
  SSC-Block-TV-Col21 trial 5: mean ARI=0.3360  n=48  42.6s  lambda_e=0.0115, lambda_z=2.14, gamma_q=1.296, block_size=11
  SSC-Block-TV-Col21 trial 6: mean ARI=0.4227  n=48  42.7s  lambda_e=8.627, lambda_z=1.573, gamma_q=0.07013, block_size=10
  SSC-Block-TV-Col21 trial 7: mean ARI=0.5069  n=48  42.9s  lambda_e=0.02264, lambda_z=0.3628, gamma_q=0.003745, block_size=12
  SSC-Block-TV-Col21 trial 8: mean ARI=0.4949  n=48  42.9s  lambda_e=0.3677, lambda_z=0.04557, gamma_q=0.01143, block_size=10
  SSC-Block-TV-Col21 trial 9: mean ARI=0.4758  n=48  43.1s  lambda_e=0.2336, lambda_z=0.1878, gamma_q=0.001189, block_size=8
  SSC-Block-TV-Col21 trial 10: mean ARI=0.4540  n=48  46.5s  lambda_e=0.05679, lambda_z=0.00165, gamma_q=6.473, block_size=2
  SSC-Block-TV-Col21 trial 11: mean ARI=0.5438  n=48  44.8s  lambda_e=0.01211, lambda_z=9.283, gamma_q=0.00145, block_size=3
  SSC-Block-TV-Col21 trial 12: mean ARI=0.4669  n=48  46.3s  lambda_e=2.118, lambda_z=9.455, gamma_q=0.001029, block_size=2
  SSC-Block-TV-Col21 trial 13: mean ARI=0.4792  n=48  43.9s  lambda_e=0.07107, lambda_z=8.19, gamma_q=0.006932, block_size=4
  SSC-Block-TV-Col21 trial 14: mean ARI=0.4408  n=48  43.9s  lambda_e=2.501, lambda_z=3.325, gamma_q=0.003157, block_size=4
  SSC-Block-TV-Col21 trial 15: mean ARI=0.4685  n=48  44.7s  lambda_e=0.06685, lambda_z=4.297, gamma_q=0.01541, block_size=3
  SSC-Block-TV-Col21 trial 16: mean ARI=0.5435  n=48  43.5s  lambda_e=0.01157, lambda_z=1.05, gamma_q=0.002717, block_size=5
  SSC-Block-TV-Col21 trial 17: mean ARI=0.4285  n=48  43.8s  lambda_e=0.01072, lambda_z=0.006378, gamma_q=0.02047, block_size=5
  SSC-Block-TV-Col21 trial 18: mean ARI=0.4857  n=48  43.8s  lambda_e=0.02888, lambda_z=1.355, gamma_q=0.005184, block_size=6
  SSC-Block-TV-Col21 trial 19: mean ARI=0.4564  n=48  44.3s  lambda_e=0.02301, lambda_z=0.8233, gamma_q=0.02584, block_size=4
  SSC-Block-TV-Col21 trial 20: mean ARI=0.6325  n=48  43.6s  lambda_e=0.03945, lambda_z=0.01305, gamma_q=0.002299, block_size=8
  SSC-Block-TV-Col21 trial 21: mean ARI=0.6334  n=48  43.6s  lambda_e=0.03563, lambda_z=0.003053, gamma_q=0.002429, block_size=8
  SSC-Block-TV-Col21 trial 22: mean ARI=0.6735  n=48  43.4s  lambda_e=0.03951, lambda_z=0.005259, gamma_q=0.00102, block_size=9
  SSC-Block-TV-Col21 trial 23: mean ARI=0.5284  n=48  43.6s  lambda_e=0.1272, lambda_z=0.00621, gamma_q=0.007435, block_size=9
  SSC-Block-TV-Col21 trial 24: mean ARI=0.6602  n=48  43.8s  lambda_e=0.03603, lambda_z=0.006644, gamma_q=0.002428, block_size=8
  SSC-Block-TV-Col21 trial 25: mean ARI=0.4493  n=48  44.3s  lambda_e=0.1086, lambda_z=0.001162, gamma_q=0.004943, block_size=9
  SSC-Block-TV-Col21 trial 26: mean ARI=0.6727  n=48  44.5s  lambda_e=0.03682, lambda_z=0.002936, gamma_q=0.001032, block_size=8
  SSC-Block-TV-Col21 trial 27: mean ARI=0.6632  n=48  44.0s  lambda_e=0.1018, lambda_z=0.009084, gamma_q=0.001226, block_size=7
  SSC-Block-TV-Col21 trial 28: mean ARI=0.5958  n=48  43.6s  lambda_e=0.1254, lambda_z=0.02916, gamma_q=0.001045, block_size=7
  SSC-Block-TV-Col21 trial 29: mean ARI=0.5634  n=48  43.6s  lambda_e=0.08257, lambda_z=0.01445, gamma_q=0.008107, block_size=6
  SSC-Block-TV-Col21 trial 30: mean ARI=0.4323  n=48  43.2s  lambda_e=0.01858, lambda_z=0.002646, gamma_q=0.03207, block_size=9
  SSC-Block-TV-Col21 trial 31: mean ARI=0.6706  n=48  43.5s  lambda_e=0.04384, lambda_z=0.00561, gamma_q=0.001747, block_size=8
  SSC-Block-TV-Col21 trial 32: mean ARI=0.6873  n=48  43.9s  lambda_e=0.05017, lambda_z=0.0037, gamma_q=0.001524, block_size=6
  SSC-Block-TV-Col21 trial 33: mean ARI=0.5730  n=48  43.9s  lambda_e=0.04662, lambda_z=0.003347, gamma_q=0.004008, block_size=6
  SSC-Block-TV-Col21 trial 34: mean ARI=0.6096  n=48  43.3s  lambda_e=0.1973, lambda_z=0.001927, gamma_q=0.001735, block_size=10
  SSC-Block-TV-Col21 trial 35: mean ARI=0.4270  n=48  43.3s  lambda_e=0.0195, lambda_z=0.004, gamma_q=0.2346, block_size=9
  SSC-Block-TV-Col21 trial 36: mean ARI=0.5999  n=48  43.7s  lambda_e=0.05128, lambda_z=0.02269, gamma_q=0.001808, block_size=7
  SSC-Block-TV-Col21 trial 37: mean ARI=0.4989  n=48  43.3s  lambda_e=0.0175, lambda_z=0.0652, gamma_q=0.01156, block_size=11
  SSC-Block-TV-Col21 trial 38: mean ARI=0.6094  n=48  43.9s  lambda_e=0.02754, lambda_z=0.001192, gamma_q=0.001005, block_size=6
  SSC-Block-TV-Col21 trial 39: mean ARI=0.5797  n=48  43.4s  lambda_e=0.3353, lambda_z=0.01309, gamma_q=0.004053, block_size=12
    best mean ARI=0.6873  tune 1754.1s  lambda_e=0.05017, lambda_z=0.0037, gamma_q=0.001524, block_size=6
  wrote /nfs/turbo/umms-minjilab/lpullela/icassp_ssc_tv2/block_ssc_benchmark/cv/params/surveillance/split_k8_sigmas_min30_trials20_params_knownk_cv_ssc_block_tv_col21_k8_sigma0p5_sigma0.5_fold0.json

=== P1E_S1_C1 train[0] k=8  dim=576  frames=410  σ=0.5  fold=0 ===
  SSC-Block-TV-Col21: k_hat=8  ACC=0.6951  NMI=0.8401  ARI=0.6752  1.1s

=== P1E_S1_C1 train[1] k=8  dim=576  frames=399  σ=0.5  fold=0 ===
  SSC-Block-TV-Col21: k_hat=8  ACC=0.7569  NMI=0.8427  ARI=0.6887  1.0s

=== P1E_S1_C2 train[0] k=8  dim=576  frames=339  σ=0.5  fold=0 ===
  SSC-Block-TV-Col21: k_hat=8  ACC=0.6696  NMI=0.8252  ARI=0.6490  0.8s

=== P1E_S1_C2 train[1] k=8  dim=576  frames=331  σ=0.5  fold=0 ===
  SSC-Block-TV-Col21: k_hat=8  ACC=0.8066  NMI=0.8437  ARI=0.7211  0.8s

=== P1E_S1_C3 train[0] k=8  dim=576  frames=132  σ=0.5  fold=0 ===
  SSC-Block-TV-Col21: k_hat=8  ACC=0.6818  NMI=0.8384  ARI=0.6795  0.1s

=== P1E_S1_C3 train[1] k=8  dim=576  frames=154  σ=0.5  fold=0 ===
  SSC-Block-TV-Col21: k_hat=8  ACC=0.4935  NMI=0.6374  ARI=0.3487  0.2s

=== P1E_S2_C1 train[0] k=8  dim=576  frames=426  σ=0.5  fold=0 ===
  SSC-Block-TV-Col21: k_hat=8  ACC=0.5939  NMI=0.7969  ARI=0.5342  1.2s

=== P1E_S2_C1 train[1] k=8  dim=576  frames=386  σ=0.5  fold=0 ===
  SSC-Block-TV-Col21: k_hat=8  ACC=0.8342  NMI=0.8559  ARI=0.7225  1.0s

=== P1E_S2_C2 train[0] k=8  dim=576  frames=348  σ=0.5  fold=0 ===
  SSC-Block-TV-Col21: k_hat=8  ACC=0.8161  NMI=0.8571  ARI=0.7407  0.8s

=== P1E_S2_C2 train[1] k=8  dim=576  frames=320  σ=0.5  fold=0 ===
  SSC-Block-TV-Col21: k_hat=8  ACC=0.7844  NMI=0.7928  ARI=0.6451  0.7s

=== P1E_S2_C3 train[0] k=8  dim=576  frames=278  σ=0.5  fold=0 ===
  SSC-Block-TV-Col21: k_hat=8  ACC=0.6727  NMI=0.7708  ARI=0.5640  0.6s

=== P1E_S2_C3 train[1] k=8  dim=576  frames=246  σ=0.5  fold=0 ===
  SSC-Block-TV-Col21: k_hat=8  ACC=0.8984  NMI=0.8732  ARI=0.7999  0.4s

=== P1E_S3_C1 train[0] k=8  dim=576  frames=427  σ=0.5  fold=0 ===
  SSC-Block-TV-Col21: k_hat=8  ACC=0.6042  NMI=0.7909  ARI=0.5856  1.2s

=== P1E_S3_C1 train[1] k=8  dim=576  frames=395  σ=0.5  fold=0 ===
  SSC-Block-TV-Col21: k_hat=8  ACC=0.6987  NMI=0.7858  ARI=0.6025  1.0s

=== P1E_S3_C2 train[0] k=8  dim=576  frames=428  σ=0.5  fold=0 ===
  SSC-Block-TV-Col21: k_hat=8  ACC=0.6869  NMI=0.7839  ARI=0.6153  1.1s

=== P1E_S3_C2 train[1] k=8  dim=576  frames=324  σ=0.5  fold=0 ===
  SSC-Block-TV-Col21: k_hat=8  ACC=0.7037  NMI=0.8158  ARI=0.6172  0.7s

=== P1E_S3_C3 train[0] k=8  dim=576  frames=319  σ=0.5  fold=0 ===
  SSC-Block-TV-Col21: k_hat=8  ACC=0.9530  NMI=0.9376  ARI=0.9055  0.7s

=== P1E_S3_C3 train[1] k=8  dim=576  frames=265  σ=0.5  fold=0 ===
  SSC-Block-TV-Col21: k_hat=8  ACC=0.8226  NMI=0.8851  ARI=0.7976  0.5s

=== P1E_S4_C1 train[0] k=8  dim=576  frames=465  σ=0.5  fold=0 ===
  SSC-Block-TV-Col21: k_hat=8  ACC=0.7699  NMI=0.8266  ARI=0.6516  1.3s

=== P1E_S4_C1 train[1] k=8  dim=576  frames=379  σ=0.5  fold=0 ===
  SSC-Block-TV-Col21: k_hat=8  ACC=0.8760  NMI=0.8755  ARI=0.7817  1.0s

=== P1E_S4_C2 train[0] k=8  dim=576  frames=363  σ=0.5  fold=0 ===
  SSC-Block-TV-Col21: k_hat=8  ACC=0.8154  NMI=0.8816  ARI=0.7979  0.9s

=== P1E_S4_C2 train[1] k=8  dim=576  frames=335  σ=0.5  fold=0 ===
  SSC-Block-TV-Col21: k_hat=8  ACC=0.8239  NMI=0.8807  ARI=0.7725  0.8s

=== P1E_S4_C3 train[0] k=8  dim=576  frames=245  σ=0.5  fold=0 ===
  SSC-Block-TV-Col21: k_hat=8  ACC=0.7184  NMI=0.7813  ARI=0.5931  0.4s

=== P1E_S4_C3 train[1] k=8  dim=576  frames=233  σ=0.5  fold=0 ===
  SSC-Block-TV-Col21: k_hat=8  ACC=0.8197  NMI=0.8396  ARI=0.7392  0.4s

=== P1L_S1_C1 train[0] k=8  dim=576  frames=503  σ=0.5  fold=0 ===
  SSC-Block-TV-Col21: k_hat=8  ACC=0.9344  NMI=0.9246  ARI=0.8816  1.6s

=== P1L_S1_C1 train[1] k=8  dim=576  frames=399  σ=0.5  fold=0 ===
  SSC-Block-TV-Col21: k_hat=8  ACC=0.8421  NMI=0.8856  ARI=0.7856  1.1s

=== P1L_S1_C2 train[0] k=8  dim=576  frames=423  σ=0.5  fold=0 ===
  SSC-Block-TV-Col21: k_hat=8  ACC=0.7400  NMI=0.7935  ARI=0.6133  1.2s

=== P1L_S1_C2 train[1] k=8  dim=576  frames=406  σ=0.5  fold=0 ===
  SSC-Block-TV-Col21: k_hat=8  ACC=0.6724  NMI=0.7968  ARI=0.6051  1.0s

=== P1L_S1_C3 train[0] k=8  dim=576  frames=195  σ=0.5  fold=0 ===
  SSC-Block-TV-Col21: k_hat=8  ACC=0.7385  NMI=0.8370  ARI=0.6559  0.3s

=== P1L_S1_C3 train[1] k=8  dim=576  frames=179  σ=0.5  fold=0 ===
  SSC-Block-TV-Col21: k_hat=8  ACC=0.6816  NMI=0.8262  ARI=0.6444  0.3s

=== P1L_S2_C1 train[0] k=8  dim=576  frames=486  σ=0.5  fold=0 ===
  SSC-Block-TV-Col21: k_hat=8  ACC=0.8128  NMI=0.8728  ARI=0.7701  1.4s

=== P1L_S2_C1 train[1] k=8  dim=576  frames=429  σ=0.5  fold=0 ===
  SSC-Block-TV-Col21: k_hat=8  ACC=0.7879  NMI=0.8469  ARI=0.7157  1.1s

=== P1L_S2_C2 train[0] k=8  dim=576  frames=470  σ=0.5  fold=0 ===
  SSC-Block-TV-Col21: k_hat=8  ACC=0.8447  NMI=0.8422  ARI=0.7213  1.4s

=== P1L_S2_C2 train[1] k=8  dim=576  frames=432  σ=0.5  fold=0 ===
  SSC-Block-TV-Col21: k_hat=8  ACC=0.7616  NMI=0.8495  ARI=0.7193  1.2s

=== P1L_S2_C3 train[0] k=8  dim=576  frames=302  σ=0.5  fold=0 ===
  SSC-Block-TV-Col21: k_hat=8  ACC=0.6854  NMI=0.8324  ARI=0.6763  0.6s

=== P1L_S2_C3 train[1] k=8  dim=576  frames=288  σ=0.5  fold=0 ===
  SSC-Block-TV-Col21: k_hat=8  ACC=0.7639  NMI=0.8359  ARI=0.6892  0.5s

=== P1L_S3_C1 train[0] k=8  dim=576  frames=447  σ=0.5  fold=0 ===
  SSC-Block-TV-Col21: k_hat=8  ACC=0.7450  NMI=0.8211  ARI=0.6724  1.3s

=== P1L_S3_C1 train[1] k=8  dim=576  frames=417  σ=0.5  fold=0 ===
  SSC-Block-TV-Col21: k_hat=8  ACC=0.6547  NMI=0.8338  ARI=0.5843  1.1s

=== P1L_S3_C2 train[0] k=8  dim=576  frames=498  σ=0.5  fold=0 ===
  SSC-Block-TV-Col21: k_hat=8  ACC=0.7169  NMI=0.8104  ARI=0.6537  1.5s

=== P1L_S3_C2 train[1] k=8  dim=576  frames=480  σ=0.5  fold=0 ===
  SSC-Block-TV-Col21: k_hat=8  ACC=0.7375  NMI=0.7932  ARI=0.6146  1.4s

=== P1L_S3_C3 train[0] k=8  dim=576  frames=354  σ=0.5  fold=0 ===
  SSC-Block-TV-Col21: k_hat=8  ACC=0.6893  NMI=0.7817  ARI=0.5957  0.8s

=== P1L_S3_C3 train[1] k=8  dim=576  frames=349  σ=0.5  fold=0 ===
  SSC-Block-TV-Col21: k_hat=8  ACC=0.8195  NMI=0.8155  ARI=0.6710  0.8s

=== P1L_S4_C1 train[0] k=8  dim=576  frames=436  σ=0.5  fold=0 ===
  SSC-Block-TV-Col21: k_hat=8  ACC=0.8188  NMI=0.9097  ARI=0.7977  1.2s

=== P1L_S4_C1 train[1] k=8  dim=576  frames=497  σ=0.5  fold=0 ===
  SSC-Block-TV-Col21: k_hat=8  ACC=0.7042  NMI=0.8522  ARI=0.6729  1.5s

=== P1L_S4_C2 train[0] k=8  dim=576  frames=444  σ=0.5  fold=0 ===
  SSC-Block-TV-Col21: k_hat=8  ACC=0.9437  NMI=0.9094  ARI=0.8851  1.2s

=== P1L_S4_C2 train[1] k=8  dim=576  frames=423  σ=0.5  fold=0 ===
  SSC-Block-TV-Col21: k_hat=8  ACC=0.7636  NMI=0.8490  ARI=0.7205  1.1s

=== P1L_S4_C3 train[0] k=8  dim=576  frames=299  σ=0.5  fold=0 ===
  SSC-Block-TV-Col21: k_hat=8  ACC=0.6689  NMI=0.7977  ARI=0.6327  0.6s

=== P1L_S4_C3 train[1] k=8  dim=576  frames=284  σ=0.5  fold=0 ===
  SSC-Block-TV-Col21: k_hat=8  ACC=0.8204  NMI=0.8804  ARI=0.7813  0.6s

=== P1E_S1_C1 test[0] k=8  dim=576  frames=379  σ=0.5  fold=0 ===
  SSC-Block-TV-Col21: k_hat=8  ACC=0.7520  NMI=0.8607  ARI=0.7017  0.9s

=== P1E_S1_C2 test[0] k=8  dim=576  frames=325  σ=0.5  fold=0 ===
  SSC-Block-TV-Col21: k_hat=8  ACC=0.8154  NMI=0.8435  ARI=0.7096  0.7s

=== P1E_S1_C3 test[0] k=8  dim=576  frames=148  σ=0.5  fold=0 ===
  SSC-Block-TV-Col21: k_hat=8  ACC=0.4189  NMI=0.5952  ARI=0.2270  0.2s

=== P1E_S2_C1 test[0] k=8  dim=576  frames=409  σ=0.5  fold=0 ===
  SSC-Block-TV-Col21: k_hat=8  ACC=0.7726  NMI=0.8533  ARI=0.7152  1.1s

=== P1E_S2_C2 test[0] k=8  dim=576  frames=333  σ=0.5  fold=0 ===
  SSC-Block-TV-Col21: k_hat=8  ACC=0.8709  NMI=0.8518  ARI=0.7422  0.8s

=== P1E_S2_C3 test[0] k=8  dim=576  frames=259  σ=0.5  fold=0 ===
  SSC-Block-TV-Col21: k_hat=8  ACC=0.8340  NMI=0.8491  ARI=0.6963  0.5s

=== P1E_S3_C1 test[0] k=8  dim=576  frames=385  σ=0.5  fold=0 ===
  SSC-Block-TV-Col21: k_hat=8  ACC=0.7532  NMI=0.8374  ARI=0.6683  1.0s

=== P1E_S3_C2 test[0] k=8  dim=576  frames=331  σ=0.5  fold=0 ===
  SSC-Block-TV-Col21: k_hat=8  ACC=0.7492  NMI=0.8510  ARI=0.7075  0.8s

=== P1E_S3_C3 test[0] k=8  dim=576  frames=243  σ=0.5  fold=0 ===
  SSC-Block-TV-Col21: k_hat=8  ACC=0.9630  NMI=0.9410  ARI=0.9119  0.4s

=== P1E_S4_C1 test[0] k=8  dim=576  frames=363  σ=0.5  fold=0 ===
  SSC-Block-TV-Col21: k_hat=8  ACC=0.7052  NMI=0.8317  ARI=0.6474  0.9s

=== P1E_S4_C2 test[0] k=8  dim=576  frames=317  σ=0.5  fold=0 ===
  SSC-Block-TV-Col21: k_hat=8  ACC=0.9274  NMI=0.9034  ARI=0.8449  0.7s

=== P1E_S4_C3 test[0] k=8  dim=576  frames=214  σ=0.5  fold=0 ===
  SSC-Block-TV-Col21: k_hat=8  ACC=0.9159  NMI=0.8883  ARI=0.8293  0.3s

=== P1L_S1_C1 test[0] k=8  dim=576  frames=422  σ=0.5  fold=0 ===
  SSC-Block-TV-Col21: k_hat=8  ACC=0.8626  NMI=0.9217  ARI=0.8392  1.1s

=== P1L_S1_C2 test[0] k=8  dim=576  frames=414  σ=0.5  fold=0 ===
  SSC-Block-TV-Col21: k_hat=8  ACC=0.7633  NMI=0.8751  ARI=0.7216  1.1s

=== P1L_S1_C3 test[0] k=8  dim=576  frames=168  σ=0.5  fold=0 ===
  SSC-Block-TV-Col21: k_hat=8  ACC=0.8452  NMI=0.8910  ARI=0.7587  0.2s

=== P1L_S2_C1 test[0] k=8  dim=576  frames=507  σ=0.5  fold=0 ===
  SSC-Block-TV-Col21: k_hat=8  ACC=0.8264  NMI=0.8885  ARI=0.7769  1.6s

=== P1L_S2_C2 test[0] k=8  dim=576  frames=453  σ=0.5  fold=0 ===
  SSC-Block-TV-Col21: k_hat=8  ACC=0.7925  NMI=0.8665  ARI=0.7579  1.3s

=== P1L_S2_C3 test[0] k=8  dim=576  frames=275  σ=0.5  fold=0 ===
  SSC-Block-TV-Col21: k_hat=8  ACC=0.8473  NMI=0.8818  ARI=0.7400  0.6s

=== P1L_S3_C1 test[0] k=8  dim=576  frames=394  σ=0.5  fold=0 ===
  SSC-Block-TV-Col21: k_hat=8  ACC=0.7208  NMI=0.8018  ARI=0.5626  1.0s

=== P1L_S3_C2 test[0] k=8  dim=576  frames=427  σ=0.5  fold=0 ===
  SSC-Block-TV-Col21: k_hat=8  ACC=0.9508  NMI=0.9306  ARI=0.8976  1.1s

=== P1L_S3_C3 test[0] k=8  dim=576  frames=348  σ=0.5  fold=0 ===
  SSC-Block-TV-Col21: k_hat=8  ACC=0.8190  NMI=0.8834  ARI=0.7668  0.8s

=== P1L_S4_C1 test[0] k=8  dim=576  frames=441  σ=0.5  fold=0 ===
  SSC-Block-TV-Col21: k_hat=8  ACC=0.7914  NMI=0.8805  ARI=0.7670  1.2s

=== P1L_S4_C2 test[0] k=8  dim=576  frames=410  σ=0.5  fold=0 ===
  SSC-Block-TV-Col21: k_hat=8  ACC=0.8610  NMI=0.9081  ARI=0.8253  1.1s

=== P1L_S4_C3 test[0] k=8  dim=576  frames=258  σ=0.5  fold=0 ===
  SSC-Block-TV-Col21: k_hat=8  ACC=0.8837  NMI=0.9286  ARI=0.8041  0.5s

============================================================
σ=0.5 fold=1  test=['0001', '0005', '0011', '0015', '0019', '0023', '0024', '0025']  train mats=48  test mats=24
  --- tune SSC-Block-TV-Col21 over 48 train mats  n_trials=40 (4 params) ---
  SSC-Block-TV-Col21 trial 0: mean ARI=0.4047  n=48  40.4s  lambda_e=1, lambda_z=0.1, gamma_q=0.1, block_size=5
  SSC-Block-TV-Col21 trial 1: mean ARI=0.3568  n=48  40.0s  lambda_e=0.443, lambda_z=0.7257, gamma_q=0.2577, block_size=7
  SSC-Block-TV-Col21 trial 2: mean ARI=0.4273  n=48  39.5s  lambda_e=0.1866, lambda_z=0.3833, gamma_q=0.05628, block_size=11
  SSC-Block-TV-Col21 trial 3: mean ARI=0.3381  n=48  40.0s  lambda_e=7.78, lambda_z=0.03418, gamma_q=1.469, block_size=7
  SSC-Block-TV-Col21 trial 4: mean ARI=0.5014  n=48  44.3s  lambda_e=0.506, lambda_z=5.039, gamma_q=0.001924, block_size=2
  SSC-Block-TV-Col21 trial 5: mean ARI=0.3424  n=48  39.9s  lambda_e=0.0115, lambda_z=2.14, gamma_q=1.296, block_size=11
  SSC-Block-TV-Col21 trial 6: mean ARI=0.4052  n=48  39.9s  lambda_e=8.627, lambda_z=1.573, gamma_q=0.07013, block_size=10
  SSC-Block-TV-Col21 trial 7: mean ARI=0.5446  n=48  39.6s  lambda_e=0.02264, lambda_z=0.3628, gamma_q=0.003745, block_size=12
  SSC-Block-TV-Col21 trial 8: mean ARI=0.5281  n=48  39.8s  lambda_e=0.3677, lambda_z=0.04557, gamma_q=0.01143, block_size=10
  SSC-Block-TV-Col21 trial 9: mean ARI=0.4791  n=48  40.3s  lambda_e=0.2336, lambda_z=0.1878, gamma_q=0.001189, block_size=8
  SSC-Block-TV-Col21 trial 10: mean ARI=0.4711  n=48  43.0s  lambda_e=0.01151, lambda_z=0.001661, gamma_q=6.473, block_size=2
  SSC-Block-TV-Col21 trial 11: mean ARI=0.5105  n=48  39.7s  lambda_e=0.06092, lambda_z=0.01492, gamma_q=0.01117, block_size=12
  SSC-Block-TV-Col21 trial 12: mean ARI=0.5743  n=48  39.8s  lambda_e=0.05731, lambda_z=0.01131, gamma_q=0.007917, block_size=9
  SSC-Block-TV-Col21 trial 13: mean ARI=0.5494  n=48  39.8s  lambda_e=0.04664, lambda_z=0.003515, gamma_q=0.006623, block_size=9
  SSC-Block-TV-Col21 trial 14: mean ARI=0.4825  n=48  40.3s  lambda_e=0.05946, lambda_z=0.002846, gamma_q=0.01021, block_size=8
  SSC-Block-TV-Col21 trial 15: mean ARI=0.4296  n=48  40.5s  lambda_e=0.06801, lambda_z=0.00694, gamma_q=0.02156, block_size=5
  SSC-Block-TV-Col21 trial 16: mean ARI=0.5073  n=48  39.9s  lambda_e=0.03281, lambda_z=0.00104, gamma_q=0.005046, block_size=9
  SSC-Block-TV-Col21 trial 17: mean ARI=0.4250  n=48  40.3s  lambda_e=0.1089, lambda_z=0.006337, gamma_q=0.0328, block_size=5
  SSC-Block-TV-Col21 trial 18: mean ARI=0.3726  n=48  40.1s  lambda_e=1.931, lambda_z=0.01142, gamma_q=0.2343, block_size=7
  SSC-Block-TV-Col21 trial 19: mean ARI=0.6737  n=48  39.7s  lambda_e=0.02453, lambda_z=0.004014, gamma_q=0.002981, block_size=9
  SSC-Block-TV-Col21 trial 20: mean ARI=0.6175  n=48  40.4s  lambda_e=0.02134, lambda_z=0.02722, gamma_q=0.002816, block_size=6
  SSC-Block-TV-Col21 trial 21: mean ARI=0.6590  n=48  40.9s  lambda_e=0.02273, lambda_z=0.02718, gamma_q=0.002615, block_size=4
  SSC-Block-TV-Col21 trial 22: mean ARI=0.6754  n=48  40.9s  lambda_e=0.02086, lambda_z=0.03328, gamma_q=0.001021, block_size=4
  SSC-Block-TV-Col21 trial 23: mean ARI=0.6784  n=48  41.6s  lambda_e=0.02217, lambda_z=0.08772, gamma_q=0.001054, block_size=3
  SSC-Block-TV-Col21 trial 24: mean ARI=0.7212  n=48  41.6s  lambda_e=0.01219, lambda_z=0.09252, gamma_q=0.001194, block_size=3
  SSC-Block-TV-Col21 trial 25: mean ARI=0.7272  n=48  41.7s  lambda_e=0.01023, lambda_z=0.1078, gamma_q=0.001157, block_size=3
  SSC-Block-TV-Col21 trial 26: mean ARI=0.7200  n=48  41.7s  lambda_e=0.01087, lambda_z=0.1257, gamma_q=0.001035, block_size=3
  SSC-Block-TV-Col21 trial 27: mean ARI=0.7149  n=48  41.6s  lambda_e=0.01004, lambda_z=0.111, gamma_q=0.001903, block_size=3
  SSC-Block-TV-Col21 trial 28: mean ARI=0.6872  n=48  41.6s  lambda_e=0.01424, lambda_z=0.2139, gamma_q=0.001812, block_size=3
  SSC-Block-TV-Col21 trial 29: mean ARI=0.5946  n=48  40.7s  lambda_e=0.03455, lambda_z=0.08616, gamma_q=0.005159, block_size=4
  SSC-Block-TV-Col21 trial 30: mean ARI=0.5715  n=48  42.8s  lambda_e=0.09832, lambda_z=0.6632, gamma_q=0.001096, block_size=2
  SSC-Block-TV-Col21 trial 31: mean ARI=0.7107  n=48  41.4s  lambda_e=0.01058, lambda_z=0.1458, gamma_q=0.001859, block_size=3
  SSC-Block-TV-Col21 trial 32: mean ARI=0.7190  n=48  41.5s  lambda_e=0.01532, lambda_z=0.05822, gamma_q=0.001806, block_size=3
  SSC-Block-TV-Col21 trial 33: mean ARI=0.6284  n=48  40.4s  lambda_e=0.01588, lambda_z=0.05466, gamma_q=0.003827, block_size=5
  SSC-Block-TV-Col21 trial 34: mean ARI=0.5092  n=48  41.0s  lambda_e=0.03578, lambda_z=0.5044, gamma_q=0.01964, block_size=4
  SSC-Block-TV-Col21 trial 35: mean ARI=0.7023  n=48  43.1s  lambda_e=0.01608, lambda_z=0.2626, gamma_q=0.001832, block_size=2
  SSC-Block-TV-Col21 trial 36: mean ARI=0.7209  n=48  41.5s  lambda_e=0.01488, lambda_z=0.0608, gamma_q=0.001564, block_size=3
  SSC-Block-TV-Col21 trial 37: mean ARI=0.4301  n=48  40.3s  lambda_e=2.71, lambda_z=1.258, gamma_q=0.004442, block_size=6
  SSC-Block-TV-Col21 trial 38: mean ARI=0.6460  n=48  42.8s  lambda_e=0.03367, lambda_z=0.3353, gamma_q=0.001005, block_size=2
  SSC-Block-TV-Col21 trial 39: mean ARI=0.5017  n=48  40.7s  lambda_e=0.01474, lambda_z=5.577, gamma_q=0.002673, block_size=4
    best mean ARI=0.7272  tune 1635.3s  lambda_e=0.01023, lambda_z=0.1078, gamma_q=0.001157, block_size=3
  wrote /nfs/turbo/umms-minjilab/lpullela/icassp_ssc_tv2/block_ssc_benchmark/cv/params/surveillance/split_k8_sigmas_min30_trials20_params_knownk_cv_ssc_block_tv_col21_k8_sigma0p5_sigma0.5_fold1.json

=== P1E_S1_C1 train[0] k=8  dim=576  frames=379  σ=0.5  fold=1 ===
  SSC-Block-TV-Col21: k_hat=8  ACC=0.6649  NMI=0.8288  ARI=0.6250  1.0s

=== P1E_S1_C1 train[1] k=8  dim=576  frames=399  σ=0.5  fold=1 ===
  SSC-Block-TV-Col21: k_hat=8  ACC=0.6967  NMI=0.8225  ARI=0.6515  1.1s

=== P1E_S1_C2 train[0] k=8  dim=576  frames=325  σ=0.5  fold=1 ===
  SSC-Block-TV-Col21: k_hat=8  ACC=0.8585  NMI=0.8647  ARI=0.7529  0.7s

=== P1E_S1_C2 train[1] k=8  dim=576  frames=331  σ=0.5  fold=1 ===
  SSC-Block-TV-Col21: k_hat=8  ACC=0.7221  NMI=0.8008  ARI=0.6405  0.8s

=== P1E_S1_C3 train[0] k=8  dim=576  frames=148  σ=0.5  fold=1 ===
  SSC-Block-TV-Col21: k_hat=8  ACC=0.9459  NMI=0.9277  ARI=0.8877  0.2s

=== P1E_S1_C3 train[1] k=8  dim=576  frames=154  σ=0.5  fold=1 ===
  SSC-Block-TV-Col21: k_hat=8  ACC=0.8766  NMI=0.8659  ARI=0.7647  0.2s

=== P1E_S2_C1 train[0] k=8  dim=576  frames=409  σ=0.5  fold=1 ===
  SSC-Block-TV-Col21: k_hat=8  ACC=0.7115  NMI=0.7729  ARI=0.5917  1.1s

=== P1E_S2_C1 train[1] k=8  dim=576  frames=386  σ=0.5  fold=1 ===
  SSC-Block-TV-Col21: k_hat=8  ACC=0.6839  NMI=0.7968  ARI=0.5908  1.0s

=== P1E_S2_C2 train[0] k=8  dim=576  frames=333  σ=0.5  fold=1 ===
  SSC-Block-TV-Col21: k_hat=8  ACC=0.8739  NMI=0.8626  ARI=0.7480  0.8s

=== P1E_S2_C2 train[1] k=8  dim=576  frames=320  σ=0.5  fold=1 ===
  SSC-Block-TV-Col21: k_hat=8  ACC=0.7219  NMI=0.8142  ARI=0.6515  0.7s

=== P1E_S2_C3 train[0] k=8  dim=576  frames=259  σ=0.5  fold=1 ===
  SSC-Block-TV-Col21: k_hat=8  ACC=0.9189  NMI=0.8978  ARI=0.8161  0.5s

=== P1E_S2_C3 train[1] k=8  dim=576  frames=246  σ=0.5  fold=1 ===
  SSC-Block-TV-Col21: k_hat=8  ACC=0.7927  NMI=0.8626  ARI=0.7596  0.4s

=== P1E_S3_C1 train[0] k=8  dim=576  frames=385  σ=0.5  fold=1 ===
  SSC-Block-TV-Col21: k_hat=8  ACC=0.6286  NMI=0.8115  ARI=0.6096  1.0s

=== P1E_S3_C1 train[1] k=8  dim=576  frames=395  σ=0.5  fold=1 ===
  SSC-Block-TV-Col21: k_hat=8  ACC=0.6532  NMI=0.7724  ARI=0.5533  1.1s

=== P1E_S3_C2 train[0] k=8  dim=576  frames=331  σ=0.5  fold=1 ===
  SSC-Block-TV-Col21: k_hat=8  ACC=0.6073  NMI=0.7924  ARI=0.5884  0.8s

=== P1E_S3_C2 train[1] k=8  dim=576  frames=324  σ=0.5  fold=1 ===
  SSC-Block-TV-Col21: k_hat=8  ACC=0.6420  NMI=0.7219  ARI=0.4941  0.7s

=== P1E_S3_C3 train[0] k=8  dim=576  frames=243  σ=0.5  fold=1 ===
  SSC-Block-TV-Col21: k_hat=8  ACC=0.9794  NMI=0.9651  ARI=0.9468  0.5s

=== P1E_S3_C3 train[1] k=8  dim=576  frames=265  σ=0.5  fold=1 ===
  SSC-Block-TV-Col21: k_hat=8  ACC=0.8226  NMI=0.9203  ARI=0.8351  0.5s

=== P1E_S4_C1 train[0] k=8  dim=576  frames=363  σ=0.5  fold=1 ===
  SSC-Block-TV-Col21: k_hat=8  ACC=0.6612  NMI=0.7874  ARI=0.5858  0.9s

=== P1E_S4_C1 train[1] k=8  dim=576  frames=379  σ=0.5  fold=1 ===
  SSC-Block-TV-Col21: k_hat=8  ACC=0.7810  NMI=0.7973  ARI=0.6473  1.0s

=== P1E_S4_C2 train[0] k=8  dim=576  frames=317  σ=0.5  fold=1 ===
  SSC-Block-TV-Col21: k_hat=8  ACC=0.9117  NMI=0.8758  ARI=0.8170  0.8s

=== P1E_S4_C2 train[1] k=8  dim=576  frames=335  σ=0.5  fold=1 ===
  SSC-Block-TV-Col21: k_hat=8  ACC=0.7463  NMI=0.8000  ARI=0.6269  0.7s

=== P1E_S4_C3 train[0] k=8  dim=576  frames=214  σ=0.5  fold=1 ===
  SSC-Block-TV-Col21: k_hat=8  ACC=0.9579  NMI=0.9327  ARI=0.9129  0.4s

=== P1E_S4_C3 train[1] k=8  dim=576  frames=233  σ=0.5  fold=1 ===
  SSC-Block-TV-Col21: k_hat=8  ACC=0.9142  NMI=0.8802  ARI=0.8218  0.4s

=== P1L_S1_C1 train[0] k=8  dim=576  frames=422  σ=0.5  fold=1 ===
  SSC-Block-TV-Col21: k_hat=8  ACC=0.8673  NMI=0.9343  ARI=0.8505  1.1s

=== P1L_S1_C1 train[1] k=8  dim=576  frames=399  σ=0.5  fold=1 ===
  SSC-Block-TV-Col21: k_hat=8  ACC=0.8321  NMI=0.8664  ARI=0.7641  1.1s

=== P1L_S1_C2 train[0] k=8  dim=576  frames=414  σ=0.5  fold=1 ===
  SSC-Block-TV-Col21: k_hat=8  ACC=0.7391  NMI=0.8447  ARI=0.6813  1.1s

=== P1L_S1_C2 train[1] k=8  dim=576  frames=406  σ=0.5  fold=1 ===
  SSC-Block-TV-Col21: k_hat=8  ACC=0.7143  NMI=0.8109  ARI=0.6162  1.1s

=== P1L_S1_C3 train[0] k=8  dim=576  frames=168  σ=0.5  fold=1 ===
  SSC-Block-TV-Col21: k_hat=8  ACC=0.9405  NMI=0.9262  ARI=0.8730  0.2s

=== P1L_S1_C3 train[1] k=8  dim=576  frames=179  σ=0.5  fold=1 ===
  SSC-Block-TV-Col21: k_hat=8  ACC=0.9218  NMI=0.8919  ARI=0.8361  0.3s

=== P1L_S2_C1 train[0] k=8  dim=576  frames=507  σ=0.5  fold=1 ===
  SSC-Block-TV-Col21: k_hat=8  ACC=0.8126  NMI=0.8783  ARI=0.7579  1.7s

=== P1L_S2_C1 train[1] k=8  dim=576  frames=429  σ=0.5  fold=1 ===
  SSC-Block-TV-Col21: k_hat=8  ACC=0.7925  NMI=0.8608  ARI=0.7311  1.2s

=== P1L_S2_C2 train[0] k=8  dim=576  frames=453  σ=0.5  fold=1 ===
  SSC-Block-TV-Col21: k_hat=8  ACC=0.7748  NMI=0.8419  ARI=0.7218  1.3s

=== P1L_S2_C2 train[1] k=8  dim=576  frames=432  σ=0.5  fold=1 ===
  SSC-Block-TV-Col21: k_hat=8  ACC=0.8079  NMI=0.8665  ARI=0.7812  1.2s

=== P1L_S2_C3 train[0] k=8  dim=576  frames=275  σ=0.5  fold=1 ===
  SSC-Block-TV-Col21: k_hat=8  ACC=0.8509  NMI=0.9332  ARI=0.8552  0.5s

=== P1L_S2_C3 train[1] k=8  dim=576  frames=288  σ=0.5  fold=1 ===
  SSC-Block-TV-Col21: k_hat=8  ACC=0.7882  NMI=0.8836  ARI=0.7330  0.6s

=== P1L_S3_C1 train[0] k=8  dim=576  frames=394  σ=0.5  fold=1 ===
  SSC-Block-TV-Col21: k_hat=8  ACC=0.7437  NMI=0.8205  ARI=0.6458  1.0s

=== P1L_S3_C1 train[1] k=8  dim=576  frames=417  σ=0.5  fold=1 ===
  SSC-Block-TV-Col21: k_hat=8  ACC=0.8177  NMI=0.8515  ARI=0.6922  1.1s

=== P1L_S3_C2 train[0] k=8  dim=576  frames=427  σ=0.5  fold=1 ===
  SSC-Block-TV-Col21: k_hat=8  ACC=0.7611  NMI=0.8704  ARI=0.7286  1.3s

=== P1L_S3_C2 train[1] k=8  dim=576  frames=480  σ=0.5  fold=1 ===
  SSC-Block-TV-Col21: k_hat=8  ACC=0.7479  NMI=0.8046  ARI=0.6293  1.5s

=== P1L_S3_C3 train[0] k=8  dim=576  frames=348  σ=0.5  fold=1 ===
  SSC-Block-TV-Col21: k_hat=8  ACC=0.9511  NMI=0.9392  ARI=0.8769  0.8s

=== P1L_S3_C3 train[1] k=8  dim=576  frames=349  σ=0.5  fold=1 ===
  SSC-Block-TV-Col21: k_hat=8  ACC=0.8510  NMI=0.8496  ARI=0.7280  0.8s

=== P1L_S4_C1 train[0] k=8  dim=576  frames=441  σ=0.5  fold=1 ===
  SSC-Block-TV-Col21: k_hat=8  ACC=0.8594  NMI=0.9126  ARI=0.8342  1.3s

=== P1L_S4_C1 train[1] k=8  dim=576  frames=497  σ=0.5  fold=1 ===
  SSC-Block-TV-Col21: k_hat=8  ACC=0.5795  NMI=0.7453  ARI=0.4997  1.6s

=== P1L_S4_C2 train[0] k=8  dim=576  frames=410  σ=0.5  fold=1 ===
  SSC-Block-TV-Col21: k_hat=8  ACC=0.8098  NMI=0.8724  ARI=0.7588  1.1s

=== P1L_S4_C2 train[1] k=8  dim=576  frames=423  σ=0.5  fold=1 ===
  SSC-Block-TV-Col21: k_hat=8  ACC=0.7541  NMI=0.8481  ARI=0.6980  1.2s

=== P1L_S4_C3 train[0] k=8  dim=576  frames=258  σ=0.5  fold=1 ===
  SSC-Block-TV-Col21: k_hat=8  ACC=0.9186  NMI=0.9284  ARI=0.8340  0.5s

=== P1L_S4_C3 train[1] k=8  dim=576  frames=284  σ=0.5  fold=1 ===
  SSC-Block-TV-Col21: k_hat=8  ACC=0.9331  NMI=0.9114  ARI=0.8612  0.6s

=== P1E_S1_C1 test[0] k=8  dim=576  frames=410  σ=0.5  fold=1 ===
  SSC-Block-TV-Col21: k_hat=8  ACC=0.6585  NMI=0.8441  ARI=0.6540  1.1s

=== P1E_S1_C2 test[0] k=8  dim=576  frames=339  σ=0.5  fold=1 ===
  SSC-Block-TV-Col21: k_hat=8  ACC=0.6667  NMI=0.8042  ARI=0.6369  0.8s

=== P1E_S1_C3 test[0] k=8  dim=576  frames=132  σ=0.5  fold=1 ===
  SSC-Block-TV-Col21: k_hat=8  ACC=0.7955  NMI=0.8372  ARI=0.7142  0.2s

=== P1E_S2_C1 test[0] k=8  dim=576  frames=426  σ=0.5  fold=1 ===
  SSC-Block-TV-Col21: k_hat=8  ACC=0.5845  NMI=0.7860  ARI=0.5206  1.2s

=== P1E_S2_C2 test[0] k=8  dim=576  frames=348  σ=0.5  fold=1 ===
  SSC-Block-TV-Col21: k_hat=8  ACC=0.7902  NMI=0.8385  ARI=0.6967  0.8s

=== P1E_S2_C3 test[0] k=8  dim=576  frames=278  σ=0.5  fold=1 ===
  SSC-Block-TV-Col21: k_hat=8  ACC=0.8237  NMI=0.8153  ARI=0.6560  0.6s

=== P1E_S3_C1 test[0] k=8  dim=576  frames=427  σ=0.5  fold=1 ===
  SSC-Block-TV-Col21: k_hat=8  ACC=0.6206  NMI=0.7794  ARI=0.5866  1.2s

=== P1E_S3_C2 test[0] k=8  dim=576  frames=428  σ=0.5  fold=1 ===
  SSC-Block-TV-Col21: k_hat=8  ACC=0.7033  NMI=0.7819  ARI=0.5988  1.2s

=== P1E_S3_C3 test[0] k=8  dim=576  frames=319  σ=0.5  fold=1 ===
  SSC-Block-TV-Col21: k_hat=8  ACC=0.7868  NMI=0.8614  ARI=0.7163  0.7s

=== P1E_S4_C1 test[0] k=8  dim=576  frames=465  σ=0.5  fold=1 ===
  SSC-Block-TV-Col21: k_hat=8  ACC=0.5140  NMI=0.7782  ARI=0.5027  1.4s

=== P1E_S4_C2 test[0] k=8  dim=576  frames=363  σ=0.5  fold=1 ===
  SSC-Block-TV-Col21: k_hat=8  ACC=0.8237  NMI=0.9139  ARI=0.8292  0.9s

=== P1E_S4_C3 test[0] k=8  dim=576  frames=245  σ=0.5  fold=1 ===
  SSC-Block-TV-Col21: k_hat=8  ACC=0.7469  NMI=0.7948  ARI=0.6453  0.5s

=== P1L_S1_C1 test[0] k=8  dim=576  frames=503  σ=0.5  fold=1 ===
  SSC-Block-TV-Col21: k_hat=8  ACC=0.7773  NMI=0.8754  ARI=0.7382  1.6s

=== P1L_S1_C2 test[0] k=8  dim=576  frames=423  σ=0.5  fold=1 ===
  SSC-Block-TV-Col21: k_hat=8  ACC=0.7636  NMI=0.8410  ARI=0.6876  1.2s

=== P1L_S1_C3 test[0] k=8  dim=576  frames=195  σ=0.5  fold=1 ===
  SSC-Block-TV-Col21: k_hat=8  ACC=0.8103  NMI=0.8349  ARI=0.6786  0.3s

=== P1L_S2_C1 test[0] k=8  dim=576  frames=486  σ=0.5  fold=1 ===
  SSC-Block-TV-Col21: k_hat=8  ACC=0.7366  NMI=0.8442  ARI=0.6909  1.5s

=== P1L_S2_C2 test[0] k=8  dim=576  frames=470  σ=0.5  fold=1 ===
  SSC-Block-TV-Col21: k_hat=8  ACC=0.8723  NMI=0.8737  ARI=0.7774  1.4s

=== P1L_S2_C3 test[0] k=8  dim=576  frames=302  σ=0.5  fold=1 ===
  SSC-Block-TV-Col21: k_hat=8  ACC=0.7086  NMI=0.8476  ARI=0.6985  0.7s

=== P1L_S3_C1 test[0] k=8  dim=576  frames=447  σ=0.5  fold=1 ===
  SSC-Block-TV-Col21: k_hat=8  ACC=0.7763  NMI=0.8301  ARI=0.6915  1.4s

=== P1L_S3_C2 test[0] k=8  dim=576  frames=498  σ=0.5  fold=1 ===
  SSC-Block-TV-Col21: k_hat=8  ACC=0.5904  NMI=0.7713  ARI=0.5688  1.6s

=== P1L_S3_C3 test[0] k=8  dim=576  frames=354  σ=0.5  fold=1 ===
  SSC-Block-TV-Col21: k_hat=8  ACC=0.6469  NMI=0.7622  ARI=0.5526  0.8s

=== P1L_S4_C1 test[0] k=8  dim=576  frames=436  σ=0.5  fold=1 ===
  SSC-Block-TV-Col21: k_hat=8  ACC=0.8326  NMI=0.9129  ARI=0.7962  1.2s

=== P1L_S4_C2 test[0] k=8  dim=576  frames=444  σ=0.5  fold=1 ===
  SSC-Block-TV-Col21: k_hat=8  ACC=0.9279  NMI=0.9103  ARI=0.8661  1.2s

=== P1L_S4_C3 test[0] k=8  dim=576  frames=299  σ=0.5  fold=1 ===
  SSC-Block-TV-Col21: k_hat=8  ACC=0.7559  NMI=0.8746  ARI=0.7346  0.7s

============================================================
σ=0.5 fold=2  test=['0003', '0007', '0010', '0012', '0016', '0017', '0020', '0021']  train mats=48  test mats=24
  --- tune SSC-Block-TV-Col21 over 48 train mats  n_trials=40 (4 params) ---
  SSC-Block-TV-Col21 trial 0: mean ARI=0.4044  n=48  43.4s  lambda_e=1, lambda_z=0.1, gamma_q=0.1, block_size=5
  SSC-Block-TV-Col21 trial 1: mean ARI=0.4110  n=48  43.4s  lambda_e=0.443, lambda_z=0.7257, gamma_q=0.2577, block_size=7
  SSC-Block-TV-Col21 trial 2: mean ARI=0.4395  n=48  43.1s  lambda_e=0.1866, lambda_z=0.3833, gamma_q=0.05628, block_size=11
  SSC-Block-TV-Col21 trial 3: mean ARI=0.3494  n=48  43.2s  lambda_e=7.78, lambda_z=0.03418, gamma_q=1.469, block_size=7
  SSC-Block-TV-Col21 trial 4: mean ARI=0.4993  n=48  46.5s  lambda_e=0.506, lambda_z=5.039, gamma_q=0.001924, block_size=2
  SSC-Block-TV-Col21 trial 5: mean ARI=0.3464  n=48  43.0s  lambda_e=0.0115, lambda_z=2.14, gamma_q=1.296, block_size=11
  SSC-Block-TV-Col21 trial 6: mean ARI=0.4066  n=48  41.0s  lambda_e=8.627, lambda_z=1.573, gamma_q=0.07013, block_size=10
  SSC-Block-TV-Col21 trial 7: mean ARI=0.5371  n=48  39.7s  lambda_e=0.02264, lambda_z=0.3628, gamma_q=0.003745, block_size=12
  SSC-Block-TV-Col21 trial 8: mean ARI=0.5308  n=48  39.8s  lambda_e=0.3677, lambda_z=0.04557, gamma_q=0.01143, block_size=10
  SSC-Block-TV-Col21 trial 9: mean ARI=0.4689  n=48  39.9s  lambda_e=0.2336, lambda_z=0.1878, gamma_q=0.001189, block_size=8
  SSC-Block-TV-Col21 trial 10: mean ARI=0.5083  n=48  43.4s  lambda_e=0.01151, lambda_z=0.001661, gamma_q=6.473, block_size=2
  SSC-Block-TV-Col21 trial 11: mean ARI=0.5252  n=48  39.5s  lambda_e=0.06092, lambda_z=0.01492, gamma_q=0.01117, block_size=12
  SSC-Block-TV-Col21 trial 12: mean ARI=0.5793  n=48  39.7s  lambda_e=0.05731, lambda_z=0.01131, gamma_q=0.007917, block_size=9
  SSC-Block-TV-Col21 trial 13: mean ARI=0.5302  n=48  39.8s  lambda_e=0.04664, lambda_z=0.003515, gamma_q=0.006623, block_size=9
  SSC-Block-TV-Col21 trial 14: mean ARI=0.5854  n=48  41.7s  lambda_e=0.04355, lambda_z=0.005487, gamma_q=0.005404, block_size=12
  SSC-Block-TV-Col21 trial 15: mean ARI=0.4474  n=48  43.0s  lambda_e=0.07339, lambda_z=0.00694, gamma_q=0.01881, block_size=5
  SSC-Block-TV-Col21 trial 16: mean ARI=0.4461  n=48  41.7s  lambda_e=0.1275, lambda_z=0.00104, gamma_q=0.02235, block_size=9
  SSC-Block-TV-Col21 trial 17: mean ARI=0.6661  n=48  42.5s  lambda_e=0.0337, lambda_z=0.01032, gamma_q=0.003898, block_size=5
  SSC-Block-TV-Col21 trial 18: mean ARI=0.6737  n=48  43.0s  lambda_e=0.02578, lambda_z=0.003479, gamma_q=0.002711, block_size=4
  SSC-Block-TV-Col21 trial 19: mean ARI=0.6638  n=48  42.9s  lambda_e=0.02418, lambda_z=0.03042, gamma_q=0.002071, block_size=4
  SSC-Block-TV-Col21 trial 20: mean ARI=0.7105  n=48  42.9s  lambda_e=1.323, lambda_z=0.003159, gamma_q=0.001001, block_size=4
  SSC-Block-TV-Col21 trial 21: mean ARI=0.7140  n=48  42.8s  lambda_e=3.23, lambda_z=0.003053, gamma_q=0.001057, block_size=4
  SSC-Block-TV-Col21 trial 22: mean ARI=0.6956  n=48  43.3s  lambda_e=2.536, lambda_z=0.002625, gamma_q=0.001013, block_size=4
  SSC-Block-TV-Col21 trial 23: mean ARI=0.6810  n=48  46.1s  lambda_e=2.833, lambda_z=0.002198, gamma_q=0.001035, block_size=3
  SSC-Block-TV-Col21 trial 24: mean ARI=0.6602  n=48  43.6s  lambda_e=2.034, lambda_z=0.001618, gamma_q=0.001194, block_size=6
  SSC-Block-TV-Col21 trial 25: mean ARI=0.6849  n=48  45.0s  lambda_e=3.55, lambda_z=0.003697, gamma_q=0.002112, block_size=3
  SSC-Block-TV-Col21 trial 26: mean ARI=0.6806  n=48  43.5s  lambda_e=1.153, lambda_z=0.02503, gamma_q=0.001033, block_size=4
  SSC-Block-TV-Col21 trial 27: mean ARI=0.5011  n=48  43.8s  lambda_e=5.147, lambda_z=0.001031, gamma_q=0.003441, block_size=3
  SSC-Block-TV-Col21 trial 28: mean ARI=0.7149  n=48  42.6s  lambda_e=1.345, lambda_z=0.006331, gamma_q=0.001804, block_size=6
  SSC-Block-TV-Col21 trial 29: mean ARI=0.4265  n=48  42.0s  lambda_e=0.8714, lambda_z=0.006684, gamma_q=0.02216, block_size=6
  SSC-Block-TV-Col21 trial 30: mean ARI=0.6789  n=48  42.0s  lambda_e=1.248, lambda_z=0.01643, gamma_q=0.002381, block_size=6
  SSC-Block-TV-Col21 trial 31: mean ARI=0.5959  n=48  43.4s  lambda_e=1.93, lambda_z=0.07144, gamma_q=0.001709, block_size=5
  SSC-Block-TV-Col21 trial 32: mean ARI=0.5796  n=48  44.6s  lambda_e=0.6886, lambda_z=0.002769, gamma_q=0.004524, block_size=4
  SSC-Block-TV-Col21 trial 33: mean ARI=0.7175  n=48  42.2s  lambda_e=1.972, lambda_z=0.006018, gamma_q=0.001619, block_size=7
  SSC-Block-TV-Col21 trial 34: mean ARI=0.5491  n=48  41.1s  lambda_e=5.271, lambda_z=0.006637, gamma_q=0.008258, block_size=7
  SSC-Block-TV-Col21 trial 35: mean ARI=0.3764  n=48  41.1s  lambda_e=1.565, lambda_z=0.01804, gamma_q=0.2346, block_size=7
  SSC-Block-TV-Col21 trial 36: mean ARI=0.6980  n=48  40.2s  lambda_e=4.107, lambda_z=0.009336, gamma_q=0.001784, block_size=8
  SSC-Block-TV-Col21 trial 37: mean ARI=0.6805  n=48  40.7s  lambda_e=0.5732, lambda_z=0.004242, gamma_q=0.002684, block_size=5
  SSC-Block-TV-Col21 trial 38: mean ARI=0.5978  n=48  40.3s  lambda_e=0.884, lambda_z=0.06195, gamma_q=0.001623, block_size=6
  SSC-Block-TV-Col21 trial 39: mean ARI=0.4613  n=48  39.9s  lambda_e=7.262, lambda_z=0.001727, gamma_q=0.01433, block_size=8
    best mean ARI=0.7175  tune 1691.6s  lambda_e=1.972, lambda_z=0.006018, gamma_q=0.001619, block_size=7
  wrote /nfs/turbo/umms-minjilab/lpullela/icassp_ssc_tv2/block_ssc_benchmark/cv/params/surveillance/split_k8_sigmas_min30_trials20_params_knownk_cv_ssc_block_tv_col21_k8_sigma0p5_sigma0.5_fold2.json

=== P1E_S1_C1 train[0] k=8  dim=576  frames=379  σ=0.5  fold=2 ===
  SSC-Block-TV-Col21: k_hat=8  ACC=0.8470  NMI=0.9101  ARI=0.8321  0.9s

=== P1E_S1_C1 train[1] k=8  dim=576  frames=410  σ=0.5  fold=2 ===
  SSC-Block-TV-Col21: k_hat=8  ACC=0.6634  NMI=0.8494  ARI=0.6569  1.0s

=== P1E_S1_C2 train[0] k=8  dim=576  frames=325  σ=0.5  fold=2 ===
  SSC-Block-TV-Col21: k_hat=8  ACC=0.8615  NMI=0.8737  ARI=0.7534  0.7s

=== P1E_S1_C2 train[1] k=8  dim=576  frames=339  σ=0.5  fold=2 ===
  SSC-Block-TV-Col21: k_hat=8  ACC=0.6667  NMI=0.8389  ARI=0.6691  0.7s

=== P1E_S1_C3 train[0] k=8  dim=576  frames=148  σ=0.5  fold=2 ===
  SSC-Block-TV-Col21: k_hat=8  ACC=0.6757  NMI=0.8201  ARI=0.6118  0.2s

=== P1E_S1_C3 train[1] k=8  dim=576  frames=132  σ=0.5  fold=2 ===
  SSC-Block-TV-Col21: k_hat=8  ACC=0.6742  NMI=0.7673  ARI=0.5673  0.1s

=== P1E_S2_C1 train[0] k=8  dim=576  frames=409  σ=0.5  fold=2 ===
  SSC-Block-TV-Col21: k_hat=8  ACC=0.7946  NMI=0.8799  ARI=0.7597  1.0s

=== P1E_S2_C1 train[1] k=8  dim=576  frames=426  σ=0.5  fold=2 ===
  SSC-Block-TV-Col21: k_hat=8  ACC=0.5962  NMI=0.7969  ARI=0.5343  1.1s

=== P1E_S2_C2 train[0] k=8  dim=576  frames=333  σ=0.5  fold=2 ===
  SSC-Block-TV-Col21: k_hat=8  ACC=0.8799  NMI=0.8662  ARI=0.7563  0.7s

=== P1E_S2_C2 train[1] k=8  dim=576  frames=348  σ=0.5  fold=2 ===
  SSC-Block-TV-Col21: k_hat=8  ACC=0.7874  NMI=0.8370  ARI=0.6929  0.7s

=== P1E_S2_C3 train[0] k=8  dim=576  frames=259  σ=0.5  fold=2 ===
  SSC-Block-TV-Col21: k_hat=8  ACC=0.9382  NMI=0.9261  ARI=0.8603  0.4s

=== P1E_S2_C3 train[1] k=8  dim=576  frames=278  σ=0.5  fold=2 ===
  SSC-Block-TV-Col21: k_hat=8  ACC=0.7158  NMI=0.7914  ARI=0.5980  0.5s

=== P1E_S3_C1 train[0] k=8  dim=576  frames=385  σ=0.5  fold=2 ===
  SSC-Block-TV-Col21: k_hat=8  ACC=0.6597  NMI=0.8094  ARI=0.6351  0.9s

=== P1E_S3_C1 train[1] k=8  dim=576  frames=427  σ=0.5  fold=2 ===
  SSC-Block-TV-Col21: k_hat=8  ACC=0.6042  NMI=0.7768  ARI=0.5712  1.1s

=== P1E_S3_C2 train[0] k=8  dim=576  frames=331  σ=0.5  fold=2 ===
  SSC-Block-TV-Col21: k_hat=8  ACC=0.6073  NMI=0.8220  ARI=0.6092  0.7s

=== P1E_S3_C2 train[1] k=8  dim=576  frames=428  σ=0.5  fold=2 ===
  SSC-Block-TV-Col21: k_hat=8  ACC=0.6893  NMI=0.7823  ARI=0.6163  1.1s

=== P1E_S3_C3 train[0] k=8  dim=576  frames=243  σ=0.5  fold=2 ===
  SSC-Block-TV-Col21: k_hat=8  ACC=0.9794  NMI=0.9653  ARI=0.9472  0.4s

=== P1E_S3_C3 train[1] k=8  dim=576  frames=319  σ=0.5  fold=2 ===
  SSC-Block-TV-Col21: k_hat=8  ACC=0.7994  NMI=0.8909  ARI=0.7522  0.6s

=== P1E_S4_C1 train[0] k=8  dim=576  frames=363  σ=0.5  fold=2 ===
  SSC-Block-TV-Col21: k_hat=8  ACC=0.7052  NMI=0.8317  ARI=0.6474  0.8s

=== P1E_S4_C1 train[1] k=8  dim=576  frames=465  σ=0.5  fold=2 ===
  SSC-Block-TV-Col21: k_hat=8  ACC=0.6989  NMI=0.8513  ARI=0.6181  1.3s

=== P1E_S4_C2 train[0] k=8  dim=576  frames=317  σ=0.5  fold=2 ===
  SSC-Block-TV-Col21: k_hat=8  ACC=0.9274  NMI=0.9034  ARI=0.8449  0.6s

=== P1E_S4_C2 train[1] k=8  dim=576  frames=363  σ=0.5  fold=2 ===
  SSC-Block-TV-Col21: k_hat=8  ACC=0.8347  NMI=0.9039  ARI=0.8279  0.8s

=== P1E_S4_C3 train[0] k=8  dim=576  frames=214  σ=0.5  fold=2 ===
  SSC-Block-TV-Col21: k_hat=8  ACC=0.9159  NMI=0.8883  ARI=0.8293  0.3s

=== P1E_S4_C3 train[1] k=8  dim=576  frames=245  σ=0.5  fold=2 ===
  SSC-Block-TV-Col21: k_hat=8  ACC=0.6204  NMI=0.7360  ARI=0.4619  0.4s

=== P1L_S1_C1 train[0] k=8  dim=576  frames=422  σ=0.5  fold=2 ===
  SSC-Block-TV-Col21: k_hat=8  ACC=0.8673  NMI=0.9294  ARI=0.8489  1.0s

=== P1L_S1_C1 train[1] k=8  dim=576  frames=503  σ=0.5  fold=2 ===
  SSC-Block-TV-Col21: k_hat=8  ACC=0.8032  NMI=0.8810  ARI=0.7463  1.5s

=== P1L_S1_C2 train[0] k=8  dim=576  frames=414  σ=0.5  fold=2 ===
  SSC-Block-TV-Col21: k_hat=8  ACC=0.8188  NMI=0.9003  ARI=0.7931  1.0s

=== P1L_S1_C2 train[1] k=8  dim=576  frames=423  σ=0.5  fold=2 ===
  SSC-Block-TV-Col21: k_hat=8  ACC=0.7730  NMI=0.8297  ARI=0.6807  1.1s

=== P1L_S1_C3 train[0] k=8  dim=576  frames=168  σ=0.5  fold=2 ===
  SSC-Block-TV-Col21: k_hat=8  ACC=0.8214  NMI=0.9211  ARI=0.8002  0.2s

=== P1L_S1_C3 train[1] k=8  dim=576  frames=195  σ=0.5  fold=2 ===
  SSC-Block-TV-Col21: k_hat=8  ACC=0.7538  NMI=0.8353  ARI=0.6455  0.3s

=== P1L_S2_C1 train[0] k=8  dim=576  frames=507  σ=0.5  fold=2 ===
  SSC-Block-TV-Col21: k_hat=8  ACC=0.8146  NMI=0.8852  ARI=0.7662  1.5s

=== P1L_S2_C1 train[1] k=8  dim=576  frames=486  σ=0.5  fold=2 ===
  SSC-Block-TV-Col21: k_hat=8  ACC=0.7593  NMI=0.8312  ARI=0.6912  1.4s

=== P1L_S2_C2 train[0] k=8  dim=576  frames=453  σ=0.5  fold=2 ===
  SSC-Block-TV-Col21: k_hat=8  ACC=0.7837  NMI=0.8556  ARI=0.7379  1.2s

=== P1L_S2_C2 train[1] k=8  dim=576  frames=470  σ=0.5  fold=2 ===
  SSC-Block-TV-Col21: k_hat=8  ACC=0.9085  NMI=0.8977  ARI=0.8337  1.3s

=== P1L_S2_C3 train[0] k=8  dim=576  frames=275  σ=0.5  fold=2 ===
  SSC-Block-TV-Col21: k_hat=8  ACC=0.8545  NMI=0.8899  ARI=0.7451  0.5s

=== P1L_S2_C3 train[1] k=8  dim=576  frames=302  σ=0.5  fold=2 ===
  SSC-Block-TV-Col21: k_hat=8  ACC=0.7152  NMI=0.8476  ARI=0.6979  0.6s

=== P1L_S3_C1 train[0] k=8  dim=576  frames=394  σ=0.5  fold=2 ===
  SSC-Block-TV-Col21: k_hat=8  ACC=0.7462  NMI=0.8272  ARI=0.6521  0.9s

=== P1L_S3_C1 train[1] k=8  dim=576  frames=447  σ=0.5  fold=2 ===
  SSC-Block-TV-Col21: k_hat=8  ACC=0.7539  NMI=0.8197  ARI=0.6764  1.2s

=== P1L_S3_C2 train[0] k=8  dim=576  frames=427  σ=0.5  fold=2 ===
  SSC-Block-TV-Col21: k_hat=8  ACC=0.7635  NMI=0.8838  ARI=0.7390  1.1s

=== P1L_S3_C2 train[1] k=8  dim=576  frames=498  σ=0.5  fold=2 ===
  SSC-Block-TV-Col21: k_hat=8  ACC=0.7169  NMI=0.8132  ARI=0.6489  1.4s

=== P1L_S3_C3 train[0] k=8  dim=576  frames=348  σ=0.5  fold=2 ===
  SSC-Block-TV-Col21: k_hat=8  ACC=0.8190  NMI=0.8834  ARI=0.7668  0.7s

=== P1L_S3_C3 train[1] k=8  dim=576  frames=354  σ=0.5  fold=2 ===
  SSC-Block-TV-Col21: k_hat=8  ACC=0.6667  NMI=0.7670  ARI=0.5697  0.8s

=== P1L_S4_C1 train[0] k=8  dim=576  frames=441  σ=0.5  fold=2 ===
  SSC-Block-TV-Col21: k_hat=8  ACC=0.8526  NMI=0.9033  ARI=0.8119  1.2s

=== P1L_S4_C1 train[1] k=8  dim=576  frames=436  σ=0.5  fold=2 ===
  SSC-Block-TV-Col21: k_hat=8  ACC=0.8372  NMI=0.9242  ARI=0.8160  1.1s

=== P1L_S4_C2 train[0] k=8  dim=576  frames=410  σ=0.5  fold=2 ===
  SSC-Block-TV-Col21: k_hat=8  ACC=0.8000  NMI=0.8754  ARI=0.7456  1.0s

=== P1L_S4_C2 train[1] k=8  dim=576  frames=444  σ=0.5  fold=2 ===
  SSC-Block-TV-Col21: k_hat=8  ACC=0.9212  NMI=0.8983  ARI=0.8541  1.2s

=== P1L_S4_C3 train[0] k=8  dim=576  frames=258  σ=0.5  fold=2 ===
  SSC-Block-TV-Col21: k_hat=8  ACC=0.8837  NMI=0.9286  ARI=0.8041  0.4s

=== P1L_S4_C3 train[1] k=8  dim=576  frames=299  σ=0.5  fold=2 ===
  SSC-Block-TV-Col21: k_hat=8  ACC=0.7458  NMI=0.8446  ARI=0.7164  0.6s

=== P1E_S1_C1 test[0] k=8  dim=576  frames=399  σ=0.5  fold=2 ===
  SSC-Block-TV-Col21: k_hat=8  ACC=0.6992  NMI=0.8227  ARI=0.6508  1.0s

=== P1E_S1_C2 test[0] k=8  dim=576  frames=331  σ=0.5  fold=2 ===
  SSC-Block-TV-Col21: k_hat=8  ACC=0.7795  NMI=0.8572  ARI=0.6810  0.7s

=== P1E_S1_C3 test[0] k=8  dim=576  frames=154  σ=0.5  fold=2 ===
  SSC-Block-TV-Col21: k_hat=8  ACC=0.7857  NMI=0.8187  ARI=0.6674  0.2s

=== P1E_S2_C1 test[0] k=8  dim=576  frames=386  σ=0.5  fold=2 ===
  SSC-Block-TV-Col21: k_hat=8  ACC=0.6917  NMI=0.7992  ARI=0.5960  0.9s

=== P1E_S2_C2 test[0] k=8  dim=576  frames=320  σ=0.5  fold=2 ===
  SSC-Block-TV-Col21: k_hat=8  ACC=0.6625  NMI=0.7643  ARI=0.5523  0.6s

=== P1E_S2_C3 test[0] k=8  dim=576  frames=246  σ=0.5  fold=2 ===
  SSC-Block-TV-Col21: k_hat=8  ACC=0.7886  NMI=0.8360  ARI=0.6966  0.4s

=== P1E_S3_C1 test[0] k=8  dim=576  frames=395  σ=0.5  fold=2 ===
  SSC-Block-TV-Col21: k_hat=8  ACC=0.7266  NMI=0.7983  ARI=0.6201  0.9s

=== P1E_S3_C2 test[0] k=8  dim=576  frames=324  σ=0.5  fold=2 ===
  SSC-Block-TV-Col21: k_hat=8  ACC=0.6914  NMI=0.7852  ARI=0.5928  0.6s

=== P1E_S3_C3 test[0] k=8  dim=576  frames=265  σ=0.5  fold=2 ===
  SSC-Block-TV-Col21: k_hat=8  ACC=0.8151  NMI=0.8847  ARI=0.7960  0.4s

=== P1E_S4_C1 test[0] k=8  dim=576  frames=379  σ=0.5  fold=2 ===
  SSC-Block-TV-Col21: k_hat=8  ACC=0.8654  NMI=0.8647  ARI=0.7684  0.9s

=== P1E_S4_C2 test[0] k=8  dim=576  frames=335  σ=0.5  fold=2 ===
  SSC-Block-TV-Col21: k_hat=8  ACC=0.7701  NMI=0.8011  ARI=0.6326  0.7s

=== P1E_S4_C3 test[0] k=8  dim=576  frames=233  σ=0.5  fold=2 ===
  SSC-Block-TV-Col21: k_hat=8  ACC=0.6953  NMI=0.7851  ARI=0.6098  0.3s

=== P1L_S1_C1 test[0] k=8  dim=576  frames=399  σ=0.5  fold=2 ===
  SSC-Block-TV-Col21: k_hat=8  ACC=0.8346  NMI=0.8718  ARI=0.7715  0.9s

=== P1L_S1_C2 test[0] k=8  dim=576  frames=406  σ=0.5  fold=2 ===
  SSC-Block-TV-Col21: k_hat=8  ACC=0.7857  NMI=0.8118  ARI=0.6086  1.0s

=== P1L_S1_C3 test[0] k=8  dim=576  frames=179  σ=0.5  fold=2 ===
  SSC-Block-TV-Col21: k_hat=8  ACC=0.8045  NMI=0.8688  ARI=0.7527  0.2s

=== P1L_S2_C1 test[0] k=8  dim=576  frames=429  σ=0.5  fold=2 ===
  SSC-Block-TV-Col21: k_hat=8  ACC=0.7716  NMI=0.8460  ARI=0.7057  1.1s

=== P1L_S2_C2 test[0] k=8  dim=576  frames=432  σ=0.5  fold=2 ===
  SSC-Block-TV-Col21: k_hat=8  ACC=0.7593  NMI=0.8452  ARI=0.7241  1.1s

=== P1L_S2_C3 test[0] k=8  dim=576  frames=288  σ=0.5  fold=2 ===
  SSC-Block-TV-Col21: k_hat=8  ACC=0.7778  NMI=0.8480  ARI=0.7050  0.5s

=== P1L_S3_C1 test[0] k=8  dim=576  frames=417  σ=0.5  fold=2 ===
  SSC-Block-TV-Col21: k_hat=8  ACC=0.6930  NMI=0.8330  ARI=0.5974  1.1s

=== P1L_S3_C2 test[0] k=8  dim=576  frames=480  σ=0.5  fold=2 ===
  SSC-Block-TV-Col21: k_hat=8  ACC=0.7375  NMI=0.7919  ARI=0.6124  1.4s

=== P1L_S3_C3 test[0] k=8  dim=576  frames=349  σ=0.5  fold=2 ===
  SSC-Block-TV-Col21: k_hat=8  ACC=0.8223  NMI=0.8205  ARI=0.6771  0.8s

=== P1L_S4_C1 test[0] k=8  dim=576  frames=497  σ=0.5  fold=2 ===
  SSC-Block-TV-Col21: k_hat=8  ACC=0.6821  NMI=0.8187  ARI=0.6297  1.5s

=== P1L_S4_C2 test[0] k=8  dim=576  frames=423  σ=0.5  fold=2 ===
  SSC-Block-TV-Col21: k_hat=8  ACC=0.8747  NMI=0.8705  ARI=0.7717  1.1s

=== P1L_S4_C3 test[0] k=8  dim=576  frames=284  σ=0.5  fold=2 ===
  SSC-Block-TV-Col21: k_hat=8  ACC=0.8099  NMI=0.8665  ARI=0.7497  0.5s

=== inference time per method ===
  SSC-Block-TV-Col21: mean=0.8698s  std=0.3691s  total=187.9s  n=216
wrote /nfs/turbo/umms-minjilab/lpullela/icassp_ssc_tv2/block_ssc_benchmark/cv/results/surveillance/split_k8_sigmas_min30_trials20_knownk_cv_ssc_block_tv_col21_k8_sigma0p5_timing.json

=== mean over matrices ===
  SSC-Block-TV-Col21 train σ=0.5: ACC=0.7778  NMI=0.8494  ARI=0.7107  n=144
  SSC-Block-TV-Col21 test σ=0.5: ACC=0.7705  NMI=0.8429  ARI=0.6948  n=72

wrote /nfs/turbo/umms-minjilab/lpullela/icassp_ssc_tv2/block_ssc_benchmark/cv/results/surveillance/split_k8_sigmas_min30_trials20_knownk_cv_ssc_block_tv_col21_k8_sigma0p5.csv
end=Sat Sep  5 20:46:30 EDT 2026
Experiment completed!
