========================================
Job: cv_tkss_k12_s0p5
Method: TKSS  k: 12  sigma: 0.5
========================================
host=gl3045.arc-ts.umich.edu  python=/home/lpullela/miniconda3/envs/ssc_559/bin/python  start=Sat Sep  5 19:18:24 EDT 2026
Loading P1E_S1_C1
  Y: (576, 1236)  people=25  frames/person=[60, 61, 50, 48, 51, 35, 41, 56, 55, 49, 65, 50, 63, 38, 61, 48, 50, 49, 50, 30, 42, 60, 32, 39, 53]  min=30
Loading P1E_S1_C2
  Y: (576, 1031)  people=25  frames/person=[42, 48, 31, 35, 50, 45, 30, 32, 38, 40, 61, 41, 47, 33, 46, 36, 41, 45, 42, 36, 33, 50, 53, 33, 43]  min=30
Loading P1E_S1_C3
  Y: (576, 453)  people=25  frames/person=[15, 22, 16, 16, 17, 13, 14, 19, 14, 25, 26, 12, 21, 18, 22, 19, 13, 19, 16, 15, 8, 15, 30, 20, 28]  min=8
  warning: 24 people have fewer than 30 available frames (kept all)
Loading P1E_S2_C1
  Y: (576, 1256)  people=25  frames/person=[65, 50, 50, 51, 53, 48, 49, 60, 33, 48, 61, 58, 52, 32, 55, 35, 45, 53, 40, 53, 51, 65, 64, 42, 43]  min=32
Loading P1E_S2_C2
  Y: (576, 1042)  people=25  frames/person=[33, 48, 38, 41, 53, 36, 39, 47, 51, 36, 55, 44, 43, 25, 42, 41, 37, 45, 41, 38, 40, 54, 49, 33, 33]  min=25
  warning: 1 people have fewer than 30 available frames (kept all)
Loading P1E_S2_C3
  Y: (576, 816)  people=25  frames/person=[36, 33, 28, 32, 42, 37, 31, 36, 31, 23, 42, 36, 35, 20, 33, 33, 32, 32, 32, 29, 32, 42, 38, 27, 24]  min=20
  warning: 6 people have fewer than 30 available frames (kept all)
Loading P1E_S3_C1
  Y: (576, 1255)  people=25  frames/person=[43, 39, 47, 52, 58, 96, 42, 31, 79, 33, 67, 55, 44, 34, 40, 48, 54, 77, 45, 41, 46, 53, 56, 38, 37]  min=31
Loading P1E_S3_C2
  Y: (576, 1126)  people=25  frames/person=[57, 56, 35, 40, 49, 75, 34, 40, 70, 26, 65, 54, 43, 28, 32, 43, 48, 31, 36, 33, 42, 71, 57, 30, 31]  min=26
  warning: 2 people have fewer than 30 available frames (kept all)
Loading P1E_S3_C3
  Y: (576, 866)  people=25  frames/person=[43, 36, 24, 33, 37, 47, 29, 37, 55, 18, 40, 40, 31, 22, 30, 39, 35, 45, 30, 28, 30, 50, 42, 20, 25]  min=18
  warning: 7 people have fewer than 30 available frames (kept all)
Loading P1E_S4_C1
  Y: (576, 1247)  people=25  frames/person=[58, 54, 34, 56, 50, 59, 50, 56, 74, 38, 75, 35, 46, 31, 53, 40, 57, 32, 56, 33, 48, 67, 59, 48, 38]  min=31
Loading P1E_S4_C2
  Y: (576, 1051)  people=25  frames/person=[37, 37, 41, 46, 41, 49, 38, 45, 65, 30, 39, 48, 50, 34, 43, 36, 47, 52, 45, 37, 38, 50, 30, 37, 36]  min=30
Loading P1E_S4_C3
  Y: (576, 719)  people=25  frames/person=[28, 29, 22, 29, 24, 36, 31, 29, 33, 25, 37, 19, 28, 21, 25, 27, 25, 41, 27, 29, 26, 31, 45, 29, 23]  min=19
  warning: 18 people have fewer than 30 available frames (kept all)
Loading P1L_S1_C1
  Y: (576, 1391)  people=25  frames/person=[65, 68, 43, 64, 47, 40, 58, 33, 75, 41, 58, 72, 58, 49, 66, 67, 65, 43, 59, 57, 58, 51, 67, 32, 55]  min=32
Loading P1L_S1_C2
  Y: (576, 1309)  people=25  frames/person=[30, 65, 37, 63, 66, 54, 52, 52, 43, 49, 71, 49, 58, 48, 54, 66, 56, 36, 48, 49, 55, 66, 52, 39, 51]  min=30
Loading P1L_S1_C3
  Y: (576, 565)  people=25  frames/person=[27, 29, 20, 26, 19, 25, 22, 12, 28, 25, 20, 25, 23, 18, 21, 23, 25, 26, 23, 21, 18, 18, 30, 18, 23]  min=12
  warning: 24 people have fewer than 30 available frames (kept all)
Loading P1L_S2_C1
  Y: (576, 1470)  people=25  frames/person=[73, 68, 53, 64, 65, 41, 73, 55, 37, 31, 82, 75, 63, 45, 34, 48, 74, 84, 71, 64, 62, 65, 48, 33, 62]  min=31
Loading P1L_S2_C2
  Y: (576, 1393)  people=25  frames/person=[64, 65, 49, 62, 69, 69, 63, 61, 80, 34, 89, 57, 53, 52, 55, 38, 30, 30, 66, 36, 57, 51, 73, 41, 49]  min=30
Loading P1L_S2_C3
  Y: (576, 897)  people=25  frames/person=[40, 36, 29, 28, 35, 37, 36, 36, 50, 28, 55, 46, 34, 31, 35, 32, 30, 48, 37, 29, 36, 39, 45, 19, 26]  min=19
  warning: 6 people have fewer than 30 available frames (kept all)
Loading P1L_S3_C1
  Y: (576, 1329)  people=25  frames/person=[31, 33, 30, 51, 74, 75, 59, 65, 66, 43, 47, 39, 65, 50, 58, 71, 67, 36, 57, 35, 62, 31, 74, 59, 51]  min=30
Loading P1L_S3_C2
  Y: (576, 1472)  people=25  frames/person=[78, 38, 48, 51, 54, 71, 61, 71, 32, 50, 75, 38, 72, 63, 48, 67, 49, 87, 52, 56, 58, 85, 73, 56, 39]  min=32
Loading P1L_S3_C3
  Y: (576, 1105)  people=25  frames/person=[48, 44, 38, 38, 39, 45, 35, 55, 52, 26, 81, 39, 36, 36, 44, 54, 42, 61, 38, 31, 34, 53, 51, 44, 41]  min=26
  warning: 1 people have fewer than 30 available frames (kept all)
Loading P1L_S4_C1
  Y: (576, 1443)  people=25  frames/person=[50, 69, 44, 41, 78, 43, 32, 71, 45, 65, 59, 39, 56, 57, 68, 69, 70, 73, 51, 63, 47, 70, 57, 52, 74]  min=32
Loading P1L_S4_C2
  Y: (576, 1327)  people=25  frames/person=[71, 34, 39, 54, 63, 67, 52, 39, 52, 56, 59, 50, 51, 53, 63, 50, 71, 63, 48, 35, 31, 71, 43, 52, 60]  min=31
Loading P1L_S4_C3
  Y: (576, 880)  people=25  frames/person=[37, 41, 23, 26, 32, 34, 22, 32, 50, 29, 38, 44, 31, 34, 37, 39, 39, 39, 38, 26, 25, 50, 41, 33, 40]  min=22
  warning: 6 people have fewer than 30 available frames (kept all)
sequences=24  people=25  k=12
frames/person ~ Unif[30, 100]
down_hw=24  sigmas=(0.5,)  n_trials=20  known_k=True  csv=split_k12_sigmas_min30_trials20_knownk_cv_tkss_k12_sigma0p5.csv
SSC-Block-TV block_size searched in [2, 12]
CV mode: 2 folds of size 12, each rotated as test
  1 people unused (remainder dropped)
  group 0: ['0004', '0005', '0006', '0009', '0013', '0014', '0019', '0022', '0024', '0025', '0026', '0027']
  group 1: ['0001', '0003', '0007', '0010', '0011', '0012', '0015', '0016', '0017', '0020', '0021', '0023']
methods=['TKSS']  append=False  hetero_noise=False  no_tune=False

============================================================
σ=0.5 fold=0  test=['0004', '0005', '0006', '0009', '0013', '0014', '0019', '0022', '0024', '0025', '0026', '0027']  train mats=24  test mats=24
  --- tune TKSS over 24 train mats  n_trials=30 (3 params) ---
  TKSS trial 0: mean ARI=0.6929  n=24  26.5s  d=5, lam=1, s=2
  TKSS trial 1: mean ARI=0.6916  n=24  39.0s  d=9, lam=1.398, s=4
  TKSS trial 2: mean ARI=0.6903  n=24  18.5s  d=9, lam=0.1866, s=4
  TKSS trial 3: mean ARI=0.6852  n=24  66.8s  d=7, lam=4.735, s=6
  TKSS trial 4: mean ARI=0.6930  n=24  45.0s  d=6, lam=2.372, s=4
  TKSS trial 5: mean ARI=0.6923  n=24  11.4s  d=9, lam=5.981, s=1
  TKSS trial 6: mean ARI=0.6839  n=24  27.2s  d=2, lam=0.0115, s=5
  TKSS trial 7: mean ARI=0.6833  n=24  58.4s  d=12, lam=4.074, s=6
  TKSS trial 8: mean ARI=0.6893  n=24  25.9s  d=12, lam=0.2423, s=5
  TKSS trial 9: mean ARI=0.6922  n=24  39.5s  d=2, lam=0.8313, s=1
  TKSS trial 10: mean ARI=0.6921  n=24  8.7s  d=15, lam=0.01464, s=3
  TKSS trial 11: mean ARI=0.6929  n=24  24.3s  d=5, lam=0.7161, s=2
  TKSS trial 12: mean ARI=0.6932  n=24  19.1s  d=5, lam=0.1998, s=3
  TKSS trial 13: mean ARI=0.6928  n=24  12.6s  d=5, lam=0.07584, s=3
  TKSS trial 14: mean ARI=0.6928  n=24  11.3s  d=4, lam=0.04534, s=4
  TKSS trial 15: mean ARI=0.6737  n=24  89.6s  d=1, lam=0.257, s=3
  TKSS trial 16: mean ARI=0.6927  n=24  57.2s  d=7, lam=1.953, s=5
  TKSS trial 17: mean ARI=0.6926  n=24  10.4s  d=7, lam=0.07868, s=2
  TKSS trial 18: mean ARI=0.6964  n=24  39.1s  d=3, lam=0.5008, s=3
  TKSS trial 19: mean ARI=0.6965  n=24  38.7s  d=3, lam=0.4124, s=3
  TKSS trial 20: mean ARI=0.6946  n=24  32.8s  d=3, lam=0.4525, s=2
  TKSS trial 21: mean ARI=0.6942  n=24  31.1s  d=3, lam=0.4218, s=2
  TKSS trial 22: mean ARI=0.6776  n=24  99.9s  d=1, lam=0.4698, s=3
  TKSS trial 23: mean ARI=0.6938  n=24  16.4s  d=3, lam=0.1161, s=2
  TKSS trial 24: mean ARI=0.6935  n=24  23.6s  d=3, lam=0.4474, s=1
  TKSS trial 25: mean ARI=0.6975  n=24  50.3s  d=2, lam=0.4327, s=3
  TKSS trial 26: mean ARI=0.6247  n=24  59.7s  d=1, lam=0.02455, s=3
  TKSS trial 27: mean ARI=0.6928  n=24  27.3s  d=4, lam=0.1295, s=4
  TKSS trial 28: mean ARI=0.6984  n=24  61.4s  d=2, lam=2.705, s=3
  TKSS trial 29: mean ARI=0.7004  n=24  53.3s  d=2, lam=9.072, s=2
    best mean ARI=0.7004  tune 1125.3s  d=2, lam=9.072, s=2
  wrote /nfs/turbo/umms-minjilab/lpullela/icassp_ssc_tv2/block_ssc_benchmark/cv/params/surveillance/split_k12_sigmas_min30_trials20_params_knownk_cv_tkss_k12_sigma0p5_sigma0.5_fold0.json

=== P1E_S1_C1 train[0] k=12  dim=576  frames=619  σ=0.5  fold=0 ===
  TKSS: k_hat=12  ACC=0.8368  NMI=0.8451  ARI=0.7232  3.9s

=== P1E_S1_C2 train[0] k=12  dim=576  frames=491  σ=0.5  fold=0 ===
  TKSS: k_hat=12  ACC=0.8839  NMI=0.8725  ARI=0.7842  0.7s

=== P1E_S1_C3 train[0] k=12  dim=576  frames=212  σ=0.5  fold=0 ===
  TKSS: k_hat=12  ACC=0.7217  NMI=0.8035  ARI=0.6192  0.2s

=== P1E_S2_C1 train[0] k=12  dim=576  frames=587  σ=0.5  fold=0 ===
  TKSS: k_hat=12  ACC=0.8007  NMI=0.8354  ARI=0.6849  5.0s

=== P1E_S2_C2 train[0] k=12  dim=576  frames=487  σ=0.5  fold=0 ===
  TKSS: k_hat=12  ACC=0.9097  NMI=0.8978  ARI=0.8267  2.8s

=== P1E_S2_C3 train[0] k=12  dim=576  frames=380  σ=0.5  fold=0 ===
  TKSS: k_hat=12  ACC=0.8289  NMI=0.8608  ARI=0.7439  2.1s

=== P1E_S3_C1 train[0] k=12  dim=576  frames=607  σ=0.5  fold=0 ===
  TKSS: k_hat=12  ACC=0.7100  NMI=0.7771  ARI=0.5704  3.4s

=== P1E_S3_C2 train[0] k=12  dim=576  frames=536  σ=0.5  fold=0 ===
  TKSS: k_hat=12  ACC=0.6903  NMI=0.7941  ARI=0.5999  1.8s

=== P1E_S3_C3 train[0] k=12  dim=576  frames=424  σ=0.5  fold=0 ===
  TKSS: k_hat=12  ACC=0.7264  NMI=0.8122  ARI=0.6432  1.4s

=== P1E_S4_C1 train[0] k=12  dim=576  frames=605  σ=0.5  fold=0 ===
  TKSS: k_hat=12  ACC=0.7240  NMI=0.8051  ARI=0.6358  1.7s

=== P1E_S4_C2 train[0] k=12  dim=576  frames=525  σ=0.5  fold=0 ===
  TKSS: k_hat=12  ACC=0.8762  NMI=0.8669  ARI=0.7664  2.3s

=== P1E_S4_C3 train[0] k=12  dim=576  frames=348  σ=0.5  fold=0 ===
  TKSS: k_hat=12  ACC=0.8534  NMI=0.8471  ARI=0.7288  0.8s

=== P1L_S1_C1 train[0] k=12  dim=576  frames=655  σ=0.5  fold=0 ===
  TKSS: k_hat=12  ACC=0.8427  NMI=0.8401  ARI=0.7195  4.2s

=== P1L_S1_C2 train[0] k=12  dim=576  frames=592  σ=0.5  fold=0 ===
  TKSS: k_hat=12  ACC=0.8953  NMI=0.8806  ARI=0.8016  1.6s

=== P1L_S1_C3 train[0] k=12  dim=576  frames=275  σ=0.5  fold=0 ===
  TKSS: k_hat=12  ACC=0.7418  NMI=0.7978  ARI=0.6093  0.3s

=== P1L_S2_C1 train[0] k=12  dim=576  frames=664  σ=0.5  fold=0 ===
  TKSS: k_hat=12  ACC=0.6807  NMI=0.7943  ARI=0.6099  3.7s

=== P1L_S2_C2 train[0] k=12  dim=576  frames=686  σ=0.5  fold=0 ===
  TKSS: k_hat=12  ACC=0.6924  NMI=0.8027  ARI=0.6286  3.0s

=== P1L_S2_C3 train[0] k=12  dim=576  frames=448  σ=0.5  fold=0 ===
  TKSS: k_hat=12  ACC=0.9174  NMI=0.9068  ARI=0.8366  1.5s

=== P1L_S3_C1 train[0] k=12  dim=576  frames=641  σ=0.5  fold=0 ===
  TKSS: k_hat=12  ACC=0.7894  NMI=0.8394  ARI=0.7111  0.9s

=== P1L_S3_C2 train[0] k=12  dim=576  frames=720  σ=0.5  fold=0 ===
  TKSS: k_hat=12  ACC=0.8292  NMI=0.8234  ARI=0.6879  3.0s

=== P1L_S3_C3 train[0] k=12  dim=576  frames=519  σ=0.5  fold=0 ===
  TKSS: k_hat=12  ACC=0.8054  NMI=0.8426  ARI=0.7101  1.9s

=== P1L_S4_C1 train[0] k=12  dim=576  frames=695  σ=0.5  fold=0 ===
  TKSS: k_hat=12  ACC=0.8863  NMI=0.8728  ARI=0.7830  3.1s

=== P1L_S4_C2 train[0] k=12  dim=576  frames=628  σ=0.5  fold=0 ===
  TKSS: k_hat=12  ACC=0.8137  NMI=0.8462  ARI=0.7151  2.2s

=== P1L_S4_C3 train[0] k=12  dim=576  frames=427  σ=0.5  fold=0 ===
  TKSS: k_hat=12  ACC=0.8033  NMI=0.8197  ARI=0.6699  1.7s

=== P1E_S1_C1 test[0] k=12  dim=576  frames=569  σ=0.5  fold=0 ===
  TKSS: k_hat=12  ACC=0.8260  NMI=0.8599  ARI=0.7307  2.5s

=== P1E_S1_C2 test[0] k=12  dim=576  frames=504  σ=0.5  fold=0 ===
  TKSS: k_hat=12  ACC=0.8194  NMI=0.8345  ARI=0.6951  2.7s

=== P1E_S1_C3 test[0] k=12  dim=576  frames=222  σ=0.5  fold=0 ===
  TKSS: k_hat=12  ACC=0.6892  NMI=0.7962  ARI=0.5877  0.1s

=== P1E_S2_C1 test[0] k=12  dim=576  frames=634  σ=0.5  fold=0 ===
  TKSS: k_hat=12  ACC=0.8517  NMI=0.8556  ARI=0.7331  4.4s

=== P1E_S2_C2 test[0] k=12  dim=576  frames=514  σ=0.5  fold=0 ===
  TKSS: k_hat=12  ACC=0.8405  NMI=0.8549  ARI=0.7319  2.2s

=== P1E_S2_C3 test[0] k=12  dim=576  frames=403  σ=0.5  fold=0 ===
  TKSS: k_hat=12  ACC=0.8089  NMI=0.8338  ARI=0.6915  1.1s

=== P1E_S3_C1 test[0] k=12  dim=576  frames=600  σ=0.5  fold=0 ===
  TKSS: k_hat=12  ACC=0.7567  NMI=0.8203  ARI=0.6509  2.5s

=== P1E_S3_C2 test[0] k=12  dim=576  frames=547  σ=0.5  fold=0 ===
  TKSS: k_hat=12  ACC=0.7477  NMI=0.8181  ARI=0.6491  2.4s

=== P1E_S3_C3 test[0] k=12  dim=576  frames=403  σ=0.5  fold=0 ===
  TKSS: k_hat=12  ACC=0.7816  NMI=0.8229  ARI=0.6700  1.1s

=== P1E_S4_C1 test[0] k=12  dim=576  frames=602  σ=0.5  fold=0 ===
  TKSS: k_hat=12  ACC=0.8106  NMI=0.8217  ARI=0.6740  3.4s

=== P1E_S4_C2 test[0] k=12  dim=576  frames=490  σ=0.5  fold=0 ===
  TKSS: k_hat=12  ACC=0.8449  NMI=0.8599  ARI=0.7468  1.7s

=== P1E_S4_C3 test[0] k=12  dim=576  frames=344  σ=0.5  fold=0 ===
  TKSS: k_hat=12  ACC=0.7616  NMI=0.8089  ARI=0.6293  1.0s

=== P1L_S1_C1 test[0] k=12  dim=576  frames=669  σ=0.5  fold=0 ===
  TKSS: k_hat=12  ACC=0.8191  NMI=0.8354  ARI=0.6978  3.3s

=== P1L_S1_C2 test[0] k=12  dim=576  frames=651  σ=0.5  fold=0 ===
  TKSS: k_hat=12  ACC=0.8141  NMI=0.8315  ARI=0.6900  3.7s

=== P1L_S1_C3 test[0] k=12  dim=576  frames=267  σ=0.5  fold=0 ===
  TKSS: k_hat=12  ACC=0.9363  NMI=0.9217  ARI=0.8655  0.3s

=== P1L_S2_C1 test[0] k=12  dim=576  frames=758  σ=0.5  fold=0 ===
  TKSS: k_hat=12  ACC=0.7150  NMI=0.8158  ARI=0.6437  5.9s

=== P1L_S2_C2 test[0] k=12  dim=576  frames=669  σ=0.5  fold=0 ===
  TKSS: k_hat=12  ACC=0.8012  NMI=0.8668  ARI=0.7460  2.9s

=== P1L_S2_C3 test[0] k=12  dim=576  frames=417  σ=0.5  fold=0 ===
  TKSS: k_hat=12  ACC=0.6499  NMI=0.7638  ARI=0.5355  0.3s

=== P1L_S3_C1 test[0] k=12  dim=576  frames=617  σ=0.5  fold=0 ===
  TKSS: k_hat=12  ACC=0.7925  NMI=0.8170  ARI=0.6648  3.1s

=== P1L_S3_C2 test[0] k=12  dim=576  frames=685  σ=0.5  fold=0 ===
  TKSS: k_hat=12  ACC=0.7387  NMI=0.7947  ARI=0.6002  4.5s

=== P1L_S3_C3 test[0] k=12  dim=576  frames=532  σ=0.5  fold=0 ===
  TKSS: k_hat=12  ACC=0.8289  NMI=0.8536  ARI=0.7181  1.5s

=== P1L_S4_C1 test[0] k=12  dim=576  frames=679  σ=0.5  fold=0 ===
  TKSS: k_hat=12  ACC=0.6672  NMI=0.7843  ARI=0.5799  3.0s

=== P1L_S4_C2 test[0] k=12  dim=576  frames=649  σ=0.5  fold=0 ===
  TKSS: k_hat=12  ACC=0.8998  NMI=0.8982  ARI=0.8230  3.7s

=== P1L_S4_C3 test[0] k=12  dim=576  frames=414  σ=0.5  fold=0 ===
  TKSS: k_hat=12  ACC=0.7077  NMI=0.8075  ARI=0.6291  0.5s

============================================================
σ=0.5 fold=1  test=['0001', '0003', '0007', '0010', '0011', '0012', '0015', '0016', '0017', '0020', '0021', '0023']  train mats=24  test mats=24
  --- tune TKSS over 24 train mats  n_trials=30 (3 params) ---
  TKSS trial 0: mean ARI=0.6726  n=24  30.8s  d=5, lam=1, s=2
  TKSS trial 1: mean ARI=0.6710  n=24  45.6s  d=9, lam=1.398, s=4
  TKSS trial 2: mean ARI=0.6704  n=24  21.7s  d=9, lam=0.1866, s=4
  TKSS trial 3: mean ARI=0.6722  n=24  74.2s  d=7, lam=4.735, s=6
  TKSS trial 4: mean ARI=0.6739  n=24  55.5s  d=6, lam=2.372, s=4
  TKSS trial 5: mean ARI=0.6686  n=24  10.3s  d=9, lam=5.981, s=1
  TKSS trial 6: mean ARI=0.6648  n=24  29.5s  d=2, lam=0.0115, s=5
  TKSS trial 7: mean ARI=0.6699  n=24  78.9s  d=12, lam=4.074, s=6
  TKSS trial 8: mean ARI=0.6677  n=24  32.6s  d=12, lam=0.2423, s=5
  TKSS trial 9: mean ARI=0.6726  n=24  43.4s  d=2, lam=0.8313, s=1
  TKSS trial 10: mean ARI=0.6683  n=24  8.9s  d=15, lam=0.01464, s=3
  TKSS trial 11: mean ARI=0.6738  n=24  30.3s  d=5, lam=0.7161, s=2
  TKSS trial 12: mean ARI=0.6723  n=24  28.9s  d=5, lam=0.1998, s=3
  TKSS trial 13: mean ARI=0.6737  n=24  30.3s  d=5, lam=0.5088, s=2
  TKSS trial 14: mean ARI=0.6695  n=24  16.3s  d=4, lam=0.06854, s=3
  TKSS trial 15: mean ARI=0.6799  n=24  117.2s  d=1, lam=2.333, s=2
  TKSS trial 16: mean ARI=0.6945  n=24  123.9s  d=1, lam=2.642, s=4
  TKSS trial 17: mean ARI=0.7047  n=24  135.8s  d=1, lam=8.662, s=5
  TKSS trial 18: mean ARI=0.7047  n=24  133.0s  d=1, lam=7.712, s=5
  TKSS trial 19: mean ARI=0.6767  n=24  73.7s  d=3, lam=8.724, s=5
  TKSS trial 20: mean ARI=0.6737  n=24  73.3s  d=3, lam=9.583, s=6
  TKSS trial 21: mean ARI=0.7043  n=24  122.9s  d=1, lam=2.748, s=5
  TKSS trial 22: mean ARI=0.7034  n=24  130.2s  d=1, lam=3.953, s=5
  TKSS trial 23: mean ARI=0.6766  n=24  73.3s  d=3, lam=9.866, s=5
  TKSS trial 24: mean ARI=0.6795  n=24  81.1s  d=2, lam=1.766, s=6
  TKSS trial 25: mean ARI=0.7058  n=24  134.5s  d=1, lam=5.512, s=5
  TKSS trial 26: mean ARI=0.6810  n=24  57.7s  d=3, lam=5.804, s=4
  TKSS trial 27: mean ARI=0.6761  n=24  83.6s  d=2, lam=6.372, s=6
  TKSS trial 28: mean ARI=0.6760  n=24  66.7s  d=4, lam=3.616, s=5
  TKSS trial 29: mean ARI=0.6921  n=24  116.5s  d=1, lam=1.275, s=4
    best mean ARI=0.7058  tune 2060.8s  d=1, lam=5.512, s=5
  wrote /nfs/turbo/umms-minjilab/lpullela/icassp_ssc_tv2/block_ssc_benchmark/cv/params/surveillance/split_k12_sigmas_min30_trials20_params_knownk_cv_tkss_k12_sigma0p5_sigma0.5_fold1.json

=== P1E_S1_C1 train[0] k=12  dim=576  frames=569  σ=0.5  fold=1 ===
  TKSS: k_hat=12  ACC=0.8190  NMI=0.8623  ARI=0.7465  9.4s

=== P1E_S1_C2 train[0] k=12  dim=576  frames=504  σ=0.5  fold=1 ===
  TKSS: k_hat=12  ACC=0.8948  NMI=0.8960  ARI=0.8265  4.0s

=== P1E_S1_C3 train[0] k=12  dim=576  frames=222  σ=0.5  fold=1 ===
  TKSS: k_hat=12  ACC=0.6982  NMI=0.7976  ARI=0.5973  0.2s

=== P1E_S2_C1 train[0] k=12  dim=576  frames=634  σ=0.5  fold=1 ===
  TKSS: k_hat=12  ACC=0.7634  NMI=0.7587  ARI=0.5880  4.6s

=== P1E_S2_C2 train[0] k=12  dim=576  frames=514  σ=0.5  fold=1 ===
  TKSS: k_hat=12  ACC=0.8288  NMI=0.8416  ARI=0.6961  4.0s

=== P1E_S2_C3 train[0] k=12  dim=576  frames=403  σ=0.5  fold=1 ===
  TKSS: k_hat=12  ACC=0.8834  NMI=0.8851  ARI=0.7754  4.6s

=== P1E_S3_C1 train[0] k=12  dim=576  frames=600  σ=0.5  fold=1 ===
  TKSS: k_hat=12  ACC=0.6267  NMI=0.7463  ARI=0.5241  11.2s

=== P1E_S3_C2 train[0] k=12  dim=576  frames=547  σ=0.5  fold=1 ===
  TKSS: k_hat=12  ACC=0.6856  NMI=0.7464  ARI=0.5224  10.2s

=== P1E_S3_C3 train[0] k=12  dim=576  frames=403  σ=0.5  fold=1 ===
  TKSS: k_hat=12  ACC=0.8189  NMI=0.8542  ARI=0.7420  1.3s

=== P1E_S4_C1 train[0] k=12  dim=576  frames=602  σ=0.5  fold=1 ===
  TKSS: k_hat=12  ACC=0.8306  NMI=0.8368  ARI=0.6841  11.9s

=== P1E_S4_C2 train[0] k=12  dim=576  frames=490  σ=0.5  fold=1 ===
  TKSS: k_hat=12  ACC=0.9143  NMI=0.8956  ARI=0.8257  4.0s

=== P1E_S4_C3 train[0] k=12  dim=576  frames=344  σ=0.5  fold=1 ===
  TKSS: k_hat=12  ACC=0.8401  NMI=0.8505  ARI=0.7163  3.2s

=== P1L_S1_C1 train[0] k=12  dim=576  frames=669  σ=0.5  fold=1 ===
  TKSS: k_hat=12  ACC=0.9223  NMI=0.9148  ARI=0.8617  3.1s

=== P1L_S1_C2 train[0] k=12  dim=576  frames=651  σ=0.5  fold=1 ===
  TKSS: k_hat=12  ACC=0.6697  NMI=0.7455  ARI=0.4915  4.9s

=== P1L_S1_C3 train[0] k=12  dim=576  frames=267  σ=0.5  fold=1 ===
  TKSS: k_hat=12  ACC=0.9363  NMI=0.9200  ARI=0.8636  0.7s

=== P1L_S2_C1 train[0] k=12  dim=576  frames=758  σ=0.5  fold=1 ===
  TKSS: k_hat=12  ACC=0.7546  NMI=0.8518  ARI=0.7245  11.6s

=== P1L_S2_C2 train[0] k=12  dim=576  frames=669  σ=0.5  fold=1 ===
  TKSS: k_hat=12  ACC=0.8206  NMI=0.8673  ARI=0.7436  6.4s

=== P1L_S2_C3 train[0] k=12  dim=576  frames=417  σ=0.5  fold=1 ===
  TKSS: k_hat=12  ACC=0.7938  NMI=0.8563  ARI=0.7037  4.5s

=== P1L_S3_C1 train[0] k=12  dim=576  frames=617  σ=0.5  fold=1 ===
  TKSS: k_hat=12  ACC=0.7618  NMI=0.8171  ARI=0.6479  5.9s

=== P1L_S3_C2 train[0] k=12  dim=576  frames=685  σ=0.5  fold=1 ===
  TKSS: k_hat=12  ACC=0.7299  NMI=0.7662  ARI=0.5653  8.0s

=== P1L_S3_C3 train[0] k=12  dim=576  frames=532  σ=0.5  fold=1 ===
  TKSS: k_hat=12  ACC=0.8195  NMI=0.8725  ARI=0.7412  2.7s

=== P1L_S4_C1 train[0] k=12  dim=576  frames=679  σ=0.5  fold=1 ===
  TKSS: k_hat=12  ACC=0.8012  NMI=0.8759  ARI=0.7694  6.5s

=== P1L_S4_C2 train[0] k=12  dim=576  frames=649  σ=0.5  fold=1 ===
  TKSS: k_hat=12  ACC=0.8968  NMI=0.8973  ARI=0.8086  4.5s

=== P1L_S4_C3 train[0] k=12  dim=576  frames=414  σ=0.5  fold=1 ===
  TKSS: k_hat=12  ACC=0.8237  NMI=0.8938  ARI=0.7743  2.7s

=== P1E_S1_C1 test[0] k=12  dim=576  frames=619  σ=0.5  fold=1 ===
  TKSS: k_hat=12  ACC=0.7108  NMI=0.8167  ARI=0.6344  7.6s

=== P1E_S1_C2 test[0] k=12  dim=576  frames=491  σ=0.5  fold=1 ===
  TKSS: k_hat=12  ACC=0.8595  NMI=0.8486  ARI=0.7326  3.2s

=== P1E_S1_C3 test[0] k=12  dim=576  frames=212  σ=0.5  fold=1 ===
  TKSS: k_hat=12  ACC=0.7406  NMI=0.8170  ARI=0.6431  0.3s

=== P1E_S2_C1 test[0] k=12  dim=576  frames=587  σ=0.5  fold=1 ===
  TKSS: k_hat=12  ACC=0.7308  NMI=0.7975  ARI=0.6132  4.4s

=== P1E_S2_C2 test[0] k=12  dim=576  frames=487  σ=0.5  fold=1 ===
  TKSS: k_hat=12  ACC=0.8912  NMI=0.8766  ARI=0.7932  4.5s

=== P1E_S2_C3 test[0] k=12  dim=576  frames=380  σ=0.5  fold=1 ===
  TKSS: k_hat=12  ACC=0.8605  NMI=0.8877  ARI=0.7961  1.9s

=== P1E_S3_C1 test[0] k=12  dim=576  frames=607  σ=0.5  fold=1 ===
  TKSS: k_hat=12  ACC=0.7759  NMI=0.8033  ARI=0.6289  4.5s

=== P1E_S3_C2 test[0] k=12  dim=576  frames=536  σ=0.5  fold=1 ===
  TKSS: k_hat=12  ACC=0.6754  NMI=0.7843  ARI=0.5679  3.7s

=== P1E_S3_C3 test[0] k=12  dim=576  frames=424  σ=0.5  fold=1 ===
  TKSS: k_hat=12  ACC=0.8349  NMI=0.8934  ARI=0.8043  3.4s

=== P1E_S4_C1 test[0] k=12  dim=576  frames=605  σ=0.5  fold=1 ===
  TKSS: k_hat=12  ACC=0.7207  NMI=0.8292  ARI=0.6589  5.6s

=== P1E_S4_C2 test[0] k=12  dim=576  frames=525  σ=0.5  fold=1 ===
  TKSS: k_hat=12  ACC=0.8838  NMI=0.8685  ARI=0.7795  3.4s

=== P1E_S4_C3 test[0] k=12  dim=576  frames=348  σ=0.5  fold=1 ===
  TKSS: k_hat=12  ACC=0.8879  NMI=0.8772  ARI=0.7778  1.3s

=== P1L_S1_C1 test[0] k=12  dim=576  frames=655  σ=0.5  fold=1 ===
  TKSS: k_hat=12  ACC=0.8916  NMI=0.8877  ARI=0.8080  4.8s

=== P1L_S1_C2 test[0] k=12  dim=576  frames=592  σ=0.5  fold=1 ===
  TKSS: k_hat=12  ACC=0.8176  NMI=0.8494  ARI=0.7260  4.6s

=== P1L_S1_C3 test[0] k=12  dim=576  frames=275  σ=0.5  fold=1 ===
  TKSS: k_hat=12  ACC=0.7782  NMI=0.8209  ARI=0.6707  0.7s

=== P1L_S2_C1 test[0] k=12  dim=576  frames=664  σ=0.5  fold=1 ===
  TKSS: k_hat=12  ACC=0.7651  NMI=0.8180  ARI=0.6681  7.7s

=== P1L_S2_C2 test[0] k=12  dim=576  frames=686  σ=0.5  fold=1 ===
  TKSS: k_hat=12  ACC=0.7041  NMI=0.7915  ARI=0.6102  8.7s

=== P1L_S2_C3 test[0] k=12  dim=576  frames=448  σ=0.5  fold=1 ===
  TKSS: k_hat=12  ACC=0.8839  NMI=0.8859  ARI=0.7830  2.9s

=== P1L_S3_C1 test[0] k=12  dim=576  frames=641  σ=0.5  fold=1 ===
  TKSS: k_hat=12  ACC=0.8159  NMI=0.8438  ARI=0.7336  3.4s

=== P1L_S3_C2 test[0] k=12  dim=576  frames=720  σ=0.5  fold=1 ===
  TKSS: k_hat=12  ACC=0.7042  NMI=0.7278  ARI=0.5274  6.6s

=== P1L_S3_C3 test[0] k=12  dim=576  frames=519  σ=0.5  fold=1 ===
  TKSS: k_hat=12  ACC=0.7938  NMI=0.8029  ARI=0.6314  11.3s

=== P1L_S4_C1 test[0] k=12  dim=576  frames=695  σ=0.5  fold=1 ===
  TKSS: k_hat=12  ACC=0.9324  NMI=0.9158  ARI=0.8620  5.6s

=== P1L_S4_C2 test[0] k=12  dim=576  frames=628  σ=0.5  fold=1 ===
  TKSS: k_hat=12  ACC=0.7994  NMI=0.8210  ARI=0.6667  6.1s

=== P1L_S4_C3 test[0] k=12  dim=576  frames=427  σ=0.5  fold=1 ===
  TKSS: k_hat=12  ACC=0.8806  NMI=0.8768  ARI=0.7915  3.3s

=== inference time per method ===
  TKSS: mean=3.6516s  std=2.6693s  total=350.6s  n=96
wrote /nfs/turbo/umms-minjilab/lpullela/icassp_ssc_tv2/block_ssc_benchmark/cv/results/surveillance/split_k12_sigmas_min30_trials20_knownk_cv_tkss_k12_sigma0p5_timing.json

=== mean over matrices ===
  TKSS train σ=0.5: ACC=0.8040  NMI=0.8403  ARI=0.7031  n=48
  TKSS test σ=0.5: ACC=0.7968  NMI=0.8358  ARI=0.6936  n=48

wrote /nfs/turbo/umms-minjilab/lpullela/icassp_ssc_tv2/block_ssc_benchmark/cv/results/surveillance/split_k12_sigmas_min30_trials20_knownk_cv_tkss_k12_sigma0p5.csv
end=Sat Sep  5 20:18:09 EDT 2026
Experiment completed!
