========================================
Job: cvov_ssc_block_tv_col21_k12_s0p5
Method: SSC-Block-TV-Col21  k: 12  sigma: 0.5  tune_pool_groups: 4
========================================
host=gl3301.arc-ts.umich.edu  python=/home/lpullela/miniconda3/envs/ssc_559/bin/python  start=Sun Sep  6 11:37:52 EDT 2026
Loading P1E_S1_C1
  Y: (576, 1236)  people=25  frames/person=[60, 61, 50, 48, 51, 35, 41, 56, 55, 49, 65, 50, 63, 38, 61, 48, 50, 49, 50, 30, 42, 60, 32, 39, 53]  min=30
Loading P1E_S1_C2
  Y: (576, 1031)  people=25  frames/person=[42, 48, 31, 35, 50, 45, 30, 32, 38, 40, 61, 41, 47, 33, 46, 36, 41, 45, 42, 36, 33, 50, 53, 33, 43]  min=30
Loading P1E_S1_C3
  Y: (576, 453)  people=25  frames/person=[15, 22, 16, 16, 17, 13, 14, 19, 14, 25, 26, 12, 21, 18, 22, 19, 13, 19, 16, 15, 8, 15, 30, 20, 28]  min=8
  warning: 24 people have fewer than 30 available frames (kept all)
Loading P1E_S2_C1
  Y: (576, 1256)  people=25  frames/person=[65, 50, 50, 51, 53, 48, 49, 60, 33, 48, 61, 58, 52, 32, 55, 35, 45, 53, 40, 53, 51, 65, 64, 42, 43]  min=32
Loading P1E_S2_C2
  Y: (576, 1042)  people=25  frames/person=[33, 48, 38, 41, 53, 36, 39, 47, 51, 36, 55, 44, 43, 25, 42, 41, 37, 45, 41, 38, 40, 54, 49, 33, 33]  min=25
  warning: 1 people have fewer than 30 available frames (kept all)
Loading P1E_S2_C3
  Y: (576, 816)  people=25  frames/person=[36, 33, 28, 32, 42, 37, 31, 36, 31, 23, 42, 36, 35, 20, 33, 33, 32, 32, 32, 29, 32, 42, 38, 27, 24]  min=20
  warning: 6 people have fewer than 30 available frames (kept all)
Loading P1E_S3_C1
  Y: (576, 1255)  people=25  frames/person=[43, 39, 47, 52, 58, 96, 42, 31, 79, 33, 67, 55, 44, 34, 40, 48, 54, 77, 45, 41, 46, 53, 56, 38, 37]  min=31
Loading P1E_S3_C2
  Y: (576, 1126)  people=25  frames/person=[57, 56, 35, 40, 49, 75, 34, 40, 70, 26, 65, 54, 43, 28, 32, 43, 48, 31, 36, 33, 42, 71, 57, 30, 31]  min=26
  warning: 2 people have fewer than 30 available frames (kept all)
Loading P1E_S3_C3
  Y: (576, 866)  people=25  frames/person=[43, 36, 24, 33, 37, 47, 29, 37, 55, 18, 40, 40, 31, 22, 30, 39, 35, 45, 30, 28, 30, 50, 42, 20, 25]  min=18
  warning: 7 people have fewer than 30 available frames (kept all)
Loading P1E_S4_C1
  Y: (576, 1247)  people=25  frames/person=[58, 54, 34, 56, 50, 59, 50, 56, 74, 38, 75, 35, 46, 31, 53, 40, 57, 32, 56, 33, 48, 67, 59, 48, 38]  min=31
Loading P1E_S4_C2
  Y: (576, 1051)  people=25  frames/person=[37, 37, 41, 46, 41, 49, 38, 45, 65, 30, 39, 48, 50, 34, 43, 36, 47, 52, 45, 37, 38, 50, 30, 37, 36]  min=30
Loading P1E_S4_C3
  Y: (576, 719)  people=25  frames/person=[28, 29, 22, 29, 24, 36, 31, 29, 33, 25, 37, 19, 28, 21, 25, 27, 25, 41, 27, 29, 26, 31, 45, 29, 23]  min=19
  warning: 18 people have fewer than 30 available frames (kept all)
Loading P1L_S1_C1
  Y: (576, 1391)  people=25  frames/person=[65, 68, 43, 64, 47, 40, 58, 33, 75, 41, 58, 72, 58, 49, 66, 67, 65, 43, 59, 57, 58, 51, 67, 32, 55]  min=32
Loading P1L_S1_C2
  Y: (576, 1309)  people=25  frames/person=[30, 65, 37, 63, 66, 54, 52, 52, 43, 49, 71, 49, 58, 48, 54, 66, 56, 36, 48, 49, 55, 66, 52, 39, 51]  min=30
Loading P1L_S1_C3
  Y: (576, 565)  people=25  frames/person=[27, 29, 20, 26, 19, 25, 22, 12, 28, 25, 20, 25, 23, 18, 21, 23, 25, 26, 23, 21, 18, 18, 30, 18, 23]  min=12
  warning: 24 people have fewer than 30 available frames (kept all)
Loading P1L_S2_C1
  Y: (576, 1470)  people=25  frames/person=[73, 68, 53, 64, 65, 41, 73, 55, 37, 31, 82, 75, 63, 45, 34, 48, 74, 84, 71, 64, 62, 65, 48, 33, 62]  min=31
Loading P1L_S2_C2
  Y: (576, 1393)  people=25  frames/person=[64, 65, 49, 62, 69, 69, 63, 61, 80, 34, 89, 57, 53, 52, 55, 38, 30, 30, 66, 36, 57, 51, 73, 41, 49]  min=30
Loading P1L_S2_C3
  Y: (576, 897)  people=25  frames/person=[40, 36, 29, 28, 35, 37, 36, 36, 50, 28, 55, 46, 34, 31, 35, 32, 30, 48, 37, 29, 36, 39, 45, 19, 26]  min=19
  warning: 6 people have fewer than 30 available frames (kept all)
Loading P1L_S3_C1
  Y: (576, 1329)  people=25  frames/person=[31, 33, 30, 51, 74, 75, 59, 65, 66, 43, 47, 39, 65, 50, 58, 71, 67, 36, 57, 35, 62, 31, 74, 59, 51]  min=30
Loading P1L_S3_C2
  Y: (576, 1472)  people=25  frames/person=[78, 38, 48, 51, 54, 71, 61, 71, 32, 50, 75, 38, 72, 63, 48, 67, 49, 87, 52, 56, 58, 85, 73, 56, 39]  min=32
Loading P1L_S3_C3
  Y: (576, 1105)  people=25  frames/person=[48, 44, 38, 38, 39, 45, 35, 55, 52, 26, 81, 39, 36, 36, 44, 54, 42, 61, 38, 31, 34, 53, 51, 44, 41]  min=26
  warning: 1 people have fewer than 30 available frames (kept all)
Loading P1L_S4_C1
  Y: (576, 1443)  people=25  frames/person=[50, 69, 44, 41, 78, 43, 32, 71, 45, 65, 59, 39, 56, 57, 68, 69, 70, 73, 51, 63, 47, 70, 57, 52, 74]  min=32
Loading P1L_S4_C2
  Y: (576, 1327)  people=25  frames/person=[71, 34, 39, 54, 63, 67, 52, 39, 52, 56, 59, 50, 51, 53, 63, 50, 71, 63, 48, 35, 31, 71, 43, 52, 60]  min=31
Loading P1L_S4_C3
  Y: (576, 880)  people=25  frames/person=[37, 41, 23, 26, 32, 34, 22, 32, 50, 29, 38, 44, 31, 34, 37, 39, 39, 39, 38, 26, 25, 50, 41, 33, 40]  min=22
  warning: 6 people have fewer than 30 available frames (kept all)
sequences=24  people=25  k=12
frames/person ~ Unif[30, 100]
down_hw=24  sigmas=(0.5,)  n_trials=20  known_k=True  csv=split_k12_sigmas_min30_trials20_knownk_cv_overlap_ssc_block_tv_col21_k12_sigma0p5.csv
SSC-Block-TV block_size searched in [2, 12]
CV mode: 2 folds of size 12, each rotated as test
  1 people unused (remainder dropped)
  group 0: ['0004', '0005', '0006', '0009', '0013', '0014', '0019', '0022', '0024', '0025', '0026', '0027']
  group 1: ['0001', '0003', '0007', '0010', '0011', '0012', '0015', '0016', '0017', '0020', '0021', '0023']
methods=['SSC-Block-TV-Col21']  append=False  hetero_noise=False  no_tune=False
  tune_pool_groups=4: sampling from 13 held-in people (overlap allowed) instead of the 1 fixed partition group(s)

============================================================
σ=0.5 fold=0  test=['0004', '0005', '0006', '0009', '0013', '0014', '0019', '0022', '0024', '0025', '0026', '0027']  train mats=24  test mats=24  tune mats=96
  --- tune SSC-Block-TV-Col21 over 96 train mats  n_trials=40 (4 params) ---
  SSC-Block-TV-Col21 trial 0: mean ARI=0.3852  n=96  206.6s  lambda_e=1, lambda_z=0.1, gamma_q=0.1, block_size=5
  SSC-Block-TV-Col21 trial 1: mean ARI=0.3553  n=96  203.3s  lambda_e=0.443, lambda_z=0.7257, gamma_q=0.2577, block_size=7
  SSC-Block-TV-Col21 trial 2: mean ARI=0.4183  n=96  201.7s  lambda_e=0.1866, lambda_z=0.3833, gamma_q=0.05628, block_size=11
  SSC-Block-TV-Col21 trial 3: mean ARI=0.3858  n=96  203.6s  lambda_e=7.78, lambda_z=0.03418, gamma_q=1.469, block_size=7
  SSC-Block-TV-Col21 trial 4: mean ARI=0.4387  n=96  218.0s  lambda_e=0.506, lambda_z=5.039, gamma_q=0.001924, block_size=2
  SSC-Block-TV-Col21 trial 5: mean ARI=0.3334  n=96  201.8s  lambda_e=0.0115, lambda_z=2.14, gamma_q=1.296, block_size=11
  SSC-Block-TV-Col21 trial 6: mean ARI=0.4315  n=96  201.8s  lambda_e=8.627, lambda_z=1.573, gamma_q=0.07013, block_size=10
  SSC-Block-TV-Col21 trial 7: mean ARI=0.4811  n=96  201.5s  lambda_e=0.02264, lambda_z=0.3628, gamma_q=0.003745, block_size=12
  SSC-Block-TV-Col21 trial 8: mean ARI=0.4817  n=96  201.9s  lambda_e=0.3677, lambda_z=0.04557, gamma_q=0.01143, block_size=10
  SSC-Block-TV-Col21 trial 9: mean ARI=0.4614  n=96  202.9s  lambda_e=0.2336, lambda_z=0.1878, gamma_q=0.001189, block_size=8
  SSC-Block-TV-Col21 trial 10: mean ARI=0.5138  n=96  216.5s  lambda_e=0.0543, lambda_z=0.001491, gamma_q=6.473, block_size=2
  SSC-Block-TV-Col21 trial 11: mean ARI=0.4996  n=96  205.0s  lambda_e=0.06092, lambda_z=0.001182, gamma_q=0.01198, block_size=4
  SSC-Block-TV-Col21 trial 12: mean ARI=0.4873  n=96  217.2s  lambda_e=0.05554, lambda_z=0.001195, gamma_q=5.864, block_size=2
  SSC-Block-TV-Col21 trial 13: mean ARI=0.4984  n=96  205.9s  lambda_e=0.06597, lambda_z=0.001214, gamma_q=0.01622, block_size=4
  SSC-Block-TV-Col21 trial 14: mean ARI=0.4798  n=96  205.8s  lambda_e=0.07277, lambda_z=0.005487, gamma_q=5.637, block_size=4
  SSC-Block-TV-Col21 trial 15: mean ARI=0.4794  n=96  206.3s  lambda_e=0.02861, lambda_z=0.005552, gamma_q=0.3922, block_size=4
  SSC-Block-TV-Col21 trial 16: mean ARI=0.5818  n=96  218.0s  lambda_e=0.1328, lambda_z=0.005801, gamma_q=0.01529, block_size=2
  SSC-Block-TV-Col21 trial 17: mean ARI=0.5709  n=96  217.8s  lambda_e=2.004, lambda_z=0.006378, gamma_q=1.501, block_size=2
  SSC-Block-TV-Col21 trial 18: mean ARI=0.5007  n=96  210.1s  lambda_e=2.449, lambda_z=0.007603, gamma_q=1.14, block_size=3
  SSC-Block-TV-Col21 trial 19: mean ARI=0.4383  n=96  202.2s  lambda_e=3.182, lambda_z=0.01473, gamma_q=0.02584, block_size=6
  SSC-Block-TV-Col21 trial 20: mean ARI=0.5973  n=96  210.1s  lambda_e=1.254, lambda_z=0.01733, gamma_q=0.004865, block_size=3
  SSC-Block-TV-Col21 trial 21: mean ARI=0.6033  n=96  209.5s  lambda_e=1.449, lambda_z=0.01684, gamma_q=0.004121, block_size=3
  SSC-Block-TV-Col21 trial 22: mean ARI=0.5999  n=96  209.4s  lambda_e=0.9954, lambda_z=0.02237, gamma_q=0.004132, block_size=3
  SSC-Block-TV-Col21 trial 23: mean ARI=0.5838  n=96  209.2s  lambda_e=0.9748, lambda_z=0.02113, gamma_q=0.005692, block_size=3
  SSC-Block-TV-Col21 trial 24: mean ARI=0.5095  n=96  203.6s  lambda_e=1.125, lambda_z=0.07218, gamma_q=0.003801, block_size=5
  SSC-Block-TV-Col21 trial 25: mean ARI=0.6382  n=96  210.0s  lambda_e=3.55, lambda_z=0.01868, gamma_q=0.002151, block_size=3
  SSC-Block-TV-Col21 trial 26: mean ARI=0.6910  n=96  203.4s  lambda_e=4.204, lambda_z=0.002493, gamma_q=0.001068, block_size=5
  SSC-Block-TV-Col21 trial 27: mean ARI=0.6929  n=96  204.6s  lambda_e=4.385, lambda_z=0.002727, gamma_q=0.001229, block_size=5
  SSC-Block-TV-Col21 trial 28: mean ARI=0.6863  n=96  203.2s  lambda_e=4.723, lambda_z=0.002673, gamma_q=0.001045, block_size=6
  SSC-Block-TV-Col21 trial 29: mean ARI=0.6696  n=96  202.9s  lambda_e=5.363, lambda_z=0.002368, gamma_q=0.001604, block_size=6
  SSC-Block-TV-Col21 trial 30: mean ARI=0.6901  n=96  202.1s  lambda_e=4.999, lambda_z=0.002877, gamma_q=0.001098, block_size=8
  SSC-Block-TV-Col21 trial 31: mean ARI=0.6844  n=96  201.6s  lambda_e=4.814, lambda_z=0.003364, gamma_q=0.001213, block_size=8
  SSC-Block-TV-Col21 trial 32: mean ARI=0.6884  n=96  199.0s  lambda_e=5.832, lambda_z=0.002629, gamma_q=0.001084, block_size=6
  SSC-Block-TV-Col21 trial 33: mean ARI=0.6439  n=96  196.4s  lambda_e=8.744, lambda_z=0.003223, gamma_q=0.002323, block_size=8
  SSC-Block-TV-Col21 trial 34: mean ARI=0.5462  n=96  196.2s  lambda_e=2.098, lambda_z=0.009103, gamma_q=0.007719, block_size=7
  SSC-Block-TV-Col21 trial 35: mean ARI=0.6508  n=96  198.5s  lambda_e=5.305, lambda_z=0.002682, gamma_q=0.00248, block_size=5
  SSC-Block-TV-Col21 trial 36: mean ARI=0.6727  n=96  195.0s  lambda_e=3.279, lambda_z=0.001714, gamma_q=0.001097, block_size=9
  SSC-Block-TV-Col21 trial 37: mean ARI=0.6519  n=96  196.6s  lambda_e=7.132, lambda_z=0.004151, gamma_q=0.002442, block_size=7
  SSC-Block-TV-Col21 trial 38: mean ARI=0.6301  n=96  197.3s  lambda_e=9.796, lambda_z=0.009731, gamma_q=0.001741, block_size=6
  SSC-Block-TV-Col21 trial 39: mean ARI=0.4997  n=96  198.6s  lambda_e=0.6182, lambda_z=0.001982, gamma_q=0.008161, block_size=5
    best mean ARI=0.6929  tune 8195.2s  lambda_e=4.385, lambda_z=0.002727, gamma_q=0.001229, block_size=5
  wrote /nfs/turbo/umms-minjilab/lpullela/icassp_ssc_tv2/block_ssc_benchmark/cv/params/surveillance/split_k12_sigmas_min30_trials20_params_knownk_cv_overlap_ssc_block_tv_col21_k12_sigma0p5_sigma0.5_fold0.json

=== P1E_S1_C1 train[0] k=12  dim=576  frames=619  σ=0.5  fold=0 ===
  SSC-Block-TV-Col21: k_hat=12  ACC=0.6656  NMI=0.8179  ARI=0.5861  2.6s

=== P1E_S1_C2 train[0] k=12  dim=576  frames=491  σ=0.5  fold=0 ===
  SSC-Block-TV-Col21: k_hat=12  ACC=0.6925  NMI=0.8094  ARI=0.5833  1.7s

=== P1E_S1_C3 train[0] k=12  dim=576  frames=212  σ=0.5  fold=0 ===
  SSC-Block-TV-Col21: k_hat=12  ACC=0.6321  NMI=0.7768  ARI=0.5161  0.4s

=== P1E_S2_C1 train[0] k=12  dim=576  frames=587  σ=0.5  fold=0 ===
  SSC-Block-TV-Col21: k_hat=12  ACC=0.7104  NMI=0.8549  ARI=0.6836  2.4s

=== P1E_S2_C2 train[0] k=12  dim=576  frames=487  σ=0.5  fold=0 ===
  SSC-Block-TV-Col21: k_hat=12  ACC=0.7577  NMI=0.8307  ARI=0.6453  1.7s

=== P1E_S2_C3 train[0] k=12  dim=576  frames=380  σ=0.5  fold=0 ===
  SSC-Block-TV-Col21: k_hat=12  ACC=0.8105  NMI=0.8794  ARI=0.7381  1.0s

=== P1E_S3_C1 train[0] k=12  dim=576  frames=607  σ=0.5  fold=0 ===
  SSC-Block-TV-Col21: k_hat=12  ACC=0.7150  NMI=0.8402  ARI=0.6560  2.6s

=== P1E_S3_C2 train[0] k=12  dim=576  frames=536  σ=0.5  fold=0 ===
  SSC-Block-TV-Col21: k_hat=12  ACC=0.7463  NMI=0.8750  ARI=0.7201  2.0s

=== P1E_S3_C3 train[0] k=12  dim=576  frames=424  σ=0.5  fold=0 ===
  SSC-Block-TV-Col21: k_hat=12  ACC=0.7925  NMI=0.8739  ARI=0.7349  1.2s

=== P1E_S4_C1 train[0] k=12  dim=576  frames=605  σ=0.5  fold=0 ===
  SSC-Block-TV-Col21: k_hat=12  ACC=0.7322  NMI=0.8419  ARI=0.6135  2.6s

=== P1E_S4_C2 train[0] k=12  dim=576  frames=525  σ=0.5  fold=0 ===
  SSC-Block-TV-Col21: k_hat=12  ACC=0.6438  NMI=0.8091  ARI=0.6053  1.9s

=== P1E_S4_C3 train[0] k=12  dim=576  frames=348  σ=0.5  fold=0 ===
  SSC-Block-TV-Col21: k_hat=12  ACC=0.7270  NMI=0.8614  ARI=0.7069  0.9s

=== P1L_S1_C1 train[0] k=12  dim=576  frames=655  σ=0.5  fold=0 ===
  SSC-Block-TV-Col21: k_hat=12  ACC=0.7725  NMI=0.9008  ARI=0.7451  2.9s

=== P1L_S1_C2 train[0] k=12  dim=576  frames=592  σ=0.5  fold=0 ===
  SSC-Block-TV-Col21: k_hat=12  ACC=0.7179  NMI=0.8328  ARI=0.6079  2.4s

=== P1L_S1_C3 train[0] k=12  dim=576  frames=275  σ=0.5  fold=0 ===
  SSC-Block-TV-Col21: k_hat=12  ACC=0.6800  NMI=0.8373  ARI=0.6369  0.6s

=== P1L_S2_C1 train[0] k=12  dim=576  frames=664  σ=0.5  fold=0 ===
  SSC-Block-TV-Col21: k_hat=12  ACC=0.7666  NMI=0.8520  ARI=0.6909  3.0s

=== P1L_S2_C2 train[0] k=12  dim=576  frames=686  σ=0.5  fold=0 ===
  SSC-Block-TV-Col21: k_hat=12  ACC=0.8528  NMI=0.9114  ARI=0.8263  3.3s

=== P1L_S2_C3 train[0] k=12  dim=576  frames=448  σ=0.5  fold=0 ===
  SSC-Block-TV-Col21: k_hat=12  ACC=0.7009  NMI=0.8506  ARI=0.6547  1.4s

=== P1L_S3_C1 train[0] k=12  dim=576  frames=641  σ=0.5  fold=0 ===
  SSC-Block-TV-Col21: k_hat=12  ACC=0.6568  NMI=0.8563  ARI=0.6790  2.8s

=== P1L_S3_C2 train[0] k=12  dim=576  frames=720  σ=0.5  fold=0 ===
  SSC-Block-TV-Col21: k_hat=12  ACC=0.7208  NMI=0.8391  ARI=0.6583  3.5s

=== P1L_S3_C3 train[0] k=12  dim=576  frames=519  σ=0.5  fold=0 ===
  SSC-Block-TV-Col21: k_hat=12  ACC=0.7476  NMI=0.8327  ARI=0.6504  1.8s

=== P1L_S4_C1 train[0] k=12  dim=576  frames=695  σ=0.5  fold=0 ===
  SSC-Block-TV-Col21: k_hat=12  ACC=0.7554  NMI=0.8876  ARI=0.7114  3.4s

=== P1L_S4_C2 train[0] k=12  dim=576  frames=628  σ=0.5  fold=0 ===
  SSC-Block-TV-Col21: k_hat=12  ACC=0.9076  NMI=0.9146  ARI=0.8311  2.7s

=== P1L_S4_C3 train[0] k=12  dim=576  frames=427  σ=0.5  fold=0 ===
  SSC-Block-TV-Col21: k_hat=12  ACC=0.7307  NMI=0.8491  ARI=0.6891  1.3s

=== P1E_S1_C1 test[0] k=12  dim=576  frames=569  σ=0.5  fold=0 ===
  SSC-Block-TV-Col21: k_hat=12  ACC=0.7153  NMI=0.8659  ARI=0.6952  2.2s

=== P1E_S1_C2 test[0] k=12  dim=576  frames=504  σ=0.5  fold=0 ===
  SSC-Block-TV-Col21: k_hat=12  ACC=0.8135  NMI=0.8700  ARI=0.7349  1.7s

=== P1E_S1_C3 test[0] k=12  dim=576  frames=222  σ=0.5  fold=0 ===
  SSC-Block-TV-Col21: k_hat=12  ACC=0.6937  NMI=0.8423  ARI=0.6260  0.4s

=== P1E_S2_C1 test[0] k=12  dim=576  frames=634  σ=0.5  fold=0 ===
  SSC-Block-TV-Col21: k_hat=12  ACC=0.8107  NMI=0.8544  ARI=0.7009  2.8s

=== P1E_S2_C2 test[0] k=12  dim=576  frames=514  σ=0.5  fold=0 ===
  SSC-Block-TV-Col21: k_hat=12  ACC=0.8230  NMI=0.8909  ARI=0.7450  1.8s

=== P1E_S2_C3 test[0] k=12  dim=576  frames=403  σ=0.5  fold=0 ===
  SSC-Block-TV-Col21: k_hat=12  ACC=0.6774  NMI=0.8473  ARI=0.6437  1.1s

=== P1E_S3_C1 test[0] k=12  dim=576  frames=600  σ=0.5  fold=0 ===
  SSC-Block-TV-Col21: k_hat=12  ACC=0.6183  NMI=0.8035  ARI=0.5505  2.4s

=== P1E_S3_C2 test[0] k=12  dim=576  frames=547  σ=0.5  fold=0 ===
  SSC-Block-TV-Col21: k_hat=12  ACC=0.7148  NMI=0.8536  ARI=0.6607  2.1s

=== P1E_S3_C3 test[0] k=12  dim=576  frames=403  σ=0.5  fold=0 ===
  SSC-Block-TV-Col21: k_hat=12  ACC=0.8213  NMI=0.8979  ARI=0.7635  1.1s

=== P1E_S4_C1 test[0] k=12  dim=576  frames=602  σ=0.5  fold=0 ===
  SSC-Block-TV-Col21: k_hat=12  ACC=0.7924  NMI=0.8748  ARI=0.7109  2.5s

=== P1E_S4_C2 test[0] k=12  dim=576  frames=490  σ=0.5  fold=0 ===
  SSC-Block-TV-Col21: k_hat=12  ACC=0.8184  NMI=0.8822  ARI=0.7488  1.6s

=== P1E_S4_C3 test[0] k=12  dim=576  frames=344  σ=0.5  fold=0 ===
  SSC-Block-TV-Col21: k_hat=12  ACC=0.6541  NMI=0.8065  ARI=0.5370  0.9s

=== P1L_S1_C1 test[0] k=12  dim=576  frames=669  σ=0.5  fold=0 ===
  SSC-Block-TV-Col21: k_hat=12  ACC=0.8251  NMI=0.9031  ARI=0.7716  3.1s

=== P1L_S1_C2 test[0] k=12  dim=576  frames=651  σ=0.5  fold=0 ===
  SSC-Block-TV-Col21: k_hat=12  ACC=0.8080  NMI=0.8995  ARI=0.7576  3.0s

=== P1L_S1_C3 test[0] k=12  dim=576  frames=267  σ=0.5  fold=0 ===
  SSC-Block-TV-Col21: k_hat=12  ACC=0.6629  NMI=0.8366  ARI=0.6303  0.6s

=== P1L_S2_C1 test[0] k=12  dim=576  frames=758  σ=0.5  fold=0 ===
  SSC-Block-TV-Col21: k_hat=12  ACC=0.8259  NMI=0.9012  ARI=0.7589  4.0s

=== P1L_S2_C2 test[0] k=12  dim=576  frames=669  σ=0.5  fold=0 ===
  SSC-Block-TV-Col21: k_hat=12  ACC=0.9028  NMI=0.9119  ARI=0.8174  3.1s

=== P1L_S2_C3 test[0] k=12  dim=576  frames=417  σ=0.5  fold=0 ===
  SSC-Block-TV-Col21: k_hat=12  ACC=0.7818  NMI=0.8859  ARI=0.7262  1.3s

=== P1L_S3_C1 test[0] k=12  dim=576  frames=617  σ=0.5  fold=0 ===
  SSC-Block-TV-Col21: k_hat=12  ACC=0.7585  NMI=0.8435  ARI=0.6258  2.6s

=== P1L_S3_C2 test[0] k=12  dim=576  frames=685  σ=0.5  fold=0 ===
  SSC-Block-TV-Col21: k_hat=12  ACC=0.7226  NMI=0.8706  ARI=0.6923  3.3s

=== P1L_S3_C3 test[0] k=12  dim=576  frames=532  σ=0.5  fold=0 ===
  SSC-Block-TV-Col21: k_hat=12  ACC=0.7575  NMI=0.8894  ARI=0.7252  1.9s

=== P1L_S4_C1 test[0] k=12  dim=576  frames=679  σ=0.5  fold=0 ===
  SSC-Block-TV-Col21: k_hat=12  ACC=0.8969  NMI=0.9355  ARI=0.8569  3.2s

=== P1L_S4_C2 test[0] k=12  dim=576  frames=649  σ=0.5  fold=0 ===
  SSC-Block-TV-Col21: k_hat=12  ACC=0.9060  NMI=0.9119  ARI=0.8247  2.9s

=== P1L_S4_C3 test[0] k=12  dim=576  frames=414  σ=0.5  fold=0 ===
  SSC-Block-TV-Col21: k_hat=12  ACC=0.7657  NMI=0.8713  ARI=0.7011  1.2s
  tune_pool_groups=4: sampling from 13 held-in people (overlap allowed) instead of the 1 fixed partition group(s)

============================================================
σ=0.5 fold=1  test=['0001', '0003', '0007', '0010', '0011', '0012', '0015', '0016', '0017', '0020', '0021', '0023']  train mats=24  test mats=24  tune mats=96
  --- tune SSC-Block-TV-Col21 over 96 train mats  n_trials=40 (4 params) ---
  SSC-Block-TV-Col21 trial 0: mean ARI=0.3919  n=96  199.3s  lambda_e=1, lambda_z=0.1, gamma_q=0.1, block_size=5
  SSC-Block-TV-Col21 trial 1: mean ARI=0.3855  n=96  197.2s  lambda_e=0.443, lambda_z=0.7257, gamma_q=0.2577, block_size=7
  SSC-Block-TV-Col21 trial 2: mean ARI=0.4470  n=96  195.4s  lambda_e=0.1866, lambda_z=0.3833, gamma_q=0.05628, block_size=11
  SSC-Block-TV-Col21 trial 3: mean ARI=0.3712  n=96  197.3s  lambda_e=7.78, lambda_z=0.03418, gamma_q=1.469, block_size=7
  SSC-Block-TV-Col21 trial 4: mean ARI=0.4573  n=96  212.6s  lambda_e=0.506, lambda_z=5.039, gamma_q=0.001924, block_size=2
  SSC-Block-TV-Col21 trial 5: mean ARI=0.3598  n=96  195.4s  lambda_e=0.0115, lambda_z=2.14, gamma_q=1.296, block_size=11
  SSC-Block-TV-Col21 trial 6: mean ARI=0.4392  n=96  195.7s  lambda_e=8.627, lambda_z=1.573, gamma_q=0.07013, block_size=10
  SSC-Block-TV-Col21 trial 7: mean ARI=0.5371  n=96  194.6s  lambda_e=0.02264, lambda_z=0.3628, gamma_q=0.003745, block_size=12
  SSC-Block-TV-Col21 trial 8: mean ARI=0.5277  n=96  195.6s  lambda_e=0.3677, lambda_z=0.04557, gamma_q=0.01143, block_size=10
  SSC-Block-TV-Col21 trial 9: mean ARI=0.4703  n=96  196.8s  lambda_e=0.2336, lambda_z=0.1878, gamma_q=0.001189, block_size=8
  SSC-Block-TV-Col21 trial 10: mean ARI=0.5653  n=96  217.2s  lambda_e=0.01151, lambda_z=0.001661, gamma_q=6.473, block_size=2
  SSC-Block-TV-Col21 trial 11: mean ARI=0.5214  n=96  207.6s  lambda_e=0.01211, lambda_z=0.001209, gamma_q=3.489, block_size=4
  SSC-Block-TV-Col21 trial 12: mean ARI=0.5601  n=96  219.0s  lambda_e=0.05163, lambda_z=0.001466, gamma_q=0.007568, block_size=2
  SSC-Block-TV-Col21 trial 13: mean ARI=0.5446  n=96  221.6s  lambda_e=0.04657, lambda_z=0.001223, gamma_q=0.01426, block_size=2
  SSC-Block-TV-Col21 trial 14: mean ARI=0.4994  n=96  201.0s  lambda_e=0.05946, lambda_z=0.005487, gamma_q=5.535, block_size=4
  SSC-Block-TV-Col21 trial 15: mean ARI=0.5340  n=96  203.5s  lambda_e=0.07271, lambda_z=0.006078, gamma_q=0.3561, block_size=3
  SSC-Block-TV-Col21 trial 16: mean ARI=0.4861  n=96  198.2s  lambda_e=0.0268, lambda_z=0.00608, gamma_q=0.01465, block_size=5
  SSC-Block-TV-Col21 trial 17: mean ARI=0.5941  n=96  211.7s  lambda_e=0.09426, lambda_z=0.002775, gamma_q=0.6732, block_size=2
  SSC-Block-TV-Col21 trial 18: mean ARI=0.4472  n=96  199.4s  lambda_e=1.931, lambda_z=0.0175, gamma_q=8.733, block_size=4
  SSC-Block-TV-Col21 trial 19: mean ARI=0.5436  n=96  203.4s  lambda_e=0.1265, lambda_z=0.003652, gamma_q=1.483, block_size=3
  SSC-Block-TV-Col21 trial 20: mean ARI=0.4027  n=96  196.2s  lambda_e=0.02312, lambda_z=0.01733, gamma_q=0.5231, block_size=6
  SSC-Block-TV-Col21 trial 21: mean ARI=0.5921  n=96  211.8s  lambda_e=0.08996, lambda_z=0.003006, gamma_q=3.557, block_size=2
  SSC-Block-TV-Col21 trial 22: mean ARI=0.5536  n=96  204.0s  lambda_e=0.1069, lambda_z=0.002702, gamma_q=2.511, block_size=3
  SSC-Block-TV-Col21 trial 23: mean ARI=0.5657  n=96  211.1s  lambda_e=0.03257, lambda_z=0.0131, gamma_q=9.591, block_size=2
  SSC-Block-TV-Col21 trial 24: mean ARI=0.4890  n=96  203.3s  lambda_e=0.03603, lambda_z=0.01652, gamma_q=0.6111, block_size=3
  SSC-Block-TV-Col21 trial 25: mean ARI=0.5759  n=96  211.0s  lambda_e=0.1006, lambda_z=0.009618, gamma_q=2.643, block_size=2
  SSC-Block-TV-Col21 trial 26: mean ARI=0.4884  n=96  199.2s  lambda_e=0.1139, lambda_z=0.008658, gamma_q=0.8846, block_size=4
  SSC-Block-TV-Col21 trial 27: mean ARI=0.5486  n=96  202.7s  lambda_e=0.2121, lambda_z=0.002963, gamma_q=0.1817, block_size=3
  SSC-Block-TV-Col21 trial 28: mean ARI=0.3942  n=96  196.1s  lambda_e=0.8681, lambda_z=0.03476, gamma_q=3.014, block_size=5
  SSC-Block-TV-Col21 trial 29: mean ARI=0.4845  n=96  196.6s  lambda_e=0.08998, lambda_z=0.002857, gamma_q=0.1278, block_size=5
  SSC-Block-TV-Col21 trial 30: mean ARI=0.5850  n=96  209.8s  lambda_e=1.84, lambda_z=0.008031, gamma_q=2.073, block_size=2
  SSC-Block-TV-Col21 trial 31: mean ARI=0.4553  n=96  209.0s  lambda_e=1.595, lambda_z=0.07051, gamma_q=2.264, block_size=2
  SSC-Block-TV-Col21 trial 32: mean ARI=0.5152  n=96  202.0s  lambda_e=5.126, lambda_z=0.01104, gamma_q=4.26, block_size=3
  SSC-Block-TV-Col21 trial 33: mean ARI=0.5907  n=96  210.0s  lambda_e=0.6559, lambda_z=0.005088, gamma_q=0.8143, block_size=2
  SSC-Block-TV-Col21 trial 34: mean ARI=0.5409  n=96  208.7s  lambda_e=3.467, lambda_z=0.00412, gamma_q=0.2971, block_size=3
  SSC-Block-TV-Col21 trial 35: mean ARI=0.5253  n=96  217.9s  lambda_e=0.751, lambda_z=0.001941, gamma_q=0.7984, block_size=4
  SSC-Block-TV-Col21 trial 36: mean ARI=0.5114  n=96  229.3s  lambda_e=1.504, lambda_z=0.03084, gamma_q=1.322, block_size=2
  SSC-Block-TV-Col21 trial 37: mean ARI=0.5883  n=96  229.1s  lambda_e=2.71, lambda_z=0.005777, gamma_q=0.4794, block_size=2
  SSC-Block-TV-Col21 trial 38: mean ARI=0.5577  n=96  218.4s  lambda_e=3.052, lambda_z=0.00219, gamma_q=0.4007, block_size=3
  SSC-Block-TV-Col21 trial 39: mean ARI=0.5117  n=96  214.2s  lambda_e=0.3271, lambda_z=0.004345, gamma_q=0.04412, block_size=4
    best mean ARI=0.5941  tune 8243.4s  lambda_e=0.09426, lambda_z=0.002775, gamma_q=0.6732, block_size=2
  wrote /nfs/turbo/umms-minjilab/lpullela/icassp_ssc_tv2/block_ssc_benchmark/cv/params/surveillance/split_k12_sigmas_min30_trials20_params_knownk_cv_overlap_ssc_block_tv_col21_k12_sigma0p5_sigma0.5_fold1.json

=== P1E_S1_C1 train[0] k=12  dim=576  frames=569  σ=0.5  fold=1 ===
  SSC-Block-TV-Col21: k_hat=12  ACC=0.6819  NMI=0.8026  ARI=0.5961  2.6s

=== P1E_S1_C2 train[0] k=12  dim=576  frames=504  σ=0.5  fold=1 ===
  SSC-Block-TV-Col21: k_hat=12  ACC=0.6230  NMI=0.7869  ARI=0.5894  1.9s

=== P1E_S1_C3 train[0] k=12  dim=576  frames=222  σ=0.5  fold=1 ===
  SSC-Block-TV-Col21: k_hat=12  ACC=0.5586  NMI=0.7490  ARI=0.4824  0.4s

=== P1E_S2_C1 train[0] k=12  dim=576  frames=634  σ=0.5  fold=1 ===
  SSC-Block-TV-Col21: k_hat=12  ACC=0.7413  NMI=0.8350  ARI=0.6545  3.1s

=== P1E_S2_C2 train[0] k=12  dim=576  frames=514  σ=0.5  fold=1 ===
  SSC-Block-TV-Col21: k_hat=12  ACC=0.6440  NMI=0.8186  ARI=0.6374  2.0s

=== P1E_S2_C3 train[0] k=12  dim=576  frames=403  σ=0.5  fold=1 ===
  SSC-Block-TV-Col21: k_hat=12  ACC=0.6253  NMI=0.8033  ARI=0.6057  1.3s

=== P1E_S3_C1 train[0] k=12  dim=576  frames=600  σ=0.5  fold=1 ===
  SSC-Block-TV-Col21: k_hat=12  ACC=0.7083  NMI=0.8274  ARI=0.6187  2.8s

=== P1E_S3_C2 train[0] k=12  dim=576  frames=547  σ=0.5  fold=1 ===
  SSC-Block-TV-Col21: k_hat=12  ACC=0.6600  NMI=0.8053  ARI=0.6094  2.4s

=== P1E_S3_C3 train[0] k=12  dim=576  frames=403  σ=0.5  fold=1 ===
  SSC-Block-TV-Col21: k_hat=12  ACC=0.5236  NMI=0.7667  ARI=0.5010  1.3s

=== P1E_S4_C1 train[0] k=12  dim=576  frames=602  σ=0.5  fold=1 ===
  SSC-Block-TV-Col21: k_hat=12  ACC=0.6645  NMI=0.7763  ARI=0.5718  2.8s

=== P1E_S4_C2 train[0] k=12  dim=576  frames=490  σ=0.5  fold=1 ===
  SSC-Block-TV-Col21: k_hat=12  ACC=0.5980  NMI=0.7707  ARI=0.5433  1.9s

=== P1E_S4_C3 train[0] k=12  dim=576  frames=344  σ=0.5  fold=1 ===
  SSC-Block-TV-Col21: k_hat=12  ACC=0.6105  NMI=0.7702  ARI=0.5610  1.0s

=== P1L_S1_C1 train[0] k=12  dim=576  frames=669  σ=0.5  fold=1 ===
  SSC-Block-TV-Col21: k_hat=12  ACC=0.6607  NMI=0.7932  ARI=0.5989  3.5s

=== P1L_S1_C2 train[0] k=12  dim=576  frames=651  σ=0.5  fold=1 ===
  SSC-Block-TV-Col21: k_hat=12  ACC=0.6820  NMI=0.7921  ARI=0.5796  3.2s

=== P1L_S1_C3 train[0] k=12  dim=576  frames=267  σ=0.5  fold=1 ===
  SSC-Block-TV-Col21: k_hat=12  ACC=0.4382  NMI=0.7279  ARI=0.4425  0.6s

=== P1L_S2_C1 train[0] k=12  dim=576  frames=758  σ=0.5  fold=1 ===
  SSC-Block-TV-Col21: k_hat=12  ACC=0.7718  NMI=0.8692  ARI=0.6933  4.5s

=== P1L_S2_C2 train[0] k=12  dim=576  frames=669  σ=0.5  fold=1 ===
  SSC-Block-TV-Col21: k_hat=12  ACC=0.6951  NMI=0.8295  ARI=0.6437  3.5s

=== P1L_S2_C3 train[0] k=12  dim=576  frames=417  σ=0.5  fold=1 ===
  SSC-Block-TV-Col21: k_hat=12  ACC=0.6954  NMI=0.8449  ARI=0.6874  1.3s

=== P1L_S3_C1 train[0] k=12  dim=576  frames=617  σ=0.5  fold=1 ===
  SSC-Block-TV-Col21: k_hat=12  ACC=0.6807  NMI=0.7959  ARI=0.5918  2.9s

=== P1L_S3_C2 train[0] k=12  dim=576  frames=685  σ=0.5  fold=1 ===
  SSC-Block-TV-Col21: k_hat=12  ACC=0.6131  NMI=0.8123  ARI=0.6141  3.7s

=== P1L_S3_C3 train[0] k=12  dim=576  frames=532  σ=0.5  fold=1 ===
  SSC-Block-TV-Col21: k_hat=12  ACC=0.6184  NMI=0.7713  ARI=0.5308  2.2s

=== P1L_S4_C1 train[0] k=12  dim=576  frames=679  σ=0.5  fold=1 ===
  SSC-Block-TV-Col21: k_hat=12  ACC=0.8895  NMI=0.8956  ARI=0.8025  3.7s

=== P1L_S4_C2 train[0] k=12  dim=576  frames=649  σ=0.5  fold=1 ===
  SSC-Block-TV-Col21: k_hat=12  ACC=0.6410  NMI=0.7940  ARI=0.5772  3.4s

=== P1L_S4_C3 train[0] k=12  dim=576  frames=414  σ=0.5  fold=1 ===
  SSC-Block-TV-Col21: k_hat=12  ACC=0.6691  NMI=0.8371  ARI=0.6488  1.3s

=== P1E_S1_C1 test[0] k=12  dim=576  frames=619  σ=0.5  fold=1 ===
  SSC-Block-TV-Col21: k_hat=12  ACC=0.7480  NMI=0.8458  ARI=0.6724  3.0s

=== P1E_S1_C2 test[0] k=12  dim=576  frames=491  σ=0.5  fold=1 ===
  SSC-Block-TV-Col21: k_hat=12  ACC=0.5682  NMI=0.7477  ARI=0.4623  1.8s

=== P1E_S1_C3 test[0] k=12  dim=576  frames=212  σ=0.5  fold=1 ===
  SSC-Block-TV-Col21: k_hat=12  ACC=0.1368  NMI=0.2155  ARI=0.0179  0.4s

=== P1E_S2_C1 test[0] k=12  dim=576  frames=587  σ=0.5  fold=1 ===
  SSC-Block-TV-Col21: k_hat=12  ACC=0.6661  NMI=0.8094  ARI=0.6242  2.6s

=== P1E_S2_C2 test[0] k=12  dim=576  frames=487  σ=0.5  fold=1 ===
  SSC-Block-TV-Col21: k_hat=12  ACC=0.6140  NMI=0.7548  ARI=0.5095  1.8s

=== P1E_S2_C3 test[0] k=12  dim=576  frames=380  σ=0.5  fold=1 ===
  SSC-Block-TV-Col21: k_hat=12  ACC=0.5342  NMI=0.7576  ARI=0.4939  1.1s

=== P1E_S3_C1 test[0] k=12  dim=576  frames=607  σ=0.5  fold=1 ===
  SSC-Block-TV-Col21: k_hat=12  ACC=0.6919  NMI=0.8047  ARI=0.6406  3.0s

=== P1E_S3_C2 test[0] k=12  dim=576  frames=536  σ=0.5  fold=1 ===
  SSC-Block-TV-Col21: k_hat=12  ACC=0.6810  NMI=0.7682  ARI=0.5626  2.2s

=== P1E_S3_C3 test[0] k=12  dim=576  frames=424  σ=0.5  fold=1 ===
  SSC-Block-TV-Col21: k_hat=12  ACC=0.5825  NMI=0.7359  ARI=0.5026  1.3s

=== P1E_S4_C1 test[0] k=12  dim=576  frames=605  σ=0.5  fold=1 ===
  SSC-Block-TV-Col21: k_hat=12  ACC=0.6331  NMI=0.7564  ARI=0.5270  2.8s

=== P1E_S4_C2 test[0] k=12  dim=576  frames=525  σ=0.5  fold=1 ===
  SSC-Block-TV-Col21: k_hat=12  ACC=0.6305  NMI=0.7887  ARI=0.5415  2.1s

=== P1E_S4_C3 test[0] k=12  dim=576  frames=348  σ=0.5  fold=1 ===
  SSC-Block-TV-Col21: k_hat=12  ACC=0.5891  NMI=0.7588  ARI=0.4864  0.9s

=== P1L_S1_C1 test[0] k=12  dim=576  frames=655  σ=0.5  fold=1 ===
  SSC-Block-TV-Col21: k_hat=12  ACC=0.7374  NMI=0.8423  ARI=0.6790  3.4s

=== P1L_S1_C2 test[0] k=12  dim=576  frames=592  σ=0.5  fold=1 ===
  SSC-Block-TV-Col21: k_hat=12  ACC=0.5574  NMI=0.7612  ARI=0.5127  2.7s

=== P1L_S1_C3 test[0] k=12  dim=576  frames=275  σ=0.5  fold=1 ===
  SSC-Block-TV-Col21: k_hat=12  ACC=0.1927  NMI=0.3627  ARI=0.0495  0.7s

=== P1L_S2_C1 test[0] k=12  dim=576  frames=664  σ=0.5  fold=1 ===
  SSC-Block-TV-Col21: k_hat=12  ACC=0.6883  NMI=0.8188  ARI=0.6467  3.4s

=== P1L_S2_C2 test[0] k=12  dim=576  frames=686  σ=0.5  fold=1 ===
  SSC-Block-TV-Col21: k_hat=12  ACC=0.7128  NMI=0.8170  ARI=0.6577  3.7s

=== P1L_S2_C3 test[0] k=12  dim=576  frames=448  σ=0.5  fold=1 ===
  SSC-Block-TV-Col21: k_hat=12  ACC=0.6362  NMI=0.7956  ARI=0.5907  1.6s

=== P1L_S3_C1 test[0] k=12  dim=576  frames=641  σ=0.5  fold=1 ===
  SSC-Block-TV-Col21: k_hat=12  ACC=0.6755  NMI=0.7797  ARI=0.5865  3.1s

=== P1L_S3_C2 test[0] k=12  dim=576  frames=720  σ=0.5  fold=1 ===
  SSC-Block-TV-Col21: k_hat=12  ACC=0.7319  NMI=0.8100  ARI=0.6350  3.9s

=== P1L_S3_C3 test[0] k=12  dim=576  frames=519  σ=0.5  fold=1 ===
  SSC-Block-TV-Col21: k_hat=12  ACC=0.6339  NMI=0.7988  ARI=0.5683  2.1s

=== P1L_S4_C1 test[0] k=12  dim=576  frames=695  σ=0.5  fold=1 ===
  SSC-Block-TV-Col21: k_hat=12  ACC=0.6561  NMI=0.8008  ARI=0.5993  4.0s

=== P1L_S4_C2 test[0] k=12  dim=576  frames=628  σ=0.5  fold=1 ===
  SSC-Block-TV-Col21: k_hat=12  ACC=0.7038  NMI=0.8192  ARI=0.6552  3.0s

=== P1L_S4_C3 test[0] k=12  dim=576  frames=427  σ=0.5  fold=1 ===
  SSC-Block-TV-Col21: k_hat=12  ACC=0.5012  NMI=0.7339  ARI=0.4584  1.4s

=== inference time per method ===
  SSC-Block-TV-Col21: mean=2.2317s  std=0.9893s  total=214.2s  n=96
wrote /nfs/turbo/umms-minjilab/lpullela/icassp_ssc_tv2/block_ssc_benchmark/cv/results/surveillance/split_k12_sigmas_min30_trials20_knownk_cv_overlap_ssc_block_tv_col21_k12_sigma0p5_timing.json

=== mean over matrices ===
  SSC-Block-TV-Col21 train σ=0.5: ACC=0.6944  NMI=0.8273  ARI=0.6365  n=48
  SSC-Block-TV-Col21 test σ=0.5: ACC=0.6889  NMI=0.8090  ARI=0.6184  n=48

wrote /nfs/turbo/umms-minjilab/lpullela/icassp_ssc_tv2/block_ssc_benchmark/cv/results/surveillance/split_k12_sigmas_min30_trials20_knownk_cv_overlap_ssc_block_tv_col21_k12_sigma0p5.csv
end=Sun Sep  6 16:16:12 EDT 2026
Experiment completed!
