========================================
Job: cvov_tkss_k8_s0p5
Method: TKSS  k: 8  sigma: 0.5  tune_pool_groups: 4
========================================
host=gl3387.arc-ts.umich.edu  python=/home/lpullela/miniconda3/envs/ssc_559/bin/python  start=Sun Sep  6 11:37:52 EDT 2026
Loading P1E_S1_C1
  Y: (576, 1236)  people=25  frames/person=[60, 61, 50, 48, 51, 35, 41, 56, 55, 49, 65, 50, 63, 38, 61, 48, 50, 49, 50, 30, 42, 60, 32, 39, 53]  min=30
Loading P1E_S1_C2
  Y: (576, 1031)  people=25  frames/person=[42, 48, 31, 35, 50, 45, 30, 32, 38, 40, 61, 41, 47, 33, 46, 36, 41, 45, 42, 36, 33, 50, 53, 33, 43]  min=30
Loading P1E_S1_C3
  Y: (576, 453)  people=25  frames/person=[15, 22, 16, 16, 17, 13, 14, 19, 14, 25, 26, 12, 21, 18, 22, 19, 13, 19, 16, 15, 8, 15, 30, 20, 28]  min=8
  warning: 24 people have fewer than 30 available frames (kept all)
Loading P1E_S2_C1
  Y: (576, 1256)  people=25  frames/person=[65, 50, 50, 51, 53, 48, 49, 60, 33, 48, 61, 58, 52, 32, 55, 35, 45, 53, 40, 53, 51, 65, 64, 42, 43]  min=32
Loading P1E_S2_C2
  Y: (576, 1042)  people=25  frames/person=[33, 48, 38, 41, 53, 36, 39, 47, 51, 36, 55, 44, 43, 25, 42, 41, 37, 45, 41, 38, 40, 54, 49, 33, 33]  min=25
  warning: 1 people have fewer than 30 available frames (kept all)
Loading P1E_S2_C3
  Y: (576, 816)  people=25  frames/person=[36, 33, 28, 32, 42, 37, 31, 36, 31, 23, 42, 36, 35, 20, 33, 33, 32, 32, 32, 29, 32, 42, 38, 27, 24]  min=20
  warning: 6 people have fewer than 30 available frames (kept all)
Loading P1E_S3_C1
  Y: (576, 1255)  people=25  frames/person=[43, 39, 47, 52, 58, 96, 42, 31, 79, 33, 67, 55, 44, 34, 40, 48, 54, 77, 45, 41, 46, 53, 56, 38, 37]  min=31
Loading P1E_S3_C2
  Y: (576, 1126)  people=25  frames/person=[57, 56, 35, 40, 49, 75, 34, 40, 70, 26, 65, 54, 43, 28, 32, 43, 48, 31, 36, 33, 42, 71, 57, 30, 31]  min=26
  warning: 2 people have fewer than 30 available frames (kept all)
Loading P1E_S3_C3
  Y: (576, 866)  people=25  frames/person=[43, 36, 24, 33, 37, 47, 29, 37, 55, 18, 40, 40, 31, 22, 30, 39, 35, 45, 30, 28, 30, 50, 42, 20, 25]  min=18
  warning: 7 people have fewer than 30 available frames (kept all)
Loading P1E_S4_C1
  Y: (576, 1247)  people=25  frames/person=[58, 54, 34, 56, 50, 59, 50, 56, 74, 38, 75, 35, 46, 31, 53, 40, 57, 32, 56, 33, 48, 67, 59, 48, 38]  min=31
Loading P1E_S4_C2
  Y: (576, 1051)  people=25  frames/person=[37, 37, 41, 46, 41, 49, 38, 45, 65, 30, 39, 48, 50, 34, 43, 36, 47, 52, 45, 37, 38, 50, 30, 37, 36]  min=30
Loading P1E_S4_C3
  Y: (576, 719)  people=25  frames/person=[28, 29, 22, 29, 24, 36, 31, 29, 33, 25, 37, 19, 28, 21, 25, 27, 25, 41, 27, 29, 26, 31, 45, 29, 23]  min=19
  warning: 18 people have fewer than 30 available frames (kept all)
Loading P1L_S1_C1
  Y: (576, 1391)  people=25  frames/person=[65, 68, 43, 64, 47, 40, 58, 33, 75, 41, 58, 72, 58, 49, 66, 67, 65, 43, 59, 57, 58, 51, 67, 32, 55]  min=32
Loading P1L_S1_C2
  Y: (576, 1309)  people=25  frames/person=[30, 65, 37, 63, 66, 54, 52, 52, 43, 49, 71, 49, 58, 48, 54, 66, 56, 36, 48, 49, 55, 66, 52, 39, 51]  min=30
Loading P1L_S1_C3
  Y: (576, 565)  people=25  frames/person=[27, 29, 20, 26, 19, 25, 22, 12, 28, 25, 20, 25, 23, 18, 21, 23, 25, 26, 23, 21, 18, 18, 30, 18, 23]  min=12
  warning: 24 people have fewer than 30 available frames (kept all)
Loading P1L_S2_C1
  Y: (576, 1470)  people=25  frames/person=[73, 68, 53, 64, 65, 41, 73, 55, 37, 31, 82, 75, 63, 45, 34, 48, 74, 84, 71, 64, 62, 65, 48, 33, 62]  min=31
Loading P1L_S2_C2
  Y: (576, 1393)  people=25  frames/person=[64, 65, 49, 62, 69, 69, 63, 61, 80, 34, 89, 57, 53, 52, 55, 38, 30, 30, 66, 36, 57, 51, 73, 41, 49]  min=30
Loading P1L_S2_C3
  Y: (576, 897)  people=25  frames/person=[40, 36, 29, 28, 35, 37, 36, 36, 50, 28, 55, 46, 34, 31, 35, 32, 30, 48, 37, 29, 36, 39, 45, 19, 26]  min=19
  warning: 6 people have fewer than 30 available frames (kept all)
Loading P1L_S3_C1
  Y: (576, 1329)  people=25  frames/person=[31, 33, 30, 51, 74, 75, 59, 65, 66, 43, 47, 39, 65, 50, 58, 71, 67, 36, 57, 35, 62, 31, 74, 59, 51]  min=30
Loading P1L_S3_C2
  Y: (576, 1472)  people=25  frames/person=[78, 38, 48, 51, 54, 71, 61, 71, 32, 50, 75, 38, 72, 63, 48, 67, 49, 87, 52, 56, 58, 85, 73, 56, 39]  min=32
Loading P1L_S3_C3
  Y: (576, 1105)  people=25  frames/person=[48, 44, 38, 38, 39, 45, 35, 55, 52, 26, 81, 39, 36, 36, 44, 54, 42, 61, 38, 31, 34, 53, 51, 44, 41]  min=26
  warning: 1 people have fewer than 30 available frames (kept all)
Loading P1L_S4_C1
  Y: (576, 1443)  people=25  frames/person=[50, 69, 44, 41, 78, 43, 32, 71, 45, 65, 59, 39, 56, 57, 68, 69, 70, 73, 51, 63, 47, 70, 57, 52, 74]  min=32
Loading P1L_S4_C2
  Y: (576, 1327)  people=25  frames/person=[71, 34, 39, 54, 63, 67, 52, 39, 52, 56, 59, 50, 51, 53, 63, 50, 71, 63, 48, 35, 31, 71, 43, 52, 60]  min=31
Loading P1L_S4_C3
  Y: (576, 880)  people=25  frames/person=[37, 41, 23, 26, 32, 34, 22, 32, 50, 29, 38, 44, 31, 34, 37, 39, 39, 39, 38, 26, 25, 50, 41, 33, 40]  min=22
  warning: 6 people have fewer than 30 available frames (kept all)
sequences=24  people=25  k=8
frames/person ~ Unif[30, 100]
down_hw=24  sigmas=(0.5,)  n_trials=20  known_k=True  csv=split_k8_sigmas_min30_trials20_knownk_cv_overlap_tkss_k8_sigma0p5.csv
SSC-Block-TV block_size searched in [2, 12]
CV mode: 3 folds of size 8, each rotated as test
  1 people unused (remainder dropped)
  group 0: ['0004', '0006', '0009', '0013', '0014', '0022', '0026', '0027']
  group 1: ['0001', '0005', '0011', '0015', '0019', '0023', '0024', '0025']
  group 2: ['0003', '0007', '0010', '0012', '0016', '0017', '0020', '0021']
methods=['TKSS']  append=False  hetero_noise=False  no_tune=False
  tune_pool_groups=4: sampling from 17 held-in people (overlap allowed) instead of the 2 fixed partition group(s)

============================================================
σ=0.5 fold=0  test=['0004', '0006', '0009', '0013', '0014', '0022', '0026', '0027']  train mats=48  test mats=24  tune mats=96
  --- tune TKSS over 96 train mats  n_trials=30 (3 params) ---
  TKSS trial 0: mean ARI=0.6755  n=96  34.2s  d=5, lam=1, s=2
  TKSS trial 1: mean ARI=0.6714  n=96  54.2s  d=9, lam=1.398, s=4
  TKSS trial 2: mean ARI=0.6716  n=96  27.3s  d=9, lam=0.1866, s=4
  TKSS trial 3: mean ARI=0.6681  n=96  83.4s  d=7, lam=4.735, s=6
  TKSS trial 4: mean ARI=0.6729  n=96  57.9s  d=6, lam=2.372, s=4
  TKSS trial 5: mean ARI=0.6714  n=96  16.2s  d=9, lam=5.981, s=1
  TKSS trial 6: mean ARI=0.6667  n=96  40.9s  d=2, lam=0.0115, s=5
  TKSS trial 7: mean ARI=0.6654  n=96  84.3s  d=12, lam=4.074, s=6
  TKSS trial 8: mean ARI=0.6703  n=96  38.3s  d=12, lam=0.2423, s=5
  TKSS trial 9: mean ARI=0.6755  n=96  56.2s  d=2, lam=0.8313, s=1
  TKSS trial 10: mean ARI=0.6715  n=96  15.3s  d=15, lam=0.01465, s=2
  TKSS trial 11: mean ARI=0.6708  n=96  130.1s  d=1, lam=0.5626, s=2
  TKSS trial 12: mean ARI=0.6740  n=96  26.1s  d=4, lam=0.7021, s=1
  TKSS trial 13: mean ARI=0.6730  n=96  21.9s  d=4, lam=0.09224, s=2
  TKSS trial 14: mean ARI=0.6786  n=96  62.9s  d=3, lam=0.9903, s=3
  TKSS trial 15: mean ARI=0.6731  n=96  21.5s  d=4, lam=0.04828, s=3
  TKSS trial 16: mean ARI=0.6739  n=96  35.9s  d=6, lam=0.3417, s=3
  TKSS trial 17: mean ARI=0.6785  n=96  65.4s  d=3, lam=1.744, s=3
  TKSS trial 18: mean ARI=0.6855  n=96  169.1s  d=1, lam=2.469, s=3
  TKSS trial 19: mean ARI=0.6852  n=96  165.3s  d=1, lam=7.778, s=3
  TKSS trial 20: mean ARI=0.7008  n=96  197.9s  d=1, lam=9.584, s=5
  TKSS trial 21: mean ARI=0.7002  n=96  201.3s  d=1, lam=8.317, s=5
  TKSS trial 22: mean ARI=0.7001  n=96  197.5s  d=1, lam=9.215, s=5
  TKSS trial 23: mean ARI=0.6784  n=96  121.9s  d=2, lam=9.866, s=5
  TKSS trial 24: mean ARI=0.6997  n=96  206.7s  d=1, lam=3.652, s=5
  TKSS trial 25: mean ARI=0.6749  n=96  99.2s  d=3, lam=9.91, s=6
  TKSS trial 26: mean ARI=0.6788  n=96  122.4s  d=2, lam=3.588, s=5
  TKSS trial 27: mean ARI=0.6931  n=96  184.4s  d=1, lam=6.372, s=4
  TKSS trial 28: mean ARI=0.6750  n=96  97.3s  d=3, lam=2.687, s=6
  TKSS trial 29: mean ARI=0.6746  n=96  70.9s  d=4, lam=5.827, s=5
    best mean ARI=0.7008  tune 2706.2s  d=1, lam=9.584, s=5
  wrote /nfs/turbo/umms-minjilab/lpullela/icassp_ssc_tv2/block_ssc_benchmark/cv/params/surveillance/split_k8_sigmas_min30_trials20_params_knownk_cv_overlap_tkss_k8_sigma0p5_sigma0.5_fold0.json

=== P1E_S1_C1 train[0] k=8  dim=576  frames=410  σ=0.5  fold=0 ===
  TKSS: k_hat=8  ACC=0.7122  NMI=0.7419  ARI=0.5735  1.9s

=== P1E_S1_C1 train[1] k=8  dim=576  frames=399  σ=0.5  fold=0 ===
  TKSS: k_hat=8  ACC=0.8672  NMI=0.8482  ARI=0.7472  1.5s

=== P1E_S1_C2 train[0] k=8  dim=576  frames=339  σ=0.5  fold=0 ===
  TKSS: k_hat=8  ACC=0.8702  NMI=0.8478  ARI=0.7702  0.6s

=== P1E_S1_C2 train[1] k=8  dim=576  frames=331  σ=0.5  fold=0 ===
  TKSS: k_hat=8  ACC=0.8882  NMI=0.8439  ARI=0.7701  0.6s

=== P1E_S1_C3 train[0] k=8  dim=576  frames=132  σ=0.5  fold=0 ===
  TKSS: k_hat=8  ACC=0.7727  NMI=0.8250  ARI=0.6958  0.1s

=== P1E_S1_C3 train[1] k=8  dim=576  frames=154  σ=0.5  fold=0 ===
  TKSS: k_hat=8  ACC=0.8766  NMI=0.8313  ARI=0.7450  0.1s

=== P1E_S2_C1 train[0] k=8  dim=576  frames=426  σ=0.5  fold=0 ===
  TKSS: k_hat=8  ACC=0.7160  NMI=0.7115  ARI=0.5605  2.6s

=== P1E_S2_C1 train[1] k=8  dim=576  frames=386  σ=0.5  fold=0 ===
  TKSS: k_hat=8  ACC=0.8834  NMI=0.8496  ARI=0.7783  2.1s

=== P1E_S2_C2 train[0] k=8  dim=576  frames=348  σ=0.5  fold=0 ===
  TKSS: k_hat=8  ACC=0.8793  NMI=0.8373  ARI=0.7583  0.9s

=== P1E_S2_C2 train[1] k=8  dim=576  frames=320  σ=0.5  fold=0 ===
  TKSS: k_hat=8  ACC=0.8875  NMI=0.8514  ARI=0.7738  0.8s

=== P1E_S2_C3 train[0] k=8  dim=576  frames=278  σ=0.5  fold=0 ===
  TKSS: k_hat=8  ACC=0.9173  NMI=0.8833  ARI=0.8292  0.4s

=== P1E_S2_C3 train[1] k=8  dim=576  frames=246  σ=0.5  fold=0 ===
  TKSS: k_hat=8  ACC=0.9553  NMI=0.9204  ARI=0.9066  1.4s

=== P1E_S3_C1 train[0] k=8  dim=576  frames=427  σ=0.5  fold=0 ===
  TKSS: k_hat=8  ACC=0.6557  NMI=0.6336  ARI=0.4414  4.2s

=== P1E_S3_C1 train[1] k=8  dim=576  frames=395  σ=0.5  fold=0 ===
  TKSS: k_hat=8  ACC=0.7747  NMI=0.7866  ARI=0.6055  2.1s

=== P1E_S3_C2 train[0] k=8  dim=576  frames=428  σ=0.5  fold=0 ===
  TKSS: k_hat=8  ACC=0.8458  NMI=0.8044  ARI=0.7065  1.8s

=== P1E_S3_C2 train[1] k=8  dim=576  frames=324  σ=0.5  fold=0 ===
  TKSS: k_hat=8  ACC=0.6944  NMI=0.7671  ARI=0.5715  1.0s

=== P1E_S3_C3 train[0] k=8  dim=576  frames=319  σ=0.5  fold=0 ===
  TKSS: k_hat=8  ACC=0.9279  NMI=0.8935  ARI=0.8497  0.6s

=== P1E_S3_C3 train[1] k=8  dim=576  frames=265  σ=0.5  fold=0 ===
  TKSS: k_hat=8  ACC=0.7774  NMI=0.8282  ARI=0.7166  0.9s

=== P1E_S4_C1 train[0] k=8  dim=576  frames=465  σ=0.5  fold=0 ===
  TKSS: k_hat=8  ACC=0.8237  NMI=0.8034  ARI=0.6505  5.1s

=== P1E_S4_C1 train[1] k=8  dim=576  frames=379  σ=0.5  fold=0 ===
  TKSS: k_hat=8  ACC=0.7071  NMI=0.7801  ARI=0.6249  1.8s

=== P1E_S4_C2 train[0] k=8  dim=576  frames=363  σ=0.5  fold=0 ===
  TKSS: k_hat=8  ACC=0.7741  NMI=0.7817  ARI=0.6519  0.8s

=== P1E_S4_C2 train[1] k=8  dim=576  frames=335  σ=0.5  fold=0 ===
  TKSS: k_hat=8  ACC=0.8866  NMI=0.8506  ARI=0.7808  0.6s

=== P1E_S4_C3 train[0] k=8  dim=576  frames=245  σ=0.5  fold=0 ===
  TKSS: k_hat=8  ACC=0.7796  NMI=0.8007  ARI=0.6705  0.4s

=== P1E_S4_C3 train[1] k=8  dim=576  frames=233  σ=0.5  fold=0 ===
  TKSS: k_hat=8  ACC=0.8541  NMI=0.8143  ARI=0.7119  0.3s

=== P1L_S1_C1 train[0] k=8  dim=576  frames=503  σ=0.5  fold=0 ===
  TKSS: k_hat=8  ACC=0.9642  NMI=0.9288  ARI=0.9216  1.4s

=== P1L_S1_C1 train[1] k=8  dim=576  frames=399  σ=0.5  fold=0 ===
  TKSS: k_hat=8  ACC=0.8446  NMI=0.8291  ARI=0.7107  1.3s

=== P1L_S1_C2 train[0] k=8  dim=576  frames=423  σ=0.5  fold=0 ===
  TKSS: k_hat=8  ACC=0.6525  NMI=0.7015  ARI=0.4981  3.0s

=== P1L_S1_C2 train[1] k=8  dim=576  frames=406  σ=0.5  fold=0 ===
  TKSS: k_hat=8  ACC=0.7389  NMI=0.7982  ARI=0.6293  2.4s

=== P1L_S1_C3 train[0] k=8  dim=576  frames=195  σ=0.5  fold=0 ===
  TKSS: k_hat=8  ACC=0.8615  NMI=0.8287  ARI=0.7364  0.3s

=== P1L_S1_C3 train[1] k=8  dim=576  frames=179  σ=0.5  fold=0 ===
  TKSS: k_hat=8  ACC=0.8771  NMI=0.8574  ARI=0.7758  0.4s

=== P1L_S2_C1 train[0] k=8  dim=576  frames=486  σ=0.5  fold=0 ===
  TKSS: k_hat=8  ACC=0.8519  NMI=0.8237  ARI=0.7324  1.7s

=== P1L_S2_C1 train[1] k=8  dim=576  frames=429  σ=0.5  fold=0 ===
  TKSS: k_hat=8  ACC=0.7343  NMI=0.7728  ARI=0.6652  2.1s

=== P1L_S2_C2 train[0] k=8  dim=576  frames=470  σ=0.5  fold=0 ===
  TKSS: k_hat=8  ACC=0.8383  NMI=0.8636  ARI=0.7863  1.8s

=== P1L_S2_C2 train[1] k=8  dim=576  frames=432  σ=0.5  fold=0 ===
  TKSS: k_hat=8  ACC=0.7014  NMI=0.7985  ARI=0.6509  1.8s

=== P1L_S2_C3 train[0] k=8  dim=576  frames=302  σ=0.5  fold=0 ===
  TKSS: k_hat=8  ACC=0.9437  NMI=0.9085  ARI=0.8840  0.6s

=== P1L_S2_C3 train[1] k=8  dim=576  frames=288  σ=0.5  fold=0 ===
  TKSS: k_hat=8  ACC=0.8750  NMI=0.8540  ARI=0.7510  0.9s

=== P1L_S3_C1 train[0] k=8  dim=576  frames=447  σ=0.5  fold=0 ===
  TKSS: k_hat=8  ACC=0.7226  NMI=0.7777  ARI=0.6126  2.0s

=== P1L_S3_C1 train[1] k=8  dim=576  frames=417  σ=0.5  fold=0 ===
  TKSS: k_hat=8  ACC=0.8777  NMI=0.8571  ARI=0.7771  2.3s

=== P1L_S3_C2 train[0] k=8  dim=576  frames=498  σ=0.5  fold=0 ===
  TKSS: k_hat=8  ACC=0.7269  NMI=0.7615  ARI=0.6070  1.7s

=== P1L_S3_C2 train[1] k=8  dim=576  frames=480  σ=0.5  fold=0 ===
  TKSS: k_hat=8  ACC=0.6562  NMI=0.6567  ARI=0.4588  3.7s

=== P1L_S3_C3 train[0] k=8  dim=576  frames=354  σ=0.5  fold=0 ===
  TKSS: k_hat=8  ACC=0.9040  NMI=0.8656  ARI=0.8114  1.5s

=== P1L_S3_C3 train[1] k=8  dim=576  frames=349  σ=0.5  fold=0 ===
  TKSS: k_hat=8  ACC=0.8682  NMI=0.8242  ARI=0.7229  1.2s

=== P1L_S4_C1 train[0] k=8  dim=576  frames=436  σ=0.5  fold=0 ===
  TKSS: k_hat=8  ACC=0.8693  NMI=0.8385  ARI=0.7356  3.9s

=== P1L_S4_C1 train[1] k=8  dim=576  frames=497  σ=0.5  fold=0 ===
  TKSS: k_hat=8  ACC=0.9256  NMI=0.8922  ARI=0.8501  1.5s

=== P1L_S4_C2 train[0] k=8  dim=576  frames=444  σ=0.5  fold=0 ===
  TKSS: k_hat=8  ACC=0.9144  NMI=0.8951  ARI=0.8506  1.7s

=== P1L_S4_C2 train[1] k=8  dim=576  frames=423  σ=0.5  fold=0 ===
  TKSS: k_hat=8  ACC=0.8511  NMI=0.8335  ARI=0.7238  2.0s

=== P1L_S4_C3 train[0] k=8  dim=576  frames=299  σ=0.5  fold=0 ===
  TKSS: k_hat=8  ACC=0.7324  NMI=0.8372  ARI=0.6882  1.5s

=== P1L_S4_C3 train[1] k=8  dim=576  frames=284  σ=0.5  fold=0 ===
  TKSS: k_hat=8  ACC=0.9225  NMI=0.8903  ARI=0.8435  0.7s

=== P1E_S1_C1 test[0] k=8  dim=576  frames=379  σ=0.5  fold=0 ===
  TKSS: k_hat=8  ACC=0.7916  NMI=0.8411  ARI=0.7445  1.6s

=== P1E_S1_C2 test[0] k=8  dim=576  frames=325  σ=0.5  fold=0 ===
  TKSS: k_hat=8  ACC=0.9015  NMI=0.8676  ARI=0.7833  1.0s

=== P1E_S1_C3 test[0] k=8  dim=576  frames=148  σ=0.5  fold=0 ===
  TKSS: k_hat=8  ACC=0.7297  NMI=0.7750  ARI=0.6016  0.1s

=== P1E_S2_C1 test[0] k=8  dim=576  frames=409  σ=0.5  fold=0 ===
  TKSS: k_hat=8  ACC=0.7922  NMI=0.7582  ARI=0.6273  2.0s

=== P1E_S2_C2 test[0] k=8  dim=576  frames=333  σ=0.5  fold=0 ===
  TKSS: k_hat=8  ACC=0.7688  NMI=0.8150  ARI=0.7010  1.0s

=== P1E_S2_C3 test[0] k=8  dim=576  frames=259  σ=0.5  fold=0 ===
  TKSS: k_hat=8  ACC=0.7876  NMI=0.8202  ARI=0.6896  0.5s

=== P1E_S3_C1 test[0] k=8  dim=576  frames=385  σ=0.5  fold=0 ===
  TKSS: k_hat=8  ACC=0.7273  NMI=0.7946  ARI=0.6381  1.2s

=== P1E_S3_C2 test[0] k=8  dim=576  frames=331  σ=0.5  fold=0 ===
  TKSS: k_hat=8  ACC=0.6858  NMI=0.7614  ARI=0.5967  1.4s

=== P1E_S3_C3 test[0] k=8  dim=576  frames=243  σ=0.5  fold=0 ===
  TKSS: k_hat=8  ACC=0.7778  NMI=0.8399  ARI=0.7269  0.4s

=== P1E_S4_C1 test[0] k=8  dim=576  frames=363  σ=0.5  fold=0 ===
  TKSS: k_hat=8  ACC=0.8567  NMI=0.8391  ARI=0.7189  1.6s

=== P1E_S4_C2 test[0] k=8  dim=576  frames=317  σ=0.5  fold=0 ===
  TKSS: k_hat=8  ACC=0.9464  NMI=0.9087  ARI=0.8835  0.8s

=== P1E_S4_C3 test[0] k=8  dim=576  frames=214  σ=0.5  fold=0 ===
  TKSS: k_hat=8  ACC=0.8972  NMI=0.8616  ARI=0.7811  0.2s

=== P1L_S1_C1 test[0] k=8  dim=576  frames=422  σ=0.5  fold=0 ===
  TKSS: k_hat=8  ACC=0.8246  NMI=0.8943  ARI=0.8046  4.4s

=== P1L_S1_C2 test[0] k=8  dim=576  frames=414  σ=0.5  fold=0 ===
  TKSS: k_hat=8  ACC=0.7923  NMI=0.8065  ARI=0.6367  3.2s

=== P1L_S1_C3 test[0] k=8  dim=576  frames=168  σ=0.5  fold=0 ===
  TKSS: k_hat=8  ACC=0.9405  NMI=0.9023  ARI=0.8637  0.2s

=== P1L_S2_C1 test[0] k=8  dim=576  frames=507  σ=0.5  fold=0 ===
  TKSS: k_hat=8  ACC=0.8284  NMI=0.8725  ARI=0.7987  3.8s

=== P1L_S2_C2 test[0] k=8  dim=576  frames=453  σ=0.5  fold=0 ===
  TKSS: k_hat=8  ACC=0.8146  NMI=0.8774  ARI=0.7926  2.0s

=== P1L_S2_C3 test[0] k=8  dim=576  frames=275  σ=0.5  fold=0 ===
  TKSS: k_hat=8  ACC=0.7600  NMI=0.8300  ARI=0.6968  0.5s

=== P1L_S3_C1 test[0] k=8  dim=576  frames=394  σ=0.5  fold=0 ===
  TKSS: k_hat=8  ACC=0.8858  NMI=0.8631  ARI=0.7818  1.4s

=== P1L_S3_C2 test[0] k=8  dim=576  frames=427  σ=0.5  fold=0 ===
  TKSS: k_hat=8  ACC=0.8993  NMI=0.8926  ARI=0.8153  3.7s

=== P1L_S3_C3 test[0] k=8  dim=576  frames=348  σ=0.5  fold=0 ===
  TKSS: k_hat=8  ACC=0.8994  NMI=0.8593  ARI=0.7730  0.9s

=== P1L_S4_C1 test[0] k=8  dim=576  frames=441  σ=0.5  fold=0 ===
  TKSS: k_hat=8  ACC=0.7959  NMI=0.7801  ARI=0.6453  3.8s

=== P1L_S4_C2 test[0] k=8  dim=576  frames=410  σ=0.5  fold=0 ===
  TKSS: k_hat=8  ACC=0.9098  NMI=0.8749  ARI=0.8203  2.3s

=== P1L_S4_C3 test[0] k=8  dim=576  frames=258  σ=0.5  fold=0 ===
  TKSS: k_hat=8  ACC=0.7558  NMI=0.8494  ARI=0.7289  0.8s
  tune_pool_groups=4: sampling from 17 held-in people (overlap allowed) instead of the 2 fixed partition group(s)

============================================================
σ=0.5 fold=1  test=['0001', '0005', '0011', '0015', '0019', '0023', '0024', '0025']  train mats=48  test mats=24  tune mats=96
  --- tune TKSS over 96 train mats  n_trials=30 (3 params) ---
  TKSS trial 0: mean ARI=0.7040  n=96  29.8s  d=5, lam=1, s=2
  TKSS trial 1: mean ARI=0.6994  n=96  40.9s  d=9, lam=1.398, s=4
  TKSS trial 2: mean ARI=0.6996  n=96  21.7s  d=9, lam=0.1866, s=4
  TKSS trial 3: mean ARI=0.6940  n=96  61.1s  d=7, lam=4.735, s=6
  TKSS trial 4: mean ARI=0.7034  n=96  51.1s  d=6, lam=2.372, s=4
  TKSS trial 5: mean ARI=0.6990  n=96  13.6s  d=9, lam=5.981, s=1
  TKSS trial 6: mean ARI=0.6981  n=96  25.3s  d=2, lam=0.0115, s=5
  TKSS trial 7: mean ARI=0.6881  n=96  60.0s  d=12, lam=4.074, s=6
  TKSS trial 8: mean ARI=0.6973  n=96  29.8s  d=12, lam=0.2423, s=5
  TKSS trial 9: mean ARI=0.7073  n=96  38.4s  d=2, lam=0.8313, s=1
  TKSS trial 10: mean ARI=0.6982  n=96  11.8s  d=15, lam=0.01463, s=2
  TKSS trial 11: mean ARI=0.7444  n=96  94.2s  d=1, lam=0.5626, s=2
  TKSS trial 12: mean ARI=0.7164  n=96  77.3s  d=1, lam=0.3474, s=1
  TKSS trial 13: mean ARI=0.7269  n=96  78.5s  d=1, lam=0.2009, s=2
  TKSS trial 14: mean ARI=0.7002  n=96  16.6s  d=4, lam=0.06854, s=2
  TKSS trial 15: mean ARI=0.7019  n=96  20.8s  d=3, lam=0.05946, s=3
  TKSS trial 16: mean ARI=0.7224  n=96  73.7s  d=1, lam=0.08226, s=3
  TKSS trial 17: mean ARI=0.7070  n=96  42.8s  d=4, lam=0.5728, s=3
  TKSS trial 18: mean ARI=0.7163  n=96  77.7s  d=1, lam=0.1227, s=2
  TKSS trial 19: mean ARI=0.7002  n=96  20.4s  d=3, lam=0.03036, s=3
  TKSS trial 20: mean ARI=0.7018  n=96  22.7s  d=6, lam=0.4994, s=2
  TKSS trial 21: mean ARI=0.7293  n=96  75.1s  d=1, lam=0.1126, s=3
  TKSS trial 22: mean ARI=0.7059  n=96  32.0s  d=3, lam=0.1727, s=3
  TKSS trial 23: mean ARI=0.6982  n=96  61.3s  d=1, lam=0.03439, s=2
  TKSS trial 24: mean ARI=0.7058  n=96  33.1s  d=2, lam=0.428, s=1
  TKSS trial 25: mean ARI=0.7034  n=96  23.5s  d=4, lam=0.1172, s=3
  TKSS trial 26: mean ARI=0.7102  n=96  37.1s  d=2, lam=0.2499, s=2
  TKSS trial 27: mean ARI=0.7164  n=96  65.5s  d=1, lam=0.03927, s=4
  TKSS trial 28: mean ARI=0.7039  n=96  28.9s  d=3, lam=2.266, s=1
  TKSS trial 29: mean ARI=0.7067  n=96  32.5s  d=4, lam=1.111, s=2
    best mean ARI=0.7444  tune 1297.3s  d=1, lam=0.5626, s=2
  wrote /nfs/turbo/umms-minjilab/lpullela/icassp_ssc_tv2/block_ssc_benchmark/cv/params/surveillance/split_k8_sigmas_min30_trials20_params_knownk_cv_overlap_tkss_k8_sigma0p5_sigma0.5_fold1.json

=== P1E_S1_C1 train[0] k=8  dim=576  frames=379  σ=0.5  fold=1 ===
  TKSS: k_hat=8  ACC=0.8892  NMI=0.8603  ARI=0.7769  1.5s

=== P1E_S1_C1 train[1] k=8  dim=576  frames=399  σ=0.5  fold=1 ===
  TKSS: k_hat=8  ACC=0.8972  NMI=0.8768  ARI=0.8023  1.0s

=== P1E_S1_C2 train[0] k=8  dim=576  frames=325  σ=0.5  fold=1 ===
  TKSS: k_hat=8  ACC=0.8738  NMI=0.8375  ARI=0.7499  0.6s

=== P1E_S1_C2 train[1] k=8  dim=576  frames=331  σ=0.5  fold=1 ===
  TKSS: k_hat=8  ACC=0.9063  NMI=0.8793  ARI=0.8127  0.4s

=== P1E_S1_C3 train[0] k=8  dim=576  frames=148  σ=0.5  fold=1 ===
  TKSS: k_hat=8  ACC=0.7162  NMI=0.7612  ARI=0.5837  0.0s

=== P1E_S1_C3 train[1] k=8  dim=576  frames=154  σ=0.5  fold=1 ===
  TKSS: k_hat=8  ACC=0.8701  NMI=0.8254  ARI=0.7331  0.0s

=== P1E_S2_C1 train[0] k=8  dim=576  frames=409  σ=0.5  fold=1 ===
  TKSS: k_hat=8  ACC=0.7555  NMI=0.6971  ARI=0.5590  1.8s

=== P1E_S2_C1 train[1] k=8  dim=576  frames=386  σ=0.5  fold=1 ===
  TKSS: k_hat=8  ACC=0.9171  NMI=0.8822  ARI=0.8386  1.2s

=== P1E_S2_C2 train[0] k=8  dim=576  frames=333  σ=0.5  fold=1 ===
  TKSS: k_hat=8  ACC=0.7477  NMI=0.8132  ARI=0.6877  0.8s

=== P1E_S2_C2 train[1] k=8  dim=576  frames=320  σ=0.5  fold=1 ===
  TKSS: k_hat=8  ACC=0.8812  NMI=0.8502  ARI=0.7689  1.0s

=== P1E_S2_C3 train[0] k=8  dim=576  frames=259  σ=0.5  fold=1 ===
  TKSS: k_hat=8  ACC=0.7606  NMI=0.7867  ARI=0.6486  0.4s

=== P1E_S2_C3 train[1] k=8  dim=576  frames=246  σ=0.5  fold=1 ===
  TKSS: k_hat=8  ACC=0.8455  NMI=0.8279  ARI=0.7333  0.1s

=== P1E_S3_C1 train[0] k=8  dim=576  frames=385  σ=0.5  fold=1 ===
  TKSS: k_hat=8  ACC=0.6468  NMI=0.7090  ARI=0.5297  1.9s

=== P1E_S3_C1 train[1] k=8  dim=576  frames=395  σ=0.5  fold=1 ===
  TKSS: k_hat=8  ACC=0.7519  NMI=0.7895  ARI=0.6217  1.1s

=== P1E_S3_C2 train[0] k=8  dim=576  frames=331  σ=0.5  fold=1 ===
  TKSS: k_hat=8  ACC=0.7039  NMI=0.7519  ARI=0.6003  1.3s

=== P1E_S3_C2 train[1] k=8  dim=576  frames=324  σ=0.5  fold=1 ===
  TKSS: k_hat=8  ACC=0.7037  NMI=0.7753  ARI=0.5871  1.2s

=== P1E_S3_C3 train[0] k=8  dim=576  frames=243  σ=0.5  fold=1 ===
  TKSS: k_hat=8  ACC=0.7819  NMI=0.8640  ARI=0.7503  0.4s

=== P1E_S3_C3 train[1] k=8  dim=576  frames=265  σ=0.5  fold=1 ===
  TKSS: k_hat=8  ACC=0.7811  NMI=0.8165  ARI=0.6722  0.6s

=== P1E_S4_C1 train[0] k=8  dim=576  frames=363  σ=0.5  fold=1 ===
  TKSS: k_hat=8  ACC=0.8072  NMI=0.8148  ARI=0.6857  0.7s

=== P1E_S4_C1 train[1] k=8  dim=576  frames=379  σ=0.5  fold=1 ===
  TKSS: k_hat=8  ACC=0.7150  NMI=0.7982  ARI=0.6540  1.9s

=== P1E_S4_C2 train[0] k=8  dim=576  frames=317  σ=0.5  fold=1 ===
  TKSS: k_hat=8  ACC=0.9748  NMI=0.9496  ARI=0.9434  0.8s

=== P1E_S4_C2 train[1] k=8  dim=576  frames=335  σ=0.5  fold=1 ===
  TKSS: k_hat=8  ACC=0.8896  NMI=0.8644  ARI=0.7910  0.7s

=== P1E_S4_C3 train[0] k=8  dim=576  frames=214  σ=0.5  fold=1 ===
  TKSS: k_hat=8  ACC=0.9019  NMI=0.8800  ARI=0.8034  0.3s

=== P1E_S4_C3 train[1] k=8  dim=576  frames=233  σ=0.5  fold=1 ===
  TKSS: k_hat=8  ACC=0.8541  NMI=0.8201  ARI=0.7159  0.1s

=== P1L_S1_C1 train[0] k=8  dim=576  frames=422  σ=0.5  fold=1 ===
  TKSS: k_hat=8  ACC=0.8957  NMI=0.9001  ARI=0.8299  1.0s

=== P1L_S1_C1 train[1] k=8  dim=576  frames=399  σ=0.5  fold=1 ===
  TKSS: k_hat=8  ACC=0.8321  NMI=0.8050  ARI=0.6828  1.5s

=== P1L_S1_C2 train[0] k=8  dim=576  frames=414  σ=0.5  fold=1 ===
  TKSS: k_hat=8  ACC=0.7633  NMI=0.7599  ARI=0.5926  1.3s

=== P1L_S1_C2 train[1] k=8  dim=576  frames=406  σ=0.5  fold=1 ===
  TKSS: k_hat=8  ACC=0.6182  NMI=0.6394  ARI=0.4387  2.4s

=== P1L_S1_C3 train[0] k=8  dim=576  frames=168  σ=0.5  fold=1 ===
  TKSS: k_hat=8  ACC=0.9702  NMI=0.9512  ARI=0.9315  0.1s

=== P1L_S1_C3 train[1] k=8  dim=576  frames=179  σ=0.5  fold=1 ===
  TKSS: k_hat=8  ACC=0.8547  NMI=0.8397  ARI=0.7395  0.0s

=== P1L_S2_C1 train[0] k=8  dim=576  frames=507  σ=0.5  fold=1 ===
  TKSS: k_hat=8  ACC=0.7870  NMI=0.8245  ARI=0.7368  1.8s

=== P1L_S2_C1 train[1] k=8  dim=576  frames=429  σ=0.5  fold=1 ===
  TKSS: k_hat=8  ACC=0.7203  NMI=0.7839  ARI=0.6462  1.1s

=== P1L_S2_C2 train[0] k=8  dim=576  frames=453  σ=0.5  fold=1 ===
  TKSS: k_hat=8  ACC=0.7726  NMI=0.8357  ARI=0.7234  2.5s

=== P1L_S2_C2 train[1] k=8  dim=576  frames=432  σ=0.5  fold=1 ===
  TKSS: k_hat=8  ACC=0.6204  NMI=0.6954  ARI=0.5143  2.1s

=== P1L_S2_C3 train[0] k=8  dim=576  frames=275  σ=0.5  fold=1 ===
  TKSS: k_hat=8  ACC=0.7927  NMI=0.8512  ARI=0.7308  0.3s

=== P1L_S2_C3 train[1] k=8  dim=576  frames=288  σ=0.5  fold=1 ===
  TKSS: k_hat=8  ACC=0.8750  NMI=0.8684  ARI=0.7689  0.4s

=== P1L_S3_C1 train[0] k=8  dim=576  frames=394  σ=0.5  fold=1 ===
  TKSS: k_hat=8  ACC=0.7893  NMI=0.7655  ARI=0.6411  2.1s

=== P1L_S3_C1 train[1] k=8  dim=576  frames=417  σ=0.5  fold=1 ===
  TKSS: k_hat=8  ACC=0.7362  NMI=0.7408  ARI=0.6080  2.2s

=== P1L_S3_C2 train[0] k=8  dim=576  frames=427  σ=0.5  fold=1 ===
  TKSS: k_hat=8  ACC=0.9251  NMI=0.9044  ARI=0.8475  1.4s

=== P1L_S3_C2 train[1] k=8  dim=576  frames=480  σ=0.5  fold=1 ===
  TKSS: k_hat=8  ACC=0.6521  NMI=0.6167  ARI=0.4466  1.2s

=== P1L_S3_C3 train[0] k=8  dim=576  frames=348  σ=0.5  fold=1 ===
  TKSS: k_hat=8  ACC=0.8592  NMI=0.8311  ARI=0.6994  1.5s

=== P1L_S3_C3 train[1] k=8  dim=576  frames=349  σ=0.5  fold=1 ===
  TKSS: k_hat=8  ACC=0.8739  NMI=0.8358  ARI=0.7409  0.8s

=== P1L_S4_C1 train[0] k=8  dim=576  frames=441  σ=0.5  fold=1 ===
  TKSS: k_hat=8  ACC=0.7868  NMI=0.7640  ARI=0.6269  0.8s

=== P1L_S4_C1 train[1] k=8  dim=576  frames=497  σ=0.5  fold=1 ===
  TKSS: k_hat=8  ACC=0.9356  NMI=0.9129  ARI=0.8702  1.6s

=== P1L_S4_C2 train[0] k=8  dim=576  frames=410  σ=0.5  fold=1 ===
  TKSS: k_hat=8  ACC=0.9000  NMI=0.8550  ARI=0.7919  0.9s

=== P1L_S4_C2 train[1] k=8  dim=576  frames=423  σ=0.5  fold=1 ===
  TKSS: k_hat=8  ACC=0.8038  NMI=0.7728  ARI=0.6302  1.4s

=== P1L_S4_C3 train[0] k=8  dim=576  frames=258  σ=0.5  fold=1 ===
  TKSS: k_hat=8  ACC=0.7636  NMI=0.8369  ARI=0.7140  0.5s

=== P1L_S4_C3 train[1] k=8  dim=576  frames=284  σ=0.5  fold=1 ===
  TKSS: k_hat=8  ACC=0.8803  NMI=0.8283  ARI=0.7440  0.7s

=== P1E_S1_C1 test[0] k=8  dim=576  frames=410  σ=0.5  fold=1 ===
  TKSS: k_hat=8  ACC=0.6341  NMI=0.6951  ARI=0.5049  2.5s

=== P1E_S1_C2 test[0] k=8  dim=576  frames=339  σ=0.5  fold=1 ===
  TKSS: k_hat=8  ACC=0.8437  NMI=0.8325  ARI=0.7260  0.7s

=== P1E_S1_C3 test[0] k=8  dim=576  frames=132  σ=0.5  fold=1 ===
  TKSS: k_hat=8  ACC=0.7803  NMI=0.8319  ARI=0.7108  0.1s

=== P1E_S2_C1 test[0] k=8  dim=576  frames=426  σ=0.5  fold=1 ===
  TKSS: k_hat=8  ACC=0.5986  NMI=0.5598  ARI=0.3606  2.8s

=== P1E_S2_C2 test[0] k=8  dim=576  frames=348  σ=0.5  fold=1 ===
  TKSS: k_hat=8  ACC=0.8247  NMI=0.7800  ARI=0.6677  0.7s

=== P1E_S2_C3 test[0] k=8  dim=576  frames=278  σ=0.5  fold=1 ===
  TKSS: k_hat=8  ACC=0.9029  NMI=0.8731  ARI=0.8103  0.3s

=== P1E_S3_C1 test[0] k=8  dim=576  frames=427  σ=0.5  fold=1 ===
  TKSS: k_hat=8  ACC=0.6464  NMI=0.5694  ARI=0.4273  3.2s

=== P1E_S3_C2 test[0] k=8  dim=576  frames=428  σ=0.5  fold=1 ===
  TKSS: k_hat=8  ACC=0.7804  NMI=0.7518  ARI=0.6497  3.7s

=== P1E_S3_C3 test[0] k=8  dim=576  frames=319  σ=0.5  fold=1 ===
  TKSS: k_hat=8  ACC=0.8997  NMI=0.8634  ARI=0.7869  1.1s

=== P1E_S4_C1 test[0] k=8  dim=576  frames=465  σ=0.5  fold=1 ===
  TKSS: k_hat=8  ACC=0.9140  NMI=0.8786  ARI=0.8207  1.6s

=== P1E_S4_C2 test[0] k=8  dim=576  frames=363  σ=0.5  fold=1 ===
  TKSS: k_hat=8  ACC=0.7631  NMI=0.7643  ARI=0.6144  0.6s

=== P1E_S4_C3 test[0] k=8  dim=576  frames=245  σ=0.5  fold=1 ===
  TKSS: k_hat=8  ACC=0.8122  NMI=0.8207  ARI=0.6979  0.2s

=== P1L_S1_C1 test[0] k=8  dim=576  frames=503  σ=0.5  fold=1 ===
  TKSS: k_hat=8  ACC=0.9662  NMI=0.9336  ARI=0.9241  1.4s

=== P1L_S1_C2 test[0] k=8  dim=576  frames=423  σ=0.5  fold=1 ===
  TKSS: k_hat=8  ACC=0.6241  NMI=0.6352  ARI=0.4518  2.8s

=== P1L_S1_C3 test[0] k=8  dim=576  frames=195  σ=0.5  fold=1 ===
  TKSS: k_hat=8  ACC=0.8718  NMI=0.8448  ARI=0.7552  0.5s

=== P1L_S2_C1 test[0] k=8  dim=576  frames=486  σ=0.5  fold=1 ===
  TKSS: k_hat=8  ACC=0.8539  NMI=0.8225  ARI=0.7340  2.3s

=== P1L_S2_C2 test[0] k=8  dim=576  frames=470  σ=0.5  fold=1 ===
  TKSS: k_hat=8  ACC=0.7426  NMI=0.7570  ARI=0.6160  3.4s

=== P1L_S2_C3 test[0] k=8  dim=576  frames=302  σ=0.5  fold=1 ===
  TKSS: k_hat=8  ACC=0.9007  NMI=0.8615  ARI=0.7980  0.4s

=== P1L_S3_C1 test[0] k=8  dim=576  frames=447  σ=0.5  fold=1 ===
  TKSS: k_hat=8  ACC=0.6980  NMI=0.7301  ARI=0.5533  2.0s

=== P1L_S3_C2 test[0] k=8  dim=576  frames=498  σ=0.5  fold=1 ===
  TKSS: k_hat=8  ACC=0.6285  NMI=0.6431  ARI=0.4596  2.4s

=== P1L_S3_C3 test[0] k=8  dim=576  frames=354  σ=0.5  fold=1 ===
  TKSS: k_hat=8  ACC=0.8531  NMI=0.8007  ARI=0.6970  1.9s

=== P1L_S4_C1 test[0] k=8  dim=576  frames=436  σ=0.5  fold=1 ===
  TKSS: k_hat=8  ACC=0.7225  NMI=0.8195  ARI=0.6693  1.7s

=== P1L_S4_C2 test[0] k=8  dim=576  frames=444  σ=0.5  fold=1 ===
  TKSS: k_hat=8  ACC=0.8423  NMI=0.8072  ARI=0.7097  2.0s

=== P1L_S4_C3 test[0] k=8  dim=576  frames=299  σ=0.5  fold=1 ===
  TKSS: k_hat=8  ACC=0.8495  NMI=0.8251  ARI=0.7207  1.1s
  tune_pool_groups=4: sampling from 17 held-in people (overlap allowed) instead of the 2 fixed partition group(s)

============================================================
σ=0.5 fold=2  test=['0003', '0007', '0010', '0012', '0016', '0017', '0020', '0021']  train mats=48  test mats=24  tune mats=96
  --- tune TKSS over 96 train mats  n_trials=30 (3 params) ---
  TKSS trial 0: mean ARI=0.7018  n=96  31.8s  d=5, lam=1, s=2
  TKSS trial 1: mean ARI=0.6976  n=96  47.8s  d=9, lam=1.398, s=4
  TKSS trial 2: mean ARI=0.6974  n=96  24.7s  d=9, lam=0.1866, s=4
  TKSS trial 3: mean ARI=0.6920  n=96  72.8s  d=7, lam=4.735, s=6
  TKSS trial 4: mean ARI=0.7008  n=96  51.8s  d=6, lam=2.372, s=4
  TKSS trial 5: mean ARI=0.6967  n=96  15.1s  d=9, lam=5.981, s=1
  TKSS trial 6: mean ARI=0.6932  n=96  32.5s  d=2, lam=0.0115, s=5
  TKSS trial 7: mean ARI=0.6891  n=96  76.4s  d=12, lam=4.074, s=6
  TKSS trial 8: mean ARI=0.6931  n=96  39.3s  d=12, lam=0.2423, s=5
  TKSS trial 9: mean ARI=0.7035  n=96  57.2s  d=2, lam=0.8313, s=1
  TKSS trial 10: mean ARI=0.6956  n=96  14.0s  d=15, lam=0.01463, s=2
  TKSS trial 11: mean ARI=0.7153  n=96  141.7s  d=1, lam=0.5626, s=2
  TKSS trial 12: mean ARI=0.6760  n=96  121.5s  d=1, lam=0.3474, s=1
  TKSS trial 13: mean ARI=0.6982  n=96  28.8s  d=3, lam=0.06667, s=2
  TKSS trial 14: mean ARI=0.7030  n=96  50.1s  d=4, lam=0.5416, s=3
  TKSS trial 15: mean ARI=0.6690  n=96  101.9s  d=1, lam=0.07126, s=1
  TKSS trial 16: mean ARI=0.7068  n=96  67.7s  d=3, lam=0.781, s=3
  TKSS trial 17: mean ARI=0.6982  n=96  24.1s  d=4, lam=0.06413, s=3
  TKSS trial 18: mean ARI=0.6976  n=96  23.2s  d=7, lam=0.1262, s=3
  TKSS trial 19: mean ARI=0.7055  n=96  56.5s  d=3, lam=2.159, s=2
  TKSS trial 20: mean ARI=0.7300  n=96  147.8s  d=1, lam=0.4994, s=3
  TKSS trial 21: mean ARI=0.7277  n=96  144.3s  d=1, lam=0.4708, s=3
  TKSS trial 22: mean ARI=0.7277  n=96  144.0s  d=1, lam=0.4685, s=3
  TKSS trial 23: mean ARI=0.7347  n=96  148.3s  d=1, lam=0.3912, s=4
  TKSS trial 24: mean ARI=0.7081  n=96  54.7s  d=2, lam=0.1356, s=4
  TKSS trial 25: mean ARI=0.7018  n=96  60.3s  d=4, lam=0.2864, s=5
  TKSS trial 26: mean ARI=0.6965  n=96  40.1s  d=2, lam=0.02455, s=4
  TKSS trial 27: mean ARI=0.7008  n=96  51.5s  d=5, lam=1.646, s=3
  TKSS trial 28: mean ARI=0.7322  n=96  130.1s  d=1, lam=0.1492, s=5
  TKSS trial 29: mean ARI=0.6992  n=96  28.3s  d=3, lam=0.03458, s=5
    best mean ARI=0.7347  tune 2028.2s  d=1, lam=0.3912, s=4
  wrote /nfs/turbo/umms-minjilab/lpullela/icassp_ssc_tv2/block_ssc_benchmark/cv/params/surveillance/split_k8_sigmas_min30_trials20_params_knownk_cv_overlap_tkss_k8_sigma0p5_sigma0.5_fold2.json

=== P1E_S1_C1 train[0] k=8  dim=576  frames=379  σ=0.5  fold=2 ===
  TKSS: k_hat=8  ACC=0.7995  NMI=0.8420  ARI=0.7500  1.6s

=== P1E_S1_C1 train[1] k=8  dim=576  frames=410  σ=0.5  fold=2 ===
  TKSS: k_hat=8  ACC=0.6122  NMI=0.6850  ARI=0.4700  4.5s

=== P1E_S1_C2 train[0] k=8  dim=576  frames=325  σ=0.5  fold=2 ===
  TKSS: k_hat=8  ACC=0.9046  NMI=0.8666  ARI=0.7894  1.1s

=== P1E_S1_C2 train[1] k=8  dim=576  frames=339  σ=0.5  fold=2 ===
  TKSS: k_hat=8  ACC=0.8614  NMI=0.8379  ARI=0.7553  0.7s

=== P1E_S1_C3 train[0] k=8  dim=576  frames=148  σ=0.5  fold=2 ===
  TKSS: k_hat=8  ACC=0.7230  NMI=0.7638  ARI=0.5924  0.1s

=== P1E_S1_C3 train[1] k=8  dim=576  frames=132  σ=0.5  fold=2 ===
  TKSS: k_hat=8  ACC=0.7727  NMI=0.8250  ARI=0.6958  0.1s

=== P1E_S2_C1 train[0] k=8  dim=576  frames=409  σ=0.5  fold=2 ===
  TKSS: k_hat=8  ACC=0.7995  NMI=0.7658  ARI=0.6359  2.3s

=== P1E_S2_C1 train[1] k=8  dim=576  frames=426  σ=0.5  fold=2 ===
  TKSS: k_hat=8  ACC=0.7066  NMI=0.6965  ARI=0.5392  3.3s

=== P1E_S2_C2 train[0] k=8  dim=576  frames=333  σ=0.5  fold=2 ===
  TKSS: k_hat=8  ACC=0.7538  NMI=0.8151  ARI=0.6929  1.0s

=== P1E_S2_C2 train[1] k=8  dim=576  frames=348  σ=0.5  fold=2 ===
  TKSS: k_hat=8  ACC=0.8736  NMI=0.8404  ARI=0.7512  1.6s

=== P1E_S2_C3 train[0] k=8  dim=576  frames=259  σ=0.5  fold=2 ===
  TKSS: k_hat=8  ACC=0.7954  NMI=0.8178  ARI=0.6897  0.6s

=== P1E_S2_C3 train[1] k=8  dim=576  frames=278  σ=0.5  fold=2 ===
  TKSS: k_hat=8  ACC=0.9101  NMI=0.8830  ARI=0.8223  0.4s

=== P1E_S3_C1 train[0] k=8  dim=576  frames=385  σ=0.5  fold=2 ===
  TKSS: k_hat=8  ACC=0.7091  NMI=0.7765  ARI=0.6027  1.5s

=== P1E_S3_C1 train[1] k=8  dim=576  frames=427  σ=0.5  fold=2 ===
  TKSS: k_hat=8  ACC=0.6417  NMI=0.6086  ARI=0.4352  3.4s

=== P1E_S3_C2 train[0] k=8  dim=576  frames=331  σ=0.5  fold=2 ===
  TKSS: k_hat=8  ACC=0.7251  NMI=0.8146  ARI=0.6669  1.2s

=== P1E_S3_C2 train[1] k=8  dim=576  frames=428  σ=0.5  fold=2 ===
  TKSS: k_hat=8  ACC=0.8481  NMI=0.8063  ARI=0.7065  2.0s

=== P1E_S3_C3 train[0] k=8  dim=576  frames=243  σ=0.5  fold=2 ===
  TKSS: k_hat=8  ACC=0.7860  NMI=0.8601  ARI=0.7447  0.6s

=== P1E_S3_C3 train[1] k=8  dim=576  frames=319  σ=0.5  fold=2 ===
  TKSS: k_hat=8  ACC=0.9185  NMI=0.8879  ARI=0.8232  0.7s

=== P1E_S4_C1 train[0] k=8  dim=576  frames=363  σ=0.5  fold=2 ===
  TKSS: k_hat=8  ACC=0.8099  NMI=0.8168  ARI=0.6938  0.6s

=== P1E_S4_C1 train[1] k=8  dim=576  frames=465  σ=0.5  fold=2 ===
  TKSS: k_hat=8  ACC=0.8731  NMI=0.8362  ARI=0.7336  2.8s

=== P1E_S4_C2 train[0] k=8  dim=576  frames=317  σ=0.5  fold=2 ===
  TKSS: k_hat=8  ACC=0.9685  NMI=0.9413  ARI=0.9301  0.7s

=== P1E_S4_C2 train[1] k=8  dim=576  frames=363  σ=0.5  fold=2 ===
  TKSS: k_hat=8  ACC=0.7796  NMI=0.7815  ARI=0.6433  0.8s

=== P1E_S4_C3 train[0] k=8  dim=576  frames=214  σ=0.5  fold=2 ===
  TKSS: k_hat=8  ACC=0.8972  NMI=0.8701  ARI=0.7919  0.3s

=== P1E_S4_C3 train[1] k=8  dim=576  frames=245  σ=0.5  fold=2 ===
  TKSS: k_hat=8  ACC=0.8082  NMI=0.8164  ARI=0.6919  0.2s

=== P1L_S1_C1 train[0] k=8  dim=576  frames=422  σ=0.5  fold=2 ===
  TKSS: k_hat=8  ACC=0.8768  NMI=0.8914  ARI=0.8163  1.4s

=== P1L_S1_C1 train[1] k=8  dim=576  frames=503  σ=0.5  fold=2 ===
  TKSS: k_hat=8  ACC=0.9702  NMI=0.9386  ARI=0.9355  1.2s

=== P1L_S1_C2 train[0] k=8  dim=576  frames=414  σ=0.5  fold=2 ===
  TKSS: k_hat=8  ACC=0.7585  NMI=0.7600  ARI=0.5886  2.1s

=== P1L_S1_C2 train[1] k=8  dim=576  frames=423  σ=0.5  fold=2 ===
  TKSS: k_hat=8  ACC=0.6572  NMI=0.6969  ARI=0.5021  2.4s

=== P1L_S1_C3 train[0] k=8  dim=576  frames=168  σ=0.5  fold=2 ===
  TKSS: k_hat=8  ACC=0.9643  NMI=0.9431  ARI=0.9162  0.2s

=== P1L_S1_C3 train[1] k=8  dim=576  frames=195  σ=0.5  fold=2 ===
  TKSS: k_hat=8  ACC=0.8821  NMI=0.8574  ARI=0.7768  0.4s

=== P1L_S2_C1 train[0] k=8  dim=576  frames=507  σ=0.5  fold=2 ===
  TKSS: k_hat=8  ACC=0.7751  NMI=0.8255  ARI=0.7313  4.6s

=== P1L_S2_C1 train[1] k=8  dim=576  frames=486  σ=0.5  fold=2 ===
  TKSS: k_hat=8  ACC=0.8539  NMI=0.8276  ARI=0.7343  2.0s

=== P1L_S2_C2 train[0] k=8  dim=576  frames=453  σ=0.5  fold=2 ===
  TKSS: k_hat=8  ACC=0.8168  NMI=0.9051  ARI=0.8093  1.4s

=== P1L_S2_C2 train[1] k=8  dim=576  frames=470  σ=0.5  fold=2 ===
  TKSS: k_hat=8  ACC=0.8064  NMI=0.8405  ARI=0.7281  2.6s

=== P1L_S2_C3 train[0] k=8  dim=576  frames=275  σ=0.5  fold=2 ===
  TKSS: k_hat=8  ACC=0.7927  NMI=0.8512  ARI=0.7308  0.5s

=== P1L_S2_C3 train[1] k=8  dim=576  frames=302  σ=0.5  fold=2 ===
  TKSS: k_hat=8  ACC=0.9437  NMI=0.9125  ARI=0.8818  0.6s

=== P1L_S3_C1 train[0] k=8  dim=576  frames=394  σ=0.5  fold=2 ===
  TKSS: k_hat=8  ACC=0.8655  NMI=0.8444  ARI=0.7412  1.0s

=== P1L_S3_C1 train[1] k=8  dim=576  frames=447  σ=0.5  fold=2 ===
  TKSS: k_hat=8  ACC=0.6868  NMI=0.7358  ARI=0.5569  2.7s

=== P1L_S3_C2 train[0] k=8  dim=576  frames=427  σ=0.5  fold=2 ===
  TKSS: k_hat=8  ACC=0.9321  NMI=0.9084  ARI=0.8586  1.2s

=== P1L_S3_C2 train[1] k=8  dim=576  frames=498  σ=0.5  fold=2 ===
  TKSS: k_hat=8  ACC=0.6245  NMI=0.6513  ARI=0.4562  2.7s

=== P1L_S3_C3 train[0] k=8  dim=576  frames=348  σ=0.5  fold=2 ===
  TKSS: k_hat=8  ACC=0.8707  NMI=0.8433  ARI=0.7160  0.7s

=== P1L_S3_C3 train[1] k=8  dim=576  frames=354  σ=0.5  fold=2 ===
  TKSS: k_hat=8  ACC=0.8588  NMI=0.8060  ARI=0.7100  2.0s

=== P1L_S4_C1 train[0] k=8  dim=576  frames=441  σ=0.5  fold=2 ===
  TKSS: k_hat=8  ACC=0.7959  NMI=0.7643  ARI=0.6311  1.9s

=== P1L_S4_C1 train[1] k=8  dim=576  frames=436  σ=0.5  fold=2 ===
  TKSS: k_hat=8  ACC=0.8372  NMI=0.8439  ARI=0.7181  2.4s

=== P1L_S4_C2 train[0] k=8  dim=576  frames=410  σ=0.5  fold=2 ===
  TKSS: k_hat=8  ACC=0.9293  NMI=0.9088  ARI=0.8585  2.3s

=== P1L_S4_C2 train[1] k=8  dim=576  frames=444  σ=0.5  fold=2 ===
  TKSS: k_hat=8  ACC=0.9054  NMI=0.8729  ARI=0.8228  1.9s

=== P1L_S4_C3 train[0] k=8  dim=576  frames=258  σ=0.5  fold=2 ===
  TKSS: k_hat=8  ACC=0.7636  NMI=0.8369  ARI=0.7140  0.5s

=== P1L_S4_C3 train[1] k=8  dim=576  frames=299  σ=0.5  fold=2 ===
  TKSS: k_hat=8  ACC=0.7592  NMI=0.7864  ARI=0.6237  2.0s

=== P1E_S1_C1 test[0] k=8  dim=576  frames=399  σ=0.5  fold=2 ===
  TKSS: k_hat=8  ACC=0.8972  NMI=0.8831  ARI=0.8032  1.2s

=== P1E_S1_C2 test[0] k=8  dim=576  frames=331  σ=0.5  fold=2 ===
  TKSS: k_hat=8  ACC=0.9033  NMI=0.8724  ARI=0.8059  0.4s

=== P1E_S1_C3 test[0] k=8  dim=576  frames=154  σ=0.5  fold=2 ===
  TKSS: k_hat=8  ACC=0.8701  NMI=0.8254  ARI=0.7331  0.0s

=== P1E_S2_C1 test[0] k=8  dim=576  frames=386  σ=0.5  fold=2 ===
  TKSS: k_hat=8  ACC=0.9016  NMI=0.8667  ARI=0.8070  1.8s

=== P1E_S2_C2 test[0] k=8  dim=576  frames=320  σ=0.5  fold=2 ===
  TKSS: k_hat=8  ACC=0.8812  NMI=0.8502  ARI=0.7689  0.8s

=== P1E_S2_C3 test[0] k=8  dim=576  frames=246  σ=0.5  fold=2 ===
  TKSS: k_hat=8  ACC=0.8740  NMI=0.8544  ARI=0.7645  0.5s

=== P1E_S3_C1 test[0] k=8  dim=576  frames=395  σ=0.5  fold=2 ===
  TKSS: k_hat=8  ACC=0.7392  NMI=0.7778  ARI=0.6018  1.2s

=== P1E_S3_C2 test[0] k=8  dim=576  frames=324  σ=0.5  fold=2 ===
  TKSS: k_hat=8  ACC=0.7006  NMI=0.7731  ARI=0.5812  1.0s

=== P1E_S3_C3 test[0] k=8  dim=576  frames=265  σ=0.5  fold=2 ===
  TKSS: k_hat=8  ACC=0.7434  NMI=0.8072  ARI=0.6714  0.9s

=== P1E_S4_C1 test[0] k=8  dim=576  frames=379  σ=0.5  fold=2 ===
  TKSS: k_hat=8  ACC=0.7098  NMI=0.7959  ARI=0.6527  1.7s

=== P1E_S4_C2 test[0] k=8  dim=576  frames=335  σ=0.5  fold=2 ===
  TKSS: k_hat=8  ACC=0.8836  NMI=0.8556  ARI=0.7781  0.8s

=== P1E_S4_C3 test[0] k=8  dim=576  frames=233  σ=0.5  fold=2 ===
  TKSS: k_hat=8  ACC=0.8541  NMI=0.8164  ARI=0.7137  0.2s

=== P1L_S1_C1 test[0] k=8  dim=576  frames=399  σ=0.5  fold=2 ===
  TKSS: k_hat=8  ACC=0.8396  NMI=0.8288  ARI=0.7029  1.3s

=== P1L_S1_C2 test[0] k=8  dim=576  frames=406  σ=0.5  fold=2 ===
  TKSS: k_hat=8  ACC=0.6158  NMI=0.6704  ARI=0.4612  1.8s

=== P1L_S1_C3 test[0] k=8  dim=576  frames=179  σ=0.5  fold=2 ===
  TKSS: k_hat=8  ACC=0.8380  NMI=0.8262  ARI=0.7043  0.4s

=== P1L_S2_C1 test[0] k=8  dim=576  frames=429  σ=0.5  fold=2 ===
  TKSS: k_hat=8  ACC=0.7063  NMI=0.7612  ARI=0.6207  1.3s

=== P1L_S2_C2 test[0] k=8  dim=576  frames=432  σ=0.5  fold=2 ===
  TKSS: k_hat=8  ACC=0.6968  NMI=0.7802  ARI=0.6280  3.1s

=== P1L_S2_C3 test[0] k=8  dim=576  frames=288  σ=0.5  fold=2 ===
  TKSS: k_hat=8  ACC=0.8507  NMI=0.8515  ARI=0.7347  0.6s

=== P1L_S3_C1 test[0] k=8  dim=576  frames=417  σ=0.5  fold=2 ===
  TKSS: k_hat=8  ACC=0.8513  NMI=0.8248  ARI=0.7200  0.9s

=== P1L_S3_C2 test[0] k=8  dim=576  frames=480  σ=0.5  fold=2 ===
  TKSS: k_hat=8  ACC=0.6458  NMI=0.6428  ARI=0.4573  2.3s

=== P1L_S3_C3 test[0] k=8  dim=576  frames=349  σ=0.5  fold=2 ===
  TKSS: k_hat=8  ACC=0.8682  NMI=0.8286  ARI=0.7240  0.8s

=== P1L_S4_C1 test[0] k=8  dim=576  frames=497  σ=0.5  fold=2 ===
  TKSS: k_hat=8  ACC=0.9316  NMI=0.9080  ARI=0.8630  1.6s

=== P1L_S4_C2 test[0] k=8  dim=576  frames=423  σ=0.5  fold=2 ===
  TKSS: k_hat=8  ACC=0.7754  NMI=0.7433  ARI=0.5721  3.1s

=== P1L_S4_C3 test[0] k=8  dim=576  frames=284  σ=0.5  fold=2 ===
  TKSS: k_hat=8  ACC=0.9190  NMI=0.8623  ARI=0.8151  0.6s

=== inference time per method ===
  TKSS: mean=1.4023s  std=1.0201s  total=302.9s  n=216
wrote /nfs/turbo/umms-minjilab/lpullela/icassp_ssc_tv2/block_ssc_benchmark/cv/results/surveillance/split_k8_sigmas_min30_trials20_knownk_cv_overlap_tkss_k8_sigma0p5_timing.json

=== mean over matrices ===
  TKSS train σ=0.5: ACC=0.8178  NMI=0.8200  ARI=0.7102  n=144
  TKSS test σ=0.5: ACC=0.8086  NMI=0.8110  ARI=0.6972  n=72

wrote /nfs/turbo/umms-minjilab/lpullela/icassp_ssc_tv2/block_ssc_benchmark/cv/results/surveillance/split_k8_sigmas_min30_trials20_knownk_cv_overlap_tkss_k8_sigma0p5.csv
end=Sun Sep  6 13:24:16 EDT 2026
Experiment completed!
