========================================
Job: cvov_tkss_k8_s0p25
Method: TKSS  k: 8  sigma: 0.25  tune_pool_groups: 4
========================================
host=gl3206.arc-ts.umich.edu  python=/home/lpullela/miniconda3/envs/ssc_559/bin/python  start=Sun Sep  6 11:37:52 EDT 2026
Loading P1E_S1_C1
  Y: (576, 1236)  people=25  frames/person=[60, 61, 50, 48, 51, 35, 41, 56, 55, 49, 65, 50, 63, 38, 61, 48, 50, 49, 50, 30, 42, 60, 32, 39, 53]  min=30
Loading P1E_S1_C2
  Y: (576, 1031)  people=25  frames/person=[42, 48, 31, 35, 50, 45, 30, 32, 38, 40, 61, 41, 47, 33, 46, 36, 41, 45, 42, 36, 33, 50, 53, 33, 43]  min=30
Loading P1E_S1_C3
  Y: (576, 453)  people=25  frames/person=[15, 22, 16, 16, 17, 13, 14, 19, 14, 25, 26, 12, 21, 18, 22, 19, 13, 19, 16, 15, 8, 15, 30, 20, 28]  min=8
  warning: 24 people have fewer than 30 available frames (kept all)
Loading P1E_S2_C1
  Y: (576, 1256)  people=25  frames/person=[65, 50, 50, 51, 53, 48, 49, 60, 33, 48, 61, 58, 52, 32, 55, 35, 45, 53, 40, 53, 51, 65, 64, 42, 43]  min=32
Loading P1E_S2_C2
  Y: (576, 1042)  people=25  frames/person=[33, 48, 38, 41, 53, 36, 39, 47, 51, 36, 55, 44, 43, 25, 42, 41, 37, 45, 41, 38, 40, 54, 49, 33, 33]  min=25
  warning: 1 people have fewer than 30 available frames (kept all)
Loading P1E_S2_C3
  Y: (576, 816)  people=25  frames/person=[36, 33, 28, 32, 42, 37, 31, 36, 31, 23, 42, 36, 35, 20, 33, 33, 32, 32, 32, 29, 32, 42, 38, 27, 24]  min=20
  warning: 6 people have fewer than 30 available frames (kept all)
Loading P1E_S3_C1
  Y: (576, 1255)  people=25  frames/person=[43, 39, 47, 52, 58, 96, 42, 31, 79, 33, 67, 55, 44, 34, 40, 48, 54, 77, 45, 41, 46, 53, 56, 38, 37]  min=31
Loading P1E_S3_C2
  Y: (576, 1126)  people=25  frames/person=[57, 56, 35, 40, 49, 75, 34, 40, 70, 26, 65, 54, 43, 28, 32, 43, 48, 31, 36, 33, 42, 71, 57, 30, 31]  min=26
  warning: 2 people have fewer than 30 available frames (kept all)
Loading P1E_S3_C3
  Y: (576, 866)  people=25  frames/person=[43, 36, 24, 33, 37, 47, 29, 37, 55, 18, 40, 40, 31, 22, 30, 39, 35, 45, 30, 28, 30, 50, 42, 20, 25]  min=18
  warning: 7 people have fewer than 30 available frames (kept all)
Loading P1E_S4_C1
  Y: (576, 1247)  people=25  frames/person=[58, 54, 34, 56, 50, 59, 50, 56, 74, 38, 75, 35, 46, 31, 53, 40, 57, 32, 56, 33, 48, 67, 59, 48, 38]  min=31
Loading P1E_S4_C2
  Y: (576, 1051)  people=25  frames/person=[37, 37, 41, 46, 41, 49, 38, 45, 65, 30, 39, 48, 50, 34, 43, 36, 47, 52, 45, 37, 38, 50, 30, 37, 36]  min=30
Loading P1E_S4_C3
  Y: (576, 719)  people=25  frames/person=[28, 29, 22, 29, 24, 36, 31, 29, 33, 25, 37, 19, 28, 21, 25, 27, 25, 41, 27, 29, 26, 31, 45, 29, 23]  min=19
  warning: 18 people have fewer than 30 available frames (kept all)
Loading P1L_S1_C1
  Y: (576, 1391)  people=25  frames/person=[65, 68, 43, 64, 47, 40, 58, 33, 75, 41, 58, 72, 58, 49, 66, 67, 65, 43, 59, 57, 58, 51, 67, 32, 55]  min=32
Loading P1L_S1_C2
  Y: (576, 1309)  people=25  frames/person=[30, 65, 37, 63, 66, 54, 52, 52, 43, 49, 71, 49, 58, 48, 54, 66, 56, 36, 48, 49, 55, 66, 52, 39, 51]  min=30
Loading P1L_S1_C3
  Y: (576, 565)  people=25  frames/person=[27, 29, 20, 26, 19, 25, 22, 12, 28, 25, 20, 25, 23, 18, 21, 23, 25, 26, 23, 21, 18, 18, 30, 18, 23]  min=12
  warning: 24 people have fewer than 30 available frames (kept all)
Loading P1L_S2_C1
  Y: (576, 1470)  people=25  frames/person=[73, 68, 53, 64, 65, 41, 73, 55, 37, 31, 82, 75, 63, 45, 34, 48, 74, 84, 71, 64, 62, 65, 48, 33, 62]  min=31
Loading P1L_S2_C2
  Y: (576, 1393)  people=25  frames/person=[64, 65, 49, 62, 69, 69, 63, 61, 80, 34, 89, 57, 53, 52, 55, 38, 30, 30, 66, 36, 57, 51, 73, 41, 49]  min=30
Loading P1L_S2_C3
  Y: (576, 897)  people=25  frames/person=[40, 36, 29, 28, 35, 37, 36, 36, 50, 28, 55, 46, 34, 31, 35, 32, 30, 48, 37, 29, 36, 39, 45, 19, 26]  min=19
  warning: 6 people have fewer than 30 available frames (kept all)
Loading P1L_S3_C1
  Y: (576, 1329)  people=25  frames/person=[31, 33, 30, 51, 74, 75, 59, 65, 66, 43, 47, 39, 65, 50, 58, 71, 67, 36, 57, 35, 62, 31, 74, 59, 51]  min=30
Loading P1L_S3_C2
  Y: (576, 1472)  people=25  frames/person=[78, 38, 48, 51, 54, 71, 61, 71, 32, 50, 75, 38, 72, 63, 48, 67, 49, 87, 52, 56, 58, 85, 73, 56, 39]  min=32
Loading P1L_S3_C3
  Y: (576, 1105)  people=25  frames/person=[48, 44, 38, 38, 39, 45, 35, 55, 52, 26, 81, 39, 36, 36, 44, 54, 42, 61, 38, 31, 34, 53, 51, 44, 41]  min=26
  warning: 1 people have fewer than 30 available frames (kept all)
Loading P1L_S4_C1
  Y: (576, 1443)  people=25  frames/person=[50, 69, 44, 41, 78, 43, 32, 71, 45, 65, 59, 39, 56, 57, 68, 69, 70, 73, 51, 63, 47, 70, 57, 52, 74]  min=32
Loading P1L_S4_C2
  Y: (576, 1327)  people=25  frames/person=[71, 34, 39, 54, 63, 67, 52, 39, 52, 56, 59, 50, 51, 53, 63, 50, 71, 63, 48, 35, 31, 71, 43, 52, 60]  min=31
Loading P1L_S4_C3
  Y: (576, 880)  people=25  frames/person=[37, 41, 23, 26, 32, 34, 22, 32, 50, 29, 38, 44, 31, 34, 37, 39, 39, 39, 38, 26, 25, 50, 41, 33, 40]  min=22
  warning: 6 people have fewer than 30 available frames (kept all)
sequences=24  people=25  k=8
frames/person ~ Unif[30, 100]
down_hw=24  sigmas=(0.25,)  n_trials=20  known_k=True  csv=split_k8_sigmas_min30_trials20_knownk_cv_overlap_tkss_k8_sigma0p25.csv
SSC-Block-TV block_size searched in [2, 12]
CV mode: 3 folds of size 8, each rotated as test
  1 people unused (remainder dropped)
  group 0: ['0004', '0006', '0009', '0013', '0014', '0022', '0026', '0027']
  group 1: ['0001', '0005', '0011', '0015', '0019', '0023', '0024', '0025']
  group 2: ['0003', '0007', '0010', '0012', '0016', '0017', '0020', '0021']
methods=['TKSS']  append=False  hetero_noise=False  no_tune=False
  tune_pool_groups=4: sampling from 17 held-in people (overlap allowed) instead of the 2 fixed partition group(s)

============================================================
σ=0.25 fold=0  test=['0004', '0006', '0009', '0013', '0014', '0022', '0026', '0027']  train mats=48  test mats=24  tune mats=96
  --- tune TKSS over 96 train mats  n_trials=30 (3 params) ---
  TKSS trial 0: mean ARI=0.6709  n=96  46.4s  d=5, lam=1, s=2
  TKSS trial 1: mean ARI=0.6570  n=96  74.0s  d=9, lam=1.398, s=4
  TKSS trial 2: mean ARI=0.6671  n=96  39.3s  d=9, lam=0.1866, s=4
  TKSS trial 3: mean ARI=0.6388  n=96  114.3s  d=7, lam=4.735, s=6
  TKSS trial 4: mean ARI=0.6555  n=96  76.0s  d=6, lam=2.372, s=4
  TKSS trial 5: mean ARI=0.6718  n=96  22.8s  d=9, lam=5.981, s=1
  TKSS trial 6: mean ARI=0.6570  n=96  61.2s  d=2, lam=0.0115, s=5
  TKSS trial 7: mean ARI=0.6427  n=96  126.1s  d=12, lam=4.074, s=6
  TKSS trial 8: mean ARI=0.6589  n=96  63.9s  d=12, lam=0.2423, s=5
  TKSS trial 9: mean ARI=0.6586  n=96  81.0s  d=2, lam=0.8313, s=1
  TKSS trial 10: mean ARI=0.6718  n=96  14.0s  d=15, lam=0.01456, s=2
  TKSS trial 11: mean ARI=0.6718  n=96  14.0s  d=15, lam=0.01211, s=2
  TKSS trial 12: mean ARI=0.6718  n=96  14.0s  d=15, lam=0.01507, s=2
  TKSS trial 13: mean ARI=0.6718  n=96  14.1s  d=15, lam=0.03917, s=2
  TKSS trial 14: mean ARI=0.6719  n=96  14.7s  d=13, lam=0.0318, s=3
  TKSS trial 15: mean ARI=0.6719  n=96  14.8s  d=12, lam=0.05467, s=3
  TKSS trial 16: mean ARI=0.6719  n=96  15.9s  d=12, lam=0.05963, s=3
  TKSS trial 17: mean ARI=0.6713  n=96  17.9s  d=11, lam=0.09458, s=3
  TKSS trial 18: mean ARI=0.6719  n=96  17.8s  d=10, lam=0.08127, s=3
  TKSS trial 19: mean ARI=0.6667  n=96  39.6s  d=10, lam=0.3519, s=3
  TKSS trial 20: mean ARI=0.6722  n=96  37.1s  d=4, lam=0.102, s=5
  TKSS trial 21: mean ARI=0.6722  n=96  37.0s  d=4, lam=0.1024, s=5
  TKSS trial 22: mean ARI=0.6706  n=96  42.5s  d=4, lam=0.1291, s=5
  TKSS trial 23: mean ARI=0.6374  n=96  156.4s  d=1, lam=0.3912, s=5
  TKSS trial 24: mean ARI=0.6745  n=96  25.4s  d=4, lam=0.0296, s=6
  TKSS trial 25: mean ARI=0.6746  n=96  25.2s  d=4, lam=0.02662, s=6
  TKSS trial 26: mean ARI=0.6743  n=96  33.6s  d=3, lam=0.02455, s=6
  TKSS trial 27: mean ARI=0.6741  n=96  32.9s  d=3, lam=0.02375, s=6
  TKSS trial 28: mean ARI=0.6719  n=96  17.6s  d=7, lam=0.02244, s=6
  TKSS trial 29: mean ARI=0.6736  n=96  24.5s  d=5, lam=0.0384, s=6
    best mean ARI=0.6746  tune 1314.1s  d=4, lam=0.02662, s=6
  wrote /nfs/turbo/umms-minjilab/lpullela/icassp_ssc_tv2/block_ssc_benchmark/cv/params/surveillance/split_k8_sigmas_min30_trials20_params_knownk_cv_overlap_tkss_k8_sigma0p25_sigma0.25_fold0.json

=== P1E_S1_C1 train[0] k=8  dim=576  frames=410  σ=0.25  fold=0 ===
  TKSS: k_hat=8  ACC=0.7610  NMI=0.7616  ARI=0.6067  0.3s

=== P1E_S1_C1 train[1] k=8  dim=576  frames=399  σ=0.25  fold=0 ===
  TKSS: k_hat=8  ACC=0.9499  NMI=0.9268  ARI=0.8958  1.1s

=== P1E_S1_C2 train[0] k=8  dim=576  frames=339  σ=0.25  fold=0 ===
  TKSS: k_hat=8  ACC=0.8171  NMI=0.8035  ARI=0.6798  0.1s

=== P1E_S1_C2 train[1] k=8  dim=576  frames=331  σ=0.25  fold=0 ===
  TKSS: k_hat=8  ACC=0.9063  NMI=0.8797  ARI=0.8144  0.1s

=== P1E_S1_C3 train[0] k=8  dim=576  frames=132  σ=0.25  fold=0 ===
  TKSS: k_hat=8  ACC=0.7652  NMI=0.8193  ARI=0.6820  0.0s

=== P1E_S1_C3 train[1] k=8  dim=576  frames=154  σ=0.25  fold=0 ===
  TKSS: k_hat=8  ACC=0.8701  NMI=0.8254  ARI=0.7331  0.0s

=== P1E_S2_C1 train[0] k=8  dim=576  frames=426  σ=0.25  fold=0 ===
  TKSS: k_hat=8  ACC=0.7746  NMI=0.7651  ARI=0.6225  0.2s

=== P1E_S2_C1 train[1] k=8  dim=576  frames=386  σ=0.25  fold=0 ===
  TKSS: k_hat=8  ACC=0.8938  NMI=0.8724  ARI=0.8005  0.4s

=== P1E_S2_C2 train[0] k=8  dim=576  frames=348  σ=0.25  fold=0 ===
  TKSS: k_hat=8  ACC=0.8075  NMI=0.7853  ARI=0.6566  0.1s

=== P1E_S2_C2 train[1] k=8  dim=576  frames=320  σ=0.25  fold=0 ===
  TKSS: k_hat=8  ACC=0.8594  NMI=0.8220  ARI=0.7331  0.5s

=== P1E_S2_C3 train[0] k=8  dim=576  frames=278  σ=0.25  fold=0 ===
  TKSS: k_hat=8  ACC=0.8777  NMI=0.8420  ARI=0.7644  0.2s

=== P1E_S2_C3 train[1] k=8  dim=576  frames=246  σ=0.25  fold=0 ===
  TKSS: k_hat=8  ACC=0.8415  NMI=0.8238  ARI=0.7256  0.1s

=== P1E_S3_C1 train[0] k=8  dim=576  frames=427  σ=0.25  fold=0 ===
  TKSS: k_hat=8  ACC=0.8782  NMI=0.8392  ARI=0.7576  0.7s

=== P1E_S3_C1 train[1] k=8  dim=576  frames=395  σ=0.25  fold=0 ===
  TKSS: k_hat=8  ACC=0.7367  NMI=0.7718  ARI=0.5889  0.4s

=== P1E_S3_C2 train[0] k=8  dim=576  frames=428  σ=0.25  fold=0 ===
  TKSS: k_hat=8  ACC=0.8645  NMI=0.8301  ARI=0.7410  0.2s

=== P1E_S3_C2 train[1] k=8  dim=576  frames=324  σ=0.25  fold=0 ===
  TKSS: k_hat=8  ACC=0.6852  NMI=0.7504  ARI=0.5708  0.1s

=== P1E_S3_C3 train[0] k=8  dim=576  frames=319  σ=0.25  fold=0 ===
  TKSS: k_hat=8  ACC=0.8903  NMI=0.8598  ARI=0.7768  0.3s

=== P1E_S3_C3 train[1] k=8  dim=576  frames=265  σ=0.25  fold=0 ===
  TKSS: k_hat=8  ACC=0.7660  NMI=0.7915  ARI=0.6581  0.3s

=== P1E_S4_C1 train[0] k=8  dim=576  frames=465  σ=0.25  fold=0 ===
  TKSS: k_hat=8  ACC=0.9484  NMI=0.9364  ARI=0.8925  0.6s

=== P1E_S4_C1 train[1] k=8  dim=576  frames=379  σ=0.25  fold=0 ===
  TKSS: k_hat=8  ACC=0.7836  NMI=0.8102  ARI=0.6896  0.7s

=== P1E_S4_C2 train[0] k=8  dim=576  frames=363  σ=0.25  fold=0 ===
  TKSS: k_hat=8  ACC=0.7521  NMI=0.7513  ARI=0.5845  0.1s

=== P1E_S4_C2 train[1] k=8  dim=576  frames=335  σ=0.25  fold=0 ===
  TKSS: k_hat=8  ACC=0.8597  NMI=0.8312  ARI=0.7425  0.4s

=== P1E_S4_C3 train[0] k=8  dim=576  frames=245  σ=0.25  fold=0 ===
  TKSS: k_hat=8  ACC=0.7959  NMI=0.8041  ARI=0.6777  0.1s

=== P1E_S4_C3 train[1] k=8  dim=576  frames=233  σ=0.25  fold=0 ===
  TKSS: k_hat=8  ACC=0.8670  NMI=0.8432  ARI=0.7402  0.3s

=== P1L_S1_C1 train[0] k=8  dim=576  frames=503  σ=0.25  fold=0 ===
  TKSS: k_hat=8  ACC=0.8748  NMI=0.8289  ARI=0.7546  0.9s

=== P1L_S1_C1 train[1] k=8  dim=576  frames=399  σ=0.25  fold=0 ===
  TKSS: k_hat=8  ACC=0.7945  NMI=0.7820  ARI=0.6446  0.2s

=== P1L_S1_C2 train[0] k=8  dim=576  frames=423  σ=0.25  fold=0 ===
  TKSS: k_hat=8  ACC=0.7612  NMI=0.7684  ARI=0.6134  0.3s

=== P1L_S1_C2 train[1] k=8  dim=576  frames=406  σ=0.25  fold=0 ===
  TKSS: k_hat=8  ACC=0.7389  NMI=0.7529  ARI=0.5853  0.3s

=== P1L_S1_C3 train[0] k=8  dim=576  frames=195  σ=0.25  fold=0 ===
  TKSS: k_hat=8  ACC=0.8103  NMI=0.7905  ARI=0.6588  0.1s

=== P1L_S1_C3 train[1] k=8  dim=576  frames=179  σ=0.25  fold=0 ===
  TKSS: k_hat=8  ACC=0.8547  NMI=0.8397  ARI=0.7395  0.0s

=== P1L_S2_C1 train[0] k=8  dim=576  frames=486  σ=0.25  fold=0 ===
  TKSS: k_hat=8  ACC=0.8498  NMI=0.8081  ARI=0.7095  0.2s

=== P1L_S2_C1 train[1] k=8  dim=576  frames=429  σ=0.25  fold=0 ===
  TKSS: k_hat=8  ACC=0.7156  NMI=0.7905  ARI=0.6535  0.5s

=== P1L_S2_C2 train[0] k=8  dim=576  frames=470  σ=0.25  fold=0 ===
  TKSS: k_hat=8  ACC=0.8000  NMI=0.7959  ARI=0.6748  0.4s

=== P1L_S2_C2 train[1] k=8  dim=576  frames=432  σ=0.25  fold=0 ===
  TKSS: k_hat=8  ACC=0.7292  NMI=0.7536  ARI=0.5983  0.3s

=== P1L_S2_C3 train[0] k=8  dim=576  frames=302  σ=0.25  fold=0 ===
  TKSS: k_hat=8  ACC=0.8775  NMI=0.8340  ARI=0.7504  0.1s

=== P1L_S2_C3 train[1] k=8  dim=576  frames=288  σ=0.25  fold=0 ===
  TKSS: k_hat=8  ACC=0.8854  NMI=0.8826  ARI=0.8038  0.2s

=== P1L_S3_C1 train[0] k=8  dim=576  frames=447  σ=0.25  fold=0 ===
  TKSS: k_hat=8  ACC=0.7427  NMI=0.7706  ARI=0.6131  0.5s

=== P1L_S3_C1 train[1] k=8  dim=576  frames=417  σ=0.25  fold=0 ===
  TKSS: k_hat=8  ACC=0.8393  NMI=0.8112  ARI=0.6995  0.3s

=== P1L_S3_C2 train[0] k=8  dim=576  frames=498  σ=0.25  fold=0 ===
  TKSS: k_hat=8  ACC=0.7269  NMI=0.7555  ARI=0.5942  0.6s

=== P1L_S3_C2 train[1] k=8  dim=576  frames=480  σ=0.25  fold=0 ===
  TKSS: k_hat=8  ACC=0.8375  NMI=0.8121  ARI=0.6922  0.4s

=== P1L_S3_C3 train[0] k=8  dim=576  frames=354  σ=0.25  fold=0 ===
  TKSS: k_hat=8  ACC=0.8842  NMI=0.8456  ARI=0.7735  0.1s

=== P1L_S3_C3 train[1] k=8  dim=576  frames=349  σ=0.25  fold=0 ===
  TKSS: k_hat=8  ACC=0.8625  NMI=0.8335  ARI=0.7363  0.4s

=== P1L_S4_C1 train[0] k=8  dim=576  frames=436  σ=0.25  fold=0 ===
  TKSS: k_hat=8  ACC=0.7638  NMI=0.7908  ARI=0.6476  0.3s

=== P1L_S4_C1 train[1] k=8  dim=576  frames=497  σ=0.25  fold=0 ===
  TKSS: k_hat=8  ACC=0.9195  NMI=0.8877  ARI=0.8351  0.4s

=== P1L_S4_C2 train[0] k=8  dim=576  frames=444  σ=0.25  fold=0 ===
  TKSS: k_hat=8  ACC=0.8153  NMI=0.7983  ARI=0.6680  0.7s

=== P1L_S4_C2 train[1] k=8  dim=576  frames=423  σ=0.25  fold=0 ===
  TKSS: k_hat=8  ACC=0.8109  NMI=0.7910  ARI=0.6631  0.2s

=== P1L_S4_C3 train[0] k=8  dim=576  frames=299  σ=0.25  fold=0 ===
  TKSS: k_hat=8  ACC=0.8729  NMI=0.8572  ARI=0.7632  0.2s

=== P1L_S4_C3 train[1] k=8  dim=576  frames=284  σ=0.25  fold=0 ===
  TKSS: k_hat=8  ACC=0.8944  NMI=0.8581  ARI=0.7889  0.2s

=== P1E_S1_C1 test[0] k=8  dim=576  frames=379  σ=0.25  fold=0 ===
  TKSS: k_hat=8  ACC=0.8522  NMI=0.8445  ARI=0.7441  0.3s

=== P1E_S1_C2 test[0] k=8  dim=576  frames=325  σ=0.25  fold=0 ===
  TKSS: k_hat=8  ACC=0.8554  NMI=0.8235  ARI=0.7134  0.1s

=== P1E_S1_C3 test[0] k=8  dim=576  frames=148  σ=0.25  fold=0 ===
  TKSS: k_hat=8  ACC=0.7162  NMI=0.7612  ARI=0.5837  0.0s

=== P1E_S2_C1 test[0] k=8  dim=576  frames=409  σ=0.25  fold=0 ===
  TKSS: k_hat=8  ACC=0.8680  NMI=0.8541  ARI=0.7686  0.3s

=== P1E_S2_C2 test[0] k=8  dim=576  frames=333  σ=0.25  fold=0 ===
  TKSS: k_hat=8  ACC=0.7508  NMI=0.7705  ARI=0.6209  0.2s

=== P1E_S2_C3 test[0] k=8  dim=576  frames=259  σ=0.25  fold=0 ===
  TKSS: k_hat=8  ACC=0.7336  NMI=0.7609  ARI=0.5985  0.1s

=== P1E_S3_C1 test[0] k=8  dim=576  frames=385  σ=0.25  fold=0 ===
  TKSS: k_hat=8  ACC=0.7584  NMI=0.8082  ARI=0.6684  0.4s

=== P1E_S3_C2 test[0] k=8  dim=576  frames=331  σ=0.25  fold=0 ===
  TKSS: k_hat=8  ACC=0.7100  NMI=0.7749  ARI=0.6218  0.1s

=== P1E_S3_C3 test[0] k=8  dim=576  frames=243  σ=0.25  fold=0 ===
  TKSS: k_hat=8  ACC=0.7613  NMI=0.7964  ARI=0.6587  0.1s

=== P1E_S4_C1 test[0] k=8  dim=576  frames=363  σ=0.25  fold=0 ===
  TKSS: k_hat=8  ACC=0.7851  NMI=0.7921  ARI=0.6557  0.1s

=== P1E_S4_C2 test[0] k=8  dim=576  frames=317  σ=0.25  fold=0 ===
  TKSS: k_hat=8  ACC=0.9148  NMI=0.8767  ARI=0.8267  0.2s

=== P1E_S4_C3 test[0] k=8  dim=576  frames=214  σ=0.25  fold=0 ===
  TKSS: k_hat=8  ACC=0.8738  NMI=0.8378  ARI=0.7431  0.1s

=== P1L_S1_C1 test[0] k=8  dim=576  frames=422  σ=0.25  fold=0 ===
  TKSS: k_hat=8  ACC=0.8246  NMI=0.8061  ARI=0.6836  0.3s

=== P1L_S1_C2 test[0] k=8  dim=576  frames=414  σ=0.25  fold=0 ===
  TKSS: k_hat=8  ACC=0.8406  NMI=0.8350  ARI=0.7236  0.3s

=== P1L_S1_C3 test[0] k=8  dim=576  frames=168  σ=0.25  fold=0 ===
  TKSS: k_hat=8  ACC=0.9226  NMI=0.8773  ARI=0.8311  0.0s

=== P1L_S2_C1 test[0] k=8  dim=576  frames=507  σ=0.25  fold=0 ===
  TKSS: k_hat=8  ACC=0.7909  NMI=0.8075  ARI=0.6839  0.4s

=== P1L_S2_C2 test[0] k=8  dim=576  frames=453  σ=0.25  fold=0 ===
  TKSS: k_hat=8  ACC=0.7219  NMI=0.7820  ARI=0.6433  1.3s

=== P1L_S2_C3 test[0] k=8  dim=576  frames=275  σ=0.25  fold=0 ===
  TKSS: k_hat=8  ACC=0.7455  NMI=0.7847  ARI=0.6423  0.1s

=== P1L_S3_C1 test[0] k=8  dim=576  frames=394  σ=0.25  fold=0 ===
  TKSS: k_hat=8  ACC=0.8274  NMI=0.8045  ARI=0.6807  0.3s

=== P1L_S3_C2 test[0] k=8  dim=576  frames=427  σ=0.25  fold=0 ===
  TKSS: k_hat=8  ACC=0.8314  NMI=0.8144  ARI=0.7046  0.5s

=== P1L_S3_C3 test[0] k=8  dim=576  frames=348  σ=0.25  fold=0 ===
  TKSS: k_hat=8  ACC=0.7931  NMI=0.7856  ARI=0.6325  0.1s

=== P1L_S4_C1 test[0] k=8  dim=576  frames=441  σ=0.25  fold=0 ===
  TKSS: k_hat=8  ACC=0.7755  NMI=0.7602  ARI=0.6073  0.7s

=== P1L_S4_C2 test[0] k=8  dim=576  frames=410  σ=0.25  fold=0 ===
  TKSS: k_hat=8  ACC=0.8878  NMI=0.8490  ARI=0.7760  0.3s

=== P1L_S4_C3 test[0] k=8  dim=576  frames=258  σ=0.25  fold=0 ===
  TKSS: k_hat=8  ACC=0.7364  NMI=0.7597  ARI=0.5952  0.1s
  tune_pool_groups=4: sampling from 17 held-in people (overlap allowed) instead of the 2 fixed partition group(s)

============================================================
σ=0.25 fold=1  test=['0001', '0005', '0011', '0015', '0019', '0023', '0024', '0025']  train mats=48  test mats=24  tune mats=96
  --- tune TKSS over 96 train mats  n_trials=30 (3 params) ---
  TKSS trial 0: mean ARI=0.7002  n=96  38.3s  d=5, lam=1, s=2
  TKSS trial 1: mean ARI=0.6743  n=96  73.7s  d=9, lam=1.398, s=4
  TKSS trial 2: mean ARI=0.6929  n=96  36.5s  d=9, lam=0.1866, s=4
  TKSS trial 3: mean ARI=0.6435  n=96  96.9s  d=7, lam=4.735, s=6
  TKSS trial 4: mean ARI=0.6744  n=96  68.7s  d=6, lam=2.372, s=4
  TKSS trial 5: mean ARI=0.7008  n=96  21.5s  d=9, lam=5.981, s=1
  TKSS trial 6: mean ARI=0.7046  n=96  45.3s  d=2, lam=0.0115, s=5
  TKSS trial 7: mean ARI=0.6466  n=96  117.8s  d=12, lam=4.074, s=6
  TKSS trial 8: mean ARI=0.6814  n=96  65.3s  d=12, lam=0.2423, s=5
  TKSS trial 9: mean ARI=0.7084  n=96  65.5s  d=2, lam=0.8313, s=1
  TKSS trial 10: mean ARI=0.6984  n=96  13.4s  d=15, lam=0.01463, s=2
  TKSS trial 11: mean ARI=0.6643  n=96  103.4s  d=1, lam=0.01211, s=1
  TKSS trial 12: mean ARI=0.6853  n=96  111.5s  d=1, lam=0.05122, s=3
  TKSS trial 13: mean ARI=0.6995  n=96  57.5s  d=3, lam=0.2955, s=3
  TKSS trial 14: mean ARI=0.7036  n=96  37.1s  d=3, lam=0.06854, s=5
  TKSS trial 15: mean ARI=0.7029  n=96  57.5s  d=3, lam=0.5999, s=2
  TKSS trial 16: mean ARI=0.7031  n=96  26.8s  d=4, lam=0.04234, s=5
  TKSS trial 17: mean ARI=0.6930  n=96  112.4s  d=1, lam=0.09033, s=3
  TKSS trial 18: mean ARI=0.6979  n=96  48.4s  d=2, lam=0.02297, s=1
  TKSS trial 19: mean ARI=0.6508  n=96  92.0s  d=5, lam=0.4708, s=6
  TKSS trial 20: mean ARI=0.6956  n=96  42.5s  d=7, lam=8.827, s=2
  TKSS trial 21: mean ARI=0.7008  n=96  45.1s  d=3, lam=0.0923, s=5
  TKSS trial 22: mean ARI=0.7033  n=96  23.3s  d=4, lam=0.03011, s=5
  TKSS trial 23: mean ARI=0.7024  n=96  50.5s  d=2, lam=0.01015, s=4
  TKSS trial 24: mean ARI=0.7091  n=96  70.6s  d=2, lam=0.112, s=5
  TKSS trial 25: mean ARI=0.7023  n=96  76.9s  d=2, lam=0.1498, s=6
  TKSS trial 26: mean ARI=0.6929  n=96  55.4s  d=5, lam=0.6422, s=3
  TKSS trial 27: mean ARI=0.6821  n=96  109.9s  d=1, lam=0.02316, s=4
  TKSS trial 28: mean ARI=0.6556  n=96  102.3s  d=4, lam=2.266, s=5
  TKSS trial 29: mean ARI=0.7002  n=96  42.0s  d=5, lam=0.99, s=2
    best mean ARI=0.7091  tune 1907.9s  d=2, lam=0.112, s=5
  wrote /nfs/turbo/umms-minjilab/lpullela/icassp_ssc_tv2/block_ssc_benchmark/cv/params/surveillance/split_k8_sigmas_min30_trials20_params_knownk_cv_overlap_tkss_k8_sigma0p25_sigma0.25_fold1.json

=== P1E_S1_C1 train[0] k=8  dim=576  frames=379  σ=0.25  fold=1 ===
  TKSS: k_hat=8  ACC=0.8364  NMI=0.8423  ARI=0.7396  0.6s

=== P1E_S1_C1 train[1] k=8  dim=576  frames=399  σ=0.25  fold=1 ===
  TKSS: k_hat=8  ACC=0.9499  NMI=0.9210  ARI=0.8951  1.2s

=== P1E_S1_C2 train[0] k=8  dim=576  frames=325  σ=0.25  fold=1 ===
  TKSS: k_hat=8  ACC=0.8554  NMI=0.8233  ARI=0.7115  0.5s

=== P1E_S1_C2 train[1] k=8  dim=576  frames=331  σ=0.25  fold=1 ===
  TKSS: k_hat=8  ACC=0.8973  NMI=0.8740  ARI=0.8009  0.4s

=== P1E_S1_C3 train[0] k=8  dim=576  frames=148  σ=0.25  fold=1 ===
  TKSS: k_hat=8  ACC=0.7230  NMI=0.7638  ARI=0.5924  0.1s

=== P1E_S1_C3 train[1] k=8  dim=576  frames=154  σ=0.25  fold=1 ===
  TKSS: k_hat=8  ACC=0.8766  NMI=0.8339  ARI=0.7493  0.1s

=== P1E_S2_C1 train[0] k=8  dim=576  frames=409  σ=0.25  fold=1 ===
  TKSS: k_hat=8  ACC=0.8117  NMI=0.8025  ARI=0.7099  1.8s

=== P1E_S2_C1 train[1] k=8  dim=576  frames=386  σ=0.25  fold=1 ===
  TKSS: k_hat=8  ACC=0.8886  NMI=0.8655  ARI=0.7897  0.6s

=== P1E_S2_C2 train[0] k=8  dim=576  frames=333  σ=0.25  fold=1 ===
  TKSS: k_hat=8  ACC=0.7357  NMI=0.7951  ARI=0.6693  1.1s

=== P1E_S2_C2 train[1] k=8  dim=576  frames=320  σ=0.25  fold=1 ===
  TKSS: k_hat=8  ACC=0.8656  NMI=0.8268  ARI=0.7453  0.5s

=== P1E_S2_C3 train[0] k=8  dim=576  frames=259  σ=0.25  fold=1 ===
  TKSS: k_hat=8  ACC=0.7606  NMI=0.7854  ARI=0.6447  0.4s

=== P1E_S2_C3 train[1] k=8  dim=576  frames=246  σ=0.25  fold=1 ===
  TKSS: k_hat=8  ACC=0.8211  NMI=0.8150  ARI=0.7012  0.4s

=== P1E_S3_C1 train[0] k=8  dim=576  frames=385  σ=0.25  fold=1 ===
  TKSS: k_hat=8  ACC=0.7221  NMI=0.7421  ARI=0.6061  0.8s

=== P1E_S3_C1 train[1] k=8  dim=576  frames=395  σ=0.25  fold=1 ===
  TKSS: k_hat=8  ACC=0.6937  NMI=0.7401  ARI=0.5691  1.0s

=== P1E_S3_C2 train[0] k=8  dim=576  frames=331  σ=0.25  fold=1 ===
  TKSS: k_hat=8  ACC=0.6918  NMI=0.7676  ARI=0.5962  0.7s

=== P1E_S3_C2 train[1] k=8  dim=576  frames=324  σ=0.25  fold=1 ===
  TKSS: k_hat=8  ACC=0.6944  NMI=0.7744  ARI=0.5907  0.8s

=== P1E_S3_C3 train[0] k=8  dim=576  frames=243  σ=0.25  fold=1 ===
  TKSS: k_hat=8  ACC=0.7531  NMI=0.7962  ARI=0.6580  0.2s

=== P1E_S3_C3 train[1] k=8  dim=576  frames=265  σ=0.25  fold=1 ===
  TKSS: k_hat=8  ACC=0.7509  NMI=0.8046  ARI=0.6750  0.6s

=== P1E_S4_C1 train[0] k=8  dim=576  frames=363  σ=0.25  fold=1 ===
  TKSS: k_hat=8  ACC=0.7989  NMI=0.8104  ARI=0.6732  0.5s

=== P1E_S4_C1 train[1] k=8  dim=576  frames=379  σ=0.25  fold=1 ===
  TKSS: k_hat=8  ACC=0.7441  NMI=0.8045  ARI=0.6780  1.3s

=== P1E_S4_C2 train[0] k=8  dim=576  frames=317  σ=0.25  fold=1 ===
  TKSS: k_hat=8  ACC=0.9495  NMI=0.9194  ARI=0.8877  0.7s

=== P1E_S4_C2 train[1] k=8  dim=576  frames=335  σ=0.25  fold=1 ===
  TKSS: k_hat=8  ACC=0.8657  NMI=0.8408  ARI=0.7549  0.4s

=== P1E_S4_C3 train[0] k=8  dim=576  frames=214  σ=0.25  fold=1 ===
  TKSS: k_hat=8  ACC=0.8692  NMI=0.8360  ARI=0.7384  0.2s

=== P1E_S4_C3 train[1] k=8  dim=576  frames=233  σ=0.25  fold=1 ===
  TKSS: k_hat=8  ACC=0.8541  NMI=0.8357  ARI=0.7243  0.2s

=== P1L_S1_C1 train[0] k=8  dim=576  frames=422  σ=0.25  fold=1 ===
  TKSS: k_hat=8  ACC=0.7773  NMI=0.8062  ARI=0.6572  1.5s

=== P1L_S1_C1 train[1] k=8  dim=576  frames=399  σ=0.25  fold=1 ===
  TKSS: k_hat=8  ACC=0.8170  NMI=0.8139  ARI=0.6935  0.9s

=== P1L_S1_C2 train[0] k=8  dim=576  frames=414  σ=0.25  fold=1 ===
  TKSS: k_hat=8  ACC=0.8261  NMI=0.8314  ARI=0.7144  0.7s

=== P1L_S1_C2 train[1] k=8  dim=576  frames=406  σ=0.25  fold=1 ===
  TKSS: k_hat=8  ACC=0.6995  NMI=0.7283  ARI=0.5568  1.0s

=== P1L_S1_C3 train[0] k=8  dim=576  frames=168  σ=0.25  fold=1 ===
  TKSS: k_hat=8  ACC=0.9405  NMI=0.9130  ARI=0.8670  0.1s

=== P1L_S1_C3 train[1] k=8  dim=576  frames=179  σ=0.25  fold=1 ===
  TKSS: k_hat=8  ACC=0.8659  NMI=0.8571  ARI=0.7601  0.1s

=== P1L_S2_C1 train[0] k=8  dim=576  frames=507  σ=0.25  fold=1 ===
  TKSS: k_hat=8  ACC=0.7712  NMI=0.7995  ARI=0.6622  1.5s

=== P1L_S2_C1 train[1] k=8  dim=576  frames=429  σ=0.25  fold=1 ===
  TKSS: k_hat=8  ACC=0.7203  NMI=0.7856  ARI=0.6536  0.6s

=== P1L_S2_C2 train[0] k=8  dim=576  frames=453  σ=0.25  fold=1 ===
  TKSS: k_hat=8  ACC=0.7373  NMI=0.7900  ARI=0.6643  1.0s

=== P1L_S2_C2 train[1] k=8  dim=576  frames=432  σ=0.25  fold=1 ===
  TKSS: k_hat=8  ACC=0.7315  NMI=0.7705  ARI=0.6311  2.3s

=== P1L_S2_C3 train[0] k=8  dim=576  frames=275  σ=0.25  fold=1 ===
  TKSS: k_hat=8  ACC=0.7418  NMI=0.7875  ARI=0.6324  0.6s

=== P1L_S2_C3 train[1] k=8  dim=576  frames=288  σ=0.25  fold=1 ===
  TKSS: k_hat=8  ACC=0.8785  NMI=0.8807  ARI=0.7994  0.3s

=== P1L_S3_C1 train[0] k=8  dim=576  frames=394  σ=0.25  fold=1 ===
  TKSS: k_hat=8  ACC=0.8071  NMI=0.7937  ARI=0.6568  1.0s

=== P1L_S3_C1 train[1] k=8  dim=576  frames=417  σ=0.25  fold=1 ===
  TKSS: k_hat=8  ACC=0.8225  NMI=0.7985  ARI=0.6743  0.9s

=== P1L_S3_C2 train[0] k=8  dim=576  frames=427  σ=0.25  fold=1 ===
  TKSS: k_hat=8  ACC=0.8126  NMI=0.7973  ARI=0.6666  1.7s

=== P1L_S3_C2 train[1] k=8  dim=576  frames=480  σ=0.25  fold=1 ===
  TKSS: k_hat=8  ACC=0.7646  NMI=0.7178  ARI=0.5638  1.4s

=== P1L_S3_C3 train[0] k=8  dim=576  frames=348  σ=0.25  fold=1 ===
  TKSS: k_hat=8  ACC=0.7701  NMI=0.7674  ARI=0.6071  1.0s

=== P1L_S3_C3 train[1] k=8  dim=576  frames=349  σ=0.25  fold=1 ===
  TKSS: k_hat=8  ACC=0.8625  NMI=0.8308  ARI=0.7330  0.6s

=== P1L_S4_C1 train[0] k=8  dim=576  frames=441  σ=0.25  fold=1 ===
  TKSS: k_hat=8  ACC=0.7664  NMI=0.7570  ARI=0.6003  0.8s

=== P1L_S4_C1 train[1] k=8  dim=576  frames=497  σ=0.25  fold=1 ===
  TKSS: k_hat=8  ACC=0.9014  NMI=0.8845  ARI=0.8072  1.6s

=== P1L_S4_C2 train[0] k=8  dim=576  frames=410  σ=0.25  fold=1 ===
  TKSS: k_hat=8  ACC=0.8878  NMI=0.8533  ARI=0.7731  0.7s

=== P1L_S4_C2 train[1] k=8  dim=576  frames=423  σ=0.25  fold=1 ===
  TKSS: k_hat=8  ACC=0.7778  NMI=0.7843  ARI=0.6516  1.7s

=== P1L_S4_C3 train[0] k=8  dim=576  frames=258  σ=0.25  fold=1 ===
  TKSS: k_hat=8  ACC=0.7364  NMI=0.7597  ARI=0.5952  0.1s

=== P1L_S4_C3 train[1] k=8  dim=576  frames=284  σ=0.25  fold=1 ===
  TKSS: k_hat=8  ACC=0.9190  NMI=0.8915  ARI=0.8313  0.4s

=== P1E_S1_C1 test[0] k=8  dim=576  frames=410  σ=0.25  fold=1 ===
  TKSS: k_hat=8  ACC=0.7000  NMI=0.7571  ARI=0.6023  1.5s

=== P1E_S1_C2 test[0] k=8  dim=576  frames=339  σ=0.25  fold=1 ===
  TKSS: k_hat=8  ACC=0.8171  NMI=0.8033  ARI=0.6827  0.4s

=== P1E_S1_C3 test[0] k=8  dim=576  frames=132  σ=0.25  fold=1 ===
  TKSS: k_hat=8  ACC=0.7652  NMI=0.8193  ARI=0.6820  0.0s

=== P1E_S2_C1 test[0] k=8  dim=576  frames=426  σ=0.25  fold=1 ===
  TKSS: k_hat=8  ACC=0.7488  NMI=0.7066  ARI=0.5641  1.8s

=== P1E_S2_C2 test[0] k=8  dim=576  frames=348  σ=0.25  fold=1 ===
  TKSS: k_hat=8  ACC=0.7989  NMI=0.7762  ARI=0.6390  0.4s

=== P1E_S2_C3 test[0] k=8  dim=576  frames=278  σ=0.25  fold=1 ===
  TKSS: k_hat=8  ACC=0.8921  NMI=0.8579  ARI=0.7879  0.4s

=== P1E_S3_C1 test[0] k=8  dim=576  frames=427  σ=0.25  fold=1 ===
  TKSS: k_hat=8  ACC=0.7143  NMI=0.6693  ARI=0.5177  2.1s

=== P1E_S3_C2 test[0] k=8  dim=576  frames=428  σ=0.25  fold=1 ===
  TKSS: k_hat=8  ACC=0.8949  NMI=0.8375  ARI=0.7881  1.1s

=== P1E_S3_C3 test[0] k=8  dim=576  frames=319  σ=0.25  fold=1 ===
  TKSS: k_hat=8  ACC=0.9060  NMI=0.8842  ARI=0.8087  0.4s

=== P1E_S4_C1 test[0] k=8  dim=576  frames=465  σ=0.25  fold=1 ===
  TKSS: k_hat=8  ACC=0.9054  NMI=0.8986  ARI=0.8321  0.8s

=== P1E_S4_C2 test[0] k=8  dim=576  frames=363  σ=0.25  fold=1 ===
  TKSS: k_hat=8  ACC=0.7631  NMI=0.7789  ARI=0.6220  0.8s

=== P1E_S4_C3 test[0] k=8  dim=576  frames=245  σ=0.25  fold=1 ===
  TKSS: k_hat=8  ACC=0.7796  NMI=0.8091  ARI=0.6857  0.4s

=== P1L_S1_C1 test[0] k=8  dim=576  frames=503  σ=0.25  fold=1 ===
  TKSS: k_hat=8  ACC=0.8330  NMI=0.7876  ARI=0.6784  1.5s

=== P1L_S1_C2 test[0] k=8  dim=576  frames=423  σ=0.25  fold=1 ===
  TKSS: k_hat=8  ACC=0.7494  NMI=0.7691  ARI=0.6086  1.1s

=== P1L_S1_C3 test[0] k=8  dim=576  frames=195  σ=0.25  fold=1 ===
  TKSS: k_hat=8  ACC=0.8205  NMI=0.8070  ARI=0.6824  0.2s

=== P1L_S2_C1 test[0] k=8  dim=576  frames=486  σ=0.25  fold=1 ===
  TKSS: k_hat=8  ACC=0.8066  NMI=0.7702  ARI=0.6433  1.6s

=== P1L_S2_C2 test[0] k=8  dim=576  frames=470  σ=0.25  fold=1 ===
  TKSS: k_hat=8  ACC=0.7957  NMI=0.8167  ARI=0.6978  1.3s

=== P1L_S2_C3 test[0] k=8  dim=576  frames=302  σ=0.25  fold=1 ===
  TKSS: k_hat=8  ACC=0.9702  NMI=0.9514  ARI=0.9342  0.8s

=== P1L_S3_C1 test[0] k=8  dim=576  frames=447  σ=0.25  fold=1 ===
  TKSS: k_hat=8  ACC=0.6935  NMI=0.7358  ARI=0.5701  1.8s

=== P1L_S3_C2 test[0] k=8  dim=576  frames=498  σ=0.25  fold=1 ===
  TKSS: k_hat=8  ACC=0.7329  NMI=0.7615  ARI=0.6127  1.1s

=== P1L_S3_C3 test[0] k=8  dim=576  frames=354  σ=0.25  fold=1 ===
  TKSS: k_hat=8  ACC=0.9068  NMI=0.8890  ARI=0.8230  0.7s

=== P1L_S4_C1 test[0] k=8  dim=576  frames=436  σ=0.25  fold=1 ===
  TKSS: k_hat=8  ACC=0.7408  NMI=0.7785  ARI=0.6304  0.8s

=== P1L_S4_C2 test[0] k=8  dim=576  frames=444  σ=0.25  fold=1 ===
  TKSS: k_hat=8  ACC=0.8311  NMI=0.8059  ARI=0.6915  1.0s

=== P1L_S4_C3 test[0] k=8  dim=576  frames=299  σ=0.25  fold=1 ===
  TKSS: k_hat=8  ACC=0.8528  NMI=0.8486  ARI=0.7522  0.7s
  tune_pool_groups=4: sampling from 17 held-in people (overlap allowed) instead of the 2 fixed partition group(s)

============================================================
σ=0.25 fold=2  test=['0003', '0007', '0010', '0012', '0016', '0017', '0020', '0021']  train mats=48  test mats=24  tune mats=96
  --- tune TKSS over 96 train mats  n_trials=30 (3 params) ---
  TKSS trial 0: mean ARI=0.6946  n=96  51.6s  d=5, lam=1, s=2
  TKSS trial 1: mean ARI=0.6729  n=96  96.1s  d=9, lam=1.398, s=4
  TKSS trial 2: mean ARI=0.6902  n=96  42.0s  d=9, lam=0.1866, s=4
  TKSS trial 3: mean ARI=0.6474  n=96  137.3s  d=7, lam=4.735, s=6
  TKSS trial 4: mean ARI=0.6742  n=96  95.0s  d=6, lam=2.372, s=4
  TKSS trial 5: mean ARI=0.6969  n=96  26.3s  d=9, lam=5.981, s=1
  TKSS trial 6: mean ARI=0.6876  n=96  62.2s  d=2, lam=0.0115, s=5
  TKSS trial 7: mean ARI=0.6519  n=96  146.6s  d=12, lam=4.074, s=6
  TKSS trial 8: mean ARI=0.6789  n=96  74.9s  d=12, lam=0.2423, s=5
  TKSS trial 9: mean ARI=0.6881  n=96  94.0s  d=2, lam=0.8313, s=1
  TKSS trial 10: mean ARI=0.6958  n=96  14.9s  d=15, lam=0.01456, s=2
  TKSS trial 11: mean ARI=0.6958  n=96  14.9s  d=15, lam=0.01211, s=2
  TKSS trial 12: mean ARI=0.6959  n=96  15.4s  d=14, lam=0.05395, s=1
  TKSS trial 13: mean ARI=0.6962  n=96  15.8s  d=12, lam=0.05607, s=1
  TKSS trial 14: mean ARI=0.6969  n=96  23.0s  d=11, lam=8.609, s=1
  TKSS trial 15: mean ARI=0.6917  n=96  42.8s  d=9, lam=8.352, s=2
  TKSS trial 16: mean ARI=0.6848  n=96  65.7s  d=10, lam=9.299, s=3
  TKSS trial 17: mean ARI=0.6972  n=96  30.3s  d=7, lam=2.946, s=1
  TKSS trial 18: mean ARI=0.6915  n=96  64.7s  d=4, lam=0.4621, s=3
  TKSS trial 19: mean ARI=0.6974  n=96  29.1s  d=7, lam=2.27, s=1
  TKSS trial 20: mean ARI=0.6856  n=96  73.4s  d=7, lam=2.217, s=3
  TKSS trial 21: mean ARI=0.6973  n=96  27.7s  d=8, lam=3.398, s=1
  TKSS trial 22: mean ARI=0.6972  n=96  29.9s  d=7, lam=2.814, s=1
  TKSS trial 23: mean ARI=0.6943  n=96  51.8s  d=5, lam=1.323, s=2
  TKSS trial 24: mean ARI=0.6989  n=96  35.8s  d=4, lam=0.5686, s=1
  TKSS trial 25: mean ARI=0.6973  n=96  49.2s  d=4, lam=0.5364, s=2
  TKSS trial 26: mean ARI=0.7019  n=96  61.0s  d=3, lam=0.4758, s=2
  TKSS trial 27: mean ARI=0.6399  n=96  137.1s  d=1, lam=0.2407, s=3
  TKSS trial 28: mean ARI=0.7019  n=96  58.3s  d=3, lam=0.48, s=2
  TKSS trial 29: mean ARI=0.7018  n=96  39.0s  d=3, lam=0.1369, s=2
    best mean ARI=0.7019  tune 1706.0s  d=3, lam=0.4758, s=2
  wrote /nfs/turbo/umms-minjilab/lpullela/icassp_ssc_tv2/block_ssc_benchmark/cv/params/surveillance/split_k8_sigmas_min30_trials20_params_knownk_cv_overlap_tkss_k8_sigma0p25_sigma0.25_fold2.json

=== P1E_S1_C1 train[0] k=8  dim=576  frames=379  σ=0.25  fold=2 ===
  TKSS: k_hat=8  ACC=0.8391  NMI=0.8466  ARI=0.7455  0.7s

=== P1E_S1_C1 train[1] k=8  dim=576  frames=410  σ=0.25  fold=2 ===
  TKSS: k_hat=8  ACC=0.7585  NMI=0.7596  ARI=0.6022  0.3s

=== P1E_S1_C2 train[0] k=8  dim=576  frames=325  σ=0.25  fold=2 ===
  TKSS: k_hat=8  ACC=0.8585  NMI=0.8223  ARI=0.7171  0.4s

=== P1E_S1_C2 train[1] k=8  dim=576  frames=339  σ=0.25  fold=2 ===
  TKSS: k_hat=8  ACC=0.8171  NMI=0.8035  ARI=0.6798  0.1s

=== P1E_S1_C3 train[0] k=8  dim=576  frames=148  σ=0.25  fold=2 ===
  TKSS: k_hat=8  ACC=0.7230  NMI=0.7725  ARI=0.5930  0.1s

=== P1E_S1_C3 train[1] k=8  dim=576  frames=132  σ=0.25  fold=2 ===
  TKSS: k_hat=8  ACC=0.7803  NMI=0.8386  ARI=0.7064  0.0s

=== P1E_S2_C1 train[0] k=8  dim=576  frames=409  σ=0.25  fold=2 ===
  TKSS: k_hat=8  ACC=0.8900  NMI=0.8830  ARI=0.8154  1.1s

=== P1E_S2_C1 train[1] k=8  dim=576  frames=426  σ=0.25  fold=2 ===
  TKSS: k_hat=8  ACC=0.7793  NMI=0.7627  ARI=0.6231  1.3s

=== P1E_S2_C2 train[0] k=8  dim=576  frames=333  σ=0.25  fold=2 ===
  TKSS: k_hat=8  ACC=0.7568  NMI=0.7727  ARI=0.6274  0.5s

=== P1E_S2_C2 train[1] k=8  dim=576  frames=348  σ=0.25  fold=2 ===
  TKSS: k_hat=8  ACC=0.8046  NMI=0.7842  ARI=0.6533  0.3s

=== P1E_S2_C3 train[0] k=8  dim=576  frames=259  σ=0.25  fold=2 ===
  TKSS: k_hat=8  ACC=0.7375  NMI=0.7650  ARI=0.6064  0.2s

=== P1E_S2_C3 train[1] k=8  dim=576  frames=278  σ=0.25  fold=2 ===
  TKSS: k_hat=8  ACC=0.8705  NMI=0.8356  ARI=0.7529  0.3s

=== P1E_S3_C1 train[0] k=8  dim=576  frames=385  σ=0.25  fold=2 ===
  TKSS: k_hat=8  ACC=0.7532  NMI=0.8060  ARI=0.6653  0.6s

=== P1E_S3_C1 train[1] k=8  dim=576  frames=427  σ=0.25  fold=2 ===
  TKSS: k_hat=8  ACC=0.8431  NMI=0.7920  ARI=0.7018  1.7s

=== P1E_S3_C2 train[0] k=8  dim=576  frames=331  σ=0.25  fold=2 ===
  TKSS: k_hat=8  ACC=0.6979  NMI=0.7728  ARI=0.6102  0.9s

=== P1E_S3_C2 train[1] k=8  dim=576  frames=428  σ=0.25  fold=2 ===
  TKSS: k_hat=8  ACC=0.8668  NMI=0.8332  ARI=0.7460  0.3s

=== P1E_S3_C3 train[0] k=8  dim=576  frames=243  σ=0.25  fold=2 ===
  TKSS: k_hat=8  ACC=0.7407  NMI=0.7967  ARI=0.6599  0.4s

=== P1E_S3_C3 train[1] k=8  dim=576  frames=319  σ=0.25  fold=2 ===
  TKSS: k_hat=8  ACC=0.8871  NMI=0.8532  ARI=0.7718  0.4s

=== P1E_S4_C1 train[0] k=8  dim=576  frames=363  σ=0.25  fold=2 ===
  TKSS: k_hat=8  ACC=0.7851  NMI=0.7951  ARI=0.6579  0.3s

=== P1E_S4_C1 train[1] k=8  dim=576  frames=465  σ=0.25  fold=2 ===
  TKSS: k_hat=8  ACC=0.9484  NMI=0.9326  ARI=0.8915  0.8s

=== P1E_S4_C2 train[0] k=8  dim=576  frames=317  σ=0.25  fold=2 ===
  TKSS: k_hat=8  ACC=0.9401  NMI=0.9071  ARI=0.8681  0.7s

=== P1E_S4_C2 train[1] k=8  dim=576  frames=363  σ=0.25  fold=2 ===
  TKSS: k_hat=8  ACC=0.7438  NMI=0.7442  ARI=0.5685  0.6s

=== P1E_S4_C3 train[0] k=8  dim=576  frames=214  σ=0.25  fold=2 ===
  TKSS: k_hat=8  ACC=0.8738  NMI=0.8378  ARI=0.7431  0.1s

=== P1E_S4_C3 train[1] k=8  dim=576  frames=245  σ=0.25  fold=2 ===
  TKSS: k_hat=8  ACC=0.7837  NMI=0.7954  ARI=0.6630  0.2s

=== P1L_S1_C1 train[0] k=8  dim=576  frames=422  σ=0.25  fold=2 ===
  TKSS: k_hat=8  ACC=0.8199  NMI=0.8124  ARI=0.6845  0.8s

=== P1L_S1_C1 train[1] k=8  dim=576  frames=503  σ=0.25  fold=2 ===
  TKSS: k_hat=8  ACC=0.8748  NMI=0.8292  ARI=0.7547  0.9s

=== P1L_S1_C2 train[0] k=8  dim=576  frames=414  σ=0.25  fold=2 ===
  TKSS: k_hat=8  ACC=0.8357  NMI=0.8273  ARI=0.7131  0.6s

=== P1L_S1_C2 train[1] k=8  dim=576  frames=423  σ=0.25  fold=2 ===
  TKSS: k_hat=8  ACC=0.7541  NMI=0.7693  ARI=0.6090  0.5s

=== P1L_S1_C3 train[0] k=8  dim=576  frames=168  σ=0.25  fold=2 ===
  TKSS: k_hat=8  ACC=0.9405  NMI=0.9072  ARI=0.8679  0.1s

=== P1L_S1_C3 train[1] k=8  dim=576  frames=195  σ=0.25  fold=2 ===
  TKSS: k_hat=8  ACC=0.8205  NMI=0.8041  ARI=0.6766  0.1s

=== P1L_S2_C1 train[0] k=8  dim=576  frames=507  σ=0.25  fold=2 ===
  TKSS: k_hat=8  ACC=0.7909  NMI=0.8190  ARI=0.6935  0.9s

=== P1L_S2_C1 train[1] k=8  dim=576  frames=486  σ=0.25  fold=2 ===
  TKSS: k_hat=8  ACC=0.8416  NMI=0.8013  ARI=0.6955  0.6s

=== P1L_S2_C2 train[0] k=8  dim=576  frames=453  σ=0.25  fold=2 ===
  TKSS: k_hat=8  ACC=0.7196  NMI=0.7811  ARI=0.6411  1.1s

=== P1L_S2_C2 train[1] k=8  dim=576  frames=470  σ=0.25  fold=2 ===
  TKSS: k_hat=8  ACC=0.8319  NMI=0.8240  ARI=0.7189  1.3s

=== P1L_S2_C3 train[0] k=8  dim=576  frames=275  σ=0.25  fold=2 ===
  TKSS: k_hat=8  ACC=0.7418  NMI=0.7836  ARI=0.6392  0.2s

=== P1L_S2_C3 train[1] k=8  dim=576  frames=302  σ=0.25  fold=2 ===
  TKSS: k_hat=8  ACC=0.8775  NMI=0.8340  ARI=0.7507  0.3s

=== P1L_S3_C1 train[0] k=8  dim=576  frames=394  σ=0.25  fold=2 ===
  TKSS: k_hat=8  ACC=0.8376  NMI=0.8187  ARI=0.6965  0.4s

=== P1L_S3_C1 train[1] k=8  dim=576  frames=447  σ=0.25  fold=2 ===
  TKSS: k_hat=8  ACC=0.7338  NMI=0.7745  ARI=0.6246  1.2s

=== P1L_S3_C2 train[0] k=8  dim=576  frames=427  σ=0.25  fold=2 ===
  TKSS: k_hat=8  ACC=0.8290  NMI=0.8131  ARI=0.7016  0.7s

=== P1L_S3_C2 train[1] k=8  dim=576  frames=498  σ=0.25  fold=2 ===
  TKSS: k_hat=8  ACC=0.7108  NMI=0.7442  ARI=0.5771  1.6s

=== P1L_S3_C3 train[0] k=8  dim=576  frames=348  σ=0.25  fold=2 ===
  TKSS: k_hat=8  ACC=0.7845  NMI=0.7756  ARI=0.6184  0.6s

=== P1L_S3_C3 train[1] k=8  dim=576  frames=354  σ=0.25  fold=2 ===
  TKSS: k_hat=8  ACC=0.8898  NMI=0.8641  ARI=0.7868  0.5s

=== P1L_S4_C1 train[0] k=8  dim=576  frames=441  σ=0.25  fold=2 ===
  TKSS: k_hat=8  ACC=0.7642  NMI=0.7554  ARI=0.5966  0.7s

=== P1L_S4_C1 train[1] k=8  dim=576  frames=436  σ=0.25  fold=2 ===
  TKSS: k_hat=8  ACC=0.7385  NMI=0.7819  ARI=0.6329  1.0s

=== P1L_S4_C2 train[0] k=8  dim=576  frames=410  σ=0.25  fold=2 ===
  TKSS: k_hat=8  ACC=0.8756  NMI=0.8304  ARI=0.7501  0.6s

=== P1L_S4_C2 train[1] k=8  dim=576  frames=444  σ=0.25  fold=2 ===
  TKSS: k_hat=8  ACC=0.8153  NMI=0.7960  ARI=0.6660  0.5s

=== P1L_S4_C3 train[0] k=8  dim=576  frames=258  σ=0.25  fold=2 ===
  TKSS: k_hat=8  ACC=0.7442  NMI=0.7620  ARI=0.6001  0.2s

=== P1L_S4_C3 train[1] k=8  dim=576  frames=299  σ=0.25  fold=2 ===
  TKSS: k_hat=8  ACC=0.8796  NMI=0.8646  ARI=0.7692  0.4s

=== P1E_S1_C1 test[0] k=8  dim=576  frames=399  σ=0.25  fold=2 ===
  TKSS: k_hat=8  ACC=0.9499  NMI=0.9221  ARI=0.8952  1.4s

=== P1E_S1_C2 test[0] k=8  dim=576  frames=331  σ=0.25  fold=2 ===
  TKSS: k_hat=8  ACC=0.9033  NMI=0.8775  ARI=0.8095  0.3s

=== P1E_S1_C3 test[0] k=8  dim=576  frames=154  σ=0.25  fold=2 ===
  TKSS: k_hat=8  ACC=0.8831  NMI=0.8375  ARI=0.7568  0.1s

=== P1E_S2_C1 test[0] k=8  dim=576  frames=386  σ=0.25  fold=2 ===
  TKSS: k_hat=8  ACC=0.8912  NMI=0.8663  ARI=0.7946  0.4s

=== P1E_S2_C2 test[0] k=8  dim=576  frames=320  σ=0.25  fold=2 ===
  TKSS: k_hat=8  ACC=0.8781  NMI=0.8477  ARI=0.7731  0.9s

=== P1E_S2_C3 test[0] k=8  dim=576  frames=246  σ=0.25  fold=2 ===
  TKSS: k_hat=8  ACC=0.8293  NMI=0.8180  ARI=0.7098  0.3s

=== P1E_S3_C1 test[0] k=8  dim=576  frames=395  σ=0.25  fold=2 ===
  TKSS: k_hat=8  ACC=0.7468  NMI=0.7741  ARI=0.5972  0.7s

=== P1E_S3_C2 test[0] k=8  dim=576  frames=324  σ=0.25  fold=2 ===
  TKSS: k_hat=8  ACC=0.7130  NMI=0.7762  ARI=0.6091  0.6s

=== P1E_S3_C3 test[0] k=8  dim=576  frames=265  σ=0.25  fold=2 ===
  TKSS: k_hat=8  ACC=0.7396  NMI=0.7810  ARI=0.6351  0.5s

=== P1E_S4_C1 test[0] k=8  dim=576  frames=379  σ=0.25  fold=2 ===
  TKSS: k_hat=8  ACC=0.7784  NMI=0.8089  ARI=0.6837  0.7s

=== P1E_S4_C2 test[0] k=8  dim=576  frames=335  σ=0.25  fold=2 ===
  TKSS: k_hat=8  ACC=0.8627  NMI=0.8380  ARI=0.7494  0.5s

=== P1E_S4_C3 test[0] k=8  dim=576  frames=233  σ=0.25  fold=2 ===
  TKSS: k_hat=8  ACC=0.8541  NMI=0.8263  ARI=0.7183  0.1s

=== P1L_S1_C1 test[0] k=8  dim=576  frames=399  σ=0.25  fold=2 ===
  TKSS: k_hat=8  ACC=0.8120  NMI=0.8196  ARI=0.6893  1.5s

=== P1L_S1_C2 test[0] k=8  dim=576  frames=406  σ=0.25  fold=2 ===
  TKSS: k_hat=8  ACC=0.7438  NMI=0.7599  ARI=0.5930  0.5s

=== P1L_S1_C3 test[0] k=8  dim=576  frames=179  σ=0.25  fold=2 ===
  TKSS: k_hat=8  ACC=0.8659  NMI=0.8571  ARI=0.7601  0.1s

=== P1L_S2_C1 test[0] k=8  dim=576  frames=429  σ=0.25  fold=2 ===
  TKSS: k_hat=8  ACC=0.7156  NMI=0.7905  ARI=0.6535  0.5s

=== P1L_S2_C2 test[0] k=8  dim=576  frames=432  σ=0.25  fold=2 ===
  TKSS: k_hat=8  ACC=0.7315  NMI=0.7502  ARI=0.5982  0.5s

=== P1L_S2_C3 test[0] k=8  dim=576  frames=288  σ=0.25  fold=2 ===
  TKSS: k_hat=8  ACC=0.8854  NMI=0.8826  ARI=0.8038  0.2s

=== P1L_S3_C1 test[0] k=8  dim=576  frames=417  σ=0.25  fold=2 ===
  TKSS: k_hat=8  ACC=0.8297  NMI=0.7930  ARI=0.6778  1.1s

=== P1L_S3_C2 test[0] k=8  dim=576  frames=480  σ=0.25  fold=2 ===
  TKSS: k_hat=8  ACC=0.8354  NMI=0.8110  ARI=0.6891  0.5s

=== P1L_S3_C3 test[0] k=8  dim=576  frames=349  σ=0.25  fold=2 ===
  TKSS: k_hat=8  ACC=0.8682  NMI=0.8344  ARI=0.7429  0.5s

=== P1L_S4_C1 test[0] k=8  dim=576  frames=497  σ=0.25  fold=2 ===
  TKSS: k_hat=8  ACC=0.9095  NMI=0.8783  ARI=0.8169  0.8s

=== P1L_S4_C2 test[0] k=8  dim=576  frames=423  σ=0.25  fold=2 ===
  TKSS: k_hat=8  ACC=0.8180  NMI=0.8007  ARI=0.6796  0.5s

=== P1L_S4_C3 test[0] k=8  dim=576  frames=284  σ=0.25  fold=2 ===
  TKSS: k_hat=8  ACC=0.8908  NMI=0.8503  ARI=0.7809  0.3s

=== inference time per method ===
  TKSS: mean=0.5724s  std=0.4586s  total=123.6s  n=216
wrote /nfs/turbo/umms-minjilab/lpullela/icassp_ssc_tv2/block_ssc_benchmark/cv/results/surveillance/split_k8_sigmas_min30_trials20_knownk_cv_overlap_tkss_k8_sigma0p25_timing.json

=== mean over matrices ===
  TKSS train σ=0.25: ACC=0.8145  NMI=0.8131  ARI=0.6964  n=144
  TKSS test σ=0.25: ACC=0.8143  NMI=0.8123  ARI=0.6967  n=72

wrote /nfs/turbo/umms-minjilab/lpullela/icassp_ssc_tv2/block_ssc_benchmark/cv/results/surveillance/split_k8_sigmas_min30_trials20_knownk_cv_overlap_tkss_k8_sigma0p25.csv
end=Sun Sep  6 13:02:51 EDT 2026
Experiment completed!
