========================================
Job: cvov_ssc_block_tv_col21_k12_s0p25
Method: SSC-Block-TV-Col21  k: 12  sigma: 0.25  tune_pool_groups: 4
========================================
host=gl3302.arc-ts.umich.edu  python=/home/lpullela/miniconda3/envs/ssc_559/bin/python  start=Sun Sep  6 11:37:52 EDT 2026
Loading P1E_S1_C1
  Y: (576, 1236)  people=25  frames/person=[60, 61, 50, 48, 51, 35, 41, 56, 55, 49, 65, 50, 63, 38, 61, 48, 50, 49, 50, 30, 42, 60, 32, 39, 53]  min=30
Loading P1E_S1_C2
  Y: (576, 1031)  people=25  frames/person=[42, 48, 31, 35, 50, 45, 30, 32, 38, 40, 61, 41, 47, 33, 46, 36, 41, 45, 42, 36, 33, 50, 53, 33, 43]  min=30
Loading P1E_S1_C3
  Y: (576, 453)  people=25  frames/person=[15, 22, 16, 16, 17, 13, 14, 19, 14, 25, 26, 12, 21, 18, 22, 19, 13, 19, 16, 15, 8, 15, 30, 20, 28]  min=8
  warning: 24 people have fewer than 30 available frames (kept all)
Loading P1E_S2_C1
  Y: (576, 1256)  people=25  frames/person=[65, 50, 50, 51, 53, 48, 49, 60, 33, 48, 61, 58, 52, 32, 55, 35, 45, 53, 40, 53, 51, 65, 64, 42, 43]  min=32
Loading P1E_S2_C2
  Y: (576, 1042)  people=25  frames/person=[33, 48, 38, 41, 53, 36, 39, 47, 51, 36, 55, 44, 43, 25, 42, 41, 37, 45, 41, 38, 40, 54, 49, 33, 33]  min=25
  warning: 1 people have fewer than 30 available frames (kept all)
Loading P1E_S2_C3
  Y: (576, 816)  people=25  frames/person=[36, 33, 28, 32, 42, 37, 31, 36, 31, 23, 42, 36, 35, 20, 33, 33, 32, 32, 32, 29, 32, 42, 38, 27, 24]  min=20
  warning: 6 people have fewer than 30 available frames (kept all)
Loading P1E_S3_C1
  Y: (576, 1255)  people=25  frames/person=[43, 39, 47, 52, 58, 96, 42, 31, 79, 33, 67, 55, 44, 34, 40, 48, 54, 77, 45, 41, 46, 53, 56, 38, 37]  min=31
Loading P1E_S3_C2
  Y: (576, 1126)  people=25  frames/person=[57, 56, 35, 40, 49, 75, 34, 40, 70, 26, 65, 54, 43, 28, 32, 43, 48, 31, 36, 33, 42, 71, 57, 30, 31]  min=26
  warning: 2 people have fewer than 30 available frames (kept all)
Loading P1E_S3_C3
  Y: (576, 866)  people=25  frames/person=[43, 36, 24, 33, 37, 47, 29, 37, 55, 18, 40, 40, 31, 22, 30, 39, 35, 45, 30, 28, 30, 50, 42, 20, 25]  min=18
  warning: 7 people have fewer than 30 available frames (kept all)
Loading P1E_S4_C1
  Y: (576, 1247)  people=25  frames/person=[58, 54, 34, 56, 50, 59, 50, 56, 74, 38, 75, 35, 46, 31, 53, 40, 57, 32, 56, 33, 48, 67, 59, 48, 38]  min=31
Loading P1E_S4_C2
  Y: (576, 1051)  people=25  frames/person=[37, 37, 41, 46, 41, 49, 38, 45, 65, 30, 39, 48, 50, 34, 43, 36, 47, 52, 45, 37, 38, 50, 30, 37, 36]  min=30
Loading P1E_S4_C3
  Y: (576, 719)  people=25  frames/person=[28, 29, 22, 29, 24, 36, 31, 29, 33, 25, 37, 19, 28, 21, 25, 27, 25, 41, 27, 29, 26, 31, 45, 29, 23]  min=19
  warning: 18 people have fewer than 30 available frames (kept all)
Loading P1L_S1_C1
  Y: (576, 1391)  people=25  frames/person=[65, 68, 43, 64, 47, 40, 58, 33, 75, 41, 58, 72, 58, 49, 66, 67, 65, 43, 59, 57, 58, 51, 67, 32, 55]  min=32
Loading P1L_S1_C2
  Y: (576, 1309)  people=25  frames/person=[30, 65, 37, 63, 66, 54, 52, 52, 43, 49, 71, 49, 58, 48, 54, 66, 56, 36, 48, 49, 55, 66, 52, 39, 51]  min=30
Loading P1L_S1_C3
  Y: (576, 565)  people=25  frames/person=[27, 29, 20, 26, 19, 25, 22, 12, 28, 25, 20, 25, 23, 18, 21, 23, 25, 26, 23, 21, 18, 18, 30, 18, 23]  min=12
  warning: 24 people have fewer than 30 available frames (kept all)
Loading P1L_S2_C1
  Y: (576, 1470)  people=25  frames/person=[73, 68, 53, 64, 65, 41, 73, 55, 37, 31, 82, 75, 63, 45, 34, 48, 74, 84, 71, 64, 62, 65, 48, 33, 62]  min=31
Loading P1L_S2_C2
  Y: (576, 1393)  people=25  frames/person=[64, 65, 49, 62, 69, 69, 63, 61, 80, 34, 89, 57, 53, 52, 55, 38, 30, 30, 66, 36, 57, 51, 73, 41, 49]  min=30
Loading P1L_S2_C3
  Y: (576, 897)  people=25  frames/person=[40, 36, 29, 28, 35, 37, 36, 36, 50, 28, 55, 46, 34, 31, 35, 32, 30, 48, 37, 29, 36, 39, 45, 19, 26]  min=19
  warning: 6 people have fewer than 30 available frames (kept all)
Loading P1L_S3_C1
  Y: (576, 1329)  people=25  frames/person=[31, 33, 30, 51, 74, 75, 59, 65, 66, 43, 47, 39, 65, 50, 58, 71, 67, 36, 57, 35, 62, 31, 74, 59, 51]  min=30
Loading P1L_S3_C2
  Y: (576, 1472)  people=25  frames/person=[78, 38, 48, 51, 54, 71, 61, 71, 32, 50, 75, 38, 72, 63, 48, 67, 49, 87, 52, 56, 58, 85, 73, 56, 39]  min=32
Loading P1L_S3_C3
  Y: (576, 1105)  people=25  frames/person=[48, 44, 38, 38, 39, 45, 35, 55, 52, 26, 81, 39, 36, 36, 44, 54, 42, 61, 38, 31, 34, 53, 51, 44, 41]  min=26
  warning: 1 people have fewer than 30 available frames (kept all)
Loading P1L_S4_C1
  Y: (576, 1443)  people=25  frames/person=[50, 69, 44, 41, 78, 43, 32, 71, 45, 65, 59, 39, 56, 57, 68, 69, 70, 73, 51, 63, 47, 70, 57, 52, 74]  min=32
Loading P1L_S4_C2
  Y: (576, 1327)  people=25  frames/person=[71, 34, 39, 54, 63, 67, 52, 39, 52, 56, 59, 50, 51, 53, 63, 50, 71, 63, 48, 35, 31, 71, 43, 52, 60]  min=31
Loading P1L_S4_C3
  Y: (576, 880)  people=25  frames/person=[37, 41, 23, 26, 32, 34, 22, 32, 50, 29, 38, 44, 31, 34, 37, 39, 39, 39, 38, 26, 25, 50, 41, 33, 40]  min=22
  warning: 6 people have fewer than 30 available frames (kept all)
sequences=24  people=25  k=12
frames/person ~ Unif[30, 100]
down_hw=24  sigmas=(0.25,)  n_trials=20  known_k=True  csv=split_k12_sigmas_min30_trials20_knownk_cv_overlap_ssc_block_tv_col21_k12_sigma0p25.csv
SSC-Block-TV block_size searched in [2, 12]
CV mode: 2 folds of size 12, each rotated as test
  1 people unused (remainder dropped)
  group 0: ['0004', '0005', '0006', '0009', '0013', '0014', '0019', '0022', '0024', '0025', '0026', '0027']
  group 1: ['0001', '0003', '0007', '0010', '0011', '0012', '0015', '0016', '0017', '0020', '0021', '0023']
methods=['SSC-Block-TV-Col21']  append=False  hetero_noise=False  no_tune=False
  tune_pool_groups=4: sampling from 13 held-in people (overlap allowed) instead of the 1 fixed partition group(s)

============================================================
σ=0.25 fold=0  test=['0004', '0005', '0006', '0009', '0013', '0014', '0019', '0022', '0024', '0025', '0026', '0027']  train mats=24  test mats=24  tune mats=96
  --- tune SSC-Block-TV-Col21 over 96 train mats  n_trials=40 (4 params) ---
  SSC-Block-TV-Col21 trial 0: mean ARI=0.4822  n=96  199.9s  lambda_e=1, lambda_z=0.1, gamma_q=0.1, block_size=5
  SSC-Block-TV-Col21 trial 1: mean ARI=0.4129  n=96  191.7s  lambda_e=0.443, lambda_z=0.7257, gamma_q=0.2577, block_size=7
  SSC-Block-TV-Col21 trial 2: mean ARI=0.4669  n=96  189.5s  lambda_e=0.1866, lambda_z=0.3833, gamma_q=0.05628, block_size=11
  SSC-Block-TV-Col21 trial 3: mean ARI=0.4449  n=96  191.2s  lambda_e=7.78, lambda_z=0.03418, gamma_q=1.469, block_size=7
  SSC-Block-TV-Col21 trial 4: mean ARI=0.4783  n=96  204.6s  lambda_e=0.506, lambda_z=5.039, gamma_q=0.001924, block_size=2
  SSC-Block-TV-Col21 trial 5: mean ARI=0.3903  n=96  188.1s  lambda_e=0.0115, lambda_z=2.14, gamma_q=1.296, block_size=11
  SSC-Block-TV-Col21 trial 6: mean ARI=0.4327  n=96  188.9s  lambda_e=8.627, lambda_z=1.573, gamma_q=0.07013, block_size=10
  SSC-Block-TV-Col21 trial 7: mean ARI=0.5668  n=96  189.2s  lambda_e=0.02264, lambda_z=0.3628, gamma_q=0.003745, block_size=12
  SSC-Block-TV-Col21 trial 8: mean ARI=0.5779  n=96  190.4s  lambda_e=0.3677, lambda_z=0.04557, gamma_q=0.01143, block_size=10
  SSC-Block-TV-Col21 trial 9: mean ARI=0.5294  n=96  190.7s  lambda_e=0.2336, lambda_z=0.1878, gamma_q=0.001189, block_size=8
  SSC-Block-TV-Col21 trial 10: mean ARI=0.5702  n=96  205.9s  lambda_e=0.0543, lambda_z=0.001491, gamma_q=6.473, block_size=2
  SSC-Block-TV-Col21 trial 11: mean ARI=0.5185  n=96  195.4s  lambda_e=0.06092, lambda_z=0.001182, gamma_q=0.01198, block_size=4
  SSC-Block-TV-Col21 trial 12: mean ARI=0.5809  n=96  205.9s  lambda_e=0.06431, lambda_z=0.003034, gamma_q=4.653, block_size=2
  SSC-Block-TV-Col21 trial 13: mean ARI=0.5477  n=96  189.8s  lambda_e=2.603, lambda_z=0.008649, gamma_q=0.01493, block_size=9
  SSC-Block-TV-Col21 trial 14: mean ARI=0.4996  n=96  192.9s  lambda_e=0.09651, lambda_z=0.008755, gamma_q=0.4393, block_size=5
  SSC-Block-TV-Col21 trial 15: mean ARI=0.5111  n=96  194.9s  lambda_e=1.542, lambda_z=0.007135, gamma_q=7.922, block_size=4
  SSC-Block-TV-Col21 trial 16: mean ARI=0.6244  n=96  192.3s  lambda_e=0.0268, lambda_z=0.03023, gamma_q=0.01088, block_size=6
  SSC-Block-TV-Col21 trial 17: mean ARI=0.5386  n=96  199.1s  lambda_e=0.02197, lambda_z=0.003396, gamma_q=1.501, block_size=3
  SSC-Block-TV-Col21 trial 18: mean ARI=0.5482  n=96  192.4s  lambda_e=0.03109, lambda_z=0.02564, gamma_q=0.02929, block_size=6
  SSC-Block-TV-Col21 trial 19: mean ARI=0.5390  n=96  198.5s  lambda_e=0.09701, lambda_z=0.003327, gamma_q=0.2784, block_size=3
  SSC-Block-TV-Col21 trial 20: mean ARI=0.6862  n=96  192.0s  lambda_e=0.01041, lambda_z=0.01733, gamma_q=0.003064, block_size=6
  SSC-Block-TV-Col21 trial 21: mean ARI=0.6781  n=96  191.9s  lambda_e=0.01057, lambda_z=0.02044, gamma_q=0.003324, block_size=6
  SSC-Block-TV-Col21 trial 22: mean ARI=0.6798  n=96  192.3s  lambda_e=0.01002, lambda_z=0.01949, gamma_q=0.003709, block_size=6
  SSC-Block-TV-Col21 trial 23: mean ARI=0.6912  n=96  191.5s  lambda_e=0.01102, lambda_z=0.0146, gamma_q=0.005045, block_size=7
  SSC-Block-TV-Col21 trial 24: mean ARI=0.6376  n=96  190.8s  lambda_e=0.01404, lambda_z=0.08243, gamma_q=0.004767, block_size=8
  SSC-Block-TV-Col21 trial 25: mean ARI=0.6919  n=96  190.9s  lambda_e=0.01808, lambda_z=0.01141, gamma_q=0.006007, block_size=7
  SSC-Block-TV-Col21 trial 26: mean ARI=0.7097  n=96  190.7s  lambda_e=0.03682, lambda_z=0.009822, gamma_q=0.001077, block_size=8
  SSC-Block-TV-Col21 trial 27: mean ARI=0.7263  n=96  190.7s  lambda_e=0.03828, lambda_z=0.006209, gamma_q=0.00123, block_size=8
  SSC-Block-TV-Col21 trial 28: mean ARI=0.7255  n=96  191.2s  lambda_e=0.04054, lambda_z=0.005421, gamma_q=0.001045, block_size=8
  SSC-Block-TV-Col21 trial 29: mean ARI=0.7202  n=96  190.4s  lambda_e=0.03869, lambda_z=0.004756, gamma_q=0.001606, block_size=9
  SSC-Block-TV-Col21 trial 30: mean ARI=0.7185  n=96  190.2s  lambda_e=0.1167, lambda_z=0.004779, gamma_q=0.001637, block_size=9
  SSC-Block-TV-Col21 trial 31: mean ARI=0.7185  n=96  189.2s  lambda_e=0.137, lambda_z=0.004508, gamma_q=0.001797, block_size=9
  SSC-Block-TV-Col21 trial 32: mean ARI=0.6678  n=96  192.6s  lambda_e=0.04075, lambda_z=0.001923, gamma_q=0.001901, block_size=9
  SSC-Block-TV-Col21 trial 33: mean ARI=0.7139  n=96  192.3s  lambda_e=0.09639, lambda_z=0.005273, gamma_q=0.00129, block_size=10
  SSC-Block-TV-Col21 trial 34: mean ARI=0.6881  n=96  191.8s  lambda_e=0.1807, lambda_z=0.002162, gamma_q=0.00193, block_size=8
  SSC-Block-TV-Col21 trial 35: mean ARI=0.5833  n=96  190.3s  lambda_e=0.04982, lambda_z=0.05537, gamma_q=0.007461, block_size=9
  SSC-Block-TV-Col21 trial 36: mean ARI=0.7051  n=96  189.1s  lambda_e=0.2885, lambda_z=0.005383, gamma_q=0.002106, block_size=11
  SSC-Block-TV-Col21 trial 37: mean ARI=0.4467  n=96  190.4s  lambda_e=0.1311, lambda_z=0.002193, gamma_q=0.02385, block_size=10
  SSC-Block-TV-Col21 trial 38: mean ARI=0.6946  n=96  191.5s  lambda_e=0.7403, lambda_z=0.001236, gamma_q=0.001005, block_size=8
  SSC-Block-TV-Col21 trial 39: mean ARI=0.6888  n=96  190.1s  lambda_e=0.08196, lambda_z=0.006107, gamma_q=0.002642, block_size=12
    best mean ARI=0.7263  tune 7711.5s  lambda_e=0.03828, lambda_z=0.006209, gamma_q=0.00123, block_size=8
  wrote /nfs/turbo/umms-minjilab/lpullela/icassp_ssc_tv2/block_ssc_benchmark/cv/params/surveillance/split_k12_sigmas_min30_trials20_params_knownk_cv_overlap_ssc_block_tv_col21_k12_sigma0p25_sigma0.25_fold0.json

=== P1E_S1_C1 train[0] k=12  dim=576  frames=619  σ=0.25  fold=0 ===
  SSC-Block-TV-Col21: k_hat=12  ACC=0.6349  NMI=0.8334  ARI=0.6070  2.6s

=== P1E_S1_C2 train[0] k=12  dim=576  frames=491  σ=0.25  fold=0 ===
  SSC-Block-TV-Col21: k_hat=12  ACC=0.8086  NMI=0.8740  ARI=0.7527  1.6s

=== P1E_S1_C3 train[0] k=12  dim=576  frames=212  σ=0.25  fold=0 ===
  SSC-Block-TV-Col21: k_hat=12  ACC=0.6981  NMI=0.8215  ARI=0.6065  0.3s

=== P1E_S2_C1 train[0] k=12  dim=576  frames=587  σ=0.25  fold=0 ===
  SSC-Block-TV-Col21: k_hat=12  ACC=0.6593  NMI=0.8274  ARI=0.6119  2.3s

=== P1E_S2_C2 train[0] k=12  dim=576  frames=487  σ=0.25  fold=0 ===
  SSC-Block-TV-Col21: k_hat=12  ACC=0.8214  NMI=0.8818  ARI=0.7360  1.6s

=== P1E_S2_C3 train[0] k=12  dim=576  frames=380  σ=0.25  fold=0 ===
  SSC-Block-TV-Col21: k_hat=12  ACC=0.9184  NMI=0.9204  ARI=0.8514  1.0s

=== P1E_S3_C1 train[0] k=12  dim=576  frames=607  σ=0.25  fold=0 ===
  SSC-Block-TV-Col21: k_hat=12  ACC=0.6425  NMI=0.8123  ARI=0.5834  2.4s

=== P1E_S3_C2 train[0] k=12  dim=576  frames=536  σ=0.25  fold=0 ===
  SSC-Block-TV-Col21: k_hat=12  ACC=0.6157  NMI=0.8325  ARI=0.6009  1.9s

=== P1E_S3_C3 train[0] k=12  dim=576  frames=424  σ=0.25  fold=0 ===
  SSC-Block-TV-Col21: k_hat=12  ACC=0.7618  NMI=0.9170  ARI=0.7921  1.2s

=== P1E_S4_C1 train[0] k=12  dim=576  frames=605  σ=0.25  fold=0 ===
  SSC-Block-TV-Col21: k_hat=12  ACC=0.7107  NMI=0.8578  ARI=0.6739  2.4s

=== P1E_S4_C2 train[0] k=12  dim=576  frames=525  σ=0.25  fold=0 ===
  SSC-Block-TV-Col21: k_hat=12  ACC=0.6800  NMI=0.8330  ARI=0.6415  1.8s

=== P1E_S4_C3 train[0] k=12  dim=576  frames=348  σ=0.25  fold=0 ===
  SSC-Block-TV-Col21: k_hat=12  ACC=0.7557  NMI=0.8918  ARI=0.7553  0.8s

=== P1L_S1_C1 train[0] k=12  dim=576  frames=655  σ=0.25  fold=0 ===
  SSC-Block-TV-Col21: k_hat=12  ACC=0.7664  NMI=0.9004  ARI=0.7436  2.9s

=== P1L_S1_C2 train[0] k=12  dim=576  frames=592  σ=0.25  fold=0 ===
  SSC-Block-TV-Col21: k_hat=12  ACC=0.6706  NMI=0.8417  ARI=0.6165  2.3s

=== P1L_S1_C3 train[0] k=12  dim=576  frames=275  σ=0.25  fold=0 ===
  SSC-Block-TV-Col21: k_hat=12  ACC=0.6691  NMI=0.8177  ARI=0.6015  0.6s

=== P1L_S2_C1 train[0] k=12  dim=576  frames=664  σ=0.25  fold=0 ===
  SSC-Block-TV-Col21: k_hat=12  ACC=0.8012  NMI=0.8827  ARI=0.7292  2.9s

=== P1L_S2_C2 train[0] k=12  dim=576  frames=686  σ=0.25  fold=0 ===
  SSC-Block-TV-Col21: k_hat=12  ACC=0.8499  NMI=0.9122  ARI=0.8201  3.1s

=== P1L_S2_C3 train[0] k=12  dim=576  frames=448  σ=0.25  fold=0 ===
  SSC-Block-TV-Col21: k_hat=12  ACC=0.7098  NMI=0.8707  ARI=0.6809  1.3s

=== P1L_S3_C1 train[0] k=12  dim=576  frames=641  σ=0.25  fold=0 ===
  SSC-Block-TV-Col21: k_hat=12  ACC=0.7691  NMI=0.8795  ARI=0.7191  2.7s

=== P1L_S3_C2 train[0] k=12  dim=576  frames=720  σ=0.25  fold=0 ===
  SSC-Block-TV-Col21: k_hat=12  ACC=0.6875  NMI=0.8320  ARI=0.6166  3.4s

=== P1L_S3_C3 train[0] k=12  dim=576  frames=519  σ=0.25  fold=0 ===
  SSC-Block-TV-Col21: k_hat=12  ACC=0.7707  NMI=0.8525  ARI=0.6821  1.8s

=== P1L_S4_C1 train[0] k=12  dim=576  frames=695  σ=0.25  fold=0 ===
  SSC-Block-TV-Col21: k_hat=12  ACC=0.7597  NMI=0.8946  ARI=0.7280  3.2s

=== P1L_S4_C2 train[0] k=12  dim=576  frames=628  σ=0.25  fold=0 ===
  SSC-Block-TV-Col21: k_hat=12  ACC=0.9076  NMI=0.9293  ARI=0.8467  2.6s

=== P1L_S4_C3 train[0] k=12  dim=576  frames=427  σ=0.25  fold=0 ===
  SSC-Block-TV-Col21: k_hat=12  ACC=0.5995  NMI=0.8428  ARI=0.6236  1.3s

=== P1E_S1_C1 test[0] k=12  dim=576  frames=569  σ=0.25  fold=0 ===
  SSC-Block-TV-Col21: k_hat=12  ACC=0.7750  NMI=0.8991  ARI=0.7423  2.1s

=== P1E_S1_C2 test[0] k=12  dim=576  frames=504  σ=0.25  fold=0 ===
  SSC-Block-TV-Col21: k_hat=12  ACC=0.8690  NMI=0.9280  ARI=0.8565  1.6s

=== P1E_S1_C3 test[0] k=12  dim=576  frames=222  σ=0.25  fold=0 ===
  SSC-Block-TV-Col21: k_hat=12  ACC=0.8243  NMI=0.9159  ARI=0.8356  0.4s

=== P1E_S2_C1 test[0] k=12  dim=576  frames=634  σ=0.25  fold=0 ===
  SSC-Block-TV-Col21: k_hat=12  ACC=0.7618  NMI=0.8790  ARI=0.7148  2.7s

=== P1E_S2_C2 test[0] k=12  dim=576  frames=514  σ=0.25  fold=0 ===
  SSC-Block-TV-Col21: k_hat=12  ACC=0.8132  NMI=0.9007  ARI=0.7678  1.7s

=== P1E_S2_C3 test[0] k=12  dim=576  frames=403  σ=0.25  fold=0 ===
  SSC-Block-TV-Col21: k_hat=12  ACC=0.8883  NMI=0.9486  ARI=0.8539  1.1s

=== P1E_S3_C1 test[0] k=12  dim=576  frames=600  σ=0.25  fold=0 ===
  SSC-Block-TV-Col21: k_hat=12  ACC=0.6217  NMI=0.8130  ARI=0.5644  2.3s

=== P1E_S3_C2 test[0] k=12  dim=576  frames=547  σ=0.25  fold=0 ===
  SSC-Block-TV-Col21: k_hat=12  ACC=0.7313  NMI=0.8424  ARI=0.6048  2.0s

=== P1E_S3_C3 test[0] k=12  dim=576  frames=403  σ=0.25  fold=0 ===
  SSC-Block-TV-Col21: k_hat=12  ACC=0.8586  NMI=0.9213  ARI=0.8067  1.1s

=== P1E_S4_C1 test[0] k=12  dim=576  frames=602  σ=0.25  fold=0 ===
  SSC-Block-TV-Col21: k_hat=12  ACC=0.7475  NMI=0.8671  ARI=0.6525  2.4s

=== P1E_S4_C2 test[0] k=12  dim=576  frames=490  σ=0.25  fold=0 ===
  SSC-Block-TV-Col21: k_hat=12  ACC=0.9449  NMI=0.9389  ARI=0.8984  1.6s

=== P1E_S4_C3 test[0] k=12  dim=576  frames=344  σ=0.25  fold=0 ===
  SSC-Block-TV-Col21: k_hat=12  ACC=0.7733  NMI=0.8841  ARI=0.7272  0.8s

=== P1L_S1_C1 test[0] k=12  dim=576  frames=669  σ=0.25  fold=0 ===
  SSC-Block-TV-Col21: k_hat=12  ACC=0.8729  NMI=0.9379  ARI=0.8447  3.0s

=== P1L_S1_C2 test[0] k=12  dim=576  frames=651  σ=0.25  fold=0 ===
  SSC-Block-TV-Col21: k_hat=12  ACC=0.8172  NMI=0.9134  ARI=0.7755  2.8s

=== P1L_S1_C3 test[0] k=12  dim=576  frames=267  σ=0.25  fold=0 ===
  SSC-Block-TV-Col21: k_hat=12  ACC=0.6779  NMI=0.8717  ARI=0.6774  0.5s

=== P1L_S2_C1 test[0] k=12  dim=576  frames=758  σ=0.25  fold=0 ===
  SSC-Block-TV-Col21: k_hat=12  ACC=0.7889  NMI=0.8934  ARI=0.7220  3.8s

=== P1L_S2_C2 test[0] k=12  dim=576  frames=669  σ=0.25  fold=0 ===
  SSC-Block-TV-Col21: k_hat=12  ACC=0.9073  NMI=0.9179  ARI=0.8252  3.0s

=== P1L_S2_C3 test[0] k=12  dim=576  frames=417  σ=0.25  fold=0 ===
  SSC-Block-TV-Col21: k_hat=12  ACC=0.8106  NMI=0.9112  ARI=0.7795  1.2s

=== P1L_S3_C1 test[0] k=12  dim=576  frames=617  σ=0.25  fold=0 ===
  SSC-Block-TV-Col21: k_hat=12  ACC=0.7196  NMI=0.8462  ARI=0.6601  2.5s

=== P1L_S3_C2 test[0] k=12  dim=576  frames=685  σ=0.25  fold=0 ===
  SSC-Block-TV-Col21: k_hat=12  ACC=0.7255  NMI=0.8735  ARI=0.6955  3.1s

=== P1L_S3_C3 test[0] k=12  dim=576  frames=532  σ=0.25  fold=0 ===
  SSC-Block-TV-Col21: k_hat=12  ACC=0.8665  NMI=0.9297  ARI=0.8398  1.8s

=== P1L_S4_C1 test[0] k=12  dim=576  frames=679  σ=0.25  fold=0 ===
  SSC-Block-TV-Col21: k_hat=12  ACC=0.8748  NMI=0.9472  ARI=0.8426  3.0s

=== P1L_S4_C2 test[0] k=12  dim=576  frames=649  σ=0.25  fold=0 ===
  SSC-Block-TV-Col21: k_hat=12  ACC=0.9199  NMI=0.9332  ARI=0.8548  2.8s

=== P1L_S4_C3 test[0] k=12  dim=576  frames=414  σ=0.25  fold=0 ===
  SSC-Block-TV-Col21: k_hat=12  ACC=0.7512  NMI=0.8980  ARI=0.7295  1.1s
  tune_pool_groups=4: sampling from 13 held-in people (overlap allowed) instead of the 1 fixed partition group(s)

============================================================
σ=0.25 fold=1  test=['0001', '0003', '0007', '0010', '0011', '0012', '0015', '0016', '0017', '0020', '0021', '0023']  train mats=24  test mats=24  tune mats=96
  --- tune SSC-Block-TV-Col21 over 96 train mats  n_trials=40 (4 params) ---
  SSC-Block-TV-Col21 trial 0: mean ARI=0.5021  n=96  195.1s  lambda_e=1, lambda_z=0.1, gamma_q=0.1, block_size=5
  SSC-Block-TV-Col21 trial 1: mean ARI=0.4628  n=96  192.2s  lambda_e=0.443, lambda_z=0.7257, gamma_q=0.2577, block_size=7
  SSC-Block-TV-Col21 trial 2: mean ARI=0.5061  n=96  191.2s  lambda_e=0.1866, lambda_z=0.3833, gamma_q=0.05628, block_size=11
  SSC-Block-TV-Col21 trial 3: mean ARI=0.4462  n=96  193.1s  lambda_e=7.78, lambda_z=0.03418, gamma_q=1.469, block_size=7
  SSC-Block-TV-Col21 trial 4: mean ARI=0.5087  n=96  206.8s  lambda_e=0.506, lambda_z=5.039, gamma_q=0.001924, block_size=2
  SSC-Block-TV-Col21 trial 5: mean ARI=0.3833  n=96  190.9s  lambda_e=0.0115, lambda_z=2.14, gamma_q=1.296, block_size=11
  SSC-Block-TV-Col21 trial 6: mean ARI=0.4321  n=96  191.0s  lambda_e=8.627, lambda_z=1.573, gamma_q=0.07013, block_size=10
  SSC-Block-TV-Col21 trial 7: mean ARI=0.6378  n=96  190.7s  lambda_e=0.02264, lambda_z=0.3628, gamma_q=0.003745, block_size=12
  SSC-Block-TV-Col21 trial 8: mean ARI=0.6637  n=96  191.4s  lambda_e=0.3677, lambda_z=0.04557, gamma_q=0.01143, block_size=10
  SSC-Block-TV-Col21 trial 9: mean ARI=0.5609  n=96  193.0s  lambda_e=0.2336, lambda_z=0.1878, gamma_q=0.001189, block_size=8
  SSC-Block-TV-Col21 trial 10: mean ARI=0.6047  n=96  207.9s  lambda_e=0.0543, lambda_z=0.001491, gamma_q=6.473, block_size=2
  SSC-Block-TV-Col21 trial 11: mean ARI=0.6615  n=96  195.4s  lambda_e=0.01211, lambda_z=0.01492, gamma_q=0.01117, block_size=12
  SSC-Block-TV-Col21 trial 12: mean ARI=0.6480  n=96  192.1s  lambda_e=2.118, lambda_z=0.006508, gamma_q=0.0091, block_size=9
  SSC-Block-TV-Col21 trial 13: mean ARI=0.6330  n=96  190.7s  lambda_e=0.06734, lambda_z=0.01808, gamma_q=0.01396, block_size=12
  SSC-Block-TV-Col21 trial 14: mean ARI=0.5430  n=96  191.8s  lambda_e=0.06905, lambda_z=0.005487, gamma_q=0.0162, block_size=10
  SSC-Block-TV-Col21 trial 15: mean ARI=0.6742  n=96  192.5s  lambda_e=2.815, lambda_z=0.04749, gamma_q=0.00532, block_size=9
  SSC-Block-TV-Col21 trial 16: mean ARI=0.6735  n=96  195.4s  lambda_e=2.688, lambda_z=0.06911, gamma_q=0.004936, block_size=5
  SSC-Block-TV-Col21 trial 17: mean ARI=0.6808  n=96  195.1s  lambda_e=2.77, lambda_z=0.05869, gamma_q=0.003898, block_size=5
  SSC-Block-TV-Col21 trial 18: mean ARI=0.7124  n=96  196.7s  lambda_e=3.554, lambda_z=0.002396, gamma_q=0.002711, block_size=4
  SSC-Block-TV-Col21 trial 19: mean ARI=0.6589  n=96  197.3s  lambda_e=1.148, lambda_z=0.001142, gamma_q=0.002071, block_size=4
  SSC-Block-TV-Col21 trial 20: mean ARI=0.5362  n=96  197.0s  lambda_e=4.747, lambda_z=0.0037, gamma_q=0.03164, block_size=4
  SSC-Block-TV-Col21 trial 21: mean ARI=0.7553  n=96  193.4s  lambda_e=3.054, lambda_z=0.01307, gamma_q=0.00407, block_size=6
  SSC-Block-TV-Col21 trial 22: mean ARI=0.7733  n=96  193.1s  lambda_e=1.057, lambda_z=0.01308, gamma_q=0.001027, block_size=6
  SSC-Block-TV-Col21 trial 23: mean ARI=0.7784  n=96  193.3s  lambda_e=1.027, lambda_z=0.002856, gamma_q=0.00107, block_size=6
  SSC-Block-TV-Col21 trial 24: mean ARI=0.7793  n=96  193.8s  lambda_e=1.047, lambda_z=0.009654, gamma_q=0.001194, block_size=6
  SSC-Block-TV-Col21 trial 25: mean ARI=0.7728  n=96  193.1s  lambda_e=1.296, lambda_z=0.00834, gamma_q=0.001157, block_size=7
  SSC-Block-TV-Col21 trial 26: mean ARI=0.7659  n=96  193.6s  lambda_e=0.897, lambda_z=0.002205, gamma_q=0.001033, block_size=6
  SSC-Block-TV-Col21 trial 27: mean ARI=0.7427  n=96  193.5s  lambda_e=0.5777, lambda_z=0.02492, gamma_q=0.001839, block_size=6
  SSC-Block-TV-Col21 trial 28: mean ARI=0.7888  n=96  200.0s  lambda_e=1.535, lambda_z=0.003284, gamma_q=0.001044, block_size=3
  SSC-Block-TV-Col21 trial 29: mean ARI=0.6467  n=96  200.2s  lambda_e=1.536, lambda_z=0.00358, gamma_q=0.006795, block_size=3
  SSC-Block-TV-Col21 trial 30: mean ARI=0.6335  n=96  199.9s  lambda_e=0.2457, lambda_z=0.001066, gamma_q=0.002428, block_size=3
  SSC-Block-TV-Col21 trial 31: mean ARI=0.7809  n=96  194.0s  lambda_e=0.8031, lambda_z=0.00969, gamma_q=0.001207, block_size=6
  SSC-Block-TV-Col21 trial 32: mean ARI=0.7570  n=96  192.3s  lambda_e=0.7789, lambda_z=0.0037, gamma_q=0.00181, block_size=8
  SSC-Block-TV-Col21 trial 33: mean ARI=0.7740  n=96  194.8s  lambda_e=1.71, lambda_z=0.008326, gamma_q=0.002489, block_size=5
  SSC-Block-TV-Col21 trial 34: mean ARI=0.7586  n=96  192.1s  lambda_e=0.3776, lambda_z=0.002425, gamma_q=0.001056, block_size=8
  SSC-Block-TV-Col21 trial 35: mean ARI=0.4721  n=96  193.4s  lambda_e=0.6837, lambda_z=0.005418, gamma_q=0.2346, block_size=7
  SSC-Block-TV-Col21 trial 36: mean ARI=0.6768  n=96  200.2s  lambda_e=0.1167, lambda_z=0.1143, gamma_q=0.001751, block_size=3
  SSC-Block-TV-Col21 trial 37: mean ARI=0.5486  n=96  193.9s  lambda_e=4.464, lambda_z=0.009652, gamma_q=0.02315, block_size=7
  SSC-Block-TV-Col21 trial 38: mean ARI=0.7387  n=96  197.2s  lambda_e=0.4822, lambda_z=0.0274, gamma_q=0.003106, block_size=4
  SSC-Block-TV-Col21 trial 39: mean ARI=0.5515  n=96  195.1s  lambda_e=1.783, lambda_z=0.001597, gamma_q=0.0066, block_size=5
    best mean ARI=0.7888  tune 7794.9s  lambda_e=1.535, lambda_z=0.003284, gamma_q=0.001044, block_size=3
  wrote /nfs/turbo/umms-minjilab/lpullela/icassp_ssc_tv2/block_ssc_benchmark/cv/params/surveillance/split_k12_sigmas_min30_trials20_params_knownk_cv_overlap_ssc_block_tv_col21_k12_sigma0p25_sigma0.25_fold1.json

=== P1E_S1_C1 train[0] k=12  dim=576  frames=569  σ=0.25  fold=1 ===
  SSC-Block-TV-Col21: k_hat=12  ACC=0.6995  NMI=0.8850  ARI=0.6957  2.2s

=== P1E_S1_C2 train[0] k=12  dim=576  frames=504  σ=0.25  fold=1 ===
  SSC-Block-TV-Col21: k_hat=12  ACC=0.8492  NMI=0.9241  ARI=0.8282  1.7s

=== P1E_S1_C3 train[0] k=12  dim=576  frames=222  σ=0.25  fold=1 ===
  SSC-Block-TV-Col21: k_hat=12  ACC=0.6351  NMI=0.8201  ARI=0.6055  0.4s

=== P1E_S2_C1 train[0] k=12  dim=576  frames=634  σ=0.25  fold=1 ===
  SSC-Block-TV-Col21: k_hat=12  ACC=0.7634  NMI=0.8800  ARI=0.7165  2.8s

=== P1E_S2_C2 train[0] k=12  dim=576  frames=514  σ=0.25  fold=1 ===
  SSC-Block-TV-Col21: k_hat=12  ACC=0.9455  NMI=0.9483  ARI=0.8998  1.8s

=== P1E_S2_C3 train[0] k=12  dim=576  frames=403  σ=0.25  fold=1 ===
  SSC-Block-TV-Col21: k_hat=12  ACC=0.8164  NMI=0.9014  ARI=0.7567  1.1s

=== P1E_S3_C1 train[0] k=12  dim=576  frames=600  σ=0.25  fold=1 ===
  SSC-Block-TV-Col21: k_hat=12  ACC=0.6167  NMI=0.8175  ARI=0.5684  2.4s

=== P1E_S3_C2 train[0] k=12  dim=576  frames=547  σ=0.25  fold=1 ===
  SSC-Block-TV-Col21: k_hat=12  ACC=0.8501  NMI=0.9117  ARI=0.7959  2.1s

=== P1E_S3_C3 train[0] k=12  dim=576  frames=403  σ=0.25  fold=1 ===
  SSC-Block-TV-Col21: k_hat=12  ACC=0.8610  NMI=0.9329  ARI=0.8274  1.1s

=== P1E_S4_C1 train[0] k=12  dim=576  frames=602  σ=0.25  fold=1 ===
  SSC-Block-TV-Col21: k_hat=12  ACC=0.7458  NMI=0.8600  ARI=0.6496  2.5s

=== P1E_S4_C2 train[0] k=12  dim=576  frames=490  σ=0.25  fold=1 ===
  SSC-Block-TV-Col21: k_hat=12  ACC=0.9694  NMI=0.9597  ARI=0.9413  1.6s

=== P1E_S4_C3 train[0] k=12  dim=576  frames=344  σ=0.25  fold=1 ===
  SSC-Block-TV-Col21: k_hat=12  ACC=0.8198  NMI=0.8940  ARI=0.7596  0.8s

=== P1L_S1_C1 train[0] k=12  dim=576  frames=669  σ=0.25  fold=1 ===
  SSC-Block-TV-Col21: k_hat=12  ACC=0.8834  NMI=0.9479  ARI=0.8643  3.1s

=== P1L_S1_C2 train[0] k=12  dim=576  frames=651  σ=0.25  fold=1 ===
  SSC-Block-TV-Col21: k_hat=12  ACC=0.8249  NMI=0.9196  ARI=0.7865  2.9s

=== P1L_S1_C3 train[0] k=12  dim=576  frames=267  σ=0.25  fold=1 ===
  SSC-Block-TV-Col21: k_hat=12  ACC=0.7341  NMI=0.8788  ARI=0.6969  0.6s

=== P1L_S2_C1 train[0] k=12  dim=576  frames=758  σ=0.25  fold=1 ===
  SSC-Block-TV-Col21: k_hat=12  ACC=0.7850  NMI=0.8930  ARI=0.7205  4.0s

=== P1L_S2_C2 train[0] k=12  dim=576  frames=669  σ=0.25  fold=1 ===
  SSC-Block-TV-Col21: k_hat=12  ACC=0.9163  NMI=0.9239  ARI=0.8374  3.1s

=== P1L_S2_C3 train[0] k=12  dim=576  frames=417  σ=0.25  fold=1 ===
  SSC-Block-TV-Col21: k_hat=12  ACC=0.7674  NMI=0.8803  ARI=0.7139  1.2s

=== P1L_S3_C1 train[0] k=12  dim=576  frames=617  σ=0.25  fold=1 ===
  SSC-Block-TV-Col21: k_hat=12  ACC=0.7763  NMI=0.8727  ARI=0.6972  2.7s

=== P1L_S3_C2 train[0] k=12  dim=576  frames=685  σ=0.25  fold=1 ===
  SSC-Block-TV-Col21: k_hat=12  ACC=0.7299  NMI=0.8720  ARI=0.6925  3.3s

=== P1L_S3_C3 train[0] k=12  dim=576  frames=532  σ=0.25  fold=1 ===
  SSC-Block-TV-Col21: k_hat=12  ACC=0.8628  NMI=0.9221  ARI=0.8315  1.9s

=== P1L_S4_C1 train[0] k=12  dim=576  frames=679  σ=0.25  fold=1 ===
  SSC-Block-TV-Col21: k_hat=12  ACC=0.8778  NMI=0.9530  ARI=0.8550  3.2s

=== P1L_S4_C2 train[0] k=12  dim=576  frames=649  σ=0.25  fold=1 ===
  SSC-Block-TV-Col21: k_hat=12  ACC=0.8983  NMI=0.9248  ARI=0.8267  2.9s

=== P1L_S4_C3 train[0] k=12  dim=576  frames=414  σ=0.25  fold=1 ===
  SSC-Block-TV-Col21: k_hat=12  ACC=0.8164  NMI=0.9176  ARI=0.7811  1.2s

=== P1E_S1_C1 test[0] k=12  dim=576  frames=619  σ=0.25  fold=1 ===
  SSC-Block-TV-Col21: k_hat=12  ACC=0.6349  NMI=0.8261  ARI=0.6012  2.7s

=== P1E_S1_C2 test[0] k=12  dim=576  frames=491  σ=0.25  fold=1 ===
  SSC-Block-TV-Col21: k_hat=12  ACC=0.7862  NMI=0.8559  ARI=0.7233  1.7s

=== P1E_S1_C3 test[0] k=12  dim=576  frames=212  σ=0.25  fold=1 ===
  SSC-Block-TV-Col21: k_hat=12  ACC=0.5991  NMI=0.7722  ARI=0.5152  0.3s

=== P1E_S2_C1 test[0] k=12  dim=576  frames=587  σ=0.25  fold=1 ===
  SSC-Block-TV-Col21: k_hat=12  ACC=0.6576  NMI=0.8276  ARI=0.6124  2.4s

=== P1E_S2_C2 test[0] k=12  dim=576  frames=487  σ=0.25  fold=1 ===
  SSC-Block-TV-Col21: k_hat=12  ACC=0.8131  NMI=0.8726  ARI=0.7244  1.6s

=== P1E_S2_C3 test[0] k=12  dim=576  frames=380  σ=0.25  fold=1 ===
  SSC-Block-TV-Col21: k_hat=12  ACC=0.9237  NMI=0.9199  ARI=0.8619  1.0s

=== P1E_S3_C1 test[0] k=12  dim=576  frames=607  σ=0.25  fold=1 ===
  SSC-Block-TV-Col21: k_hat=12  ACC=0.6491  NMI=0.8207  ARI=0.5927  2.6s

=== P1E_S3_C2 test[0] k=12  dim=576  frames=536  σ=0.25  fold=1 ===
  SSC-Block-TV-Col21: k_hat=12  ACC=0.7313  NMI=0.8772  ARI=0.7097  1.9s

=== P1E_S3_C3 test[0] k=12  dim=576  frames=424  σ=0.25  fold=1 ===
  SSC-Block-TV-Col21: k_hat=12  ACC=0.7642  NMI=0.9082  ARI=0.7826  1.2s

=== P1E_S4_C1 test[0] k=12  dim=576  frames=605  σ=0.25  fold=1 ===
  SSC-Block-TV-Col21: k_hat=12  ACC=0.7025  NMI=0.8546  ARI=0.6763  2.5s

=== P1E_S4_C2 test[0] k=12  dim=576  frames=525  σ=0.25  fold=1 ===
  SSC-Block-TV-Col21: k_hat=12  ACC=0.6990  NMI=0.8423  ARI=0.6629  1.9s

=== P1E_S4_C3 test[0] k=12  dim=576  frames=348  σ=0.25  fold=1 ===
  SSC-Block-TV-Col21: k_hat=12  ACC=0.7471  NMI=0.8843  ARI=0.7366  0.9s

=== P1L_S1_C1 test[0] k=12  dim=576  frames=655  σ=0.25  fold=1 ===
  SSC-Block-TV-Col21: k_hat=12  ACC=0.8656  NMI=0.9162  ARI=0.8163  3.0s

=== P1L_S1_C2 test[0] k=12  dim=576  frames=592  σ=0.25  fold=1 ===
  SSC-Block-TV-Col21: k_hat=12  ACC=0.6301  NMI=0.8347  ARI=0.6200  2.3s

=== P1L_S1_C3 test[0] k=12  dim=576  frames=275  σ=0.25  fold=1 ===
  SSC-Block-TV-Col21: k_hat=12  ACC=0.8800  NMI=0.9298  ARI=0.8636  0.6s

=== P1L_S2_C1 test[0] k=12  dim=576  frames=664  σ=0.25  fold=1 ===
  SSC-Block-TV-Col21: k_hat=12  ACC=0.8328  NMI=0.9094  ARI=0.7930  3.0s

=== P1L_S2_C2 test[0] k=12  dim=576  frames=686  σ=0.25  fold=1 ===
  SSC-Block-TV-Col21: k_hat=12  ACC=0.8513  NMI=0.9080  ARI=0.8166  3.2s

=== P1L_S2_C3 test[0] k=12  dim=576  frames=448  σ=0.25  fold=1 ===
  SSC-Block-TV-Col21: k_hat=12  ACC=0.7121  NMI=0.8728  ARI=0.6834  1.4s

=== P1L_S3_C1 test[0] k=12  dim=576  frames=641  σ=0.25  fold=1 ===
  SSC-Block-TV-Col21: k_hat=12  ACC=0.7660  NMI=0.8773  ARI=0.7149  2.8s

=== P1L_S3_C2 test[0] k=12  dim=576  frames=720  σ=0.25  fold=1 ===
  SSC-Block-TV-Col21: k_hat=12  ACC=0.6708  NMI=0.8259  ARI=0.6054  3.6s

=== P1L_S3_C3 test[0] k=12  dim=576  frames=519  σ=0.25  fold=1 ===
  SSC-Block-TV-Col21: k_hat=12  ACC=0.7707  NMI=0.8520  ARI=0.6831  1.9s

=== P1L_S4_C1 test[0] k=12  dim=576  frames=695  σ=0.25  fold=1 ===
  SSC-Block-TV-Col21: k_hat=12  ACC=0.8547  NMI=0.9131  ARI=0.8163  3.4s

=== P1L_S4_C2 test[0] k=12  dim=576  frames=628  σ=0.25  fold=1 ===
  SSC-Block-TV-Col21: k_hat=12  ACC=0.9076  NMI=0.9299  ARI=0.8470  2.7s

=== P1L_S4_C3 test[0] k=12  dim=576  frames=427  σ=0.25  fold=1 ===
  SSC-Block-TV-Col21: k_hat=12  ACC=0.7330  NMI=0.8658  ARI=0.6952  1.3s

=== inference time per method ===
  SSC-Block-TV-Col21: mean=2.0521s  std=0.9002s  total=197.0s  n=96
wrote /nfs/turbo/umms-minjilab/lpullela/icassp_ssc_tv2/block_ssc_benchmark/cv/results/surveillance/split_k12_sigmas_min30_trials20_knownk_cv_overlap_ssc_block_tv_col21_k12_sigma0p25_timing.json

=== mean over matrices ===
  SSC-Block-TV-Col21 train σ=0.25: ACC=0.7732  NMI=0.8833  ARI=0.7285  n=48
  SSC-Block-TV-Col21 test σ=0.25: ACC=0.7817  NMI=0.8856  ARI=0.7380  n=48

wrote /nfs/turbo/umms-minjilab/lpullela/icassp_ssc_tv2/block_ssc_benchmark/cv/results/surveillance/split_k12_sigmas_min30_trials20_knownk_cv_overlap_ssc_block_tv_col21_k12_sigma0p25.csv
end=Sun Sep  6 16:00:41 EDT 2026
Experiment completed!
