========================================
Job: cvov_osc_k8_s0p5
Method: OSC  k: 8  sigma: 0.5  tune_pool_groups: 4
========================================
host=gl3298.arc-ts.umich.edu  python=/home/lpullela/miniconda3/envs/ssc_559/bin/python  start=Sun Sep  6 11:37:52 EDT 2026
Loading P1E_S1_C1
  Y: (576, 1236)  people=25  frames/person=[60, 61, 50, 48, 51, 35, 41, 56, 55, 49, 65, 50, 63, 38, 61, 48, 50, 49, 50, 30, 42, 60, 32, 39, 53]  min=30
Loading P1E_S1_C2
  Y: (576, 1031)  people=25  frames/person=[42, 48, 31, 35, 50, 45, 30, 32, 38, 40, 61, 41, 47, 33, 46, 36, 41, 45, 42, 36, 33, 50, 53, 33, 43]  min=30
Loading P1E_S1_C3
  Y: (576, 453)  people=25  frames/person=[15, 22, 16, 16, 17, 13, 14, 19, 14, 25, 26, 12, 21, 18, 22, 19, 13, 19, 16, 15, 8, 15, 30, 20, 28]  min=8
  warning: 24 people have fewer than 30 available frames (kept all)
Loading P1E_S2_C1
  Y: (576, 1256)  people=25  frames/person=[65, 50, 50, 51, 53, 48, 49, 60, 33, 48, 61, 58, 52, 32, 55, 35, 45, 53, 40, 53, 51, 65, 64, 42, 43]  min=32
Loading P1E_S2_C2
  Y: (576, 1042)  people=25  frames/person=[33, 48, 38, 41, 53, 36, 39, 47, 51, 36, 55, 44, 43, 25, 42, 41, 37, 45, 41, 38, 40, 54, 49, 33, 33]  min=25
  warning: 1 people have fewer than 30 available frames (kept all)
Loading P1E_S2_C3
  Y: (576, 816)  people=25  frames/person=[36, 33, 28, 32, 42, 37, 31, 36, 31, 23, 42, 36, 35, 20, 33, 33, 32, 32, 32, 29, 32, 42, 38, 27, 24]  min=20
  warning: 6 people have fewer than 30 available frames (kept all)
Loading P1E_S3_C1
  Y: (576, 1255)  people=25  frames/person=[43, 39, 47, 52, 58, 96, 42, 31, 79, 33, 67, 55, 44, 34, 40, 48, 54, 77, 45, 41, 46, 53, 56, 38, 37]  min=31
Loading P1E_S3_C2
  Y: (576, 1126)  people=25  frames/person=[57, 56, 35, 40, 49, 75, 34, 40, 70, 26, 65, 54, 43, 28, 32, 43, 48, 31, 36, 33, 42, 71, 57, 30, 31]  min=26
  warning: 2 people have fewer than 30 available frames (kept all)
Loading P1E_S3_C3
  Y: (576, 866)  people=25  frames/person=[43, 36, 24, 33, 37, 47, 29, 37, 55, 18, 40, 40, 31, 22, 30, 39, 35, 45, 30, 28, 30, 50, 42, 20, 25]  min=18
  warning: 7 people have fewer than 30 available frames (kept all)
Loading P1E_S4_C1
  Y: (576, 1247)  people=25  frames/person=[58, 54, 34, 56, 50, 59, 50, 56, 74, 38, 75, 35, 46, 31, 53, 40, 57, 32, 56, 33, 48, 67, 59, 48, 38]  min=31
Loading P1E_S4_C2
  Y: (576, 1051)  people=25  frames/person=[37, 37, 41, 46, 41, 49, 38, 45, 65, 30, 39, 48, 50, 34, 43, 36, 47, 52, 45, 37, 38, 50, 30, 37, 36]  min=30
Loading P1E_S4_C3
  Y: (576, 719)  people=25  frames/person=[28, 29, 22, 29, 24, 36, 31, 29, 33, 25, 37, 19, 28, 21, 25, 27, 25, 41, 27, 29, 26, 31, 45, 29, 23]  min=19
  warning: 18 people have fewer than 30 available frames (kept all)
Loading P1L_S1_C1
  Y: (576, 1391)  people=25  frames/person=[65, 68, 43, 64, 47, 40, 58, 33, 75, 41, 58, 72, 58, 49, 66, 67, 65, 43, 59, 57, 58, 51, 67, 32, 55]  min=32
Loading P1L_S1_C2
  Y: (576, 1309)  people=25  frames/person=[30, 65, 37, 63, 66, 54, 52, 52, 43, 49, 71, 49, 58, 48, 54, 66, 56, 36, 48, 49, 55, 66, 52, 39, 51]  min=30
Loading P1L_S1_C3
  Y: (576, 565)  people=25  frames/person=[27, 29, 20, 26, 19, 25, 22, 12, 28, 25, 20, 25, 23, 18, 21, 23, 25, 26, 23, 21, 18, 18, 30, 18, 23]  min=12
  warning: 24 people have fewer than 30 available frames (kept all)
Loading P1L_S2_C1
  Y: (576, 1470)  people=25  frames/person=[73, 68, 53, 64, 65, 41, 73, 55, 37, 31, 82, 75, 63, 45, 34, 48, 74, 84, 71, 64, 62, 65, 48, 33, 62]  min=31
Loading P1L_S2_C2
  Y: (576, 1393)  people=25  frames/person=[64, 65, 49, 62, 69, 69, 63, 61, 80, 34, 89, 57, 53, 52, 55, 38, 30, 30, 66, 36, 57, 51, 73, 41, 49]  min=30
Loading P1L_S2_C3
  Y: (576, 897)  people=25  frames/person=[40, 36, 29, 28, 35, 37, 36, 36, 50, 28, 55, 46, 34, 31, 35, 32, 30, 48, 37, 29, 36, 39, 45, 19, 26]  min=19
  warning: 6 people have fewer than 30 available frames (kept all)
Loading P1L_S3_C1
  Y: (576, 1329)  people=25  frames/person=[31, 33, 30, 51, 74, 75, 59, 65, 66, 43, 47, 39, 65, 50, 58, 71, 67, 36, 57, 35, 62, 31, 74, 59, 51]  min=30
Loading P1L_S3_C2
  Y: (576, 1472)  people=25  frames/person=[78, 38, 48, 51, 54, 71, 61, 71, 32, 50, 75, 38, 72, 63, 48, 67, 49, 87, 52, 56, 58, 85, 73, 56, 39]  min=32
Loading P1L_S3_C3
  Y: (576, 1105)  people=25  frames/person=[48, 44, 38, 38, 39, 45, 35, 55, 52, 26, 81, 39, 36, 36, 44, 54, 42, 61, 38, 31, 34, 53, 51, 44, 41]  min=26
  warning: 1 people have fewer than 30 available frames (kept all)
Loading P1L_S4_C1
  Y: (576, 1443)  people=25  frames/person=[50, 69, 44, 41, 78, 43, 32, 71, 45, 65, 59, 39, 56, 57, 68, 69, 70, 73, 51, 63, 47, 70, 57, 52, 74]  min=32
Loading P1L_S4_C2
  Y: (576, 1327)  people=25  frames/person=[71, 34, 39, 54, 63, 67, 52, 39, 52, 56, 59, 50, 51, 53, 63, 50, 71, 63, 48, 35, 31, 71, 43, 52, 60]  min=31
Loading P1L_S4_C3
  Y: (576, 880)  people=25  frames/person=[37, 41, 23, 26, 32, 34, 22, 32, 50, 29, 38, 44, 31, 34, 37, 39, 39, 39, 38, 26, 25, 50, 41, 33, 40]  min=22
  warning: 6 people have fewer than 30 available frames (kept all)
sequences=24  people=25  k=8
frames/person ~ Unif[30, 100]
down_hw=24  sigmas=(0.5,)  n_trials=20  known_k=True  csv=split_k8_sigmas_min30_trials20_knownk_cv_overlap_osc_k8_sigma0p5.csv
SSC-Block-TV block_size searched in [2, 12]
CV mode: 3 folds of size 8, each rotated as test
  1 people unused (remainder dropped)
  group 0: ['0004', '0006', '0009', '0013', '0014', '0022', '0026', '0027']
  group 1: ['0001', '0005', '0011', '0015', '0019', '0023', '0024', '0025']
  group 2: ['0003', '0007', '0010', '0012', '0016', '0017', '0020', '0021']
methods=['OSC']  append=False  hetero_noise=False  no_tune=False
  tune_pool_groups=4: sampling from 17 held-in people (overlap allowed) instead of the 2 fixed partition group(s)

============================================================
σ=0.5 fold=0  test=['0004', '0006', '0009', '0013', '0014', '0022', '0026', '0027']  train mats=48  test mats=24  tune mats=96
  --- tune OSC over 96 train mats  n_trials=20 (2 params) ---
  OSC trial 0: mean ARI=0.5984  n=96  120.0s  lambda_1=0.1, lambda_2=0.1
  OSC trial 1: mean ARI=0.5843  n=96  118.3s  lambda_1=0.1568, lambda_2=0.7257
  OSC trial 2: mean ARI=0.5157  n=96  118.0s  lambda_1=0.2577, lambda_2=0.1512
  OSC trial 3: mean ARI=0.6270  n=96  118.1s  lambda_1=0.0495, lambda_2=0.3833
  OSC trial 4: mean ARI=0.6213  n=96  118.3s  lambda_1=0.05628, lambda_2=3.691
  OSC trial 5: mean ARI=0.0015  n=96  113.5s  lambda_1=7.156, lambda_2=0.03418
  OSC trial 6: mean ARI=0.0015  n=96  113.4s  lambda_1=1.469, lambda_2=0.1305
  OSC trial 7: mean ARI=0.5748  n=96  118.1s  lambda_1=0.1871, lambda_2=5.039
  OSC trial 8: mean ARI=0.5469  n=96  123.1s  lambda_1=0.001924, lambda_2=0.002231
  OSC trial 9: mean ARI=0.6062  n=96  117.9s  lambda_1=0.001205, lambda_2=2.14
  OSC trial 10: mean ARI=0.5701  n=96  123.1s  lambda_1=0.01165, lambda_2=0.001662
  OSC trial 11: mean ARI=0.6345  n=96  117.5s  lambda_1=0.01856, lambda_2=0.9349
  OSC trial 12: mean ARI=0.6264  n=96  118.0s  lambda_1=0.01288, lambda_2=0.5626
  OSC trial 13: mean ARI=0.6273  n=96  118.3s  lambda_1=0.01483, lambda_2=0.7505
  OSC trial 14: mean ARI=0.5662  n=96  123.0s  lambda_1=0.007064, lambda_2=0.01802
  OSC trial 15: mean ARI=0.6349  n=96  118.6s  lambda_1=0.02446, lambda_2=1.571
  OSC trial 16: mean ARI=0.6120  n=96  118.8s  lambda_1=0.00365, lambda_2=8.19
  OSC trial 17: mean ARI=0.6312  n=96  118.9s  lambda_1=0.03251, lambda_2=0.9377
  OSC trial 18: mean ARI=0.0015  n=96  114.3s  lambda_1=0.6233, lambda_2=1.707
  OSC trial 19: mean ARI=0.6121  n=96  119.2s  lambda_1=0.003872, lambda_2=0.2687
    best mean ARI=0.6349  tune 2368.6s  lambda_1=0.02446, lambda_2=1.571
  wrote /nfs/turbo/umms-minjilab/lpullela/icassp_ssc_tv2/block_ssc_benchmark/cv/params/surveillance/split_k8_sigmas_min30_trials20_params_knownk_cv_overlap_osc_k8_sigma0p5_sigma0.5_fold0.json

=== P1E_S1_C1 train[0] k=8  dim=576  frames=410  σ=0.5  fold=0 ===
  OSC: k_hat=8  ACC=0.5634  NMI=0.7832  ARI=0.5375  1.5s

=== P1E_S1_C1 train[1] k=8  dim=576  frames=399  σ=0.5  fold=0 ===
  OSC: k_hat=8  ACC=0.7018  NMI=0.8253  ARI=0.6497  1.4s

=== P1E_S1_C2 train[0] k=8  dim=576  frames=339  σ=0.5  fold=0 ===
  OSC: k_hat=8  ACC=0.6460  NMI=0.7900  ARI=0.5929  1.0s

=== P1E_S1_C2 train[1] k=8  dim=576  frames=331  σ=0.5  fold=0 ===
  OSC: k_hat=8  ACC=0.7583  NMI=0.7958  ARI=0.6286  1.0s

=== P1E_S1_C3 train[0] k=8  dim=576  frames=132  σ=0.5  fold=0 ===
  OSC: k_hat=8  ACC=0.6439  NMI=0.7582  ARI=0.5343  0.2s

=== P1E_S1_C3 train[1] k=8  dim=576  frames=154  σ=0.5  fold=0 ===
  OSC: k_hat=8  ACC=0.7792  NMI=0.8443  ARI=0.6980  0.3s

=== P1E_S2_C1 train[0] k=8  dim=576  frames=426  σ=0.5  fold=0 ===
  OSC: k_hat=8  ACC=0.5000  NMI=0.7688  ARI=0.4807  1.6s

=== P1E_S2_C1 train[1] k=8  dim=576  frames=386  σ=0.5  fold=0 ===
  OSC: k_hat=8  ACC=0.5881  NMI=0.7430  ARI=0.4650  1.3s

=== P1E_S2_C2 train[0] k=8  dim=576  frames=348  σ=0.5  fold=0 ===
  OSC: k_hat=8  ACC=0.7730  NMI=0.8242  ARI=0.6723  1.1s

=== P1E_S2_C2 train[1] k=8  dim=576  frames=320  σ=0.5  fold=0 ===
  OSC: k_hat=8  ACC=0.6750  NMI=0.7812  ARI=0.5482  0.9s

=== P1E_S2_C3 train[0] k=8  dim=576  frames=278  σ=0.5  fold=0 ===
  OSC: k_hat=8  ACC=0.5755  NMI=0.7536  ARI=0.4997  0.7s

=== P1E_S2_C3 train[1] k=8  dim=576  frames=246  σ=0.5  fold=0 ===
  OSC: k_hat=8  ACC=0.9187  NMI=0.8803  ARI=0.8264  0.6s

=== P1E_S3_C1 train[0] k=8  dim=576  frames=427  σ=0.5  fold=0 ===
  OSC: k_hat=8  ACC=0.6230  NMI=0.7890  ARI=0.5947  1.6s

=== P1E_S3_C1 train[1] k=8  dim=576  frames=395  σ=0.5  fold=0 ===
  OSC: k_hat=8  ACC=0.7139  NMI=0.7843  ARI=0.5999  1.4s

=== P1E_S3_C2 train[0] k=8  dim=576  frames=428  σ=0.5  fold=0 ===
  OSC: k_hat=8  ACC=0.6332  NMI=0.8076  ARI=0.6022  1.5s

=== P1E_S3_C2 train[1] k=8  dim=576  frames=324  σ=0.5  fold=0 ===
  OSC: k_hat=8  ACC=0.7840  NMI=0.8058  ARI=0.6571  1.0s

=== P1E_S3_C3 train[0] k=8  dim=576  frames=319  σ=0.5  fold=0 ===
  OSC: k_hat=8  ACC=0.7994  NMI=0.8627  ARI=0.7215  0.9s

=== P1E_S3_C3 train[1] k=8  dim=576  frames=265  σ=0.5  fold=0 ===
  OSC: k_hat=8  ACC=0.7660  NMI=0.8753  ARI=0.7394  0.7s

=== P1E_S4_C1 train[0] k=8  dim=576  frames=465  σ=0.5  fold=0 ===
  OSC: k_hat=8  ACC=0.5505  NMI=0.7895  ARI=0.5322  1.8s

=== P1E_S4_C1 train[1] k=8  dim=576  frames=379  σ=0.5  fold=0 ===
  OSC: k_hat=8  ACC=0.6755  NMI=0.7743  ARI=0.5518  1.3s

=== P1E_S4_C2 train[0] k=8  dim=576  frames=363  σ=0.5  fold=0 ===
  OSC: k_hat=8  ACC=0.6584  NMI=0.8439  ARI=0.6220  1.2s

=== P1E_S4_C2 train[1] k=8  dim=576  frames=335  σ=0.5  fold=0 ===
  OSC: k_hat=8  ACC=0.6716  NMI=0.7996  ARI=0.6131  1.0s

=== P1E_S4_C3 train[0] k=8  dim=576  frames=245  σ=0.5  fold=0 ===
  OSC: k_hat=8  ACC=0.5469  NMI=0.7084  ARI=0.4282  0.6s

=== P1E_S4_C3 train[1] k=8  dim=576  frames=233  σ=0.5  fold=0 ===
  OSC: k_hat=8  ACC=0.7682  NMI=0.8394  ARI=0.7226  0.5s

=== P1L_S1_C1 train[0] k=8  dim=576  frames=503  σ=0.5  fold=0 ===
  OSC: k_hat=8  ACC=0.7992  NMI=0.8707  ARI=0.7367  2.1s

=== P1L_S1_C1 train[1] k=8  dim=576  frames=399  σ=0.5  fold=0 ===
  OSC: k_hat=8  ACC=0.8371  NMI=0.8778  ARI=0.7763  1.4s

=== P1L_S1_C2 train[0] k=8  dim=576  frames=423  σ=0.5  fold=0 ===
  OSC: k_hat=8  ACC=0.6359  NMI=0.7958  ARI=0.5734  1.6s

=== P1L_S1_C2 train[1] k=8  dim=576  frames=406  σ=0.5  fold=0 ===
  OSC: k_hat=8  ACC=0.7044  NMI=0.8057  ARI=0.6027  1.4s

=== P1L_S1_C3 train[0] k=8  dim=576  frames=195  σ=0.5  fold=0 ===
  OSC: k_hat=8  ACC=0.7641  NMI=0.8715  ARI=0.7179  0.4s

=== P1L_S1_C3 train[1] k=8  dim=576  frames=179  σ=0.5  fold=0 ===
  OSC: k_hat=8  ACC=0.7821  NMI=0.8643  ARI=0.7501  0.4s

=== P1L_S2_C1 train[0] k=8  dim=576  frames=486  σ=0.5  fold=0 ===
  OSC: k_hat=8  ACC=0.7325  NMI=0.8437  ARI=0.6895  2.0s

=== P1L_S2_C1 train[1] k=8  dim=576  frames=429  σ=0.5  fold=0 ===
  OSC: k_hat=8  ACC=0.8112  NMI=0.8689  ARI=0.7481  1.6s

=== P1L_S2_C2 train[0] k=8  dim=576  frames=470  σ=0.5  fold=0 ===
  OSC: k_hat=8  ACC=0.8915  NMI=0.8909  ARI=0.8053  1.9s

=== P1L_S2_C2 train[1] k=8  dim=576  frames=432  σ=0.5  fold=0 ===
  OSC: k_hat=8  ACC=0.7315  NMI=0.8062  ARI=0.6472  1.6s

=== P1L_S2_C3 train[0] k=8  dim=576  frames=302  σ=0.5  fold=0 ===
  OSC: k_hat=8  ACC=0.7119  NMI=0.8475  ARI=0.6978  0.8s

=== P1L_S2_C3 train[1] k=8  dim=576  frames=288  σ=0.5  fold=0 ===
  OSC: k_hat=8  ACC=0.7847  NMI=0.8637  ARI=0.7224  0.8s

=== P1L_S3_C1 train[0] k=8  dim=576  frames=447  σ=0.5  fold=0 ===
  OSC: k_hat=8  ACC=0.7383  NMI=0.8229  ARI=0.6491  1.7s

=== P1L_S3_C1 train[1] k=8  dim=576  frames=417  σ=0.5  fold=0 ===
  OSC: k_hat=8  ACC=0.8417  NMI=0.8704  ARI=0.7312  1.5s

=== P1L_S3_C2 train[0] k=8  dim=576  frames=498  σ=0.5  fold=0 ===
  OSC: k_hat=8  ACC=0.5904  NMI=0.7713  ARI=0.5688  2.1s

=== P1L_S3_C2 train[1] k=8  dim=576  frames=480  σ=0.5  fold=0 ===
  OSC: k_hat=8  ACC=0.7417  NMI=0.7922  ARI=0.6178  1.9s

=== P1L_S3_C3 train[0] k=8  dim=576  frames=354  σ=0.5  fold=0 ===
  OSC: k_hat=8  ACC=0.6695  NMI=0.7738  ARI=0.5751  1.1s

=== P1L_S3_C3 train[1] k=8  dim=576  frames=349  σ=0.5  fold=0 ===
  OSC: k_hat=8  ACC=0.7049  NMI=0.7754  ARI=0.5685  1.1s

=== P1L_S4_C1 train[0] k=8  dim=576  frames=436  σ=0.5  fold=0 ===
  OSC: k_hat=8  ACC=0.8211  NMI=0.9085  ARI=0.7911  1.6s

=== P1L_S4_C1 train[1] k=8  dim=576  frames=497  σ=0.5  fold=0 ===
  OSC: k_hat=8  ACC=0.6378  NMI=0.8132  ARI=0.6041  2.0s

=== P1L_S4_C2 train[0] k=8  dim=576  frames=444  σ=0.5  fold=0 ===
  OSC: k_hat=8  ACC=0.9099  NMI=0.8905  ARI=0.8313  1.7s

=== P1L_S4_C2 train[1] k=8  dim=576  frames=423  σ=0.5  fold=0 ===
  OSC: k_hat=8  ACC=0.8345  NMI=0.8389  ARI=0.7044  1.6s

=== P1L_S4_C3 train[0] k=8  dim=576  frames=299  σ=0.5  fold=0 ===
  OSC: k_hat=8  ACC=0.6355  NMI=0.7889  ARI=0.5643  0.8s

=== P1L_S4_C3 train[1] k=8  dim=576  frames=284  σ=0.5  fold=0 ===
  OSC: k_hat=8  ACC=0.8838  NMI=0.8734  ARI=0.7934  0.8s

=== P1E_S1_C1 test[0] k=8  dim=576  frames=379  σ=0.5  fold=0 ===
  OSC: k_hat=8  ACC=0.6939  NMI=0.8599  ARI=0.6888  1.2s

=== P1E_S1_C2 test[0] k=8  dim=576  frames=325  σ=0.5  fold=0 ===
  OSC: k_hat=8  ACC=0.8185  NMI=0.8502  ARI=0.7208  1.0s

=== P1E_S1_C3 test[0] k=8  dim=576  frames=148  σ=0.5  fold=0 ===
  OSC: k_hat=8  ACC=0.9662  NMI=0.9419  ARI=0.9326  0.3s

=== P1E_S2_C1 test[0] k=8  dim=576  frames=409  σ=0.5  fold=0 ===
  OSC: k_hat=8  ACC=0.6699  NMI=0.7255  ARI=0.5142  1.4s

=== P1E_S2_C2 test[0] k=8  dim=576  frames=333  σ=0.5  fold=0 ===
  OSC: k_hat=8  ACC=0.8318  NMI=0.8960  ARI=0.8105  1.0s

=== P1E_S2_C3 test[0] k=8  dim=576  frames=259  σ=0.5  fold=0 ===
  OSC: k_hat=8  ACC=0.9575  NMI=0.9303  ARI=0.8964  0.6s

=== P1E_S3_C1 test[0] k=8  dim=576  frames=385  σ=0.5  fold=0 ===
  OSC: k_hat=8  ACC=0.5662  NMI=0.7346  ARI=0.4593  1.3s

=== P1E_S3_C2 test[0] k=8  dim=576  frames=331  σ=0.5  fold=0 ===
  OSC: k_hat=8  ACC=0.7281  NMI=0.8225  ARI=0.5896  1.0s

=== P1E_S3_C3 test[0] k=8  dim=576  frames=243  σ=0.5  fold=0 ===
  OSC: k_hat=8  ACC=0.9794  NMI=0.9651  ARI=0.9468  0.6s

=== P1E_S4_C1 test[0] k=8  dim=576  frames=363  σ=0.5  fold=0 ===
  OSC: k_hat=8  ACC=0.6584  NMI=0.7887  ARI=0.5885  1.2s

=== P1E_S4_C2 test[0] k=8  dim=576  frames=317  σ=0.5  fold=0 ===
  OSC: k_hat=8  ACC=0.9180  NMI=0.8933  ARI=0.8283  0.9s

=== P1E_S4_C3 test[0] k=8  dim=576  frames=214  σ=0.5  fold=0 ===
  OSC: k_hat=8  ACC=0.8505  NMI=0.8921  ARI=0.7668  0.5s

=== P1L_S1_C1 test[0] k=8  dim=576  frames=422  σ=0.5  fold=0 ===
  OSC: k_hat=8  ACC=0.8697  NMI=0.9352  ARI=0.8539  1.5s

=== P1L_S1_C2 test[0] k=8  dim=576  frames=414  σ=0.5  fold=0 ===
  OSC: k_hat=8  ACC=0.7440  NMI=0.8506  ARI=0.6858  1.5s

=== P1L_S1_C3 test[0] k=8  dim=576  frames=168  σ=0.5  fold=0 ===
  OSC: k_hat=8  ACC=0.8333  NMI=0.9255  ARI=0.8160  0.3s

=== P1L_S2_C1 test[0] k=8  dim=576  frames=507  σ=0.5  fold=0 ===
  OSC: k_hat=8  ACC=0.8146  NMI=0.8852  ARI=0.7662  2.1s

=== P1L_S2_C2 test[0] k=8  dim=576  frames=453  σ=0.5  fold=0 ===
  OSC: k_hat=8  ACC=0.7792  NMI=0.8518  ARI=0.7313  1.8s

=== P1L_S2_C3 test[0] k=8  dim=576  frames=275  σ=0.5  fold=0 ===
  OSC: k_hat=8  ACC=0.8582  NMI=0.9269  ARI=0.8540  0.7s

=== P1L_S3_C1 test[0] k=8  dim=576  frames=394  σ=0.5  fold=0 ===
  OSC: k_hat=8  ACC=0.7462  NMI=0.8272  ARI=0.6521  1.3s

=== P1L_S3_C2 test[0] k=8  dim=576  frames=427  σ=0.5  fold=0 ===
  OSC: k_hat=8  ACC=0.7635  NMI=0.8761  ARI=0.7332  1.5s

=== P1L_S3_C3 test[0] k=8  dim=576  frames=348  σ=0.5  fold=0 ===
  OSC: k_hat=8  ACC=0.8190  NMI=0.8834  ARI=0.7668  1.1s

=== P1L_S4_C1 test[0] k=8  dim=576  frames=441  σ=0.5  fold=0 ===
  OSC: k_hat=8  ACC=0.7914  NMI=0.8737  ARI=0.7398  1.6s

=== P1L_S4_C2 test[0] k=8  dim=576  frames=410  σ=0.5  fold=0 ===
  OSC: k_hat=8  ACC=0.8024  NMI=0.8755  ARI=0.7459  1.5s

=== P1L_S4_C3 test[0] k=8  dim=576  frames=258  σ=0.5  fold=0 ===
  OSC: k_hat=8  ACC=0.8837  NMI=0.9286  ARI=0.8041  0.6s
  tune_pool_groups=4: sampling from 17 held-in people (overlap allowed) instead of the 2 fixed partition group(s)

============================================================
σ=0.5 fold=1  test=['0001', '0005', '0011', '0015', '0019', '0023', '0024', '0025']  train mats=48  test mats=24  tune mats=96
  --- tune OSC over 96 train mats  n_trials=20 (2 params) ---
  OSC trial 0: mean ARI=0.6989  n=96  104.9s  lambda_1=0.1, lambda_2=0.1
  OSC trial 1: mean ARI=0.6701  n=96  102.4s  lambda_1=0.1568, lambda_2=0.7257
  OSC trial 2: mean ARI=0.5730  n=96  102.3s  lambda_1=0.2577, lambda_2=0.1512
  OSC trial 3: mean ARI=0.7232  n=96  101.5s  lambda_1=0.0495, lambda_2=0.3833
  OSC trial 4: mean ARI=0.7227  n=96  101.5s  lambda_1=0.05628, lambda_2=3.691
  OSC trial 5: mean ARI=0.0018  n=96  97.7s  lambda_1=7.156, lambda_2=0.03418
  OSC trial 6: mean ARI=0.0018  n=96  97.3s  lambda_1=1.469, lambda_2=0.1305
  OSC trial 7: mean ARI=0.6476  n=96  101.1s  lambda_1=0.1871, lambda_2=5.039
  OSC trial 8: mean ARI=0.6284  n=96  105.8s  lambda_1=0.001924, lambda_2=0.002231
  OSC trial 9: mean ARI=0.6972  n=96  101.0s  lambda_1=0.001205, lambda_2=2.14
  OSC trial 10: mean ARI=0.6492  n=96  105.8s  lambda_1=0.01165, lambda_2=0.001662
  OSC trial 11: mean ARI=0.7279  n=96  101.1s  lambda_1=0.01856, lambda_2=0.9349
  OSC trial 12: mean ARI=0.7184  n=96  101.2s  lambda_1=0.01288, lambda_2=0.5626
  OSC trial 13: mean ARI=0.7201  n=96  101.4s  lambda_1=0.01483, lambda_2=0.7505
  OSC trial 14: mean ARI=0.7001  n=96  105.2s  lambda_1=0.03324, lambda_2=0.02161
  OSC trial 15: mean ARI=0.0018  n=96  97.3s  lambda_1=0.7028, lambda_2=0.3417
  OSC trial 16: mean ARI=0.7056  n=96  101.3s  lambda_1=0.00365, lambda_2=1.736
  OSC trial 17: mean ARI=0.7084  n=96  101.1s  lambda_1=0.004777, lambda_2=8.931
  OSC trial 18: mean ARI=0.7019  n=96  105.2s  lambda_1=0.03375, lambda_2=0.02409
  OSC trial 19: mean ARI=0.0018  n=96  97.4s  lambda_1=1.125, lambda_2=0.005631
    best mean ARI=0.7279  tune 2032.7s  lambda_1=0.01856, lambda_2=0.9349
  wrote /nfs/turbo/umms-minjilab/lpullela/icassp_ssc_tv2/block_ssc_benchmark/cv/params/surveillance/split_k8_sigmas_min30_trials20_params_knownk_cv_overlap_osc_k8_sigma0p5_sigma0.5_fold1.json

=== P1E_S1_C1 train[0] k=8  dim=576  frames=379  σ=0.5  fold=1 ===
  OSC: k_hat=8  ACC=0.6939  NMI=0.8599  ARI=0.6888  1.3s

=== P1E_S1_C1 train[1] k=8  dim=576  frames=399  σ=0.5  fold=1 ===
  OSC: k_hat=8  ACC=0.6967  NMI=0.8242  ARI=0.6471  1.4s

=== P1E_S1_C2 train[0] k=8  dim=576  frames=325  σ=0.5  fold=1 ===
  OSC: k_hat=8  ACC=0.8185  NMI=0.8502  ARI=0.7208  0.9s

=== P1E_S1_C2 train[1] k=8  dim=576  frames=331  σ=0.5  fold=1 ===
  OSC: k_hat=8  ACC=0.6949  NMI=0.7903  ARI=0.5717  1.0s

=== P1E_S1_C3 train[0] k=8  dim=576  frames=148  σ=0.5  fold=1 ===
  OSC: k_hat=8  ACC=0.9662  NMI=0.9419  ARI=0.9326  0.3s

=== P1E_S1_C3 train[1] k=8  dim=576  frames=154  σ=0.5  fold=1 ===
  OSC: k_hat=8  ACC=0.7792  NMI=0.8443  ARI=0.6980  0.3s

=== P1E_S2_C1 train[0] k=8  dim=576  frames=409  σ=0.5  fold=1 ===
  OSC: k_hat=8  ACC=0.6699  NMI=0.7255  ARI=0.5142  1.4s

=== P1E_S2_C1 train[1] k=8  dim=576  frames=386  σ=0.5  fold=1 ===
  OSC: k_hat=8  ACC=0.5881  NMI=0.7430  ARI=0.4650  1.3s

=== P1E_S2_C2 train[0] k=8  dim=576  frames=333  σ=0.5  fold=1 ===
  OSC: k_hat=8  ACC=0.8288  NMI=0.8918  ARI=0.8042  1.0s

=== P1E_S2_C2 train[1] k=8  dim=576  frames=320  σ=0.5  fold=1 ===
  OSC: k_hat=8  ACC=0.6750  NMI=0.7812  ARI=0.5482  0.9s

=== P1E_S2_C3 train[0] k=8  dim=576  frames=259  σ=0.5  fold=1 ===
  OSC: k_hat=8  ACC=0.9575  NMI=0.9303  ARI=0.8964  0.6s

=== P1E_S2_C3 train[1] k=8  dim=576  frames=246  σ=0.5  fold=1 ===
  OSC: k_hat=8  ACC=0.7967  NMI=0.8708  ARI=0.7448  0.6s

=== P1E_S3_C1 train[0] k=8  dim=576  frames=385  σ=0.5  fold=1 ===
  OSC: k_hat=8  ACC=0.5662  NMI=0.7346  ARI=0.4593  1.3s

=== P1E_S3_C1 train[1] k=8  dim=576  frames=395  σ=0.5  fold=1 ===
  OSC: k_hat=8  ACC=0.7139  NMI=0.7843  ARI=0.5999  1.3s

=== P1E_S3_C2 train[0] k=8  dim=576  frames=331  σ=0.5  fold=1 ===
  OSC: k_hat=8  ACC=0.7251  NMI=0.8154  ARI=0.5847  1.0s

=== P1E_S3_C2 train[1] k=8  dim=576  frames=324  σ=0.5  fold=1 ===
  OSC: k_hat=8  ACC=0.7840  NMI=0.8058  ARI=0.6571  0.9s

=== P1E_S3_C3 train[0] k=8  dim=576  frames=243  σ=0.5  fold=1 ===
  OSC: k_hat=8  ACC=0.9794  NMI=0.9651  ARI=0.9468  0.6s

=== P1E_S3_C3 train[1] k=8  dim=576  frames=265  σ=0.5  fold=1 ===
  OSC: k_hat=8  ACC=0.7660  NMI=0.8568  ARI=0.7207  0.7s

=== P1E_S4_C1 train[0] k=8  dim=576  frames=363  σ=0.5  fold=1 ===
  OSC: k_hat=8  ACC=0.6584  NMI=0.7887  ARI=0.5885  1.2s

=== P1E_S4_C1 train[1] k=8  dim=576  frames=379  σ=0.5  fold=1 ===
  OSC: k_hat=8  ACC=0.6755  NMI=0.7743  ARI=0.5518  1.3s

=== P1E_S4_C2 train[0] k=8  dim=576  frames=317  σ=0.5  fold=1 ===
  OSC: k_hat=8  ACC=0.9148  NMI=0.8862  ARI=0.8212  0.9s

=== P1E_S4_C2 train[1] k=8  dim=576  frames=335  σ=0.5  fold=1 ===
  OSC: k_hat=8  ACC=0.7731  NMI=0.8472  ARI=0.7197  1.0s

=== P1E_S4_C3 train[0] k=8  dim=576  frames=214  σ=0.5  fold=1 ===
  OSC: k_hat=8  ACC=0.8505  NMI=0.8921  ARI=0.7668  0.5s

=== P1E_S4_C3 train[1] k=8  dim=576  frames=233  σ=0.5  fold=1 ===
  OSC: k_hat=8  ACC=0.7682  NMI=0.8394  ARI=0.7226  0.5s

=== P1L_S1_C1 train[0] k=8  dim=576  frames=422  σ=0.5  fold=1 ===
  OSC: k_hat=8  ACC=0.7109  NMI=0.8773  ARI=0.7390  1.5s

=== P1L_S1_C1 train[1] k=8  dim=576  frames=399  σ=0.5  fold=1 ===
  OSC: k_hat=8  ACC=0.8371  NMI=0.8778  ARI=0.7763  1.4s

=== P1L_S1_C2 train[0] k=8  dim=576  frames=414  σ=0.5  fold=1 ===
  OSC: k_hat=8  ACC=0.7440  NMI=0.8506  ARI=0.6858  1.4s

=== P1L_S1_C2 train[1] k=8  dim=576  frames=406  σ=0.5  fold=1 ===
  OSC: k_hat=8  ACC=0.7044  NMI=0.8057  ARI=0.6027  1.4s

=== P1L_S1_C3 train[0] k=8  dim=576  frames=168  σ=0.5  fold=1 ===
  OSC: k_hat=8  ACC=0.8155  NMI=0.9045  ARI=0.7878  0.3s

=== P1L_S1_C3 train[1] k=8  dim=576  frames=179  σ=0.5  fold=1 ===
  OSC: k_hat=8  ACC=0.7821  NMI=0.8643  ARI=0.7501  0.3s

=== P1L_S2_C1 train[0] k=8  dim=576  frames=507  σ=0.5  fold=1 ===
  OSC: k_hat=8  ACC=0.8126  NMI=0.8800  ARI=0.7616  2.1s

=== P1L_S2_C1 train[1] k=8  dim=576  frames=429  σ=0.5  fold=1 ===
  OSC: k_hat=8  ACC=0.8135  NMI=0.8701  ARI=0.7507  1.6s

=== P1L_S2_C2 train[0] k=8  dim=576  frames=453  σ=0.5  fold=1 ===
  OSC: k_hat=8  ACC=0.7792  NMI=0.8518  ARI=0.7313  1.7s

=== P1L_S2_C2 train[1] k=8  dim=576  frames=432  σ=0.5  fold=1 ===
  OSC: k_hat=8  ACC=0.7315  NMI=0.8062  ARI=0.6472  1.6s

=== P1L_S2_C3 train[0] k=8  dim=576  frames=275  σ=0.5  fold=1 ===
  OSC: k_hat=8  ACC=0.8582  NMI=0.9299  ARI=0.8562  0.7s

=== P1L_S2_C3 train[1] k=8  dim=576  frames=288  σ=0.5  fold=1 ===
  OSC: k_hat=8  ACC=0.7847  NMI=0.8637  ARI=0.7224  0.8s

=== P1L_S3_C1 train[0] k=8  dim=576  frames=394  σ=0.5  fold=1 ===
  OSC: k_hat=8  ACC=0.6091  NMI=0.7639  ARI=0.5034  1.3s

=== P1L_S3_C1 train[1] k=8  dim=576  frames=417  σ=0.5  fold=1 ===
  OSC: k_hat=8  ACC=0.8417  NMI=0.8704  ARI=0.7312  1.5s

=== P1L_S3_C2 train[0] k=8  dim=576  frames=427  σ=0.5  fold=1 ===
  OSC: k_hat=8  ACC=0.7588  NMI=0.8737  ARI=0.7286  1.5s

=== P1L_S3_C2 train[1] k=8  dim=576  frames=480  σ=0.5  fold=1 ===
  OSC: k_hat=8  ACC=0.7417  NMI=0.7922  ARI=0.6178  1.9s

=== P1L_S3_C3 train[0] k=8  dim=576  frames=348  σ=0.5  fold=1 ===
  OSC: k_hat=8  ACC=0.8190  NMI=0.8834  ARI=0.7668  1.1s

=== P1L_S3_C3 train[1] k=8  dim=576  frames=349  σ=0.5  fold=1 ===
  OSC: k_hat=8  ACC=0.7049  NMI=0.7754  ARI=0.5685  1.1s

=== P1L_S4_C1 train[0] k=8  dim=576  frames=441  σ=0.5  fold=1 ===
  OSC: k_hat=8  ACC=0.7755  NMI=0.8717  ARI=0.7330  1.6s

=== P1L_S4_C1 train[1] k=8  dim=576  frames=497  σ=0.5  fold=1 ===
  OSC: k_hat=8  ACC=0.6378  NMI=0.8132  ARI=0.6041  2.0s

=== P1L_S4_C2 train[0] k=8  dim=576  frames=410  σ=0.5  fold=1 ===
  OSC: k_hat=8  ACC=0.8000  NMI=0.8754  ARI=0.7456  1.4s

=== P1L_S4_C2 train[1] k=8  dim=576  frames=423  σ=0.5  fold=1 ===
  OSC: k_hat=8  ACC=0.8369  NMI=0.8400  ARI=0.7075  1.5s

=== P1L_S4_C3 train[0] k=8  dim=576  frames=258  σ=0.5  fold=1 ===
  OSC: k_hat=8  ACC=0.8837  NMI=0.9286  ARI=0.8041  0.6s

=== P1L_S4_C3 train[1] k=8  dim=576  frames=284  σ=0.5  fold=1 ===
  OSC: k_hat=8  ACC=0.8873  NMI=0.8789  ARI=0.8008  0.8s

=== P1E_S1_C1 test[0] k=8  dim=576  frames=410  σ=0.5  fold=1 ===
  OSC: k_hat=8  ACC=0.5634  NMI=0.7832  ARI=0.5375  1.4s

=== P1E_S1_C2 test[0] k=8  dim=576  frames=339  σ=0.5  fold=1 ===
  OSC: k_hat=8  ACC=0.6460  NMI=0.7900  ARI=0.5929  1.0s

=== P1E_S1_C3 test[0] k=8  dim=576  frames=132  σ=0.5  fold=1 ===
  OSC: k_hat=8  ACC=0.6439  NMI=0.7582  ARI=0.5343  0.2s

=== P1E_S2_C1 test[0] k=8  dim=576  frames=426  σ=0.5  fold=1 ===
  OSC: k_hat=8  ACC=0.5000  NMI=0.7688  ARI=0.4807  1.5s

=== P1E_S2_C2 test[0] k=8  dim=576  frames=348  σ=0.5  fold=1 ===
  OSC: k_hat=8  ACC=0.7730  NMI=0.8242  ARI=0.6723  1.1s

=== P1E_S2_C3 test[0] k=8  dim=576  frames=278  σ=0.5  fold=1 ===
  OSC: k_hat=8  ACC=0.5755  NMI=0.7536  ARI=0.4997  0.7s

=== P1E_S3_C1 test[0] k=8  dim=576  frames=427  σ=0.5  fold=1 ===
  OSC: k_hat=8  ACC=0.6230  NMI=0.7890  ARI=0.5947  1.5s

=== P1E_S3_C2 test[0] k=8  dim=576  frames=428  σ=0.5  fold=1 ===
  OSC: k_hat=8  ACC=0.6332  NMI=0.8076  ARI=0.6022  1.5s

=== P1E_S3_C3 test[0] k=8  dim=576  frames=319  σ=0.5  fold=1 ===
  OSC: k_hat=8  ACC=0.7994  NMI=0.8627  ARI=0.7215  0.9s

=== P1E_S4_C1 test[0] k=8  dim=576  frames=465  σ=0.5  fold=1 ===
  OSC: k_hat=8  ACC=0.5398  NMI=0.7879  ARI=0.5202  1.8s

=== P1E_S4_C2 test[0] k=8  dim=576  frames=363  σ=0.5  fold=1 ===
  OSC: k_hat=8  ACC=0.6584  NMI=0.8439  ARI=0.6220  1.2s

=== P1E_S4_C3 test[0] k=8  dim=576  frames=245  σ=0.5  fold=1 ===
  OSC: k_hat=8  ACC=0.5469  NMI=0.7084  ARI=0.4282  0.6s

=== P1L_S1_C1 test[0] k=8  dim=576  frames=503  σ=0.5  fold=1 ===
  OSC: k_hat=8  ACC=0.7992  NMI=0.8707  ARI=0.7367  2.1s

=== P1L_S1_C2 test[0] k=8  dim=576  frames=423  σ=0.5  fold=1 ===
  OSC: k_hat=8  ACC=0.5934  NMI=0.7615  ARI=0.5234  1.5s

=== P1L_S1_C3 test[0] k=8  dim=576  frames=195  σ=0.5  fold=1 ===
  OSC: k_hat=8  ACC=0.7641  NMI=0.8715  ARI=0.7179  0.4s

=== P1L_S2_C1 test[0] k=8  dim=576  frames=486  σ=0.5  fold=1 ===
  OSC: k_hat=8  ACC=0.7325  NMI=0.8437  ARI=0.6895  1.9s

=== P1L_S2_C2 test[0] k=8  dim=576  frames=470  σ=0.5  fold=1 ===
  OSC: k_hat=8  ACC=0.8915  NMI=0.8909  ARI=0.8053  1.8s

=== P1L_S2_C3 test[0] k=8  dim=576  frames=302  σ=0.5  fold=1 ===
  OSC: k_hat=8  ACC=0.7119  NMI=0.8475  ARI=0.6978  0.8s

=== P1L_S3_C1 test[0] k=8  dim=576  frames=447  σ=0.5  fold=1 ===
  OSC: k_hat=8  ACC=0.7383  NMI=0.8229  ARI=0.6491  1.7s

=== P1L_S3_C2 test[0] k=8  dim=576  frames=498  σ=0.5  fold=1 ===
  OSC: k_hat=8  ACC=0.5904  NMI=0.7713  ARI=0.5688  2.0s

=== P1L_S3_C3 test[0] k=8  dim=576  frames=354  σ=0.5  fold=1 ===
  OSC: k_hat=8  ACC=0.6695  NMI=0.7738  ARI=0.5751  1.1s

=== P1L_S4_C1 test[0] k=8  dim=576  frames=436  σ=0.5  fold=1 ===
  OSC: k_hat=8  ACC=0.6881  NMI=0.8230  ARI=0.5659  1.6s

=== P1L_S4_C2 test[0] k=8  dim=576  frames=444  σ=0.5  fold=1 ===
  OSC: k_hat=8  ACC=0.9099  NMI=0.8905  ARI=0.8313  1.6s

=== P1L_S4_C3 test[0] k=8  dim=576  frames=299  σ=0.5  fold=1 ===
  OSC: k_hat=8  ACC=0.6321  NMI=0.7819  ARI=0.5609  0.8s
  tune_pool_groups=4: sampling from 17 held-in people (overlap allowed) instead of the 2 fixed partition group(s)

============================================================
σ=0.5 fold=2  test=['0003', '0007', '0010', '0012', '0016', '0017', '0020', '0021']  train mats=48  test mats=24  tune mats=96
  --- tune OSC over 96 train mats  n_trials=20 (2 params) ---
  OSC trial 0: mean ARI=0.6389  n=96  116.9s  lambda_1=0.1, lambda_2=0.1
  OSC trial 1: mean ARI=0.6034  n=96  114.9s  lambda_1=0.1568, lambda_2=0.7257
  OSC trial 2: mean ARI=0.5380  n=96  114.6s  lambda_1=0.2577, lambda_2=0.1512
  OSC trial 3: mean ARI=0.6549  n=96  114.5s  lambda_1=0.0495, lambda_2=0.3833
  OSC trial 4: mean ARI=0.6562  n=96  113.4s  lambda_1=0.05628, lambda_2=3.691
  OSC trial 5: mean ARI=0.0020  n=96  108.4s  lambda_1=7.156, lambda_2=0.03418
  OSC trial 6: mean ARI=0.0020  n=96  108.5s  lambda_1=1.469, lambda_2=0.1305
  OSC trial 7: mean ARI=0.5891  n=96  113.2s  lambda_1=0.1871, lambda_2=5.039
  OSC trial 8: mean ARI=0.6014  n=96  118.0s  lambda_1=0.001924, lambda_2=0.002231
  OSC trial 9: mean ARI=0.6488  n=96  112.9s  lambda_1=0.001205, lambda_2=2.14
  OSC trial 10: mean ARI=0.6199  n=96  118.6s  lambda_1=0.01206, lambda_2=0.001654
  OSC trial 11: mean ARI=0.6632  n=96  112.7s  lambda_1=0.01856, lambda_2=0.9349
  OSC trial 12: mean ARI=0.6590  n=96  112.9s  lambda_1=0.01288, lambda_2=9.265
  OSC trial 13: mean ARI=0.6522  n=96  112.9s  lambda_1=0.007366, lambda_2=8.861
  OSC trial 14: mean ARI=0.6652  n=96  112.7s  lambda_1=0.01544, lambda_2=0.9382
  OSC trial 15: mean ARI=0.6519  n=96  112.6s  lambda_1=0.006704, lambda_2=1.086
  OSC trial 16: mean ARI=0.6380  n=96  117.2s  lambda_1=0.02491, lambda_2=0.02168
  OSC trial 17: mean ARI=0.6505  n=96  113.0s  lambda_1=0.004176, lambda_2=0.457
  OSC trial 18: mean ARI=0.0020  n=96  108.7s  lambda_1=0.6233, lambda_2=1.572
  OSC trial 19: mean ARI=0.6432  n=96  117.5s  lambda_1=0.03067, lambda_2=0.007987
    best mean ARI=0.6652  tune 2274.2s  lambda_1=0.01544, lambda_2=0.9382
  wrote /nfs/turbo/umms-minjilab/lpullela/icassp_ssc_tv2/block_ssc_benchmark/cv/params/surveillance/split_k8_sigmas_min30_trials20_params_knownk_cv_overlap_osc_k8_sigma0p5_sigma0.5_fold2.json

=== P1E_S1_C1 train[0] k=8  dim=576  frames=379  σ=0.5  fold=2 ===
  OSC: k_hat=8  ACC=0.6939  NMI=0.8451  ARI=0.6797  1.2s

=== P1E_S1_C1 train[1] k=8  dim=576  frames=410  σ=0.5  fold=2 ===
  OSC: k_hat=8  ACC=0.6659  NMI=0.8498  ARI=0.6581  1.4s

=== P1E_S1_C2 train[0] k=8  dim=576  frames=325  σ=0.5  fold=2 ===
  OSC: k_hat=8  ACC=0.7600  NMI=0.8162  ARI=0.6730  0.9s

=== P1E_S1_C2 train[1] k=8  dim=576  frames=339  σ=0.5  fold=2 ===
  OSC: k_hat=8  ACC=0.6460  NMI=0.7900  ARI=0.5929  1.1s

=== P1E_S1_C3 train[0] k=8  dim=576  frames=148  σ=0.5  fold=2 ===
  OSC: k_hat=8  ACC=0.9662  NMI=0.9419  ARI=0.9326  0.3s

=== P1E_S1_C3 train[1] k=8  dim=576  frames=132  σ=0.5  fold=2 ===
  OSC: k_hat=8  ACC=0.6439  NMI=0.7582  ARI=0.5343  0.2s

=== P1E_S2_C1 train[0] k=8  dim=576  frames=409  σ=0.5  fold=2 ===
  OSC: k_hat=8  ACC=0.6601  NMI=0.7207  ARI=0.5035  1.4s

=== P1E_S2_C1 train[1] k=8  dim=576  frames=426  σ=0.5  fold=2 ===
  OSC: k_hat=8  ACC=0.5000  NMI=0.7688  ARI=0.4807  1.5s

=== P1E_S2_C2 train[0] k=8  dim=576  frames=333  σ=0.5  fold=2 ===
  OSC: k_hat=8  ACC=0.8258  NMI=0.8845  ARI=0.7967  1.0s

=== P1E_S2_C2 train[1] k=8  dim=576  frames=348  σ=0.5  fold=2 ===
  OSC: k_hat=8  ACC=0.7730  NMI=0.8242  ARI=0.6723  1.1s

=== P1E_S2_C3 train[0] k=8  dim=576  frames=259  σ=0.5  fold=2 ===
  OSC: k_hat=8  ACC=0.9575  NMI=0.9303  ARI=0.8964  0.6s

=== P1E_S2_C3 train[1] k=8  dim=576  frames=278  σ=0.5  fold=2 ===
  OSC: k_hat=8  ACC=0.5935  NMI=0.7628  ARI=0.5261  0.7s

=== P1E_S3_C1 train[0] k=8  dim=576  frames=385  σ=0.5  fold=2 ===
  OSC: k_hat=8  ACC=0.5662  NMI=0.7346  ARI=0.4593  1.3s

=== P1E_S3_C1 train[1] k=8  dim=576  frames=427  σ=0.5  fold=2 ===
  OSC: k_hat=8  ACC=0.6230  NMI=0.7890  ARI=0.5947  1.5s

=== P1E_S3_C2 train[0] k=8  dim=576  frames=331  σ=0.5  fold=2 ===
  OSC: k_hat=8  ACC=0.7251  NMI=0.8154  ARI=0.5847  1.0s

=== P1E_S3_C2 train[1] k=8  dim=576  frames=428  σ=0.5  fold=2 ===
  OSC: k_hat=8  ACC=0.6332  NMI=0.8076  ARI=0.6022  1.5s

=== P1E_S3_C3 train[0] k=8  dim=576  frames=243  σ=0.5  fold=2 ===
  OSC: k_hat=8  ACC=0.9794  NMI=0.9651  ARI=0.9468  0.6s

=== P1E_S3_C3 train[1] k=8  dim=576  frames=319  σ=0.5  fold=2 ===
  OSC: k_hat=8  ACC=0.7994  NMI=0.8627  ARI=0.7215  0.9s

=== P1E_S4_C1 train[0] k=8  dim=576  frames=363  σ=0.5  fold=2 ===
  OSC: k_hat=8  ACC=0.6584  NMI=0.7887  ARI=0.5885  1.1s

=== P1E_S4_C1 train[1] k=8  dim=576  frames=465  σ=0.5  fold=2 ===
  OSC: k_hat=8  ACC=0.5398  NMI=0.7879  ARI=0.5202  1.7s

=== P1E_S4_C2 train[0] k=8  dim=576  frames=317  σ=0.5  fold=2 ===
  OSC: k_hat=8  ACC=0.9148  NMI=0.8862  ARI=0.8212  0.9s

=== P1E_S4_C2 train[1] k=8  dim=576  frames=363  σ=0.5  fold=2 ===
  OSC: k_hat=8  ACC=0.6584  NMI=0.8439  ARI=0.6220  1.1s

=== P1E_S4_C3 train[0] k=8  dim=576  frames=214  σ=0.5  fold=2 ===
  OSC: k_hat=8  ACC=0.8505  NMI=0.8921  ARI=0.7668  0.5s

=== P1E_S4_C3 train[1] k=8  dim=576  frames=245  σ=0.5  fold=2 ===
  OSC: k_hat=8  ACC=0.5469  NMI=0.7084  ARI=0.4282  0.6s

=== P1L_S1_C1 train[0] k=8  dim=576  frames=422  σ=0.5  fold=2 ===
  OSC: k_hat=8  ACC=0.7109  NMI=0.8773  ARI=0.7390  1.5s

=== P1L_S1_C1 train[1] k=8  dim=576  frames=503  σ=0.5  fold=2 ===
  OSC: k_hat=8  ACC=0.7952  NMI=0.8688  ARI=0.7327  2.1s

=== P1L_S1_C2 train[0] k=8  dim=576  frames=414  σ=0.5  fold=2 ===
  OSC: k_hat=8  ACC=0.7440  NMI=0.8506  ARI=0.6858  1.4s

=== P1L_S1_C2 train[1] k=8  dim=576  frames=423  σ=0.5  fold=2 ===
  OSC: k_hat=8  ACC=0.5934  NMI=0.7615  ARI=0.5234  1.5s

=== P1L_S1_C3 train[0] k=8  dim=576  frames=168  σ=0.5  fold=2 ===
  OSC: k_hat=8  ACC=0.8155  NMI=0.9045  ARI=0.7878  0.3s

=== P1L_S1_C3 train[1] k=8  dim=576  frames=195  σ=0.5  fold=2 ===
  OSC: k_hat=8  ACC=0.7641  NMI=0.8715  ARI=0.7179  0.4s

=== P1L_S2_C1 train[0] k=8  dim=576  frames=507  σ=0.5  fold=2 ===
  OSC: k_hat=8  ACC=0.8146  NMI=0.8804  ARI=0.7628  2.1s

=== P1L_S2_C1 train[1] k=8  dim=576  frames=486  σ=0.5  fold=2 ===
  OSC: k_hat=8  ACC=0.7325  NMI=0.8437  ARI=0.6895  1.9s

=== P1L_S2_C2 train[0] k=8  dim=576  frames=453  σ=0.5  fold=2 ===
  OSC: k_hat=8  ACC=0.7792  NMI=0.8518  ARI=0.7313  1.7s

=== P1L_S2_C2 train[1] k=8  dim=576  frames=470  σ=0.5  fold=2 ===
  OSC: k_hat=8  ACC=0.8915  NMI=0.8909  ARI=0.8053  1.8s

=== P1L_S2_C3 train[0] k=8  dim=576  frames=275  σ=0.5  fold=2 ===
  OSC: k_hat=8  ACC=0.8582  NMI=0.9299  ARI=0.8562  0.7s

=== P1L_S2_C3 train[1] k=8  dim=576  frames=302  σ=0.5  fold=2 ===
  OSC: k_hat=8  ACC=0.7119  NMI=0.8475  ARI=0.6978  0.8s

=== P1L_S3_C1 train[0] k=8  dim=576  frames=394  σ=0.5  fold=2 ===
  OSC: k_hat=8  ACC=0.6091  NMI=0.7639  ARI=0.5034  1.3s

=== P1L_S3_C1 train[1] k=8  dim=576  frames=447  σ=0.5  fold=2 ===
  OSC: k_hat=8  ACC=0.7383  NMI=0.8229  ARI=0.6491  1.6s

=== P1L_S3_C2 train[0] k=8  dim=576  frames=427  σ=0.5  fold=2 ===
  OSC: k_hat=8  ACC=0.7588  NMI=0.8737  ARI=0.7286  1.5s

=== P1L_S3_C2 train[1] k=8  dim=576  frames=498  σ=0.5  fold=2 ===
  OSC: k_hat=8  ACC=0.5904  NMI=0.7713  ARI=0.5688  2.0s

=== P1L_S3_C3 train[0] k=8  dim=576  frames=348  σ=0.5  fold=2 ===
  OSC: k_hat=8  ACC=0.8247  NMI=0.8946  ARI=0.7765  1.0s

=== P1L_S3_C3 train[1] k=8  dim=576  frames=354  σ=0.5  fold=2 ===
  OSC: k_hat=8  ACC=0.6695  NMI=0.7738  ARI=0.5751  1.1s

=== P1L_S4_C1 train[0] k=8  dim=576  frames=441  σ=0.5  fold=2 ===
  OSC: k_hat=8  ACC=0.7732  NMI=0.8669  ARI=0.7313  1.6s

=== P1L_S4_C1 train[1] k=8  dim=576  frames=436  σ=0.5  fold=2 ===
  OSC: k_hat=8  ACC=0.6514  NMI=0.8024  ARI=0.5293  1.6s

=== P1L_S4_C2 train[0] k=8  dim=576  frames=410  σ=0.5  fold=2 ===
  OSC: k_hat=8  ACC=0.8000  NMI=0.8754  ARI=0.7456  1.4s

=== P1L_S4_C2 train[1] k=8  dim=576  frames=444  σ=0.5  fold=2 ===
  OSC: k_hat=8  ACC=0.9099  NMI=0.8905  ARI=0.8313  1.6s

=== P1L_S4_C3 train[0] k=8  dim=576  frames=258  σ=0.5  fold=2 ===
  OSC: k_hat=8  ACC=0.8837  NMI=0.9286  ARI=0.8041  0.6s

=== P1L_S4_C3 train[1] k=8  dim=576  frames=299  σ=0.5  fold=2 ===
  OSC: k_hat=8  ACC=0.6321  NMI=0.7819  ARI=0.5609  0.8s

=== P1E_S1_C1 test[0] k=8  dim=576  frames=399  σ=0.5  fold=2 ===
  OSC: k_hat=8  ACC=0.6792  NMI=0.8220  ARI=0.6427  1.4s

=== P1E_S1_C2 test[0] k=8  dim=576  frames=331  σ=0.5  fold=2 ===
  OSC: k_hat=8  ACC=0.6949  NMI=0.7903  ARI=0.5717  1.0s

=== P1E_S1_C3 test[0] k=8  dim=576  frames=154  σ=0.5  fold=2 ===
  OSC: k_hat=8  ACC=0.7792  NMI=0.8443  ARI=0.6980  0.3s

=== P1E_S2_C1 test[0] k=8  dim=576  frames=386  σ=0.5  fold=2 ===
  OSC: k_hat=8  ACC=0.5881  NMI=0.7430  ARI=0.4650  1.3s

=== P1E_S2_C2 test[0] k=8  dim=576  frames=320  σ=0.5  fold=2 ===
  OSC: k_hat=8  ACC=0.6719  NMI=0.7797  ARI=0.5452  0.9s

=== P1E_S2_C3 test[0] k=8  dim=576  frames=246  σ=0.5  fold=2 ===
  OSC: k_hat=8  ACC=0.8008  NMI=0.8769  ARI=0.7520  0.6s

=== P1E_S3_C1 test[0] k=8  dim=576  frames=395  σ=0.5  fold=2 ===
  OSC: k_hat=8  ACC=0.7165  NMI=0.7886  ARI=0.6037  1.3s

=== P1E_S3_C2 test[0] k=8  dim=576  frames=324  σ=0.5  fold=2 ===
  OSC: k_hat=8  ACC=0.7037  NMI=0.7355  ARI=0.5200  0.9s

=== P1E_S3_C3 test[0] k=8  dim=576  frames=265  σ=0.5  fold=2 ===
  OSC: k_hat=8  ACC=0.7660  NMI=0.8568  ARI=0.7207  0.7s

=== P1E_S4_C1 test[0] k=8  dim=576  frames=379  σ=0.5  fold=2 ===
  OSC: k_hat=8  ACC=0.6675  NMI=0.7687  ARI=0.5369  1.2s

=== P1E_S4_C2 test[0] k=8  dim=576  frames=335  σ=0.5  fold=2 ===
  OSC: k_hat=8  ACC=0.7761  NMI=0.8473  ARI=0.7201  1.0s

=== P1E_S4_C3 test[0] k=8  dim=576  frames=233  σ=0.5  fold=2 ===
  OSC: k_hat=8  ACC=0.7682  NMI=0.8394  ARI=0.7226  0.5s

=== P1L_S1_C1 test[0] k=8  dim=576  frames=399  σ=0.5  fold=2 ===
  OSC: k_hat=8  ACC=0.8371  NMI=0.8778  ARI=0.7763  1.4s

=== P1L_S1_C2 test[0] k=8  dim=576  frames=406  σ=0.5  fold=2 ===
  OSC: k_hat=8  ACC=0.7044  NMI=0.8057  ARI=0.6027  1.4s

=== P1L_S1_C3 test[0] k=8  dim=576  frames=179  σ=0.5  fold=2 ===
  OSC: k_hat=8  ACC=0.7821  NMI=0.8643  ARI=0.7501  0.3s

=== P1L_S2_C1 test[0] k=8  dim=576  frames=429  σ=0.5  fold=2 ===
  OSC: k_hat=8  ACC=0.8135  NMI=0.8701  ARI=0.7507  1.5s

=== P1L_S2_C2 test[0] k=8  dim=576  frames=432  σ=0.5  fold=2 ===
  OSC: k_hat=8  ACC=0.7315  NMI=0.8062  ARI=0.6472  1.6s

=== P1L_S2_C3 test[0] k=8  dim=576  frames=288  σ=0.5  fold=2 ===
  OSC: k_hat=8  ACC=0.7847  NMI=0.8637  ARI=0.7224  0.8s

=== P1L_S3_C1 test[0] k=8  dim=576  frames=417  σ=0.5  fold=2 ===
  OSC: k_hat=8  ACC=0.8417  NMI=0.8704  ARI=0.7312  1.5s

=== P1L_S3_C2 test[0] k=8  dim=576  frames=480  σ=0.5  fold=2 ===
  OSC: k_hat=8  ACC=0.7417  NMI=0.7922  ARI=0.6178  1.9s

=== P1L_S3_C3 test[0] k=8  dim=576  frames=349  σ=0.5  fold=2 ===
  OSC: k_hat=8  ACC=0.7049  NMI=0.7754  ARI=0.5685  1.1s

=== P1L_S4_C1 test[0] k=8  dim=576  frames=497  σ=0.5  fold=2 ===
  OSC: k_hat=8  ACC=0.6157  NMI=0.7798  ARI=0.5623  2.0s

=== P1L_S4_C2 test[0] k=8  dim=576  frames=423  σ=0.5  fold=2 ===
  OSC: k_hat=8  ACC=0.8369  NMI=0.8400  ARI=0.7075  1.5s

=== P1L_S4_C3 test[0] k=8  dim=576  frames=284  σ=0.5  fold=2 ===
  OSC: k_hat=8  ACC=0.8838  NMI=0.8734  ARI=0.7934  0.7s

=== inference time per method ===
  OSC: mean=1.1684s  std=0.4839s  total=252.4s  n=216
wrote /nfs/turbo/umms-minjilab/lpullela/icassp_ssc_tv2/block_ssc_benchmark/cv/results/surveillance/split_k8_sigmas_min30_trials20_knownk_cv_overlap_osc_k8_sigma0p5_timing.json

=== mean over matrices ===
  OSC train σ=0.5: ACC=0.7413  NMI=0.8343  ARI=0.6723  n=144
  OSC test σ=0.5: ACC=0.7425  NMI=0.8344  ARI=0.6715  n=72

wrote /nfs/turbo/umms-minjilab/lpullela/icassp_ssc_tv2/block_ssc_benchmark/cv/results/surveillance/split_k8_sigmas_min30_trials20_knownk_cv_overlap_osc_k8_sigma0p5.csv
end=Sun Sep  6 13:34:15 EDT 2026
Experiment completed!
