========================================
Job: cvov_ssc_block_tv_col21_k12_s0
Method: SSC-Block-TV-Col21  k: 12  sigma: 0.0  tune_pool_groups: 4
========================================
host=gl3387.arc-ts.umich.edu  python=/home/lpullela/miniconda3/envs/ssc_559/bin/python  start=Sun Sep  6 11:37:52 EDT 2026
Loading P1E_S1_C1
  Y: (576, 1236)  people=25  frames/person=[60, 61, 50, 48, 51, 35, 41, 56, 55, 49, 65, 50, 63, 38, 61, 48, 50, 49, 50, 30, 42, 60, 32, 39, 53]  min=30
Loading P1E_S1_C2
  Y: (576, 1031)  people=25  frames/person=[42, 48, 31, 35, 50, 45, 30, 32, 38, 40, 61, 41, 47, 33, 46, 36, 41, 45, 42, 36, 33, 50, 53, 33, 43]  min=30
Loading P1E_S1_C3
  Y: (576, 453)  people=25  frames/person=[15, 22, 16, 16, 17, 13, 14, 19, 14, 25, 26, 12, 21, 18, 22, 19, 13, 19, 16, 15, 8, 15, 30, 20, 28]  min=8
  warning: 24 people have fewer than 30 available frames (kept all)
Loading P1E_S2_C1
  Y: (576, 1256)  people=25  frames/person=[65, 50, 50, 51, 53, 48, 49, 60, 33, 48, 61, 58, 52, 32, 55, 35, 45, 53, 40, 53, 51, 65, 64, 42, 43]  min=32
Loading P1E_S2_C2
  Y: (576, 1042)  people=25  frames/person=[33, 48, 38, 41, 53, 36, 39, 47, 51, 36, 55, 44, 43, 25, 42, 41, 37, 45, 41, 38, 40, 54, 49, 33, 33]  min=25
  warning: 1 people have fewer than 30 available frames (kept all)
Loading P1E_S2_C3
  Y: (576, 816)  people=25  frames/person=[36, 33, 28, 32, 42, 37, 31, 36, 31, 23, 42, 36, 35, 20, 33, 33, 32, 32, 32, 29, 32, 42, 38, 27, 24]  min=20
  warning: 6 people have fewer than 30 available frames (kept all)
Loading P1E_S3_C1
  Y: (576, 1255)  people=25  frames/person=[43, 39, 47, 52, 58, 96, 42, 31, 79, 33, 67, 55, 44, 34, 40, 48, 54, 77, 45, 41, 46, 53, 56, 38, 37]  min=31
Loading P1E_S3_C2
  Y: (576, 1126)  people=25  frames/person=[57, 56, 35, 40, 49, 75, 34, 40, 70, 26, 65, 54, 43, 28, 32, 43, 48, 31, 36, 33, 42, 71, 57, 30, 31]  min=26
  warning: 2 people have fewer than 30 available frames (kept all)
Loading P1E_S3_C3
  Y: (576, 866)  people=25  frames/person=[43, 36, 24, 33, 37, 47, 29, 37, 55, 18, 40, 40, 31, 22, 30, 39, 35, 45, 30, 28, 30, 50, 42, 20, 25]  min=18
  warning: 7 people have fewer than 30 available frames (kept all)
Loading P1E_S4_C1
  Y: (576, 1247)  people=25  frames/person=[58, 54, 34, 56, 50, 59, 50, 56, 74, 38, 75, 35, 46, 31, 53, 40, 57, 32, 56, 33, 48, 67, 59, 48, 38]  min=31
Loading P1E_S4_C2
  Y: (576, 1051)  people=25  frames/person=[37, 37, 41, 46, 41, 49, 38, 45, 65, 30, 39, 48, 50, 34, 43, 36, 47, 52, 45, 37, 38, 50, 30, 37, 36]  min=30
Loading P1E_S4_C3
  Y: (576, 719)  people=25  frames/person=[28, 29, 22, 29, 24, 36, 31, 29, 33, 25, 37, 19, 28, 21, 25, 27, 25, 41, 27, 29, 26, 31, 45, 29, 23]  min=19
  warning: 18 people have fewer than 30 available frames (kept all)
Loading P1L_S1_C1
  Y: (576, 1391)  people=25  frames/person=[65, 68, 43, 64, 47, 40, 58, 33, 75, 41, 58, 72, 58, 49, 66, 67, 65, 43, 59, 57, 58, 51, 67, 32, 55]  min=32
Loading P1L_S1_C2
  Y: (576, 1309)  people=25  frames/person=[30, 65, 37, 63, 66, 54, 52, 52, 43, 49, 71, 49, 58, 48, 54, 66, 56, 36, 48, 49, 55, 66, 52, 39, 51]  min=30
Loading P1L_S1_C3
  Y: (576, 565)  people=25  frames/person=[27, 29, 20, 26, 19, 25, 22, 12, 28, 25, 20, 25, 23, 18, 21, 23, 25, 26, 23, 21, 18, 18, 30, 18, 23]  min=12
  warning: 24 people have fewer than 30 available frames (kept all)
Loading P1L_S2_C1
  Y: (576, 1470)  people=25  frames/person=[73, 68, 53, 64, 65, 41, 73, 55, 37, 31, 82, 75, 63, 45, 34, 48, 74, 84, 71, 64, 62, 65, 48, 33, 62]  min=31
Loading P1L_S2_C2
  Y: (576, 1393)  people=25  frames/person=[64, 65, 49, 62, 69, 69, 63, 61, 80, 34, 89, 57, 53, 52, 55, 38, 30, 30, 66, 36, 57, 51, 73, 41, 49]  min=30
Loading P1L_S2_C3
  Y: (576, 897)  people=25  frames/person=[40, 36, 29, 28, 35, 37, 36, 36, 50, 28, 55, 46, 34, 31, 35, 32, 30, 48, 37, 29, 36, 39, 45, 19, 26]  min=19
  warning: 6 people have fewer than 30 available frames (kept all)
Loading P1L_S3_C1
  Y: (576, 1329)  people=25  frames/person=[31, 33, 30, 51, 74, 75, 59, 65, 66, 43, 47, 39, 65, 50, 58, 71, 67, 36, 57, 35, 62, 31, 74, 59, 51]  min=30
Loading P1L_S3_C2
  Y: (576, 1472)  people=25  frames/person=[78, 38, 48, 51, 54, 71, 61, 71, 32, 50, 75, 38, 72, 63, 48, 67, 49, 87, 52, 56, 58, 85, 73, 56, 39]  min=32
Loading P1L_S3_C3
  Y: (576, 1105)  people=25  frames/person=[48, 44, 38, 38, 39, 45, 35, 55, 52, 26, 81, 39, 36, 36, 44, 54, 42, 61, 38, 31, 34, 53, 51, 44, 41]  min=26
  warning: 1 people have fewer than 30 available frames (kept all)
Loading P1L_S4_C1
  Y: (576, 1443)  people=25  frames/person=[50, 69, 44, 41, 78, 43, 32, 71, 45, 65, 59, 39, 56, 57, 68, 69, 70, 73, 51, 63, 47, 70, 57, 52, 74]  min=32
Loading P1L_S4_C2
  Y: (576, 1327)  people=25  frames/person=[71, 34, 39, 54, 63, 67, 52, 39, 52, 56, 59, 50, 51, 53, 63, 50, 71, 63, 48, 35, 31, 71, 43, 52, 60]  min=31
Loading P1L_S4_C3
  Y: (576, 880)  people=25  frames/person=[37, 41, 23, 26, 32, 34, 22, 32, 50, 29, 38, 44, 31, 34, 37, 39, 39, 39, 38, 26, 25, 50, 41, 33, 40]  min=22
  warning: 6 people have fewer than 30 available frames (kept all)
sequences=24  people=25  k=12
frames/person ~ Unif[30, 100]
down_hw=24  sigmas=(0.0,)  n_trials=20  known_k=True  csv=split_k12_clean_min30_trials20_knownk_scaled_cv_overlap_ssc_block_tv_col21_k12_sigma0.csv
SSC-Block-TV block_size searched in [2, 12]
CV mode: 2 folds of size 12, each rotated as test
  1 people unused (remainder dropped)
  group 0: ['0004', '0005', '0006', '0009', '0013', '0014', '0019', '0022', '0024', '0025', '0026', '0027']
  group 1: ['0001', '0003', '0007', '0010', '0011', '0012', '0015', '0016', '0017', '0020', '0021', '0023']
methods=['SSC-Block-TV-Col21']  append=False  hetero_noise=False  no_tune=False
  tune_pool_groups=4: sampling from 13 held-in people (overlap allowed) instead of the 1 fixed partition group(s)

============================================================
σ=0.0 fold=0  test=['0004', '0005', '0006', '0009', '0013', '0014', '0019', '0022', '0024', '0025', '0026', '0027']  train mats=24  test mats=24  tune mats=96
  --- tune SSC-Block-TV-Col21 over 96 train mats  n_trials=40 (4 params) ---
  SSC-Block-TV-Col21 trial 0: mean ARI=0.5720  n=96  182.7s  lambda_e=1, lambda_z=0.1, gamma_q=0.1, block_size=5
  SSC-Block-TV-Col21 trial 1: mean ARI=0.6215  n=96  180.5s  lambda_e=0.443, lambda_z=0.7257, gamma_q=0.2577, block_size=7
  SSC-Block-TV-Col21 trial 2: mean ARI=0.7032  n=96  177.9s  lambda_e=0.1866, lambda_z=0.3833, gamma_q=0.05628, block_size=11
  SSC-Block-TV-Col21 trial 3: mean ARI=0.4744  n=96  180.3s  lambda_e=7.78, lambda_z=0.03418, gamma_q=1.469, block_size=7
  SSC-Block-TV-Col21 trial 4: mean ARI=0.6253  n=96  192.3s  lambda_e=0.506, lambda_z=5.039, gamma_q=0.001924, block_size=2
  SSC-Block-TV-Col21 trial 5: mean ARI=0.4923  n=96  178.2s  lambda_e=0.0115, lambda_z=2.14, gamma_q=1.296, block_size=11
  SSC-Block-TV-Col21 trial 6: mean ARI=0.6976  n=96  178.7s  lambda_e=8.627, lambda_z=1.573, gamma_q=0.07013, block_size=10
  SSC-Block-TV-Col21 trial 7: mean ARI=0.7710  n=96  178.0s  lambda_e=0.02264, lambda_z=0.3628, gamma_q=0.003745, block_size=12
  SSC-Block-TV-Col21 trial 8: mean ARI=0.7152  n=96  178.8s  lambda_e=0.3677, lambda_z=0.04557, gamma_q=0.01143, block_size=10
  SSC-Block-TV-Col21 trial 9: mean ARI=0.7713  n=96  179.5s  lambda_e=0.2336, lambda_z=0.1878, gamma_q=0.001189, block_size=8
  SSC-Block-TV-Col21 trial 10: mean ARI=0.5881  n=96  193.1s  lambda_e=0.06732, lambda_z=0.001648, gamma_q=6.473, block_size=2
  SSC-Block-TV-Col21 trial 11: mean ARI=0.7853  n=96  179.0s  lambda_e=0.01211, lambda_z=0.1589, gamma_q=0.001276, block_size=8
  SSC-Block-TV-Col21 trial 12: mean ARI=0.7257  n=96  178.9s  lambda_e=0.054, lambda_z=0.00525, gamma_q=0.001024, block_size=8
  SSC-Block-TV-Col21 trial 13: mean ARI=0.7711  n=96  181.1s  lambda_e=2.603, lambda_z=0.1129, gamma_q=0.006548, block_size=5
  SSC-Block-TV-Col21 trial 14: mean ARI=0.6931  n=96  201.3s  lambda_e=0.1181, lambda_z=0.019, gamma_q=0.008442, block_size=8
  SSC-Block-TV-Col21 trial 15: mean ARI=0.7893  n=96  180.7s  lambda_e=0.01048, lambda_z=0.1717, gamma_q=0.001054, block_size=5
  SSC-Block-TV-Col21 trial 16: mean ARI=0.5848  n=96  182.5s  lambda_e=0.01157, lambda_z=0.01022, gamma_q=0.02026, block_size=4
  SSC-Block-TV-Col21 trial 17: mean ARI=0.7253  n=96  180.2s  lambda_e=0.0337, lambda_z=9.508, gamma_q=0.002619, block_size=5
  SSC-Block-TV-Col21 trial 18: mean ARI=0.7070  n=96  182.1s  lambda_e=0.02262, lambda_z=0.05286, gamma_q=0.02483, block_size=4
  SSC-Block-TV-Col21 trial 19: mean ARI=0.7855  n=96  179.0s  lambda_e=0.01205, lambda_z=0.801, gamma_q=0.003958, block_size=6
  SSC-Block-TV-Col21 trial 20: mean ARI=0.7670  n=96  178.9s  lambda_e=0.0323, lambda_z=1.036, gamma_q=0.003598, block_size=6
  SSC-Block-TV-Col21 trial 21: mean ARI=0.7806  n=96  178.2s  lambda_e=0.01014, lambda_z=0.3125, gamma_q=0.001057, block_size=7
  SSC-Block-TV-Col21 trial 22: mean ARI=0.7714  n=96  176.8s  lambda_e=0.01701, lambda_z=0.6583, gamma_q=0.004046, block_size=9
  SSC-Block-TV-Col21 trial 23: mean ARI=0.7453  n=96  178.8s  lambda_e=0.05701, lambda_z=2.593, gamma_q=0.01776, block_size=6
  SSC-Block-TV-Col21 trial 24: mean ARI=0.7817  n=96  181.9s  lambda_e=0.03207, lambda_z=0.15, gamma_q=0.00221, block_size=4
  SSC-Block-TV-Col21 trial 25: mean ARI=0.7777  n=96  186.0s  lambda_e=0.01854, lambda_z=0.0782, gamma_q=0.005317, block_size=3
  SSC-Block-TV-Col21 trial 26: mean ARI=0.7662  n=96  179.9s  lambda_e=0.08386, lambda_z=0.2366, gamma_q=0.001712, block_size=6
  SSC-Block-TV-Col21 trial 27: mean ARI=0.7538  n=96  178.1s  lambda_e=0.01004, lambda_z=0.5084, gamma_q=0.01025, block_size=9
  SSC-Block-TV-Col21 trial 28: mean ARI=0.5587  n=96  180.3s  lambda_e=0.03681, lambda_z=0.02096, gamma_q=0.03374, block_size=6
  SSC-Block-TV-Col21 trial 29: mean ARI=0.5139  n=96  181.7s  lambda_e=0.01617, lambda_z=0.09534, gamma_q=0.1597, block_size=5
  SSC-Block-TV-Col21 trial 30: mean ARI=0.7741  n=96  179.3s  lambda_e=0.01755, lambda_z=1.082, gamma_q=0.002078, block_size=7
  SSC-Block-TV-Col21 trial 31: mean ARI=0.7821  n=96  182.9s  lambda_e=0.03354, lambda_z=0.1553, gamma_q=0.002423, block_size=4
  SSC-Block-TV-Col21 trial 32: mean ARI=0.7798  n=96  186.1s  lambda_e=0.04113, lambda_z=0.1766, gamma_q=0.005571, block_size=3
  SSC-Block-TV-Col21 trial 33: mean ARI=0.7501  n=96  182.9s  lambda_e=0.1119, lambda_z=0.5819, gamma_q=0.003215, block_size=4
  SSC-Block-TV-Col21 trial 34: mean ARI=0.7659  n=96  186.0s  lambda_e=0.0248, lambda_z=0.07398, gamma_q=0.001467, block_size=3
  SSC-Block-TV-Col21 trial 35: mean ARI=0.7743  n=96  180.6s  lambda_e=0.01468, lambda_z=0.3169, gamma_q=0.01247, block_size=5
  SSC-Block-TV-Col21 trial 36: mean ARI=0.7535  n=96  178.6s  lambda_e=0.02514, lambda_z=0.02937, gamma_q=0.002369, block_size=7
  SSC-Block-TV-Col21 trial 37: mean ARI=0.6361  n=96  179.1s  lambda_e=1.656, lambda_z=2.982, gamma_q=0.0063, block_size=6
  SSC-Block-TV-Col21 trial 38: mean ARI=0.4865  n=96  177.5s  lambda_e=0.01398, lambda_z=1.098, gamma_q=0.4867, block_size=9
  SSC-Block-TV-Col21 trial 39: mean ARI=0.7790  n=96  180.4s  lambda_e=0.04767, lambda_z=0.1239, gamma_q=0.001685, block_size=5
    best mean ARI=0.7893  tune 7259.5s  lambda_e=0.01048, lambda_z=0.1717, gamma_q=0.001054, block_size=5
  wrote /nfs/turbo/umms-minjilab/lpullela/icassp_ssc_tv2/block_ssc_benchmark/cv/params/surveillance/split_k12_clean_min30_trials20_knownk_scaled_params_cv_overlap_ssc_block_tv_col21_k12_sigma0_sigma0_fold0.json

=== P1E_S1_C1 train[0] k=12  dim=576  frames=619  σ=0.0  fold=0 ===
  SSC-Block-TV-Col21: k_hat=12  ACC=0.7237  NMI=0.8801  ARI=0.7175  2.4s

=== P1E_S1_C2 train[0] k=12  dim=576  frames=491  σ=0.0  fold=0 ===
  SSC-Block-TV-Col21: k_hat=12  ACC=0.8411  NMI=0.9087  ARI=0.8082  1.5s

=== P1E_S1_C3 train[0] k=12  dim=576  frames=212  σ=0.0  fold=0 ===
  SSC-Block-TV-Col21: k_hat=12  ACC=0.8632  NMI=0.9032  ARI=0.8121  0.3s

=== P1E_S2_C1 train[0] k=12  dim=576  frames=587  σ=0.0  fold=0 ===
  SSC-Block-TV-Col21: k_hat=12  ACC=0.6457  NMI=0.8664  ARI=0.6620  2.2s

=== P1E_S2_C2 train[0] k=12  dim=576  frames=487  σ=0.0  fold=0 ===
  SSC-Block-TV-Col21: k_hat=12  ACC=0.8255  NMI=0.9106  ARI=0.7934  1.5s

=== P1E_S2_C3 train[0] k=12  dim=576  frames=380  σ=0.0  fold=0 ===
  SSC-Block-TV-Col21: k_hat=12  ACC=0.8947  NMI=0.9421  ARI=0.8778  0.9s

=== P1E_S3_C1 train[0] k=12  dim=576  frames=607  σ=0.0  fold=0 ===
  SSC-Block-TV-Col21: k_hat=12  ACC=0.6853  NMI=0.8352  ARI=0.6068  2.3s

=== P1E_S3_C2 train[0] k=12  dim=576  frames=536  σ=0.0  fold=0 ===
  SSC-Block-TV-Col21: k_hat=12  ACC=0.7015  NMI=0.8835  ARI=0.7049  1.8s

=== P1E_S3_C3 train[0] k=12  dim=576  frames=424  σ=0.0  fold=0 ===
  SSC-Block-TV-Col21: k_hat=12  ACC=0.8774  NMI=0.9425  ARI=0.8717  1.1s

=== P1E_S4_C1 train[0] k=12  dim=576  frames=605  σ=0.0  fold=0 ===
  SSC-Block-TV-Col21: k_hat=12  ACC=0.7686  NMI=0.8937  ARI=0.7297  2.3s

=== P1E_S4_C2 train[0] k=12  dim=576  frames=525  σ=0.0  fold=0 ===
  SSC-Block-TV-Col21: k_hat=12  ACC=0.7600  NMI=0.9084  ARI=0.7764  1.7s

=== P1E_S4_C3 train[0] k=12  dim=576  frames=348  σ=0.0  fold=0 ===
  SSC-Block-TV-Col21: k_hat=12  ACC=0.9195  NMI=0.9621  ARI=0.9133  0.8s

=== P1L_S1_C1 train[0] k=12  dim=576  frames=655  σ=0.0  fold=0 ===
  SSC-Block-TV-Col21: k_hat=12  ACC=0.8794  NMI=0.9311  ARI=0.8451  2.7s

=== P1L_S1_C2 train[0] k=12  dim=576  frames=592  σ=0.0  fold=0 ===
  SSC-Block-TV-Col21: k_hat=12  ACC=0.7145  NMI=0.8770  ARI=0.6992  2.2s

=== P1L_S1_C3 train[0] k=12  dim=576  frames=275  σ=0.0  fold=0 ===
  SSC-Block-TV-Col21: k_hat=12  ACC=0.9745  NMI=0.9725  ARI=0.9467  0.5s

=== P1L_S2_C1 train[0] k=12  dim=576  frames=664  σ=0.0  fold=0 ===
  SSC-Block-TV-Col21: k_hat=12  ACC=0.7410  NMI=0.8471  ARI=0.6221  2.7s

=== P1L_S2_C2 train[0] k=12  dim=576  frames=686  σ=0.0  fold=0 ===
  SSC-Block-TV-Col21: k_hat=12  ACC=0.8542  NMI=0.9515  ARI=0.8481  3.0s

=== P1L_S2_C3 train[0] k=12  dim=576  frames=448  σ=0.0  fold=0 ===
  SSC-Block-TV-Col21: k_hat=12  ACC=0.9397  NMI=0.9354  ARI=0.8785  1.3s

=== P1L_S3_C1 train[0] k=12  dim=576  frames=641  σ=0.0  fold=0 ===
  SSC-Block-TV-Col21: k_hat=12  ACC=0.6505  NMI=0.8472  ARI=0.6200  2.6s

=== P1L_S3_C2 train[0] k=12  dim=576  frames=720  σ=0.0  fold=0 ===
  SSC-Block-TV-Col21: k_hat=12  ACC=0.7486  NMI=0.9031  ARI=0.7502  3.2s

=== P1L_S3_C3 train[0] k=12  dim=576  frames=519  σ=0.0  fold=0 ===
  SSC-Block-TV-Col21: k_hat=12  ACC=0.8651  NMI=0.9395  ARI=0.8585  1.7s

=== P1L_S4_C1 train[0] k=12  dim=576  frames=695  σ=0.0  fold=0 ===
  SSC-Block-TV-Col21: k_hat=12  ACC=0.7827  NMI=0.8949  ARI=0.7161  3.1s

=== P1L_S4_C2 train[0] k=12  dim=576  frames=628  σ=0.0  fold=0 ===
  SSC-Block-TV-Col21: k_hat=12  ACC=0.7500  NMI=0.8924  ARI=0.7354  2.5s

=== P1L_S4_C3 train[0] k=12  dim=576  frames=427  σ=0.0  fold=0 ===
  SSC-Block-TV-Col21: k_hat=12  ACC=0.8361  NMI=0.9075  ARI=0.8066  1.2s

=== P1E_S1_C1 test[0] k=12  dim=576  frames=569  σ=0.0  fold=0 ===
  SSC-Block-TV-Col21: k_hat=12  ACC=0.8647  NMI=0.9290  ARI=0.7922  2.0s

=== P1E_S1_C2 test[0] k=12  dim=576  frames=504  σ=0.0  fold=0 ===
  SSC-Block-TV-Col21: k_hat=12  ACC=0.8690  NMI=0.9429  ARI=0.8489  1.6s

=== P1E_S1_C3 test[0] k=12  dim=576  frames=222  σ=0.0  fold=0 ===
  SSC-Block-TV-Col21: k_hat=12  ACC=0.7883  NMI=0.9125  ARI=0.8024  0.3s

=== P1E_S2_C1 test[0] k=12  dim=576  frames=634  σ=0.0  fold=0 ===
  SSC-Block-TV-Col21: k_hat=12  ACC=0.8202  NMI=0.8905  ARI=0.7633  2.5s

=== P1E_S2_C2 test[0] k=12  dim=576  frames=514  σ=0.0  fold=0 ===
  SSC-Block-TV-Col21: k_hat=12  ACC=0.9455  NMI=0.9528  ARI=0.8997  1.7s

=== P1E_S2_C3 test[0] k=12  dim=576  frames=403  σ=0.0  fold=0 ===
  SSC-Block-TV-Col21: k_hat=12  ACC=0.9801  NMI=0.9686  ARI=0.9542  1.0s

=== P1E_S3_C1 test[0] k=12  dim=576  frames=600  σ=0.0  fold=0 ===
  SSC-Block-TV-Col21: k_hat=12  ACC=0.5817  NMI=0.8184  ARI=0.5460  2.2s

=== P1E_S3_C2 test[0] k=12  dim=576  frames=547  σ=0.0  fold=0 ===
  SSC-Block-TV-Col21: k_hat=12  ACC=0.7166  NMI=0.8607  ARI=0.6819  1.9s

=== P1E_S3_C3 test[0] k=12  dim=576  frames=403  σ=0.0  fold=0 ===
  SSC-Block-TV-Col21: k_hat=12  ACC=0.9801  NMI=0.9683  ARI=0.9542  1.0s

=== P1E_S4_C1 test[0] k=12  dim=576  frames=602  σ=0.0  fold=0 ===
  SSC-Block-TV-Col21: k_hat=12  ACC=0.8123  NMI=0.8994  ARI=0.7369  2.3s

=== P1E_S4_C2 test[0] k=12  dim=576  frames=490  σ=0.0  fold=0 ===
  SSC-Block-TV-Col21: k_hat=12  ACC=0.9673  NMI=0.9634  ARI=0.9312  1.5s

=== P1E_S4_C3 test[0] k=12  dim=576  frames=344  σ=0.0  fold=0 ===
  SSC-Block-TV-Col21: k_hat=12  ACC=0.8779  NMI=0.9508  ARI=0.8800  0.7s

=== P1L_S1_C1 test[0] k=12  dim=576  frames=669  σ=0.0  fold=0 ===
  SSC-Block-TV-Col21: k_hat=12  ACC=0.8161  NMI=0.9263  ARI=0.7873  2.8s

=== P1L_S1_C2 test[0] k=12  dim=576  frames=651  σ=0.0  fold=0 ===
  SSC-Block-TV-Col21: k_hat=12  ACC=0.8756  NMI=0.9476  ARI=0.8638  2.7s

=== P1L_S1_C3 test[0] k=12  dim=576  frames=267  σ=0.0  fold=0 ===
  SSC-Block-TV-Col21: k_hat=12  ACC=0.8689  NMI=0.9416  ARI=0.8515  0.5s

=== P1L_S2_C1 test[0] k=12  dim=576  frames=758  σ=0.0  fold=0 ===
  SSC-Block-TV-Col21: k_hat=12  ACC=0.7586  NMI=0.8931  ARI=0.7250  3.6s

=== P1L_S2_C2 test[0] k=12  dim=576  frames=669  σ=0.0  fold=0 ===
  SSC-Block-TV-Col21: k_hat=12  ACC=0.9238  NMI=0.9354  ARI=0.8486  2.8s

=== P1L_S2_C3 test[0] k=12  dim=576  frames=417  σ=0.0  fold=0 ===
  SSC-Block-TV-Col21: k_hat=12  ACC=0.8777  NMI=0.9568  ARI=0.8547  1.1s

=== P1L_S3_C1 test[0] k=12  dim=576  frames=617  σ=0.0  fold=0 ===
  SSC-Block-TV-Col21: k_hat=12  ACC=0.7520  NMI=0.8820  ARI=0.7313  2.4s

=== P1L_S3_C2 test[0] k=12  dim=576  frames=685  σ=0.0  fold=0 ===
  SSC-Block-TV-Col21: k_hat=12  ACC=0.6131  NMI=0.8408  ARI=0.5852  3.0s

=== P1L_S3_C3 test[0] k=12  dim=576  frames=532  σ=0.0  fold=0 ===
  SSC-Block-TV-Col21: k_hat=12  ACC=0.9718  NMI=0.9649  ARI=0.9354  1.7s

=== P1L_S4_C1 test[0] k=12  dim=576  frames=679  σ=0.0  fold=0 ===
  SSC-Block-TV-Col21: k_hat=12  ACC=0.8763  NMI=0.9348  ARI=0.8307  2.9s

=== P1L_S4_C2 test[0] k=12  dim=576  frames=649  σ=0.0  fold=0 ===
  SSC-Block-TV-Col21: k_hat=12  ACC=0.9969  NMI=0.9946  ARI=0.9931  2.6s

=== P1L_S4_C3 test[0] k=12  dim=576  frames=414  σ=0.0  fold=0 ===
  SSC-Block-TV-Col21: k_hat=12  ACC=0.8599  NMI=0.9443  ARI=0.8305  1.1s
  tune_pool_groups=4: sampling from 13 held-in people (overlap allowed) instead of the 1 fixed partition group(s)

============================================================
σ=0.0 fold=1  test=['0001', '0003', '0007', '0010', '0011', '0012', '0015', '0016', '0017', '0020', '0021', '0023']  train mats=24  test mats=24  tune mats=96
  --- tune SSC-Block-TV-Col21 over 96 train mats  n_trials=40 (4 params) ---
  SSC-Block-TV-Col21 trial 0: mean ARI=0.6613  n=96  182.0s  lambda_e=1, lambda_z=0.1, gamma_q=0.1, block_size=5
  SSC-Block-TV-Col21 trial 1: mean ARI=0.6928  n=96  180.6s  lambda_e=0.443, lambda_z=0.7257, gamma_q=0.2577, block_size=7
  SSC-Block-TV-Col21 trial 2: mean ARI=0.7490  n=96  178.0s  lambda_e=0.1866, lambda_z=0.3833, gamma_q=0.05628, block_size=11
  SSC-Block-TV-Col21 trial 3: mean ARI=0.4859  n=96  180.2s  lambda_e=7.78, lambda_z=0.03418, gamma_q=1.469, block_size=7
  SSC-Block-TV-Col21 trial 4: mean ARI=0.6439  n=96  192.8s  lambda_e=0.506, lambda_z=5.039, gamma_q=0.001924, block_size=2
  SSC-Block-TV-Col21 trial 5: mean ARI=0.5145  n=96  178.4s  lambda_e=0.0115, lambda_z=2.14, gamma_q=1.296, block_size=11
  SSC-Block-TV-Col21 trial 6: mean ARI=0.7278  n=96  178.3s  lambda_e=8.627, lambda_z=1.573, gamma_q=0.07013, block_size=10
  SSC-Block-TV-Col21 trial 7: mean ARI=0.7972  n=96  177.9s  lambda_e=0.02264, lambda_z=0.3628, gamma_q=0.003745, block_size=12
  SSC-Block-TV-Col21 trial 8: mean ARI=0.7719  n=96  178.6s  lambda_e=0.3677, lambda_z=0.04557, gamma_q=0.01143, block_size=10
  SSC-Block-TV-Col21 trial 9: mean ARI=0.8040  n=96  179.4s  lambda_e=0.2336, lambda_z=0.1878, gamma_q=0.001189, block_size=8
  SSC-Block-TV-Col21 trial 10: mean ARI=0.6013  n=96  194.7s  lambda_e=0.06732, lambda_z=0.001648, gamma_q=6.473, block_size=2
  SSC-Block-TV-Col21 trial 11: mean ARI=0.8155  n=96  180.0s  lambda_e=0.01211, lambda_z=0.1589, gamma_q=0.001276, block_size=8
  SSC-Block-TV-Col21 trial 12: mean ARI=0.7857  n=96  180.1s  lambda_e=0.054, lambda_z=0.00525, gamma_q=0.001024, block_size=8
  SSC-Block-TV-Col21 trial 13: mean ARI=0.8108  n=96  182.3s  lambda_e=2.603, lambda_z=0.1129, gamma_q=0.006548, block_size=5
  SSC-Block-TV-Col21 trial 14: mean ARI=0.7774  n=96  183.6s  lambda_e=2.709, lambda_z=0.01434, gamma_q=0.008726, block_size=4
  SSC-Block-TV-Col21 trial 15: mean ARI=0.8072  n=96  180.7s  lambda_e=1.697, lambda_z=0.0804, gamma_q=0.01234, block_size=5
  SSC-Block-TV-Col21 trial 16: mean ARI=0.7998  n=96  182.1s  lambda_e=0.08427, lambda_z=0.0159, gamma_q=0.005477, block_size=4
  SSC-Block-TV-Col21 trial 17: mean ARI=0.6413  n=96  178.9s  lambda_e=3.973, lambda_z=9.32, gamma_q=0.02998, block_size=6
  SSC-Block-TV-Col21 trial 18: mean ARI=0.8127  n=96  177.4s  lambda_e=0.01159, lambda_z=0.2212, gamma_q=0.003293, block_size=9
  SSC-Block-TV-Col21 trial 19: mean ARI=0.8062  n=96  177.4s  lambda_e=0.01215, lambda_z=0.801, gamma_q=0.00246, block_size=9
  SSC-Block-TV-Col21 trial 20: mean ARI=0.7876  n=96  199.5s  lambda_e=0.0323, lambda_z=0.2535, gamma_q=0.01969, block_size=9
  SSC-Block-TV-Col21 trial 21: mean ARI=0.8067  n=96  178.8s  lambda_e=0.02297, lambda_z=0.1427, gamma_q=0.003411, block_size=7
  SSC-Block-TV-Col21 trial 22: mean ARI=0.7935  n=96  178.1s  lambda_e=0.1298, lambda_z=0.0415, gamma_q=0.005696, block_size=9
  SSC-Block-TV-Col21 trial 23: mean ARI=0.8155  n=96  185.5s  lambda_e=0.04287, lambda_z=0.01573, gamma_q=0.001776, block_size=3
  SSC-Block-TV-Col21 trial 24: mean ARI=0.7863  n=96  185.7s  lambda_e=0.03569, lambda_z=0.004418, gamma_q=0.001478, block_size=3
  SSC-Block-TV-Col21 trial 25: mean ARI=0.7758  n=96  177.0s  lambda_e=0.01015, lambda_z=0.009618, gamma_q=0.002256, block_size=12
  SSC-Block-TV-Col21 trial 26: mean ARI=0.8074  n=96  178.3s  lambda_e=0.01695, lambda_z=0.02188, gamma_q=0.001059, block_size=8
  SSC-Block-TV-Col21 trial 27: mean ARI=0.4907  n=96  179.8s  lambda_e=0.04276, lambda_z=0.001087, gamma_q=0.02171, block_size=6
  SSC-Block-TV-Col21 trial 28: mean ARI=0.7206  n=96  177.5s  lambda_e=0.02056, lambda_z=0.0031, gamma_q=0.003384, block_size=10
  SSC-Block-TV-Col21 trial 29: mean ARI=0.5829  n=96  186.1s  lambda_e=0.01617, lambda_z=0.06376, gamma_q=0.1597, block_size=3
  SSC-Block-TV-Col21 trial 30: mean ARI=0.7588  n=96  179.2s  lambda_e=0.09791, lambda_z=0.6273, gamma_q=0.002025, block_size=6
  SSC-Block-TV-Col21 trial 31: mean ARI=0.8136  n=96  182.4s  lambda_e=0.8718, lambda_z=0.1059, gamma_q=0.006271, block_size=4
  SSC-Block-TV-Col21 trial 32: mean ARI=0.8170  n=96  185.4s  lambda_e=0.8836, lambda_z=0.09937, gamma_q=0.0046, block_size=3
  SSC-Block-TV-Col21 trial 33: mean ARI=0.7640  n=96  185.7s  lambda_e=0.8227, lambda_z=0.08398, gamma_q=0.03929, block_size=3
  SSC-Block-TV-Col21 trial 34: mean ARI=0.7840  n=96  182.5s  lambda_e=0.8519, lambda_z=0.03149, gamma_q=0.01257, block_size=4
  SSC-Block-TV-Col21 trial 35: mean ARI=0.7986  n=96  192.0s  lambda_e=1.258, lambda_z=0.4466, gamma_q=0.005281, block_size=2
  SSC-Block-TV-Col21 trial 36: mean ARI=0.7933  n=96  185.5s  lambda_e=0.5165, lambda_z=0.00718, gamma_q=0.001808, block_size=3
  SSC-Block-TV-Col21 trial 37: mean ARI=0.7105  n=96  182.6s  lambda_e=0.2634, lambda_z=1.374, gamma_q=0.6863, block_size=4
  SSC-Block-TV-Col21 trial 38: mean ARI=0.8207  n=96  196.1s  lambda_e=4.764, lambda_z=0.135, gamma_q=0.007917, block_size=2
  SSC-Block-TV-Col21 trial 39: mean ARI=0.7718  n=96  191.9s  lambda_e=5.553, lambda_z=0.0283, gamma_q=0.01783, block_size=2
    best mean ARI=0.8207  tune 7313.2s  lambda_e=4.764, lambda_z=0.135, gamma_q=0.007917, block_size=2
  wrote /nfs/turbo/umms-minjilab/lpullela/icassp_ssc_tv2/block_ssc_benchmark/cv/params/surveillance/split_k12_clean_min30_trials20_knownk_scaled_params_cv_overlap_ssc_block_tv_col21_k12_sigma0_sigma0_fold1.json

=== P1E_S1_C1 train[0] k=12  dim=576  frames=569  σ=0.0  fold=1 ===
  SSC-Block-TV-Col21: k_hat=12  ACC=0.7786  NMI=0.9065  ARI=0.7674  2.1s

=== P1E_S1_C2 train[0] k=12  dim=576  frames=504  σ=0.0  fold=1 ===
  SSC-Block-TV-Col21: k_hat=12  ACC=0.8690  NMI=0.9429  ARI=0.8489  1.6s

=== P1E_S1_C3 train[0] k=12  dim=576  frames=222  σ=0.0  fold=1 ===
  SSC-Block-TV-Col21: k_hat=12  ACC=0.7883  NMI=0.9125  ARI=0.8024  0.3s

=== P1E_S2_C1 train[0] k=12  dim=576  frames=634  σ=0.0  fold=1 ===
  SSC-Block-TV-Col21: k_hat=12  ACC=0.8202  NMI=0.8919  ARI=0.7655  2.7s

=== P1E_S2_C2 train[0] k=12  dim=576  frames=514  σ=0.0  fold=1 ===
  SSC-Block-TV-Col21: k_hat=12  ACC=0.9514  NMI=0.9561  ARI=0.9087  1.7s

=== P1E_S2_C3 train[0] k=12  dim=576  frames=403  σ=0.0  fold=1 ===
  SSC-Block-TV-Col21: k_hat=12  ACC=0.9901  NMI=0.9847  ARI=0.9765  1.1s

=== P1E_S3_C1 train[0] k=12  dim=576  frames=600  σ=0.0  fold=1 ===
  SSC-Block-TV-Col21: k_hat=12  ACC=0.6450  NMI=0.8188  ARI=0.5330  2.3s

=== P1E_S3_C2 train[0] k=12  dim=576  frames=547  σ=0.0  fold=1 ===
  SSC-Block-TV-Col21: k_hat=12  ACC=0.8135  NMI=0.8931  ARI=0.7567  2.0s

=== P1E_S3_C3 train[0] k=12  dim=576  frames=403  σ=0.0  fold=1 ===
  SSC-Block-TV-Col21: k_hat=12  ACC=0.9876  NMI=0.9800  ARI=0.9739  1.1s

=== P1E_S4_C1 train[0] k=12  dim=576  frames=602  σ=0.0  fold=1 ===
  SSC-Block-TV-Col21: k_hat=12  ACC=0.8455  NMI=0.9118  ARI=0.7971  2.4s

=== P1E_S4_C2 train[0] k=12  dim=576  frames=490  σ=0.0  fold=1 ===
  SSC-Block-TV-Col21: k_hat=12  ACC=0.9673  NMI=0.9634  ARI=0.9312  1.6s

=== P1E_S4_C3 train[0] k=12  dim=576  frames=344  σ=0.0  fold=1 ===
  SSC-Block-TV-Col21: k_hat=12  ACC=0.8779  NMI=0.9422  ARI=0.8679  0.8s

=== P1L_S1_C1 train[0] k=12  dim=576  frames=669  σ=0.0  fold=1 ===
  SSC-Block-TV-Col21: k_hat=12  ACC=0.8161  NMI=0.9263  ARI=0.7873  3.0s

=== P1L_S1_C2 train[0] k=12  dim=576  frames=651  σ=0.0  fold=1 ===
  SSC-Block-TV-Col21: k_hat=12  ACC=0.8894  NMI=0.9574  ARI=0.8910  2.8s

=== P1L_S1_C3 train[0] k=12  dim=576  frames=267  σ=0.0  fold=1 ===
  SSC-Block-TV-Col21: k_hat=12  ACC=0.6742  NMI=0.8701  ARI=0.6747  0.5s

=== P1L_S2_C1 train[0] k=12  dim=576  frames=758  σ=0.0  fold=1 ===
  SSC-Block-TV-Col21: k_hat=12  ACC=0.7823  NMI=0.8945  ARI=0.7174  3.8s

=== P1L_S2_C2 train[0] k=12  dim=576  frames=669  σ=0.0  fold=1 ===
  SSC-Block-TV-Col21: k_hat=12  ACC=0.9268  NMI=0.9409  ARI=0.8549  3.0s

=== P1L_S2_C3 train[0] k=12  dim=576  frames=417  σ=0.0  fold=1 ===
  SSC-Block-TV-Col21: k_hat=12  ACC=0.8801  NMI=0.9570  ARI=0.8558  1.1s

=== P1L_S3_C1 train[0] k=12  dim=576  frames=617  σ=0.0  fold=1 ===
  SSC-Block-TV-Col21: k_hat=12  ACC=0.7358  NMI=0.8705  ARI=0.7069  2.5s

=== P1L_S3_C2 train[0] k=12  dim=576  frames=685  σ=0.0  fold=1 ===
  SSC-Block-TV-Col21: k_hat=12  ACC=0.6861  NMI=0.8787  ARI=0.6825  3.1s

=== P1L_S3_C3 train[0] k=12  dim=576  frames=532  σ=0.0  fold=1 ===
  SSC-Block-TV-Col21: k_hat=12  ACC=0.8665  NMI=0.9329  ARI=0.8550  1.8s

=== P1L_S4_C1 train[0] k=12  dim=576  frames=679  σ=0.0  fold=1 ===
  SSC-Block-TV-Col21: k_hat=12  ACC=0.8748  NMI=0.9340  ARI=0.8284  3.1s

=== P1L_S4_C2 train[0] k=12  dim=576  frames=649  σ=0.0  fold=1 ===
  SSC-Block-TV-Col21: k_hat=12  ACC=0.9753  NMI=0.9756  ARI=0.9540  2.8s

=== P1L_S4_C3 train[0] k=12  dim=576  frames=414  σ=0.0  fold=1 ===
  SSC-Block-TV-Col21: k_hat=12  ACC=0.8889  NMI=0.9562  ARI=0.8854  1.1s

=== P1E_S1_C1 test[0] k=12  dim=576  frames=619  σ=0.0  fold=1 ===
  SSC-Block-TV-Col21: k_hat=12  ACC=0.7480  NMI=0.8973  ARI=0.7405  2.6s

=== P1E_S1_C2 test[0] k=12  dim=576  frames=491  σ=0.0  fold=1 ===
  SSC-Block-TV-Col21: k_hat=12  ACC=0.8350  NMI=0.8972  ARI=0.7897  1.6s

=== P1E_S1_C3 test[0] k=12  dim=576  frames=212  σ=0.0  fold=1 ===
  SSC-Block-TV-Col21: k_hat=12  ACC=0.8821  NMI=0.9097  ARI=0.8322  0.3s

=== P1E_S2_C1 test[0] k=12  dim=576  frames=587  σ=0.0  fold=1 ===
  SSC-Block-TV-Col21: k_hat=12  ACC=0.6457  NMI=0.8664  ARI=0.6620  2.3s

=== P1E_S2_C2 test[0] k=12  dim=576  frames=487  σ=0.0  fold=1 ===
  SSC-Block-TV-Col21: k_hat=12  ACC=0.8378  NMI=0.9154  ARI=0.8057  1.6s

=== P1E_S2_C3 test[0] k=12  dim=576  frames=380  σ=0.0  fold=1 ===
  SSC-Block-TV-Col21: k_hat=12  ACC=0.9026  NMI=0.9540  ARI=0.8970  1.0s

=== P1E_S3_C1 test[0] k=12  dim=576  frames=607  σ=0.0  fold=1 ===
  SSC-Block-TV-Col21: k_hat=12  ACC=0.6903  NMI=0.8397  ARI=0.6196  2.5s

=== P1E_S3_C2 test[0] k=12  dim=576  frames=536  σ=0.0  fold=1 ===
  SSC-Block-TV-Col21: k_hat=12  ACC=0.7052  NMI=0.8876  ARI=0.7099  1.8s

=== P1E_S3_C3 test[0] k=12  dim=576  frames=424  σ=0.0  fold=1 ===
  SSC-Block-TV-Col21: k_hat=12  ACC=0.8750  NMI=0.9360  ARI=0.8630  1.2s

=== P1E_S4_C1 test[0] k=12  dim=576  frames=605  σ=0.0  fold=1 ===
  SSC-Block-TV-Col21: k_hat=12  ACC=0.7719  NMI=0.8910  ARI=0.7276  2.4s

=== P1E_S4_C2 test[0] k=12  dim=576  frames=525  σ=0.0  fold=1 ===
  SSC-Block-TV-Col21: k_hat=12  ACC=0.7581  NMI=0.9084  ARI=0.7764  1.8s

=== P1E_S4_C3 test[0] k=12  dim=576  frames=348  σ=0.0  fold=1 ===
  SSC-Block-TV-Col21: k_hat=12  ACC=0.7816  NMI=0.9054  ARI=0.7803  0.8s

=== P1L_S1_C1 test[0] k=12  dim=576  frames=655  σ=0.0  fold=1 ===
  SSC-Block-TV-Col21: k_hat=12  ACC=0.8870  NMI=0.9362  ARI=0.8577  2.9s

=== P1L_S1_C2 test[0] k=12  dim=576  frames=592  σ=0.0  fold=1 ===
  SSC-Block-TV-Col21: k_hat=12  ACC=0.7196  NMI=0.8857  ARI=0.7120  2.2s

=== P1L_S1_C3 test[0] k=12  dim=576  frames=275  σ=0.0  fold=1 ===
  SSC-Block-TV-Col21: k_hat=12  ACC=0.8400  NMI=0.9265  ARI=0.8257  0.5s

=== P1L_S2_C1 test[0] k=12  dim=576  frames=664  σ=0.0  fold=1 ===
  SSC-Block-TV-Col21: k_hat=12  ACC=0.7922  NMI=0.8951  ARI=0.7115  2.9s

=== P1L_S2_C2 test[0] k=12  dim=576  frames=686  σ=0.0  fold=1 ===
  SSC-Block-TV-Col21: k_hat=12  ACC=0.8324  NMI=0.9166  ARI=0.7406  3.1s

=== P1L_S2_C3 test[0] k=12  dim=576  frames=448  σ=0.0  fold=1 ===
  SSC-Block-TV-Col21: k_hat=12  ACC=0.7656  NMI=0.9034  ARI=0.7582  1.3s

=== P1L_S3_C1 test[0] k=12  dim=576  frames=641  σ=0.0  fold=1 ===
  SSC-Block-TV-Col21: k_hat=12  ACC=0.6880  NMI=0.8646  ARI=0.6530  2.7s

=== P1L_S3_C2 test[0] k=12  dim=576  frames=720  σ=0.0  fold=1 ===
  SSC-Block-TV-Col21: k_hat=12  ACC=0.7694  NMI=0.9206  ARI=0.7740  3.4s

=== P1L_S3_C3 test[0] k=12  dim=576  frames=519  σ=0.0  fold=1 ===
  SSC-Block-TV-Col21: k_hat=12  ACC=0.8651  NMI=0.9395  ARI=0.8585  1.8s

=== P1L_S4_C1 test[0] k=12  dim=576  frames=695  σ=0.0  fold=1 ===
  SSC-Block-TV-Col21: k_hat=12  ACC=0.8504  NMI=0.9211  ARI=0.8172  3.3s

=== P1L_S4_C2 test[0] k=12  dim=576  frames=628  σ=0.0  fold=1 ===
  SSC-Block-TV-Col21: k_hat=12  ACC=0.7500  NMI=0.8965  ARI=0.7394  2.6s

=== P1L_S4_C3 test[0] k=12  dim=576  frames=427  σ=0.0  fold=1 ===
  SSC-Block-TV-Col21: k_hat=12  ACC=0.7728  NMI=0.8872  ARI=0.7519  1.2s

=== inference time per method ===
  SSC-Block-TV-Col21: mean=1.9537s  std=0.8641s  total=187.6s  n=96
wrote /nfs/turbo/umms-minjilab/lpullela/icassp_ssc_tv2/block_ssc_benchmark/cv/results/surveillance/split_k12_clean_min30_trials20_knownk_scaled_cv_overlap_ssc_block_tv_col21_k12_sigma0_timing.json

=== mean over matrices ===
  SSC-Block-TV-Col21 train σ=0.0: ACC=0.8244  NMI=0.9153  ARI=0.7963  n=48
  SSC-Block-TV-Col21 test σ=0.0: ACC=0.8200  NMI=0.9150  ARI=0.7923  n=48

wrote /nfs/turbo/umms-minjilab/lpullela/icassp_ssc_tv2/block_ssc_benchmark/cv/results/surveillance/split_k12_clean_min30_trials20_knownk_scaled_cv_overlap_ssc_block_tv_col21_k12_sigma0.csv
end=Sun Sep  6 15:44:42 EDT 2026
Experiment completed!
