========================================
Job: cvov_tkss_k8_s0
Method: TKSS  k: 8  sigma: 0.0  tune_pool_groups: 4
========================================
host=gl3206.arc-ts.umich.edu  python=/home/lpullela/miniconda3/envs/ssc_559/bin/python  start=Sun Sep  6 11:37:52 EDT 2026
Loading P1E_S1_C1
  Y: (576, 1236)  people=25  frames/person=[60, 61, 50, 48, 51, 35, 41, 56, 55, 49, 65, 50, 63, 38, 61, 48, 50, 49, 50, 30, 42, 60, 32, 39, 53]  min=30
Loading P1E_S1_C2
  Y: (576, 1031)  people=25  frames/person=[42, 48, 31, 35, 50, 45, 30, 32, 38, 40, 61, 41, 47, 33, 46, 36, 41, 45, 42, 36, 33, 50, 53, 33, 43]  min=30
Loading P1E_S1_C3
  Y: (576, 453)  people=25  frames/person=[15, 22, 16, 16, 17, 13, 14, 19, 14, 25, 26, 12, 21, 18, 22, 19, 13, 19, 16, 15, 8, 15, 30, 20, 28]  min=8
  warning: 24 people have fewer than 30 available frames (kept all)
Loading P1E_S2_C1
  Y: (576, 1256)  people=25  frames/person=[65, 50, 50, 51, 53, 48, 49, 60, 33, 48, 61, 58, 52, 32, 55, 35, 45, 53, 40, 53, 51, 65, 64, 42, 43]  min=32
Loading P1E_S2_C2
  Y: (576, 1042)  people=25  frames/person=[33, 48, 38, 41, 53, 36, 39, 47, 51, 36, 55, 44, 43, 25, 42, 41, 37, 45, 41, 38, 40, 54, 49, 33, 33]  min=25
  warning: 1 people have fewer than 30 available frames (kept all)
Loading P1E_S2_C3
  Y: (576, 816)  people=25  frames/person=[36, 33, 28, 32, 42, 37, 31, 36, 31, 23, 42, 36, 35, 20, 33, 33, 32, 32, 32, 29, 32, 42, 38, 27, 24]  min=20
  warning: 6 people have fewer than 30 available frames (kept all)
Loading P1E_S3_C1
  Y: (576, 1255)  people=25  frames/person=[43, 39, 47, 52, 58, 96, 42, 31, 79, 33, 67, 55, 44, 34, 40, 48, 54, 77, 45, 41, 46, 53, 56, 38, 37]  min=31
Loading P1E_S3_C2
  Y: (576, 1126)  people=25  frames/person=[57, 56, 35, 40, 49, 75, 34, 40, 70, 26, 65, 54, 43, 28, 32, 43, 48, 31, 36, 33, 42, 71, 57, 30, 31]  min=26
  warning: 2 people have fewer than 30 available frames (kept all)
Loading P1E_S3_C3
  Y: (576, 866)  people=25  frames/person=[43, 36, 24, 33, 37, 47, 29, 37, 55, 18, 40, 40, 31, 22, 30, 39, 35, 45, 30, 28, 30, 50, 42, 20, 25]  min=18
  warning: 7 people have fewer than 30 available frames (kept all)
Loading P1E_S4_C1
  Y: (576, 1247)  people=25  frames/person=[58, 54, 34, 56, 50, 59, 50, 56, 74, 38, 75, 35, 46, 31, 53, 40, 57, 32, 56, 33, 48, 67, 59, 48, 38]  min=31
Loading P1E_S4_C2
  Y: (576, 1051)  people=25  frames/person=[37, 37, 41, 46, 41, 49, 38, 45, 65, 30, 39, 48, 50, 34, 43, 36, 47, 52, 45, 37, 38, 50, 30, 37, 36]  min=30
Loading P1E_S4_C3
  Y: (576, 719)  people=25  frames/person=[28, 29, 22, 29, 24, 36, 31, 29, 33, 25, 37, 19, 28, 21, 25, 27, 25, 41, 27, 29, 26, 31, 45, 29, 23]  min=19
  warning: 18 people have fewer than 30 available frames (kept all)
Loading P1L_S1_C1
  Y: (576, 1391)  people=25  frames/person=[65, 68, 43, 64, 47, 40, 58, 33, 75, 41, 58, 72, 58, 49, 66, 67, 65, 43, 59, 57, 58, 51, 67, 32, 55]  min=32
Loading P1L_S1_C2
  Y: (576, 1309)  people=25  frames/person=[30, 65, 37, 63, 66, 54, 52, 52, 43, 49, 71, 49, 58, 48, 54, 66, 56, 36, 48, 49, 55, 66, 52, 39, 51]  min=30
Loading P1L_S1_C3
  Y: (576, 565)  people=25  frames/person=[27, 29, 20, 26, 19, 25, 22, 12, 28, 25, 20, 25, 23, 18, 21, 23, 25, 26, 23, 21, 18, 18, 30, 18, 23]  min=12
  warning: 24 people have fewer than 30 available frames (kept all)
Loading P1L_S2_C1
  Y: (576, 1470)  people=25  frames/person=[73, 68, 53, 64, 65, 41, 73, 55, 37, 31, 82, 75, 63, 45, 34, 48, 74, 84, 71, 64, 62, 65, 48, 33, 62]  min=31
Loading P1L_S2_C2
  Y: (576, 1393)  people=25  frames/person=[64, 65, 49, 62, 69, 69, 63, 61, 80, 34, 89, 57, 53, 52, 55, 38, 30, 30, 66, 36, 57, 51, 73, 41, 49]  min=30
Loading P1L_S2_C3
  Y: (576, 897)  people=25  frames/person=[40, 36, 29, 28, 35, 37, 36, 36, 50, 28, 55, 46, 34, 31, 35, 32, 30, 48, 37, 29, 36, 39, 45, 19, 26]  min=19
  warning: 6 people have fewer than 30 available frames (kept all)
Loading P1L_S3_C1
  Y: (576, 1329)  people=25  frames/person=[31, 33, 30, 51, 74, 75, 59, 65, 66, 43, 47, 39, 65, 50, 58, 71, 67, 36, 57, 35, 62, 31, 74, 59, 51]  min=30
Loading P1L_S3_C2
  Y: (576, 1472)  people=25  frames/person=[78, 38, 48, 51, 54, 71, 61, 71, 32, 50, 75, 38, 72, 63, 48, 67, 49, 87, 52, 56, 58, 85, 73, 56, 39]  min=32
Loading P1L_S3_C3
  Y: (576, 1105)  people=25  frames/person=[48, 44, 38, 38, 39, 45, 35, 55, 52, 26, 81, 39, 36, 36, 44, 54, 42, 61, 38, 31, 34, 53, 51, 44, 41]  min=26
  warning: 1 people have fewer than 30 available frames (kept all)
Loading P1L_S4_C1
  Y: (576, 1443)  people=25  frames/person=[50, 69, 44, 41, 78, 43, 32, 71, 45, 65, 59, 39, 56, 57, 68, 69, 70, 73, 51, 63, 47, 70, 57, 52, 74]  min=32
Loading P1L_S4_C2
  Y: (576, 1327)  people=25  frames/person=[71, 34, 39, 54, 63, 67, 52, 39, 52, 56, 59, 50, 51, 53, 63, 50, 71, 63, 48, 35, 31, 71, 43, 52, 60]  min=31
Loading P1L_S4_C3
  Y: (576, 880)  people=25  frames/person=[37, 41, 23, 26, 32, 34, 22, 32, 50, 29, 38, 44, 31, 34, 37, 39, 39, 39, 38, 26, 25, 50, 41, 33, 40]  min=22
  warning: 6 people have fewer than 30 available frames (kept all)
sequences=24  people=25  k=8
frames/person ~ Unif[30, 100]
down_hw=24  sigmas=(0.0,)  n_trials=20  known_k=True  csv=split_k8_clean_min30_trials20_knownk_scaled_cv_overlap_tkss_k8_sigma0.csv
SSC-Block-TV block_size searched in [2, 12]
CV mode: 3 folds of size 8, each rotated as test
  1 people unused (remainder dropped)
  group 0: ['0004', '0006', '0009', '0013', '0014', '0022', '0026', '0027']
  group 1: ['0001', '0005', '0011', '0015', '0019', '0023', '0024', '0025']
  group 2: ['0003', '0007', '0010', '0012', '0016', '0017', '0020', '0021']
methods=['TKSS']  append=False  hetero_noise=False  no_tune=False
  tune_pool_groups=4: sampling from 17 held-in people (overlap allowed) instead of the 2 fixed partition group(s)

============================================================
σ=0.0 fold=0  test=['0004', '0006', '0009', '0013', '0014', '0022', '0026', '0027']  train mats=48  test mats=24  tune mats=96
  --- tune TKSS over 96 train mats  n_trials=30 (3 params) ---
  TKSS trial 0: mean ARI=0.6699  n=96  72.1s  d=5, lam=1, s=2
  TKSS trial 1: mean ARI=0.6657  n=96  76.8s  d=9, lam=1.398, s=4
  TKSS trial 2: mean ARI=0.6671  n=96  60.2s  d=9, lam=0.1866, s=4
  TKSS trial 3: mean ARI=0.6499  n=96  88.2s  d=7, lam=4.735, s=6
  TKSS trial 4: mean ARI=0.6552  n=96  85.2s  d=6, lam=2.372, s=4
  TKSS trial 5: mean ARI=0.6735  n=96  45.5s  d=9, lam=5.981, s=1
  TKSS trial 6: mean ARI=0.5945  n=96  106.5s  d=2, lam=0.0115, s=5
  TKSS trial 7: mean ARI=0.6576  n=96  75.2s  d=12, lam=4.074, s=6
  TKSS trial 8: mean ARI=0.6630  n=96  59.9s  d=12, lam=0.2423, s=5
  TKSS trial 9: mean ARI=0.5921  n=96  110.8s  d=2, lam=0.8313, s=1
  TKSS trial 10: mean ARI=0.6719  n=96  20.8s  d=15, lam=0.01456, s=2
  TKSS trial 11: mean ARI=0.6719  n=96  20.5s  d=15, lam=0.01211, s=2
  TKSS trial 12: mean ARI=0.6718  n=96  22.6s  d=14, lam=0.05267, s=1
  TKSS trial 13: mean ARI=0.6719  n=96  26.8s  d=12, lam=0.05219, s=2
  TKSS trial 14: mean ARI=0.6694  n=96  69.3s  d=9, lam=8.609, s=3
  TKSS trial 15: mean ARI=0.6716  n=96  25.8s  d=13, lam=0.2349, s=1
  TKSS trial 16: mean ARI=0.6732  n=96  64.3s  d=4, lam=0.0393, s=3
  TKSS trial 17: mean ARI=0.6729  n=96  63.4s  d=4, lam=0.04944, s=3
  TKSS trial 18: mean ARI=0.5074  n=96  158.6s  d=1, lam=0.5008, s=3
  TKSS trial 19: mean ARI=0.6713  n=96  44.8s  d=7, lam=0.09426, s=1
  TKSS trial 20: mean ARI=0.6672  n=96  83.1s  d=4, lam=8.912, s=3
  TKSS trial 21: mean ARI=0.6729  n=96  63.1s  d=4, lam=0.03333, s=3
  TKSS trial 22: mean ARI=0.6544  n=96  92.9s  d=3, lam=0.02852, s=4
  TKSS trial 23: mean ARI=0.6706  n=96  51.3s  d=7, lam=0.1199, s=2
  TKSS trial 24: mean ARI=0.6720  n=96  34.2s  d=10, lam=0.02271, s=3
  TKSS trial 25: mean ARI=0.6528  n=96  88.5s  d=5, lam=0.4606, s=5
  TKSS trial 26: mean ARI=0.4712  n=96  171.9s  d=1, lam=0.03118, s=2
  TKSS trial 27: mean ARI=0.6739  n=96  73.1s  d=4, lam=0.08246, s=3
  TKSS trial 28: mean ARI=0.6660  n=96  71.1s  d=6, lam=0.09013, s=4
  TKSS trial 29: mean ARI=0.6735  n=96  54.9s  d=10, lam=0.4511, s=2
    best mean ARI=0.6739  tune 2081.5s  d=4, lam=0.08246, s=3
  wrote /nfs/turbo/umms-minjilab/lpullela/icassp_ssc_tv2/block_ssc_benchmark/cv/params/surveillance/split_k8_clean_min30_trials20_knownk_scaled_params_cv_overlap_tkss_k8_sigma0_sigma0_fold0.json

=== P1E_S1_C1 train[0] k=8  dim=576  frames=410  σ=0.0  fold=0 ===
  TKSS: k_hat=8  ACC=0.7000  NMI=0.7360  ARI=0.5530  1.2s

=== P1E_S1_C1 train[1] k=8  dim=576  frames=399  σ=0.0  fold=0 ===
  TKSS: k_hat=8  ACC=0.9298  NMI=0.9026  ARI=0.8539  0.5s

=== P1E_S1_C2 train[0] k=8  dim=576  frames=339  σ=0.0  fold=0 ===
  TKSS: k_hat=8  ACC=0.8348  NMI=0.8162  ARI=0.7077  0.8s

=== P1E_S1_C2 train[1] k=8  dim=576  frames=331  σ=0.0  fold=0 ===
  TKSS: k_hat=8  ACC=0.8973  NMI=0.8890  ARI=0.8169  0.8s

=== P1E_S1_C3 train[0] k=8  dim=576  frames=132  σ=0.0  fold=0 ===
  TKSS: k_hat=8  ACC=0.7652  NMI=0.8269  ARI=0.6879  0.1s

=== P1E_S1_C3 train[1] k=8  dim=576  frames=154  σ=0.0  fold=0 ===
  TKSS: k_hat=8  ACC=0.8247  NMI=0.7784  ARI=0.6554  0.1s

=== P1E_S2_C1 train[0] k=8  dim=576  frames=426  σ=0.0  fold=0 ===
  TKSS: k_hat=8  ACC=0.7723  NMI=0.7686  ARI=0.6287  0.7s

=== P1E_S2_C1 train[1] k=8  dim=576  frames=386  σ=0.0  fold=0 ===
  TKSS: k_hat=8  ACC=0.9041  NMI=0.8873  ARI=0.8164  0.7s

=== P1E_S2_C2 train[0] k=8  dim=576  frames=348  σ=0.0  fold=0 ===
  TKSS: k_hat=8  ACC=0.8362  NMI=0.8038  ARI=0.6963  0.6s

=== P1E_S2_C2 train[1] k=8  dim=576  frames=320  σ=0.0  fold=0 ===
  TKSS: k_hat=8  ACC=0.8344  NMI=0.8053  ARI=0.6937  0.5s

=== P1E_S2_C3 train[0] k=8  dim=576  frames=278  σ=0.0  fold=0 ===
  TKSS: k_hat=8  ACC=0.8273  NMI=0.7920  ARI=0.6857  0.8s

=== P1E_S2_C3 train[1] k=8  dim=576  frames=246  σ=0.0  fold=0 ===
  TKSS: k_hat=8  ACC=0.8252  NMI=0.8178  ARI=0.7068  0.4s

=== P1E_S3_C1 train[0] k=8  dim=576  frames=427  σ=0.0  fold=0 ===
  TKSS: k_hat=8  ACC=0.8759  NMI=0.8228  ARI=0.7529  1.1s

=== P1E_S3_C1 train[1] k=8  dim=576  frames=395  σ=0.0  fold=0 ===
  TKSS: k_hat=8  ACC=0.7873  NMI=0.8040  ARI=0.6660  1.0s

=== P1E_S3_C2 train[0] k=8  dim=576  frames=428  σ=0.0  fold=0 ===
  TKSS: k_hat=8  ACC=0.8972  NMI=0.8670  ARI=0.8041  0.7s

=== P1E_S3_C2 train[1] k=8  dim=576  frames=324  σ=0.0  fold=0 ===
  TKSS: k_hat=8  ACC=0.7006  NMI=0.7558  ARI=0.5896  0.4s

=== P1E_S3_C3 train[0] k=8  dim=576  frames=319  σ=0.0  fold=0 ===
  TKSS: k_hat=8  ACC=0.8464  NMI=0.8189  ARI=0.7082  1.0s

=== P1E_S3_C3 train[1] k=8  dim=576  frames=265  σ=0.0  fold=0 ===
  TKSS: k_hat=8  ACC=0.7396  NMI=0.7626  ARI=0.6048  0.5s

=== P1E_S4_C1 train[0] k=8  dim=576  frames=465  σ=0.0  fold=0 ===
  TKSS: k_hat=8  ACC=0.9419  NMI=0.9217  ARI=0.8778  0.6s

=== P1E_S4_C1 train[1] k=8  dim=576  frames=379  σ=0.0  fold=0 ===
  TKSS: k_hat=8  ACC=0.7625  NMI=0.7790  ARI=0.6335  0.6s

=== P1E_S4_C2 train[0] k=8  dim=576  frames=363  σ=0.0  fold=0 ===
  TKSS: k_hat=8  ACC=0.7961  NMI=0.7852  ARI=0.6581  0.7s

=== P1E_S4_C2 train[1] k=8  dim=576  frames=335  σ=0.0  fold=0 ===
  TKSS: k_hat=8  ACC=0.8866  NMI=0.8672  ARI=0.7978  0.5s

=== P1E_S4_C3 train[0] k=8  dim=576  frames=245  σ=0.0  fold=0 ===
  TKSS: k_hat=8  ACC=0.7551  NMI=0.7856  ARI=0.6564  0.5s

=== P1E_S4_C3 train[1] k=8  dim=576  frames=233  σ=0.0  fold=0 ===
  TKSS: k_hat=8  ACC=0.7854  NMI=0.7822  ARI=0.6304  0.6s

=== P1L_S1_C1 train[0] k=8  dim=576  frames=503  σ=0.0  fold=0 ===
  TKSS: k_hat=8  ACC=0.8728  NMI=0.8339  ARI=0.7530  0.9s

=== P1L_S1_C1 train[1] k=8  dim=576  frames=399  σ=0.0  fold=0 ===
  TKSS: k_hat=8  ACC=0.7970  NMI=0.7895  ARI=0.6605  1.0s

=== P1L_S1_C2 train[0] k=8  dim=576  frames=423  σ=0.0  fold=0 ===
  TKSS: k_hat=8  ACC=0.7423  NMI=0.7470  ARI=0.5810  1.1s

=== P1L_S1_C2 train[1] k=8  dim=576  frames=406  σ=0.0  fold=0 ===
  TKSS: k_hat=8  ACC=0.7438  NMI=0.7553  ARI=0.5907  0.7s

=== P1L_S1_C3 train[0] k=8  dim=576  frames=195  σ=0.0  fold=0 ===
  TKSS: k_hat=8  ACC=0.8154  NMI=0.7944  ARI=0.6672  0.1s

=== P1L_S1_C3 train[1] k=8  dim=576  frames=179  σ=0.0  fold=0 ===
  TKSS: k_hat=8  ACC=0.8492  NMI=0.8353  ARI=0.7292  0.1s

=== P1L_S2_C1 train[0] k=8  dim=576  frames=486  σ=0.0  fold=0 ===
  TKSS: k_hat=8  ACC=0.8251  NMI=0.7673  ARI=0.6632  0.7s

=== P1L_S2_C1 train[1] k=8  dim=576  frames=429  σ=0.0  fold=0 ===
  TKSS: k_hat=8  ACC=0.7436  NMI=0.8090  ARI=0.6816  1.1s

=== P1L_S2_C2 train[0] k=8  dim=576  frames=470  σ=0.0  fold=0 ===
  TKSS: k_hat=8  ACC=0.8128  NMI=0.8129  ARI=0.6957  0.8s

=== P1L_S2_C2 train[1] k=8  dim=576  frames=432  σ=0.0  fold=0 ===
  TKSS: k_hat=8  ACC=0.7130  NMI=0.7467  ARI=0.5817  0.7s

=== P1L_S2_C3 train[0] k=8  dim=576  frames=302  σ=0.0  fold=0 ===
  TKSS: k_hat=8  ACC=0.8974  NMI=0.8520  ARI=0.7865  0.4s

=== P1L_S2_C3 train[1] k=8  dim=576  frames=288  σ=0.0  fold=0 ===
  TKSS: k_hat=8  ACC=0.8958  NMI=0.9019  ARI=0.8259  0.3s

=== P1L_S3_C1 train[0] k=8  dim=576  frames=447  σ=0.0  fold=0 ===
  TKSS: k_hat=8  ACC=0.7517  NMI=0.7189  ARI=0.5780  2.9s

=== P1L_S3_C1 train[1] k=8  dim=576  frames=417  σ=0.0  fold=0 ===
  TKSS: k_hat=8  ACC=0.8058  NMI=0.7391  ARI=0.6355  0.9s

=== P1L_S3_C2 train[0] k=8  dim=576  frames=498  σ=0.0  fold=0 ===
  TKSS: k_hat=8  ACC=0.7028  NMI=0.7173  ARI=0.5661  1.2s

=== P1L_S3_C2 train[1] k=8  dim=576  frames=480  σ=0.0  fold=0 ===
  TKSS: k_hat=8  ACC=0.7604  NMI=0.7350  ARI=0.5931  2.0s

=== P1L_S3_C3 train[0] k=8  dim=576  frames=354  σ=0.0  fold=0 ===
  TKSS: k_hat=8  ACC=0.8983  NMI=0.8728  ARI=0.8030  0.7s

=== P1L_S3_C3 train[1] k=8  dim=576  frames=349  σ=0.0  fold=0 ===
  TKSS: k_hat=8  ACC=0.8682  NMI=0.8434  ARI=0.7473  0.6s

=== P1L_S4_C1 train[0] k=8  dim=576  frames=436  σ=0.0  fold=0 ===
  TKSS: k_hat=8  ACC=0.7018  NMI=0.7666  ARI=0.6214  2.2s

=== P1L_S4_C1 train[1] k=8  dim=576  frames=497  σ=0.0  fold=0 ===
  TKSS: k_hat=8  ACC=0.8612  NMI=0.8140  ARI=0.7326  2.5s

=== P1L_S4_C2 train[0] k=8  dim=576  frames=444  σ=0.0  fold=0 ===
  TKSS: k_hat=8  ACC=0.8221  NMI=0.8035  ARI=0.6816  0.6s

=== P1L_S4_C2 train[1] k=8  dim=576  frames=423  σ=0.0  fold=0 ===
  TKSS: k_hat=8  ACC=0.7967  NMI=0.7871  ARI=0.6492  1.4s

=== P1L_S4_C3 train[0] k=8  dim=576  frames=299  σ=0.0  fold=0 ===
  TKSS: k_hat=8  ACC=0.8495  NMI=0.8271  ARI=0.7161  0.8s

=== P1L_S4_C3 train[1] k=8  dim=576  frames=284  σ=0.0  fold=0 ===
  TKSS: k_hat=8  ACC=0.8838  NMI=0.8396  ARI=0.7647  0.4s

=== P1E_S1_C1 test[0] k=8  dim=576  frames=379  σ=0.0  fold=0 ===
  TKSS: k_hat=8  ACC=0.8100  NMI=0.8227  ARI=0.6883  0.8s

=== P1E_S1_C2 test[0] k=8  dim=576  frames=325  σ=0.0  fold=0 ===
  TKSS: k_hat=8  ACC=0.8308  NMI=0.8074  ARI=0.7021  0.9s

=== P1E_S1_C3 test[0] k=8  dim=576  frames=148  σ=0.0  fold=0 ===
  TKSS: k_hat=8  ACC=0.7162  NMI=0.7546  ARI=0.5744  0.1s

=== P1E_S2_C1 test[0] k=8  dim=576  frames=409  σ=0.0  fold=0 ===
  TKSS: k_hat=8  ACC=0.8631  NMI=0.8253  ARI=0.7508  0.7s

=== P1E_S2_C2 test[0] k=8  dim=576  frames=333  σ=0.0  fold=0 ===
  TKSS: k_hat=8  ACC=0.7568  NMI=0.7699  ARI=0.6260  0.7s

=== P1E_S2_C3 test[0] k=8  dim=576  frames=259  σ=0.0  fold=0 ===
  TKSS: k_hat=8  ACC=0.7181  NMI=0.7484  ARI=0.5739  0.3s

=== P1E_S3_C1 test[0] k=8  dim=576  frames=385  σ=0.0  fold=0 ===
  TKSS: k_hat=8  ACC=0.7610  NMI=0.8126  ARI=0.6704  1.3s

=== P1E_S3_C2 test[0] k=8  dim=576  frames=331  σ=0.0  fold=0 ===
  TKSS: k_hat=8  ACC=0.7492  NMI=0.7985  ARI=0.6782  0.8s

=== P1E_S3_C3 test[0] k=8  dim=576  frames=243  σ=0.0  fold=0 ===
  TKSS: k_hat=8  ACC=0.7572  NMI=0.7757  ARI=0.6278  0.3s

=== P1E_S4_C1 test[0] k=8  dim=576  frames=363  σ=0.0  fold=0 ===
  TKSS: k_hat=8  ACC=0.7383  NMI=0.7638  ARI=0.6040  1.5s

=== P1E_S4_C2 test[0] k=8  dim=576  frames=317  σ=0.0  fold=0 ===
  TKSS: k_hat=8  ACC=0.8170  NMI=0.8026  ARI=0.6817  2.4s

=== P1E_S4_C3 test[0] k=8  dim=576  frames=214  σ=0.0  fold=0 ===
  TKSS: k_hat=8  ACC=0.8598  NMI=0.8278  ARI=0.7185  0.2s

=== P1L_S1_C1 test[0] k=8  dim=576  frames=422  σ=0.0  fold=0 ===
  TKSS: k_hat=8  ACC=0.7962  NMI=0.7813  ARI=0.6388  0.8s

=== P1L_S1_C2 test[0] k=8  dim=576  frames=414  σ=0.0  fold=0 ===
  TKSS: k_hat=8  ACC=0.8744  NMI=0.8592  ARI=0.7725  1.3s

=== P1L_S1_C3 test[0] k=8  dim=576  frames=168  σ=0.0  fold=0 ===
  TKSS: k_hat=8  ACC=0.8452  NMI=0.8264  ARI=0.7115  0.3s

=== P1L_S2_C1 test[0] k=8  dim=576  frames=507  σ=0.0  fold=0 ===
  TKSS: k_hat=8  ACC=0.7949  NMI=0.8119  ARI=0.6824  0.8s

=== P1L_S2_C2 test[0] k=8  dim=576  frames=453  σ=0.0  fold=0 ===
  TKSS: k_hat=8  ACC=0.7219  NMI=0.7777  ARI=0.6346  0.6s

=== P1L_S2_C3 test[0] k=8  dim=576  frames=275  σ=0.0  fold=0 ===
  TKSS: k_hat=8  ACC=0.7455  NMI=0.7816  ARI=0.6364  0.4s

=== P1L_S3_C1 test[0] k=8  dim=576  frames=394  σ=0.0  fold=0 ===
  TKSS: k_hat=8  ACC=0.8122  NMI=0.7783  ARI=0.6486  0.7s

=== P1L_S3_C2 test[0] k=8  dim=576  frames=427  σ=0.0  fold=0 ===
  TKSS: k_hat=8  ACC=0.8361  NMI=0.8028  ARI=0.7039  1.4s

=== P1L_S3_C3 test[0] k=8  dim=576  frames=348  σ=0.0  fold=0 ===
  TKSS: k_hat=8  ACC=0.8103  NMI=0.7750  ARI=0.6498  1.3s

=== P1L_S4_C1 test[0] k=8  dim=576  frames=441  σ=0.0  fold=0 ===
  TKSS: k_hat=8  ACC=0.7619  NMI=0.7509  ARI=0.5922  0.8s

=== P1L_S4_C2 test[0] k=8  dim=576  frames=410  σ=0.0  fold=0 ===
  TKSS: k_hat=8  ACC=0.8610  NMI=0.8290  ARI=0.7328  1.1s

=== P1L_S4_C3 test[0] k=8  dim=576  frames=258  σ=0.0  fold=0 ===
  TKSS: k_hat=8  ACC=0.7171  NMI=0.7364  ARI=0.5611  0.5s
  tune_pool_groups=4: sampling from 17 held-in people (overlap allowed) instead of the 2 fixed partition group(s)

============================================================
σ=0.0 fold=1  test=['0001', '0005', '0011', '0015', '0019', '0023', '0024', '0025']  train mats=48  test mats=24  tune mats=96
  --- tune TKSS over 96 train mats  n_trials=30 (3 params) ---
  TKSS trial 0: mean ARI=0.6882  n=96  68.0s  d=5, lam=1, s=2
  TKSS trial 1: mean ARI=0.6835  n=96  70.6s  d=9, lam=1.398, s=4
  TKSS trial 2: mean ARI=0.6844  n=96  61.3s  d=9, lam=0.1866, s=4
  TKSS trial 3: mean ARI=0.6542  n=96  89.0s  d=7, lam=4.735, s=6
  TKSS trial 4: mean ARI=0.6720  n=96  83.2s  d=6, lam=2.372, s=4
  TKSS trial 5: mean ARI=0.7007  n=96  43.2s  d=9, lam=5.981, s=1
  TKSS trial 6: mean ARI=0.6431  n=96  100.5s  d=2, lam=0.0115, s=5
  TKSS trial 7: mean ARI=0.6753  n=96  71.9s  d=12, lam=4.074, s=6
  TKSS trial 8: mean ARI=0.6809  n=96  63.6s  d=12, lam=0.2423, s=5
  TKSS trial 9: mean ARI=0.6423  n=96  101.3s  d=2, lam=0.8313, s=1
  TKSS trial 10: mean ARI=0.6989  n=96  21.9s  d=15, lam=0.01456, s=2
  TKSS trial 11: mean ARI=0.6992  n=96  21.8s  d=15, lam=0.01211, s=2
  TKSS trial 12: mean ARI=0.6999  n=96  23.9s  d=14, lam=0.05267, s=1
  TKSS trial 13: mean ARI=0.7003  n=96  26.5s  d=12, lam=0.05594, s=1
  TKSS trial 14: mean ARI=0.7000  n=96  33.4s  d=11, lam=8.609, s=1
  TKSS trial 15: mean ARI=0.6983  n=96  46.3s  d=9, lam=0.3186, s=2
  TKSS trial 16: mean ARI=0.6941  n=96  36.2s  d=10, lam=0.05183, s=3
  TKSS trial 17: mean ARI=0.7010  n=96  26.9s  d=13, lam=0.05089, s=1
  TKSS trial 18: mean ARI=0.6743  n=96  79.1s  d=4, lam=0.5008, s=3
  TKSS trial 19: mean ARI=0.7006  n=96  43.9s  d=7, lam=0.09426, s=1
  TKSS trial 20: mean ARI=0.6985  n=96  24.8s  d=14, lam=0.02159, s=3
  TKSS trial 21: mean ARI=0.7018  n=96  39.6s  d=8, lam=0.1195, s=1
  TKSS trial 22: mean ARI=0.7017  n=96  38.1s  d=8, lam=0.1238, s=1
  TKSS trial 23: mean ARI=0.6983  n=96  39.9s  d=8, lam=0.09969, s=2
  TKSS trial 24: mean ARI=0.6931  n=96  57.9s  d=4, lam=0.02951, s=1
  TKSS trial 25: mean ARI=0.6974  n=96  33.8s  d=11, lam=0.1276, s=2
  TKSS trial 26: mean ARI=0.7011  n=96  42.8s  d=7, lam=0.03249, s=1
  TKSS trial 27: mean ARI=0.6996  n=96  43.9s  d=7, lam=0.02718, s=2
  TKSS trial 28: mean ARI=0.6961  n=96  57.6s  d=5, lam=0.3848, s=1
  TKSS trial 29: mean ARI=0.6943  n=96  60.5s  d=5, lam=0.156, s=2
    best mean ARI=0.7018  tune 1551.5s  d=8, lam=0.1195, s=1
  wrote /nfs/turbo/umms-minjilab/lpullela/icassp_ssc_tv2/block_ssc_benchmark/cv/params/surveillance/split_k8_clean_min30_trials20_knownk_scaled_params_cv_overlap_tkss_k8_sigma0_sigma0_fold1.json

=== P1E_S1_C1 train[0] k=8  dim=576  frames=379  σ=0.0  fold=1 ===
  TKSS: k_hat=8  ACC=0.8443  NMI=0.8342  ARI=0.7360  0.3s

=== P1E_S1_C1 train[1] k=8  dim=576  frames=399  σ=0.0  fold=1 ===
  TKSS: k_hat=8  ACC=0.9248  NMI=0.8924  ARI=0.8446  0.4s

=== P1E_S1_C2 train[0] k=8  dim=576  frames=325  σ=0.0  fold=1 ===
  TKSS: k_hat=8  ACC=0.8554  NMI=0.8235  ARI=0.7134  0.1s

=== P1E_S1_C2 train[1] k=8  dim=576  frames=331  σ=0.0  fold=1 ===
  TKSS: k_hat=8  ACC=0.8973  NMI=0.8728  ARI=0.7980  0.5s

=== P1E_S1_C3 train[0] k=8  dim=576  frames=148  σ=0.0  fold=1 ===
  TKSS: k_hat=8  ACC=0.7027  NMI=0.7568  ARI=0.5696  0.1s

=== P1E_S1_C3 train[1] k=8  dim=576  frames=154  σ=0.0  fold=1 ===
  TKSS: k_hat=8  ACC=0.8701  NMI=0.8257  ARI=0.7308  0.1s

=== P1E_S2_C1 train[0] k=8  dim=576  frames=409  σ=0.0  fold=1 ===
  TKSS: k_hat=8  ACC=0.8704  NMI=0.8523  ARI=0.7720  0.7s

=== P1E_S2_C1 train[1] k=8  dim=576  frames=386  σ=0.0  fold=1 ===
  TKSS: k_hat=8  ACC=0.9016  NMI=0.8624  ARI=0.8022  0.8s

=== P1E_S2_C2 train[0] k=8  dim=576  frames=333  σ=0.0  fold=1 ===
  TKSS: k_hat=8  ACC=0.7658  NMI=0.7821  ARI=0.6412  0.5s

=== P1E_S2_C2 train[1] k=8  dim=576  frames=320  σ=0.0  fold=1 ===
  TKSS: k_hat=8  ACC=0.8781  NMI=0.8407  ARI=0.7664  0.7s

=== P1E_S2_C3 train[0] k=8  dim=576  frames=259  σ=0.0  fold=1 ===
  TKSS: k_hat=8  ACC=0.7297  NMI=0.7600  ARI=0.5943  0.3s

=== P1E_S2_C3 train[1] k=8  dim=576  frames=246  σ=0.0  fold=1 ===
  TKSS: k_hat=8  ACC=0.8374  NMI=0.8231  ARI=0.7211  0.2s

=== P1E_S3_C1 train[0] k=8  dim=576  frames=385  σ=0.0  fold=1 ===
  TKSS: k_hat=8  ACC=0.7403  NMI=0.7883  ARI=0.6465  0.5s

=== P1E_S3_C1 train[1] k=8  dim=576  frames=395  σ=0.0  fold=1 ===
  TKSS: k_hat=8  ACC=0.7392  NMI=0.7703  ARI=0.6011  0.7s

=== P1E_S3_C2 train[0] k=8  dim=576  frames=331  σ=0.0  fold=1 ===
  TKSS: k_hat=8  ACC=0.7160  NMI=0.7789  ARI=0.6297  0.3s

=== P1E_S3_C2 train[1] k=8  dim=576  frames=324  σ=0.0  fold=1 ===
  TKSS: k_hat=8  ACC=0.6852  NMI=0.7522  ARI=0.5714  0.2s

=== P1E_S3_C3 train[0] k=8  dim=576  frames=243  σ=0.0  fold=1 ===
  TKSS: k_hat=8  ACC=0.7613  NMI=0.7923  ARI=0.6526  0.2s

=== P1E_S3_C3 train[1] k=8  dim=576  frames=265  σ=0.0  fold=1 ===
  TKSS: k_hat=8  ACC=0.7623  NMI=0.7806  ARI=0.6408  0.2s

=== P1E_S4_C1 train[0] k=8  dim=576  frames=363  σ=0.0  fold=1 ===
  TKSS: k_hat=8  ACC=0.7796  NMI=0.7910  ARI=0.6553  0.4s

=== P1E_S4_C1 train[1] k=8  dim=576  frames=379  σ=0.0  fold=1 ===
  TKSS: k_hat=8  ACC=0.7810  NMI=0.7936  ARI=0.6648  0.3s

=== P1E_S4_C2 train[0] k=8  dim=576  frames=317  σ=0.0  fold=1 ===
  TKSS: k_hat=8  ACC=0.9180  NMI=0.8817  ARI=0.8338  0.3s

=== P1E_S4_C2 train[1] k=8  dim=576  frames=335  σ=0.0  fold=1 ===
  TKSS: k_hat=8  ACC=0.8746  NMI=0.8474  ARI=0.7718  0.7s

=== P1E_S4_C3 train[0] k=8  dim=576  frames=214  σ=0.0  fold=1 ===
  TKSS: k_hat=8  ACC=0.8598  NMI=0.8291  ARI=0.7251  0.1s

=== P1E_S4_C3 train[1] k=8  dim=576  frames=233  σ=0.0  fold=1 ===
  TKSS: k_hat=8  ACC=0.8541  NMI=0.8248  ARI=0.7234  0.2s

=== P1L_S1_C1 train[0] k=8  dim=576  frames=422  σ=0.0  fold=1 ===
  TKSS: k_hat=8  ACC=0.8270  NMI=0.8010  ARI=0.6839  0.6s

=== P1L_S1_C1 train[1] k=8  dim=576  frames=399  σ=0.0  fold=1 ===
  TKSS: k_hat=8  ACC=0.7895  NMI=0.7878  ARI=0.6449  0.5s

=== P1L_S1_C2 train[0] k=8  dim=576  frames=414  σ=0.0  fold=1 ===
  TKSS: k_hat=8  ACC=0.8430  NMI=0.8408  ARI=0.7291  0.2s

=== P1L_S1_C2 train[1] k=8  dim=576  frames=406  σ=0.0  fold=1 ===
  TKSS: k_hat=8  ACC=0.7414  NMI=0.7536  ARI=0.5869  0.2s

=== P1L_S1_C3 train[0] k=8  dim=576  frames=168  σ=0.0  fold=1 ===
  TKSS: k_hat=8  ACC=0.9167  NMI=0.8721  ARI=0.8193  0.1s

=== P1L_S1_C3 train[1] k=8  dim=576  frames=179  σ=0.0  fold=1 ===
  TKSS: k_hat=8  ACC=0.8492  NMI=0.8353  ARI=0.7292  0.1s

=== P1L_S2_C1 train[0] k=8  dim=576  frames=507  σ=0.0  fold=1 ===
  TKSS: k_hat=8  ACC=0.7811  NMI=0.7953  ARI=0.6698  1.2s

=== P1L_S2_C1 train[1] k=8  dim=576  frames=429  σ=0.0  fold=1 ===
  TKSS: k_hat=8  ACC=0.7016  NMI=0.7814  ARI=0.6330  0.8s

=== P1L_S2_C2 train[0] k=8  dim=576  frames=453  σ=0.0  fold=1 ===
  TKSS: k_hat=8  ACC=0.7329  NMI=0.7896  ARI=0.6557  0.8s

=== P1L_S2_C2 train[1] k=8  dim=576  frames=432  σ=0.0  fold=1 ===
  TKSS: k_hat=8  ACC=0.7338  NMI=0.7550  ARI=0.5990  0.5s

=== P1L_S2_C3 train[0] k=8  dim=576  frames=275  σ=0.0  fold=1 ===
  TKSS: k_hat=8  ACC=0.7673  NMI=0.8026  ARI=0.6766  0.4s

=== P1L_S2_C3 train[1] k=8  dim=576  frames=288  σ=0.0  fold=1 ===
  TKSS: k_hat=8  ACC=0.8819  NMI=0.8750  ARI=0.7961  0.2s

=== P1L_S3_C1 train[0] k=8  dim=576  frames=394  σ=0.0  fold=1 ===
  TKSS: k_hat=8  ACC=0.8274  NMI=0.8046  ARI=0.6796  0.3s

=== P1L_S3_C1 train[1] k=8  dim=576  frames=417  σ=0.0  fold=1 ===
  TKSS: k_hat=8  ACC=0.8345  NMI=0.7957  ARI=0.6884  0.9s

=== P1L_S3_C2 train[0] k=8  dim=576  frames=427  σ=0.0  fold=1 ===
  TKSS: k_hat=8  ACC=0.8244  NMI=0.8095  ARI=0.6953  0.7s

=== P1L_S3_C2 train[1] k=8  dim=576  frames=480  σ=0.0  fold=1 ===
  TKSS: k_hat=8  ACC=0.8354  NMI=0.8062  ARI=0.6895  0.6s

=== P1L_S3_C3 train[0] k=8  dim=576  frames=348  σ=0.0  fold=1 ===
  TKSS: k_hat=8  ACC=0.7902  NMI=0.7830  ARI=0.6284  0.3s

=== P1L_S3_C3 train[1] k=8  dim=576  frames=349  σ=0.0  fold=1 ===
  TKSS: k_hat=8  ACC=0.8682  NMI=0.8308  ARI=0.7421  0.4s

=== P1L_S4_C1 train[0] k=8  dim=576  frames=441  σ=0.0  fold=1 ===
  TKSS: k_hat=8  ACC=0.7732  NMI=0.7606  ARI=0.6099  1.0s

=== P1L_S4_C1 train[1] k=8  dim=576  frames=497  σ=0.0  fold=1 ===
  TKSS: k_hat=8  ACC=0.9235  NMI=0.8908  ARI=0.8421  0.5s

=== P1L_S4_C2 train[0] k=8  dim=576  frames=410  σ=0.0  fold=1 ===
  TKSS: k_hat=8  ACC=0.8854  NMI=0.8488  ARI=0.7725  0.3s

=== P1L_S4_C2 train[1] k=8  dim=576  frames=423  σ=0.0  fold=1 ===
  TKSS: k_hat=8  ACC=0.8132  NMI=0.7905  ARI=0.6643  0.6s

=== P1L_S4_C3 train[0] k=8  dim=576  frames=258  σ=0.0  fold=1 ===
  TKSS: k_hat=8  ACC=0.7364  NMI=0.7664  ARI=0.6109  0.3s

=== P1L_S4_C3 train[1] k=8  dim=576  frames=284  σ=0.0  fold=1 ===
  TKSS: k_hat=8  ACC=0.8873  NMI=0.8447  ARI=0.7719  0.2s

=== P1E_S1_C1 test[0] k=8  dim=576  frames=410  σ=0.0  fold=1 ===
  TKSS: k_hat=8  ACC=0.7512  NMI=0.7574  ARI=0.5961  0.5s

=== P1E_S1_C2 test[0] k=8  dim=576  frames=339  σ=0.0  fold=1 ===
  TKSS: k_hat=8  ACC=0.8112  NMI=0.8041  ARI=0.6795  0.4s

=== P1E_S1_C3 test[0] k=8  dim=576  frames=132  σ=0.0  fold=1 ===
  TKSS: k_hat=8  ACC=0.7652  NMI=0.8193  ARI=0.6820  0.0s

=== P1E_S2_C1 test[0] k=8  dim=576  frames=426  σ=0.0  fold=1 ===
  TKSS: k_hat=8  ACC=0.7770  NMI=0.7671  ARI=0.6269  0.4s

=== P1E_S2_C2 test[0] k=8  dim=576  frames=348  σ=0.0  fold=1 ===
  TKSS: k_hat=8  ACC=0.8132  NMI=0.7901  ARI=0.6658  0.3s

=== P1E_S2_C3 test[0] k=8  dim=576  frames=278  σ=0.0  fold=1 ===
  TKSS: k_hat=8  ACC=0.8885  NMI=0.8484  ARI=0.7817  0.3s

=== P1E_S3_C1 test[0] k=8  dim=576  frames=427  σ=0.0  fold=1 ===
  TKSS: k_hat=8  ACC=0.8899  NMI=0.8451  ARI=0.7733  0.9s

=== P1E_S3_C2 test[0] k=8  dim=576  frames=428  σ=0.0  fold=1 ===
  TKSS: k_hat=8  ACC=0.8738  NMI=0.8405  ARI=0.7583  0.5s

=== P1E_S3_C3 test[0] k=8  dim=576  frames=319  σ=0.0  fold=1 ===
  TKSS: k_hat=8  ACC=0.8809  NMI=0.8438  ARI=0.7630  0.3s

=== P1E_S4_C1 test[0] k=8  dim=576  frames=465  σ=0.0  fold=1 ===
  TKSS: k_hat=8  ACC=0.9376  NMI=0.9090  ARI=0.8690  0.6s

=== P1E_S4_C2 test[0] k=8  dim=576  frames=363  σ=0.0  fold=1 ===
  TKSS: k_hat=8  ACC=0.7466  NMI=0.7509  ARI=0.5836  0.6s

=== P1E_S4_C3 test[0] k=8  dim=576  frames=245  σ=0.0  fold=1 ===
  TKSS: k_hat=8  ACC=0.8000  NMI=0.8044  ARI=0.6783  0.1s

=== P1L_S1_C1 test[0] k=8  dim=576  frames=503  σ=0.0  fold=1 ===
  TKSS: k_hat=8  ACC=0.8807  NMI=0.8405  ARI=0.7678  0.5s

=== P1L_S1_C2 test[0] k=8  dim=576  frames=423  σ=0.0  fold=1 ===
  TKSS: k_hat=8  ACC=0.7541  NMI=0.7618  ARI=0.6046  0.6s

=== P1L_S1_C3 test[0] k=8  dim=576  frames=195  σ=0.0  fold=1 ===
  TKSS: k_hat=8  ACC=0.8154  NMI=0.7947  ARI=0.6688  0.1s

=== P1L_S2_C1 test[0] k=8  dim=576  frames=486  σ=0.0  fold=1 ===
  TKSS: k_hat=8  ACC=0.8436  NMI=0.7930  ARI=0.6983  0.7s

=== P1L_S2_C2 test[0] k=8  dim=576  frames=470  σ=0.0  fold=1 ===
  TKSS: k_hat=8  ACC=0.8085  NMI=0.7985  ARI=0.6800  0.9s

=== P1L_S2_C3 test[0] k=8  dim=576  frames=302  σ=0.0  fold=1 ===
  TKSS: k_hat=8  ACC=0.8940  NMI=0.8499  ARI=0.7838  0.6s

=== P1L_S3_C1 test[0] k=8  dim=576  frames=447  σ=0.0  fold=1 ===
  TKSS: k_hat=8  ACC=0.7539  NMI=0.7636  ARI=0.6159  0.8s

=== P1L_S3_C2 test[0] k=8  dim=576  frames=498  σ=0.0  fold=1 ===
  TKSS: k_hat=8  ACC=0.7309  NMI=0.7592  ARI=0.6009  0.9s

=== P1L_S3_C3 test[0] k=8  dim=576  frames=354  σ=0.0  fold=1 ===
  TKSS: k_hat=8  ACC=0.8927  NMI=0.8532  ARI=0.7888  0.3s

=== P1L_S4_C1 test[0] k=8  dim=576  frames=436  σ=0.0  fold=1 ===
  TKSS: k_hat=8  ACC=0.7615  NMI=0.7812  ARI=0.6383  0.4s

=== P1L_S4_C2 test[0] k=8  dim=576  frames=444  σ=0.0  fold=1 ===
  TKSS: k_hat=8  ACC=0.8176  NMI=0.8009  ARI=0.6737  0.6s

=== P1L_S4_C3 test[0] k=8  dim=576  frames=299  σ=0.0  fold=1 ===
  TKSS: k_hat=8  ACC=0.8696  NMI=0.8506  ARI=0.7576  0.2s
  tune_pool_groups=4: sampling from 17 held-in people (overlap allowed) instead of the 2 fixed partition group(s)

============================================================
σ=0.0 fold=2  test=['0003', '0007', '0010', '0012', '0016', '0017', '0020', '0021']  train mats=48  test mats=24  tune mats=96
  --- tune TKSS over 96 train mats  n_trials=30 (3 params) ---
  TKSS trial 0: mean ARI=0.6861  n=96  71.7s  d=5, lam=1, s=2
  TKSS trial 1: mean ARI=0.6813  n=96  79.9s  d=9, lam=1.398, s=4
  TKSS trial 2: mean ARI=0.6842  n=96  67.6s  d=9, lam=0.1866, s=4
  TKSS trial 3: mean ARI=0.6604  n=96  93.0s  d=7, lam=4.735, s=6
  TKSS trial 4: mean ARI=0.6709  n=96  91.9s  d=6, lam=2.372, s=4
  TKSS trial 5: mean ARI=0.6962  n=96  48.1s  d=9, lam=5.981, s=1
  TKSS trial 6: mean ARI=0.5963  n=96  118.3s  d=2, lam=0.0115, s=5
  TKSS trial 7: mean ARI=0.6741  n=96  85.3s  d=12, lam=4.074, s=6
  TKSS trial 8: mean ARI=0.6784  n=96  72.3s  d=12, lam=0.2423, s=5
  TKSS trial 9: mean ARI=0.5957  n=96  116.8s  d=2, lam=0.8313, s=1
  TKSS trial 10: mean ARI=0.6958  n=96  22.5s  d=15, lam=0.01456, s=2
  TKSS trial 11: mean ARI=0.6958  n=96  23.5s  d=15, lam=0.01211, s=2
  TKSS trial 12: mean ARI=0.6958  n=96  24.0s  d=14, lam=0.05267, s=1
  TKSS trial 13: mean ARI=0.6954  n=96  28.0s  d=12, lam=0.05219, s=2
  TKSS trial 14: mean ARI=0.6855  n=96  73.4s  d=9, lam=8.609, s=3
  TKSS trial 15: mean ARI=0.6953  n=96  25.7s  d=13, lam=0.2349, s=1
  TKSS trial 16: mean ARI=0.6858  n=96  67.3s  d=4, lam=0.0393, s=3
  TKSS trial 17: mean ARI=0.6942  n=96  42.4s  d=11, lam=0.4336, s=2
  TKSS trial 18: mean ARI=0.6927  n=96  31.3s  d=15, lam=0.1054, s=3
  TKSS trial 19: mean ARI=0.6959  n=96  31.8s  d=10, lam=0.01798, s=1
  TKSS trial 20: mean ARI=0.6973  n=96  42.7s  d=8, lam=0.478, s=1
  TKSS trial 21: mean ARI=0.6975  n=96  43.4s  d=8, lam=0.5399, s=1
  TKSS trial 22: mean ARI=0.6958  n=96  50.2s  d=7, lam=0.5501, s=1
  TKSS trial 23: mean ARI=0.6970  n=96  42.9s  d=8, lam=1.956, s=1
  TKSS trial 24: mean ARI=0.6947  n=96  52.6s  d=7, lam=2.052, s=1
  TKSS trial 25: mean ARI=0.6835  n=96  70.0s  d=4, lam=0.4132, s=2
  TKSS trial 26: mean ARI=0.6966  n=96  44.0s  d=8, lam=2.573, s=1
  TKSS trial 27: mean ARI=0.6898  n=96  60.3s  d=6, lam=0.7508, s=2
  TKSS trial 28: mean ARI=0.6954  n=96  38.8s  d=10, lam=1.352, s=1
  TKSS trial 29: mean ARI=0.6914  n=96  57.9s  d=5, lam=0.1161, s=2
    best mean ARI=0.6975  tune 1717.6s  d=8, lam=0.5399, s=1
  wrote /nfs/turbo/umms-minjilab/lpullela/icassp_ssc_tv2/block_ssc_benchmark/cv/params/surveillance/split_k8_clean_min30_trials20_knownk_scaled_params_cv_overlap_tkss_k8_sigma0_sigma0_fold2.json

=== P1E_S1_C1 train[0] k=8  dim=576  frames=379  σ=0.0  fold=2 ===
  TKSS: k_hat=8  ACC=0.8417  NMI=0.8279  ARI=0.7300  0.3s

=== P1E_S1_C1 train[1] k=8  dim=576  frames=410  σ=0.0  fold=2 ===
  TKSS: k_hat=8  ACC=0.7512  NMI=0.7574  ARI=0.5961  0.5s

=== P1E_S1_C2 train[0] k=8  dim=576  frames=325  σ=0.0  fold=2 ===
  TKSS: k_hat=8  ACC=0.8523  NMI=0.8219  ARI=0.7099  0.2s

=== P1E_S1_C2 train[1] k=8  dim=576  frames=339  σ=0.0  fold=2 ===
  TKSS: k_hat=8  ACC=0.8112  NMI=0.8041  ARI=0.6795  0.4s

=== P1E_S1_C3 train[0] k=8  dim=576  frames=148  σ=0.0  fold=2 ===
  TKSS: k_hat=8  ACC=0.7027  NMI=0.7568  ARI=0.5696  0.1s

=== P1E_S1_C3 train[1] k=8  dim=576  frames=132  σ=0.0  fold=2 ===
  TKSS: k_hat=8  ACC=0.7652  NMI=0.8193  ARI=0.6820  0.0s

=== P1E_S2_C1 train[0] k=8  dim=576  frames=409  σ=0.0  fold=2 ===
  TKSS: k_hat=8  ACC=0.8680  NMI=0.8481  ARI=0.7664  0.6s

=== P1E_S2_C1 train[1] k=8  dim=576  frames=426  σ=0.0  fold=2 ===
  TKSS: k_hat=8  ACC=0.7746  NMI=0.7666  ARI=0.6259  0.3s

=== P1E_S2_C2 train[0] k=8  dim=576  frames=333  σ=0.0  fold=2 ===
  TKSS: k_hat=8  ACC=0.7748  NMI=0.7910  ARI=0.6561  0.5s

=== P1E_S2_C2 train[1] k=8  dim=576  frames=348  σ=0.0  fold=2 ===
  TKSS: k_hat=8  ACC=0.8132  NMI=0.7901  ARI=0.6658  0.3s

=== P1E_S2_C3 train[0] k=8  dim=576  frames=259  σ=0.0  fold=2 ===
  TKSS: k_hat=8  ACC=0.7297  NMI=0.7600  ARI=0.5943  0.2s

=== P1E_S2_C3 train[1] k=8  dim=576  frames=278  σ=0.0  fold=2 ===
  TKSS: k_hat=8  ACC=0.8849  NMI=0.8462  ARI=0.7740  0.2s

=== P1E_S3_C1 train[0] k=8  dim=576  frames=385  σ=0.0  fold=2 ===
  TKSS: k_hat=8  ACC=0.7403  NMI=0.7883  ARI=0.6465  0.4s

=== P1E_S3_C1 train[1] k=8  dim=576  frames=427  σ=0.0  fold=2 ===
  TKSS: k_hat=8  ACC=0.8876  NMI=0.8431  ARI=0.7694  0.8s

=== P1E_S3_C2 train[0] k=8  dim=576  frames=331  σ=0.0  fold=2 ===
  TKSS: k_hat=8  ACC=0.7160  NMI=0.7789  ARI=0.6297  0.2s

=== P1E_S3_C2 train[1] k=8  dim=576  frames=428  σ=0.0  fold=2 ===
  TKSS: k_hat=8  ACC=0.8738  NMI=0.8405  ARI=0.7583  0.5s

=== P1E_S3_C3 train[0] k=8  dim=576  frames=243  σ=0.0  fold=2 ===
  TKSS: k_hat=8  ACC=0.7572  NMI=0.7903  ARI=0.6498  0.1s

=== P1E_S3_C3 train[1] k=8  dim=576  frames=319  σ=0.0  fold=2 ===
  TKSS: k_hat=8  ACC=0.8809  NMI=0.8438  ARI=0.7630  0.2s

=== P1E_S4_C1 train[0] k=8  dim=576  frames=363  σ=0.0  fold=2 ===
  TKSS: k_hat=8  ACC=0.7906  NMI=0.7960  ARI=0.6683  0.5s

=== P1E_S4_C1 train[1] k=8  dim=576  frames=465  σ=0.0  fold=2 ===
  TKSS: k_hat=8  ACC=0.9376  NMI=0.9090  ARI=0.8690  0.6s

=== P1E_S4_C2 train[0] k=8  dim=576  frames=317  σ=0.0  fold=2 ===
  TKSS: k_hat=8  ACC=0.9117  NMI=0.8719  ARI=0.8203  0.1s

=== P1E_S4_C2 train[1] k=8  dim=576  frames=363  σ=0.0  fold=2 ===
  TKSS: k_hat=8  ACC=0.7438  NMI=0.7500  ARI=0.5814  0.5s

=== P1E_S4_C3 train[0] k=8  dim=576  frames=214  σ=0.0  fold=2 ===
  TKSS: k_hat=8  ACC=0.8598  NMI=0.8292  ARI=0.7263  0.2s

=== P1E_S4_C3 train[1] k=8  dim=576  frames=245  σ=0.0  fold=2 ===
  TKSS: k_hat=8  ACC=0.8082  NMI=0.8078  ARI=0.6895  0.2s

=== P1L_S1_C1 train[0] k=8  dim=576  frames=422  σ=0.0  fold=2 ===
  TKSS: k_hat=8  ACC=0.8199  NMI=0.7970  ARI=0.6747  0.3s

=== P1L_S1_C1 train[1] k=8  dim=576  frames=503  σ=0.0  fold=2 ===
  TKSS: k_hat=8  ACC=0.8807  NMI=0.8405  ARI=0.7678  0.4s

=== P1L_S1_C2 train[0] k=8  dim=576  frames=414  σ=0.0  fold=2 ===
  TKSS: k_hat=8  ACC=0.8430  NMI=0.8408  ARI=0.7291  0.2s

=== P1L_S1_C2 train[1] k=8  dim=576  frames=423  σ=0.0  fold=2 ===
  TKSS: k_hat=8  ACC=0.7565  NMI=0.7623  ARI=0.6059  0.5s

=== P1L_S1_C3 train[0] k=8  dim=576  frames=168  σ=0.0  fold=2 ===
  TKSS: k_hat=8  ACC=0.9107  NMI=0.8646  ARI=0.8066  0.1s

=== P1L_S1_C3 train[1] k=8  dim=576  frames=195  σ=0.0  fold=2 ===
  TKSS: k_hat=8  ACC=0.8103  NMI=0.7905  ARI=0.6588  0.0s

=== P1L_S2_C1 train[0] k=8  dim=576  frames=507  σ=0.0  fold=2 ===
  TKSS: k_hat=8  ACC=0.7811  NMI=0.7953  ARI=0.6698  1.1s

=== P1L_S2_C1 train[1] k=8  dim=576  frames=486  σ=0.0  fold=2 ===
  TKSS: k_hat=8  ACC=0.8457  NMI=0.7941  ARI=0.7009  0.6s

=== P1L_S2_C2 train[0] k=8  dim=576  frames=453  σ=0.0  fold=2 ===
  TKSS: k_hat=8  ACC=0.7329  NMI=0.7896  ARI=0.6557  0.7s

=== P1L_S2_C2 train[1] k=8  dim=576  frames=470  σ=0.0  fold=2 ===
  TKSS: k_hat=8  ACC=0.8128  NMI=0.8036  ARI=0.6887  0.8s

=== P1L_S2_C3 train[0] k=8  dim=576  frames=275  σ=0.0  fold=2 ===
  TKSS: k_hat=8  ACC=0.7527  NMI=0.7871  ARI=0.6505  0.3s

=== P1L_S2_C3 train[1] k=8  dim=576  frames=302  σ=0.0  fold=2 ===
  TKSS: k_hat=8  ACC=0.8874  NMI=0.8433  ARI=0.7703  0.4s

=== P1L_S3_C1 train[0] k=8  dim=576  frames=394  σ=0.0  fold=2 ===
  TKSS: k_hat=8  ACC=0.8350  NMI=0.8089  ARI=0.6878  0.7s

=== P1L_S3_C1 train[1] k=8  dim=576  frames=447  σ=0.0  fold=2 ===
  TKSS: k_hat=8  ACC=0.7517  NMI=0.7611  ARI=0.6112  1.1s

=== P1L_S3_C2 train[0] k=8  dim=576  frames=427  σ=0.0  fold=2 ===
  TKSS: k_hat=8  ACC=0.8220  NMI=0.8061  ARI=0.6902  0.5s

=== P1L_S3_C2 train[1] k=8  dim=576  frames=498  σ=0.0  fold=2 ===
  TKSS: k_hat=8  ACC=0.7309  NMI=0.7592  ARI=0.6009  0.8s

=== P1L_S3_C3 train[0] k=8  dim=576  frames=348  σ=0.0  fold=2 ===
  TKSS: k_hat=8  ACC=0.7902  NMI=0.7830  ARI=0.6284  0.3s

=== P1L_S3_C3 train[1] k=8  dim=576  frames=354  σ=0.0  fold=2 ===
  TKSS: k_hat=8  ACC=0.8898  NMI=0.8504  ARI=0.7830  0.3s

=== P1L_S4_C1 train[0] k=8  dim=576  frames=441  σ=0.0  fold=2 ===
  TKSS: k_hat=8  ACC=0.7732  NMI=0.7606  ARI=0.6099  0.9s

=== P1L_S4_C1 train[1] k=8  dim=576  frames=436  σ=0.0  fold=2 ===
  TKSS: k_hat=8  ACC=0.7592  NMI=0.7811  ARI=0.6381  0.3s

=== P1L_S4_C2 train[0] k=8  dim=576  frames=410  σ=0.0  fold=2 ===
  TKSS: k_hat=8  ACC=0.8854  NMI=0.8408  ARI=0.7692  1.1s

=== P1L_S4_C2 train[1] k=8  dim=576  frames=444  σ=0.0  fold=2 ===
  TKSS: k_hat=8  ACC=0.8176  NMI=0.8009  ARI=0.6737  0.7s

=== P1L_S4_C3 train[0] k=8  dim=576  frames=258  σ=0.0  fold=2 ===
  TKSS: k_hat=8  ACC=0.7403  NMI=0.7678  ARI=0.6154  0.2s

=== P1L_S4_C3 train[1] k=8  dim=576  frames=299  σ=0.0  fold=2 ===
  TKSS: k_hat=8  ACC=0.8696  NMI=0.8465  ARI=0.7537  0.2s

=== P1E_S1_C1 test[0] k=8  dim=576  frames=399  σ=0.0  fold=2 ===
  TKSS: k_hat=8  ACC=0.9248  NMI=0.8924  ARI=0.8446  0.3s

=== P1E_S1_C2 test[0] k=8  dim=576  frames=331  σ=0.0  fold=2 ===
  TKSS: k_hat=8  ACC=0.8943  NMI=0.8708  ARI=0.7929  0.6s

=== P1E_S1_C3 test[0] k=8  dim=576  frames=154  σ=0.0  fold=2 ===
  TKSS: k_hat=8  ACC=0.8701  NMI=0.8257  ARI=0.7308  0.1s

=== P1E_S2_C1 test[0] k=8  dim=576  frames=386  σ=0.0  fold=2 ===
  TKSS: k_hat=8  ACC=0.8964  NMI=0.8590  ARI=0.7944  0.6s

=== P1E_S2_C2 test[0] k=8  dim=576  frames=320  σ=0.0  fold=2 ===
  TKSS: k_hat=8  ACC=0.8688  NMI=0.8323  ARI=0.7515  0.6s

=== P1E_S2_C3 test[0] k=8  dim=576  frames=246  σ=0.0  fold=2 ===
  TKSS: k_hat=8  ACC=0.8415  NMI=0.8239  ARI=0.7234  0.1s

=== P1E_S3_C1 test[0] k=8  dim=576  frames=395  σ=0.0  fold=2 ===
  TKSS: k_hat=8  ACC=0.7418  NMI=0.7727  ARI=0.6057  0.6s

=== P1E_S3_C2 test[0] k=8  dim=576  frames=324  σ=0.0  fold=2 ===
  TKSS: k_hat=8  ACC=0.6821  NMI=0.7497  ARI=0.5683  0.2s

=== P1E_S3_C3 test[0] k=8  dim=576  frames=265  σ=0.0  fold=2 ===
  TKSS: k_hat=8  ACC=0.7623  NMI=0.7806  ARI=0.6408  0.2s

=== P1E_S4_C1 test[0] k=8  dim=576  frames=379  σ=0.0  fold=2 ===
  TKSS: k_hat=8  ACC=0.7810  NMI=0.7936  ARI=0.6648  0.3s

=== P1E_S4_C2 test[0] k=8  dim=576  frames=335  σ=0.0  fold=2 ===
  TKSS: k_hat=8  ACC=0.8716  NMI=0.8433  ARI=0.7653  0.6s

=== P1E_S4_C3 test[0] k=8  dim=576  frames=233  σ=0.0  fold=2 ===
  TKSS: k_hat=8  ACC=0.8498  NMI=0.8221  ARI=0.7163  0.2s

=== P1L_S1_C1 test[0] k=8  dim=576  frames=399  σ=0.0  fold=2 ===
  TKSS: k_hat=8  ACC=0.7895  NMI=0.7878  ARI=0.6449  0.4s

=== P1L_S1_C2 test[0] k=8  dim=576  frames=406  σ=0.0  fold=2 ===
  TKSS: k_hat=8  ACC=0.7463  NMI=0.7550  ARI=0.5903  0.5s

=== P1L_S1_C3 test[0] k=8  dim=576  frames=179  σ=0.0  fold=2 ===
  TKSS: k_hat=8  ACC=0.8492  NMI=0.8342  ARI=0.7302  0.1s

=== P1L_S2_C1 test[0] k=8  dim=576  frames=429  σ=0.0  fold=2 ===
  TKSS: k_hat=8  ACC=0.6970  NMI=0.7775  ARI=0.6262  0.7s

=== P1L_S2_C2 test[0] k=8  dim=576  frames=432  σ=0.0  fold=2 ===
  TKSS: k_hat=8  ACC=0.7315  NMI=0.7541  ARI=0.5978  0.5s

=== P1L_S2_C3 test[0] k=8  dim=576  frames=288  σ=0.0  fold=2 ===
  TKSS: k_hat=8  ACC=0.8750  NMI=0.8663  ARI=0.7858  0.2s

=== P1L_S3_C1 test[0] k=8  dim=576  frames=417  σ=0.0  fold=2 ===
  TKSS: k_hat=8  ACC=0.8369  NMI=0.8055  ARI=0.6951  0.8s

=== P1L_S3_C2 test[0] k=8  dim=576  frames=480  σ=0.0  fold=2 ===
  TKSS: k_hat=8  ACC=0.8354  NMI=0.8095  ARI=0.6902  0.6s

=== P1L_S3_C3 test[0] k=8  dim=576  frames=349  σ=0.0  fold=2 ===
  TKSS: k_hat=8  ACC=0.8625  NMI=0.8275  ARI=0.7355  0.4s

=== P1L_S4_C1 test[0] k=8  dim=576  frames=497  σ=0.0  fold=2 ===
  TKSS: k_hat=8  ACC=0.9235  NMI=0.8908  ARI=0.8421  0.4s

=== P1L_S4_C2 test[0] k=8  dim=576  frames=423  σ=0.0  fold=2 ===
  TKSS: k_hat=8  ACC=0.8085  NMI=0.7857  ARI=0.6564  0.5s

=== P1L_S4_C3 test[0] k=8  dim=576  frames=284  σ=0.0  fold=2 ===
  TKSS: k_hat=8  ACC=0.8803  NMI=0.8402  ARI=0.7630  0.3s

=== inference time per method ===
  TKSS: mean=0.5619s  std=0.4242s  total=121.4s  n=216
wrote /nfs/turbo/umms-minjilab/lpullela/icassp_ssc_tv2/block_ssc_benchmark/cv/results/surveillance/split_k8_clean_min30_trials20_knownk_scaled_cv_overlap_tkss_k8_sigma0_timing.json

=== mean over matrices ===
  TKSS train σ=0.0: ACC=0.8141  NMI=0.8082  ARI=0.6922  n=144
  TKSS test σ=0.0: ACC=0.8129  NMI=0.8062  ARI=0.6882  n=72

wrote /nfs/turbo/umms-minjilab/lpullela/icassp_ssc_tv2/block_ssc_benchmark/cv/results/surveillance/split_k8_clean_min30_trials20_knownk_scaled_cv_overlap_tkss_k8_sigma0.csv
end=Sun Sep  6 13:09:51 EDT 2026
Experiment completed!
