========================================
Job: ssc_block_surveillance_k5
Dataset: surveillance
K: 5
known_k: True
extra_args: --sigmas 0.0
Methods: SSC-Block-TV SSC-Block-TV-Col21 SSC-Block-TV-L1
========================================
host=gl3018.arc-ts.umich.edu  python=/home/lpullela/miniconda3/envs/ssc_559/bin/python  start=Fri Sep  4 22:38:50 EDT 2026
Loading P1E_S1_C1
  Y: (576, 1236)  people=25  frames/person=[60, 61, 50, 48, 51, 35, 41, 56, 55, 49, 65, 50, 63, 38, 61, 48, 50, 49, 50, 30, 42, 60, 32, 39, 53]  min=30
Loading P1E_S1_C2
  Y: (576, 1031)  people=25  frames/person=[42, 48, 31, 35, 50, 45, 30, 32, 38, 40, 61, 41, 47, 33, 46, 36, 41, 45, 42, 36, 33, 50, 53, 33, 43]  min=30
Loading P1E_S1_C3
  Y: (576, 453)  people=25  frames/person=[15, 22, 16, 16, 17, 13, 14, 19, 14, 25, 26, 12, 21, 18, 22, 19, 13, 19, 16, 15, 8, 15, 30, 20, 28]  min=8
  warning: 24 people have fewer than 30 available frames (kept all)
Loading P1E_S2_C1
  Y: (576, 1256)  people=25  frames/person=[65, 50, 50, 51, 53, 48, 49, 60, 33, 48, 61, 58, 52, 32, 55, 35, 45, 53, 40, 53, 51, 65, 64, 42, 43]  min=32
Loading P1E_S2_C2
  Y: (576, 1042)  people=25  frames/person=[33, 48, 38, 41, 53, 36, 39, 47, 51, 36, 55, 44, 43, 25, 42, 41, 37, 45, 41, 38, 40, 54, 49, 33, 33]  min=25
  warning: 1 people have fewer than 30 available frames (kept all)
Loading P1E_S2_C3
  Y: (576, 816)  people=25  frames/person=[36, 33, 28, 32, 42, 37, 31, 36, 31, 23, 42, 36, 35, 20, 33, 33, 32, 32, 32, 29, 32, 42, 38, 27, 24]  min=20
  warning: 6 people have fewer than 30 available frames (kept all)
Loading P1E_S3_C1
  Y: (576, 1255)  people=25  frames/person=[43, 39, 47, 52, 58, 96, 42, 31, 79, 33, 67, 55, 44, 34, 40, 48, 54, 77, 45, 41, 46, 53, 56, 38, 37]  min=31
Loading P1E_S3_C2
  Y: (576, 1126)  people=25  frames/person=[57, 56, 35, 40, 49, 75, 34, 40, 70, 26, 65, 54, 43, 28, 32, 43, 48, 31, 36, 33, 42, 71, 57, 30, 31]  min=26
  warning: 2 people have fewer than 30 available frames (kept all)
Loading P1E_S3_C3
  Y: (576, 866)  people=25  frames/person=[43, 36, 24, 33, 37, 47, 29, 37, 55, 18, 40, 40, 31, 22, 30, 39, 35, 45, 30, 28, 30, 50, 42, 20, 25]  min=18
  warning: 7 people have fewer than 30 available frames (kept all)
Loading P1E_S4_C1
  Y: (576, 1247)  people=25  frames/person=[58, 54, 34, 56, 50, 59, 50, 56, 74, 38, 75, 35, 46, 31, 53, 40, 57, 32, 56, 33, 48, 67, 59, 48, 38]  min=31
Loading P1E_S4_C2
  Y: (576, 1051)  people=25  frames/person=[37, 37, 41, 46, 41, 49, 38, 45, 65, 30, 39, 48, 50, 34, 43, 36, 47, 52, 45, 37, 38, 50, 30, 37, 36]  min=30
Loading P1E_S4_C3
  Y: (576, 719)  people=25  frames/person=[28, 29, 22, 29, 24, 36, 31, 29, 33, 25, 37, 19, 28, 21, 25, 27, 25, 41, 27, 29, 26, 31, 45, 29, 23]  min=19
  warning: 18 people have fewer than 30 available frames (kept all)
Loading P1L_S1_C1
  Y: (576, 1391)  people=25  frames/person=[65, 68, 43, 64, 47, 40, 58, 33, 75, 41, 58, 72, 58, 49, 66, 67, 65, 43, 59, 57, 58, 51, 67, 32, 55]  min=32
Loading P1L_S1_C2
  Y: (576, 1309)  people=25  frames/person=[30, 65, 37, 63, 66, 54, 52, 52, 43, 49, 71, 49, 58, 48, 54, 66, 56, 36, 48, 49, 55, 66, 52, 39, 51]  min=30
Loading P1L_S1_C3
  Y: (576, 565)  people=25  frames/person=[27, 29, 20, 26, 19, 25, 22, 12, 28, 25, 20, 25, 23, 18, 21, 23, 25, 26, 23, 21, 18, 18, 30, 18, 23]  min=12
  warning: 24 people have fewer than 30 available frames (kept all)
Loading P1L_S2_C1
  Y: (576, 1470)  people=25  frames/person=[73, 68, 53, 64, 65, 41, 73, 55, 37, 31, 82, 75, 63, 45, 34, 48, 74, 84, 71, 64, 62, 65, 48, 33, 62]  min=31
Loading P1L_S2_C2
  Y: (576, 1393)  people=25  frames/person=[64, 65, 49, 62, 69, 69, 63, 61, 80, 34, 89, 57, 53, 52, 55, 38, 30, 30, 66, 36, 57, 51, 73, 41, 49]  min=30
Loading P1L_S2_C3
  Y: (576, 897)  people=25  frames/person=[40, 36, 29, 28, 35, 37, 36, 36, 50, 28, 55, 46, 34, 31, 35, 32, 30, 48, 37, 29, 36, 39, 45, 19, 26]  min=19
  warning: 6 people have fewer than 30 available frames (kept all)
Loading P1L_S3_C1
  Y: (576, 1329)  people=25  frames/person=[31, 33, 30, 51, 74, 75, 59, 65, 66, 43, 47, 39, 65, 50, 58, 71, 67, 36, 57, 35, 62, 31, 74, 59, 51]  min=30
Loading P1L_S3_C2
  Y: (576, 1472)  people=25  frames/person=[78, 38, 48, 51, 54, 71, 61, 71, 32, 50, 75, 38, 72, 63, 48, 67, 49, 87, 52, 56, 58, 85, 73, 56, 39]  min=32
Loading P1L_S3_C3
  Y: (576, 1105)  people=25  frames/person=[48, 44, 38, 38, 39, 45, 35, 55, 52, 26, 81, 39, 36, 36, 44, 54, 42, 61, 38, 31, 34, 53, 51, 44, 41]  min=26
  warning: 1 people have fewer than 30 available frames (kept all)
Loading P1L_S4_C1
  Y: (576, 1443)  people=25  frames/person=[50, 69, 44, 41, 78, 43, 32, 71, 45, 65, 59, 39, 56, 57, 68, 69, 70, 73, 51, 63, 47, 70, 57, 52, 74]  min=32
Loading P1L_S4_C2
  Y: (576, 1327)  people=25  frames/person=[71, 34, 39, 54, 63, 67, 52, 39, 52, 56, 59, 50, 51, 53, 63, 50, 71, 63, 48, 35, 31, 71, 43, 52, 60]  min=31
Loading P1L_S4_C3
  Y: (576, 880)  people=25  frames/person=[37, 41, 23, 26, 32, 34, 22, 32, 50, 29, 38, 44, 31, 34, 37, 39, 39, 39, 38, 26, 25, 50, 41, 33, 40]  min=22
  warning: 6 people have fewer than 30 available frames (kept all)
sequences=24  people=25  k=5
frames/person ~ Unif[30, 100]
down_hw=24  sigmas=(0.0,)  n_trials=10  known_k=True  csv=split_k5_clean_min30_trials10_knownk_scaled_k5_variants.csv
SSC-Block-TV block_size searched in [2, 12]
train 0 k=5  people=['0006', '0013', '0014', '0022', '0027']
train 1 k=5  people=['0004', '0009', '0019', '0025', '0026']
train 2 k=5  people=['0001', '0005', '0011', '0023', '0024']
train 3 k=5  people=['0007', '0010', '0015', '0016', '0021']
test    k=5  people=['0003', '0012', '0017', '0018', '0020']
methods=['SSC-Block-TV', 'SSC-Block-TV-Col21', 'SSC-Block-TV-L1']  append=False  hetero_noise=False  no_tune=False
σ=0.0: train mats=96  test mats=24
pooled train mats for tuning=96

============================================================
--- tune SSC-Block-TV over 96 train mats  n_trials=20 (4 params) ---
  SSC-Block-TV trial 0: mean ARI=0.5994  n=96  33.5s  lambda_e=1, lambda_z=0.1, gamma_q=0.1, block_size=5
  SSC-Block-TV trial 1: mean ARI=0.6406  n=96  31.5s  lambda_e=0.443, lambda_z=0.7257, gamma_q=0.2577, block_size=7
  SSC-Block-TV trial 2: mean ARI=0.7074  n=96  30.5s  lambda_e=0.1866, lambda_z=0.3833, gamma_q=0.05628, block_size=11
  SSC-Block-TV trial 3: mean ARI=0.4459  n=96  31.3s  lambda_e=7.78, lambda_z=0.03418, gamma_q=1.469, block_size=7
  SSC-Block-TV trial 4: mean ARI=0.6186  n=96  43.9s  lambda_e=0.506, lambda_z=5.039, gamma_q=0.001924, block_size=2
  SSC-Block-TV trial 5: mean ARI=0.4441  n=96  30.4s  lambda_e=0.0115, lambda_z=2.14, gamma_q=1.296, block_size=11
  SSC-Block-TV trial 6: mean ARI=0.6907  n=96  31.2s  lambda_e=8.627, lambda_z=1.573, gamma_q=0.07013, block_size=10
  SSC-Block-TV trial 7: mean ARI=0.7606  n=96  30.2s  lambda_e=0.02264, lambda_z=0.3628, gamma_q=0.003745, block_size=12
  SSC-Block-TV trial 8: mean ARI=0.7270  n=96  31.2s  lambda_e=0.3677, lambda_z=0.04557, gamma_q=0.01143, block_size=10
  SSC-Block-TV trial 9: mean ARI=0.7535  n=96  32.1s  lambda_e=0.2336, lambda_z=0.1878, gamma_q=0.001189, block_size=8
  SSC-Block-TV trial 10: mean ARI=0.5129  n=96  43.9s  lambda_e=0.01151, lambda_z=0.001661, gamma_q=6.473, block_size=2
  SSC-Block-TV trial 11: mean ARI=0.7614  n=96  32.4s  lambda_e=0.05789, lambda_z=0.1589, gamma_q=0.001276, block_size=8
  SSC-Block-TV trial 12: mean ARI=0.6442  n=96  30.3s  lambda_e=0.03705, lambda_z=0.00525, gamma_q=0.006143, block_size=12
  SSC-Block-TV trial 13: mean ARI=0.7248  n=96  33.8s  lambda_e=0.04693, lambda_z=0.01302, gamma_q=0.007133, block_size=5
  SSC-Block-TV trial 14: mean ARI=0.7659  n=96  31.5s  lambda_e=0.05946, lambda_z=0.1905, gamma_q=0.003034, block_size=9
  SSC-Block-TV trial 15: mean ARI=0.7486  n=96  32.9s  lambda_e=0.09713, lambda_z=0.0804, gamma_q=0.001055, block_size=8
  SSC-Block-TV trial 16: mean ARI=0.6340  n=96  31.7s  lambda_e=0.07095, lambda_z=0.01828, gamma_q=0.02026, block_size=9
  SSC-Block-TV trial 17: mean ARI=0.5910  n=96  33.8s  lambda_e=2.27, lambda_z=9.545, gamma_q=0.02047, block_size=5
  SSC-Block-TV trial 18: mean ARI=0.7601  n=96  32.3s  lambda_e=0.1091, lambda_z=0.2212, gamma_q=0.003348, block_size=6
  SSC-Block-TV trial 19: mean ARI=0.7665  n=96  31.3s  lambda_e=0.02428, lambda_z=0.801, gamma_q=0.00246, block_size=9
  best mean ARI=0.7665  tune 659.5s  lambda_e=0.02428, lambda_z=0.801, gamma_q=0.00246, block_size=9
  wrote /nfs/turbo/umms-minjilab/lpullela/icassp_ssc_tv2/surveillance_dataset/split_k5_clean_min30_trials10_knownk_scaled_params_k5_variants.json

============================================================
--- tune SSC-Block-TV-Col21 over 96 train mats  n_trials=20 (4 params) ---
  SSC-Block-TV-Col21 trial 0: mean ARI=0.5994  n=96  36.3s  lambda_e=1, lambda_z=0.1, gamma_q=0.1, block_size=5
  SSC-Block-TV-Col21 trial 1: mean ARI=0.6437  n=96  36.1s  lambda_e=0.443, lambda_z=0.7257, gamma_q=0.2577, block_size=7
  SSC-Block-TV-Col21 trial 2: mean ARI=0.7085  n=96  35.9s  lambda_e=0.1866, lambda_z=0.3833, gamma_q=0.05628, block_size=11
  SSC-Block-TV-Col21 trial 3: mean ARI=0.4459  n=96  36.2s  lambda_e=7.78, lambda_z=0.03418, gamma_q=1.469, block_size=7
  SSC-Block-TV-Col21 trial 4: mean ARI=0.6129  n=96  38.9s  lambda_e=0.506, lambda_z=5.039, gamma_q=0.001924, block_size=2
  SSC-Block-TV-Col21 trial 5: mean ARI=0.4696  n=96  35.8s  lambda_e=0.0115, lambda_z=2.14, gamma_q=1.296, block_size=11
  SSC-Block-TV-Col21 trial 6: mean ARI=0.6907  n=96  35.6s  lambda_e=8.627, lambda_z=1.573, gamma_q=0.07013, block_size=10
  SSC-Block-TV-Col21 trial 7: mean ARI=0.7581  n=96  35.7s  lambda_e=0.02264, lambda_z=0.3628, gamma_q=0.003745, block_size=12
  SSC-Block-TV-Col21 trial 8: mean ARI=0.7270  n=96  35.8s  lambda_e=0.3677, lambda_z=0.04557, gamma_q=0.01143, block_size=10
  SSC-Block-TV-Col21 trial 9: mean ARI=0.7535  n=96  36.3s  lambda_e=0.2336, lambda_z=0.1878, gamma_q=0.001189, block_size=8
  SSC-Block-TV-Col21 trial 10: mean ARI=0.5129  n=96  38.8s  lambda_e=0.01151, lambda_z=0.001661, gamma_q=6.473, block_size=2
  SSC-Block-TV-Col21 trial 11: mean ARI=0.7591  n=96  36.1s  lambda_e=0.05789, lambda_z=0.1589, gamma_q=0.001276, block_size=8
  SSC-Block-TV-Col21 trial 12: mean ARI=0.6442  n=96  36.7s  lambda_e=0.03705, lambda_z=0.00525, gamma_q=0.006143, block_size=12
  SSC-Block-TV-Col21 trial 13: mean ARI=0.7248  n=96  36.9s  lambda_e=0.04693, lambda_z=0.01302, gamma_q=0.007133, block_size=5
  SSC-Block-TV-Col21 trial 14: mean ARI=0.7513  n=96  36.1s  lambda_e=0.05946, lambda_z=0.1905, gamma_q=0.003034, block_size=9
  SSC-Block-TV-Col21 trial 15: mean ARI=0.7040  n=96  36.8s  lambda_e=0.09713, lambda_z=7.364, gamma_q=0.02311, block_size=5
  SSC-Block-TV-Col21 trial 16: mean ARI=0.7496  n=96  34.4s  lambda_e=0.02243, lambda_z=0.9967, gamma_q=0.001081, block_size=12
  SSC-Block-TV-Col21 trial 17: mean ARI=0.7637  n=96  34.4s  lambda_e=0.0948, lambda_z=0.05151, gamma_q=0.003898, block_size=7
  SSC-Block-TV-Col21 trial 18: mean ARI=0.6583  n=96  36.2s  lambda_e=1.378, lambda_z=0.01921, gamma_q=0.01821, block_size=7
  SSC-Block-TV-Col21 trial 19: mean ARI=0.7637  n=96  36.9s  lambda_e=0.1295, lambda_z=0.07318, gamma_q=0.002981, block_size=4
  best mean ARI=0.7637  tune 725.8s  lambda_e=0.0948, lambda_z=0.05151, gamma_q=0.003898, block_size=7
  wrote /nfs/turbo/umms-minjilab/lpullela/icassp_ssc_tv2/surveillance_dataset/split_k5_clean_min30_trials10_knownk_scaled_params_k5_variants.json

============================================================
--- tune SSC-Block-TV-L1 over 96 train mats  n_trials=20 (4 params) ---
  SSC-Block-TV-L1 trial 0: mean ARI=0.5994  n=96  29.7s  lambda_e=1, lambda_z=0.1, gamma_q=0.1, block_size=5
  SSC-Block-TV-L1 trial 1: mean ARI=0.6437  n=96  29.2s  lambda_e=0.443, lambda_z=0.7257, gamma_q=0.2577, block_size=7
  SSC-Block-TV-L1 trial 2: mean ARI=0.7085  n=96  28.9s  lambda_e=0.1866, lambda_z=0.3833, gamma_q=0.05628, block_size=11
  SSC-Block-TV-L1 trial 3: mean ARI=0.4459  n=96  29.3s  lambda_e=7.78, lambda_z=0.03418, gamma_q=1.469, block_size=7
  SSC-Block-TV-L1 trial 4: mean ARI=0.6099  n=96  31.7s  lambda_e=0.506, lambda_z=5.039, gamma_q=0.001924, block_size=2
  SSC-Block-TV-L1 trial 5: mean ARI=0.6012  n=96  29.0s  lambda_e=0.0115, lambda_z=2.14, gamma_q=1.296, block_size=11
  SSC-Block-TV-L1 trial 6: mean ARI=0.6907  n=96  28.9s  lambda_e=8.627, lambda_z=1.573, gamma_q=0.07013, block_size=10
  SSC-Block-TV-L1 trial 7: mean ARI=0.7289  n=96  28.8s  lambda_e=0.02264, lambda_z=0.3628, gamma_q=0.003745, block_size=12
  SSC-Block-TV-L1 trial 8: mean ARI=0.7270  n=96  29.1s  lambda_e=0.3677, lambda_z=0.04557, gamma_q=0.01143, block_size=10
  SSC-Block-TV-L1 trial 9: mean ARI=0.7535  n=96  29.3s  lambda_e=0.2336, lambda_z=0.1878, gamma_q=0.001189, block_size=8
  SSC-Block-TV-L1 trial 10: mean ARI=0.5126  n=96  31.9s  lambda_e=0.06732, lambda_z=0.001648, gamma_q=6.473, block_size=2
  SSC-Block-TV-L1 trial 11: mean ARI=0.7591  n=96  29.4s  lambda_e=0.01211, lambda_z=0.1589, gamma_q=0.001276, block_size=8
  SSC-Block-TV-L1 trial 12: mean ARI=0.7439  n=96  29.4s  lambda_e=0.054, lambda_z=0.00525, gamma_q=0.001024, block_size=8
  SSC-Block-TV-L1 trial 13: mean ARI=0.7737  n=96  30.0s  lambda_e=2.603, lambda_z=0.1129, gamma_q=0.006548, block_size=5
  SSC-Block-TV-L1 trial 14: mean ARI=0.7289  n=96  30.3s  lambda_e=2.709, lambda_z=0.01434, gamma_q=0.008726, block_size=4
  SSC-Block-TV-L1 trial 15: mean ARI=0.7678  n=96  29.6s  lambda_e=1.697, lambda_z=0.0804, gamma_q=0.01234, block_size=5
  SSC-Block-TV-L1 trial 16: mean ARI=0.6556  n=96  29.9s  lambda_e=2.271, lambda_z=0.01211, gamma_q=0.01698, block_size=4
  SSC-Block-TV-L1 trial 17: mean ARI=0.7149  n=96  29.8s  lambda_e=2.661, lambda_z=0.06242, gamma_q=0.02862, block_size=5
  SSC-Block-TV-L1 trial 18: mean ARI=0.7311  n=96  29.4s  lambda_e=1.281, lambda_z=0.01538, gamma_q=0.004978, block_size=6
  SSC-Block-TV-L1 trial 19: mean ARI=0.4968  n=96  30.6s  lambda_e=4.383, lambda_z=0.001142, gamma_q=0.254, block_size=3
  best mean ARI=0.7737  tune 594.2s  lambda_e=2.603, lambda_z=0.1129, gamma_q=0.006548, block_size=5
  wrote /nfs/turbo/umms-minjilab/lpullela/icassp_ssc_tv2/surveillance_dataset/split_k5_clean_min30_trials10_knownk_scaled_params_k5_variants.json

=== P1E_S1_C1 train[0] k=5  dim=576  frames=249  σ=0.0 ===
  SSC-Block-TV: k_hat=5  ACC=0.7590  NMI=0.8579  ARI=0.6879  0.4s
  SSC-Block-TV-Col21: k_hat=5  ACC=0.7510  NMI=0.8548  ARI=0.6817  0.4s
  SSC-Block-TV-L1: k_hat=5  ACC=0.7510  NMI=0.8548  ARI=0.6817  0.3s

=== P1E_S1_C1 train[1] k=5  dim=576  frames=212  σ=0.0 ===
  SSC-Block-TV: k_hat=5  ACC=0.9387  NMI=0.9135  ARI=0.8597  0.3s
  SSC-Block-TV-Col21: k_hat=5  ACC=0.9575  NMI=0.9303  ARI=0.8975  0.3s
  SSC-Block-TV-L1: k_hat=5  ACC=0.9434  NMI=0.9173  ARI=0.8687  0.3s

=== P1E_S1_C1 train[2] k=5  dim=576  frames=265  σ=0.0 ===
  SSC-Block-TV: k_hat=5  ACC=0.7208  NMI=0.8010  ARI=0.6358  0.4s
  SSC-Block-TV-Col21: k_hat=5  ACC=0.4868  NMI=0.6169  ARI=0.3311  0.5s
  SSC-Block-TV-L1: k_hat=5  ACC=0.6906  NMI=0.7652  ARI=0.5616  0.4s

=== P1E_S1_C1 train[3] k=5  dim=576  frames=242  σ=0.0 ===
  SSC-Block-TV: k_hat=5  ACC=0.6818  NMI=0.7756  ARI=0.5979  0.3s
  SSC-Block-TV-Col21: k_hat=5  ACC=0.6818  NMI=0.7756  ARI=0.5979  0.4s
  SSC-Block-TV-L1: k_hat=5  ACC=0.6818  NMI=0.7756  ARI=0.5979  0.3s

=== P1E_S1_C2 train[0] k=5  dim=576  frames=231  σ=0.0 ===
  SSC-Block-TV: k_hat=5  ACC=0.9740  NMI=0.9390  ARI=0.9323  0.3s
  SSC-Block-TV-Col21: k_hat=5  ACC=0.9610  NMI=0.9254  ARI=0.9024  0.4s
  SSC-Block-TV-L1: k_hat=5  ACC=0.9740  NMI=0.9390  ARI=0.9323  0.3s

=== P1E_S1_C2 train[1] k=5  dim=576  frames=188  σ=0.0 ===
  SSC-Block-TV: k_hat=5  ACC=0.9574  NMI=0.9258  ARI=0.8824  0.2s
  SSC-Block-TV-Col21: k_hat=5  ACC=1.0000  NMI=1.0000  ARI=1.0000  0.3s
  SSC-Block-TV-L1: k_hat=5  ACC=0.9574  NMI=0.9258  ARI=0.8824  0.2s

=== P1E_S1_C2 train[2] k=5  dim=576  frames=198  σ=0.0 ===
  SSC-Block-TV: k_hat=5  ACC=0.8990  NMI=0.8480  ARI=0.7715  0.2s
  SSC-Block-TV-Col21: k_hat=5  ACC=0.4949  NMI=0.5947  ARI=0.3136  0.3s
  SSC-Block-TV-L1: k_hat=5  ACC=0.9141  NMI=0.8662  ARI=0.8014  0.2s

=== P1E_S1_C2 train[3] k=5  dim=576  frames=199  σ=0.0 ===
  SSC-Block-TV: k_hat=5  ACC=0.6985  NMI=0.8213  ARI=0.6751  0.3s
  SSC-Block-TV-Col21: k_hat=5  ACC=0.6834  NMI=0.8020  ARI=0.6484  0.3s
  SSC-Block-TV-L1: k_hat=5  ACC=0.7035  NMI=0.8214  ARI=0.6754  0.2s

=== P1E_S1_C3 train[0] k=5  dim=576  frames=98  σ=0.0 ===
  SSC-Block-TV: k_hat=5  ACC=0.9694  NMI=0.9420  ARI=0.9241  0.1s
  SSC-Block-TV-Col21: k_hat=5  ACC=0.8367  NMI=0.8215  ARI=0.7656  0.1s
  SSC-Block-TV-L1: k_hat=5  ACC=0.9490  NMI=0.9067  ARI=0.8847  0.1s

=== P1E_S1_C3 train[1] k=5  dim=576  frames=93  σ=0.0 ===
  SSC-Block-TV: k_hat=5  ACC=0.9785  NMI=0.9546  ARI=0.9423  0.1s
  SSC-Block-TV-Col21: k_hat=5  ACC=0.9785  NMI=0.9546  ARI=0.9423  0.1s
  SSC-Block-TV-L1: k_hat=5  ACC=0.9785  NMI=0.9546  ARI=0.9423  0.1s

=== P1E_S1_C3 train[2] k=5  dim=576  frames=68  σ=0.0 ===
  SSC-Block-TV: k_hat=5  ACC=0.7059  NMI=0.7665  ARI=0.6080  0.0s
  SSC-Block-TV-Col21: k_hat=5  ACC=0.9853  NMI=0.9656  ARI=0.9599  0.1s
  SSC-Block-TV-L1: k_hat=5  ACC=0.7647  NMI=0.7788  ARI=0.6619  0.0s

=== P1E_S1_C3 train[3] k=5  dim=576  frames=87  σ=0.0 ===
  SSC-Block-TV: k_hat=5  ACC=0.8506  NMI=0.8447  ARI=0.7479  0.1s
  SSC-Block-TV-Col21: k_hat=5  ACC=0.8621  NMI=0.8908  ARI=0.8035  0.1s
  SSC-Block-TV-L1: k_hat=5  ACC=0.9655  NMI=0.9425  ARI=0.9258  0.1s

=== P1E_S2_C1 train[0] k=5  dim=576  frames=268  σ=0.0 ===
  SSC-Block-TV: k_hat=5  ACC=0.6903  NMI=0.8079  ARI=0.6237  0.4s
  SSC-Block-TV-Col21: k_hat=5  ACC=0.9104  NMI=0.8712  ARI=0.8073  0.5s
  SSC-Block-TV-L1: k_hat=5  ACC=0.9030  NMI=0.8669  ARI=0.7965  0.4s

=== P1E_S2_C1 train[1] k=5  dim=576  frames=250  σ=0.0 ===
  SSC-Block-TV: k_hat=5  ACC=0.9400  NMI=0.9199  ARI=0.8836  0.4s
  SSC-Block-TV-Col21: k_hat=5  ACC=0.9400  NMI=0.9199  ARI=0.8836  0.4s
  SSC-Block-TV-L1: k_hat=5  ACC=0.9440  NMI=0.9228  ARI=0.8898  0.4s

=== P1E_S2_C1 train[2] k=5  dim=576  frames=265  σ=0.0 ===
  SSC-Block-TV: k_hat=5  ACC=0.5208  NMI=0.6936  ARI=0.4313  0.4s
  SSC-Block-TV-Col21: k_hat=5  ACC=0.5208  NMI=0.6936  ARI=0.4313  0.5s
  SSC-Block-TV-L1: k_hat=5  ACC=0.5170  NMI=0.6933  ARI=0.4301  0.4s

=== P1E_S2_C1 train[3] k=5  dim=576  frames=232  σ=0.0 ===
  SSC-Block-TV: k_hat=5  ACC=0.5086  NMI=0.7302  ARI=0.5255  0.3s
  SSC-Block-TV-Col21: k_hat=5  ACC=0.5259  NMI=0.7312  ARI=0.5274  0.4s
  SSC-Block-TV-L1: k_hat=5  ACC=0.5086  NMI=0.7302  ARI=0.5255  0.3s

=== P1E_S2_C2 train[0] k=5  dim=576  frames=223  σ=0.0 ===
  SSC-Block-TV: k_hat=5  ACC=0.9686  NMI=0.9400  ARI=0.9122  0.3s
  SSC-Block-TV-Col21: k_hat=5  ACC=0.9148  NMI=0.8377  ARI=0.7888  0.4s
  SSC-Block-TV-L1: k_hat=5  ACC=0.9686  NMI=0.9400  ARI=0.9122  0.3s

=== P1E_S2_C2 train[1] k=5  dim=576  frames=196  σ=0.0 ===
  SSC-Block-TV: k_hat=5  ACC=0.9847  NMI=0.9598  ARI=0.9622  0.2s
  SSC-Block-TV-Col21: k_hat=5  ACC=0.9949  NMI=0.9850  ARI=0.9868  0.3s
  SSC-Block-TV-L1: k_hat=5  ACC=0.9949  NMI=0.9850  ARI=0.9868  0.2s

=== P1E_S2_C2 train[2] k=5  dim=576  frames=219  σ=0.0 ===
  SSC-Block-TV: k_hat=5  ACC=0.9589  NMI=0.9318  ARI=0.9004  0.3s
  SSC-Block-TV-Col21: k_hat=5  ACC=0.9635  NMI=0.9367  ARI=0.9104  0.4s
  SSC-Block-TV-L1: k_hat=5  ACC=0.9635  NMI=0.9367  ARI=0.9104  0.3s

=== P1E_S2_C2 train[3] k=5  dim=576  frames=192  σ=0.0 ===
  SSC-Block-TV: k_hat=5  ACC=0.7292  NMI=0.7829  ARI=0.6249  0.2s
  SSC-Block-TV-Col21: k_hat=5  ACC=0.7344  NMI=0.7841  ARI=0.6284  0.3s
  SSC-Block-TV-L1: k_hat=5  ACC=0.7292  NMI=0.7829  ARI=0.6249  0.2s

=== P1E_S2_C3 train[0] k=5  dim=576  frames=173  σ=0.0 ===
  SSC-Block-TV: k_hat=5  ACC=0.9942  NMI=0.9844  ARI=0.9892  0.2s
  SSC-Block-TV-Col21: k_hat=5  ACC=0.9884  NMI=0.9711  ARI=0.9686  0.2s
  SSC-Block-TV-L1: k_hat=5  ACC=0.9942  NMI=0.9844  ARI=0.9892  0.2s

=== P1E_S2_C3 train[1] k=5  dim=576  frames=156  σ=0.0 ===
  SSC-Block-TV: k_hat=5  ACC=1.0000  NMI=1.0000  ARI=1.0000  0.2s
  SSC-Block-TV-Col21: k_hat=5  ACC=1.0000  NMI=1.0000  ARI=1.0000  0.2s
  SSC-Block-TV-L1: k_hat=5  ACC=1.0000  NMI=1.0000  ARI=1.0000  0.2s

=== P1E_S2_C3 train[2] k=5  dim=576  frames=173  σ=0.0 ===
  SSC-Block-TV: k_hat=5  ACC=0.9075  NMI=0.8852  ARI=0.8200  0.2s
  SSC-Block-TV-Col21: k_hat=5  ACC=0.8960  NMI=0.8800  ARI=0.8069  0.3s
  SSC-Block-TV-L1: k_hat=5  ACC=0.8960  NMI=0.8801  ARI=0.8064  0.2s

=== P1E_S2_C3 train[3] k=5  dim=576  frames=160  σ=0.0 ===
  SSC-Block-TV: k_hat=5  ACC=0.7750  NMI=0.8515  ARI=0.7509  0.2s
  SSC-Block-TV-Col21: k_hat=5  ACC=0.7750  NMI=0.8515  ARI=0.7507  0.2s
  SSC-Block-TV-L1: k_hat=5  ACC=0.7750  NMI=0.8515  ARI=0.7509  0.2s

=== P1E_S3_C1 train[0] k=5  dim=576  frames=258  σ=0.0 ===
  SSC-Block-TV: k_hat=5  ACC=0.7171  NMI=0.6733  ARI=0.5171  0.4s
  SSC-Block-TV-Col21: k_hat=5  ACC=0.7674  NMI=0.7528  ARI=0.6110  0.5s
  SSC-Block-TV-L1: k_hat=5  ACC=0.7287  NMI=0.6982  ARI=0.5366  0.4s

=== P1E_S3_C1 train[1] k=5  dim=576  frames=237  σ=0.0 ===
  SSC-Block-TV: k_hat=5  ACC=0.6835  NMI=0.7708  ARI=0.6297  0.4s
  SSC-Block-TV-Col21: k_hat=5  ACC=0.8650  NMI=0.8364  ARI=0.7474  0.4s
  SSC-Block-TV-L1: k_hat=5  ACC=0.6878  NMI=0.7752  ARI=0.6356  0.3s

=== P1E_S3_C1 train[2] k=5  dim=576  frames=273  σ=0.0 ===
  SSC-Block-TV: k_hat=5  ACC=0.6813  NMI=0.7667  ARI=0.5874  0.5s
  SSC-Block-TV-Col21: k_hat=5  ACC=0.6777  NMI=0.7662  ARI=0.5861  0.5s
  SSC-Block-TV-L1: k_hat=5  ACC=0.7106  NMI=0.7831  ARI=0.6267  0.5s

=== P1E_S3_C1 train[3] k=5  dim=576  frames=250  σ=0.0 ===
  SSC-Block-TV: k_hat=5  ACC=0.5360  NMI=0.6497  ARI=0.4244  0.4s
  SSC-Block-TV-Col21: k_hat=5  ACC=0.5360  NMI=0.6497  ARI=0.4244  0.4s
  SSC-Block-TV-L1: k_hat=5  ACC=0.5360  NMI=0.6497  ARI=0.4244  0.4s

=== P1E_S3_C2 train[0] k=5  dim=576  frames=232  σ=0.0 ===
  SSC-Block-TV: k_hat=5  ACC=0.9009  NMI=0.8625  ARI=0.7651  0.3s
  SSC-Block-TV-Col21: k_hat=5  ACC=0.9009  NMI=0.8517  ARI=0.7619  0.4s
  SSC-Block-TV-L1: k_hat=5  ACC=0.9009  NMI=0.8625  ARI=0.7651  0.3s

=== P1E_S3_C2 train[1] k=5  dim=576  frames=204  σ=0.0 ===
  SSC-Block-TV: k_hat=5  ACC=0.9412  NMI=0.9003  ARI=0.8699  0.3s
  SSC-Block-TV-Col21: k_hat=5  ACC=0.9657  NMI=0.9270  ARI=0.9188  0.3s
  SSC-Block-TV-L1: k_hat=5  ACC=0.9412  NMI=0.9003  ARI=0.8699  0.2s

=== P1E_S3_C2 train[2] k=5  dim=576  frames=280  σ=0.0 ===
  SSC-Block-TV: k_hat=5  ACC=0.7643  NMI=0.8053  ARI=0.6603  0.5s
  SSC-Block-TV-Col21: k_hat=5  ACC=0.7643  NMI=0.8018  ARI=0.6581  0.5s
  SSC-Block-TV-L1: k_hat=5  ACC=0.7643  NMI=0.8053  ARI=0.6603  0.5s

=== P1E_S3_C2 train[3] k=5  dim=576  frames=222  σ=0.0 ===
  SSC-Block-TV: k_hat=5  ACC=0.5766  NMI=0.7239  ARI=0.4919  0.3s
  SSC-Block-TV-Col21: k_hat=5  ACC=0.5766  NMI=0.7239  ARI=0.4919  0.4s
  SSC-Block-TV-L1: k_hat=5  ACC=0.5766  NMI=0.7239  ARI=0.4919  0.3s

=== P1E_S3_C3 train[0] k=5  dim=576  frames=170  σ=0.0 ===
  SSC-Block-TV: k_hat=5  ACC=1.0000  NMI=1.0000  ARI=1.0000  0.2s
  SSC-Block-TV-Col21: k_hat=5  ACC=0.9824  NMI=0.9602  ARI=0.9502  0.2s
  SSC-Block-TV-L1: k_hat=5  ACC=1.0000  NMI=1.0000  ARI=1.0000  0.2s

=== P1E_S3_C3 train[1] k=5  dim=576  frames=150  σ=0.0 ===
  SSC-Block-TV: k_hat=5  ACC=0.9933  NMI=0.9811  ARI=0.9829  0.2s
  SSC-Block-TV-Col21: k_hat=5  ACC=1.0000  NMI=1.0000  ARI=1.0000  0.2s
  SSC-Block-TV-L1: k_hat=5  ACC=0.9933  NMI=0.9811  ARI=0.9829  0.1s

=== P1E_S3_C3 train[2] k=5  dim=576  frames=211  σ=0.0 ===
  SSC-Block-TV: k_hat=5  ACC=0.7393  NMI=0.8374  ARI=0.6914  0.3s
  SSC-Block-TV-Col21: k_hat=5  ACC=0.7393  NMI=0.8374  ARI=0.6914  0.3s
  SSC-Block-TV-L1: k_hat=5  ACC=0.7393  NMI=0.8374  ARI=0.6914  0.3s

=== P1E_S3_C3 train[3] k=5  dim=576  frames=167  σ=0.0 ===
  SSC-Block-TV: k_hat=5  ACC=0.7425  NMI=0.8708  ARI=0.7394  0.2s
  SSC-Block-TV-Col21: k_hat=5  ACC=0.7485  NMI=0.8712  ARI=0.7409  0.2s
  SSC-Block-TV-L1: k_hat=5  ACC=0.7425  NMI=0.8430  ARI=0.7152  0.2s

=== P1E_S4_C1 train[0] k=5  dim=576  frames=231  σ=0.0 ===
  SSC-Block-TV: k_hat=5  ACC=0.8485  NMI=0.7945  ARI=0.6545  0.3s
  SSC-Block-TV-Col21: k_hat=5  ACC=0.7619  NMI=0.8525  ARI=0.6836  0.4s
  SSC-Block-TV-L1: k_hat=5  ACC=0.7619  NMI=0.8525  ARI=0.6836  0.3s

=== P1E_S4_C1 train[1] k=5  dim=576  frames=248  σ=0.0 ===
  SSC-Block-TV: k_hat=5  ACC=0.9153  NMI=0.8972  ARI=0.8210  0.4s
  SSC-Block-TV-Col21: k_hat=5  ACC=0.9234  NMI=0.9021  ARI=0.8336  0.4s
  SSC-Block-TV-L1: k_hat=5  ACC=0.9153  NMI=0.8972  ARI=0.8210  0.4s

=== P1E_S4_C1 train[2] k=5  dim=576  frames=303  σ=0.0 ===
  SSC-Block-TV: k_hat=5  ACC=0.4950  NMI=0.6795  ARI=0.3846  0.6s
  SSC-Block-TV-Col21: k_hat=5  ACC=0.7426  NMI=0.8576  ARI=0.6911  0.6s
  SSC-Block-TV-L1: k_hat=5  ACC=0.4950  NMI=0.6795  ARI=0.3846  0.5s

=== P1E_S4_C1 train[3] k=5  dim=576  frames=248  σ=0.0 ===
  SSC-Block-TV: k_hat=5  ACC=0.7137  NMI=0.6773  ARI=0.4921  0.4s
  SSC-Block-TV-Col21: k_hat=5  ACC=0.7298  NMI=0.7770  ARI=0.6261  0.4s
  SSC-Block-TV-L1: k_hat=5  ACC=0.8629  NMI=0.8299  ARI=0.7517  0.3s

=== P1E_S4_C2 train[0] k=5  dim=576  frames=201  σ=0.0 ===
  SSC-Block-TV: k_hat=5  ACC=0.9602  NMI=0.9262  ARI=0.9093  0.3s
  SSC-Block-TV-Col21: k_hat=5  ACC=0.9751  NMI=0.9414  ARI=0.9381  0.3s
  SSC-Block-TV-L1: k_hat=5  ACC=0.9801  NMI=0.9523  ARI=0.9527  0.2s

=== P1E_S4_C2 train[1] k=5  dim=576  frames=193  σ=0.0 ===
  SSC-Block-TV: k_hat=5  ACC=0.9948  NMI=0.9848  ARI=0.9868  0.2s
  SSC-Block-TV-Col21: k_hat=5  ACC=0.9896  NMI=0.9703  ARI=0.9757  0.3s
  SSC-Block-TV-L1: k_hat=5  ACC=0.9948  NMI=0.9848  ARI=0.9868  0.2s

=== P1E_S4_C2 train[2] k=5  dim=576  frames=236  σ=0.0 ===
  SSC-Block-TV: k_hat=5  ACC=0.9873  NMI=0.9695  ARI=0.9668  0.3s
  SSC-Block-TV-Col21: k_hat=5  ACC=0.9915  NMI=0.9775  ARI=0.9776  0.4s
  SSC-Block-TV-L1: k_hat=5  ACC=0.9915  NMI=0.9775  ARI=0.9776  0.3s

=== P1E_S4_C2 train[3] k=5  dim=576  frames=223  σ=0.0 ===
  SSC-Block-TV: k_hat=5  ACC=0.7130  NMI=0.8194  ARI=0.6841  0.3s
  SSC-Block-TV-Col21: k_hat=5  ACC=0.7130  NMI=0.8194  ARI=0.6841  0.3s
  SSC-Block-TV-L1: k_hat=5  ACC=0.7085  NMI=0.8193  ARI=0.6840  0.3s

=== P1E_S4_C3 train[0] k=5  dim=576  frames=132  σ=0.0 ===
  SSC-Block-TV: k_hat=5  ACC=0.9773  NMI=0.9447  ARI=0.9411  0.1s
  SSC-Block-TV-Col21: k_hat=5  ACC=0.9697  NMI=0.9244  ARI=0.9215  0.1s
  SSC-Block-TV-L1: k_hat=5  ACC=0.9773  NMI=0.9447  ARI=0.9411  0.1s

=== P1E_S4_C3 train[1] k=5  dim=576  frames=152  σ=0.0 ===
  SSC-Block-TV: k_hat=5  ACC=0.9605  NMI=0.9321  ARI=0.9010  0.2s
  SSC-Block-TV-Col21: k_hat=5  ACC=0.9605  NMI=0.9321  ARI=0.9010  0.2s
  SSC-Block-TV-L1: k_hat=5  ACC=0.9605  NMI=0.9321  ARI=0.9010  0.1s

=== P1E_S4_C3 train[2] k=5  dim=576  frames=147  σ=0.0 ===
  SSC-Block-TV: k_hat=5  ACC=0.9796  NMI=0.9499  ARI=0.9479  0.2s
  SSC-Block-TV-Col21: k_hat=5  ACC=0.9864  NMI=0.9683  ARI=0.9645  0.2s
  SSC-Block-TV-L1: k_hat=5  ACC=0.9660  NMI=0.9270  ARI=0.9169  0.1s

=== P1E_S4_C3 train[3] k=5  dim=576  frames=141  σ=0.0 ===
  SSC-Block-TV: k_hat=5  ACC=0.9929  NMI=0.9801  ARI=0.9798  0.1s
  SSC-Block-TV-Col21: k_hat=5  ACC=0.9929  NMI=0.9801  ARI=0.9798  0.2s
  SSC-Block-TV-L1: k_hat=5  ACC=0.9929  NMI=0.9801  ARI=0.9798  0.1s

=== P1L_S1_C1 train[0] k=5  dim=576  frames=289  σ=0.0 ===
  SSC-Block-TV: k_hat=5  ACC=0.7612  NMI=0.8701  ARI=0.7333  0.5s
  SSC-Block-TV-Col21: k_hat=5  ACC=0.7543  NMI=0.8686  ARI=0.7291  0.6s
  SSC-Block-TV-L1: k_hat=5  ACC=0.7612  NMI=0.8701  ARI=0.7333  0.5s

=== P1L_S1_C1 train[1] k=5  dim=576  frames=265  σ=0.0 ===
  SSC-Block-TV: k_hat=5  ACC=1.0000  NMI=1.0000  ARI=1.0000  0.4s
  SSC-Block-TV-Col21: k_hat=5  ACC=1.0000  NMI=1.0000  ARI=1.0000  0.5s
  SSC-Block-TV-L1: k_hat=5  ACC=1.0000  NMI=1.0000  ARI=1.0000  0.4s

=== P1L_S1_C1 train[2] k=5  dim=576  frames=313  σ=0.0 ===
  SSC-Block-TV: k_hat=5  ACC=0.9361  NMI=0.9122  ARI=0.8561  0.6s
  SSC-Block-TV-Col21: k_hat=5  ACC=0.8307  NMI=0.8741  ARI=0.7477  0.7s
  SSC-Block-TV-L1: k_hat=5  ACC=0.9393  NMI=0.9147  ARI=0.8619  0.6s

=== P1L_S1_C1 train[3] k=5  dim=576  frames=239  σ=0.0 ===
  SSC-Block-TV: k_hat=5  ACC=0.6109  NMI=0.7495  ARI=0.5550  0.4s
  SSC-Block-TV-Col21: k_hat=5  ACC=0.9289  NMI=0.9213  ARI=0.8986  0.4s
  SSC-Block-TV-L1: k_hat=5  ACC=0.8912  NMI=0.9108  ARI=0.8725  0.3s

=== P1L_S1_C2 train[0] k=5  dim=576  frames=286  σ=0.0 ===
  SSC-Block-TV: k_hat=5  ACC=0.9930  NMI=0.9816  ARI=0.9854  0.5s
  SSC-Block-TV-Col21: k_hat=5  ACC=0.8951  NMI=0.8727  ARI=0.7877  0.6s
  SSC-Block-TV-L1: k_hat=5  ACC=0.9930  NMI=0.9816  ARI=0.9854  0.5s

=== P1L_S1_C2 train[1] k=5  dim=576  frames=236  σ=0.0 ===
  SSC-Block-TV: k_hat=5  ACC=1.0000  NMI=1.0000  ARI=1.0000  0.4s
  SSC-Block-TV-Col21: k_hat=5  ACC=0.8771  NMI=0.8761  ARI=0.7555  0.4s
  SSC-Block-TV-L1: k_hat=5  ACC=1.0000  NMI=1.0000  ARI=1.0000  0.3s

=== P1L_S1_C2 train[2] k=5  dim=576  frames=257  σ=0.0 ===
  SSC-Block-TV: k_hat=5  ACC=0.8677  NMI=0.8242  ARI=0.7199  0.4s
  SSC-Block-TV-Col21: k_hat=5  ACC=0.8327  NMI=0.7821  ARI=0.6620  0.5s
  SSC-Block-TV-L1: k_hat=5  ACC=0.8677  NMI=0.8242  ARI=0.7199  0.4s

=== P1L_S1_C2 train[3] k=5  dim=576  frames=260  σ=0.0 ===
  SSC-Block-TV: k_hat=5  ACC=0.6615  NMI=0.8071  ARI=0.6413  0.4s
  SSC-Block-TV-Col21: k_hat=5  ACC=0.6654  NMI=0.8071  ARI=0.6414  0.4s
  SSC-Block-TV-L1: k_hat=5  ACC=0.6885  NMI=0.8583  ARI=0.6929  0.4s

=== P1L_S1_C3 train[0] k=5  dim=576  frames=108  σ=0.0 ===
  SSC-Block-TV: k_hat=5  ACC=0.6481  NMI=0.7523  ARI=0.5314  0.1s
  SSC-Block-TV-Col21: k_hat=5  ACC=0.6296  NMI=0.7382  ARI=0.4995  0.1s
  SSC-Block-TV-L1: k_hat=5  ACC=0.6389  NMI=0.7450  ARI=0.5147  0.1s

=== P1L_S1_C3 train[1] k=5  dim=576  frames=115  σ=0.0 ===
  SSC-Block-TV: k_hat=5  ACC=0.7304  NMI=0.8548  ARI=0.6715  0.1s
  SSC-Block-TV-Col21: k_hat=5  ACC=0.7304  NMI=0.8548  ARI=0.6715  0.1s
  SSC-Block-TV-L1: k_hat=5  ACC=0.7304  NMI=0.8548  ARI=0.6715  0.1s

=== P1L_S1_C3 train[2] k=5  dim=576  frames=117  σ=0.0 ===
  SSC-Block-TV: k_hat=5  ACC=0.7265  NMI=0.8054  ARI=0.6324  0.1s
  SSC-Block-TV-Col21: k_hat=5  ACC=0.6838  NMI=0.7443  ARI=0.5098  0.1s
  SSC-Block-TV-L1: k_hat=5  ACC=0.6667  NMI=0.7718  ARI=0.5933  0.1s

=== P1L_S1_C3 train[3] k=5  dim=576  frames=101  σ=0.0 ===
  SSC-Block-TV: k_hat=5  ACC=0.8020  NMI=0.7939  ARI=0.6505  0.1s
  SSC-Block-TV-Col21: k_hat=5  ACC=0.7921  NMI=0.7890  ARI=0.6389  0.1s
  SSC-Block-TV-L1: k_hat=5  ACC=0.8020  NMI=0.7939  ARI=0.6505  0.1s

=== P1L_S2_C1 train[0] k=5  dim=576  frames=348  σ=0.0 ===
  SSC-Block-TV: k_hat=5  ACC=0.8075  NMI=0.7594  ARI=0.6457  0.7s
  SSC-Block-TV-Col21: k_hat=5  ACC=0.9167  NMI=0.8648  ARI=0.8055  0.8s
  SSC-Block-TV-L1: k_hat=5  ACC=0.8103  NMI=0.7603  ARI=0.6476  0.7s

=== P1L_S2_C1 train[1] k=5  dim=576  frames=281  σ=0.0 ===
  SSC-Block-TV: k_hat=5  ACC=0.9253  NMI=0.9021  ARI=0.8382  0.5s
  SSC-Block-TV-Col21: k_hat=5  ACC=0.9253  NMI=0.9021  ARI=0.8382  0.6s
  SSC-Block-TV-L1: k_hat=5  ACC=0.9253  NMI=0.9021  ARI=0.8382  0.5s

=== P1L_S2_C1 train[2] k=5  dim=576  frames=301  σ=0.0 ===
  SSC-Block-TV: k_hat=5  ACC=0.6512  NMI=0.7316  ARI=0.5138  0.5s
  SSC-Block-TV-Col21: k_hat=5  ACC=0.6512  NMI=0.7316  ARI=0.5138  0.6s
  SSC-Block-TV-L1: k_hat=5  ACC=0.6512  NMI=0.7316  ARI=0.5138  0.5s

=== P1L_S2_C1 train[3] k=5  dim=576  frames=275  σ=0.0 ===
  SSC-Block-TV: k_hat=5  ACC=0.7600  NMI=0.8733  ARI=0.7546  0.5s
  SSC-Block-TV-Col21: k_hat=5  ACC=0.9018  NMI=0.9077  ARI=0.8561  0.5s
  SSC-Block-TV-L1: k_hat=5  ACC=0.9055  NMI=0.9085  ARI=0.8590  0.4s

=== P1L_S2_C2 train[0] k=5  dim=576  frames=300  σ=0.0 ===
  SSC-Block-TV: k_hat=5  ACC=0.9367  NMI=0.9064  ARI=0.8464  0.5s
  SSC-Block-TV-Col21: k_hat=5  ACC=0.9367  NMI=0.9064  ARI=0.8464  0.6s
  SSC-Block-TV-L1: k_hat=5  ACC=0.9367  NMI=0.9064  ARI=0.8464  0.5s

=== P1L_S2_C2 train[1] k=5  dim=576  frames=256  σ=0.0 ===
  SSC-Block-TV: k_hat=5  ACC=0.9219  NMI=0.9055  ARI=0.8456  0.4s
  SSC-Block-TV-Col21: k_hat=5  ACC=0.9219  NMI=0.9055  ARI=0.8456  0.5s
  SSC-Block-TV-L1: k_hat=5  ACC=0.9219  NMI=0.9055  ARI=0.8456  0.4s

=== P1L_S2_C2 train[2] k=5  dim=576  frames=314  σ=0.0 ===
  SSC-Block-TV: k_hat=5  ACC=0.8885  NMI=0.8811  ARI=0.7690  0.6s
  SSC-Block-TV-Col21: k_hat=5  ACC=0.9045  NMI=0.8888  ARI=0.7909  0.7s
  SSC-Block-TV-L1: k_hat=5  ACC=0.8981  NMI=0.8855  ARI=0.7817  0.6s

=== P1L_S2_C2 train[3] k=5  dim=576  frames=301  σ=0.0 ===
  SSC-Block-TV: k_hat=5  ACC=0.7110  NMI=0.8319  ARI=0.6854  0.6s
  SSC-Block-TV-Col21: k_hat=5  ACC=0.7143  NMI=0.8376  ARI=0.6908  0.6s
  SSC-Block-TV-L1: k_hat=5  ACC=0.7043  NMI=0.8220  ARI=0.6750  0.5s

=== P1L_S2_C3 train[0] k=5  dim=576  frames=191  σ=0.0 ===
  SSC-Block-TV: k_hat=5  ACC=1.0000  NMI=1.0000  ARI=1.0000  0.2s
  SSC-Block-TV-Col21: k_hat=5  ACC=0.8953  NMI=0.8714  ARI=0.7382  0.3s
  SSC-Block-TV-L1: k_hat=5  ACC=1.0000  NMI=1.0000  ARI=1.0000  0.2s

=== P1L_S2_C3 train[1] k=5  dim=576  frames=159  σ=0.0 ===
  SSC-Block-TV: k_hat=5  ACC=1.0000  NMI=1.0000  ARI=1.0000  0.2s
  SSC-Block-TV-Col21: k_hat=5  ACC=1.0000  NMI=1.0000  ARI=1.0000  0.2s
  SSC-Block-TV-L1: k_hat=5  ACC=1.0000  NMI=1.0000  ARI=1.0000  0.2s

=== P1L_S2_C3 train[2] k=5  dim=576  frames=193  σ=0.0 ===
  SSC-Block-TV: k_hat=5  ACC=0.8964  NMI=0.8854  ARI=0.7821  0.2s
  SSC-Block-TV-Col21: k_hat=5  ACC=0.8912  NMI=0.8830  ARI=0.7753  0.3s
  SSC-Block-TV-L1: k_hat=5  ACC=0.8964  NMI=0.8854  ARI=0.7821  0.2s

=== P1L_S2_C3 train[3] k=5  dim=576  frames=175  σ=0.0 ===
  SSC-Block-TV: k_hat=5  ACC=0.9371  NMI=0.8958  ARI=0.8542  0.2s
  SSC-Block-TV-Col21: k_hat=5  ACC=0.6743  NMI=0.7838  ARI=0.6161  0.2s
  SSC-Block-TV-L1: k_hat=5  ACC=0.6743  NMI=0.7838  ARI=0.6161  0.2s

=== P1L_S3_C1 train[0] k=5  dim=576  frames=246  σ=0.0 ===
  SSC-Block-TV: k_hat=5  ACC=0.6748  NMI=0.7504  ARI=0.5514  0.4s
  SSC-Block-TV-Col21: k_hat=5  ACC=0.6748  NMI=0.7504  ARI=0.5514  0.4s
  SSC-Block-TV-L1: k_hat=5  ACC=0.6748  NMI=0.7504  ARI=0.5514  0.3s

=== P1L_S3_C1 train[1] k=5  dim=576  frames=289  σ=0.0 ===
  SSC-Block-TV: k_hat=5  ACC=0.6228  NMI=0.7042  ARI=0.4413  0.5s
  SSC-Block-TV-Col21: k_hat=5  ACC=0.9446  NMI=0.9167  ARI=0.8749  0.6s
  SSC-Block-TV-L1: k_hat=5  ACC=0.6194  NMI=0.7035  ARI=0.4397  0.5s

=== P1L_S3_C1 train[2] k=5  dim=576  frames=241  σ=0.0 ===
  SSC-Block-TV: k_hat=5  ACC=0.8257  NMI=0.7955  ARI=0.6391  0.4s
  SSC-Block-TV-Col21: k_hat=5  ACC=0.8340  NMI=0.8018  ARI=0.6494  0.4s
  SSC-Block-TV-L1: k_hat=5  ACC=0.8257  NMI=0.7955  ARI=0.6391  0.3s

=== P1L_S3_C1 train[3] k=5  dim=576  frames=312  σ=0.0 ===
  SSC-Block-TV: k_hat=5  ACC=0.5801  NMI=0.6759  ARI=0.4740  0.6s
  SSC-Block-TV-Col21: k_hat=5  ACC=0.7436  NMI=0.7683  ARI=0.5902  0.6s
  SSC-Block-TV-L1: k_hat=5  ACC=0.5801  NMI=0.6759  ARI=0.4740  0.6s

=== P1L_S3_C2 train[0] k=5  dim=576  frames=262  σ=0.0 ===
  SSC-Block-TV: k_hat=5  ACC=0.6221  NMI=0.6637  ARI=0.4063  0.4s
  SSC-Block-TV-Col21: k_hat=5  ACC=0.9008  NMI=0.8453  ARI=0.7635  0.5s
  SSC-Block-TV-L1: k_hat=5  ACC=0.6183  NMI=0.6615  ARI=0.4025  0.4s

=== P1L_S3_C2 train[1] k=5  dim=576  frames=287  σ=0.0 ===
  SSC-Block-TV: k_hat=5  ACC=0.6725  NMI=0.7183  ARI=0.4944  0.5s
  SSC-Block-TV-Col21: k_hat=5  ACC=0.6829  NMI=0.7408  ARI=0.5111  0.6s
  SSC-Block-TV-L1: k_hat=5  ACC=0.6725  NMI=0.7183  ARI=0.4944  0.5s

=== P1L_S3_C2 train[2] k=5  dim=576  frames=304  σ=0.0 ===
  SSC-Block-TV: k_hat=5  ACC=0.7434  NMI=0.8040  ARI=0.6751  0.5s
  SSC-Block-TV-Col21: k_hat=5  ACC=0.5428  NMI=0.7255  ARI=0.5064  0.6s
  SSC-Block-TV-L1: k_hat=5  ACC=0.7434  NMI=0.8040  ARI=0.6751  0.5s

=== P1L_S3_C2 train[3] k=5  dim=576  frames=329  σ=0.0 ===
  SSC-Block-TV: k_hat=5  ACC=0.8845  NMI=0.8408  ARI=0.7606  0.6s
  SSC-Block-TV-Col21: k_hat=5  ACC=0.8967  NMI=0.8805  ARI=0.7930  0.7s
  SSC-Block-TV-L1: k_hat=5  ACC=0.8845  NMI=0.8408  ARI=0.7606  0.6s

=== P1L_S3_C3 train[0] k=5  dim=576  frames=231  σ=0.0 ===
  SSC-Block-TV: k_hat=5  ACC=0.9264  NMI=0.8794  ARI=0.8087  0.3s
  SSC-Block-TV-Col21: k_hat=5  ACC=0.9307  NMI=0.8833  ARI=0.8191  0.4s
  SSC-Block-TV-L1: k_hat=5  ACC=0.9307  NMI=0.8833  ARI=0.8191  0.3s

=== P1L_S3_C3 train[1] k=5  dim=576  frames=210  σ=0.0 ===
  SSC-Block-TV: k_hat=5  ACC=0.9905  NMI=0.9768  ARI=0.9798  0.3s
  SSC-Block-TV-Col21: k_hat=5  ACC=1.0000  NMI=1.0000  ARI=1.0000  0.3s
  SSC-Block-TV-L1: k_hat=5  ACC=1.0000  NMI=1.0000  ARI=1.0000  0.2s

=== P1L_S3_C3 train[2] k=5  dim=576  frames=225  σ=0.0 ===
  SSC-Block-TV: k_hat=5  ACC=0.9556  NMI=0.9145  ARI=0.9020  0.3s
  SSC-Block-TV-Col21: k_hat=5  ACC=0.9911  NMI=0.9774  ARI=0.9794  0.4s
  SSC-Block-TV-L1: k_hat=5  ACC=0.9911  NMI=0.9774  ARI=0.9794  0.3s

=== P1L_S3_C3 train[3] k=5  dim=576  frames=210  σ=0.0 ===
  SSC-Block-TV: k_hat=5  ACC=0.9810  NMI=0.9615  ARI=0.9605  0.3s
  SSC-Block-TV-Col21: k_hat=5  ACC=0.8429  NMI=0.8090  ARI=0.6820  0.3s
  SSC-Block-TV-L1: k_hat=5  ACC=0.7286  NMI=0.8732  ARI=0.7535  0.3s

=== P1L_S4_C1 train[0] k=5  dim=576  frames=313  σ=0.0 ===
  SSC-Block-TV: k_hat=5  ACC=0.9393  NMI=0.9133  ARI=0.8638  0.6s
  SSC-Block-TV-Col21: k_hat=5  ACC=0.9521  NMI=0.9242  ARI=0.8879  0.7s
  SSC-Block-TV-L1: k_hat=5  ACC=0.9393  NMI=0.9133  ARI=0.8638  0.6s

=== P1L_S4_C1 train[1] k=5  dim=576  frames=255  σ=0.0 ===
  SSC-Block-TV: k_hat=5  ACC=0.9843  NMI=0.9626  ARI=0.9540  0.4s
  SSC-Block-TV-Col21: k_hat=5  ACC=0.9843  NMI=0.9626  ARI=0.9540  0.5s
  SSC-Block-TV-L1: k_hat=5  ACC=0.9843  NMI=0.9626  ARI=0.9540  0.4s

=== P1L_S4_C1 train[2] k=5  dim=576  frames=253  σ=0.0 ===
  SSC-Block-TV: k_hat=5  ACC=0.9921  NMI=0.9798  ARI=0.9838  0.4s
  SSC-Block-TV-Col21: k_hat=5  ACC=0.9921  NMI=0.9798  ARI=0.9838  0.5s
  SSC-Block-TV-L1: k_hat=5  ACC=0.9960  NMI=0.9880  ARI=0.9913  0.4s

=== P1L_S4_C1 train[3] k=5  dim=576  frames=278  σ=0.0 ===
  SSC-Block-TV: k_hat=5  ACC=0.7626  NMI=0.8577  ARI=0.7259  0.5s
  SSC-Block-TV-Col21: k_hat=5  ACC=0.7662  NMI=0.8580  ARI=0.7266  0.5s
  SSC-Block-TV-L1: k_hat=5  ACC=0.7662  NMI=0.8580  ARI=0.7266  0.5s

=== P1L_S4_C2 train[0] k=5  dim=576  frames=267  σ=0.0 ===
  SSC-Block-TV: k_hat=5  ACC=1.0000  NMI=1.0000  ARI=1.0000  0.4s
  SSC-Block-TV-Col21: k_hat=5  ACC=0.8202  NMI=0.7856  ARI=0.6198  0.5s
  SSC-Block-TV-L1: k_hat=5  ACC=0.9438  NMI=0.9194  ARI=0.8801  0.4s

=== P1L_S4_C2 train[1] k=5  dim=576  frames=257  σ=0.0 ===
  SSC-Block-TV: k_hat=5  ACC=1.0000  NMI=1.0000  ARI=1.0000  0.4s
  SSC-Block-TV-Col21: k_hat=5  ACC=1.0000  NMI=1.0000  ARI=1.0000  0.5s
  SSC-Block-TV-L1: k_hat=5  ACC=1.0000  NMI=1.0000  ARI=1.0000  0.4s

=== P1L_S4_C2 train[2] k=5  dim=576  frames=279  σ=0.0 ===
  SSC-Block-TV: k_hat=5  ACC=0.9427  NMI=0.8982  ARI=0.8835  0.5s
  SSC-Block-TV-Col21: k_hat=5  ACC=0.9427  NMI=0.8982  ARI=0.8835  0.6s
  SSC-Block-TV-L1: k_hat=5  ACC=0.9427  NMI=0.8982  ARI=0.8835  0.5s

=== P1L_S4_C2 train[3] k=5  dim=576  frames=258  σ=0.0 ===
  SSC-Block-TV: k_hat=5  ACC=0.7054  NMI=0.7692  ARI=0.6046  0.4s
  SSC-Block-TV-Col21: k_hat=5  ACC=0.7713  NMI=0.7808  ARI=0.6220  0.5s
  SSC-Block-TV-L1: k_hat=5  ACC=0.7713  NMI=0.7808  ARI=0.6220  0.4s

=== P1L_S4_C3 train[0] k=5  dim=576  frames=180  σ=0.0 ===
  SSC-Block-TV: k_hat=5  ACC=1.0000  NMI=1.0000  ARI=1.0000  0.2s
  SSC-Block-TV-Col21: k_hat=5  ACC=0.8389  NMI=0.8668  ARI=0.7249  0.2s
  SSC-Block-TV-L1: k_hat=5  ACC=1.0000  NMI=1.0000  ARI=1.0000  0.2s

=== P1L_S4_C3 train[1] k=5  dim=576  frames=158  σ=0.0 ===
  SSC-Block-TV: k_hat=5  ACC=1.0000  NMI=1.0000  ARI=1.0000  0.2s
  SSC-Block-TV-Col21: k_hat=5  ACC=1.0000  NMI=1.0000  ARI=1.0000  0.2s
  SSC-Block-TV-L1: k_hat=5  ACC=1.0000  NMI=1.0000  ARI=1.0000  0.2s

=== P1L_S4_C3 train[2] k=5  dim=576  frames=188  σ=0.0 ===
  SSC-Block-TV: k_hat=5  ACC=0.6649  NMI=0.7580  ARI=0.5653  0.2s
  SSC-Block-TV-Col21: k_hat=5  ACC=0.6596  NMI=0.7569  ARI=0.5614  0.3s
  SSC-Block-TV-L1: k_hat=5  ACC=0.6649  NMI=0.7580  ARI=0.5653  0.2s

=== P1L_S4_C3 train[3] k=5  dim=576  frames=169  σ=0.0 ===
  SSC-Block-TV: k_hat=5  ACC=0.7101  NMI=0.8216  ARI=0.6823  0.2s
  SSC-Block-TV-Col21: k_hat=5  ACC=0.7160  NMI=0.8223  ARI=0.6837  0.2s
  SSC-Block-TV-L1: k_hat=5  ACC=0.7101  NMI=0.8216  ARI=0.6823  0.2s

=== P1E_S1_C1 test[0] k=5  dim=576  frames=268  σ=0.0 ===
  SSC-Block-TV: k_hat=5  ACC=0.5784  NMI=0.7082  ARI=0.4358  0.4s
  SSC-Block-TV-Col21: k_hat=5  ACC=0.5784  NMI=0.7082  ARI=0.4358  0.5s
  SSC-Block-TV-L1: k_hat=5  ACC=0.5746  NMI=0.7079  ARI=0.4348  0.4s

=== P1E_S1_C2 test[0] k=5  dim=576  frames=215  σ=0.0 ===
  SSC-Block-TV: k_hat=5  ACC=0.9767  NMI=0.9449  ARI=0.9444  0.3s
  SSC-Block-TV-Col21: k_hat=5  ACC=0.9907  NMI=0.9763  ARI=0.9765  0.3s
  SSC-Block-TV-L1: k_hat=5  ACC=0.9767  NMI=0.9449  ARI=0.9444  0.3s

=== P1E_S1_C3 test[0] k=5  dim=576  frames=107  σ=0.0 ===
  SSC-Block-TV: k_hat=5  ACC=0.9720  NMI=0.9362  ARI=0.9269  0.1s
  SSC-Block-TV-Col21: k_hat=5  ACC=0.9720  NMI=0.9367  ARI=0.9286  0.1s
  SSC-Block-TV-L1: k_hat=5  ACC=0.9720  NMI=0.9362  ARI=0.9269  0.1s

=== P1E_S2_C1 test[0] k=5  dim=576  frames=241  σ=0.0 ===
  SSC-Block-TV: k_hat=5  ACC=0.6390  NMI=0.7147  ARI=0.4616  0.4s
  SSC-Block-TV-Col21: k_hat=5  ACC=0.6432  NMI=0.7163  ARI=0.4647  0.4s
  SSC-Block-TV-L1: k_hat=5  ACC=0.6473  NMI=0.7171  ARI=0.4669  0.3s

=== P1E_S2_C2 test[0] k=5  dim=576  frames=212  σ=0.0 ===
  SSC-Block-TV: k_hat=5  ACC=0.9623  NMI=0.9245  ARI=0.9124  0.3s
  SSC-Block-TV-Col21: k_hat=5  ACC=0.9764  NMI=0.9443  ARI=0.9433  0.3s
  SSC-Block-TV-L1: k_hat=5  ACC=0.9575  NMI=0.9190  ARI=0.9027  0.3s

=== P1E_S2_C3 test[0] k=5  dim=576  frames=154  σ=0.0 ===
  SSC-Block-TV: k_hat=5  ACC=0.9870  NMI=0.9643  ARI=0.9683  0.2s
  SSC-Block-TV-Col21: k_hat=5  ACC=0.9805  NMI=0.9524  ARI=0.9542  0.2s
  SSC-Block-TV-L1: k_hat=5  ACC=0.9805  NMI=0.9524  ARI=0.9542  0.2s

=== P1E_S3_C1 test[0] k=5  dim=576  frames=237  σ=0.0 ===
  SSC-Block-TV: k_hat=5  ACC=0.8861  NMI=0.8843  ARI=0.8324  0.4s
  SSC-Block-TV-Col21: k_hat=5  ACC=0.8861  NMI=0.8843  ARI=0.8324  0.4s
  SSC-Block-TV-L1: k_hat=5  ACC=0.8861  NMI=0.8843  ARI=0.8324  0.3s

=== P1E_S3_C2 test[0] k=5  dim=576  frames=188  σ=0.0 ===
  SSC-Block-TV: k_hat=5  ACC=0.9468  NMI=0.9103  ARI=0.8853  0.2s
  SSC-Block-TV-Col21: k_hat=5  ACC=0.9468  NMI=0.9103  ARI=0.8853  0.3s
  SSC-Block-TV-L1: k_hat=5  ACC=0.9468  NMI=0.9103  ARI=0.8853  0.2s

=== P1E_S3_C3 test[0] k=5  dim=576  frames=168  σ=0.0 ===
  SSC-Block-TV: k_hat=5  ACC=0.9940  NMI=0.9839  ARI=0.9886  0.2s
  SSC-Block-TV-Col21: k_hat=5  ACC=0.9881  NMI=0.9667  ARI=0.9741  0.2s
  SSC-Block-TV-L1: k_hat=5  ACC=0.9881  NMI=0.9667  ARI=0.9741  0.2s

=== P1E_S4_C1 test[0] k=5  dim=576  frames=217  σ=0.0 ===
  SSC-Block-TV: k_hat=5  ACC=0.8111  NMI=0.8574  ARI=0.7326  0.3s
  SSC-Block-TV-Col21: k_hat=5  ACC=0.7512  NMI=0.8106  ARI=0.7079  0.4s
  SSC-Block-TV-L1: k_hat=5  ACC=0.8203  NMI=0.8718  ARI=0.7438  0.3s

=== P1E_S4_C2 test[0] k=5  dim=576  frames=198  σ=0.0 ===
  SSC-Block-TV: k_hat=5  ACC=0.7020  NMI=0.8284  ARI=0.6603  0.3s
  SSC-Block-TV-Col21: k_hat=5  ACC=0.8535  NMI=0.8592  ARI=0.7691  0.3s
  SSC-Block-TV-L1: k_hat=5  ACC=0.8535  NMI=0.8592  ARI=0.7691  0.2s

=== P1E_S4_C3 test[0] k=5  dim=576  frames=147  σ=0.0 ===
  SSC-Block-TV: k_hat=5  ACC=0.7891  NMI=0.8661  ARI=0.7590  0.2s
  SSC-Block-TV-Col21: k_hat=5  ACC=0.7891  NMI=0.8661  ARI=0.7590  0.2s
  SSC-Block-TV-L1: k_hat=5  ACC=0.7891  NMI=0.8661  ARI=0.7590  0.1s

=== P1L_S1_C1 test[0] k=5  dim=576  frames=285  σ=0.0 ===
  SSC-Block-TV: k_hat=5  ACC=1.0000  NMI=1.0000  ARI=1.0000  0.5s
  SSC-Block-TV-Col21: k_hat=5  ACC=1.0000  NMI=1.0000  ARI=1.0000  0.6s
  SSC-Block-TV-L1: k_hat=5  ACC=1.0000  NMI=1.0000  ARI=1.0000  0.5s

=== P1L_S1_C2 test[0] k=5  dim=576  frames=270  σ=0.0 ===
  SSC-Block-TV: k_hat=5  ACC=1.0000  NMI=1.0000  ARI=1.0000  0.4s
  SSC-Block-TV-Col21: k_hat=5  ACC=1.0000  NMI=1.0000  ARI=1.0000  0.5s
  SSC-Block-TV-L1: k_hat=5  ACC=1.0000  NMI=1.0000  ARI=1.0000  0.4s

=== P1L_S1_C3 test[0] k=5  dim=576  frames=124  σ=0.0 ===
  SSC-Block-TV: k_hat=5  ACC=0.9919  NMI=0.9784  ARI=0.9780  0.1s
  SSC-Block-TV-Col21: k_hat=5  ACC=0.9919  NMI=0.9784  ARI=0.9780  0.1s
  SSC-Block-TV-L1: k_hat=5  ACC=0.9839  NMI=0.9578  ARI=0.9601  0.1s

=== P1L_S2_C1 test[0] k=5  dim=576  frames=265  σ=0.0 ===
  SSC-Block-TV: k_hat=5  ACC=0.9623  NMI=0.9300  ARI=0.8992  0.4s
  SSC-Block-TV-Col21: k_hat=5  ACC=1.0000  NMI=1.0000  ARI=1.0000  0.5s
  SSC-Block-TV-L1: k_hat=5  ACC=0.9623  NMI=0.9300  ARI=0.8992  0.4s

=== P1L_S2_C2 test[0] k=5  dim=576  frames=222  σ=0.0 ===
  SSC-Block-TV: k_hat=5  ACC=1.0000  NMI=1.0000  ARI=1.0000  0.3s
  SSC-Block-TV-Col21: k_hat=5  ACC=1.0000  NMI=1.0000  ARI=1.0000  0.4s
  SSC-Block-TV-L1: k_hat=5  ACC=1.0000  NMI=1.0000  ARI=1.0000  0.3s

=== P1L_S2_C3 test[0] k=5  dim=576  frames=179  σ=0.0 ===
  SSC-Block-TV: k_hat=5  ACC=0.9832  NMI=0.9647  ARI=0.9646  0.2s
  SSC-Block-TV-Col21: k_hat=5  ACC=0.9832  NMI=0.9647  ARI=0.9646  0.3s
  SSC-Block-TV-L1: k_hat=5  ACC=0.9832  NMI=0.9647  ARI=0.9646  0.2s

=== P1L_S3_C1 test[0] k=5  dim=576  frames=241  σ=0.0 ===
  SSC-Block-TV: k_hat=5  ACC=0.7967  NMI=0.7925  ARI=0.6377  0.4s
  SSC-Block-TV-Col21: k_hat=5  ACC=1.0000  NMI=1.0000  ARI=1.0000  0.4s
  SSC-Block-TV-L1: k_hat=5  ACC=0.8008  NMI=0.7935  ARI=0.6401  0.3s

=== P1L_S3_C2 test[0] k=5  dim=576  frames=290  σ=0.0 ===
  SSC-Block-TV: k_hat=5  ACC=0.7517  NMI=0.8594  ARI=0.7504  0.5s
  SSC-Block-TV-Col21: k_hat=5  ACC=0.6966  NMI=0.8449  ARI=0.6581  0.6s
  SSC-Block-TV-L1: k_hat=5  ACC=0.7793  NMI=0.8730  ARI=0.7600  0.5s

=== P1L_S3_C3 test[0] k=5  dim=576  frames=229  σ=0.0 ===
  SSC-Block-TV: k_hat=5  ACC=0.9913  NMI=0.9788  ARI=0.9843  0.3s
  SSC-Block-TV-Col21: k_hat=5  ACC=0.9956  NMI=0.9875  ARI=0.9920  0.4s
  SSC-Block-TV-L1: k_hat=5  ACC=0.9913  NMI=0.9788  ARI=0.9843  0.3s

=== P1L_S4_C1 test[0] k=5  dim=576  frames=344  σ=0.0 ===
  SSC-Block-TV: k_hat=5  ACC=0.5523  NMI=0.6984  ARI=0.4266  0.7s
  SSC-Block-TV-Col21: k_hat=5  ACC=0.9971  NMI=0.9906  ARI=0.9930  0.7s
  SSC-Block-TV-L1: k_hat=5  ACC=0.6424  NMI=0.7540  ARI=0.5379  0.7s

=== P1L_S4_C2 test[0] k=5  dim=576  frames=266  σ=0.0 ===
  SSC-Block-TV: k_hat=5  ACC=0.9887  NMI=0.9739  ARI=0.9772  0.4s
  SSC-Block-TV-Col21: k_hat=5  ACC=0.9925  NMI=0.9807  ARI=0.9847  0.5s
  SSC-Block-TV-L1: k_hat=5  ACC=1.0000  NMI=1.0000  ARI=1.0000  0.4s

=== P1L_S4_C3 test[0] k=5  dim=576  frames=185  σ=0.0 ===
  SSC-Block-TV: k_hat=5  ACC=0.9892  NMI=0.9741  ARI=0.9749  0.2s
  SSC-Block-TV-Col21: k_hat=5  ACC=0.9892  NMI=0.9741  ARI=0.9749  0.3s
  SSC-Block-TV-L1: k_hat=5  ACC=0.9892  NMI=0.9741  ARI=0.9749  0.2s

=== mean over matrices ===
  SSC-Block-TV train σ=0.0: ACC=0.8362  NMI=0.8629  ARI=0.7665  n=96
  SSC-Block-TV-Col21 train σ=0.0: ACC=0.8384  NMI=0.8627  ARI=0.7637  n=96
  SSC-Block-TV-L1 train σ=0.0: ACC=0.8405  NMI=0.8673  ARI=0.7737  n=96
  SSC-Block-TV test σ=0.0: ACC=0.8855  NMI=0.9031  ARI=0.8375  n=24
  SSC-Block-TV-Col21 test σ=0.0: ACC=0.9168  NMI=0.9272  ARI=0.8823  n=24
  SSC-Block-TV-L1 test σ=0.0: ACC=0.8969  NMI=0.9067  ARI=0.8464  n=24

wrote /nfs/turbo/umms-minjilab/lpullela/icassp_ssc_tv2/surveillance_dataset/split_k5_clean_min30_trials10_knownk_scaled_k5_variants.csv
wrote /nfs/turbo/umms-minjilab/lpullela/icassp_ssc_tv2/surveillance_dataset/split_k5_clean_min30_trials10_knownk_scaled_params_k5_variants.json
end=Fri Sep  4 23:14:27 EDT 2026
Experiment completed!
