========================================
Job: ssc_block_surveillance_k8
Dataset: surveillance
K: 8
known_k: True
extra_args: --sigmas 0.0
Methods: SSC-Block-TV SSC-Block-TV-Col21 SSC-Block-TV-L1
========================================
host=gl3048.arc-ts.umich.edu  python=/home/lpullela/miniconda3/envs/ssc_559/bin/python  start=Fri Sep  4 22:38:52 EDT 2026
Loading P1E_S1_C1
  Y: (576, 1236)  people=25  frames/person=[60, 61, 50, 48, 51, 35, 41, 56, 55, 49, 65, 50, 63, 38, 61, 48, 50, 49, 50, 30, 42, 60, 32, 39, 53]  min=30
Loading P1E_S1_C2
  Y: (576, 1031)  people=25  frames/person=[42, 48, 31, 35, 50, 45, 30, 32, 38, 40, 61, 41, 47, 33, 46, 36, 41, 45, 42, 36, 33, 50, 53, 33, 43]  min=30
Loading P1E_S1_C3
  Y: (576, 453)  people=25  frames/person=[15, 22, 16, 16, 17, 13, 14, 19, 14, 25, 26, 12, 21, 18, 22, 19, 13, 19, 16, 15, 8, 15, 30, 20, 28]  min=8
  warning: 24 people have fewer than 30 available frames (kept all)
Loading P1E_S2_C1
  Y: (576, 1256)  people=25  frames/person=[65, 50, 50, 51, 53, 48, 49, 60, 33, 48, 61, 58, 52, 32, 55, 35, 45, 53, 40, 53, 51, 65, 64, 42, 43]  min=32
Loading P1E_S2_C2
  Y: (576, 1042)  people=25  frames/person=[33, 48, 38, 41, 53, 36, 39, 47, 51, 36, 55, 44, 43, 25, 42, 41, 37, 45, 41, 38, 40, 54, 49, 33, 33]  min=25
  warning: 1 people have fewer than 30 available frames (kept all)
Loading P1E_S2_C3
  Y: (576, 816)  people=25  frames/person=[36, 33, 28, 32, 42, 37, 31, 36, 31, 23, 42, 36, 35, 20, 33, 33, 32, 32, 32, 29, 32, 42, 38, 27, 24]  min=20
  warning: 6 people have fewer than 30 available frames (kept all)
Loading P1E_S3_C1
  Y: (576, 1255)  people=25  frames/person=[43, 39, 47, 52, 58, 96, 42, 31, 79, 33, 67, 55, 44, 34, 40, 48, 54, 77, 45, 41, 46, 53, 56, 38, 37]  min=31
Loading P1E_S3_C2
  Y: (576, 1126)  people=25  frames/person=[57, 56, 35, 40, 49, 75, 34, 40, 70, 26, 65, 54, 43, 28, 32, 43, 48, 31, 36, 33, 42, 71, 57, 30, 31]  min=26
  warning: 2 people have fewer than 30 available frames (kept all)
Loading P1E_S3_C3
  Y: (576, 866)  people=25  frames/person=[43, 36, 24, 33, 37, 47, 29, 37, 55, 18, 40, 40, 31, 22, 30, 39, 35, 45, 30, 28, 30, 50, 42, 20, 25]  min=18
  warning: 7 people have fewer than 30 available frames (kept all)
Loading P1E_S4_C1
  Y: (576, 1247)  people=25  frames/person=[58, 54, 34, 56, 50, 59, 50, 56, 74, 38, 75, 35, 46, 31, 53, 40, 57, 32, 56, 33, 48, 67, 59, 48, 38]  min=31
Loading P1E_S4_C2
  Y: (576, 1051)  people=25  frames/person=[37, 37, 41, 46, 41, 49, 38, 45, 65, 30, 39, 48, 50, 34, 43, 36, 47, 52, 45, 37, 38, 50, 30, 37, 36]  min=30
Loading P1E_S4_C3
  Y: (576, 719)  people=25  frames/person=[28, 29, 22, 29, 24, 36, 31, 29, 33, 25, 37, 19, 28, 21, 25, 27, 25, 41, 27, 29, 26, 31, 45, 29, 23]  min=19
  warning: 18 people have fewer than 30 available frames (kept all)
Loading P1L_S1_C1
  Y: (576, 1391)  people=25  frames/person=[65, 68, 43, 64, 47, 40, 58, 33, 75, 41, 58, 72, 58, 49, 66, 67, 65, 43, 59, 57, 58, 51, 67, 32, 55]  min=32
Loading P1L_S1_C2
  Y: (576, 1309)  people=25  frames/person=[30, 65, 37, 63, 66, 54, 52, 52, 43, 49, 71, 49, 58, 48, 54, 66, 56, 36, 48, 49, 55, 66, 52, 39, 51]  min=30
Loading P1L_S1_C3
  Y: (576, 565)  people=25  frames/person=[27, 29, 20, 26, 19, 25, 22, 12, 28, 25, 20, 25, 23, 18, 21, 23, 25, 26, 23, 21, 18, 18, 30, 18, 23]  min=12
  warning: 24 people have fewer than 30 available frames (kept all)
Loading P1L_S2_C1
  Y: (576, 1470)  people=25  frames/person=[73, 68, 53, 64, 65, 41, 73, 55, 37, 31, 82, 75, 63, 45, 34, 48, 74, 84, 71, 64, 62, 65, 48, 33, 62]  min=31
Loading P1L_S2_C2
  Y: (576, 1393)  people=25  frames/person=[64, 65, 49, 62, 69, 69, 63, 61, 80, 34, 89, 57, 53, 52, 55, 38, 30, 30, 66, 36, 57, 51, 73, 41, 49]  min=30
Loading P1L_S2_C3
  Y: (576, 897)  people=25  frames/person=[40, 36, 29, 28, 35, 37, 36, 36, 50, 28, 55, 46, 34, 31, 35, 32, 30, 48, 37, 29, 36, 39, 45, 19, 26]  min=19
  warning: 6 people have fewer than 30 available frames (kept all)
Loading P1L_S3_C1
  Y: (576, 1329)  people=25  frames/person=[31, 33, 30, 51, 74, 75, 59, 65, 66, 43, 47, 39, 65, 50, 58, 71, 67, 36, 57, 35, 62, 31, 74, 59, 51]  min=30
Loading P1L_S3_C2
  Y: (576, 1472)  people=25  frames/person=[78, 38, 48, 51, 54, 71, 61, 71, 32, 50, 75, 38, 72, 63, 48, 67, 49, 87, 52, 56, 58, 85, 73, 56, 39]  min=32
Loading P1L_S3_C3
  Y: (576, 1105)  people=25  frames/person=[48, 44, 38, 38, 39, 45, 35, 55, 52, 26, 81, 39, 36, 36, 44, 54, 42, 61, 38, 31, 34, 53, 51, 44, 41]  min=26
  warning: 1 people have fewer than 30 available frames (kept all)
Loading P1L_S4_C1
  Y: (576, 1443)  people=25  frames/person=[50, 69, 44, 41, 78, 43, 32, 71, 45, 65, 59, 39, 56, 57, 68, 69, 70, 73, 51, 63, 47, 70, 57, 52, 74]  min=32
Loading P1L_S4_C2
  Y: (576, 1327)  people=25  frames/person=[71, 34, 39, 54, 63, 67, 52, 39, 52, 56, 59, 50, 51, 53, 63, 50, 71, 63, 48, 35, 31, 71, 43, 52, 60]  min=31
Loading P1L_S4_C3
  Y: (576, 880)  people=25  frames/person=[37, 41, 23, 26, 32, 34, 22, 32, 50, 29, 38, 44, 31, 34, 37, 39, 39, 39, 38, 26, 25, 50, 41, 33, 40]  min=22
  warning: 6 people have fewer than 30 available frames (kept all)
sequences=24  people=25  k=8
frames/person ~ Unif[30, 100]
down_hw=24  sigmas=(0.0,)  n_trials=10  known_k=True  csv=split_k8_clean_min30_trials10_knownk_scaled_k8_variants.csv
SSC-Block-TV block_size searched in [2, 12]
train 0 k=8  people=['0004', '0006', '0009', '0013', '0014', '0022', '0026', '0027']
train 1 k=8  people=['0001', '0005', '0011', '0015', '0019', '0023', '0024', '0025']
test    k=8  people=['0003', '0007', '0010', '0012', '0016', '0017', '0020', '0021']
methods=['SSC-Block-TV', 'SSC-Block-TV-Col21', 'SSC-Block-TV-L1']  append=False  hetero_noise=False  no_tune=False
σ=0.0: train mats=48  test mats=24
pooled train mats for tuning=48

============================================================
--- tune SSC-Block-TV over 48 train mats  n_trials=20 (4 params) ---
  SSC-Block-TV trial 0: mean ARI=0.6245  n=48  77.4s  lambda_e=1, lambda_z=0.1, gamma_q=0.1, block_size=5
  SSC-Block-TV trial 1: mean ARI=0.6864  n=48  70.3s  lambda_e=0.443, lambda_z=0.7257, gamma_q=0.2577, block_size=7
  SSC-Block-TV trial 2: mean ARI=0.7474  n=48  75.7s  lambda_e=0.1866, lambda_z=0.3833, gamma_q=0.05628, block_size=11
  SSC-Block-TV trial 3: mean ARI=0.4567  n=48  75.2s  lambda_e=7.78, lambda_z=0.03418, gamma_q=1.469, block_size=7
  SSC-Block-TV trial 4: mean ARI=0.6461  n=48  97.4s  lambda_e=0.506, lambda_z=5.039, gamma_q=0.001924, block_size=2
  SSC-Block-TV trial 5: mean ARI=0.4553  n=48  76.8s  lambda_e=0.0115, lambda_z=2.14, gamma_q=1.296, block_size=11
  SSC-Block-TV trial 6: mean ARI=0.7258  n=48  71.6s  lambda_e=8.627, lambda_z=1.573, gamma_q=0.07013, block_size=10
  SSC-Block-TV trial 7: mean ARI=0.7777  n=48  65.4s  lambda_e=0.02264, lambda_z=0.3628, gamma_q=0.003745, block_size=12
  SSC-Block-TV trial 8: mean ARI=0.7550  n=48  83.5s  lambda_e=0.3677, lambda_z=0.04557, gamma_q=0.01143, block_size=10
  SSC-Block-TV trial 9: mean ARI=0.7901  n=48  104.8s  lambda_e=0.2336, lambda_z=0.1878, gamma_q=0.001189, block_size=8
  SSC-Block-TV trial 10: mean ARI=0.5745  n=48  76.5s  lambda_e=0.06732, lambda_z=0.001648, gamma_q=6.473, block_size=2
  SSC-Block-TV trial 11: mean ARI=0.8002  n=48  60.7s  lambda_e=0.01211, lambda_z=0.1589, gamma_q=0.001276, block_size=8
  SSC-Block-TV trial 12: mean ARI=0.7679  n=48  60.8s  lambda_e=0.054, lambda_z=0.00525, gamma_q=0.001024, block_size=8
  SSC-Block-TV trial 13: mean ARI=0.8074  n=48  63.1s  lambda_e=2.603, lambda_z=0.1129, gamma_q=0.006548, block_size=5
  SSC-Block-TV trial 14: mean ARI=0.7458  n=48  64.9s  lambda_e=2.709, lambda_z=0.01434, gamma_q=0.008726, block_size=4
  SSC-Block-TV trial 15: mean ARI=0.7935  n=48  62.7s  lambda_e=1.697, lambda_z=0.0804, gamma_q=0.01234, block_size=5
  SSC-Block-TV trial 16: mean ARI=0.7746  n=48  64.0s  lambda_e=0.08427, lambda_z=0.0159, gamma_q=0.005477, block_size=4
  SSC-Block-TV trial 17: mean ARI=0.6144  n=48  60.8s  lambda_e=3.973, lambda_z=9.32, gamma_q=0.02998, block_size=6
  SSC-Block-TV trial 18: mean ARI=0.7999  n=48  68.1s  lambda_e=0.01159, lambda_z=0.2212, gamma_q=0.003293, block_size=9
  SSC-Block-TV trial 19: mean ARI=0.8315  n=48  107.5s  lambda_e=0.03309, lambda_z=0.801, gamma_q=0.02037, block_size=3
  best mean ARI=0.8315  tune 1487.4s  lambda_e=0.03309, lambda_z=0.801, gamma_q=0.02037, block_size=3
  wrote /nfs/turbo/umms-minjilab/lpullela/icassp_ssc_tv2/surveillance_dataset/split_k8_clean_min30_trials10_knownk_scaled_params_k8_variants.json

============================================================
--- tune SSC-Block-TV-Col21 over 48 train mats  n_trials=20 (4 params) ---
  SSC-Block-TV-Col21 trial 0: mean ARI=0.6245  n=48  100.5s  lambda_e=1, lambda_z=0.1, gamma_q=0.1, block_size=5
  SSC-Block-TV-Col21 trial 1: mean ARI=0.6896  n=48  101.2s  lambda_e=0.443, lambda_z=0.7257, gamma_q=0.2577, block_size=7
  SSC-Block-TV-Col21 trial 2: mean ARI=0.7488  n=48  99.4s  lambda_e=0.1866, lambda_z=0.3833, gamma_q=0.05628, block_size=11
  SSC-Block-TV-Col21 trial 3: mean ARI=0.4567  n=48  100.8s  lambda_e=7.78, lambda_z=0.03418, gamma_q=1.469, block_size=7
  SSC-Block-TV-Col21 trial 4: mean ARI=0.6429  n=48  107.8s  lambda_e=0.506, lambda_z=5.039, gamma_q=0.001924, block_size=2
  SSC-Block-TV-Col21 trial 5: mean ARI=0.4843  n=48  99.6s  lambda_e=0.0115, lambda_z=2.14, gamma_q=1.296, block_size=11
  SSC-Block-TV-Col21 trial 6: mean ARI=0.7258  n=48  97.7s  lambda_e=8.627, lambda_z=1.573, gamma_q=0.07013, block_size=10
  SSC-Block-TV-Col21 trial 7: mean ARI=0.7840  n=48  95.1s  lambda_e=0.02264, lambda_z=0.3628, gamma_q=0.003745, block_size=12
  SSC-Block-TV-Col21 trial 8: mean ARI=0.7550  n=48  90.1s  lambda_e=0.3677, lambda_z=0.04557, gamma_q=0.01143, block_size=10
  SSC-Block-TV-Col21 trial 9: mean ARI=0.7901  n=48  64.8s  lambda_e=0.2336, lambda_z=0.1878, gamma_q=0.001189, block_size=8
  SSC-Block-TV-Col21 trial 10: mean ARI=0.5745  n=48  66.9s  lambda_e=0.06732, lambda_z=0.001648, gamma_q=6.473, block_size=2
  SSC-Block-TV-Col21 trial 11: mean ARI=0.7991  n=48  66.0s  lambda_e=0.01211, lambda_z=0.1589, gamma_q=0.001276, block_size=8
  SSC-Block-TV-Col21 trial 12: mean ARI=0.7679  n=48  74.3s  lambda_e=0.054, lambda_z=0.00525, gamma_q=0.001024, block_size=8
  SSC-Block-TV-Col21 trial 13: mean ARI=0.8074  n=48  64.2s  lambda_e=2.603, lambda_z=0.1129, gamma_q=0.006548, block_size=5
  SSC-Block-TV-Col21 trial 14: mean ARI=0.7458  n=48  64.4s  lambda_e=2.709, lambda_z=0.01434, gamma_q=0.008726, block_size=4
  SSC-Block-TV-Col21 trial 15: mean ARI=0.7935  n=48  68.0s  lambda_e=1.697, lambda_z=0.0804, gamma_q=0.01234, block_size=5
  SSC-Block-TV-Col21 trial 16: mean ARI=0.7746  n=48  74.2s  lambda_e=0.08427, lambda_z=0.0159, gamma_q=0.005477, block_size=4
  SSC-Block-TV-Col21 trial 17: mean ARI=0.6144  n=48  74.9s  lambda_e=3.973, lambda_z=9.32, gamma_q=0.02998, block_size=6
  SSC-Block-TV-Col21 trial 18: mean ARI=0.8108  n=48  65.2s  lambda_e=0.01159, lambda_z=0.2212, gamma_q=0.003293, block_size=9
  SSC-Block-TV-Col21 trial 19: mean ARI=0.7915  n=48  94.9s  lambda_e=0.03146, lambda_z=0.6212, gamma_q=0.02584, block_size=9
  best mean ARI=0.8108  tune 1670.1s  lambda_e=0.01159, lambda_z=0.2212, gamma_q=0.003293, block_size=9
  wrote /nfs/turbo/umms-minjilab/lpullela/icassp_ssc_tv2/surveillance_dataset/split_k8_clean_min30_trials10_knownk_scaled_params_k8_variants.json

============================================================
--- tune SSC-Block-TV-L1 over 48 train mats  n_trials=20 (4 params) ---
  SSC-Block-TV-L1 trial 0: mean ARI=0.6245  n=48  90.7s  lambda_e=1, lambda_z=0.1, gamma_q=0.1, block_size=5
  SSC-Block-TV-L1 trial 1: mean ARI=0.6896  n=48  87.0s  lambda_e=0.443, lambda_z=0.7257, gamma_q=0.2577, block_size=7
  SSC-Block-TV-L1 trial 2: mean ARI=0.7488  n=48  56.7s  lambda_e=0.1866, lambda_z=0.3833, gamma_q=0.05628, block_size=11
  SSC-Block-TV-L1 trial 3: mean ARI=0.4567  n=48  56.8s  lambda_e=7.78, lambda_z=0.03418, gamma_q=1.469, block_size=7
  SSC-Block-TV-L1 trial 4: mean ARI=0.6406  n=48  70.4s  lambda_e=0.506, lambda_z=5.039, gamma_q=0.001924, block_size=2
  SSC-Block-TV-L1 trial 5: mean ARI=0.6413  n=48  56.8s  lambda_e=0.0115, lambda_z=2.14, gamma_q=1.296, block_size=11
  SSC-Block-TV-L1 trial 6: mean ARI=0.7258  n=48  57.8s  lambda_e=8.627, lambda_z=1.573, gamma_q=0.07013, block_size=10
  SSC-Block-TV-L1 trial 7: mean ARI=0.7786  n=48  63.9s  lambda_e=0.02264, lambda_z=0.3628, gamma_q=0.003745, block_size=12
  SSC-Block-TV-L1 trial 8: mean ARI=0.7550  n=48  57.8s  lambda_e=0.3677, lambda_z=0.04557, gamma_q=0.01143, block_size=10
  SSC-Block-TV-L1 trial 9: mean ARI=0.7901  n=48  56.3s  lambda_e=0.2336, lambda_z=0.1878, gamma_q=0.001189, block_size=8
  SSC-Block-TV-L1 trial 10: mean ARI=0.5745  n=48  60.0s  lambda_e=0.06732, lambda_z=0.001648, gamma_q=6.473, block_size=2
  SSC-Block-TV-L1 trial 11: mean ARI=0.7802  n=48  55.3s  lambda_e=0.01211, lambda_z=0.1589, gamma_q=0.001276, block_size=8
  SSC-Block-TV-L1 trial 12: mean ARI=0.7679  n=48  72.9s  lambda_e=0.054, lambda_z=0.00525, gamma_q=0.001024, block_size=8
  SSC-Block-TV-L1 trial 13: mean ARI=0.8074  n=48  69.4s  lambda_e=2.603, lambda_z=0.1129, gamma_q=0.006548, block_size=5
  SSC-Block-TV-L1 trial 14: mean ARI=0.7492  n=48  71.2s  lambda_e=2.429, lambda_z=0.01434, gamma_q=0.008442, block_size=4
  SSC-Block-TV-L1 trial 15: mean ARI=0.7991  n=48  84.1s  lambda_e=2.418, lambda_z=0.128, gamma_q=0.0119, block_size=5
  SSC-Block-TV-L1 trial 16: mean ARI=0.6850  n=48  62.6s  lambda_e=2.767, lambda_z=0.01391, gamma_q=0.01802, block_size=4
  SSC-Block-TV-L1 trial 17: mean ARI=0.7414  n=48  57.3s  lambda_e=2.27, lambda_z=0.06242, gamma_q=0.02862, block_size=5
  SSC-Block-TV-L1 trial 18: mean ARI=0.7836  n=48  74.0s  lambda_e=1.112, lambda_z=0.01871, gamma_q=0.004978, block_size=6
  SSC-Block-TV-L1 trial 19: mean ARI=0.7312  n=48  59.1s  lambda_e=4.383, lambda_z=8.967, gamma_q=0.254, block_size=3
  best mean ARI=0.8074  tune 1320.0s  lambda_e=2.603, lambda_z=0.1129, gamma_q=0.006548, block_size=5
  wrote /nfs/turbo/umms-minjilab/lpullela/icassp_ssc_tv2/surveillance_dataset/split_k8_clean_min30_trials10_knownk_scaled_params_k8_variants.json

=== P1E_S1_C1 train[0] k=8  dim=576  frames=379  σ=0.0 ===
  SSC-Block-TV: k_hat=8  ACC=0.8839  NMI=0.9400  ARI=0.8739  1.5s
  SSC-Block-TV-Col21: k_hat=8  ACC=0.8338  NMI=0.9226  ARI=0.7878  1.4s
  SSC-Block-TV-L1: k_hat=8  ACC=0.8338  NMI=0.8812  ARI=0.7348  1.2s

=== P1E_S1_C1 train[1] k=8  dim=576  frames=410  σ=0.0 ===
  SSC-Block-TV: k_hat=8  ACC=0.8293  NMI=0.9325  ARI=0.8224  1.7s
  SSC-Block-TV-Col21: k_hat=8  ACC=0.6171  NMI=0.8112  ARI=0.5883  1.5s
  SSC-Block-TV-L1: k_hat=8  ACC=0.7927  NMI=0.8822  ARI=0.7458  1.4s

=== P1E_S1_C2 train[0] k=8  dim=576  frames=325  σ=0.0 ===
  SSC-Block-TV: k_hat=8  ACC=0.9785  NMI=0.9611  ARI=0.9456  1.1s
  SSC-Block-TV-Col21: k_hat=8  ACC=0.9754  NMI=0.9578  ARI=0.9379  1.0s
  SSC-Block-TV-L1: k_hat=8  ACC=0.9754  NMI=0.9578  ARI=0.9379  0.9s

=== P1E_S1_C2 train[1] k=8  dim=576  frames=339  σ=0.0 ===
  SSC-Block-TV: k_hat=8  ACC=0.8289  NMI=0.9328  ARI=0.8494  1.2s
  SSC-Block-TV-Col21: k_hat=8  ACC=0.7935  NMI=0.9013  ARI=0.7915  1.1s
  SSC-Block-TV-L1: k_hat=8  ACC=0.7906  NMI=0.8943  ARI=0.7845  1.0s

=== P1E_S1_C3 train[0] k=8  dim=576  frames=148  σ=0.0 ===
  SSC-Block-TV: k_hat=8  ACC=0.8784  NMI=0.9341  ARI=0.8626  0.3s
  SSC-Block-TV-Col21: k_hat=8  ACC=0.8108  NMI=0.9050  ARI=0.7916  0.3s
  SSC-Block-TV-L1: k_hat=8  ACC=0.7973  NMI=0.8731  ARI=0.7503  0.2s

=== P1E_S1_C3 train[1] k=8  dim=576  frames=132  σ=0.0 ===
  SSC-Block-TV: k_hat=8  ACC=0.6742  NMI=0.7952  ARI=0.6650  0.3s
  SSC-Block-TV-Col21: k_hat=8  ACC=0.8333  NMI=0.8830  ARI=0.7645  0.2s
  SSC-Block-TV-L1: k_hat=8  ACC=0.8182  NMI=0.8578  ARI=0.7679  0.2s

=== P1E_S2_C1 train[0] k=8  dim=576  frames=409  σ=0.0 ===
  SSC-Block-TV: k_hat=8  ACC=0.9193  NMI=0.9023  ARI=0.8338  1.7s
  SSC-Block-TV-Col21: k_hat=8  ACC=0.7139  NMI=0.7918  ARI=0.6041  1.6s
  SSC-Block-TV-L1: k_hat=8  ACC=0.7188  NMI=0.7933  ARI=0.6093  1.4s

=== P1E_S2_C1 train[1] k=8  dim=576  frames=426  σ=0.0 ===
  SSC-Block-TV: k_hat=8  ACC=0.8474  NMI=0.9207  ARI=0.8340  1.8s
  SSC-Block-TV-Col21: k_hat=8  ACC=0.7629  NMI=0.8691  ARI=0.7220  1.7s
  SSC-Block-TV-L1: k_hat=8  ACC=0.8474  NMI=0.9259  ARI=0.8369  1.5s

=== P1E_S2_C2 train[0] k=8  dim=576  frames=333  σ=0.0 ===
  SSC-Block-TV: k_hat=8  ACC=0.9910  NMI=0.9813  ARI=0.9796  1.2s
  SSC-Block-TV-Col21: k_hat=8  ACC=0.9369  NMI=0.9154  ARI=0.8605  1.1s
  SSC-Block-TV-L1: k_hat=8  ACC=0.9850  NMI=0.9728  ARI=0.9687  1.0s

=== P1E_S2_C2 train[1] k=8  dim=576  frames=348  σ=0.0 ===
  SSC-Block-TV: k_hat=8  ACC=0.9713  NMI=0.9581  ARI=0.9362  1.3s
  SSC-Block-TV-Col21: k_hat=8  ACC=0.9684  NMI=0.9558  ARI=0.9304  1.2s
  SSC-Block-TV-L1: k_hat=8  ACC=0.9684  NMI=0.9543  ARI=0.9306  1.1s

=== P1E_S2_C3 train[0] k=8  dim=576  frames=259  σ=0.0 ===
  SSC-Block-TV: k_hat=8  ACC=1.0000  NMI=1.0000  ARI=1.0000  0.8s
  SSC-Block-TV-Col21: k_hat=8  ACC=1.0000  NMI=1.0000  ARI=1.0000  0.7s
  SSC-Block-TV-L1: k_hat=8  ACC=0.9923  NMI=0.9854  ARI=0.9808  0.6s

=== P1E_S2_C3 train[1] k=8  dim=576  frames=278  σ=0.0 ===
  SSC-Block-TV: k_hat=8  ACC=0.7626  NMI=0.8676  ARI=0.7072  0.9s
  SSC-Block-TV-Col21: k_hat=8  ACC=0.9353  NMI=0.9311  ARI=0.8787  0.8s
  SSC-Block-TV-L1: k_hat=8  ACC=0.7698  NMI=0.8701  ARI=0.7136  0.7s

=== P1E_S3_C1 train[0] k=8  dim=576  frames=385  σ=0.0 ===
  SSC-Block-TV: k_hat=8  ACC=0.5247  NMI=0.7272  ARI=0.4037  1.6s
  SSC-Block-TV-Col21: k_hat=8  ACC=0.5351  NMI=0.7315  ARI=0.4245  1.5s
  SSC-Block-TV-L1: k_hat=8  ACC=0.5273  NMI=0.7283  ARI=0.4056  1.4s

=== P1E_S3_C1 train[1] k=8  dim=576  frames=427  σ=0.0 ===
  SSC-Block-TV: k_hat=8  ACC=0.7447  NMI=0.8431  ARI=0.6671  2.0s
  SSC-Block-TV-Col21: k_hat=8  ACC=0.7354  NMI=0.8330  ARI=0.6446  1.8s
  SSC-Block-TV-L1: k_hat=8  ACC=0.7330  NMI=0.8326  ARI=0.6435  1.7s

=== P1E_S3_C2 train[0] k=8  dim=576  frames=331  σ=0.0 ===
  SSC-Block-TV: k_hat=8  ACC=0.7976  NMI=0.8750  ARI=0.7615  1.2s
  SSC-Block-TV-Col21: k_hat=8  ACC=0.8066  NMI=0.8837  ARI=0.7758  1.2s
  SSC-Block-TV-L1: k_hat=8  ACC=0.7553  NMI=0.8275  ARI=0.6110  1.0s

=== P1E_S3_C2 train[1] k=8  dim=576  frames=428  σ=0.0 ===
  SSC-Block-TV: k_hat=8  ACC=0.6869  NMI=0.8093  ARI=0.6227  1.9s
  SSC-Block-TV-Col21: k_hat=8  ACC=0.7056  NMI=0.8147  ARI=0.6361  1.7s
  SSC-Block-TV-L1: k_hat=8  ACC=0.6332  NMI=0.7947  ARI=0.5773  1.6s

=== P1E_S3_C3 train[0] k=8  dim=576  frames=243  σ=0.0 ===
  SSC-Block-TV: k_hat=8  ACC=0.9877  NMI=0.9765  ARI=0.9739  0.7s
  SSC-Block-TV-Col21: k_hat=8  ACC=0.9877  NMI=0.9765  ARI=0.9739  0.7s
  SSC-Block-TV-L1: k_hat=8  ACC=0.9877  NMI=0.9765  ARI=0.9739  0.6s

=== P1E_S3_C3 train[1] k=8  dim=576  frames=319  σ=0.0 ===
  SSC-Block-TV: k_hat=8  ACC=0.7806  NMI=0.8505  ARI=0.6811  1.2s
  SSC-Block-TV-Col21: k_hat=8  ACC=0.8119  NMI=0.8880  ARI=0.7610  1.1s
  SSC-Block-TV-L1: k_hat=8  ACC=0.8088  NMI=0.8802  ARI=0.7522  1.0s

=== P1E_S4_C1 train[0] k=8  dim=576  frames=363  σ=0.0 ===
  SSC-Block-TV: k_hat=8  ACC=0.7769  NMI=0.8865  ARI=0.7280  2.3s
  SSC-Block-TV-Col21: k_hat=8  ACC=0.7658  NMI=0.8801  ARI=0.7148  2.2s
  SSC-Block-TV-L1: k_hat=8  ACC=0.7658  NMI=0.8801  ARI=0.7148  1.9s

=== P1E_S4_C1 train[1] k=8  dim=576  frames=465  σ=0.0 ===
  SSC-Block-TV: k_hat=8  ACC=0.8473  NMI=0.9342  ARI=0.8472  3.5s
  SSC-Block-TV-Col21: k_hat=8  ACC=0.8108  NMI=0.8873  ARI=0.7655  3.3s
  SSC-Block-TV-L1: k_hat=8  ACC=0.7957  NMI=0.8796  ARI=0.7401  2.9s

=== P1E_S4_C2 train[0] k=8  dim=576  frames=317  σ=0.0 ===
  SSC-Block-TV: k_hat=8  ACC=0.9905  NMI=0.9837  ARI=0.9790  1.9s
  SSC-Block-TV-Col21: k_hat=8  ACC=0.9937  NMI=0.9879  ARI=0.9858  1.8s
  SSC-Block-TV-L1: k_hat=8  ACC=0.9968  NMI=0.9929  ARI=0.9928  1.5s

=== P1E_S4_C2 train[1] k=8  dim=576  frames=363  σ=0.0 ===
  SSC-Block-TV: k_hat=8  ACC=0.8072  NMI=0.8927  ARI=0.7714  2.4s
  SSC-Block-TV-Col21: k_hat=8  ACC=0.8072  NMI=0.8976  ARI=0.7781  2.2s
  SSC-Block-TV-L1: k_hat=8  ACC=0.8017  NMI=0.8926  ARI=0.7711  1.9s

=== P1E_S4_C3 train[0] k=8  dim=576  frames=214  σ=0.0 ===
  SSC-Block-TV: k_hat=8  ACC=0.9673  NMI=0.9469  ARI=0.9231  1.1s
  SSC-Block-TV-Col21: k_hat=8  ACC=0.9860  NMI=0.9742  ARI=0.9695  1.0s
  SSC-Block-TV-L1: k_hat=8  ACC=0.9720  NMI=0.9473  ARI=0.9329  0.8s

=== P1E_S4_C3 train[1] k=8  dim=576  frames=245  σ=0.0 ===
  SSC-Block-TV: k_hat=8  ACC=0.9551  NMI=0.9380  ARI=0.9129  1.3s
  SSC-Block-TV-Col21: k_hat=8  ACC=0.9592  NMI=0.9407  ARI=0.9185  1.2s
  SSC-Block-TV-L1: k_hat=8  ACC=0.9551  NMI=0.9380  ARI=0.9129  1.0s

=== P1L_S1_C1 train[0] k=8  dim=576  frames=422  σ=0.0 ===
  SSC-Block-TV: k_hat=8  ACC=0.8863  NMI=0.9308  ARI=0.8156  3.0s
  SSC-Block-TV-Col21: k_hat=8  ACC=0.8839  NMI=0.9307  ARI=0.8146  2.7s
  SSC-Block-TV-L1: k_hat=8  ACC=0.8815  NMI=0.9307  ARI=0.8138  2.5s

=== P1L_S1_C1 train[1] k=8  dim=576  frames=503  σ=0.0 ===
  SSC-Block-TV: k_hat=8  ACC=1.0000  NMI=1.0000  ARI=1.0000  3.0s
  SSC-Block-TV-Col21: k_hat=8  ACC=0.9821  NMI=0.9689  ARI=0.9594  3.9s
  SSC-Block-TV-L1: k_hat=8  ACC=1.0000  NMI=1.0000  ARI=1.0000  3.5s

=== P1L_S1_C2 train[0] k=8  dim=576  frames=414  σ=0.0 ===
  SSC-Block-TV: k_hat=8  ACC=0.9952  NMI=0.9901  ARI=0.9900  2.9s
  SSC-Block-TV-Col21: k_hat=8  ACC=0.9903  NMI=0.9799  ARI=0.9779  2.6s
  SSC-Block-TV-L1: k_hat=8  ACC=0.9928  NMI=0.9842  ARI=0.9839  2.4s

=== P1L_S1_C2 train[1] k=8  dim=576  frames=423  σ=0.0 ===
  SSC-Block-TV: k_hat=8  ACC=0.9125  NMI=0.9141  ARI=0.8405  3.0s
  SSC-Block-TV-Col21: k_hat=8  ACC=0.9291  NMI=0.9264  ARI=0.8672  2.8s
  SSC-Block-TV-L1: k_hat=8  ACC=0.9291  NMI=0.9264  ARI=0.8672  2.5s

=== P1L_S1_C3 train[0] k=8  dim=576  frames=168  σ=0.0 ===
  SSC-Block-TV: k_hat=8  ACC=0.9405  NMI=0.9483  ARI=0.8842  0.7s
  SSC-Block-TV-Col21: k_hat=8  ACC=0.9345  NMI=0.9462  ARI=0.8768  0.6s
  SSC-Block-TV-L1: k_hat=8  ACC=0.9405  NMI=0.9483  ARI=0.8842  0.6s

=== P1L_S1_C3 train[1] k=8  dim=576  frames=195  σ=0.0 ===
  SSC-Block-TV: k_hat=8  ACC=0.7436  NMI=0.8340  ARI=0.6654  0.9s
  SSC-Block-TV-Col21: k_hat=8  ACC=0.8359  NMI=0.9143  ARI=0.8114  0.9s
  SSC-Block-TV-L1: k_hat=8  ACC=0.7744  NMI=0.8755  ARI=0.7312  0.7s

=== P1L_S2_C1 train[0] k=8  dim=576  frames=507  σ=0.0 ===
  SSC-Block-TV: k_hat=8  ACC=0.8955  NMI=0.9384  ARI=0.8509  4.1s
  SSC-Block-TV-Col21: k_hat=8  ACC=0.8955  NMI=0.9384  ARI=0.8509  3.8s
  SSC-Block-TV-L1: k_hat=8  ACC=0.8955  NMI=0.9384  ARI=0.8509  3.5s

=== P1L_S2_C1 train[1] k=8  dim=576  frames=486  σ=0.0 ===
  SSC-Block-TV: k_hat=8  ACC=0.7922  NMI=0.8340  ARI=0.6825  3.9s
  SSC-Block-TV-Col21: k_hat=8  ACC=0.7840  NMI=0.8279  ARI=0.6655  5.1s
  SSC-Block-TV-L1: k_hat=8  ACC=0.7860  NMI=0.8293  ARI=0.6696  4.6s

=== P1L_S2_C2 train[0] k=8  dim=576  frames=453  σ=0.0 ===
  SSC-Block-TV: k_hat=8  ACC=0.9558  NMI=0.9472  ARI=0.8954  4.9s
  SSC-Block-TV-Col21: k_hat=8  ACC=0.9558  NMI=0.9472  ARI=0.8954  4.5s
  SSC-Block-TV-L1: k_hat=8  ACC=0.9581  NMI=0.9486  ARI=0.8997  4.0s

=== P1L_S2_C2 train[1] k=8  dim=576  frames=470  σ=0.0 ===
  SSC-Block-TV: k_hat=8  ACC=0.8872  NMI=0.8956  ARI=0.8021  5.3s
  SSC-Block-TV-Col21: k_hat=8  ACC=0.8830  NMI=0.8939  ARI=0.7963  4.5s
  SSC-Block-TV-L1: k_hat=8  ACC=0.8851  NMI=0.8947  ARI=0.7980  4.0s

=== P1L_S2_C3 train[0] k=8  dim=576  frames=275  σ=0.0 ===
  SSC-Block-TV: k_hat=8  ACC=1.0000  NMI=1.0000  ARI=1.0000  2.2s
  SSC-Block-TV-Col21: k_hat=8  ACC=0.9273  NMI=0.9312  ARI=0.8182  2.0s
  SSC-Block-TV-L1: k_hat=8  ACC=0.9564  NMI=0.9477  ARI=0.8783  1.7s

=== P1L_S2_C3 train[1] k=8  dim=576  frames=302  σ=0.0 ===
  SSC-Block-TV: k_hat=8  ACC=0.8377  NMI=0.9382  ARI=0.8496  2.5s
  SSC-Block-TV-Col21: k_hat=8  ACC=1.0000  NMI=1.0000  ARI=1.0000  2.2s
  SSC-Block-TV-L1: k_hat=8  ACC=1.0000  NMI=1.0000  ARI=1.0000  1.9s

=== P1L_S3_C1 train[0] k=8  dim=576  frames=394  σ=0.0 ===
  SSC-Block-TV: k_hat=8  ACC=0.7132  NMI=0.8465  ARI=0.6548  3.7s
  SSC-Block-TV-Col21: k_hat=8  ACC=0.7107  NMI=0.8431  ARI=0.6497  3.3s
  SSC-Block-TV-L1: k_hat=8  ACC=0.7107  NMI=0.8431  ARI=0.6497  2.9s

=== P1L_S3_C1 train[1] k=8  dim=576  frames=447  σ=0.0 ===
  SSC-Block-TV: k_hat=8  ACC=0.7472  NMI=0.8447  ARI=0.6666  4.5s
  SSC-Block-TV-Col21: k_hat=8  ACC=0.7315  NMI=0.8178  ARI=0.6422  4.2s
  SSC-Block-TV-L1: k_hat=8  ACC=0.6756  NMI=0.7915  ARI=0.5797  2.1s

=== P1L_S3_C2 train[0] k=8  dim=576  frames=427  σ=0.0 ===
  SSC-Block-TV: k_hat=8  ACC=0.8876  NMI=0.9202  ARI=0.8367  4.2s
  SSC-Block-TV-Col21: k_hat=8  ACC=0.8056  NMI=0.8581  ARI=0.6885  2.7s
  SSC-Block-TV-L1: k_hat=8  ACC=0.8056  NMI=0.8581  ARI=0.6885  2.3s

=== P1L_S3_C2 train[1] k=8  dim=576  frames=498  σ=0.0 ===
  SSC-Block-TV: k_hat=8  ACC=0.7430  NMI=0.8477  ARI=0.7052  3.8s
  SSC-Block-TV-Col21: k_hat=8  ACC=0.7068  NMI=0.8059  ARI=0.6322  3.4s
  SSC-Block-TV-L1: k_hat=8  ACC=0.7048  NMI=0.8054  ARI=0.6309  2.1s

=== P1L_S3_C3 train[0] k=8  dim=576  frames=348  σ=0.0 ===
  SSC-Block-TV: k_hat=8  ACC=0.8190  NMI=0.8919  ARI=0.7469  1.2s
  SSC-Block-TV-Col21: k_hat=8  ACC=0.9425  NMI=0.9221  ARI=0.8617  1.1s
  SSC-Block-TV-L1: k_hat=8  ACC=0.8161  NMI=0.8778  ARI=0.7688  1.1s

=== P1L_S3_C3 train[1] k=8  dim=576  frames=354  σ=0.0 ===
  SSC-Block-TV: k_hat=8  ACC=1.0000  NMI=1.0000  ARI=1.0000  1.3s
  SSC-Block-TV-Col21: k_hat=8  ACC=0.9520  NMI=0.9409  ARI=0.9105  1.2s
  SSC-Block-TV-L1: k_hat=8  ACC=0.9972  NMI=0.9935  ARI=0.9938  1.1s

=== P1L_S4_C1 train[0] k=8  dim=576  frames=441  σ=0.0 ===
  SSC-Block-TV: k_hat=8  ACC=0.9977  NMI=0.9944  ARI=0.9946  1.9s
  SSC-Block-TV-Col21: k_hat=8  ACC=0.8322  NMI=0.8922  ARI=0.7672  1.8s
  SSC-Block-TV-L1: k_hat=8  ACC=0.8345  NMI=0.8923  ARI=0.7670  1.7s

=== P1L_S4_C1 train[1] k=8  dim=576  frames=436  σ=0.0 ===
  SSC-Block-TV: k_hat=8  ACC=0.9518  NMI=0.9444  ARI=0.8952  1.8s
  SSC-Block-TV-Col21: k_hat=8  ACC=0.9037  NMI=0.8995  ARI=0.7987  1.7s
  SSC-Block-TV-L1: k_hat=8  ACC=0.9106  NMI=0.9033  ARI=0.8103  1.6s

=== P1L_S4_C2 train[0] k=8  dim=576  frames=410  σ=0.0 ===
  SSC-Block-TV: k_hat=8  ACC=0.9634  NMI=0.9552  ARI=0.9234  1.7s
  SSC-Block-TV-Col21: k_hat=8  ACC=0.9951  NMI=0.9897  ARI=0.9879  1.5s
  SSC-Block-TV-L1: k_hat=8  ACC=0.9585  NMI=0.9494  ARI=0.9133  1.4s

=== P1L_S4_C2 train[1] k=8  dim=576  frames=444  σ=0.0 ===
  SSC-Block-TV: k_hat=8  ACC=0.9617  NMI=0.9488  ARI=0.9285  1.9s
  SSC-Block-TV-Col21: k_hat=8  ACC=0.9617  NMI=0.9488  ARI=0.9285  1.8s
  SSC-Block-TV-L1: k_hat=8  ACC=0.9640  NMI=0.9506  ARI=0.9322  1.6s

=== P1L_S4_C3 train[0] k=8  dim=576  frames=258  σ=0.0 ===
  SSC-Block-TV: k_hat=8  ACC=1.0000  NMI=1.0000  ARI=1.0000  0.7s
  SSC-Block-TV-Col21: k_hat=8  ACC=1.0000  NMI=1.0000  ARI=1.0000  0.7s
  SSC-Block-TV-L1: k_hat=8  ACC=1.0000  NMI=1.0000  ARI=1.0000  0.6s

=== P1L_S4_C3 train[1] k=8  dim=576  frames=299  σ=0.0 ===
  SSC-Block-TV: k_hat=8  ACC=0.6957  NMI=0.8735  ARI=0.7039  1.0s
  SSC-Block-TV-Col21: k_hat=8  ACC=0.7057  NMI=0.8752  ARI=0.7105  0.9s
  SSC-Block-TV-L1: k_hat=8  ACC=0.8662  NMI=0.9395  ARI=0.8554  0.8s

=== P1E_S1_C1 test[0] k=8  dim=576  frames=399  σ=0.0 ===
  SSC-Block-TV: k_hat=8  ACC=0.7343  NMI=0.8434  ARI=0.6818  1.6s
  SSC-Block-TV-Col21: k_hat=8  ACC=0.7393  NMI=0.8479  ARI=0.6848  1.5s
  SSC-Block-TV-L1: k_hat=8  ACC=0.7368  NMI=0.8477  ARI=0.6843  1.4s

=== P1E_S1_C2 test[0] k=8  dim=576  frames=331  σ=0.0 ===
  SSC-Block-TV: k_hat=8  ACC=0.9094  NMI=0.8693  ARI=0.8019  1.2s
  SSC-Block-TV-Col21: k_hat=8  ACC=0.7704  NMI=0.8507  ARI=0.7255  1.1s
  SSC-Block-TV-L1: k_hat=8  ACC=0.9124  NMI=0.8719  ARI=0.8066  1.0s

=== P1E_S1_C3 test[0] k=8  dim=576  frames=154  σ=0.0 ===
  SSC-Block-TV: k_hat=8  ACC=0.8766  NMI=0.8721  ARI=0.7808  0.3s
  SSC-Block-TV-Col21: k_hat=8  ACC=0.8896  NMI=0.8819  ARI=0.7965  0.3s
  SSC-Block-TV-L1: k_hat=8  ACC=0.7922  NMI=0.8360  ARI=0.7193  0.3s

=== P1E_S2_C1 test[0] k=8  dim=576  frames=386  σ=0.0 ===
  SSC-Block-TV: k_hat=8  ACC=0.7435  NMI=0.8577  ARI=0.6838  1.5s
  SSC-Block-TV-Col21: k_hat=8  ACC=0.7617  NMI=0.8450  ARI=0.6820  1.4s
  SSC-Block-TV-L1: k_hat=8  ACC=0.7358  NMI=0.8568  ARI=0.6807  1.3s

=== P1E_S2_C2 test[0] k=8  dim=576  frames=320  σ=0.0 ===
  SSC-Block-TV: k_hat=8  ACC=0.8938  NMI=0.8934  ARI=0.8132  1.0s
  SSC-Block-TV-Col21: k_hat=8  ACC=0.8906  NMI=0.8865  ARI=0.8072  1.0s
  SSC-Block-TV-L1: k_hat=8  ACC=0.9031  NMI=0.9070  ARI=0.8359  0.9s

=== P1E_S2_C3 test[0] k=8  dim=576  frames=246  σ=0.0 ===
  SSC-Block-TV: k_hat=8  ACC=0.9390  NMI=0.9241  ARI=0.8787  0.7s
  SSC-Block-TV-Col21: k_hat=8  ACC=0.9431  NMI=0.9284  ARI=0.8843  0.6s
  SSC-Block-TV-L1: k_hat=8  ACC=0.9390  NMI=0.9193  ARI=0.8736  0.5s

=== P1E_S3_C1 test[0] k=8  dim=576  frames=395  σ=0.0 ===
  SSC-Block-TV: k_hat=8  ACC=0.6785  NMI=0.8099  ARI=0.5940  1.6s
  SSC-Block-TV-Col21: k_hat=8  ACC=0.6532  NMI=0.7911  ARI=0.5426  1.5s
  SSC-Block-TV-L1: k_hat=8  ACC=0.6532  NMI=0.7892  ARI=0.5396  1.3s

=== P1E_S3_C2 test[0] k=8  dim=576  frames=324  σ=0.0 ===
  SSC-Block-TV: k_hat=8  ACC=0.7130  NMI=0.8122  ARI=0.6323  1.1s
  SSC-Block-TV-Col21: k_hat=8  ACC=0.8086  NMI=0.8731  ARI=0.7072  1.0s
  SSC-Block-TV-L1: k_hat=8  ACC=0.8148  NMI=0.8765  ARI=0.7127  0.9s

=== P1E_S3_C3 test[0] k=8  dim=576  frames=265  σ=0.0 ===
  SSC-Block-TV: k_hat=8  ACC=0.8377  NMI=0.9293  ARI=0.8456  0.8s
  SSC-Block-TV-Col21: k_hat=8  ACC=0.9698  NMI=0.9527  ARI=0.9439  0.7s
  SSC-Block-TV-L1: k_hat=8  ACC=0.8340  NMI=0.9291  ARI=0.8448  0.6s

=== P1E_S4_C1 test[0] k=8  dim=576  frames=379  σ=0.0 ===
  SSC-Block-TV: k_hat=8  ACC=0.7704  NMI=0.8526  ARI=0.7244  1.5s
  SSC-Block-TV-Col21: k_hat=8  ACC=0.7546  NMI=0.8486  ARI=0.7163  1.4s
  SSC-Block-TV-L1: k_hat=8  ACC=0.8153  NMI=0.8977  ARI=0.8067  1.2s

=== P1E_S4_C2 test[0] k=8  dim=576  frames=335  σ=0.0 ===
  SSC-Block-TV: k_hat=8  ACC=0.8119  NMI=0.8974  ARI=0.7863  1.2s
  SSC-Block-TV-Col21: k_hat=8  ACC=0.8119  NMI=0.8974  ARI=0.7863  1.1s
  SSC-Block-TV-L1: k_hat=8  ACC=0.8119  NMI=0.8974  ARI=0.7863  1.0s

=== P1E_S4_C3 test[0] k=8  dim=576  frames=233  σ=0.0 ===
  SSC-Block-TV: k_hat=8  ACC=0.8841  NMI=0.9408  ARI=0.8766  0.6s
  SSC-Block-TV-Col21: k_hat=8  ACC=0.8798  NMI=0.9313  ARI=0.8666  0.6s
  SSC-Block-TV-L1: k_hat=8  ACC=0.8841  NMI=0.9334  ARI=0.8722  0.5s

=== P1L_S1_C1 test[0] k=8  dim=576  frames=399  σ=0.0 ===
  SSC-Block-TV: k_hat=8  ACC=0.8195  NMI=0.8820  ARI=0.7767  1.6s
  SSC-Block-TV-Col21: k_hat=8  ACC=0.9048  NMI=0.9231  ARI=0.8763  1.5s
  SSC-Block-TV-L1: k_hat=8  ACC=0.8296  NMI=0.8950  ARI=0.7869  1.4s

=== P1L_S1_C2 test[0] k=8  dim=576  frames=406  σ=0.0 ===
  SSC-Block-TV: k_hat=8  ACC=0.6330  NMI=0.8435  ARI=0.6506  1.6s
  SSC-Block-TV-Col21: k_hat=8  ACC=0.6355  NMI=0.8436  ARI=0.6508  1.5s
  SSC-Block-TV-L1: k_hat=8  ACC=0.6330  NMI=0.8435  ARI=0.6506  1.4s

=== P1L_S1_C3 test[0] k=8  dim=576  frames=179  σ=0.0 ===
  SSC-Block-TV: k_hat=8  ACC=0.7263  NMI=0.8311  ARI=0.6710  0.4s
  SSC-Block-TV-Col21: k_hat=8  ACC=0.8994  NMI=0.9045  ARI=0.8331  0.4s
  SSC-Block-TV-L1: k_hat=8  ACC=0.9162  NMI=0.9184  ARI=0.8654  0.3s

=== P1L_S2_C1 test[0] k=8  dim=576  frames=429  σ=0.0 ===
  SSC-Block-TV: k_hat=8  ACC=0.8788  NMI=0.8826  ARI=0.7751  1.9s
  SSC-Block-TV-Col21: k_hat=8  ACC=0.8695  NMI=0.8773  ARI=0.7576  1.7s
  SSC-Block-TV-L1: k_hat=8  ACC=0.8741  NMI=0.8808  ARI=0.7691  1.6s

=== P1L_S2_C2 test[0] k=8  dim=576  frames=432  σ=0.0 ===
  SSC-Block-TV: k_hat=8  ACC=0.7986  NMI=0.9115  ARI=0.8039  1.8s
  SSC-Block-TV-Col21: k_hat=8  ACC=0.7940  NMI=0.9045  ARI=0.7961  1.6s
  SSC-Block-TV-L1: k_hat=8  ACC=0.7894  NMI=0.8992  ARI=0.7887  1.5s

=== P1L_S2_C3 test[0] k=8  dim=576  frames=288  σ=0.0 ===
  SSC-Block-TV: k_hat=8  ACC=0.9618  NMI=0.9540  ARI=0.9236  0.8s
  SSC-Block-TV-Col21: k_hat=8  ACC=0.8993  NMI=0.8722  ARI=0.7828  0.8s
  SSC-Block-TV-L1: k_hat=8  ACC=0.8090  NMI=0.8816  ARI=0.7389  0.7s

=== P1L_S3_C1 test[0] k=8  dim=576  frames=417  σ=0.0 ===
  SSC-Block-TV: k_hat=8  ACC=0.8465  NMI=0.8889  ARI=0.7504  1.7s
  SSC-Block-TV-Col21: k_hat=8  ACC=0.8633  NMI=0.9185  ARI=0.7790  1.6s
  SSC-Block-TV-L1: k_hat=8  ACC=0.7122  NMI=0.8187  ARI=0.6052  1.5s

=== P1L_S3_C2 test[0] k=8  dim=576  frames=480  σ=0.0 ===
  SSC-Block-TV: k_hat=8  ACC=0.7250  NMI=0.8601  ARI=0.6706  2.2s
  SSC-Block-TV-Col21: k_hat=8  ACC=0.5979  NMI=0.8054  ARI=0.5887  2.1s
  SSC-Block-TV-L1: k_hat=8  ACC=0.6917  NMI=0.8184  ARI=0.6255  2.0s

=== P1L_S3_C3 test[0] k=8  dim=576  frames=349  σ=0.0 ===
  SSC-Block-TV: k_hat=8  ACC=0.9570  NMI=0.9425  ARI=0.9182  1.3s
  SSC-Block-TV-Col21: k_hat=8  ACC=0.9398  NMI=0.9247  ARI=0.8817  1.2s
  SSC-Block-TV-L1: k_hat=8  ACC=0.9513  NMI=0.9328  ARI=0.9041  1.1s

=== P1L_S4_C1 test[0] k=8  dim=576  frames=497  σ=0.0 ===
  SSC-Block-TV: k_hat=8  ACC=0.7948  NMI=0.8769  ARI=0.7608  2.4s
  SSC-Block-TV-Col21: k_hat=8  ACC=0.6982  NMI=0.8256  ARI=0.6260  2.3s
  SSC-Block-TV-L1: k_hat=8  ACC=0.6962  NMI=0.8210  ARI=0.6243  2.1s

=== P1L_S4_C2 test[0] k=8  dim=576  frames=423  σ=0.0 ===
  SSC-Block-TV: k_hat=8  ACC=0.7352  NMI=0.8258  ARI=0.6543  1.8s
  SSC-Block-TV-Col21: k_hat=8  ACC=0.7376  NMI=0.8220  ARI=0.6495  1.7s
  SSC-Block-TV-L1: k_hat=8  ACC=0.6690  NMI=0.8163  ARI=0.6178  1.5s

=== P1L_S4_C3 test[0] k=8  dim=576  frames=284  σ=0.0 ===
  SSC-Block-TV: k_hat=8  ACC=0.8169  NMI=0.9158  ARI=0.8169  0.8s
  SSC-Block-TV-Col21: k_hat=8  ACC=0.7746  NMI=0.8605  ARI=0.7233  0.8s
  SSC-Block-TV-L1: k_hat=8  ACC=0.7887  NMI=0.8804  ARI=0.7656  0.7s

=== mean over matrices ===
  SSC-Block-TV train σ=0.0: ACC=0.8700  NMI=0.9172  ARI=0.8315  n=48
  SSC-Block-TV-Col21 train σ=0.0: ACC=0.8611  NMI=0.9070  ARI=0.8108  n=48
  SSC-Block-TV-L1 train σ=0.0: ACC=0.8597  NMI=0.9051  ARI=0.8074  n=48
  SSC-Block-TV test σ=0.0: ACC=0.8119  NMI=0.8799  ARI=0.7613  n=24
  SSC-Block-TV-Col21 test σ=0.0: ACC=0.8119  NMI=0.8757  ARI=0.7537  n=24
  SSC-Block-TV-L1 test σ=0.0: ACC=0.7997  NMI=0.8737  ARI=0.7460  n=24

wrote /nfs/turbo/umms-minjilab/lpullela/icassp_ssc_tv2/surveillance_dataset/split_k8_clean_min30_trials10_knownk_scaled_k8_variants.csv
wrote /nfs/turbo/umms-minjilab/lpullela/icassp_ssc_tv2/surveillance_dataset/split_k8_clean_min30_trials10_knownk_scaled_params_k8_variants.json
end=Sat Sep  5 00:00:50 EDT 2026
Experiment completed!
